[0;93m2026-05-26 17:12:15.655211249 [W:onnxruntime:Default, device_discovery.cc:283 GetGpuDevices] Failed to detect devices under "/sys/class/drm/card0": device_discovery.cc:93 ReadFileContents Failed to open file: "/sys/class/drm/card0/device/vendor"[m
INFO     17:12:16     [tensor_storage.py:70] Hugepage enabled for branch-and-bound domains.
Configurations:

general:
  device: cuda
  seed: 100
  conv_mode: patches
  deterministic: false
  double_fp: false
  loss_reduction_func: sum
  sparse_alpha: true
  sparse_interm: true
  save_adv_example: true
  verify_onnxruntime_output: false
  eval_adv_example: false
  onnx_adv_example: false
  show_adv_example: false
  precompile_jit: true
  reset_seed_after_precompile: false
  prepare_only: false
  complete_verifier: auto
  enable_incomplete_verification: true
  csv_name: instances.csv
  results_file: /data1/Kane/ACT/audit_results/abcrown25_supplemental_20260526/relusplitter/0002__mnist_fc_vnncomp2022_mnist-net_256x4_RSPLITTER_mnist_fc_vnncomp2022_prop_5_0.05__mnist_fc_vnncomp2022_prop_5_0.05.result
  root_path: ../../vnncomp2025_benchmarks/benchmarks/relusplitter
  deterministic_opt: false
  graph_optimizer: 'Customized("custom_graph_optimizer", "default_optimizer")'
  buffer_has_batchdim: false
  save_output: false
  output_file: out.pkl
  return_optimized_model: false
  store_all_specs_on_cpu: false
  adhoc_tuning: null
model:
  name: null
  path: null
  onnx_path: /data1/Kane/data/vnncomp2025_benchmarks/benchmarks/relusplitter/onnx/mnist_fc_vnncomp2022_mnist-net_256x4_RSPLITTER_mnist_fc_vnncomp2022_prop_5_0.05.onnx
  onnx_path_prefix: ''
  cache_onnx_conversion: false
  debug_onnx: false
  onnx_quirks: '''Reshape'': ''fix_batch_size'': True'
  input_shape: null
  onnx_loader: default_onnx_and_vnnlib_loader
  onnx_optimization_flags: []
  onnx_vnnlib_joint_optimization_flags: none
  check_optimized: false
  flatten_final_output: false
  optimize_graph: null
  with_jacobian: false
data:
  start: 0
  end: 10000
  select_instance: null
  num_outputs: 10
  mean: 0.0
  std: 1.0
  pkl_path: null
  dataset: null
  data_filter_path: null
  data_idx_file: null
specification:
  type: lp
  robustness_type: verified-acc
  norm: .inf
  epsilon: null
  epsilon_min: 0.0
  vnnlib_path: /data1/Kane/data/vnncomp2025_benchmarks/benchmarks/relusplitter/vnnlib/mnist_fc_vnncomp2022_prop_5_0.05.vnnlib
  vnnlib_path_prefix: ''
  shrink_eps: null
  rhs_offset: null
solver:
  batch_size: 4
  auto_enlarge_batch_size: true
  batched_crown_auto_enlarge_max_vram_ratio: 0.9
  min_batch_size_ratio: 1
  use_float64_in_last_iteration: false
  early_stop_patience: 10
  start_save_best: -1
  bound_prop_method: alpha-crown
  init_bound_prop_method: same
  prune_after_crown: true
  optimize_disjuncts_separately: false
  build_batch_size: 1000000
  skip_with_refined_bound: true
  forward_before_compute_bounds: false
  crown:
    batch_size: 1000000000
    max_crown_size: 1000000000
    activation_bound_option: adaptive
    compare_crown_with_ibp: false
  alpha-crown:
    alpha: true
    lr_alpha: 0.1
    iteration: 100
    share_alphas: false
    lr_decay: 0.98
    full_conv_alpha: true
    max_coeff_mul: .inf
    matmul_share_alphas: false
    disable_optimization: []
    max_time: 1.0
    alpha_dtype: float16
  invprop:
    apply_output_constraints_to: []
    tighten_input_bounds: false
    best_of_oc_and_no_oc: false
    directly_optimize: []
    oc_lr: 0.1
    share_gammas: false
  beta-crown:
    lr_alpha: 0.01
    lr_beta: 0.01
    lr_decay: 0.98
    optimizer: adam
    iteration: 50
    beta: true
    beta_warmup: true
    enable_opt_interm_bounds: false
    all_node_split_LP: false
  forward:
    refine: false
    max_dim: 10000
    reset_threshold: 1.0
  intermediate_refinement:
    enabled: false
    batch_size: 10
    opt_coeffs: false
    opt_bias: false
    lr: 0.05
    layers: [-1]
    max_domains: 1000
  mip:
    unstable_neuron_threshold: 0
    parallel_solvers: null
    solver_threads: 1
    refine_neuron_timeout: 15
    refine_neuron_time_percentage: 0.8
    early_stop: true
    adv_warmup: true
    mip_solver: gurobi
    skip_unsafe: false
    topk_filter: 1.0
    sliding_window: -1
    extra_constraint: false
    refine_neuron_timeout_increasement: 0
    timeout_neuron_percentage: 0.3
    remaining_timeout_threshold: 1
    remove_unstable_neurons: false
    lp_solver: false
bab:
  max_domains: .inf
  decision_thresh: 0
  timeout: 90.0
  timeout_scale: 1
  max_iterations: -1
  override_timeout: null
  get_upper_bound: false
  pruning_in_iteration: true
  pruning_in_iteration_ratio: 0.2
  sort_targets: false
  batched_domain_list: true
  optimized_interm: ''
  interm_transfer: true
  recompute_interm: false
  sort_domain_interval: -1
  vanilla_crown: false
  tree_traversal: depth_first
  hugetensor_allocator: true
  cut:
    enabled: false
    cuts_path: null
    implication: false
    bab_cut: true
    lp_cut: false
    method: null
    lr: 0.01
    lr_decay: 1.0
    iteration: 100
    bab_iteration: -1
    early_stop_patience: -1
    lr_beta: 0.01
    number_cuts: 50
    topk_cuts_in_filter: 1000
    batch_size_primal: 100
    max_num: 1000000000
    patches_cut: false
    cplex_cuts: true
    cplex_cuts_wait: 0
    cplex_cuts_revpickup: true
    cut_reference_bounds: true
    fix_intermediate_bounds: false
    _tmp_cuts: null
    fixed_cuts: false
    add_implied_cuts: false
    add_input_cuts: false
    biccos:
      enabled: false
      constraint_strengthening: true
      recursively_strengthening: false
      drop_ratio: 0.5
      verified_bonus: 0.3
      max_infer_iter: 20
      max_domain: 10000.0
      heuristic: neuron_influence_score
      save_biccos_cuts: false
      multi_tree_branching:
        enabled: false
        restore_best_tree: false
        keep_n_best_domains: 1
        k_splits: 1
        iterations: 1
  clip_n_verify:
    rearrange_constraints: false
    alpha_crown: false
    prune: false
    final_layer: false
    clip_input_domain:
      enabled: true
      clip_type: relaxed
      heuristic_K: 0.0
      clip_iterations: 1
      clip_calculate_volume_metrics: false
    clip_interm_domain:
      enabled: true
      with_input: false
      clip_in_alpha_crown: false
      topk_objective: 20
  branching:
    method: kfsb
    candidates: 10
    reduceop: max
    enable_intermediate_bound_opt: false
    branching_input_and_activation: false
    branching_input_and_activation_order: [input, relu]
    branching_input_iterations: 30
    branching_relu_iterations: 50
    nonlinear_split:
      method: bbps
      disable: false
      branching_point_method: uniform
      num_branches: 2
      filter: false
      filter_beta: false
      filter_clamp: false
      filter_batch_size: 10000
      filter_iterations: 25
      relu_only: false
      loose_tanh_threshold: null
      branching_point:
        db_path: branching_points.pt
        num_iterations: 1000
        batch_size: 1000000
        range_l: -5.0
        range_u: 5.0
        log_interval: 100
        step_size_1d: 0.01
        step_size: 0.2
    input_split:
      split_hint: null
      enable: false
      reorder_bab: true
      input_dim_threshold: 20
      adv_check: 0
      split_partitions: 2
      sb_margin_weight: 1.0
      sb_sum: false
      sb_primary_spec: null
      bf_backup_thresh: -1
      bf_rhs_offset: 0
      bf_iters: 1000000000.0
      bf_batch_size: 100000
      bf_zero_crossing_score: false
      touch_zero_score: 0
      ibp_enhancement: false
      compare_with_old_bounds: true
      update_rhs_with_attack: false
      sb_coeff_thresh: 2.0
      sort_index: null
      sort_descending: true
      show_progress: false
      presplit_domains: null
      skip_getting_worst_domain: false
  attack:
    enabled: false
    beam_candidates: 8
    beam_depth: 7
    max_dive_fix_ratio: 0.8
    min_local_free_ratio: 0.2
    mip_start_iteration: 5
    mip_timeout: 30.0
    adv_pool_threshold: null
    refined_mip_attacker: false
    refined_batch_size: null
attack:
  general_attack: true
  pgd_order: skip
  pgd_steps: 100
  pgd_restarts: 30
  pgd_batch_size: 100000000
  pgd_early_stop: true
  pgd_lr_decay: 0.99
  pgd_alpha: auto
  pgd_alpha_scale: false
  pgd_loss_mode: null
  pgd_restart_when_stuck: false
  enable_mip_attack: false
  adv_saver: default_adv_saver
  adv_verifier: default_adv_verifier
  early_stop_condition: default_early_stop_condition
  adv_example_finalizer: default_adv_example_finalizer
  pgd_loss: default_pgd_loss
  cex_path: ./test_cex.txt
  attack_mode: diversed_PGD
  attack_tolerance: 0.0
  attack_func: attack_with_general_specs
  gama_lambda: 10.0
  gama_decay: 0.9
  input_split:
    pgd_steps: 100
    pgd_restarts: 30
    pgd_alpha: auto
  input_split_check_adv:
    enabled: auto
    pgd_steps: 5
    pgd_restarts: 5
    pgd_alpha: auto
    max_num_domains: 10
debug:
  view_model: false
  lp_test: null
  rescale_vnnlib_ptb: null
  test_optimized_bounds: false
  test_optimized_bounds_after_n_iterations: 0
  print_verbose_decisions: false
  sanity_check: null
  save_minimal_config: null
  save_minimal_config_omit_keys: []
/data1/Kane/miniconda3/envs/abcrown25/lib/python3.11/site-packages/onnx2pytorch/convert/layer.py:29: UserWarning: The given NumPy array is not writable, and PyTorch does not support non-writable tensors. This means writing to this tensor will result in undefined behavior. You may want to copy the array to protect its data or make it writable before converting it to a tensor. This type of warning will be suppressed for the rest of this program. (Triggered internally at /pytorch/torch/csrc/utils/tensor_numpy.cpp:206.)
  layer.weight.data = torch.from_numpy(numpy_helper.to_array(weight))
/data1/Kane/miniconda3/envs/abcrown25/lib/python3.11/site-packages/onnx2pytorch/convert/model.py:151: UserWarning: Using experimental implementation that allows 'batch_size > 1'.Batchnorm layers could potentially produce false outputs.
  warnings.warn(
/data1/Kane/alpha-beta-CROWN_vnncomp2025/complete_verifier/auto_LiRPA/optimize_graph.py:192: UserWarning: Converting a tensor with requires_grad=True to a scalar may lead to unexpected behavior.
Consider using tensor.detach() first. (Triggered internally at /pytorch/torch/csrc/autograd/generated/python_variable_methods.cpp:836.)
  and abs(float(bs[j] + bs[j+1])) < atol):

Experiments at Tue May 26 17:12:16 2026 on dell-pro-max-tower-t2
Pre-compile jit kernels on a toy network...
JIT kernels compiled in 1.4126s.
Internal results will be saved to /data1/Kane/ACT/audit_results/abcrown25_supplemental_20260526/relusplitter/0002__mnist_fc_vnncomp2022_mnist-net_256x4_RSPLITTER_mnist_fc_vnncomp2022_prop_5_0.05__mnist_fc_vnncomp2022_prop_5_0.05.result.

 %%%%%%%%%%%%%%%%%%%%%%%%%%%%%%%%%%% idx: 0, vnnlib ID: 0 %%%%%%%%%%%%%%%%%%%%%%%%%%%%%%%%%%%
Using onnx /data1/Kane/data/vnncomp2025_benchmarks/benchmarks/relusplitter/onnx/mnist_fc_vnncomp2022_mnist-net_256x4_RSPLITTER_mnist_fc_vnncomp2022_prop_5_0.05.onnx
Using vnnlib /data1/Kane/data/vnncomp2025_benchmarks/benchmarks/relusplitter/vnnlib/mnist_fc_vnncomp2022_prop_5_0.05.vnnlib
Precompiled vnnlib file found at /data1/Kane/data/vnncomp2025_benchmarks/benchmarks/relusplitter/vnnlib/mnist_fc_vnncomp2022_prop_5_0.05.vnnlib.compiled
Loading onnx /data1/Kane/data/vnncomp2025_benchmarks/benchmarks/relusplitter/onnx/mnist_fc_vnncomp2022_mnist-net_256x4_RSPLITTER_mnist_fc_vnncomp2022_prop_5_0.05.onnx with quirks {'Reshape': {'fix_batch_size': True}}
Finished onnx model loading in 0.0132 seconds
Finished vnnlib processing in 0.041549 seconds
Disabling Clip-and-Verify because it does not support bab-refine!
Using temporary cuts path: <TemporaryDirectory '/tmp/abcrown_cuts_9msq9t7o'>
Model: BoundedModule(
  (/0): BoundInput(name=/0, inputs=[], perturbed=True)
  (/13): BoundParams(name=/13, inputs=[], perturbed=False)
  (/14): BoundParams(name=/14, inputs=[], perturbed=False)
  (/15): BoundParams(name=/15, inputs=[], perturbed=False)
  (/16): BoundParams(name=/16, inputs=[], perturbed=False)
  (/17): BoundParams(name=/17, inputs=[], perturbed=False)
  (/18): BoundParams(name=/18, inputs=[], perturbed=False)
  (/19): BoundParams(name=/19, inputs=[], perturbed=False)
  (/20): BoundParams(name=/20, inputs=[], perturbed=False)
  (/21): BoundParams(name=/21, inputs=[], perturbed=False)
  (/22): BoundParams(name=/22, inputs=[], perturbed=False)
  (/23): BoundParams(name=/23, inputs=[], perturbed=False)
  (/24): BoundParams(name=/24, inputs=[], perturbed=False)
  (/25): BoundFlatten(name=/25, inputs=[/0], perturbed=True)
  (/input-7): BoundLinear(name=/input-7, inputs=[/input/optimized/relu, /17, /18], perturbed=True)
  (/31): BoundRelu(name=/31, inputs=[/input-7], perturbed=True)
  (/input-11): BoundLinear(name=/input-11, inputs=[/31, /19, /20], perturbed=True)
  (/33): BoundRelu(name=/33, inputs=[/input-11], perturbed=True)
  (/input-15): BoundLinear(name=/input-15, inputs=[/33, /21, /22], perturbed=True)
  (/35): BoundRelu(name=/35, inputs=[/input-15], perturbed=True)
  (/36): BoundLinear(name=/36, inputs=[/35, /23, /24], perturbed=True)
  (/input/optimized/weight): BoundParams(name=/input/optimized/weight, inputs=[], perturbed=False)
  (/input/optimized/bias): BoundParams(name=/input/optimized/bias, inputs=[], perturbed=False)
  (/input/optimized): BoundLinear(name=/input/optimized, inputs=[/25, /input/optimized/weight, /input/optimized/bias], perturbed=True)
  (/input/optimized/relu): BoundRelu(name=/input/optimized/relu, inputs=[/input/optimized], perturbed=True)
)
Original output in the first batch: tensor([[-8.31492245e-03, -5.30399382e-03,  4.04430181e-03,  1.00938320e+00,
         -2.34780461e-03, -2.40553170e-03, -2.68242508e-03,  9.59515572e-04,
          6.53600693e-03, -7.16201961e-03]], device='cuda:0')
Split layers:
Nonlinear functions:
   BoundRelu(name=/31, inputs=[/input-7], perturbed=True)
   BoundRelu(name=/33, inputs=[/input-11], perturbed=True)
   BoundRelu(name=/35, inputs=[/input-15], perturbed=True)
   BoundRelu(name=/input/optimized/relu, inputs=[/input/optimized], perturbed=True)
build batch [1/1]
layer /31 using sparse-features alpha with shape [87]; unstable size 87; total size 256 ([1, 256])
layer /31 start_node /input-11 using sparse-spec alpha [2, 38, 1, 87] with unstable size 37 total_size 256 output_shape torch.Size([256])
layer /31 start_node /input-15 using full alpha [2, 256, 1, 87] with unstable size 254 total_size 256 output_shape torch.Size([256])
layer /31 start_node /36 using full alpha [2, 9, 1, 87] with unstable size None total_size 9 output_shape 9
layer /33 using sparse-features alpha with shape [37]; unstable size 37; total size 256 ([1, 256])
layer /33 start_node /input-15 using full alpha [2, 256, 1, 37] with unstable size 254 total_size 256 output_shape torch.Size([256])
layer /33 start_node /36 using full alpha [2, 9, 1, 37] with unstable size None total_size 9 output_shape 9
layer /35 using full alpha with shape torch.Size([256]); unstable size 254; total size 256 ([1, 256])
layer /35 start_node /36 using full alpha [2, 9, 1, 256] with unstable size None total_size 9 output_shape 9
layer /input/optimized/relu using sparse-features alpha with shape [54]; unstable size 54; total size 256 ([1, 256])
layer /input/optimized/relu start_node /input-7 using sparse-spec alpha [2, 88, 1, 54] with unstable size 87 total_size 256 output_shape torch.Size([256])
layer /input/optimized/relu start_node /input-11 using sparse-spec alpha [2, 38, 1, 54] with unstable size 37 total_size 256 output_shape torch.Size([256])
layer /input/optimized/relu start_node /input-15 using full alpha [2, 256, 1, 54] with unstable size 254 total_size 256 output_shape torch.Size([256])
layer /input/optimized/relu start_node /36 using full alpha [2, 9, 1, 54] with unstable size None total_size 9 output_shape 9
Optimizable variables initialized.
initial CROWN bounds (first 10 items): [-23.932907104492188, -25.644107818603516, -22.769119262695312, -24.725547790527344, -23.4512882232666, -25.9007568359375, -24.249412536621094, -22.671571731567383, -26.375520706176758]
prune_after_crown optimization in use
  original spec size = torch.Size([1, 9])
  pruned spec size = torch.Size([1, 9])
Using alpha-CROWN to initialize bounds.
best_l after optimization: -26.77313995361328
alpha/beta optimization time: 2.9901516437530518
initial alpha-crown bounds (first 10 items): [-2.7287185192108154, -2.8292407989501953, -3.0809855461120605, -2.71883225440979, -2.9519405364990234, -2.8328135013580322, -2.8150601387023926, -3.5400917530059814, -3.2754571437835693]
Global lower bound: -3.5400917530059814
torch.Size([1, 9])
0 / 9 OR specs are verified.
Verified OR indices (first 10 items): []
Verified OR lbs (first 10 items): []
Unverified OR indices (first 10 items): [0, 1, 2, 3, 4, 5, 6, 7, 8]
Unverified OR lbs (first 10 items): [[-2.7287185192108154], [-2.8292407989501953], [-3.0809855461120605], [-2.71883225440979], [-2.9519405364990234], [-2.8328135013580322], [-2.8150601387023926], [-3.5400917530059814], [-3.2754571437835693]]
Start solving intermediate bounds with MIP...
layer /31 using sparse-features alpha with shape [87]; unstable size 87; total size 256 ([1, 256])
layer /31 start_node /input-11 using sparse-spec alpha [2, 38, 1, 87] with unstable size 37 total_size 256 output_shape torch.Size([256])
layer /31 start_node /input-15 using full alpha [2, 256, 1, 87] with unstable size 254 total_size 256 output_shape torch.Size([256])
layer /31 start_node /36 using full alpha [2, 9, 1, 87] with unstable size None total_size 9 output_shape 9
layer /33 using sparse-features alpha with shape [37]; unstable size 37; total size 256 ([1, 256])
layer /33 start_node /input-15 using full alpha [2, 256, 1, 37] with unstable size 254 total_size 256 output_shape torch.Size([256])
layer /33 start_node /36 using full alpha [2, 9, 1, 37] with unstable size None total_size 9 output_shape 9
layer /35 using full alpha with shape torch.Size([256]); unstable size 254; total size 256 ([1, 256])
layer /35 start_node /36 using full alpha [2, 9, 1, 256] with unstable size None total_size 9 output_shape 9
layer /input/optimized/relu using sparse-features alpha with shape [54]; unstable size 54; total size 256 ([1, 256])
layer /input/optimized/relu start_node /input-7 using sparse-spec alpha [2, 88, 1, 54] with unstable size 87 total_size 256 output_shape torch.Size([256])
layer /input/optimized/relu start_node /input-11 using sparse-spec alpha [2, 38, 1, 54] with unstable size 37 total_size 256 output_shape torch.Size([256])
layer /input/optimized/relu start_node /input-15 using full alpha [2, 256, 1, 54] with unstable size 254 total_size 256 output_shape torch.Size([256])
layer /input/optimized/relu start_node /36 using full alpha [2, 9, 1, 54] with unstable size None total_size 9 output_shape 9
Optimizable variables initialized.
Set parameter WLSAccessID
INFO     17:12:21     [solver_module.py:119] Set parameter WLSAccessID
Set parameter WLSSecret
INFO     17:12:21     [solver_module.py:119] Set parameter WLSSecret
Set parameter LicenseID to value 2542227
INFO     17:12:21     [solver_module.py:119] Set parameter LicenseID to value 2542227
Academic license 2542227 - for non-commercial use only - registered to ka___@unsw.edu.au
INFO     17:12:21     [solver_module.py:119] Academic license 2542227 - for non-commercial use only - registered to ka___@unsw.edu.au
preset mip_multi_proc as default setting: 20
mip_multi_proc: 20, mip_threads: 1,total threads used: 20, mip_perneuron_refine_timeout: 15
[total time budget for MIP: 72.0]

refine the bounds for layer  /input/optimized/relu
maximum relu layer improved by MIP so far 0
refine the bounds for layer  /31
current relu layer: /31, idx: 1
timeout for this layer is 15
Removed 0 unstable neurons in MIP based on the coefficient matrix.
PGD done for relu layer 1
Solving MIP for lay/input-7_37,[-15.56501293182373,1.7839393615722656]=>[-15.56501293182373,-1e-05] (-1,-1; 15,-1), time: 0.2169s, #vars: 1407, #constrs: 674, improved: True
Solving MIP for lay/input-7_70,[-14.274515151977539,0.2411201000213623]=>[-14.274515151977539,-1e-05] (-1,-1; 15,-1), time: 0.2513s, #vars: 1407, #constrs: 674, improved: True
Solving MIP for lay/input-7_2,[-12.940277099609375,0.9042448997497559]=>[-12.940277099609375,-1e-05] (-1,-1; 15,-1), time: 0.3768s, #vars: 1407, #constrs: 674, improved: True
Solving MIP for lay/input-7_212,[-11.798402786254883,1.7294578552246094]=>[-11.798402786254883,-1e-05] (-1,-1; 15,-1), time: 0.2265s, #vars: 1407, #constrs: 674, improved: True
Solving MIP for lay/input-7_141,[-1.1942119598388672,13.287373542785645]=>[1e-05,13.287373542785645] (15,-1; -1,-1), time: 0.2613s, #vars: 1407, #constrs: 674, improved: True
Solving MIP for lay/input-7_208,[-2.8270211219787598,10.635763168334961]=>[1e-05,10.635763168334961] (15,-1; -1,-1), time: 0.7524s, #vars: 1407, #constrs: 674, improved: True
Solving MIP for lay/input-7_246,[-10.331207275390625,2.2250211238861084]=>[-10.331207275390625,-1e-05] (-1,-1; 15,-1), time: 1.0290s, #vars: 1407, #constrs: 674, improved: True
Solving MIP for lay/input-7_214,[-9.99131965637207,2.4673683643341064]=>[-9.99131965637207,-1e-05] (-1,-1; 15,-1), time: 1.3228s, #vars: 1407, #constrs: 674, improved: True
Solving MIP for lay/input-7_254,[-2.645339012145996,11.225975036621094]=>[1e-05,11.225975036621094] (15,-1; -1,-1), time: 1.5385s, #vars: 1407, #constrs: 674, improved: True
Solving MIP for lay/input-7_83,[-1.344247817993164,14.84028434753418]=>[1e-05,14.84028434753418] (15,-1; -1,-1), time: 0.2433s, #vars: 1407, #constrs: 674, improved: True
Solving MIP for lay/input-7_5,[-11.399123191833496,3.562246322631836]=>[-8.939831628958903,0.5816459545581181] (2,-1; 2,-1), time: 1.6038s, #vars: 1407, #constrs: 674, improved: True
Solving MIP for lay/input-7_162,[-2.517716884613037,13.07304573059082]=>[1e-05,13.07304573059082] (15,-1; -1,-1), time: 0.8486s, #vars: 1407, #constrs: 674, improved: True
Solving MIP for lay/input-7_62,[-15.150033950805664,0.5229530334472656]=>[-15.150033950805664,-1e-05] (-1,-1; 15,-1), time: 0.1925s, #vars: 1407, #constrs: 674, improved: True
Solving MIP for lay/input-7_25,[-12.869941711425781,1.2874040603637695]=>[-12.869941711425781,-1e-05] (-1,-1; 15,-1), time: 0.1927s, #vars: 1407, #constrs: 674, improved: True
Solving MIP for lay/input-7_3,[-10.242530822753906,4.147286415100098]=>[-7.768278450819305,0.16528978461134766] (2,-1; 2,-1), time: 1.8156s, #vars: 1407, #constrs: 674, improved: True
Solving MIP for lay/input-7_21,[-14.234657287597656,1.4955966472625732]=>[-14.234657287597656,-1e-05] (-1,-1; 15,-1), time: 0.5463s, #vars: 1407, #constrs: 674, improved: True
Solving MIP for lay/input-7_233,[-8.498130798339844,5.034727096557617]=>[-6.247331300917341,1.899951555811631] (2,-1; 2,-1), time: 1.7369s, #vars: 1407, #constrs: 674, improved: True
Solving MIP for lay/input-7_205,[-8.453310012817383,3.842355251312256]=>[-4.839440716406743,2.1793110383662357] (2,-1; 2,-1), time: 2.2761s, #vars: 1407, #constrs: 674, improved: True
Solving MIP for lay/input-7_76,[-3.2137982845306396,7.4402971267700195]=>[-0.3370136115668228,5.710359292186808] (2,-1; 2,-1), time: 2.2943s, #vars: 1407, #constrs: 674, improved: True
Solving MIP for lay/input-7_240,[-11.275297164916992,4.750898361206055]=>[-6.902041768578447,2.0017025907113] (2,-1; 2,-1), time: 1.9214s, #vars: 1407, #constrs: 674, improved: True
Solving MIP for lay/input-7_157,[-14.408729553222656,0.2711753845214844]=>[-14.408729553222656,-1e-05] (-1,-1; 15,-1), time: 0.2000s, #vars: 1407, #constrs: 674, improved: True
Solving MIP for lay/input-7_134,[-8.157411575317383,4.433012008666992]=>[-5.12743526156159,1.730833364525665] (2,-1; 2,-1), time: 2.6742s, #vars: 1407, #constrs: 674, improved: True
Solving MIP for lay/input-7_47,[-3.963313579559326,6.5338945388793945]=>[-1.3498616915936277,4.657943305437968] (2,-1; 2,-1), time: 2.7366s, #vars: 1407, #constrs: 674, improved: True
Solving MIP for lay/input-7_49,[-15.187886238098145,0.7295670509338379]=>[-15.187886238098145,-1e-05] (-1,-1; 15,-1), time: 0.2888s, #vars: 1407, #constrs: 674, improved: True
Solving MIP for lay/input-7_80,[-11.845256805419922,0.999579906463623]=>[-11.845256805419922,-1e-05] (-1,-1; 15,-1), time: 0.2509s, #vars: 1407, #constrs: 674, improved: True
Solving MIP for lay/input-7_103,[-6.47521448135376,8.076987266540527]=>[-3.1739021965452974,5.563962339450349] (2,-1; 2,-1), time: 2.5780s, #vars: 1407, #constrs: 674, improved: True
Solving MIP for lay/input-7_234,[-7.900426864624023,3.302119731903076]=>[-5.290713144096556,0.3716564218048112] (2,-1; 2,-1), time: 3.0352s, #vars: 1407, #constrs: 674, improved: True
Solving MIP for lay/input-7_136,[-11.786386489868164,1.407606840133667]=>[-11.786386489868164,-1e-05] (-1,-1; 15,-1), time: 0.4330s, #vars: 1407, #constrs: 674, improved: True
Solving MIP for lay/input-7_156,[-9.941944122314453,2.105022430419922]=>[-5.752167464929913,1.0674194073641246] (2,-1; 2,-1), time: 3.2650s, #vars: 1407, #constrs: 674, improved: True
Solving MIP for lay/input-7_220,[-0.6401777267456055,10.545544624328613]=>[1e-05,10.545544624328613] (15,-1; -1,-1), time: 0.2408s, #vars: 1407, #constrs: 674, improved: True
Solving MIP for lay/input-7_219,[-15.276578903198242,0.8254594802856445]=>[-15.276578903198242,-1e-05] (-1,-1; 15,-1), time: 0.2075s, #vars: 1407, #constrs: 674, improved: True
Solving MIP for lay/input-7_44,[-11.397445678710938,3.7071752548217773]=>[-8.599864591605082,0.489697934295676] (2,-1; 2,-1), time: 3.6541s, #vars: 1407, #constrs: 674, improved: True
Solving MIP for lay/input-7_166,[-10.883907318115234,0.22284197807312012]=>[-10.883907318115234,-1e-05] (-1,-1; 15,-1), time: 0.1949s, #vars: 1407, #constrs: 674, improved: True
Solving MIP for lay/input-7_42,[-12.277868270874023,2.472118854522705]=>[-12.277868270874023,-1e-05] (-1,-1; 15,-1), time: 1.4712s, #vars: 1407, #constrs: 674, improved: True
Solving MIP for lay/input-7_74,[-12.050533294677734,0.9600999355316162]=>[-12.050533294677734,-1e-05] (-1,-1; 15,-1), time: 0.2294s, #vars: 1407, #constrs: 674, improved: True
Solving MIP for lay/input-7_143,[-12.906976699829102,0.2907555103302002]=>[-12.906976699829102,-1e-05] (-1,-1; 15,-1), time: 0.1931s, #vars: 1407, #constrs: 674, improved: True
Solving MIP for lay/input-7_186,[-7.159395694732666,5.4186248779296875]=>[-3.7062868907476556,3.358501254232628] (2,-1; 2,-1), time: 3.9863s, #vars: 1407, #constrs: 674, improved: True
Solving MIP for lay/input-7_132,[-5.758689880371094,5.739806652069092]=>[-3.5495903090261884,2.6110268750326764] (2,-1; 2,-1), time: 4.0364s, #vars: 1407, #constrs: 674, improved: True
Solving MIP for lay/input-7_110,[-10.227428436279297,6.580368995666504]=>[-7.9484496932962205,2.1455962482136544] (2,-1; 2,-1), time: 3.1205s, #vars: 1407, #constrs: 674, improved: True
Solving MIP for lay/input-7_163,[-0.2759709358215332,14.73009967803955]=>[1e-05,14.73009967803955] (15,-1; -1,-1), time: 0.3725s, #vars: 1407, #constrs: 674, improved: True
Solving MIP for lay/input-7_7,[-8.771132469177246,3.838463068008423]=>[-5.367767284221086,2.4446362060346214] (2,-1; 2,-1), time: 1.9404s, #vars: 1407, #constrs: 674, improved: True
Solving MIP for lay/input-7_190,[-10.017082214355469,1.2657063007354736]=>[-10.017082214355469,-1e-05] (-1,-1; 15,-1), time: 0.6552s, #vars: 1407, #constrs: 674, improved: True
Solving MIP for lay/input-7_241,[-8.470199584960938,4.128702640533447]=>[-5.13150430060297,2.133573182296467] (2,-1; 2,-1), time: 2.1539s, #vars: 1407, #constrs: 674, improved: True
Solving MIP for lay/input-7_14,[-7.541664123535156,1.008742094039917]=>[-7.541664123535156,-1e-05] (-1,-1; 15,-1), time: 0.5325s, #vars: 1407, #constrs: 674, improved: True
Solving MIP for lay/input-7_191,[-6.011170387268066,3.683344841003418]=>[-3.6007718738091623,1.5392289918244602] (2,-1; 2,-1), time: 2.9195s, #vars: 1407, #constrs: 674, improved: True
Solving MIP for lay/input-7_43,[-11.102601051330566,1.6078555583953857]=>[-11.102601051330566,-1e-05] (-1,-1; 15,-1), time: 0.2961s, #vars: 1407, #constrs: 674, improved: True
Solving MIP for lay/input-7_148,[-15.876279830932617,1.2156763076782227]=>[-15.876279830932617,-1e-05] (-1,-1; 15,-1), time: 0.2353s, #vars: 1407, #constrs: 674, improved: True
Solving MIP for lay/input-7_6,[-10.756501197814941,4.239585876464844]=>[-6.632701736198166,1.4510865902432417] (2,-1; 2,-1), time: 3.0382s, #vars: 1407, #constrs: 674, improved: True
Solving MIP for lay/input-7_71,[-10.805191993713379,1.9363963603973389]=>[-10.805191993713379,-1e-05] (-1,-1; 15,-1), time: 0.6071s, #vars: 1407, #constrs: 674, improved: True
Solving MIP for lay/input-7_72,[-10.201329231262207,1.454923391342163]=>[-10.201329231262207,-1e-05] (-1,-1; 15,-1), time: 0.8809s, #vars: 1407, #constrs: 674, improved: True
Solving MIP for lay/input-7_63,[-13.076467514038086,0.38406896591186523]=>[-13.076467514038086,-1e-05] (-1,-1; 15,-1), time: 0.2287s, #vars: 1407, #constrs: 674, improved: True
Solving MIP for lay/input-7_248,[-0.1678626537322998,11.9054536819458]=>[1e-05,11.9054536819458] (15,-1; -1,-1), time: 0.3429s, #vars: 1407, #constrs: 674, improved: True
Solving MIP for lay/input-7_95,[-11.946670532226562,2.2364964485168457]=>[-7.637463698405643,0.20081476491946962] (2,-1; 2,-1), time: 2.9966s, #vars: 1407, #constrs: 674, improved: True
Solving MIP for lay/input-7_216,[-8.7652587890625,0.7522872686386108]=>[-8.7652587890625,-1e-05] (-1,-1; 15,-1), time: 0.2975s, #vars: 1407, #constrs: 674, improved: True
Solving MIP for lay/input-7_73,[-16.41142463684082,0.3189992904663086]=>[-16.41142463684082,-1e-05] (-1,-1; 15,-1), time: 0.3843s, #vars: 1407, #constrs: 674, improved: True
Solving MIP for lay/input-7_237,[-9.435624122619629,0.17187273502349854]=>[-9.435624122619629,-1e-05] (-1,-1; 15,-1), time: 0.4353s, #vars: 1407, #constrs: 674, improved: True
Solving MIP for lay/input-7_123,[-5.534265995025635,5.106252193450928]=>[-2.3592931264590784,3.6697068262190284] (2,-1; 2,-1), time: 2.3627s, #vars: 1407, #constrs: 674, improved: True
Solving MIP for lay/input-7_59,[-14.862883567810059,0.3683924674987793]=>[-14.862883567810059,-1e-05] (-1,-1; 15,-1), time: 0.2323s, #vars: 1407, #constrs: 674, improved: True
Solving MIP for lay/input-7_29,[-17.75374412536621,0.12160038948059082]=>[-17.75374412536621,-1e-05] (-1,-1; 15,-1), time: 0.3797s, #vars: 1407, #constrs: 674, improved: True
Solving MIP for lay/input-7_128,[-10.639129638671875,3.813422441482544]=>[-7.00162394757149,1.7750214412988394] (2,-1; 2,-1), time: 2.6858s, #vars: 1407, #constrs: 674, improved: True
Solving MIP for lay/input-7_252,[-2.876359701156616,9.290197372436523]=>[1e-05,9.290197372436523] (15,-1; -1,-1), time: 0.9991s, #vars: 1407, #constrs: 674, improved: True
Solving MIP for lay/input-7_101,[-15.098541259765625,0.29399538040161133]=>[-15.098541259765625,-1e-05] (-1,-1; 15,-1), time: 0.2115s, #vars: 1407, #constrs: 674, improved: True
Solving MIP for lay/input-7_139,[-11.48904800415039,1.348111867904663]=>[-11.48904800415039,-1e-05] (-1,-1; 15,-1), time: 0.1937s, #vars: 1407, #constrs: 674, improved: True
Solving MIP for lay/input-7_131,[-12.57468032836914,0.6339173316955566]=>[-12.57468032836914,-1e-05] (-1,-1; 15,-1), time: 0.2909s, #vars: 1407, #constrs: 674, improved: True
Solving MIP for lay/input-7_165,[-14.89663314819336,0.9565703868865967]=>[-14.89663314819336,-1e-05] (-1,-1; 15,-1), time: 0.3947s, #vars: 1407, #constrs: 674, improved: True
Solving MIP for lay/input-7_58,[-14.657785415649414,2.183042526245117]=>[-14.657785415649414,-1e-05] (-1,-1; 15,-1), time: 0.5293s, #vars: 1407, #constrs: 674, improved: True
Solving MIP for lay/input-7_180,[-12.124857902526855,3.8443517684936523]=>[-7.54933241100184,0.8406237875633654] (2,-1; 2,-1), time: 4.0534s, #vars: 1407, #constrs: 674, improved: True
Solving MIP for lay/input-7_33,[-11.106380462646484,0.8111376762390137]=>[-11.106380462646484,-1e-05] (-1,-1; 15,-1), time: 0.2322s, #vars: 1407, #constrs: 674, improved: True
Solving MIP for lay/input-7_218,[-8.005791664123535,3.044839859008789]=>[-5.200091201537503,1.5540773438287354] (2,-1; 2,-1), time: 1.6051s, #vars: 1407, #constrs: 674, improved: True
Solving MIP for lay/input-7_181,[-3.2244503498077393,9.355363845825195]=>[1e-05,9.355363845825195] (15,-1; -1,-1), time: 1.9184s, #vars: 1407, #constrs: 674, improved: True
Solving MIP for lay/input-7_193,[-10.557493209838867,4.202112197875977]=>[-5.534056086318186,2.233277954925685] (2,-1; 2,-1), time: 5.9881s, #vars: 1407, #constrs: 674, improved: True
Solving MIP for lay/input-7_17,[-10.155529022216797,0.3441225290298462]=>[-10.155529022216797,-1e-05] (-1,-1; 15,-1), time: 0.2872s, #vars: 1407, #constrs: 674, improved: True
Solving MIP for lay/input-7_187,[-15.005729675292969,1.1495099067687988]=>[-15.005729675292969,-1e-05] (-1,-1; 15,-1), time: 0.2610s, #vars: 1407, #constrs: 674, improved: True
Solving MIP for lay/input-7_124,[-11.541385650634766,0.23707497119903564]=>[-11.541385650634766,-1e-05] (-1,-1; 15,-1), time: 0.2881s, #vars: 1407, #constrs: 674, improved: True
Solving MIP for lay/input-7_242,[-2.1207070350646973,10.693412780761719]=>[1e-05,10.693412780761719] (15,-1; -1,-1), time: 0.9961s, #vars: 1407, #constrs: 674, improved: True
Solving MIP for lay/input-7_64,[-4.692563533782959,8.270536422729492]=>[-0.9669116095039355,5.789507445517118] (2,-1; 2,-1), time: 3.2411s, #vars: 1407, #constrs: 674, improved: True
Solving MIP for lay/input-7_154,[-12.596477508544922,3.252700090408325]=>[-8.223649902738993,0.28170539907757236] (2,-1; 2,-1), time: 3.3110s, #vars: 1407, #constrs: 674, improved: True
Solving MIP for lay/input-7_65,[-4.168280601501465,11.293737411499023]=>[1e-05,11.293737411499023] (15,-1; -1,-1), time: 1.3800s, #vars: 1407, #constrs: 674, improved: True
Solving MIP for lay/input-7_189,[-9.496718406677246,3.4438529014587402]=>[-4.479185279594373,1.9762766162353536] (2,-1; 2,-1), time: 5.1397s, #vars: 1407, #constrs: 674, improved: True
Solving MIP for lay/input-7_100,[-7.84343957901001,3.6988120079040527]=>[-3.216556990300937,2.6802940738770396] (2,-1; 2,-1), time: 6.9805s, #vars: 1407, #constrs: 674, improved: True
Solving MIP for lay/input-7_135,[-12.408401489257812,2.137573719024658]=>[-6.863870633813251,1.1348614852853416] (2,-1; 2,-1), time: 4.2380s, #vars: 1407, #constrs: 674, improved: True
Solving MIP for lay/input-7_82,[-6.971574783325195,5.967489242553711]=>[-2.758954627250572,4.400174260178527] (2,-1; 2,-1), time: 3.0858s, #vars: 1407, #constrs: 674, improved: True
Solving MIP for lay/input-7_223,[-6.364625453948975,4.032969951629639]=>[-4.4632044132252675,1.1182456023731986] (2,-1; 2,-1), time: 3.0192s, #vars: 1407, #constrs: 674, improved: True
Solving MIP for lay/input-7_75,[-8.672557830810547,3.87237548828125]=>[-5.124932830753679,1.560221931494487] (2,-1; 2,-1), time: 2.6853s, #vars: 1407, #constrs: 674, improved: True
Solving MIP for lay/input-7_121,[-12.154178619384766,4.143589019775391]=>[-6.656733313024499,1.7814952953440315] (2,-1; 2,-1), time: 2.3104s, #vars: 1407, #constrs: 674, improved: True
Solving MIP for lay/input-7_118,[-5.410984039306641,4.4746832847595215]=>[-3.2691723423904664,0.5200046826271709] (2,-1; 2,-1), time: 5.9210s, #vars: 1407, #constrs: 674, improved: True
Solving MIP for lay/input-7_142,[-6.081240653991699,2.9552602767944336]=>[-2.539327011188653,1.4355206622203411] (2,-1; 2,-1), time: 5.5883s, #vars: 1407, #constrs: 674, improved: True
PGD done for relu layer 2
MIP improved 87 nodes out of 87 unstable nodes for layer /31, time 12.2668
MIP got 0 timeout nodes out of 87 nodes for layer /31
maximum relu layer improved by MIP so far 1
refine the bounds for layer  /33
current relu layer: /33, idx: 2
timeout for this layer is 15
Removed 0 unstable neurons in MIP based on the coefficient matrix.
Solving MIP for lay/input-11_187,[-13.136130332946777,0.3756844997406006]=>[-13.136130332946777,-1e-05] (-1,-1; 15,-1), time: 0.1708s, #vars: 1735, #constrs: 1038, improved: True
Solving MIP for lay/input-11_205,[-36.08586502075195,1.8005332946777344]=>[-36.08586502075195,-1e-05] (-1,-1; 15,-1), time: 0.1754s, #vars: 1735, #constrs: 1038, improved: True
Solving MIP for lay/input-11_27,[-9.944969177246094,37.012306213378906]=>[1e-05,37.012306213378906] (15,-1; -1,-1), time: 0.1749s, #vars: 1735, #constrs: 1038, improved: True
Solving MIP for lay/input-11_200,[-47.844886779785156,1.8457460403442383]=>[-47.844886779785156,-1e-05] (-1,-1; 15,-1), time: 0.1855s, #vars: 1735, #constrs: 1038, improved: True
Solving MIP for lay/input-11_211,[-49.2928581237793,1.288808822631836]=>[-49.2928581237793,-1e-05] (-1,-1; 15,-1), time: 0.1912s, #vars: 1735, #constrs: 1038, improved: True
Solving MIP for lay/input-11_37,[-18.613483428955078,0.7231736183166504]=>[-18.613483428955078,-1e-05] (-1,-1; 15,-1), time: 0.2149s, #vars: 1735, #constrs: 1038, improved: True
Solving MIP for lay/input-11_61,[-35.76448059082031,0.9363527297973633]=>[-35.76448059082031,-1e-05] (-1,-1; 15,-1), time: 0.2279s, #vars: 1735, #constrs: 1038, improved: True
Solving MIP for lay/input-11_160,[-15.447124481201172,0.30295610427856445]=>[-15.447124481201172,-1e-05] (-1,-1; 15,-1), time: 0.2459s, #vars: 1735, #constrs: 1038, improved: True
Solving MIP for lay/input-11_117,[-11.029672622680664,0.6330864429473877]=>[-11.029672622680664,-1e-05] (-1,-1; 15,-1), time: 0.2777s, #vars: 1735, #constrs: 1038, improved: True
Solving MIP for lay/input-11_133,[-16.10356330871582,0.13692212104797363]=>[-16.10356330871582,-1e-05] (-1,-1; 15,-1), time: 0.2686s, #vars: 1735, #constrs: 1038, improved: True
Solving MIP for lay/input-11_186,[-12.921160697937012,0.4661717414855957]=>[-12.921160697937012,-1e-05] (-1,-1; 15,-1), time: 0.1364s, #vars: 1735, #constrs: 1038, improved: True
Solving MIP for lay/input-11_38,[-10.900029182434082,0.660292387008667]=>[-10.900029182434082,-1e-05] (-1,-1; 15,-1), time: 0.1467s, #vars: 1735, #constrs: 1038, improved: True
Solving MIP for lay/input-11_172,[-15.964361190795898,0.309481143951416]=>[-15.964361190795898,-1e-05] (-1,-1; 15,-1), time: 0.1367s, #vars: 1735, #constrs: 1038, improved: True
Solving MIP for lay/input-11_44,[-16.806867599487305,0.671504020690918]=>[-16.806867599487305,-1e-05] (-1,-1; 15,-1), time: 0.1386s, #vars: 1735, #constrs: 1038, improved: True
Solving MIP for lay/input-11_157,[-35.67688751220703,0.6517314910888672]=>[-35.67688751220703,-1e-05] (-1,-1; 15,-1), time: 0.3256s, #vars: 1735, #constrs: 1038, improved: True
Solving MIP for lay/input-11_161,[-12.013628959655762,0.27942895889282227]=>[-12.013628959655762,-1e-05] (-1,-1; 15,-1), time: 0.3614s, #vars: 1735, #constrs: 1038, improved: True
Solving MIP for lay/input-11_140,[-14.899554252624512,0.40035295486450195]=>[-14.899554252624512,-1e-05] (-1,-1; 15,-1), time: 0.3827s, #vars: 1735, #constrs: 1038, improved: True
Solving MIP for lay/input-11_193,[-13.952226638793945,0.139631986618042]=>[-13.952226638793945,-1e-05] (-1,-1; 15,-1), time: 0.3647s, #vars: 1735, #constrs: 1038, improved: True
Solving MIP for lay/input-11_118,[-47.810546875,1.6652603149414062]=>[-47.810546875,-1e-05] (-1,-1; 15,-1), time: 0.3866s, #vars: 1735, #constrs: 1038, improved: True
Solving MIP for lay/input-11_131,[-19.286834716796875,0.014297962188720703]=>[-19.286834716796875,-1e-05] (-1,-1; 15,-1), time: 0.3621s, #vars: 1735, #constrs: 1038, improved: True
Solving MIP for lay/input-11_146,[-39.623355865478516,1.088202953338623]=>[-39.623355865478516,-1e-05] (-1,-1; 15,-1), time: 0.3899s, #vars: 1735, #constrs: 1038, improved: True
Solving MIP for lay/input-11_121,[-49.399009704589844,5.2000226974487305]=>[-49.399009704589844,-1e-05] (-1,-1; 15,-1), time: 0.4226s, #vars: 1735, #constrs: 1038, improved: True
Solving MIP for lay/input-11_107,[-28.006351470947266,3.45759916305542]=>[-28.006351470947266,-1e-05] (-1,-1; 15,-1), time: 0.5007s, #vars: 1735, #constrs: 1038, improved: True
PGD done for relu layer 3
Run alpha-CROWN after refining relu idx 1
relu layer: 1 has unstable to stable neurons: [(2, -1), (208, 1), (254, 1), (214, -1), (246, -1), (37, -1), (70, -1), (212, -1), (141, 1), (162, 1), (83, 1), (21, -1), (25, -1), (62, -1), (42, -1), (157, -1), (49, -1), (80, -1), (136, -1), (220, 1), (219, -1), (166, -1), (74, -1), (190, -1), (143, -1), (163, 1), (14, -1), (72, -1), (181, 1), (71, -1), (43, -1), (252, 1), (148, -1), (248, 1), (63, -1), (237, -1), (73, -1), (216, -1), (29, -1), (59, -1), (242, 1), (58, -1), (101, -1), (165, -1), (131, -1), (139, -1), (65, 1), (33, -1), (17, -1), (187, -1), (124, -1)]
alpha/beta optimization time: 6.000532627105713

all verified at 0th iter
best_l after optimization: 3.7486815452575684
beta sum per layer: []
alpha/beta optimization time: 0.12458586692810059
alpha-CROWN with intermediate bounds by MIP: tensor([[0.47272068, 0.47680035, 0.36722884, 0.42865050, 0.39778042, 0.42914847,
         0.47258848, 0.26380083, 0.43996292]], device='cuda:0') tensor([[1.09257197, 1.06120670, 1.06408310, 1.08066630, 1.05233657, 1.07399595,
         1.10620022, 1.04632580, 1.10682774]], device='cuda:0')
min of alpha-CROWN bounds 0.26380082964897156>=0, verified!
MIP finished with 20.099103212356567s
torch.Size([1, 9])
refined global lb: tensor([[0.47272068],
        [0.47680035],
        [0.36722884],
        [0.42865050],
        [0.39778042],
        [0.42914847],
        [0.47258848],
        [0.26380083],
        [0.43996292]], device='cuda:0') min: tensor(0.26380083, device='cuda:0')
Verified safe using alpha-CROWN with MIP improved bounds!
9 / 9 OR specs are verified.
Verified OR indices (first 10 items): [0, 1, 2, 3, 4, 5, 6, 7, 8]
Verified OR lbs (first 10 items): [[0.4727206826210022], [0.4768003523349762], [0.36722883582115173], [0.42865049839019775], [0.3977804183959961], [0.42914846539497375], [0.4725884795188904], [0.26380082964897156], [0.4399629235267639]]
Unverified OR indices (first 10 items): []
Unverified OR lbs (first 10 items): []
Removing temporary cuts path: /tmp/abcrown_cuts_9msq9t7o
Result: unsat
Time: 23.62540555000305
Warning: environment still referenced so free is deferred (Continue to use WLS)
INFO     17:12:41     [__init__.py:1489] Warning: environment still referenced so free is deferred (Continue to use WLS)

------------------------- COMMAND ------------------------------
/data1/Kane/miniconda3/envs/abcrown25/bin/python /data1/Kane/alpha-beta-CROWN_vnncomp2025/complete_verifier/abcrown.py --config /data1/Kane/alpha-beta-CROWN_vnncomp2025/complete_verifier/exp_configs/vnncomp25/relusplitter.yaml --precompile_jit --onnx_path /data1/Kane/data/vnncomp2025_benchmarks/benchmarks/relusplitter/onnx/mnist_fc_vnncomp2022_mnist-net_256x4_RSPLITTER_mnist_fc_vnncomp2022_prop_5_0.05.onnx --vnnlib_path /data1/Kane/data/vnncomp2025_benchmarks/benchmarks/relusplitter/vnnlib/mnist_fc_vnncomp2022_prop_5_0.05.vnnlib --results_file /data1/Kane/ACT/audit_results/abcrown25_supplemental_20260526/relusplitter/0002__mnist_fc_vnncomp2022_mnist-net_256x4_RSPLITTER_mnist_fc_vnncomp2022_prop_5_0.05__mnist_fc_vnncomp2022_prop_5_0.05.result --timeout 90.0 --save_adv_example --pgd_order=skip
----------------------------------------------------------------

