[0;93m2026-05-26 17:15:30.522569796 [W:onnxruntime:Default, device_discovery.cc:283 GetGpuDevices] Failed to detect devices under "/sys/class/drm/card0": device_discovery.cc:93 ReadFileContents Failed to open file: "/sys/class/drm/card0/device/vendor"[m
INFO     17:15:31     [tensor_storage.py:70] Hugepage enabled for branch-and-bound domains.
Configurations:

general:
  device: cuda
  seed: 100
  conv_mode: patches
  deterministic: false
  double_fp: false
  loss_reduction_func: sum
  sparse_alpha: true
  sparse_interm: true
  save_adv_example: true
  verify_onnxruntime_output: false
  eval_adv_example: false
  onnx_adv_example: false
  show_adv_example: false
  precompile_jit: true
  reset_seed_after_precompile: false
  prepare_only: false
  complete_verifier: auto
  enable_incomplete_verification: true
  csv_name: instances.csv
  results_file: /data1/Kane/ACT/audit_results/abcrown25_supplemental_20260526/relusplitter/0008__mnist_fc_vnncomp2022_mnist-net_256x4_RSPLITTER_mnist_fc_vnncomp2022_prop_0_0.03__mnist_fc_vnncomp2022_prop_0_0.03.result
  root_path: ../../vnncomp2025_benchmarks/benchmarks/relusplitter
  deterministic_opt: false
  graph_optimizer: 'Customized("custom_graph_optimizer", "default_optimizer")'
  buffer_has_batchdim: false
  save_output: false
  output_file: out.pkl
  return_optimized_model: false
  store_all_specs_on_cpu: false
  adhoc_tuning: null
model:
  name: null
  path: null
  onnx_path: /data1/Kane/data/vnncomp2025_benchmarks/benchmarks/relusplitter/onnx/mnist_fc_vnncomp2022_mnist-net_256x4_RSPLITTER_mnist_fc_vnncomp2022_prop_0_0.03.onnx
  onnx_path_prefix: ''
  cache_onnx_conversion: false
  debug_onnx: false
  onnx_quirks: '''Reshape'': ''fix_batch_size'': True'
  input_shape: null
  onnx_loader: default_onnx_and_vnnlib_loader
  onnx_optimization_flags: []
  onnx_vnnlib_joint_optimization_flags: none
  check_optimized: false
  flatten_final_output: false
  optimize_graph: null
  with_jacobian: false
data:
  start: 0
  end: 10000
  select_instance: null
  num_outputs: 10
  mean: 0.0
  std: 1.0
  pkl_path: null
  dataset: null
  data_filter_path: null
  data_idx_file: null
specification:
  type: lp
  robustness_type: verified-acc
  norm: .inf
  epsilon: null
  epsilon_min: 0.0
  vnnlib_path: /data1/Kane/data/vnncomp2025_benchmarks/benchmarks/relusplitter/vnnlib/mnist_fc_vnncomp2022_prop_0_0.03.vnnlib
  vnnlib_path_prefix: ''
  shrink_eps: null
  rhs_offset: null
solver:
  batch_size: 4
  auto_enlarge_batch_size: true
  batched_crown_auto_enlarge_max_vram_ratio: 0.9
  min_batch_size_ratio: 1
  use_float64_in_last_iteration: false
  early_stop_patience: 10
  start_save_best: -1
  bound_prop_method: alpha-crown
  init_bound_prop_method: same
  prune_after_crown: true
  optimize_disjuncts_separately: false
  build_batch_size: 1000000
  skip_with_refined_bound: true
  forward_before_compute_bounds: false
  crown:
    batch_size: 1000000000
    max_crown_size: 1000000000
    activation_bound_option: adaptive
    compare_crown_with_ibp: false
  alpha-crown:
    alpha: true
    lr_alpha: 0.1
    iteration: 100
    share_alphas: false
    lr_decay: 0.98
    full_conv_alpha: true
    max_coeff_mul: .inf
    matmul_share_alphas: false
    disable_optimization: []
    max_time: 1.0
    alpha_dtype: float16
  invprop:
    apply_output_constraints_to: []
    tighten_input_bounds: false
    best_of_oc_and_no_oc: false
    directly_optimize: []
    oc_lr: 0.1
    share_gammas: false
  beta-crown:
    lr_alpha: 0.01
    lr_beta: 0.01
    lr_decay: 0.98
    optimizer: adam
    iteration: 50
    beta: true
    beta_warmup: true
    enable_opt_interm_bounds: false
    all_node_split_LP: false
  forward:
    refine: false
    max_dim: 10000
    reset_threshold: 1.0
  intermediate_refinement:
    enabled: false
    batch_size: 10
    opt_coeffs: false
    opt_bias: false
    lr: 0.05
    layers: [-1]
    max_domains: 1000
  mip:
    unstable_neuron_threshold: 0
    parallel_solvers: null
    solver_threads: 1
    refine_neuron_timeout: 15
    refine_neuron_time_percentage: 0.8
    early_stop: true
    adv_warmup: true
    mip_solver: gurobi
    skip_unsafe: false
    topk_filter: 1.0
    sliding_window: -1
    extra_constraint: false
    refine_neuron_timeout_increasement: 0
    timeout_neuron_percentage: 0.3
    remaining_timeout_threshold: 1
    remove_unstable_neurons: false
    lp_solver: false
bab:
  max_domains: .inf
  decision_thresh: 0
  timeout: 90.0
  timeout_scale: 1
  max_iterations: -1
  override_timeout: null
  get_upper_bound: false
  pruning_in_iteration: true
  pruning_in_iteration_ratio: 0.2
  sort_targets: false
  batched_domain_list: true
  optimized_interm: ''
  interm_transfer: true
  recompute_interm: false
  sort_domain_interval: -1
  vanilla_crown: false
  tree_traversal: depth_first
  hugetensor_allocator: true
  cut:
    enabled: false
    cuts_path: null
    implication: false
    bab_cut: true
    lp_cut: false
    method: null
    lr: 0.01
    lr_decay: 1.0
    iteration: 100
    bab_iteration: -1
    early_stop_patience: -1
    lr_beta: 0.01
    number_cuts: 50
    topk_cuts_in_filter: 1000
    batch_size_primal: 100
    max_num: 1000000000
    patches_cut: false
    cplex_cuts: true
    cplex_cuts_wait: 0
    cplex_cuts_revpickup: true
    cut_reference_bounds: true
    fix_intermediate_bounds: false
    _tmp_cuts: null
    fixed_cuts: false
    add_implied_cuts: false
    add_input_cuts: false
    biccos:
      enabled: false
      constraint_strengthening: true
      recursively_strengthening: false
      drop_ratio: 0.5
      verified_bonus: 0.3
      max_infer_iter: 20
      max_domain: 10000.0
      heuristic: neuron_influence_score
      save_biccos_cuts: false
      multi_tree_branching:
        enabled: false
        restore_best_tree: false
        keep_n_best_domains: 1
        k_splits: 1
        iterations: 1
  clip_n_verify:
    rearrange_constraints: false
    alpha_crown: false
    prune: false
    final_layer: false
    clip_input_domain:
      enabled: true
      clip_type: relaxed
      heuristic_K: 0.0
      clip_iterations: 1
      clip_calculate_volume_metrics: false
    clip_interm_domain:
      enabled: true
      with_input: false
      clip_in_alpha_crown: false
      topk_objective: 20
  branching:
    method: kfsb
    candidates: 10
    reduceop: max
    enable_intermediate_bound_opt: false
    branching_input_and_activation: false
    branching_input_and_activation_order: [input, relu]
    branching_input_iterations: 30
    branching_relu_iterations: 50
    nonlinear_split:
      method: bbps
      disable: false
      branching_point_method: uniform
      num_branches: 2
      filter: false
      filter_beta: false
      filter_clamp: false
      filter_batch_size: 10000
      filter_iterations: 25
      relu_only: false
      loose_tanh_threshold: null
      branching_point:
        db_path: branching_points.pt
        num_iterations: 1000
        batch_size: 1000000
        range_l: -5.0
        range_u: 5.0
        log_interval: 100
        step_size_1d: 0.01
        step_size: 0.2
    input_split:
      split_hint: null
      enable: false
      reorder_bab: true
      input_dim_threshold: 20
      adv_check: 0
      split_partitions: 2
      sb_margin_weight: 1.0
      sb_sum: false
      sb_primary_spec: null
      bf_backup_thresh: -1
      bf_rhs_offset: 0
      bf_iters: 1000000000.0
      bf_batch_size: 100000
      bf_zero_crossing_score: false
      touch_zero_score: 0
      ibp_enhancement: false
      compare_with_old_bounds: true
      update_rhs_with_attack: false
      sb_coeff_thresh: 2.0
      sort_index: null
      sort_descending: true
      show_progress: false
      presplit_domains: null
      skip_getting_worst_domain: false
  attack:
    enabled: false
    beam_candidates: 8
    beam_depth: 7
    max_dive_fix_ratio: 0.8
    min_local_free_ratio: 0.2
    mip_start_iteration: 5
    mip_timeout: 30.0
    adv_pool_threshold: null
    refined_mip_attacker: false
    refined_batch_size: null
attack:
  general_attack: true
  pgd_order: skip
  pgd_steps: 100
  pgd_restarts: 30
  pgd_batch_size: 100000000
  pgd_early_stop: true
  pgd_lr_decay: 0.99
  pgd_alpha: auto
  pgd_alpha_scale: false
  pgd_loss_mode: null
  pgd_restart_when_stuck: false
  enable_mip_attack: false
  adv_saver: default_adv_saver
  adv_verifier: default_adv_verifier
  early_stop_condition: default_early_stop_condition
  adv_example_finalizer: default_adv_example_finalizer
  pgd_loss: default_pgd_loss
  cex_path: ./test_cex.txt
  attack_mode: diversed_PGD
  attack_tolerance: 0.0
  attack_func: attack_with_general_specs
  gama_lambda: 10.0
  gama_decay: 0.9
  input_split:
    pgd_steps: 100
    pgd_restarts: 30
    pgd_alpha: auto
  input_split_check_adv:
    enabled: auto
    pgd_steps: 5
    pgd_restarts: 5
    pgd_alpha: auto
    max_num_domains: 10
debug:
  view_model: false
  lp_test: null
  rescale_vnnlib_ptb: null
  test_optimized_bounds: false
  test_optimized_bounds_after_n_iterations: 0
  print_verbose_decisions: false
  sanity_check: null
  save_minimal_config: null
  save_minimal_config_omit_keys: []
/data1/Kane/miniconda3/envs/abcrown25/lib/python3.11/site-packages/onnx2pytorch/convert/layer.py:29: UserWarning: The given NumPy array is not writable, and PyTorch does not support non-writable tensors. This means writing to this tensor will result in undefined behavior. You may want to copy the array to protect its data or make it writable before converting it to a tensor. This type of warning will be suppressed for the rest of this program. (Triggered internally at /pytorch/torch/csrc/utils/tensor_numpy.cpp:206.)
  layer.weight.data = torch.from_numpy(numpy_helper.to_array(weight))
/data1/Kane/miniconda3/envs/abcrown25/lib/python3.11/site-packages/onnx2pytorch/convert/model.py:151: UserWarning: Using experimental implementation that allows 'batch_size > 1'.Batchnorm layers could potentially produce false outputs.
  warnings.warn(
/data1/Kane/alpha-beta-CROWN_vnncomp2025/complete_verifier/auto_LiRPA/optimize_graph.py:192: UserWarning: Converting a tensor with requires_grad=True to a scalar may lead to unexpected behavior.
Consider using tensor.detach() first. (Triggered internally at /pytorch/torch/csrc/autograd/generated/python_variable_methods.cpp:836.)
  and abs(float(bs[j] + bs[j+1])) < atol):

Experiments at Tue May 26 17:15:31 2026 on dell-pro-max-tower-t2
Pre-compile jit kernels on a toy network...
JIT kernels compiled in 1.1491s.
Internal results will be saved to /data1/Kane/ACT/audit_results/abcrown25_supplemental_20260526/relusplitter/0008__mnist_fc_vnncomp2022_mnist-net_256x4_RSPLITTER_mnist_fc_vnncomp2022_prop_0_0.03__mnist_fc_vnncomp2022_prop_0_0.03.result.

 %%%%%%%%%%%%%%%%%%%%%%%%%%%%%%%%%%% idx: 0, vnnlib ID: 0 %%%%%%%%%%%%%%%%%%%%%%%%%%%%%%%%%%%
Using onnx /data1/Kane/data/vnncomp2025_benchmarks/benchmarks/relusplitter/onnx/mnist_fc_vnncomp2022_mnist-net_256x4_RSPLITTER_mnist_fc_vnncomp2022_prop_0_0.03.onnx
Using vnnlib /data1/Kane/data/vnncomp2025_benchmarks/benchmarks/relusplitter/vnnlib/mnist_fc_vnncomp2022_prop_0_0.03.vnnlib
Precompiled vnnlib file found at /data1/Kane/data/vnncomp2025_benchmarks/benchmarks/relusplitter/vnnlib/mnist_fc_vnncomp2022_prop_0_0.03.vnnlib.compiled
Loading onnx /data1/Kane/data/vnncomp2025_benchmarks/benchmarks/relusplitter/onnx/mnist_fc_vnncomp2022_mnist-net_256x4_RSPLITTER_mnist_fc_vnncomp2022_prop_0_0.03.onnx with quirks {'Reshape': {'fix_batch_size': True}}
Finished onnx model loading in 0.0141 seconds
Finished vnnlib processing in 0.073462 seconds
Disabling Clip-and-Verify because it does not support bab-refine!
Using temporary cuts path: <TemporaryDirectory '/tmp/abcrown_cuts_s_i9w6yj'>
Model: BoundedModule(
  (/0): BoundInput(name=/0, inputs=[], perturbed=True)
  (/13): BoundParams(name=/13, inputs=[], perturbed=False)
  (/14): BoundParams(name=/14, inputs=[], perturbed=False)
  (/15): BoundParams(name=/15, inputs=[], perturbed=False)
  (/16): BoundParams(name=/16, inputs=[], perturbed=False)
  (/17): BoundParams(name=/17, inputs=[], perturbed=False)
  (/18): BoundParams(name=/18, inputs=[], perturbed=False)
  (/19): BoundParams(name=/19, inputs=[], perturbed=False)
  (/20): BoundParams(name=/20, inputs=[], perturbed=False)
  (/21): BoundParams(name=/21, inputs=[], perturbed=False)
  (/22): BoundParams(name=/22, inputs=[], perturbed=False)
  (/23): BoundParams(name=/23, inputs=[], perturbed=False)
  (/24): BoundParams(name=/24, inputs=[], perturbed=False)
  (/25): BoundFlatten(name=/25, inputs=[/0], perturbed=True)
  (/input-7): BoundLinear(name=/input-7, inputs=[/input/optimized/relu, /17, /18], perturbed=True)
  (/31): BoundRelu(name=/31, inputs=[/input-7], perturbed=True)
  (/input-11): BoundLinear(name=/input-11, inputs=[/31, /19, /20], perturbed=True)
  (/33): BoundRelu(name=/33, inputs=[/input-11], perturbed=True)
  (/input-15): BoundLinear(name=/input-15, inputs=[/33, /21, /22], perturbed=True)
  (/35): BoundRelu(name=/35, inputs=[/input-15], perturbed=True)
  (/36): BoundLinear(name=/36, inputs=[/35, /23, /24], perturbed=True)
  (/input/optimized/weight): BoundParams(name=/input/optimized/weight, inputs=[], perturbed=False)
  (/input/optimized/bias): BoundParams(name=/input/optimized/bias, inputs=[], perturbed=False)
  (/input/optimized): BoundLinear(name=/input/optimized, inputs=[/25, /input/optimized/weight, /input/optimized/bias], perturbed=True)
  (/input/optimized/relu): BoundRelu(name=/input/optimized/relu, inputs=[/input/optimized], perturbed=True)
)
Original output in the first batch: tensor([[ 6.10788167e-03, -8.74027610e-05,  1.76327825e-02, -4.08741832e-03,
          1.50463730e-03, -7.44350255e-04,  9.91618216e-01, -1.06591508e-02,
         -2.35110521e-03, -2.63668597e-03]], device='cuda:0')
Split layers:
Nonlinear functions:
   BoundRelu(name=/31, inputs=[/input-7], perturbed=True)
   BoundRelu(name=/33, inputs=[/input-11], perturbed=True)
   BoundRelu(name=/35, inputs=[/input-15], perturbed=True)
   BoundRelu(name=/input/optimized/relu, inputs=[/input/optimized], perturbed=True)
build batch [1/1]
layer /31 using sparse-features alpha with shape [86]; unstable size 86; total size 256 ([1, 256])
layer /31 start_node /input-11 using sparse-spec alpha [2, 18, 1, 86] with unstable size 17 total_size 256 output_shape torch.Size([256])
layer /31 start_node /input-15 using sparse-spec alpha [2, 141, 1, 86] with unstable size 140 total_size 256 output_shape torch.Size([256])
layer /31 start_node /36 using full alpha [2, 9, 1, 86] with unstable size None total_size 9 output_shape 9
layer /33 using sparse-features alpha with shape [17]; unstable size 17; total size 256 ([1, 256])
layer /33 start_node /input-15 using sparse-spec alpha [2, 141, 1, 17] with unstable size 140 total_size 256 output_shape torch.Size([256])
layer /33 start_node /36 using full alpha [2, 9, 1, 17] with unstable size None total_size 9 output_shape 9
layer /35 using sparse-features alpha with shape [140]; unstable size 140; total size 256 ([1, 256])
layer /35 start_node /36 using full alpha [2, 9, 1, 140] with unstable size None total_size 9 output_shape 9
layer /input/optimized/relu using sparse-features alpha with shape [34]; unstable size 34; total size 256 ([1, 256])
layer /input/optimized/relu start_node /input-7 using sparse-spec alpha [2, 87, 1, 34] with unstable size 86 total_size 256 output_shape torch.Size([256])
layer /input/optimized/relu start_node /input-11 using sparse-spec alpha [2, 18, 1, 34] with unstable size 17 total_size 256 output_shape torch.Size([256])
layer /input/optimized/relu start_node /input-15 using sparse-spec alpha [2, 141, 1, 34] with unstable size 140 total_size 256 output_shape torch.Size([256])
layer /input/optimized/relu start_node /36 using full alpha [2, 9, 1, 34] with unstable size None total_size 9 output_shape 9
Optimizable variables initialized.
initial CROWN bounds (first 10 items): [-11.970358848571777, -13.873927116394043, -12.998868942260742, -10.150124549865723, -12.012969970703125, -11.395386695861816, -13.534107208251953, -11.127702713012695, -13.450345993041992]
prune_after_crown optimization in use
  original spec size = torch.Size([1, 9])
  pruned spec size = torch.Size([1, 9])
Using alpha-CROWN to initialize bounds.
best_l after optimization: -15.033918380737305
alpha/beta optimization time: 6.666963815689087
initial alpha-crown bounds (first 10 items): [-1.5770819187164307, -1.4376585483551025, -1.5384374856948853, -1.4249255657196045, -1.692515254020691, -2.0528812408447266, -1.4967550039291382, -2.2065722942352295, -1.607090711593628]
Global lower bound: -2.2065722942352295
torch.Size([1, 9])
0 / 9 OR specs are verified.
Verified OR indices (first 10 items): []
Verified OR lbs (first 10 items): []
Unverified OR indices (first 10 items): [0, 1, 2, 3, 4, 5, 6, 7, 8]
Unverified OR lbs (first 10 items): [[-1.5770819187164307], [-1.4376585483551025], [-1.5384374856948853], [-1.4249255657196045], [-1.692515254020691], [-2.0528812408447266], [-1.4967550039291382], [-2.2065722942352295], [-1.607090711593628]]
Start solving intermediate bounds with MIP...
layer /31 using sparse-features alpha with shape [86]; unstable size 86; total size 256 ([1, 256])
layer /31 start_node /input-11 using sparse-spec alpha [2, 18, 1, 86] with unstable size 17 total_size 256 output_shape torch.Size([256])
layer /31 start_node /input-15 using sparse-spec alpha [2, 141, 1, 86] with unstable size 140 total_size 256 output_shape torch.Size([256])
layer /31 start_node /36 using full alpha [2, 9, 1, 86] with unstable size None total_size 9 output_shape 9
layer /33 using sparse-features alpha with shape [17]; unstable size 17; total size 256 ([1, 256])
layer /33 start_node /input-15 using sparse-spec alpha [2, 141, 1, 17] with unstable size 140 total_size 256 output_shape torch.Size([256])
layer /33 start_node /36 using full alpha [2, 9, 1, 17] with unstable size None total_size 9 output_shape 9
layer /35 using sparse-features alpha with shape [140]; unstable size 140; total size 256 ([1, 256])
layer /35 start_node /36 using full alpha [2, 9, 1, 140] with unstable size None total_size 9 output_shape 9
layer /input/optimized/relu using sparse-features alpha with shape [34]; unstable size 34; total size 256 ([1, 256])
layer /input/optimized/relu start_node /input-7 using sparse-spec alpha [2, 87, 1, 34] with unstable size 86 total_size 256 output_shape torch.Size([256])
layer /input/optimized/relu start_node /input-11 using sparse-spec alpha [2, 18, 1, 34] with unstable size 17 total_size 256 output_shape torch.Size([256])
layer /input/optimized/relu start_node /input-15 using sparse-spec alpha [2, 141, 1, 34] with unstable size 140 total_size 256 output_shape torch.Size([256])
layer /input/optimized/relu start_node /36 using full alpha [2, 9, 1, 34] with unstable size None total_size 9 output_shape 9
Optimizable variables initialized.
Set parameter WLSAccessID
INFO     17:15:40     [solver_module.py:119] Set parameter WLSAccessID
Set parameter WLSSecret
INFO     17:15:40     [solver_module.py:119] Set parameter WLSSecret
Set parameter LicenseID to value 2542227
INFO     17:15:40     [solver_module.py:119] Set parameter LicenseID to value 2542227
Academic license 2542227 - for non-commercial use only - registered to ka___@unsw.edu.au
INFO     17:15:40     [solver_module.py:119] Academic license 2542227 - for non-commercial use only - registered to ka___@unsw.edu.au
preset mip_multi_proc as default setting: 20
mip_multi_proc: 20, mip_threads: 1,total threads used: 20, mip_perneuron_refine_timeout: 15
[total time budget for MIP: 72.0]

refine the bounds for layer  /input/optimized/relu
maximum relu layer improved by MIP so far 0
refine the bounds for layer  /31
current relu layer: /31, idx: 1
timeout for this layer is 15
Removed 0 unstable neurons in MIP based on the coefficient matrix.
PGD done for relu layer 1
Solving MIP for lay/input-7_180,[-8.056793212890625,0.6013296842575073]=>[-8.056793212890625,-1e-05] (-1,-1; 15,-1), time: 0.1796s, #vars: 1367, #constrs: 614, improved: True
Solving MIP for lay/input-7_126,[-6.627073764801025,0.6585733890533447]=>[-6.627073764801025,-1e-05] (-1,-1; 15,-1), time: 0.3611s, #vars: 1367, #constrs: 614, improved: True
Solving MIP for lay/input-7_231,[-3.884493827819824,0.557400107383728]=>[-3.884493827819824,-1e-05] (-1,-1; 15,-1), time: 0.5476s, #vars: 1367, #constrs: 614, improved: True
Solving MIP for lay/input-7_218,[-4.762086868286133,1.7954682111740112]=>[-3.8043691406431246,0.513962547998348] (2,-1; 2,-1), time: 0.5965s, #vars: 1367, #constrs: 614, improved: True
Solving MIP for lay/input-7_252,[-3.8490724563598633,3.6845703125]=>[-2.9886802018018366,1.8930645647134103] (2,-1; 2,-1), time: 0.7480s, #vars: 1367, #constrs: 614, improved: True
Solving MIP for lay/input-7_3,[-6.138754844665527,1.632204532623291]=>[-6.138754844665527,-1e-05] (-1,-1; 15,-1), time: 0.3690s, #vars: 1367, #constrs: 614, improved: True
Solving MIP for lay/input-7_136,[-4.514054775238037,0.7705855369567871]=>[-4.514054775238037,-1e-05] (-1,-1; 15,-1), time: 0.7771s, #vars: 1367, #constrs: 614, improved: True
Solving MIP for lay/input-7_103,[-4.063479423522949,3.294924736022949]=>[-3.2837325567532183,1.8127563454573346] (2,-1; 2,-1), time: 0.7853s, #vars: 1367, #constrs: 614, improved: True
Solving MIP for lay/input-7_33,[-4.397150993347168,2.6659560203552246]=>[-3.370727758909176,1.61002784983065] (2,-1; 2,-1), time: 0.8402s, #vars: 1367, #constrs: 614, improved: True
Solving MIP for lay/input-7_206,[-2.3144569396972656,6.025426864624023]=>[-1.5626786726553044,4.4336038178905826] (2,-1; 2,-1), time: 0.9177s, #vars: 1367, #constrs: 614, improved: True
Solving MIP for lay/input-7_114,[-0.38651323318481445,8.907917022705078]=>[1e-05,8.907917022705078] (15,-1; -1,-1), time: 0.1285s, #vars: 1367, #constrs: 614, improved: True
Solving MIP for lay/input-7_132,[-3.8649444580078125,1.9282541275024414]=>[-2.468677235477481,1.3353044871316109] (2,-1; 2,-1), time: 0.9652s, #vars: 1367, #constrs: 614, improved: True
Solving MIP for lay/input-7_235,[-5.861322402954102,1.1789909601211548]=>[-4.748868769916672,0.4459237751325665] (2,-1; 2,-1), time: 0.9753s, #vars: 1367, #constrs: 614, improved: True
Solving MIP for lay/input-7_53,[-0.16590118408203125,7.108547687530518]=>[1e-05,7.108547687530518] (15,-1; -1,-1), time: 0.2762s, #vars: 1367, #constrs: 614, improved: True
Solving MIP for lay/input-7_43,[-4.010490417480469,3.896554946899414]=>[-1.9093693197675972,2.87731866999598] (2,-1; 2,-1), time: 1.1416s, #vars: 1367, #constrs: 614, improved: True
Solving MIP for lay/input-7_97,[-5.357306957244873,1.941162347793579]=>[-3.3043969607066406,1.2808661977017373] (2,-1; 2,-1), time: 1.2102s, #vars: 1367, #constrs: 614, improved: True
Solving MIP for lay/input-7_38,[-6.1497907638549805,0.39693939685821533]=>[-6.1497907638549805,-1e-05] (-1,-1; 15,-1), time: 0.1445s, #vars: 1367, #constrs: 614, improved: True
Solving MIP for lay/input-7_54,[-4.525171279907227,2.1981940269470215]=>[-3.442924014844967,1.2957769855343817] (2,-1; 2,-1), time: 0.5256s, #vars: 1367, #constrs: 614, improved: True
Solving MIP for lay/input-7_240,[-3.3956220149993896,3.8361196517944336]=>[-2.4312670428231877,2.4375340750545913] (2,-1; 2,-1), time: 1.3018s, #vars: 1367, #constrs: 614, improved: True
Solving MIP for lay/input-7_82,[-5.5692291259765625,0.7377389669418335]=>[-4.020278440078561,0.09310097216060603] (2,-1; 2,-1), time: 1.3144s, #vars: 1367, #constrs: 614, improved: True
Solving MIP for lay/input-7_223,[-4.290884971618652,1.7185953855514526]=>[-3.3532316781704576,0.4382673091020377] (2,-1; 2,-1), time: 1.3203s, #vars: 1367, #constrs: 614, improved: True
Solving MIP for lay/input-7_130,[-7.174700736999512,0.36581146717071533]=>[-7.174700736999512,-1e-05] (-1,-1; 15,-1), time: 0.1309s, #vars: 1367, #constrs: 614, improved: True
Solving MIP for lay/input-7_171,[-1.893134355545044,4.566868782043457]=>[-0.4970311247968777,3.800589870130664] (2,-1; 2,-1), time: 1.4184s, #vars: 1367, #constrs: 614, improved: True
Solving MIP for lay/input-7_62,[-7.885950565338135,0.5506777763366699]=>[-7.885950565338135,-1e-05] (-1,-1; 15,-1), time: 0.1365s, #vars: 1367, #constrs: 614, improved: True
Solving MIP for lay/input-7_79,[-5.978200912475586,0.024018466472625732]=>[-5.978200912475586,-1e-05] (-1,-1; 15,-1), time: 0.2467s, #vars: 1367, #constrs: 614, improved: True
Solving MIP for lay/input-7_138,[-5.7321062088012695,0.32712721824645996]=>[-5.7321062088012695,-1e-05] (-1,-1; 15,-1), time: 0.1681s, #vars: 1367, #constrs: 614, improved: True
Solving MIP for lay/input-7_157,[-7.112504005432129,1.2805602550506592]=>[-5.0851656663929985,0.9488907368704473] (2,-1; 2,-1), time: 0.7358s, #vars: 1367, #constrs: 614, improved: True
Solving MIP for lay/input-7_154,[-6.644993305206299,1.7710648775100708]=>[-4.955781472602265,1.0087231574273747] (2,-1; 2,-1), time: 1.8565s, #vars: 1367, #constrs: 614, improved: True
Solving MIP for lay/input-7_128,[-4.330084800720215,1.922363519668579]=>[-3.5381187225414816,0.42019495658893125] (2,-1; 2,-1), time: 1.9639s, #vars: 1367, #constrs: 614, improved: True
Solving MIP for lay/input-7_101,[-2.803520441055298,4.154406547546387]=>[-1.5280328762283624,3.0654619582134783] (2,-1; 2,-1), time: 2.0500s, #vars: 1367, #constrs: 614, improved: True
Solving MIP for lay/input-7_188,[-5.287717819213867,1.3383713960647583]=>[-4.173159858000661,0.5086234555582945] (2,-1; 2,-1), time: 0.3939s, #vars: 1367, #constrs: 614, improved: True
Solving MIP for lay/input-7_83,[-3.069976806640625,4.571145534515381]=>[-2.0330513241042363,3.173811812176814] (2,-1; 2,-1), time: 0.9135s, #vars: 1367, #constrs: 614, improved: True
Solving MIP for lay/input-7_189,[-3.0324509143829346,3.1542859077453613]=>[-1.3428527625428064,2.4820473304968207] (2,-1; 2,-1), time: 1.2079s, #vars: 1367, #constrs: 614, improved: True
Solving MIP for lay/input-7_196,[-5.261964321136475,1.462090253829956]=>[-3.995063586503229,0.7625141915011464] (2,-1; 2,-1), time: 0.6381s, #vars: 1367, #constrs: 614, improved: True
Solving MIP for lay/input-7_250,[-2.3791117668151855,3.317631244659424]=>[-0.8858544920303355,2.8794345592494044] (2,-1; 2,-1), time: 1.0703s, #vars: 1367, #constrs: 614, improved: True
Solving MIP for lay/input-7_95,[-4.539702415466309,1.5751012563705444]=>[-2.784821374162552,0.9738632554281937] (2,-1; 2,-1), time: 1.0004s, #vars: 1367, #constrs: 614, improved: True
Solving MIP for lay/input-7_88,[-0.5514960289001465,8.428153991699219]=>[1e-05,8.428153991699219] (15,-1; -1,-1), time: 0.1643s, #vars: 1367, #constrs: 614, improved: True
Solving MIP for lay/input-7_2,[-5.199309825897217,2.7366957664489746]=>[-3.9248167839949697,1.1771811639956755] (2,-1; 2,-1), time: 0.7578s, #vars: 1367, #constrs: 614, improved: True
Solving MIP for lay/input-7_70,[-7.974597454071045,0.6364132165908813]=>[-6.104705681165895,0.029488228529325866] (2,-1; 2,-1), time: 0.8140s, #vars: 1367, #constrs: 614, improved: True
Solving MIP for lay/input-7_34,[-4.52475643157959,4.831982612609863]=>[-3.0286432711184714,3.4788450279323557] (2,-1; 2,-1), time: 1.3698s, #vars: 1367, #constrs: 614, improved: True
Solving MIP for lay/input-7_134,[-3.80554461479187,3.6603317260742188]=>[-3.0013904048313336,2.2208357194435] (2,-1; 2,-1), time: 0.8575s, #vars: 1367, #constrs: 614, improved: True
Solving MIP for lay/input-7_205,[-3.2502799034118652,3.2528324127197266]=>[-2.2054605455437333,2.174912612667832] (2,-1; 2,-1), time: 1.1343s, #vars: 1367, #constrs: 614, improved: True
Solving MIP for lay/input-7_98,[-5.535833358764648,1.5989446640014648]=>[-3.374397441181605,1.0969057631302421] (2,-1; 2,-1), time: 1.1978s, #vars: 1367, #constrs: 614, improved: True
Solving MIP for lay/input-7_49,[-0.9662268161773682,7.828296661376953]=>[-0.26318929556088366,5.700369306464235] (2,-1; 2,-1), time: 1.0760s, #vars: 1367, #constrs: 614, improved: True
Solving MIP for lay/input-7_190,[-7.003903865814209,0.04224586486816406]=>[-7.003903865814209,-1e-05] (-1,-1; 15,-1), time: 0.1897s, #vars: 1367, #constrs: 614, improved: True
Solving MIP for lay/input-7_78,[-4.661967754364014,1.7539362907409668]=>[-3.1032750610525577,1.0483530400877972] (2,-1; 2,-1), time: 1.7164s, #vars: 1367, #constrs: 614, improved: True
Solving MIP for lay/input-7_5,[-3.8053767681121826,5.962488651275635]=>[-3.143990616587092,3.773808505311985] (2,-1; 2,-1), time: 0.5269s, #vars: 1367, #constrs: 614, improved: True
Solving MIP for lay/input-7_148,[-0.9653902053833008,6.096316337585449]=>[1e-05,6.096316337585449] (15,-1; -1,-1), time: 0.2145s, #vars: 1367, #constrs: 614, improved: True
Solving MIP for lay/input-7_220,[-2.811140537261963,3.6258206367492676]=>[-1.5348303068243487,2.782028742820996] (2,-1; 2,-1), time: 0.7538s, #vars: 1367, #constrs: 614, improved: True
Solving MIP for lay/input-7_174,[-1.0177052021026611,5.210675239562988]=>[1e-05,5.210675239562988] (15,-1; -1,-1), time: 0.3617s, #vars: 1367, #constrs: 614, improved: True
Solving MIP for lay/input-7_178,[-3.8227713108062744,1.8883609771728516]=>[-2.4638500078726633,1.0923081511021135] (2,-1; 2,-1), time: 2.1012s, #vars: 1367, #constrs: 614, improved: True
Solving MIP for lay/input-7_144,[-1.3704991340637207,8.183517456054688]=>[1e-05,8.183517456054688] (15,-1; -1,-1), time: 0.2535s, #vars: 1367, #constrs: 614, improved: True
Solving MIP for lay/input-7_74,[-2.257488965988159,4.368946552276611]=>[-0.7095105423338045,3.6523757842942657] (2,-1; 2,-1), time: 0.8474s, #vars: 1367, #constrs: 614, improved: True
Solving MIP for lay/input-7_58,[-7.45304536819458,0.040674686431884766]=>[-7.45304536819458,-1e-05] (-1,-1; 15,-1), time: 0.2489s, #vars: 1367, #constrs: 614, improved: True
Solving MIP for lay/input-7_4,[-7.874619483947754,0.08786875009536743]=>[-7.874619483947754,-1e-05] (-1,-1; 15,-1), time: 0.1176s, #vars: 1367, #constrs: 614, improved: True
Solving MIP for lay/input-7_135,[-5.665911674499512,0.7673025131225586]=>[-3.3032235684322266,0.4276543270905041] (2,-1; 2,-1), time: 1.9608s, #vars: 1367, #constrs: 614, improved: True
Solving MIP for lay/input-7_234,[-5.578568458557129,0.8430614471435547]=>[-4.444191350798118,0.3363932410369128] (2,-1; 2,-1), time: 0.5337s, #vars: 1367, #constrs: 614, improved: True
Solving MIP for lay/input-7_165,[-5.530416488647461,1.426384687423706]=>[-3.806993101994564,0.4047774018580683] (2,-1; 2,-1), time: 0.8835s, #vars: 1367, #constrs: 614, improved: True
Solving MIP for lay/input-7_152,[-6.36575984954834,0.4702274203300476]=>[-4.458291545360745,0.009406532977996575] (2,-1; 2,-1), time: 1.3754s, #vars: 1367, #constrs: 614, improved: True
Solving MIP for lay/input-7_241,[-7.005594253540039,1.4294800758361816]=>[-5.905230777744487,0.09171199185226009] (2,-1; 2,-1), time: 0.6633s, #vars: 1367, #constrs: 614, improved: True
Solving MIP for lay/input-7_254,[-5.507974624633789,2.046112060546875]=>[-4.188395431491321,0.7184362885553779] (2,-1; 2,-1), time: 0.7235s, #vars: 1367, #constrs: 614, improved: True
Solving MIP for lay/input-7_225,[-3.5805294513702393,2.643366813659668]=>[-2.1989131529928847,1.999545139653656] (2,-1; 2,-1), time: 0.8829s, #vars: 1367, #constrs: 614, improved: True
Solving MIP for lay/input-7_96,[-1.4759145975112915,6.282381057739258]=>[1e-05,6.282381057739258] (15,-1; -1,-1), time: 0.5952s, #vars: 1367, #constrs: 614, improved: True
Solving MIP for lay/input-7_55,[-1.399135708808899,4.573711395263672]=>[1e-05,4.573711395263672] (15,-1; -1,-1), time: 0.7990s, #vars: 1367, #constrs: 614, improved: True
Solving MIP for lay/input-7_91,[-1.2378911972045898,7.715643882751465]=>[1e-05,7.715643882751465] (15,-1; -1,-1), time: 0.2203s, #vars: 1367, #constrs: 614, improved: True
Solving MIP for lay/input-7_64,[-6.980713844299316,0.03175598382949829]=>[-6.980713844299316,-1e-05] (-1,-1; 15,-1), time: 0.1189s, #vars: 1367, #constrs: 614, improved: True
Solving MIP for lay/input-7_40,[-5.266517639160156,1.7845830917358398]=>[-3.7191108387498386,0.5230020439641085] (2,-1; 2,-1), time: 1.3326s, #vars: 1367, #constrs: 614, improved: True
Solving MIP for lay/input-7_30,[-2.153174877166748,3.2651145458221436]=>[-0.8522429513608802,2.748668774988638] (2,-1; 2,-1), time: 1.1773s, #vars: 1367, #constrs: 614, improved: True
Solving MIP for lay/input-7_139,[-6.039224624633789,0.34521812200546265]=>[-4.418145480952538,0.005235083456446188] (2,-1; 2,-1), time: 1.2729s, #vars: 1367, #constrs: 614, improved: True
Solving MIP for lay/input-7_22,[-5.308349609375,0.9992197751998901]=>[-5.308349609375,-1e-05] (-1,-1; 15,-1), time: 0.2975s, #vars: 1367, #constrs: 614, improved: True
Solving MIP for lay/input-7_17,[-6.4701128005981445,0.38819432258605957]=>[-6.4701128005981445,-1e-05] (-1,-1; 15,-1), time: 0.2802s, #vars: 1367, #constrs: 614, improved: True
Solving MIP for lay/input-7_187,[-4.617682456970215,2.9670944213867188]=>[-2.65247429109599,2.299641918768721] (2,-1; 2,-1), time: 0.7874s, #vars: 1367, #constrs: 614, improved: True
Solving MIP for lay/input-7_242,[-1.6632521152496338,4.453525066375732]=>[-0.4061177440703327,3.649212152937979] (2,-1; 2,-1), time: 0.9529s, #vars: 1367, #constrs: 614, improved: True
Solving MIP for lay/input-7_181,[-4.359757423400879,0.919443666934967]=>[-2.9506454773070216,0.17927331845537034] (2,-1; 2,-1), time: 0.9281s, #vars: 1367, #constrs: 614, improved: True
Solving MIP for lay/input-7_71,[-6.104474067687988,1.4259023666381836]=>[-4.699328739839366,0.5344498188105716] (2,-1; 2,-1), time: 1.8639s, #vars: 1367, #constrs: 614, improved: True
Solving MIP for lay/input-7_142,[-4.040276527404785,1.4084527492523193]=>[-2.7017708224969654,0.9362915406828035] (2,-1; 2,-1), time: 1.0754s, #vars: 1367, #constrs: 614, improved: True
Solving MIP for lay/input-7_232,[-5.041756629943848,1.8722831010818481]=>[-3.7552719897381643,0.7800063585957666] (2,-1; 2,-1), time: 1.5416s, #vars: 1367, #constrs: 614, improved: True
Solving MIP for lay/input-7_150,[-5.325881004333496,1.2126961946487427]=>[-4.070245823835526,0.235194881197176] (2,-1; 2,-1), time: 1.4032s, #vars: 1367, #constrs: 614, improved: True
Solving MIP for lay/input-7_177,[-3.0900564193725586,2.079094409942627]=>[-1.950474859168975,1.3504948050833414] (2,-1; 2,-1), time: 1.1570s, #vars: 1367, #constrs: 614, improved: True
Solving MIP for lay/input-7_224,[-3.4761404991149902,2.566276788711548]=>[-1.3720825550134375,1.9773621016695513] (2,-1; 2,-1), time: 1.5715s, #vars: 1367, #constrs: 614, improved: True
Solving MIP for lay/input-7_72,[-5.473956108093262,1.9383522272109985]=>[-3.8207934078671943,0.867596453178929] (2,-1; 2,-1), time: 1.5960s, #vars: 1367, #constrs: 614, improved: True
Solving MIP for lay/input-7_102,[-1.8774662017822266,6.792034149169922]=>[-0.22297379899109365,5.350574195070411] (2,-1; 2,-1), time: 1.2480s, #vars: 1367, #constrs: 614, improved: True
Solving MIP for lay/input-7_245,[-3.4665253162384033,3.139456272125244]=>[-2.2782246210729795,1.9218180049286062] (2,-1; 2,-1), time: 1.3746s, #vars: 1367, #constrs: 614, improved: True
PGD done for relu layer 2
MIP improved 83 nodes out of 83 unstable nodes for layer /31, time 5.9779
MIP got 0 timeout nodes out of 83 nodes for layer /31
maximum relu layer improved by MIP so far 1
refine the bounds for layer  /33
current relu layer: /33, idx: 2
timeout for this layer is 15
Removed 0 unstable neurons in MIP based on the coefficient matrix.
Solving MIP for lay/input-11_187,[-7.2955498695373535,0.014937996864318848]=>[-7.2955498695373535,-1e-05] (-1,-1; 15,-1), time: 0.1099s, #vars: 1739, #constrs: 1044, improved: True
Solving MIP for lay/input-11_74,[-5.804998397827148,27.919864654541016]=>[1e-05,27.919864654541016] (15,-1; -1,-1), time: 0.1147s, #vars: 1739, #constrs: 1044, improved: True
Solving MIP for lay/input-11_43,[-20.123519897460938,0.21052312850952148]=>[-20.123519897460938,-1e-05] (-1,-1; 15,-1), time: 0.1124s, #vars: 1739, #constrs: 1044, improved: True
Solving MIP for lay/input-11_35,[-19.146411895751953,1.1064062118530273]=>[-19.146411895751953,-1e-05] (-1,-1; 15,-1), time: 0.2426s, #vars: 1739, #constrs: 1044, improved: True
Solving MIP for lay/input-11_107,[-18.739002227783203,2.3575007915496826]=>[-18.739002227783203,-1e-05] (-1,-1; 15,-1), time: 0.6359s, #vars: 1739, #constrs: 1044, improved: True
Solving MIP for lay/input-11_211,[-26.090988159179688,6.046626567840576]=>[-26.090988159179688,-1e-05] (-1,-1; 15,-1), time: 1.9858s, #vars: 1739, #constrs: 1044, improved: True
Solving MIP for lay/input-11_200,[-25.389328002929688,10.966254234313965]=>[-16.543861841397963,2.4273915736636518] (2,-1; 2,-1), time: 5.3118s, #vars: 1739, #constrs: 1044, improved: True
PGD done for relu layer 3
Run alpha-CROWN after refining relu idx 1
relu layer: 1 has unstable to stable neurons: [(180, -1), (136, -1), (126, -1), (231, -1), (3, -1), (53, 1), (114, 1), (62, -1), (38, -1), (130, -1), (79, -1), (138, -1), (174, 1), (88, 1), (190, -1), (148, 1), (55, 1), (144, 1), (58, -1), (96, 1), (4, -1), (91, 1), (22, -1), (64, -1), (17, -1)]
alpha/beta optimization time: 7.779087781906128
best_l after optimization: -11.516929626464844
beta sum per layer: []
alpha/beta optimization time: 9.276822805404663
alpha-CROWN with intermediate bounds by MIP: tensor([[-1.18976235, -1.09362423, -1.15864885, -1.12098265, -1.27690136,
         -1.70745838, -1.12228131, -1.67994308, -1.16732705]], device='cuda:0') tensor([[1.62493026, 1.64450884, 1.58207703, 1.52676010, 1.71760750, 1.76399314,
         1.60363781, 1.75654149, 1.70892787]], device='cuda:0')
MIP improved 7 nodes out of 7 unstable nodes for layer /33, time 18.6591
MIP got 0 timeout nodes out of 7 nodes for layer /33
maximum relu layer improved by MIP so far 2
refine the bounds for layer  /35
current relu layer: /35, idx: 3
timeout for this layer is 15
Removed 0 unstable neurons in MIP based on the coefficient matrix.
Solving MIP for lay/input-15_227,[-10.611316680908203,0.28921177983283997]=>[-10.611316680908203,-1e-05] (-1,-1; 15,-1), time: 0.1379s, #vars: 1997, #constrs: 1303, improved: True
Solving MIP for lay/input-15_196,[-5.056560039520264,1.9948208332061768]=>[1e-05,1.7020807677156164] (15,-1; 2,-1), time: 1.0721s, #vars: 1997, #constrs: 1303, improved: True
Solving MIP for lay/input-15_14,[-7.592748641967773,1.1997661590576172]=>[-7.592748641967773,-1e-05] (-1,-1; 15,-1), time: 1.1370s, #vars: 1997, #constrs: 1303, improved: True
Solving MIP for lay/input-15_241,[-16.44515609741211,0.6205076575279236]=>[-16.44515609741211,-1e-05] (-1,-1; 15,-1), time: 0.2533s, #vars: 1997, #constrs: 1303, improved: True
Solving MIP for lay/input-15_129,[-5.192971706390381,0.7473787069320679]=>[-5.192971706390381,-1e-05] (-1,-1; 15,-1), time: 1.5934s, #vars: 1997, #constrs: 1303, improved: True
Solving MIP for lay/input-15_81,[-0.9845823049545288,0.882591724395752]=>[1e-05,0.7239679977726604] (15,-1; 2,-1), time: 0.3438s, #vars: 1997, #constrs: 1303, improved: True
Solving MIP for lay/input-15_143,[-8.973043441772461,0.67005854845047]=>[-8.973043441772461,-1e-05] (-1,-1; 15,-1), time: 1.6438s, #vars: 1997, #constrs: 1303, improved: True
Solving MIP for lay/input-15_157,[-1.0802817344665527,3.0642409324645996]=>[1e-05,3.0642409324645996] (15,-1; -1,-1), time: 0.0998s, #vars: 1997, #constrs: 1303, improved: True
Solving MIP for lay/input-15_144,[-14.846091270446777,0.3501364290714264]=>[-14.846091270446777,-1e-05] (-1,-1; 15,-1), time: 0.4274s, #vars: 1997, #constrs: 1303, improved: True
Solving MIP for lay/input-15_183,[-3.1289634704589844,1.9305481910705566]=>[1e-05,1.7010026785472085] (15,-1; 2,-1), time: 2.0315s, #vars: 1997, #constrs: 1303, improved: True
Solving MIP for lay/input-15_142,[-6.006417274475098,0.490762859582901]=>[-6.006417274475098,-1e-05] (-1,-1; 15,-1), time: 2.0575s, #vars: 1997, #constrs: 1303, improved: True
Solving MIP for lay/input-15_106,[-2.3434391021728516,0.5104774832725525]=>[1e-05,0.4987284116391794] (15,-1; 2,-1), time: 0.2045s, #vars: 1997, #constrs: 1303, improved: True
Solving MIP for lay/input-15_76,[-7.575958251953125,0.42732515931129456]=>[1e-05,0.38359478787356366] (15,-1; 2,-1), time: 1.6053s, #vars: 1997, #constrs: 1303, improved: True
Solving MIP for lay/input-15_239,[-4.342121601104736,0.6073899865150452]=>[-4.342121601104736,-1e-05] (-1,-1; 15,-1), time: 3.7212s, #vars: 1997, #constrs: 1303, improved: True
Solving MIP for lay/input-15_24,[-6.480099678039551,0.3625417947769165]=>[-6.480099678039551,-1e-05] (-1,-1; 15,-1), time: 1.9271s, #vars: 1997, #constrs: 1303, improved: True
Solving MIP for lay/input-15_86,[-1.9442484378814697,1.1209468841552734]=>[1e-05,0.5962977986903069] (15,-1; 2,-1), time: 4.0420s, #vars: 1997, #constrs: 1303, improved: True
Solving MIP for lay/input-15_226,[-1.3461170196533203,1.3044471740722656]=>[1e-05,0.9549255634931967] (15,-1; 2,-1), time: 2.1933s, #vars: 1997, #constrs: 1303, improved: True
Solving MIP for lay/input-15_197,[-12.451698303222656,0.2881503403186798]=>[-12.451698303222656,-1e-05] (-1,-1; 15,-1), time: 0.2896s, #vars: 1997, #constrs: 1303, improved: True
Solving MIP for lay/input-15_120,[-6.033151626586914,0.4346013069152832]=>[-6.033151626586914,-1e-05] (-1,-1; 15,-1), time: 1.6084s, #vars: 1997, #constrs: 1303, improved: True
Solving MIP for lay/input-15_198,[-10.44400405883789,0.41294094920158386]=>[-10.44400405883789,-1e-05] (-1,-1; 15,-1), time: 0.5020s, #vars: 1997, #constrs: 1303, improved: True
Solving MIP for lay/input-15_150,[-3.9380991458892822,1.016217827796936]=>[-3.9380991458892822,-1e-05] (-1,-1; 15,-1), time: 7.0975s, #vars: 1997, #constrs: 1303, improved: True
Solving MIP for lay/input-15_153,[-9.139724731445312,0.17817938327789307]=>[-9.139724731445312,-1e-05] (-1,-1; 15,-1), time: 0.2700s, #vars: 1997, #constrs: 1303, improved: True
Solving MIP for lay/input-15_179,[-5.51115608215332,0.1806107759475708]=>[-5.51115608215332,-1e-05] (-1,-1; 15,-1), time: 0.1464s, #vars: 1997, #constrs: 1303, improved: True
Solving MIP for lay/input-15_69,[-9.341873168945312,0.730163037776947]=>[-9.341873168945312,-1e-05] (-1,-1; 15,-1), time: 0.1200s, #vars: 1997, #constrs: 1303, improved: True
Solving MIP for lay/input-15_75,[-4.198397159576416,1.3686513900756836]=>[-4.198397159576416,-1e-05] (-1,-1; 15,-1), time: 7.3885s, #vars: 1997, #constrs: 1303, improved: True
Solving MIP for lay/input-15_46,[-5.204939365386963,0.577642023563385]=>[-5.204939365386963,-1e-05] (-1,-1; 15,-1), time: 7.4131s, #vars: 1997, #constrs: 1303, improved: True
Solving MIP for lay/input-15_38,[-5.001016616821289,0.10804956406354904]=>[-5.001016616821289,-1e-05] (-1,-1; 15,-1), time: 0.5563s, #vars: 1997, #constrs: 1303, improved: True
Solving MIP for lay/input-15_181,[-9.828916549682617,0.24449026584625244]=>[-9.828916549682617,-1e-05] (-1,-1; 15,-1), time: 0.4514s, #vars: 1997, #constrs: 1303, improved: True
Solving MIP for lay/input-15_225,[-8.40363883972168,0.3124118149280548]=>[-8.40363883972168,-1e-05] (-1,-1; 15,-1), time: 0.4168s, #vars: 1997, #constrs: 1303, improved: True
Solving MIP for lay/input-15_217,[-6.5911865234375,0.34901949763298035]=>[-6.5911865234375,-1e-05] (-1,-1; 15,-1), time: 0.6000s, #vars: 1997, #constrs: 1303, improved: True
Solving MIP for lay/input-15_50,[-1.5831248760223389,0.36020559072494507]=>[-1.5831248760223389,-1e-05] (-1,-1; 15,-1), time: 0.1177s, #vars: 1997, #constrs: 1303, improved: True
Solving MIP for lay/input-15_37,[-3.446815252304077,0.3873707056045532]=>[-3.446815252304077,-1e-05] (-1,-1; 15,-1), time: 4.6111s, #vars: 1997, #constrs: 1303, improved: True
Solving MIP for lay/input-15_43,[-8.215371131896973,0.08962341398000717]=>[-8.215371131896973,-1e-05] (-1,-1; 15,-1), time: 0.1271s, #vars: 1997, #constrs: 1303, improved: True
Solving MIP for lay/input-15_22,[-7.039375305175781,0.1480206847190857]=>[-7.039375305175781,-1e-05] (-1,-1; 15,-1), time: 0.1153s, #vars: 1997, #constrs: 1303, improved: True
Solving MIP for lay/input-15_252,[-3.5664219856262207,0.15681320428848267]=>[-3.5664219856262207,-1e-05] (-1,-1; 15,-1), time: 0.1310s, #vars: 1997, #constrs: 1303, improved: True
Solving MIP for lay/input-15_148,[-12.264129638671875,0.11361613124608994]=>[-12.264129638671875,-1e-05] (-1,-1; 15,-1), time: 0.2400s, #vars: 1997, #constrs: 1303, improved: True
Solving MIP for lay/input-15_214,[-9.084962844848633,0.09726954251527786]=>[-9.084962844848633,-1e-05] (-1,-1; 15,-1), time: 0.1607s, #vars: 1997, #constrs: 1303, improved: True
Solving MIP for lay/input-15_9,[-6.161750316619873,0.2501664161682129]=>[-6.161750316619873,-1e-05] (-1,-1; 15,-1), time: 0.4768s, #vars: 1997, #constrs: 1303, improved: True
Solving MIP for lay/input-15_248,[-4.261252403259277,0.7727656960487366]=>[-4.261252403259277,-1e-05] (-1,-1; 15,-1), time: 8.4076s, #vars: 1997, #constrs: 1303, improved: True
Solving MIP for lay/input-15_90,[-5.618279457092285,0.10280279070138931]=>[-5.618279457092285,-1e-05] (-1,-1; 15,-1), time: 0.3316s, #vars: 1997, #constrs: 1303, improved: True
Solving MIP for lay/input-15_205,[-3.981721878051758,0.10325861722230911]=>[-3.981721878051758,-1e-05] (-1,-1; 15,-1), time: 0.1184s, #vars: 1997, #constrs: 1303, improved: True
Solving MIP for lay/input-15_25,[-6.533830165863037,0.10458655655384064]=>[-6.533830165863037,-1e-05] (-1,-1; 15,-1), time: 0.3079s, #vars: 1997, #constrs: 1303, improved: True
Solving MIP for lay/input-15_68,[-5.733670234680176,0.14057238399982452]=>[-5.733670234680176,-1e-05] (-1,-1; 15,-1), time: 0.3052s, #vars: 1997, #constrs: 1303, improved: True
Solving MIP for lay/input-15_71,[-3.712367296218872,0.16474372148513794]=>[-3.712367296218872,-1e-05] (-1,-1; 15,-1), time: 0.1209s, #vars: 1997, #constrs: 1303, improved: True
Solving MIP for lay/input-15_74,[-7.284720420837402,0.2761545479297638]=>[-7.284720420837402,-1e-05] (-1,-1; 15,-1), time: 0.1245s, #vars: 1997, #constrs: 1303, improved: True
Solving MIP for lay/input-15_115,[-2.9016356468200684,0.5919194221496582]=>[-2.9016356468200684,-1e-05] (-1,-1; 15,-1), time: 0.1157s, #vars: 1997, #constrs: 1303, improved: True
Solving MIP for lay/input-15_188,[-4.078455924987793,0.9550204277038574]=>[-4.078455924987793,-1e-05] (-1,-1; 15,-1), time: 0.2283s, #vars: 1997, #constrs: 1303, improved: True
Solving MIP for lay/input-15_39,[-3.8051371574401855,0.007001306861639023]=>[-3.8051371574401855,-1e-05] (-1,-1; 15,-1), time: 0.1212s, #vars: 1997, #constrs: 1303, improved: True
Solving MIP for lay/input-15_254,[-4.723388671875,1.108826756477356]=>[-4.723388671875,-1e-05] (-1,-1; 15,-1), time: 0.1237s, #vars: 1997, #constrs: 1303, improved: True
Solving MIP for lay/input-15_168,[-3.680241107940674,0.06238860264420509]=>[-3.680241107940674,-1e-05] (-1,-1; 15,-1), time: 0.1177s, #vars: 1997, #constrs: 1303, improved: True
Solving MIP for lay/input-15_112,[-4.554464340209961,0.9630750417709351]=>[-4.554464340209961,-1e-05] (-1,-1; 15,-1), time: 0.1159s, #vars: 1997, #constrs: 1303, improved: True
Solving MIP for lay/input-15_83,[-5.093805313110352,0.02040073089301586]=>[-5.093805313110352,-1e-05] (-1,-1; 15,-1), time: 0.2133s, #vars: 1997, #constrs: 1303, improved: True
Solving MIP for lay/input-15_130,[-6.749155521392822,1.5950841903686523]=>[-6.749155521392822,-1e-05] (-1,-1; 15,-1), time: 0.1288s, #vars: 1997, #constrs: 1303, improved: True
Solving MIP for lay/input-15_133,[-6.019566535949707,1.5232625007629395]=>[-0.8628626515646488,1.2023608411619524] (2,-1; 2,-1), time: 9.2285s, #vars: 1997, #constrs: 1303, improved: True
Solving MIP for lay/input-15_102,[-3.8810670375823975,0.631072998046875]=>[-3.8810670375823975,-1e-05] (-1,-1; 15,-1), time: 0.2309s, #vars: 1997, #constrs: 1303, improved: True
Solving MIP for lay/input-15_94,[-1.5433344841003418,0.3560565710067749]=>[-1.5433344841003418,-1e-05] (-1,-1; 15,-1), time: 0.2311s, #vars: 1997, #constrs: 1303, improved: True
Solving MIP for lay/input-15_73,[-4.964797496795654,0.8497270345687866]=>[-4.964797496795654,-1e-05] (-1,-1; 15,-1), time: 0.1338s, #vars: 1997, #constrs: 1303, improved: True
Solving MIP for lay/input-15_36,[-4.672028541564941,0.613597571849823]=>[-4.672028541564941,-1e-05] (-1,-1; 15,-1), time: 9.2877s, #vars: 1997, #constrs: 1303, improved: True
Solving MIP for lay/input-15_169,[-3.8621716499328613,0.9213926196098328]=>[-0.926339928292757,0.4161084468156075] (2,-1; 2,-1), time: 9.1986s, #vars: 1997, #constrs: 1303, improved: True
Solving MIP for lay/input-15_98,[-2.913187026977539,0.003524197731167078]=>[-2.913187026977539,-1e-05] (-1,-1; 15,-1), time: 0.1330s, #vars: 1997, #constrs: 1303, improved: True
Solving MIP for lay/input-15_95,[-2.7066597938537598,0.06028085574507713]=>[-2.7066597938537598,-1e-05] (-1,-1; 15,-1), time: 0.1199s, #vars: 1997, #constrs: 1303, improved: True
Solving MIP for lay/input-15_209,[-2.6864867210388184,0.4283568263053894]=>[-2.6864867210388184,-1e-05] (-1,-1; 15,-1), time: 0.1220s, #vars: 1997, #constrs: 1303, improved: True
Solving MIP for lay/input-15_41,[-3.522186279296875,0.07865981757640839]=>[-3.522186279296875,-1e-05] (-1,-1; 15,-1), time: 1.3117s, #vars: 1997, #constrs: 1303, improved: True
Solving MIP for lay/input-15_93,[-4.624789237976074,1.311501145362854]=>[-4.624789237976074,-1e-05] (-1,-1; 15,-1), time: 9.8575s, #vars: 1997, #constrs: 1303, improved: True
Solving MIP for lay/input-15_229,[-4.1085357666015625,1.5602577924728394]=>[-0.6390943398829555,1.201933137007156] (2,-1; 2,-1), time: 10.3524s, #vars: 1997, #constrs: 1303, improved: True
Solving MIP for lay/input-15_235,[-4.617362022399902,1.2609317302703857]=>[-4.617362022399902,-1e-05] (-1,-1; 15,-1), time: 10.5168s, #vars: 1997, #constrs: 1303, improved: True
Solving MIP for lay/input-15_211,[-6.64768648147583,0.8332811594009399]=>[-0.9449452597661674,0.6192655052693249] (2,-1; 2,-1), time: 10.5402s, #vars: 1997, #constrs: 1303, improved: True
Solving MIP for lay/input-15_79,[-2.623363733291626,0.2628070116043091]=>[-2.623363733291626,-1e-05] (-1,-1; 15,-1), time: 4.6745s, #vars: 1997, #constrs: 1303, improved: True
Solving MIP for lay/input-15_67,[-4.194417953491211,0.11032801866531372]=>[-4.194417953491211,-1e-05] (-1,-1; 15,-1), time: 4.4289s, #vars: 1997, #constrs: 1303, improved: True
Solving MIP for lay/input-15_124,[-2.654120445251465,0.7074531316757202]=>[-2.654120445251465,-1e-05] (-1,-1; 15,-1), time: 11.5454s, #vars: 1997, #constrs: 1303, improved: True
Solving MIP for lay/input-15_191,[-5.13694953918457,0.5133240222930908]=>[-5.13694953918457,-1e-05] (-1,-1; 15,-1), time: 10.1974s, #vars: 1997, #constrs: 1303, improved: True
Solving MIP for lay/input-15_135,[-1.426788568496704,0.6786065697669983]=>[-1.0202994578835196,0.13805475430216463] (2,-1; 2,-1), time: 11.8791s, #vars: 1997, #constrs: 1303, improved: True
Solving MIP for lay/input-15_107,[-2.361314535140991,0.9990243911743164]=>[-1.0496768673784038,0.24015801845892992] (2,-1; 9,-1), time: 16.1908s, #vars: 1997, #constrs: 1303, improved: True
Solving MIP for lay/input-15_2,[-4.295252323150635,0.4821324646472931]=>[-1.3558599383646532,0.04179653218119595] (2,-1; 9,-1), time: 16.0576s, #vars: 1997, #constrs: 1303, improved: True
Solving MIP for lay/input-15_204,[-3.6783270835876465,0.31888604164123535]=>[-0.6769578102457132,0.12573083207152075] (2,-1; 2,-1), time: 15.6982s, #vars: 1997, #constrs: 1303, improved: True
Solving MIP for lay/input-15_55,[-6.025135040283203,0.47812071442604065]=>[-1.1544101054295357,0.08539428737695248] (2,-1; 2,-1), time: 19.8912s, #vars: 1997, #constrs: 1303, improved: True
Run alpha-CROWN after refining relu idx 2
relu layer: 2 has unstable to stable neurons: [(43, -1), (211, -1), (107, -1), (35, -1), (74, 1), (187, -1)]
Early stop at 76th iter due to 10 iterations no improvement!
alpha/beta optimization time: 8.870464563369751
Early stop at 61th iter due to 10 iterations no improvement!
best_l after optimization: -6.626563549041748
beta sum per layer: []
alpha/beta optimization time: 6.764167070388794
alpha-CROWN with intermediate bounds by MIP: tensor([[-0.63117993, -0.60062206, -0.74445969, -0.73139399, -0.59850299,
         -1.30517566, -0.65432131, -0.69513965, -0.66576844]], device='cuda:0') tensor([[1.26015878, 1.27202272, 1.23492491, 1.21000373, 1.36077082, 1.29262114,
         1.24495685, 1.29476583, 1.32426918]], device='cuda:0')
MIP improved 76 nodes out of 76 unstable nodes for layer /35, time 22.9818
MIP got 0 timeout nodes out of 76 nodes for layer /35
maximum relu layer improved by MIP so far 3
MIP finished with 48.83239769935608s
torch.Size([1, 9])
refined global lb: tensor([[-0.63117993],
        [-0.60062206],
        [-0.74445969],
        [-0.73139399],
        [-0.59850299],
        [-1.30517566],
        [-0.65432131],
        [-0.69513965],
        [-0.66576844]], device='cuda:0') min: tensor(-1.30517566, device='cuda:0')
0 / 9 OR specs are verified.
Verified OR indices (first 10 items): []
Verified OR lbs (first 10 items): []
Unverified OR indices (first 10 items): [0, 1, 2, 3, 4, 5, 6, 7, 8]
Unverified OR lbs (first 10 items): [[-0.631179928779602], [-0.6006220579147339], [-0.7444596886634827], [-0.7313939929008484], [-0.5985029935836792], [-1.3051756620407104], [-0.6543213129043579], [-0.6951396465301514], [-0.6657684445381165]]
###### Verifying property Instance 0 ######
Batch size: 9
First 10 spec matrices
C: tensor([[[-1.,  0.,  0.,  0.,  0.,  0.,  1.,  0.,  0.,  0.]],

        [[ 0., -1.,  0.,  0.,  0.,  0.,  1.,  0.,  0.,  0.]],

        [[ 0.,  0., -1.,  0.,  0.,  0.,  1.,  0.,  0.,  0.]],

        [[ 0.,  0.,  0., -1.,  0.,  0.,  1.,  0.,  0.,  0.]],

        [[ 0.,  0.,  0.,  0., -1.,  0.,  1.,  0.,  0.,  0.]],

        [[ 0.,  0.,  0.,  0.,  0., -1.,  1.,  0.,  0.,  0.]],

        [[ 0.,  0.,  0.,  0.,  0.,  0.,  1., -1.,  0.,  0.]],

        [[ 0.,  0.,  0.,  0.,  0.,  0.,  1.,  0., -1.,  0.]],

        [[ 0.,  0.,  0.,  0.,  0.,  0.,  1.,  0.,  0., -1.]]], device='cuda:0')
RHS: tensor([[0.],
        [0.],
        [0.],
        [0.],
        [0.],
        [0.],
        [0.],
        [0.],
        [0.]], device='cuda:0')
OR spec sizes: tensor([1, 1, 1, 1, 1, 1, 1, 1, 1], device='cuda:0', dtype=torch.int32)
Remaining timeout: 32.96699333190918
Model prediction is: tensor([ 6.10788167e-03, -8.74027610e-05,  1.76327825e-02, -4.08741832e-03,
         1.50463730e-03, -7.44350255e-04,  9.91618216e-01, -1.06591508e-02,
        -2.35110521e-03, -2.63668597e-03], device='cuda:0')
Activation BaB batch 1/1 
build_with_refined_bounds batch [1/1]
Optimizable variables initialized.
all alpha initialized
directly get lb and ub from refined bounds
c shape: torch.Size([9, 1, 10])
lA shapes: [torch.Size([9, 1, 256]), torch.Size([9, 1, 256]), torch.Size([9, 1, 256]), torch.Size([9, 1, 256])]
torch.Size([9, 1])
(alpha-)CROWN with fixed intermediate bounds: tensor([[-0.63117993],
        [-0.60062206],
        [-0.74445969],
        [-0.73139399],
        [-0.59850299],
        [-1.30517566],
        [-0.65432131],
        [-0.69513965],
        [-0.66576844]], device='cuda:0') tensor([[inf],
        [inf],
        [inf],
        [inf],
        [inf],
        [inf],
        [inf],
        [inf],
        [inf]], device='cuda:0')
Intermediate layers: /input-7,/input-11,/input-15,/input/optimized
Keeping alphas for these layers: ['/36']
Node /31 input 0: size torch.Size([256]) unstable 58
Node /33 input 0: size torch.Size([256]) unstable 1
Node /35 input 0: size torch.Size([256]) unstable 9
Node /input/optimized/relu input 0: size torch.Size([256]) unstable 34
-----------------
# of unstable neurons: 102
-----------------

BaB round 1
batch: 4
splitting decisions: 
split level 0: [/input-15, 133] [/input-15, 211] [/input-15, 133] [/input-15, 133] 

all verified at 0th iter
best_l after optimization: 4.296546936035156
beta sum per layer: [0.0, 0.0, 0.0, 0.0]
alpha/beta optimization time: 0.034818172454833984
pruning_in_iteration open status: False
ratio of positive domain = 8 / 8 = 1.0
pruning-in-iteration extra time: 0.002502918243408203
torch.Size([8, 1])
Time: prepare 0.0074    bound 0.0382    transfer 0.0024    finalize 0.0003    func 0.0483    
Accumulated time: func 0.0483    prepare 0.0998    bound 0.0382    transfer 0.0024    finalize 0.0003    
max lb tensor(0.80030948) min lb tensor(0.12477447)
Number of Verified Splits: 8 of 8
Current worst splitting domains lb-rhs (depth):
-0.74446 (0), -0.73139 (0), -0.63118 (0), -0.60062 (0), -0.59850 (0), 
Length of domains: 5
Current (lb-rhs): -0.7444596886634827
0 domains visited
Time: pickout 0.0274    decision 0.3740    set_bounds 0.0050    solve 0.0490    add 0.0002    
Accumulated time: pickout 0.0274    decision 0.3740    set_bounds 0.0050    solve 0.0490    add 0.0002    
current_vram/total_varm: 0.0GB/102.0GB, batch_size increase to 8
Cumulative time: 0.5263998508453369

BaB round 2
batch: 5
splitting decisions: 
split level 0: [/input-15, 133] [/input-15, 133] [/input-15, 229] [/input-15, 133] [/input-15, 133] 

all verified at 0th iter
best_l after optimization: 6.065444469451904
beta sum per layer: [0.0, 0.0, 0.0, 0.0]
alpha/beta optimization time: 0.05089855194091797
pruning_in_iteration open status: False
ratio of positive domain = 10 / 10 = 1.0
pruning-in-iteration extra time: 0.002845287322998047
torch.Size([10, 1])
Time: prepare 0.0101    bound 0.0545    transfer 0.0030    finalize 0.0003    func 0.0679    
Accumulated time: func 0.1162    prepare 0.1984    bound 0.0927    transfer 0.0054    finalize 0.0005    
max lb tensor(0.85205072) min lb tensor(0.33313534)
Number of Verified Splits: 10 of 10
Length of domains: 0
No domains left, verification finished!
Current (lb-rhs): 1.0000000116860974e-07
0 domains visited
Time: pickout 0.0668    decision 0.3852    set_bounds 0.0074    solve 0.0683    add 0.0001    
Accumulated time: pickout 0.0942    decision 0.7592    set_bounds 0.0123    solve 0.1173    add 0.0003    
Cumulative time: 1.0542120933532715

Removing temporary cuts path: /tmp/abcrown_cuts_s_i9w6yj
Result: unsat
Time: 58.09671902656555
Warning: environment still referenced so free is deferred (Continue to use WLS)
INFO     17:16:30     [__init__.py:1489] Warning: environment still referenced so free is deferred (Continue to use WLS)

------------------------- COMMAND ------------------------------
/data1/Kane/miniconda3/envs/abcrown25/bin/python /data1/Kane/alpha-beta-CROWN_vnncomp2025/complete_verifier/abcrown.py --config /data1/Kane/alpha-beta-CROWN_vnncomp2025/complete_verifier/exp_configs/vnncomp25/relusplitter.yaml --precompile_jit --onnx_path /data1/Kane/data/vnncomp2025_benchmarks/benchmarks/relusplitter/onnx/mnist_fc_vnncomp2022_mnist-net_256x4_RSPLITTER_mnist_fc_vnncomp2022_prop_0_0.03.onnx --vnnlib_path /data1/Kane/data/vnncomp2025_benchmarks/benchmarks/relusplitter/vnnlib/mnist_fc_vnncomp2022_prop_0_0.03.vnnlib --results_file /data1/Kane/ACT/audit_results/abcrown25_supplemental_20260526/relusplitter/0008__mnist_fc_vnncomp2022_mnist-net_256x4_RSPLITTER_mnist_fc_vnncomp2022_prop_0_0.03__mnist_fc_vnncomp2022_prop_0_0.03.result --timeout 90.0 --save_adv_example --pgd_order=skip
----------------------------------------------------------------

