[0;93m2026-05-26 10:31:00.900730515 [W:onnxruntime:Default, device_discovery.cc:283 GetGpuDevices] Failed to detect devices under "/sys/class/drm/card0": device_discovery.cc:93 ReadFileContents Failed to open file: "/sys/class/drm/card0/device/vendor"[m
INFO     10:31:01     [tensor_storage.py:70] Hugepage enabled for branch-and-bound domains.
Configurations:

general:
  device: cuda
  seed: 100
  conv_mode: patches
  deterministic: false
  double_fp: false
  loss_reduction_func: sum
  sparse_alpha: true
  sparse_interm: true
  save_adv_example: true
  verify_onnxruntime_output: false
  eval_adv_example: false
  onnx_adv_example: false
  show_adv_example: false
  precompile_jit: true
  reset_seed_after_precompile: false
  prepare_only: false
  complete_verifier: auto
  enable_incomplete_verification: true
  csv_name: instances.csv
  results_file: /data1/Kane/ACT/audit_results/abcrown25_supplemental_20260526/relusplitter/0161__cifar_biasfield_vnncomp2022_cifar_bias_field_40__cifar_biasfield_vnncomp2022_prop_40.result
  root_path: ../../vnncomp2025_benchmarks/benchmarks/relusplitter
  deterministic_opt: false
  graph_optimizer: 'Customized("custom_graph_optimizer", "default_optimizer")'
  buffer_has_batchdim: false
  save_output: false
  output_file: out.pkl
  return_optimized_model: false
  store_all_specs_on_cpu: false
  adhoc_tuning: null
model:
  name: null
  path: null
  onnx_path: /data1/Kane/data/vnncomp2025_benchmarks/benchmarks/relusplitter/onnx/cifar_biasfield_vnncomp2022_cifar_bias_field_40.onnx
  onnx_path_prefix: ''
  cache_onnx_conversion: false
  debug_onnx: false
  onnx_quirks: '''Reshape'': ''fix_batch_size'': True'
  input_shape: null
  onnx_loader: default_onnx_and_vnnlib_loader
  onnx_optimization_flags: []
  onnx_vnnlib_joint_optimization_flags: none
  check_optimized: false
  flatten_final_output: false
  optimize_graph: null
  with_jacobian: false
data:
  start: 0
  end: 10000
  select_instance: null
  num_outputs: 10
  mean: 0.0
  std: 1.0
  pkl_path: null
  dataset: null
  data_filter_path: null
  data_idx_file: null
specification:
  type: lp
  robustness_type: verified-acc
  norm: .inf
  epsilon: null
  epsilon_min: 0.0
  vnnlib_path: /data1/Kane/data/vnncomp2025_benchmarks/benchmarks/relusplitter/vnnlib/cifar_biasfield_vnncomp2022_prop_40.vnnlib
  vnnlib_path_prefix: ''
  shrink_eps: null
  rhs_offset: null
solver:
  batch_size: 4
  auto_enlarge_batch_size: true
  batched_crown_auto_enlarge_max_vram_ratio: 0.9
  min_batch_size_ratio: 1
  use_float64_in_last_iteration: false
  early_stop_patience: 10
  start_save_best: -1
  bound_prop_method: alpha-crown
  init_bound_prop_method: same
  prune_after_crown: true
  optimize_disjuncts_separately: false
  build_batch_size: 1000000
  skip_with_refined_bound: true
  forward_before_compute_bounds: false
  crown:
    batch_size: 1000000000
    max_crown_size: 1000000000
    activation_bound_option: adaptive
    compare_crown_with_ibp: false
  alpha-crown:
    alpha: true
    lr_alpha: 0.1
    iteration: 100
    share_alphas: false
    lr_decay: 0.98
    full_conv_alpha: true
    max_coeff_mul: .inf
    matmul_share_alphas: false
    disable_optimization: []
    max_time: 1.0
    alpha_dtype: float16
  invprop:
    apply_output_constraints_to: []
    tighten_input_bounds: false
    best_of_oc_and_no_oc: false
    directly_optimize: []
    oc_lr: 0.1
    share_gammas: false
  beta-crown:
    lr_alpha: 0.01
    lr_beta: 0.01
    lr_decay: 0.98
    optimizer: adam
    iteration: 50
    beta: true
    beta_warmup: true
    enable_opt_interm_bounds: false
    all_node_split_LP: false
  forward:
    refine: false
    max_dim: 10000
    reset_threshold: 1.0
  intermediate_refinement:
    enabled: false
    batch_size: 10
    opt_coeffs: false
    opt_bias: false
    lr: 0.05
    layers: [-1]
    max_domains: 1000
  mip:
    unstable_neuron_threshold: 0
    parallel_solvers: null
    solver_threads: 1
    refine_neuron_timeout: 15
    refine_neuron_time_percentage: 0.8
    early_stop: true
    adv_warmup: true
    mip_solver: gurobi
    skip_unsafe: false
    topk_filter: 1.0
    sliding_window: -1
    extra_constraint: false
    refine_neuron_timeout_increasement: 0
    timeout_neuron_percentage: 0.3
    remaining_timeout_threshold: 1
    remove_unstable_neurons: false
    lp_solver: false
bab:
  max_domains: .inf
  decision_thresh: 0
  timeout: 60.0
  timeout_scale: 1
  max_iterations: -1
  override_timeout: null
  get_upper_bound: false
  pruning_in_iteration: true
  pruning_in_iteration_ratio: 0.2
  sort_targets: false
  batched_domain_list: true
  optimized_interm: ''
  interm_transfer: true
  recompute_interm: false
  sort_domain_interval: -1
  vanilla_crown: false
  tree_traversal: depth_first
  hugetensor_allocator: true
  cut:
    enabled: false
    cuts_path: null
    implication: false
    bab_cut: true
    lp_cut: false
    method: null
    lr: 0.01
    lr_decay: 1.0
    iteration: 100
    bab_iteration: -1
    early_stop_patience: -1
    lr_beta: 0.01
    number_cuts: 50
    topk_cuts_in_filter: 1000
    batch_size_primal: 100
    max_num: 1000000000
    patches_cut: false
    cplex_cuts: true
    cplex_cuts_wait: 0
    cplex_cuts_revpickup: true
    cut_reference_bounds: true
    fix_intermediate_bounds: false
    _tmp_cuts: null
    fixed_cuts: false
    add_implied_cuts: false
    add_input_cuts: false
    biccos:
      enabled: false
      constraint_strengthening: true
      recursively_strengthening: false
      drop_ratio: 0.5
      verified_bonus: 0.3
      max_infer_iter: 20
      max_domain: 10000.0
      heuristic: neuron_influence_score
      save_biccos_cuts: false
      multi_tree_branching:
        enabled: false
        restore_best_tree: false
        keep_n_best_domains: 1
        k_splits: 1
        iterations: 1
  clip_n_verify:
    rearrange_constraints: false
    alpha_crown: false
    prune: false
    final_layer: false
    clip_input_domain:
      enabled: true
      clip_type: relaxed
      heuristic_K: 0.0
      clip_iterations: 1
      clip_calculate_volume_metrics: false
    clip_interm_domain:
      enabled: true
      with_input: false
      clip_in_alpha_crown: false
      topk_objective: 20
  branching:
    method: kfsb
    candidates: 10
    reduceop: max
    enable_intermediate_bound_opt: false
    branching_input_and_activation: false
    branching_input_and_activation_order: [input, relu]
    branching_input_iterations: 30
    branching_relu_iterations: 50
    nonlinear_split:
      method: bbps
      disable: false
      branching_point_method: uniform
      num_branches: 2
      filter: false
      filter_beta: false
      filter_clamp: false
      filter_batch_size: 10000
      filter_iterations: 25
      relu_only: false
      loose_tanh_threshold: null
      branching_point:
        db_path: branching_points.pt
        num_iterations: 1000
        batch_size: 1000000
        range_l: -5.0
        range_u: 5.0
        log_interval: 100
        step_size_1d: 0.01
        step_size: 0.2
    input_split:
      split_hint: null
      enable: false
      reorder_bab: true
      input_dim_threshold: 20
      adv_check: 0
      split_partitions: 2
      sb_margin_weight: 1.0
      sb_sum: false
      sb_primary_spec: null
      bf_backup_thresh: -1
      bf_rhs_offset: 0
      bf_iters: 1000000000.0
      bf_batch_size: 100000
      bf_zero_crossing_score: false
      touch_zero_score: 0
      ibp_enhancement: false
      compare_with_old_bounds: true
      update_rhs_with_attack: false
      sb_coeff_thresh: 2.0
      sort_index: null
      sort_descending: true
      show_progress: false
      presplit_domains: null
      skip_getting_worst_domain: false
  attack:
    enabled: false
    beam_candidates: 8
    beam_depth: 7
    max_dive_fix_ratio: 0.8
    min_local_free_ratio: 0.2
    mip_start_iteration: 5
    mip_timeout: 30.0
    adv_pool_threshold: null
    refined_mip_attacker: false
    refined_batch_size: null
attack:
  general_attack: true
  pgd_order: skip
  pgd_steps: 100
  pgd_restarts: 30
  pgd_batch_size: 100000000
  pgd_early_stop: true
  pgd_lr_decay: 0.99
  pgd_alpha: auto
  pgd_alpha_scale: false
  pgd_loss_mode: null
  pgd_restart_when_stuck: false
  enable_mip_attack: false
  adv_saver: default_adv_saver
  adv_verifier: default_adv_verifier
  early_stop_condition: default_early_stop_condition
  adv_example_finalizer: default_adv_example_finalizer
  pgd_loss: default_pgd_loss
  cex_path: ./test_cex.txt
  attack_mode: diversed_PGD
  attack_tolerance: 0.0
  attack_func: attack_with_general_specs
  gama_lambda: 10.0
  gama_decay: 0.9
  input_split:
    pgd_steps: 100
    pgd_restarts: 30
    pgd_alpha: auto
  input_split_check_adv:
    enabled: auto
    pgd_steps: 5
    pgd_restarts: 5
    pgd_alpha: auto
    max_num_domains: 10
debug:
  view_model: false
  lp_test: null
  rescale_vnnlib_ptb: null
  test_optimized_bounds: false
  test_optimized_bounds_after_n_iterations: 0
  print_verbose_decisions: false
  sanity_check: null
  save_minimal_config: null
  save_minimal_config_omit_keys: []
/data1/Kane/miniconda3/envs/abcrown25/lib/python3.11/site-packages/onnx2pytorch/convert/layer.py:29: UserWarning: The given NumPy array is not writable, and PyTorch does not support non-writable tensors. This means writing to this tensor will result in undefined behavior. You may want to copy the array to protect its data or make it writable before converting it to a tensor. This type of warning will be suppressed for the rest of this program. (Triggered internally at /pytorch/torch/csrc/utils/tensor_numpy.cpp:206.)
  layer.weight.data = torch.from_numpy(numpy_helper.to_array(weight))
/data1/Kane/miniconda3/envs/abcrown25/lib/python3.11/site-packages/onnx2pytorch/convert/model.py:151: UserWarning: Using experimental implementation that allows 'batch_size > 1'.Batchnorm layers could potentially produce false outputs.
  warnings.warn(
/data1/Kane/miniconda3/envs/abcrown25/lib/python3.11/site-packages/onnx2pytorch/operations/reshape.py:36: TracerWarning: Converting a tensor to a Python boolean might cause the trace to be incorrect. We can't record the data flow of Python values, so this value will be treated as a constant in the future. This means that the trace might not generalize to other inputs!
  if shape[0] == 1 and len(shape) in [2, 3, 4, 5] and self.quirks.get("fix_batch_size") is True:
/data1/Kane/miniconda3/envs/abcrown25/lib/python3.11/site-packages/onnx2pytorch/operations/reshape.py:54: TracerWarning: torch.tensor results are registered as constants in the trace. You can safely ignore this warning if you use this function to create tensors out of constant variables that would be the same every time you call this function. In any other case, this might cause the trace to be incorrect.
  if (torch.prod(torch.tensor(input.shape)) != torch.prod(shape) and len(input.size()) == len(shape) + 1
/data1/Kane/miniconda3/envs/abcrown25/lib/python3.11/site-packages/onnx2pytorch/operations/reshape.py:54: TracerWarning: Using len to get tensor shape might cause the trace to be incorrect. Recommended usage would be tensor.shape[0]. Passing a tensor of different shape might lead to errors or silently give incorrect results.
  if (torch.prod(torch.tensor(input.shape)) != torch.prod(shape) and len(input.size()) == len(shape) + 1
/data1/Kane/miniconda3/envs/abcrown25/lib/python3.11/site-packages/onnx2pytorch/operations/reshape.py:58: TracerWarning: Iterating over a tensor might cause the trace to be incorrect. Passing a tensor of different shape won't change the number of iterations executed (and might lead to errors or silently give incorrect results).
  shape = [x if x != 0 else input.size(i) for i, x in enumerate(shape)]
/data1/Kane/alpha-beta-CROWN_vnncomp2025/complete_verifier/auto_LiRPA/operators/leaf.py:91: UserWarning: The "has_batchdim" option for BoundBuffers is deprecated. It may be removed from the next release.
  warnings.warn('The "has_batchdim" option for BoundBuffers is deprecated.'

Experiments at Tue May 26 10:31:01 2026 on dell-pro-max-tower-t2
Pre-compile jit kernels on a toy network...
JIT kernels compiled in 1.0881s.
Internal results will be saved to /data1/Kane/ACT/audit_results/abcrown25_supplemental_20260526/relusplitter/0161__cifar_biasfield_vnncomp2022_cifar_bias_field_40__cifar_biasfield_vnncomp2022_prop_40.result.

 %%%%%%%%%%%%%%%%%%%%%%%%%%%%%%%%%%% idx: 0, vnnlib ID: 0 %%%%%%%%%%%%%%%%%%%%%%%%%%%%%%%%%%%
Using onnx /data1/Kane/data/vnncomp2025_benchmarks/benchmarks/relusplitter/onnx/cifar_biasfield_vnncomp2022_cifar_bias_field_40.onnx
Using vnnlib /data1/Kane/data/vnncomp2025_benchmarks/benchmarks/relusplitter/vnnlib/cifar_biasfield_vnncomp2022_prop_40.vnnlib
16 inputs and 10 outputs in vnnlib
Loading onnx /data1/Kane/data/vnncomp2025_benchmarks/benchmarks/relusplitter/onnx/cifar_biasfield_vnncomp2022_cifar_bias_field_40.onnx with quirks {'Reshape': {'fix_batch_size': True}}
Enabling quirks for Reshape operation: fix the first dimension shape to be -1 to support batchsize != 1.
input shape torch.Size([1, 3072]), new shape is tensor([-1,  3, 32, 32]).
Finished onnx model loading in 0.0155 seconds
Finished vnnlib processing in 0.046242 seconds
Using temporary cuts path: <TemporaryDirectory '/tmp/abcrown_cuts_ojsyq7ek'>
Model: BoundedModule(
  (/0): BoundInput(name=/0, inputs=[], perturbed=True)
  (/19): BoundParams(name=/19, inputs=[], perturbed=False)
  (/20): BoundParams(name=/20, inputs=[], perturbed=False)
  (/shape): BoundBuffers(name=/shape, inputs=[], perturbed=False)
  (/22): BoundParams(name=/22, inputs=[], perturbed=False)
  (/23): BoundParams(name=/23, inputs=[], perturbed=False)
  (/24): BoundParams(name=/24, inputs=[], perturbed=False)
  (/25): BoundParams(name=/25, inputs=[], perturbed=False)
  (/26): BoundParams(name=/26, inputs=[], perturbed=False)
  (/27): BoundParams(name=/27, inputs=[], perturbed=False)
  (/28): BoundParams(name=/28, inputs=[], perturbed=False)
  (/29): BoundParams(name=/29, inputs=[], perturbed=False)
  (/30): BoundParams(name=/30, inputs=[], perturbed=False)
  (/31): BoundParams(name=/31, inputs=[], perturbed=False)
  (/32): BoundParams(name=/32, inputs=[], perturbed=False)
  (/33): BoundParams(name=/33, inputs=[], perturbed=False)
  (/34): BoundParams(name=/34, inputs=[], perturbed=False)
  (/35): BoundParams(name=/35, inputs=[], perturbed=False)
  (/36): BoundParams(name=/36, inputs=[], perturbed=False)
  (/37): BoundParams(name=/37, inputs=[], perturbed=False)
  (/38): BoundLinear(name=/38, inputs=[/0, /19, /20], perturbed=True)
  (/39): BoundSplit(name=/39, inputs=[/shape], perturbed=False)
  (/40): BoundSplit(name=/40, inputs=[/shape], perturbed=False)
  (/41): BoundSplit(name=/41, inputs=[/shape], perturbed=False)
  (/42): BoundSplit(name=/42, inputs=[/shape], perturbed=False)
  (/43): BoundConstant(name=/43, value=tensor([0], device='cuda:0'))
  (/44): BoundSqueeze(name=/44, inputs=[/39, /43], perturbed=False)
  (/45): BoundConstant(name=/45, value=tensor([0], device='cuda:0'))
  (/46): BoundSqueeze(name=/46, inputs=[/40, /45], perturbed=False)
  (/47): BoundConstant(name=/47, value=tensor([0], device='cuda:0'))
  (/48): BoundSqueeze(name=/48, inputs=[/41, /47], perturbed=False)
  (/49): BoundConstant(name=/49, value=tensor([0], device='cuda:0'))
  (/50): BoundSqueeze(name=/50, inputs=[/42, /49], perturbed=False)
  (/51): BoundConstant(name=/51, value=tensor([0], device='cuda:0'))
  (/52): BoundUnsqueeze(name=/52, inputs=[/44, /51], perturbed=False)
  (/53): BoundConstant(name=/53, value=tensor([0], device='cuda:0'))
  (/54): BoundUnsqueeze(name=/54, inputs=[/46, /53], perturbed=False)
  (/55): BoundConstant(name=/55, value=tensor([0], device='cuda:0'))
  (/56): BoundUnsqueeze(name=/56, inputs=[/48, /55], perturbed=False)
  (/57): BoundConstant(name=/57, value=tensor([0], device='cuda:0'))
  (/58): BoundUnsqueeze(name=/58, inputs=[/50, /57], perturbed=False)
  (/59): BoundConcat(name=/59, inputs=[/52, /54, /56, /58], perturbed=False)
  (/input): BoundReshape(name=/input, inputs=[/38, /59], perturbed=True)
  (/input-3): BoundConv(name=/input-3, inputs=[/input, /22, /23], perturbed=True)
  (/input-7): BoundRelu(name=/input-7, inputs=[/input-3], perturbed=True)
  (/input-11): BoundConv(name=/input-11, inputs=[/input-7, /24, /25], perturbed=True)
  (/input-15): BoundRelu(name=/input-15, inputs=[/input-11], perturbed=True)
  (/input-19): BoundConv(name=/input-19, inputs=[/input-15, /26, /27], perturbed=True)
  (/input-23): BoundRelu(name=/input-23, inputs=[/input-19], perturbed=True)
  (/input-27): BoundConv(name=/input-27, inputs=[/input-23, /28, /29], perturbed=True)
  (/input-31): BoundRelu(name=/input-31, inputs=[/input-27], perturbed=True)
  (/input-35): BoundConv(name=/input-35, inputs=[/input-31, /30, /31], perturbed=True)
  (/input-39): BoundRelu(name=/input-39, inputs=[/input-35], perturbed=True)
  (/input-43): BoundConv(name=/input-43, inputs=[/input-39, /32, /33], perturbed=True)
  (/input-47): BoundRelu(name=/input-47, inputs=[/input-43], perturbed=True)
  (/input-51): BoundConv(name=/input-51, inputs=[/input-47, /34, /35], perturbed=True)
  (/input-55): BoundRelu(name=/input-55, inputs=[/input-51], perturbed=True)
  (/75): BoundConv(name=/75, inputs=[/input-55, /36, /37], perturbed=True)
  (/76): BoundFlatten(name=/76, inputs=[/75], perturbed=True)
)
Original output in the first batch: tensor([[ -4.09628296, -12.23907852,  -5.70296717,   1.76354730,  -3.71288037,
           1.60972440,  -0.75368053,  -0.39118499,  -5.50582504, -19.43324280]],
       device='cuda:0')
build batch [1/1]
initial crown bounds (first 10 items): [-1.461107850074768, 5.300450325012207, -0.34210729598999023, -1.9706127643585205, -5.152657985687256, -4.838990688323975, -7.173283100128174, -0.0963660478591919, 13.038476943969727]
Global lower bound: -7.173283100128174
Initializing Domain Clipper...
Processing layer: /input-3, input name: /0
Layer: /input-3
    lA with shape: torch.Size([1, 6757, 16])
    uA with shape: torch.Size([1, 6757, 16])
    lbias with shape: torch.Size([1, 6757])
    ubias with shape: torch.Size([1, 6757])
Processing layer: /input-11, input name: /0
Layer: /input-11
    lA with shape: torch.Size([1, 4986, 16])
    uA with shape: torch.Size([1, 4986, 16])
    lbias with shape: torch.Size([1, 4986])
    ubias with shape: torch.Size([1, 4986])
Processing layer: /input-19, input name: /0
Layer: /input-19
    lA with shape: torch.Size([1, 5945, 16])
    uA with shape: torch.Size([1, 5945, 16])
    lbias with shape: torch.Size([1, 5945])
    ubias with shape: torch.Size([1, 5945])
Processing layer: /input-27, input name: /0
Layer: /input-27
    lA with shape: torch.Size([1, 2566, 16])
    uA with shape: torch.Size([1, 2566, 16])
    lbias with shape: torch.Size([1, 2566])
    ubias with shape: torch.Size([1, 2566])
Processing layer: /input-35, input name: /0
Layer: /input-35
    lA with shape: torch.Size([1, 3520, 16])
    uA with shape: torch.Size([1, 3520, 16])
    lbias with shape: torch.Size([1, 3520])
    ubias with shape: torch.Size([1, 3520])
Processing layer: /input-43, input name: /0
Layer: /input-43
    lA with shape: torch.Size([1, 1137, 16])
    uA with shape: torch.Size([1, 1137, 16])
    lbias with shape: torch.Size([1, 1137])
    ubias with shape: torch.Size([1, 1137])
Processing layer: /input-51, input name: /0
Layer: /input-51
    lA with shape: torch.Size([1, 1771, 16])
    uA with shape: torch.Size([1, 1771, 16])
    lbias with shape: torch.Size([1, 1771])
    ubias with shape: torch.Size([1, 1771])
Processing layer: /76, input name: /0
Domain Clipper Initialized in 2.9087066650390625e-05 s.
2 / 9 OR specs are verified.
Verified OR indices (first 10 items): [1, 8]
Verified OR lbs (first 10 items): [[5.300450325012207], [13.038476943969727]]
Unverified OR indices (first 10 items): [0, 2, 3, 4, 5, 6, 7]
Unverified OR lbs (first 10 items): [[-1.461107850074768], [-0.34210729598999023], [-1.9706127643585205], [-5.152657985687256], [-4.838990688323975], [-7.173283100128174], [-0.0963660478591919]]
###### Verifying property Instance 0 ######
Batch size: 7
First 10 spec matrices
C: tensor([[[-1.,  0.,  0.,  1.,  0.,  0.,  0.,  0.,  0.,  0.]],

        [[ 0.,  0., -1.,  1.,  0.,  0.,  0.,  0.,  0.,  0.]],

        [[ 0.,  0.,  0.,  1., -1.,  0.,  0.,  0.,  0.,  0.]],

        [[ 0.,  0.,  0.,  1.,  0., -1.,  0.,  0.,  0.,  0.]],

        [[ 0.,  0.,  0.,  1.,  0.,  0., -1.,  0.,  0.,  0.]],

        [[ 0.,  0.,  0.,  1.,  0.,  0.,  0., -1.,  0.,  0.]],

        [[ 0.,  0.,  0.,  1.,  0.,  0.,  0.,  0., -1.,  0.]]], device='cuda:0')
RHS: tensor([[0.],
        [0.],
        [0.],
        [0.],
        [0.],
        [0.],
        [0.]], device='cuda:0')
OR spec sizes: tensor([1, 1, 1, 1, 1, 1, 1], device='cuda:0', dtype=torch.int32)
Remaining timeout: 59.35988163948059
Model prediction is: tensor([ -4.09628296, -12.23907852,  -5.70296717,   1.76354730,  -3.71288037,
          1.60972440,  -0.75368053,  -0.39118499,  -5.50582504, -19.43324280],
       device='cuda:0')
Domain clipping (1 iterations): shrunken 2/12 (16.67%), Of 14 batches, 2 were verified before clipping, 2 domains were shrunken, and 0 were shrunken and additionally verified.
Iteration 1
Current pickout batch: 8
Worst bound: tensor([-2.77680111], device='cuda:0')
Domain clipping (1 iterations): shrunken 0/8 (0.00%), Of 8 batches, 0 were verified before clipping, 0 domains were shrunken, and 0 were shrunken and additionally verified.
Time: pickout 0.0014    init 0.0001    concretize 0.0001    bounding 0.3493    filtering 0.0006    decision 0.0001    split 0.0020    clip 0.0015    add_domain 0.0004    summary 0.0010    
Accumulated time: pickout 0.0014    bounding 0.3493    init 0.0013    concretize 0.0013    filtering 0.0006    decision 0.0001    split 0.0020    clip 0.0015    add_domain 0.0004    summary 0.0010    
Length of domains: 12
15 domains visited
Current (lb-rhs): tensor([[-5.15265799]], device='cuda:0')
current_vram/total_varm: 16.5GB/102.0GB, batch_size increase to 16
Cumulative time: 0.41856837272644043

Iteration 2
Current pickout batch: 12
Worst bound: tensor([-2.26507235], device='cuda:0')
Domain clipping (1 iterations): shrunken 1/17 (5.88%), Of 18 batches, 1 were verified before clipping, 1 domains were shrunken, and 0 were shrunken and additionally verified.
Time: pickout 0.0003    init 0.0001    concretize 0.0001    bounding 0.5408    filtering 0.0004    decision 0.0001    split 0.0062    clip 0.0044    add_domain 0.0021    summary 0.0010    
Accumulated time: pickout 0.0018    bounding 0.8901    init 0.0025    concretize 0.0025    filtering 0.0010    decision 0.0002    split 0.0082    clip 0.0059    add_domain 0.0025    summary 0.0020    
Length of domains: 17
27 domains visited
Current (lb-rhs): tensor([[-2.26507235]], device='cuda:0')
Cumulative time: 0.9758148193359375

Iteration 3
Current pickout batch: 16
Worst bound: tensor([-1.95835137], device='cuda:0')
Domain clipping (1 iterations): shrunken 0/26 (0.00%), Of 26 batches, 0 were verified before clipping, 0 domains were shrunken, and 0 were shrunken and additionally verified.
Time: pickout 0.0025    init 0.0001    concretize 0.0001    bounding 0.6672    filtering 0.0006    decision 0.0001    split 0.0026    clip 0.0015    add_domain 0.0004    summary 0.0010    
Accumulated time: pickout 0.0042    bounding 1.5573    init 0.0038    concretize 0.0038    filtering 0.0016    decision 0.0003    split 0.0108    clip 0.0074    add_domain 0.0028    summary 0.0030    
Length of domains: 27
43 domains visited
Current (lb-rhs): tensor([[-1.95835137]], device='cuda:0')
current_vram/total_varm: 44.3GB/102.0GB, batch_size increase to 32
Cumulative time: 1.6529545783996582

Iteration 4
Current pickout batch: 27
Worst bound: tensor([-1.55420208], device='cuda:0')
Domain clipping (1 iterations): shrunken 0/54 (0.00%), Of 54 batches, 0 were verified before clipping, 0 domains were shrunken, and 0 were shrunken and additionally verified.
Time: pickout 0.0003    init 0.0001    concretize 0.0001    bounding 1.2182    filtering 0.0002    decision 0.0001    split 0.0021    clip 0.0015    add_domain 0.0005    summary 0.0009    
Accumulated time: pickout 0.0045    bounding 2.7755    init 0.0049    concretize 0.0049    filtering 0.0018    decision 0.0004    split 0.0129    clip 0.0089    add_domain 0.0034    summary 0.0039    
Length of domains: 54
70 domains visited
Current (lb-rhs): tensor([[-1.55420208]], device='cuda:0')
Cumulative time: 2.8779096603393555

Iteration 5
Current pickout batch: 32
Worst bound: tensor([-0.84501719], device='cuda:0')
Domain clipping (1 iterations): shrunken 5/52 (9.62%), Of 54 batches, 2 were verified before clipping, 5 domains were shrunken, and 0 were shrunken and additionally verified.
Time: pickout 0.0003    init 0.0001    concretize 0.0001    bounding 1.5852    filtering 0.0004    decision 0.0001    split 0.0018    clip 0.0008    add_domain 0.0004    summary 0.0002    
Accumulated time: pickout 0.0048    bounding 4.3607    init 0.0064    concretize 0.0064    filtering 0.0022    decision 0.0005    split 0.0147    clip 0.0097    add_domain 0.0037    summary 0.0041    
Length of domains: 74
102 domains visited
Current (lb-rhs): tensor([[-1.51928890]], device='cuda:0')
current_vram/total_varm: 39.1GB/102.0GB, batch_size increase to 64
Cumulative time: 4.469053745269775

Iteration 6
Current pickout batch: 64
Worst bound: tensor([-0.78373218], device='cuda:0')
Domain clipping (1 iterations): shrunken 10/105 (9.52%), Of 106 batches, 1 were verified before clipping, 10 domains were shrunken, and 0 were shrunken and additionally verified.
Time: pickout 0.0002    init 0.0001    concretize 0.0001    bounding 2.7994    filtering 0.0005    decision 0.0001    split 0.0031    clip 0.0023    add_domain 0.0014    summary 0.0012    
Accumulated time: pickout 0.0050    bounding 7.1601    init 0.0076    concretize 0.0076    filtering 0.0027    decision 0.0007    split 0.0178    clip 0.0120    add_domain 0.0051    summary 0.0053    
Length of domains: 115
166 domains visited
Current (lb-rhs): tensor([[-1.44259846]], device='cuda:0')
Cumulative time: 7.2787370681762695

Iteration 7
Current pickout batch: 64
Worst bound: tensor([-0.71329427], device='cuda:0')
Domain clipping (1 iterations): shrunken 7/111 (6.31%), Of 112 batches, 1 were verified before clipping, 7 domains were shrunken, and 0 were shrunken and additionally verified.
Time: pickout 0.0003    init 0.0001    concretize 0.0001    bounding 3.0270    filtering 0.0004    decision 0.0001    split 0.0061    clip 0.0056    add_domain 0.0010    summary 0.0037    
Accumulated time: pickout 0.0053    bounding 10.1871    init 0.0089    concretize 0.0089    filtering 0.0031    decision 0.0008    split 0.0239    clip 0.0176    add_domain 0.0062    summary 0.0090    
Length of domains: 162
230 domains visited
Current (lb-rhs): tensor([[-1.44259846]], device='cuda:0')
Cumulative time: 10.325501441955566

Iteration 8
Current pickout batch: 64
Worst bound: tensor([-0.64696121], device='cuda:0')
Domain clipping (1 iterations): shrunken 0/82 (0.00%), Of 82 batches, 0 were verified before clipping, 0 domains were shrunken, and 0 were shrunken and additionally verified.
Time: pickout 0.0003    init 0.0001    concretize 0.0001    bounding 2.8580    filtering 0.0004    decision 0.0001    split 0.0021    clip 0.0015    add_domain 0.0004    summary 0.0009    
Accumulated time: pickout 0.0056    bounding 13.0451    init 0.0101    concretize 0.0101    filtering 0.0035    decision 0.0009    split 0.0260    clip 0.0191    add_domain 0.0065    summary 0.0099    
Length of domains: 180
294 domains visited
Current (lb-rhs): tensor([[-1.44259846]], device='cuda:0')
Cumulative time: 13.190455436706543

Iteration 9
Current pickout batch: 64
Worst bound: tensor([-0.46051335], device='cuda:0')
Domain clipping (1 iterations): shrunken 0/128 (0.00%), Of 128 batches, 0 were verified before clipping, 0 domains were shrunken, and 0 were shrunken and additionally verified.
Time: pickout 0.0003    init 0.0001    concretize 0.0001    bounding 2.7836    filtering 0.0002    decision 0.0001    split 0.0015    clip 0.0006    add_domain 0.0002    summary 0.0001    
Accumulated time: pickout 0.0059    bounding 15.8287    init 0.0113    concretize 0.0113    filtering 0.0037    decision 0.0010    split 0.0275    clip 0.0197    add_domain 0.0068    summary 0.0101    
Length of domains: 244
358 domains visited
Current (lb-rhs): tensor([[-1.44259846]], device='cuda:0')
Cumulative time: 15.977850914001465

Iteration 10
Current pickout batch: 64
Worst bound: tensor([-0.36706305], device='cuda:0')
Domain clipping (1 iterations): shrunken 0/128 (0.00%), Of 128 batches, 0 were verified before clipping, 0 domains were shrunken, and 0 were shrunken and additionally verified.
Time: pickout 0.0001    init 0.0001    concretize 0.0001    bounding 2.8377    filtering 0.0001    decision 0.0003    split 0.0006    clip 0.0005    add_domain 0.0002    summary 0.0001    
Accumulated time: pickout 0.0061    bounding 18.6664    init 0.0125    concretize 0.0125    filtering 0.0038    decision 0.0013    split 0.0281    clip 0.0202    add_domain 0.0070    summary 0.0102    
Length of domains: 308
422 domains visited
Current (lb-rhs): tensor([[-1.44259846]], device='cuda:0')
Cumulative time: 18.818055629730225

Iteration 11
Current pickout batch: 64
Worst bound: tensor([-0.29924321], device='cuda:0')
Domain clipping (1 iterations): shrunken 0/128 (0.00%), Of 128 batches, 0 were verified before clipping, 0 domains were shrunken, and 0 were shrunken and additionally verified.
Time: pickout 0.0001    init 0.0001    concretize 0.0001    bounding 2.8113    filtering 0.0002    decision 0.0002    split 0.0020    clip 0.0015    add_domain 0.0004    summary 0.0009    
Accumulated time: pickout 0.0062    bounding 21.4777    init 0.0136    concretize 0.0136    filtering 0.0040    decision 0.0015    split 0.0302    clip 0.0218    add_domain 0.0074    summary 0.0111    
Length of domains: 372
486 domains visited
Current (lb-rhs): tensor([[-1.44259846]], device='cuda:0')
Cumulative time: 21.63595485687256

Iteration 12
Current pickout batch: 64
Worst bound: tensor([-0.28138816], device='cuda:0')
Domain clipping (1 iterations): shrunken 15/114 (13.16%), Of 120 batches, 6 were verified before clipping, 15 domains were shrunken, and 0 were shrunken and additionally verified.
Time: pickout 0.0003    init 0.0001    concretize 0.0001    bounding 2.8436    filtering 0.0004    decision 0.0001    split 0.0061    clip 0.0043    add_domain 0.0021    summary 0.0011    
Accumulated time: pickout 0.0065    bounding 24.3213    init 0.0147    concretize 0.0147    filtering 0.0044    decision 0.0016    split 0.0363    clip 0.0261    add_domain 0.0094    summary 0.0122    
Length of domains: 422
550 domains visited
Current (lb-rhs): tensor([[-1.44259846]], device='cuda:0')
Cumulative time: 24.49827003479004

Iteration 13
Current pickout batch: 64
Worst bound: tensor([-0.25086355], device='cuda:0')
Domain clipping (1 iterations): shrunken 11/96 (11.46%), Of 102 batches, 6 were verified before clipping, 11 domains were shrunken, and 0 were shrunken and additionally verified.
Time: pickout 0.0013    init 0.0001    concretize 0.0001    bounding 2.7893    filtering 0.0004    decision 0.0001    split 0.0021    clip 0.0015    add_domain 0.0009    summary 0.0009    
Accumulated time: pickout 0.0078    bounding 27.1105    init 0.0161    concretize 0.0161    filtering 0.0048    decision 0.0017    split 0.0384    clip 0.0276    add_domain 0.0103    summary 0.0131    
Length of domains: 454
614 domains visited
Current (lb-rhs): tensor([[-1.44259846]], device='cuda:0')
Cumulative time: 27.29623031616211

Iteration 14
Current pickout batch: 64
Worst bound: tensor([-0.22296107], device='cuda:0')
Domain clipping (1 iterations): shrunken 12/108 (11.11%), Of 108 batches, 0 were verified before clipping, 12 domains were shrunken, and 0 were shrunken and additionally verified.
Time: pickout 0.0003    init 0.0001    concretize 0.0001    bounding 2.7296    filtering 0.0001    decision 0.0001    split 0.0004    clip 0.0014    add_domain 0.0002    summary 0.0001    
Accumulated time: pickout 0.0081    bounding 29.8401    init 0.0174    concretize 0.0174    filtering 0.0049    decision 0.0018    split 0.0388    clip 0.0290    add_domain 0.0105    summary 0.0133    
Length of domains: 498
678 domains visited
Current (lb-rhs): tensor([[-1.44259846]], device='cuda:0')
Cumulative time: 30.02910614013672

Iteration 15
Current pickout batch: 64
Worst bound: tensor([-0.19085455], device='cuda:0')
Domain clipping (1 iterations): shrunken 17/103 (16.50%), Of 106 batches, 3 were verified before clipping, 17 domains were shrunken, and 0 were shrunken and additionally verified.
Time: pickout 0.0001    init 0.0001    concretize 0.0001    bounding 2.8281    filtering 0.0001    decision 0.0001    split 0.0008    clip 0.0005    add_domain 0.0002    summary 0.0001    
Accumulated time: pickout 0.0082    bounding 32.6683    init 0.0185    concretize 0.0185    filtering 0.0051    decision 0.0019    split 0.0395    clip 0.0295    add_domain 0.0108    summary 0.0134    
Length of domains: 537
742 domains visited
Current (lb-rhs): tensor([[-1.44259846]], device='cuda:0')
Cumulative time: 32.85968613624573

Iteration 16
Current pickout batch: 64
Worst bound: tensor([-0.16852808], device='cuda:0')
Domain clipping (1 iterations): shrunken 23/105 (21.90%), Of 108 batches, 3 were verified before clipping, 23 domains were shrunken, and 0 were shrunken and additionally verified.
Time: pickout 0.0001    init 0.0001    concretize 0.0001    bounding 2.6783    filtering 0.0004    decision 0.0001    split 0.0021    clip 0.0015    add_domain 0.0009    summary 0.0009    
Accumulated time: pickout 0.0084    bounding 35.3466    init 0.0197    concretize 0.0196    filtering 0.0054    decision 0.0020    split 0.0416    clip 0.0310    add_domain 0.0117    summary 0.0143    
Length of domains: 578
806 domains visited
Current (lb-rhs): tensor([[-1.44259846]], device='cuda:0')
Cumulative time: 35.54531693458557

Iteration 17
Current pickout batch: 64
Worst bound: tensor([-0.13871217], device='cuda:0')
Domain clipping (1 iterations): shrunken 12/96 (12.50%), Of 100 batches, 4 were verified before clipping, 12 domains were shrunken, and 0 were shrunken and additionally verified.
Time: pickout 0.0003    init 0.0001    concretize 0.0001    bounding 2.7161    filtering 0.0004    decision 0.0001    split 0.0060    clip 0.0055    add_domain 0.0036    summary 0.0041    
Accumulated time: pickout 0.0087    bounding 38.0627    init 0.0208    concretize 0.0208    filtering 0.0059    decision 0.0021    split 0.0476    clip 0.0365    add_domain 0.0154    summary 0.0185    
Length of domains: 610
870 domains visited
Current (lb-rhs): tensor([[-1.44259846]], device='cuda:0')
Cumulative time: 38.28668236732483

Iteration 18
Current pickout batch: 64
Worst bound: tensor([-0.12359977], device='cuda:0')
Domain clipping (1 iterations): shrunken 15/110 (13.64%), Of 110 batches, 0 were verified before clipping, 15 domains were shrunken, and 0 were shrunken and additionally verified.
Time: pickout 0.0026    init 0.0001    concretize 0.0001    bounding 2.6903    filtering 0.0001    decision 0.0001    split 0.0004    clip 0.0005    add_domain 0.0002    summary 0.0001    
Accumulated time: pickout 0.0113    bounding 40.7530    init 0.0220    concretize 0.0220    filtering 0.0060    decision 0.0022    split 0.0480    clip 0.0370    add_domain 0.0156    summary 0.0186    
Length of domains: 656
934 domains visited
Current (lb-rhs): tensor([[-1.44259846]], device='cuda:0')
Cumulative time: 40.98147463798523

Iteration 19
Current pickout batch: 64
Worst bound: tensor([-0.11108589], device='cuda:0')
Domain clipping (1 iterations): shrunken 9/111 (8.11%), Of 112 batches, 1 were verified before clipping, 9 domains were shrunken, and 0 were shrunken and additionally verified.
Time: pickout 0.0001    init 0.0001    concretize 0.0001    bounding 2.7553    filtering 0.0005    decision 0.0001    split 0.0021    clip 0.0015    add_domain 0.0010    summary 0.0009    
Accumulated time: pickout 0.0114    bounding 43.5082    init 0.0232    concretize 0.0232    filtering 0.0065    decision 0.0023    split 0.0501    clip 0.0385    add_domain 0.0165    summary 0.0195    
Length of domains: 703
998 domains visited
Current (lb-rhs): tensor([[-1.44259846]], device='cuda:0')
Cumulative time: 43.74419546127319

Iteration 20
Current pickout batch: 64
Worst bound: tensor([-0.09751451], device='cuda:0')
Domain clipping (1 iterations): shrunken 30/111 (27.03%), Of 114 batches, 3 were verified before clipping, 30 domains were shrunken, and 0 were shrunken and additionally verified.
Time: pickout 0.0003    init 0.0001    concretize 0.0001    bounding 2.7501    filtering 0.0026    decision 0.0001    split 0.0038    clip 0.0056    add_domain 0.0010    summary 0.0039    
Accumulated time: pickout 0.0117    bounding 46.2583    init 0.0243    concretize 0.0242    filtering 0.0091    decision 0.0024    split 0.0540    clip 0.0441    add_domain 0.0176    summary 0.0234    
Length of domains: 750
1062 domains visited
Current (lb-rhs): tensor([[-1.44259846]], device='cuda:0')
Cumulative time: 46.51404857635498

Iteration 21
Current pickout batch: 64
Worst bound: tensor([-0.08280516], device='cuda:0')
Domain clipping (1 iterations): shrunken 19/93 (20.43%), Of 94 batches, 1 were verified before clipping, 19 domains were shrunken, and 0 were shrunken and additionally verified.
Time: pickout 0.0002    init 0.0001    concretize 0.0001    bounding 2.7270    filtering 0.0006    decision 0.0001    split 0.0029    clip 0.0016    add_domain 0.0011    summary 0.0012    
Accumulated time: pickout 0.0119    bounding 48.9853    init 0.0254    concretize 0.0254    filtering 0.0097    decision 0.0025    split 0.0569    clip 0.0457    add_domain 0.0186    summary 0.0246    
Length of domains: 779
1126 domains visited
Current (lb-rhs): tensor([[-1.44259846]], device='cuda:0')
Cumulative time: 49.25010418891907

Iteration 22
Current pickout batch: 64
Worst bound: tensor([-0.06996751], device='cuda:0')
Domain clipping (1 iterations): shrunken 15/108 (13.89%), Of 110 batches, 2 were verified before clipping, 15 domains were shrunken, and 0 were shrunken and additionally verified.
Time: pickout 0.0003    init 0.0001    concretize 0.0001    bounding 2.6687    filtering 0.0005    decision 0.0001    split 0.0014    clip 0.0006    add_domain 0.0002    summary 0.0001    
Accumulated time: pickout 0.0122    bounding 51.6540    init 0.0265    concretize 0.0264    filtering 0.0102    decision 0.0026    split 0.0582    clip 0.0463    add_domain 0.0189    summary 0.0247    
Length of domains: 823
1190 domains visited
Current (lb-rhs): tensor([[-1.44259846]], device='cuda:0')
Cumulative time: 51.922523021698

Iteration 23
Current pickout batch: 64
Worst bound: tensor([-0.05851614], device='cuda:0')
Domain clipping (1 iterations): shrunken 26/106 (24.53%), Of 112 batches, 6 were verified before clipping, 26 domains were shrunken, and 0 were shrunken and additionally verified.
Time: pickout 0.0001    init 0.0001    concretize 0.0001    bounding 2.7398    filtering 0.0001    decision 0.0001    split 0.0004    clip 0.0005    add_domain 0.0002    summary 0.0001    
Accumulated time: pickout 0.0123    bounding 54.3937    init 0.0276    concretize 0.0275    filtering 0.0104    decision 0.0027    split 0.0586    clip 0.0468    add_domain 0.0191    summary 0.0248    
Length of domains: 865
1254 domains visited
Current (lb-rhs): tensor([[-1.44259846]], device='cuda:0')
Cumulative time: 54.664339780807495

Iteration 24
Current pickout batch: 64
Worst bound: tensor([-0.04618883], device='cuda:0')
Domain clipping (1 iterations): shrunken 20/92 (21.74%), Of 94 batches, 2 were verified before clipping, 20 domains were shrunken, and 0 were shrunken and additionally verified.
Time: pickout 0.0001    init 0.0001    concretize 0.0001    bounding 2.7052    filtering 0.0005    decision 0.0001    split 0.0021    clip 0.0015    add_domain 0.0009    summary 0.0010    
Accumulated time: pickout 0.0124    bounding 57.0990    init 0.0287    concretize 0.0287    filtering 0.0109    decision 0.0028    split 0.0607    clip 0.0483    add_domain 0.0200    summary 0.0258    
Length of domains: 893
1318 domains visited
Current (lb-rhs): tensor([[-1.44259846]], device='cuda:0')
Cumulative time: 57.3770227432251

Iteration 25
Current pickout batch: 64
Worst bound: tensor([-0.04252231], device='cuda:0')
Domain clipping (1 iterations): shrunken 38/108 (35.19%), Of 110 batches, 2 were verified before clipping, 38 domains were shrunken, and 0 were shrunken and additionally verified.
Time: pickout 0.0003    init 0.0001    concretize 0.0001    bounding 2.6846    filtering 0.0002    decision 0.0001    split 0.0062    clip 0.0055    add_domain 0.0009    summary 0.0038    
Accumulated time: pickout 0.0127    bounding 59.7836    init 0.0297    concretize 0.0297    filtering 0.0111    decision 0.0029    split 0.0669    clip 0.0538    add_domain 0.0209    summary 0.0295    
Length of domains: 937
1382 domains visited
Current (lb-rhs): tensor([[-1.44259846]], device='cuda:0')
Time out!
Removing temporary cuts path: /tmp/abcrown_cuts_ojsyq7ek
Result: timeout
Time: 60.728699922561646

------------------------- COMMAND ------------------------------
/data1/Kane/miniconda3/envs/abcrown25/bin/python /data1/Kane/alpha-beta-CROWN_vnncomp2025/complete_verifier/abcrown.py --config /data1/Kane/alpha-beta-CROWN_vnncomp2025/complete_verifier/exp_configs/vnncomp25/relusplitter.yaml --precompile_jit --onnx_path /data1/Kane/data/vnncomp2025_benchmarks/benchmarks/relusplitter/onnx/cifar_biasfield_vnncomp2022_cifar_bias_field_40.onnx --vnnlib_path /data1/Kane/data/vnncomp2025_benchmarks/benchmarks/relusplitter/vnnlib/cifar_biasfield_vnncomp2022_prop_40.vnnlib --results_file /data1/Kane/ACT/audit_results/abcrown25_supplemental_20260526/relusplitter/0161__cifar_biasfield_vnncomp2022_cifar_bias_field_40__cifar_biasfield_vnncomp2022_prop_40.result --timeout 60.0 --save_adv_example --pgd_order=skip
----------------------------------------------------------------

