[0;93m2026-05-26 10:32:05.456830203 [W:onnxruntime:Default, device_discovery.cc:283 GetGpuDevices] Failed to detect devices under "/sys/class/drm/card0": device_discovery.cc:93 ReadFileContents Failed to open file: "/sys/class/drm/card0/device/vendor"[m
INFO     10:32:06     [tensor_storage.py:70] Hugepage enabled for branch-and-bound domains.
Configurations:

general:
  device: cuda
  seed: 100
  conv_mode: patches
  deterministic: false
  double_fp: false
  loss_reduction_func: sum
  sparse_alpha: true
  sparse_interm: true
  save_adv_example: true
  verify_onnxruntime_output: false
  eval_adv_example: false
  onnx_adv_example: false
  show_adv_example: false
  precompile_jit: true
  reset_seed_after_precompile: false
  prepare_only: false
  complete_verifier: auto
  enable_incomplete_verification: true
  csv_name: instances.csv
  results_file: /data1/Kane/ACT/audit_results/abcrown25_supplemental_20260526/relusplitter/0162__cifar_biasfield_vnncomp2022_cifar_bias_field_40_RSPLITTER_cifar_biasfield_vnncomp2022_prop_40__cifar_biasfield_vnncomp2022_prop_40.result
  root_path: ../../vnncomp2025_benchmarks/benchmarks/relusplitter
  deterministic_opt: false
  graph_optimizer: 'Customized("custom_graph_optimizer", "default_optimizer")'
  buffer_has_batchdim: false
  save_output: false
  output_file: out.pkl
  return_optimized_model: false
  store_all_specs_on_cpu: false
  adhoc_tuning: null
model:
  name: null
  path: null
  onnx_path: /data1/Kane/data/vnncomp2025_benchmarks/benchmarks/relusplitter/onnx/cifar_biasfield_vnncomp2022_cifar_bias_field_40_RSPLITTER_cifar_biasfield_vnncomp2022_prop_40.onnx
  onnx_path_prefix: ''
  cache_onnx_conversion: false
  debug_onnx: false
  onnx_quirks: '''Reshape'': ''fix_batch_size'': True'
  input_shape: null
  onnx_loader: default_onnx_and_vnnlib_loader
  onnx_optimization_flags: []
  onnx_vnnlib_joint_optimization_flags: none
  check_optimized: false
  flatten_final_output: false
  optimize_graph: null
  with_jacobian: false
data:
  start: 0
  end: 10000
  select_instance: null
  num_outputs: 10
  mean: 0.0
  std: 1.0
  pkl_path: null
  dataset: null
  data_filter_path: null
  data_idx_file: null
specification:
  type: lp
  robustness_type: verified-acc
  norm: .inf
  epsilon: null
  epsilon_min: 0.0
  vnnlib_path: /data1/Kane/data/vnncomp2025_benchmarks/benchmarks/relusplitter/vnnlib/cifar_biasfield_vnncomp2022_prop_40.vnnlib
  vnnlib_path_prefix: ''
  shrink_eps: null
  rhs_offset: null
solver:
  batch_size: 4
  auto_enlarge_batch_size: true
  batched_crown_auto_enlarge_max_vram_ratio: 0.9
  min_batch_size_ratio: 1
  use_float64_in_last_iteration: false
  early_stop_patience: 10
  start_save_best: -1
  bound_prop_method: alpha-crown
  init_bound_prop_method: same
  prune_after_crown: true
  optimize_disjuncts_separately: false
  build_batch_size: 1000000
  skip_with_refined_bound: true
  forward_before_compute_bounds: false
  crown:
    batch_size: 1000000000
    max_crown_size: 1000000000
    activation_bound_option: adaptive
    compare_crown_with_ibp: false
  alpha-crown:
    alpha: true
    lr_alpha: 0.1
    iteration: 100
    share_alphas: false
    lr_decay: 0.98
    full_conv_alpha: true
    max_coeff_mul: .inf
    matmul_share_alphas: false
    disable_optimization: []
    max_time: 1.0
    alpha_dtype: float16
  invprop:
    apply_output_constraints_to: []
    tighten_input_bounds: false
    best_of_oc_and_no_oc: false
    directly_optimize: []
    oc_lr: 0.1
    share_gammas: false
  beta-crown:
    lr_alpha: 0.01
    lr_beta: 0.01
    lr_decay: 0.98
    optimizer: adam
    iteration: 50
    beta: true
    beta_warmup: true
    enable_opt_interm_bounds: false
    all_node_split_LP: false
  forward:
    refine: false
    max_dim: 10000
    reset_threshold: 1.0
  intermediate_refinement:
    enabled: false
    batch_size: 10
    opt_coeffs: false
    opt_bias: false
    lr: 0.05
    layers: [-1]
    max_domains: 1000
  mip:
    unstable_neuron_threshold: 0
    parallel_solvers: null
    solver_threads: 1
    refine_neuron_timeout: 15
    refine_neuron_time_percentage: 0.8
    early_stop: true
    adv_warmup: true
    mip_solver: gurobi
    skip_unsafe: false
    topk_filter: 1.0
    sliding_window: -1
    extra_constraint: false
    refine_neuron_timeout_increasement: 0
    timeout_neuron_percentage: 0.3
    remaining_timeout_threshold: 1
    remove_unstable_neurons: false
    lp_solver: false
bab:
  max_domains: .inf
  decision_thresh: 0
  timeout: 180.0
  timeout_scale: 1
  max_iterations: -1
  override_timeout: null
  get_upper_bound: false
  pruning_in_iteration: true
  pruning_in_iteration_ratio: 0.2
  sort_targets: false
  batched_domain_list: true
  optimized_interm: ''
  interm_transfer: true
  recompute_interm: false
  sort_domain_interval: -1
  vanilla_crown: false
  tree_traversal: depth_first
  hugetensor_allocator: true
  cut:
    enabled: false
    cuts_path: null
    implication: false
    bab_cut: true
    lp_cut: false
    method: null
    lr: 0.01
    lr_decay: 1.0
    iteration: 100
    bab_iteration: -1
    early_stop_patience: -1
    lr_beta: 0.01
    number_cuts: 50
    topk_cuts_in_filter: 1000
    batch_size_primal: 100
    max_num: 1000000000
    patches_cut: false
    cplex_cuts: true
    cplex_cuts_wait: 0
    cplex_cuts_revpickup: true
    cut_reference_bounds: true
    fix_intermediate_bounds: false
    _tmp_cuts: null
    fixed_cuts: false
    add_implied_cuts: false
    add_input_cuts: false
    biccos:
      enabled: false
      constraint_strengthening: true
      recursively_strengthening: false
      drop_ratio: 0.5
      verified_bonus: 0.3
      max_infer_iter: 20
      max_domain: 10000.0
      heuristic: neuron_influence_score
      save_biccos_cuts: false
      multi_tree_branching:
        enabled: false
        restore_best_tree: false
        keep_n_best_domains: 1
        k_splits: 1
        iterations: 1
  clip_n_verify:
    rearrange_constraints: false
    alpha_crown: false
    prune: false
    final_layer: false
    clip_input_domain:
      enabled: true
      clip_type: relaxed
      heuristic_K: 0.0
      clip_iterations: 1
      clip_calculate_volume_metrics: false
    clip_interm_domain:
      enabled: true
      with_input: false
      clip_in_alpha_crown: false
      topk_objective: 20
  branching:
    method: kfsb
    candidates: 10
    reduceop: max
    enable_intermediate_bound_opt: false
    branching_input_and_activation: false
    branching_input_and_activation_order: [input, relu]
    branching_input_iterations: 30
    branching_relu_iterations: 50
    nonlinear_split:
      method: bbps
      disable: false
      branching_point_method: uniform
      num_branches: 2
      filter: false
      filter_beta: false
      filter_clamp: false
      filter_batch_size: 10000
      filter_iterations: 25
      relu_only: false
      loose_tanh_threshold: null
      branching_point:
        db_path: branching_points.pt
        num_iterations: 1000
        batch_size: 1000000
        range_l: -5.0
        range_u: 5.0
        log_interval: 100
        step_size_1d: 0.01
        step_size: 0.2
    input_split:
      split_hint: null
      enable: false
      reorder_bab: true
      input_dim_threshold: 20
      adv_check: 0
      split_partitions: 2
      sb_margin_weight: 1.0
      sb_sum: false
      sb_primary_spec: null
      bf_backup_thresh: -1
      bf_rhs_offset: 0
      bf_iters: 1000000000.0
      bf_batch_size: 100000
      bf_zero_crossing_score: false
      touch_zero_score: 0
      ibp_enhancement: false
      compare_with_old_bounds: true
      update_rhs_with_attack: false
      sb_coeff_thresh: 2.0
      sort_index: null
      sort_descending: true
      show_progress: false
      presplit_domains: null
      skip_getting_worst_domain: false
  attack:
    enabled: false
    beam_candidates: 8
    beam_depth: 7
    max_dive_fix_ratio: 0.8
    min_local_free_ratio: 0.2
    mip_start_iteration: 5
    mip_timeout: 30.0
    adv_pool_threshold: null
    refined_mip_attacker: false
    refined_batch_size: null
attack:
  general_attack: true
  pgd_order: skip
  pgd_steps: 100
  pgd_restarts: 30
  pgd_batch_size: 100000000
  pgd_early_stop: true
  pgd_lr_decay: 0.99
  pgd_alpha: auto
  pgd_alpha_scale: false
  pgd_loss_mode: null
  pgd_restart_when_stuck: false
  enable_mip_attack: false
  adv_saver: default_adv_saver
  adv_verifier: default_adv_verifier
  early_stop_condition: default_early_stop_condition
  adv_example_finalizer: default_adv_example_finalizer
  pgd_loss: default_pgd_loss
  cex_path: ./test_cex.txt
  attack_mode: diversed_PGD
  attack_tolerance: 0.0
  attack_func: attack_with_general_specs
  gama_lambda: 10.0
  gama_decay: 0.9
  input_split:
    pgd_steps: 100
    pgd_restarts: 30
    pgd_alpha: auto
  input_split_check_adv:
    enabled: auto
    pgd_steps: 5
    pgd_restarts: 5
    pgd_alpha: auto
    max_num_domains: 10
debug:
  view_model: false
  lp_test: null
  rescale_vnnlib_ptb: null
  test_optimized_bounds: false
  test_optimized_bounds_after_n_iterations: 0
  print_verbose_decisions: false
  sanity_check: null
  save_minimal_config: null
  save_minimal_config_omit_keys: []
/data1/Kane/miniconda3/envs/abcrown25/lib/python3.11/site-packages/onnx2pytorch/convert/layer.py:29: UserWarning: The given NumPy array is not writable, and PyTorch does not support non-writable tensors. This means writing to this tensor will result in undefined behavior. You may want to copy the array to protect its data or make it writable before converting it to a tensor. This type of warning will be suppressed for the rest of this program. (Triggered internally at /pytorch/torch/csrc/utils/tensor_numpy.cpp:206.)
  layer.weight.data = torch.from_numpy(numpy_helper.to_array(weight))
/data1/Kane/miniconda3/envs/abcrown25/lib/python3.11/site-packages/onnx2pytorch/convert/model.py:151: UserWarning: Using experimental implementation that allows 'batch_size > 1'.Batchnorm layers could potentially produce false outputs.
  warnings.warn(
/data1/Kane/miniconda3/envs/abcrown25/lib/python3.11/site-packages/onnx2pytorch/operations/reshape.py:36: TracerWarning: Converting a tensor to a Python boolean might cause the trace to be incorrect. We can't record the data flow of Python values, so this value will be treated as a constant in the future. This means that the trace might not generalize to other inputs!
  if shape[0] == 1 and len(shape) in [2, 3, 4, 5] and self.quirks.get("fix_batch_size") is True:
/data1/Kane/miniconda3/envs/abcrown25/lib/python3.11/site-packages/onnx2pytorch/operations/reshape.py:54: TracerWarning: torch.tensor results are registered as constants in the trace. You can safely ignore this warning if you use this function to create tensors out of constant variables that would be the same every time you call this function. In any other case, this might cause the trace to be incorrect.
  if (torch.prod(torch.tensor(input.shape)) != torch.prod(shape) and len(input.size()) == len(shape) + 1
/data1/Kane/miniconda3/envs/abcrown25/lib/python3.11/site-packages/onnx2pytorch/operations/reshape.py:54: TracerWarning: Using len to get tensor shape might cause the trace to be incorrect. Recommended usage would be tensor.shape[0]. Passing a tensor of different shape might lead to errors or silently give incorrect results.
  if (torch.prod(torch.tensor(input.shape)) != torch.prod(shape) and len(input.size()) == len(shape) + 1
/data1/Kane/miniconda3/envs/abcrown25/lib/python3.11/site-packages/onnx2pytorch/operations/reshape.py:58: TracerWarning: Iterating over a tensor might cause the trace to be incorrect. Passing a tensor of different shape won't change the number of iterations executed (and might lead to errors or silently give incorrect results).
  shape = [x if x != 0 else input.size(i) for i, x in enumerate(shape)]
/data1/Kane/alpha-beta-CROWN_vnncomp2025/complete_verifier/auto_LiRPA/operators/leaf.py:91: UserWarning: The "has_batchdim" option for BoundBuffers is deprecated. It may be removed from the next release.
  warnings.warn('The "has_batchdim" option for BoundBuffers is deprecated.'
/data1/Kane/alpha-beta-CROWN_vnncomp2025/complete_verifier/auto_LiRPA/optimize_graph.py:192: UserWarning: Converting a tensor with requires_grad=True to a scalar may lead to unexpected behavior.
Consider using tensor.detach() first. (Triggered internally at /pytorch/torch/csrc/autograd/generated/python_variable_methods.cpp:836.)
  and abs(float(bs[j] + bs[j+1])) < atol):

Experiments at Tue May 26 10:32:06 2026 on dell-pro-max-tower-t2
Pre-compile jit kernels on a toy network...
JIT kernels compiled in 1.0078s.
Internal results will be saved to /data1/Kane/ACT/audit_results/abcrown25_supplemental_20260526/relusplitter/0162__cifar_biasfield_vnncomp2022_cifar_bias_field_40_RSPLITTER_cifar_biasfield_vnncomp2022_prop_40__cifar_biasfield_vnncomp2022_prop_40.result.

 %%%%%%%%%%%%%%%%%%%%%%%%%%%%%%%%%%% idx: 0, vnnlib ID: 0 %%%%%%%%%%%%%%%%%%%%%%%%%%%%%%%%%%%
Using onnx /data1/Kane/data/vnncomp2025_benchmarks/benchmarks/relusplitter/onnx/cifar_biasfield_vnncomp2022_cifar_bias_field_40_RSPLITTER_cifar_biasfield_vnncomp2022_prop_40.onnx
Using vnnlib /data1/Kane/data/vnncomp2025_benchmarks/benchmarks/relusplitter/vnnlib/cifar_biasfield_vnncomp2022_prop_40.vnnlib
Precompiled vnnlib file found at /data1/Kane/data/vnncomp2025_benchmarks/benchmarks/relusplitter/vnnlib/cifar_biasfield_vnncomp2022_prop_40.vnnlib.compiled
Loading onnx /data1/Kane/data/vnncomp2025_benchmarks/benchmarks/relusplitter/onnx/cifar_biasfield_vnncomp2022_cifar_bias_field_40_RSPLITTER_cifar_biasfield_vnncomp2022_prop_40.onnx with quirks {'Reshape': {'fix_batch_size': True}}
Enabling quirks for Reshape operation: fix the first dimension shape to be -1 to support batchsize != 1.
input shape torch.Size([1, 3072]), new shape is tensor([-1,  3, 32, 32]).
Finished onnx model loading in 0.0148 seconds
Finished vnnlib processing in 0.052061 seconds
Using temporary cuts path: <TemporaryDirectory '/tmp/abcrown_cuts_tk41b1nq'>
Model: BoundedModule(
  (/0): BoundInput(name=/0, inputs=[], perturbed=True)
  (/21): BoundParams(name=/21, inputs=[], perturbed=False)
  (/22): BoundParams(name=/22, inputs=[], perturbed=False)
  (/shape): BoundBuffers(name=/shape, inputs=[], perturbed=False)
  (/24): BoundParams(name=/24, inputs=[], perturbed=False)
  (/25): BoundParams(name=/25, inputs=[], perturbed=False)
  (/26): BoundParams(name=/26, inputs=[], perturbed=False)
  (/27): BoundParams(name=/27, inputs=[], perturbed=False)
  (/28): BoundParams(name=/28, inputs=[], perturbed=False)
  (/29): BoundParams(name=/29, inputs=[], perturbed=False)
  (/30): BoundParams(name=/30, inputs=[], perturbed=False)
  (/31): BoundParams(name=/31, inputs=[], perturbed=False)
  (/32): BoundParams(name=/32, inputs=[], perturbed=False)
  (/33): BoundParams(name=/33, inputs=[], perturbed=False)
  (/34): BoundParams(name=/34, inputs=[], perturbed=False)
  (/35): BoundParams(name=/35, inputs=[], perturbed=False)
  (/36): BoundParams(name=/36, inputs=[], perturbed=False)
  (/37): BoundParams(name=/37, inputs=[], perturbed=False)
  (/38): BoundParams(name=/38, inputs=[], perturbed=False)
  (/39): BoundParams(name=/39, inputs=[], perturbed=False)
  (/40): BoundParams(name=/40, inputs=[], perturbed=False)
  (/41): BoundParams(name=/41, inputs=[], perturbed=False)
  (/42): BoundLinear(name=/42, inputs=[/0, /21, /22], perturbed=True)
  (/43): BoundSplit(name=/43, inputs=[/shape], perturbed=False)
  (/44): BoundSplit(name=/44, inputs=[/shape], perturbed=False)
  (/45): BoundSplit(name=/45, inputs=[/shape], perturbed=False)
  (/46): BoundSplit(name=/46, inputs=[/shape], perturbed=False)
  (/47): BoundConstant(name=/47, value=tensor([0], device='cuda:0'))
  (/48): BoundSqueeze(name=/48, inputs=[/43, /47], perturbed=False)
  (/49): BoundConstant(name=/49, value=tensor([0], device='cuda:0'))
  (/50): BoundSqueeze(name=/50, inputs=[/44, /49], perturbed=False)
  (/51): BoundConstant(name=/51, value=tensor([0], device='cuda:0'))
  (/52): BoundSqueeze(name=/52, inputs=[/45, /51], perturbed=False)
  (/53): BoundConstant(name=/53, value=tensor([0], device='cuda:0'))
  (/54): BoundSqueeze(name=/54, inputs=[/46, /53], perturbed=False)
  (/55): BoundConstant(name=/55, value=tensor([0], device='cuda:0'))
  (/56): BoundUnsqueeze(name=/56, inputs=[/48, /55], perturbed=False)
  (/57): BoundConstant(name=/57, value=tensor([0], device='cuda:0'))
  (/58): BoundUnsqueeze(name=/58, inputs=[/50, /57], perturbed=False)
  (/59): BoundConstant(name=/59, value=tensor([0], device='cuda:0'))
  (/60): BoundUnsqueeze(name=/60, inputs=[/52, /59], perturbed=False)
  (/61): BoundConstant(name=/61, value=tensor([0], device='cuda:0'))
  (/62): BoundUnsqueeze(name=/62, inputs=[/54, /61], perturbed=False)
  (/63): BoundConcat(name=/63, inputs=[/56, /58, /60, /62], perturbed=False)
  (/input): BoundReshape(name=/input, inputs=[/42, /63], perturbed=True)
  (/input-19): BoundConv(name=/input-19, inputs=[/input-3/optimized/relu, /28, /29], perturbed=True)
  (/input-23): BoundRelu(name=/input-23, inputs=[/input-19], perturbed=True)
  (/input-27): BoundConv(name=/input-27, inputs=[/input-23, /30, /31], perturbed=True)
  (/input-31): BoundRelu(name=/input-31, inputs=[/input-27], perturbed=True)
  (/input-35): BoundConv(name=/input-35, inputs=[/input-31, /32, /33], perturbed=True)
  (/input-39): BoundRelu(name=/input-39, inputs=[/input-35], perturbed=True)
  (/input-43): BoundConv(name=/input-43, inputs=[/input-39, /34, /35], perturbed=True)
  (/input-47): BoundRelu(name=/input-47, inputs=[/input-43], perturbed=True)
  (/input-51): BoundConv(name=/input-51, inputs=[/input-47, /36, /37], perturbed=True)
  (/input-55): BoundRelu(name=/input-55, inputs=[/input-51], perturbed=True)
  (/input-59): BoundConv(name=/input-59, inputs=[/input-55, /38, /39], perturbed=True)
  (/input-63): BoundRelu(name=/input-63, inputs=[/input-59], perturbed=True)
  (/81): BoundConv(name=/81, inputs=[/input-63, /40, /41], perturbed=True)
  (/82): BoundFlatten(name=/82, inputs=[/81], perturbed=True)
  (/input-3/optimized/weight): BoundParams(name=/input-3/optimized/weight, inputs=[], perturbed=False)
  (/input-3/optimized/bias): BoundParams(name=/input-3/optimized/bias, inputs=[], perturbed=False)
  (/input-3/optimized): BoundConv(name=/input-3/optimized, inputs=[/input, /input-3/optimized/weight, /input-3/optimized/bias], perturbed=True)
  (/input-3/optimized/relu): BoundRelu(name=/input-3/optimized/relu, inputs=[/input-3/optimized], perturbed=True)
)
Original output in the first batch: tensor([[ -4.09628725, -12.23907661,  -5.70297337,   1.76354778,  -3.71288300,
           1.60972726,  -0.75367814,  -0.39118895,  -5.50582027, -19.43324471]],
       device='cuda:0')
build batch [1/1]
initial crown bounds (first 10 items): [-1.4610910415649414, 5.300466537475586, -0.34209442138671875, -1.9705851078033447, -5.152645587921143, -4.838970184326172, -7.173280239105225, -0.09634947776794434, 13.038492202758789]
Global lower bound: -7.173280239105225
Initializing Domain Clipper...
Processing layer: /input-3/optimized, input name: /0
Layer: /input-3/optimized
    lA with shape: torch.Size([1, 6757, 16])
    uA with shape: torch.Size([1, 6757, 16])
    lbias with shape: torch.Size([1, 6757])
    ubias with shape: torch.Size([1, 6757])
Processing layer: /input-19, input name: /0
Layer: /input-19
    lA with shape: torch.Size([1, 4986, 16])
    uA with shape: torch.Size([1, 4986, 16])
    lbias with shape: torch.Size([1, 4986])
    ubias with shape: torch.Size([1, 4986])
Processing layer: /input-27, input name: /0
Layer: /input-27
    lA with shape: torch.Size([1, 5945, 16])
    uA with shape: torch.Size([1, 5945, 16])
    lbias with shape: torch.Size([1, 5945])
    ubias with shape: torch.Size([1, 5945])
Processing layer: /input-35, input name: /0
Layer: /input-35
    lA with shape: torch.Size([1, 2566, 16])
    uA with shape: torch.Size([1, 2566, 16])
    lbias with shape: torch.Size([1, 2566])
    ubias with shape: torch.Size([1, 2566])
Processing layer: /input-43, input name: /0
Layer: /input-43
    lA with shape: torch.Size([1, 3520, 16])
    uA with shape: torch.Size([1, 3520, 16])
    lbias with shape: torch.Size([1, 3520])
    ubias with shape: torch.Size([1, 3520])
Processing layer: /input-51, input name: /0
Layer: /input-51
    lA with shape: torch.Size([1, 1137, 16])
    uA with shape: torch.Size([1, 1137, 16])
    lbias with shape: torch.Size([1, 1137])
    ubias with shape: torch.Size([1, 1137])
Processing layer: /input-59, input name: /0
Layer: /input-59
    lA with shape: torch.Size([1, 1771, 16])
    uA with shape: torch.Size([1, 1771, 16])
    lbias with shape: torch.Size([1, 1771])
    ubias with shape: torch.Size([1, 1771])
Processing layer: /82, input name: /0
Domain Clipper Initialized in 7.176399230957031e-05 s.
2 / 9 OR specs are verified.
Verified OR indices (first 10 items): [1, 8]
Verified OR lbs (first 10 items): [[5.300466537475586], [13.038492202758789]]
Unverified OR indices (first 10 items): [0, 2, 3, 4, 5, 6, 7]
Unverified OR lbs (first 10 items): [[-1.4610910415649414], [-0.34209442138671875], [-1.9705851078033447], [-5.152645587921143], [-4.838970184326172], [-7.173280239105225], [-0.09634947776794434]]
###### Verifying property Instance 0 ######
Batch size: 7
First 10 spec matrices
C: tensor([[[-1.,  0.,  0.,  1.,  0.,  0.,  0.,  0.,  0.,  0.]],

        [[ 0.,  0., -1.,  1.,  0.,  0.,  0.,  0.,  0.,  0.]],

        [[ 0.,  0.,  0.,  1., -1.,  0.,  0.,  0.,  0.,  0.]],

        [[ 0.,  0.,  0.,  1.,  0., -1.,  0.,  0.,  0.,  0.]],

        [[ 0.,  0.,  0.,  1.,  0.,  0., -1.,  0.,  0.,  0.]],

        [[ 0.,  0.,  0.,  1.,  0.,  0.,  0., -1.,  0.,  0.]],

        [[ 0.,  0.,  0.,  1.,  0.,  0.,  0.,  0., -1.,  0.]]], device='cuda:0')
RHS: tensor([[0.],
        [0.],
        [0.],
        [0.],
        [0.],
        [0.],
        [0.]], device='cuda:0')
OR spec sizes: tensor([1, 1, 1, 1, 1, 1, 1], device='cuda:0', dtype=torch.int32)
Remaining timeout: 179.38113570213318
Model prediction is: tensor([ -4.09628725, -12.23907661,  -5.70297337,   1.76354778,  -3.71288300,
          1.60972726,  -0.75367814,  -0.39118895,  -5.50582027, -19.43324471],
       device='cuda:0')
Domain clipping (1 iterations): shrunken 2/12 (16.67%), Of 14 batches, 2 were verified before clipping, 2 domains were shrunken, and 0 were shrunken and additionally verified.
Iteration 1
Current pickout batch: 8
Worst bound: tensor([-2.77679062], device='cuda:0')
Domain clipping (1 iterations): shrunken 0/8 (0.00%), Of 8 batches, 0 were verified before clipping, 0 domains were shrunken, and 0 were shrunken and additionally verified.
Time: pickout 0.0004    init 0.0001    concretize 0.0001    bounding 0.3562    filtering 0.0002    decision 0.0001    split 0.0004    clip 0.0008    add_domain 0.0002    summary 0.0002    
Accumulated time: pickout 0.0004    bounding 0.3562    init 0.0014    concretize 0.0014    filtering 0.0002    decision 0.0001    split 0.0004    clip 0.0008    add_domain 0.0002    summary 0.0002    
Length of domains: 12
15 domains visited
Current (lb-rhs): tensor([[-5.15264559]], device='cuda:0')
current_vram/total_varm: 16.5GB/102.0GB, batch_size increase to 16
Cumulative time: 0.41414690017700195

Iteration 2
Current pickout batch: 12
Worst bound: tensor([-2.26507664], device='cuda:0')
Domain clipping (1 iterations): shrunken 1/17 (5.88%), Of 18 batches, 1 were verified before clipping, 1 domains were shrunken, and 0 were shrunken and additionally verified.
Time: pickout 0.0002    init 0.0001    concretize 0.0001    bounding 0.5013    filtering 0.0005    decision 0.0001    split 0.0031    clip 0.0023    add_domain 0.0014    summary 0.0012    
Accumulated time: pickout 0.0006    bounding 0.8575    init 0.0026    concretize 0.0026    filtering 0.0008    decision 0.0003    split 0.0035    clip 0.0031    add_domain 0.0017    summary 0.0014    
Length of domains: 17
27 domains visited
Current (lb-rhs): tensor([[-2.26507664]], device='cuda:0')
Cumulative time: 0.9258308410644531

Iteration 3
Current pickout batch: 16
Worst bound: tensor([-1.95837426], device='cuda:0')
Domain clipping (1 iterations): shrunken 0/26 (0.00%), Of 26 batches, 0 were verified before clipping, 0 domains were shrunken, and 0 were shrunken and additionally verified.
Time: pickout 0.0003    init 0.0001    concretize 0.0001    bounding 0.6929    filtering 0.0002    decision 0.0001    split 0.0004    clip 0.0006    add_domain 0.0002    summary 0.0002    
Accumulated time: pickout 0.0009    bounding 1.5504    init 0.0038    concretize 0.0038    filtering 0.0009    decision 0.0004    split 0.0040    clip 0.0037    add_domain 0.0019    summary 0.0016    
Length of domains: 27
43 domains visited
Current (lb-rhs): tensor([[-1.95837426]], device='cuda:0')
current_vram/total_varm: 44.3GB/102.0GB, batch_size increase to 32
Cumulative time: 1.6215345859527588

Iteration 4
Current pickout batch: 27
Worst bound: tensor([-1.55418444], device='cuda:0')
Domain clipping (1 iterations): shrunken 0/54 (0.00%), Of 54 batches, 0 were verified before clipping, 0 domains were shrunken, and 0 were shrunken and additionally verified.
Time: pickout 0.0001    init 0.0001    concretize 0.0001    bounding 1.1429    filtering 0.0001    decision 0.0001    split 0.0005    clip 0.0005    add_domain 0.0002    summary 0.0001    
Accumulated time: pickout 0.0010    bounding 2.6933    init 0.0050    concretize 0.0050    filtering 0.0010    decision 0.0005    split 0.0045    clip 0.0042    add_domain 0.0021    summary 0.0017    
Length of domains: 54
70 domains visited
Current (lb-rhs): tensor([[-1.55418444]], device='cuda:0')
Cumulative time: 2.7664504051208496

Iteration 5
Current pickout batch: 32
Worst bound: tensor([-0.84499383], device='cuda:0')
Domain clipping (1 iterations): shrunken 5/52 (9.62%), Of 54 batches, 2 were verified before clipping, 5 domains were shrunken, and 0 were shrunken and additionally verified.
Time: pickout 0.0002    init 0.0001    concretize 0.0001    bounding 1.5194    filtering 0.0001    decision 0.0001    split 0.0004    clip 0.0005    add_domain 0.0002    summary 0.0001    
Accumulated time: pickout 0.0012    bounding 4.2127    init 0.0063    concretize 0.0063    filtering 0.0011    decision 0.0006    split 0.0048    clip 0.0047    add_domain 0.0023    summary 0.0019    
Length of domains: 74
102 domains visited
Current (lb-rhs): tensor([[-1.51927710]], device='cuda:0')
current_vram/total_varm: 39.2GB/102.0GB, batch_size increase to 64
Cumulative time: 4.287991523742676

Iteration 6
Current pickout batch: 64
Worst bound: tensor([-0.78371191], device='cuda:0')
Domain clipping (1 iterations): shrunken 10/105 (9.52%), Of 106 batches, 1 were verified before clipping, 10 domains were shrunken, and 0 were shrunken and additionally verified.
Time: pickout 0.0001    init 0.0001    concretize 0.0001    bounding 2.7764    filtering 0.0004    decision 0.0001    split 0.0021    clip 0.0015    add_domain 0.0010    summary 0.0009    
Accumulated time: pickout 0.0013    bounding 6.9890    init 0.0076    concretize 0.0076    filtering 0.0015    decision 0.0007    split 0.0070    clip 0.0062    add_domain 0.0033    summary 0.0028    
Length of domains: 115
166 domains visited
Current (lb-rhs): tensor([[-1.44265366]], device='cuda:0')
Cumulative time: 7.071722507476807

Iteration 7
Current pickout batch: 64
Worst bound: tensor([-0.71329522], device='cuda:0')
Domain clipping (1 iterations): shrunken 7/111 (6.31%), Of 112 batches, 1 were verified before clipping, 7 domains were shrunken, and 0 were shrunken and additionally verified.
Time: pickout 0.0003    init 0.0001    concretize 0.0001    bounding 3.0696    filtering 0.0032    decision 0.0001    split 0.0055    clip 0.0032    add_domain 0.0031    summary 0.0027    
Accumulated time: pickout 0.0017    bounding 10.0586    init 0.0087    concretize 0.0087    filtering 0.0047    decision 0.0008    split 0.0124    clip 0.0094    add_domain 0.0064    summary 0.0055    
Length of domains: 162
230 domains visited
Current (lb-rhs): tensor([[-1.44265366]], device='cuda:0')
Cumulative time: 10.160792350769043

Iteration 8
Current pickout batch: 64
Worst bound: tensor([-0.64697123], device='cuda:0')
Domain clipping (1 iterations): shrunken 0/82 (0.00%), Of 82 batches, 0 were verified before clipping, 0 domains were shrunken, and 0 were shrunken and additionally verified.
Time: pickout 0.0024    init 0.0001    concretize 0.0001    bounding 2.8074    filtering 0.0004    decision 0.0001    split 0.0005    clip 0.0037    add_domain 0.0004    summary 0.0009    
Accumulated time: pickout 0.0041    bounding 12.8661    init 0.0099    concretize 0.0099    filtering 0.0051    decision 0.0009    split 0.0130    clip 0.0131    add_domain 0.0068    summary 0.0065    
Length of domains: 180
294 domains visited
Current (lb-rhs): tensor([[-1.44265366]], device='cuda:0')
Cumulative time: 12.97803544998169

Iteration 9
Current pickout batch: 64
Worst bound: tensor([-0.46050763], device='cuda:0')
Domain clipping (1 iterations): shrunken 0/128 (0.00%), Of 128 batches, 0 were verified before clipping, 0 domains were shrunken, and 0 were shrunken and additionally verified.
Time: pickout 0.0003    init 0.0001    concretize 0.0001    bounding 2.6959    filtering 0.0002    decision 0.0001    split 0.0020    clip 0.0021    add_domain 0.0004    summary 0.0009    
Accumulated time: pickout 0.0044    bounding 15.5620    init 0.0110    concretize 0.0111    filtering 0.0053    decision 0.0010    split 0.0150    clip 0.0152    add_domain 0.0071    summary 0.0074    
Length of domains: 244
358 domains visited
Current (lb-rhs): tensor([[-1.44265366]], device='cuda:0')
Cumulative time: 15.681211709976196

Iteration 10
Current pickout batch: 64
Worst bound: tensor([-0.36706567], device='cuda:0')
Domain clipping (1 iterations): shrunken 0/128 (0.00%), Of 128 batches, 0 were verified before clipping, 0 domains were shrunken, and 0 were shrunken and additionally verified.
Time: pickout 0.0003    init 0.0001    concretize 0.0001    bounding 2.8488    filtering 0.0002    decision 0.0001    split 0.0014    clip 0.0007    add_domain 0.0002    summary 0.0001    
Accumulated time: pickout 0.0047    bounding 18.4107    init 0.0122    concretize 0.0122    filtering 0.0055    decision 0.0011    split 0.0164    clip 0.0159    add_domain 0.0073    summary 0.0076    
Length of domains: 308
422 domains visited
Current (lb-rhs): tensor([[-1.44265366]], device='cuda:0')
Cumulative time: 18.533958196640015

Iteration 11
Current pickout batch: 64
Worst bound: tensor([-0.29924417], device='cuda:0')
Domain clipping (1 iterations): shrunken 0/128 (0.00%), Of 128 batches, 0 were verified before clipping, 0 domains were shrunken, and 0 were shrunken and additionally verified.
Time: pickout 0.0004    init 0.0001    concretize 0.0001    bounding 3.4438    filtering 0.0003    decision 0.0001    split 0.0033    clip 0.0017    add_domain 0.0006    summary 0.0010    
Accumulated time: pickout 0.0051    bounding 21.8545    init 0.0133    concretize 0.0133    filtering 0.0058    decision 0.0012    split 0.0197    clip 0.0176    add_domain 0.0079    summary 0.0086    
Length of domains: 372
486 domains visited
Current (lb-rhs): tensor([[-1.44265366]], device='cuda:0')
Cumulative time: 21.986623525619507

Iteration 12
Current pickout batch: 64
Worst bound: tensor([-0.28140163], device='cuda:0')
Domain clipping (1 iterations): shrunken 15/114 (13.16%), Of 120 batches, 6 were verified before clipping, 15 domains were shrunken, and 0 were shrunken and additionally verified.
Time: pickout 0.0003    init 0.0001    concretize 0.0001    bounding 3.3631    filtering 0.0006    decision 0.0001    split 0.0064    clip 0.0059    add_domain 0.0011    summary 0.0053    
Accumulated time: pickout 0.0054    bounding 25.2176    init 0.0145    concretize 0.0145    filtering 0.0064    decision 0.0013    split 0.0261    clip 0.0235    add_domain 0.0090    summary 0.0139    
Length of domains: 422
550 domains visited
Current (lb-rhs): tensor([[-1.44265366]], device='cuda:0')
Cumulative time: 25.371670484542847

Iteration 13
Current pickout batch: 64
Worst bound: tensor([-0.25086999], device='cuda:0')
Domain clipping (1 iterations): shrunken 11/96 (11.46%), Of 102 batches, 6 were verified before clipping, 11 domains were shrunken, and 0 were shrunken and additionally verified.
Time: pickout 0.0037    init 0.0001    concretize 0.0001    bounding 3.1787    filtering 0.0004    decision 0.0001    split 0.0021    clip 0.0015    add_domain 0.0010    summary 0.0009    
Accumulated time: pickout 0.0091    bounding 28.3963    init 0.0156    concretize 0.0156    filtering 0.0068    decision 0.0014    split 0.0281    clip 0.0250    add_domain 0.0100    summary 0.0148    
Length of domains: 454
614 domains visited
Current (lb-rhs): tensor([[-1.44265366]], device='cuda:0')
Cumulative time: 28.561376810073853

Iteration 14
Current pickout batch: 64
Worst bound: tensor([-0.22297859], device='cuda:0')
Domain clipping (1 iterations): shrunken 12/108 (11.11%), Of 108 batches, 0 were verified before clipping, 12 domains were shrunken, and 0 were shrunken and additionally verified.
Time: pickout 0.0003    init 0.0001    concretize 0.0001    bounding 3.0959    filtering 0.0006    decision 0.0001    split 0.0033    clip 0.0023    add_domain 0.0006    summary 0.0013    
Accumulated time: pickout 0.0094    bounding 31.4922    init 0.0168    concretize 0.0167    filtering 0.0074    decision 0.0015    split 0.0314    clip 0.0273    add_domain 0.0106    summary 0.0162    
Length of domains: 498
678 domains visited
Current (lb-rhs): tensor([[-1.44265366]], device='cuda:0')
Cumulative time: 31.66730046272278

Iteration 15
Current pickout batch: 64
Worst bound: tensor([-0.19086742], device='cuda:0')
Domain clipping (1 iterations): shrunken 16/103 (15.53%), Of 106 batches, 3 were verified before clipping, 16 domains were shrunken, and 0 were shrunken and additionally verified.
Time: pickout 0.0003    init 0.0001    concretize 0.0001    bounding 3.0923    filtering 0.0001    decision 0.0001    split 0.0004    clip 0.0006    add_domain 0.0003    summary 0.0002    
Accumulated time: pickout 0.0097    bounding 34.5846    init 0.0179    concretize 0.0179    filtering 0.0075    decision 0.0016    split 0.0318    clip 0.0279    add_domain 0.0108    summary 0.0163    
Length of domains: 537
742 domains visited
Current (lb-rhs): tensor([[-1.44265366]], device='cuda:0')
Cumulative time: 34.76217579841614

Iteration 16
Current pickout batch: 64
Worst bound: tensor([-0.16857159], device='cuda:0')
Domain clipping (1 iterations): shrunken 25/107 (23.36%), Of 110 batches, 3 were verified before clipping, 25 domains were shrunken, and 0 were shrunken and additionally verified.
Time: pickout 0.0002    init 0.0001    concretize 0.0001    bounding 2.8927    filtering 0.0007    decision 0.0001    split 0.0028    clip 0.0017    add_domain 0.0010    summary 0.0009    
Accumulated time: pickout 0.0099    bounding 37.4772    init 0.0192    concretize 0.0192    filtering 0.0082    decision 0.0017    split 0.0346    clip 0.0296    add_domain 0.0118    summary 0.0173    
Length of domains: 580
806 domains visited
Current (lb-rhs): tensor([[-1.44265366]], device='cuda:0')
Cumulative time: 37.66352987289429

Iteration 17
Current pickout batch: 64
Worst bound: tensor([-0.13844788], device='cuda:0')
Domain clipping (1 iterations): shrunken 12/94 (12.77%), Of 98 batches, 4 were verified before clipping, 12 domains were shrunken, and 0 were shrunken and additionally verified.
Time: pickout 0.0003    init 0.0001    concretize 0.0001    bounding 2.8451    filtering 0.0001    decision 0.0001    split 0.0004    clip 0.0013    add_domain 0.0002    summary 0.0001    
Accumulated time: pickout 0.0102    bounding 40.3224    init 0.0203    concretize 0.0203    filtering 0.0083    decision 0.0018    split 0.0349    clip 0.0310    add_domain 0.0120    summary 0.0174    
Length of domains: 610
870 domains visited
Current (lb-rhs): tensor([[-1.44265366]], device='cuda:0')
Cumulative time: 40.5117552280426

Iteration 18
Current pickout batch: 64
Worst bound: tensor([-0.12359488], device='cuda:0')
Domain clipping (1 iterations): shrunken 15/110 (13.64%), Of 110 batches, 0 were verified before clipping, 15 domains were shrunken, and 0 were shrunken and additionally verified.
Time: pickout 0.0001    init 0.0001    concretize 0.0001    bounding 2.8197    filtering 0.0004    decision 0.0001    split 0.0011    clip 0.0016    add_domain 0.0004    summary 0.0011    
Accumulated time: pickout 0.0103    bounding 43.1420    init 0.0215    concretize 0.0215    filtering 0.0087    decision 0.0019    split 0.0360    clip 0.0325    add_domain 0.0125    summary 0.0186    
Length of domains: 656
934 domains visited
Current (lb-rhs): tensor([[-1.44265366]], device='cuda:0')
Cumulative time: 43.33762884140015

Iteration 19
Current pickout batch: 64
Worst bound: tensor([-0.11109233], device='cuda:0')
Domain clipping (1 iterations): shrunken 9/111 (8.11%), Of 112 batches, 1 were verified before clipping, 9 domains were shrunken, and 0 were shrunken and additionally verified.
Time: pickout 0.0002    init 0.0001    concretize 0.0001    bounding 2.8083    filtering 0.0004    decision 0.0001    split 0.0021    clip 0.0015    add_domain 0.0010    summary 0.0010    
Accumulated time: pickout 0.0105    bounding 45.9503    init 0.0226    concretize 0.0226    filtering 0.0091    decision 0.0020    split 0.0381    clip 0.0341    add_domain 0.0134    summary 0.0195    
Length of domains: 703
998 domains visited
Current (lb-rhs): tensor([[-1.44265366]], device='cuda:0')
Cumulative time: 46.15337157249451

Iteration 20
Current pickout batch: 64
Worst bound: tensor([-0.09751809], device='cuda:0')
Domain clipping (1 iterations): shrunken 28/111 (25.23%), Of 114 batches, 3 were verified before clipping, 28 domains were shrunken, and 0 were shrunken and additionally verified.
Time: pickout 0.0003    init 0.0001    concretize 0.0001    bounding 2.7932    filtering 0.0005    decision 0.0001    split 0.0059    clip 0.0056    add_domain 0.0011    summary 0.0036    
Accumulated time: pickout 0.0108    bounding 48.7436    init 0.0238    concretize 0.0238    filtering 0.0096    decision 0.0021    split 0.0440    clip 0.0396    add_domain 0.0145    summary 0.0231    
Length of domains: 750
1062 domains visited
Current (lb-rhs): tensor([[-1.44265366]], device='cuda:0')
Cumulative time: 48.9661009311676

Iteration 21
Current pickout batch: 64
Worst bound: tensor([-0.08279979], device='cuda:0')
Domain clipping (1 iterations): shrunken 19/95 (20.00%), Of 96 batches, 1 were verified before clipping, 19 domains were shrunken, and 0 were shrunken and additionally verified.
Time: pickout 0.0003    init 0.0001    concretize 0.0001    bounding 2.8115    filtering 0.0005    decision 0.0001    split 0.0061    clip 0.0021    add_domain 0.0012    summary 0.0011    
Accumulated time: pickout 0.0111    bounding 51.5551    init 0.0249    concretize 0.0249    filtering 0.0101    decision 0.0022    split 0.0501    clip 0.0418    add_domain 0.0157    summary 0.0242    
Length of domains: 781
1126 domains visited
Current (lb-rhs): tensor([[-1.44265366]], device='cuda:0')
Cumulative time: 51.79063582420349

Iteration 22
Current pickout batch: 64
Worst bound: tensor([-0.06995893], device='cuda:0')
Domain clipping (1 iterations): shrunken 17/108 (15.74%), Of 110 batches, 2 were verified before clipping, 17 domains were shrunken, and 0 were shrunken and additionally verified.
Time: pickout 0.0003    init 0.0001    concretize 0.0001    bounding 2.7289    filtering 0.0006    decision 0.0001    split 0.0025    clip 0.0015    add_domain 0.0010    summary 0.0010    
Accumulated time: pickout 0.0114    bounding 54.2840    init 0.0261    concretize 0.0261    filtering 0.0107    decision 0.0023    split 0.0526    clip 0.0432    add_domain 0.0166    summary 0.0251    
Length of domains: 825
1190 domains visited
Current (lb-rhs): tensor([[-1.44265366]], device='cuda:0')
Cumulative time: 54.52779698371887

Iteration 23
Current pickout batch: 64
Worst bound: tensor([-0.05850780], device='cuda:0')
Domain clipping (1 iterations): shrunken 26/104 (25.00%), Of 110 batches, 6 were verified before clipping, 26 domains were shrunken, and 0 were shrunken and additionally verified.
Time: pickout 0.0003    init 0.0001    concretize 0.0001    bounding 2.8176    filtering 0.0004    decision 0.0002    split 0.0053    clip 0.0015    add_domain 0.0010    summary 0.0013    
Accumulated time: pickout 0.0117    bounding 57.1015    init 0.0272    concretize 0.0272    filtering 0.0111    decision 0.0025    split 0.0580    clip 0.0447    add_domain 0.0176    summary 0.0264    
Length of domains: 865
1254 domains visited
Current (lb-rhs): tensor([[-1.44265366]], device='cuda:0')
Cumulative time: 57.35697603225708

Iteration 24
Current pickout batch: 64
Worst bound: tensor([-0.04617262], device='cuda:0')
Domain clipping (1 iterations): shrunken 20/90 (22.22%), Of 92 batches, 2 were verified before clipping, 20 domains were shrunken, and 0 were shrunken and additionally verified.
Time: pickout 0.0003    init 0.0001    concretize 0.0001    bounding 2.7384    filtering 0.0004    decision 0.0001    split 0.0020    clip 0.0017    add_domain 0.0009    summary 0.0010    
Accumulated time: pickout 0.0120    bounding 59.8399    init 0.0284    concretize 0.0284    filtering 0.0115    decision 0.0026    split 0.0600    clip 0.0464    add_domain 0.0186    summary 0.0274    
Length of domains: 891
1318 domains visited
Current (lb-rhs): tensor([[-1.44265366]], device='cuda:0')
Cumulative time: 60.1031448841095

Iteration 25
Current pickout batch: 64
Worst bound: tensor([-0.04251468], device='cuda:0')
Domain clipping (1 iterations): shrunken 38/108 (35.19%), Of 110 batches, 2 were verified before clipping, 38 domains were shrunken, and 0 were shrunken and additionally verified.
Time: pickout 0.0003    init 0.0001    concretize 0.0001    bounding 2.7152    filtering 0.0006    decision 0.0001    split 0.0063    clip 0.0054    add_domain 0.0009    summary 0.0037    
Accumulated time: pickout 0.0123    bounding 62.5551    init 0.0295    concretize 0.0295    filtering 0.0121    decision 0.0027    split 0.0663    clip 0.0518    add_domain 0.0195    summary 0.0311    
Length of domains: 935
1382 domains visited
Current (lb-rhs): tensor([[-1.44265366]], device='cuda:0')
Cumulative time: 62.83832550048828

Iteration 26
Current pickout batch: 64
Worst bound: tensor([-0.03423548], device='cuda:0')
Domain clipping (1 iterations): shrunken 34/92 (36.96%), Of 94 batches, 2 were verified before clipping, 34 domains were shrunken, and 0 were shrunken and additionally verified.
Time: pickout 0.0003    init 0.0001    concretize 0.0001    bounding 2.8028    filtering 0.0001    decision 0.0001    split 0.0004    clip 0.0005    add_domain 0.0002    summary 0.0001    
Accumulated time: pickout 0.0126    bounding 65.3579    init 0.0308    concretize 0.0308    filtering 0.0122    decision 0.0028    split 0.0667    clip 0.0523    add_domain 0.0197    summary 0.0312    
Length of domains: 963
1446 domains visited
Current (lb-rhs): tensor([[-1.44265366]], device='cuda:0')
Cumulative time: 65.64339804649353

Iteration 27
Current pickout batch: 64
Worst bound: tensor([-0.02887118], device='cuda:0')
Domain clipping (1 iterations): shrunken 64/93 (68.82%), Of 96 batches, 3 were verified before clipping, 64 domains were shrunken, and 0 were shrunken and additionally verified.
Time: pickout 0.0001    init 0.0001    concretize 0.0001    bounding 2.6902    filtering 0.0004    decision 0.0001    split 0.0021    clip 0.0015    add_domain 0.0009    summary 0.0010    
Accumulated time: pickout 0.0127    bounding 68.0482    init 0.0319    concretize 0.0319    filtering 0.0126    decision 0.0029    split 0.0688    clip 0.0538    add_domain 0.0206    summary 0.0321    
Length of domains: 992
1510 domains visited
Current (lb-rhs): tensor([[-1.44265366]], device='cuda:0')
Cumulative time: 68.34093904495239

Iteration 28
Current pickout batch: 64
Worst bound: tensor([-0.02558398], device='cuda:0')
Domain clipping (1 iterations): shrunken 39/52 (75.00%), Of 58 batches, 6 were verified before clipping, 39 domains were shrunken, and 0 were shrunken and additionally verified.
Time: pickout 0.0003    init 0.0001    concretize 0.0001    bounding 2.7237    filtering 0.0002    decision 0.0001    split 0.0062    clip 0.0056    add_domain 0.0009    summary 0.0039    
Accumulated time: pickout 0.0130    bounding 70.7718    init 0.0330    concretize 0.0330    filtering 0.0128    decision 0.0030    split 0.0750    clip 0.0594    add_domain 0.0215    summary 0.0360    
Length of domains: 980
1574 domains visited
Current (lb-rhs): tensor([[-1.44265366]], device='cuda:0')
Cumulative time: 71.08438897132874

Iteration 29
Current pickout batch: 64
Worst bound: tensor([-0.02185893], device='cuda:0')
Domain clipping (1 iterations): shrunken 41/53 (77.36%), Of 62 batches, 9 were verified before clipping, 41 domains were shrunken, and 0 were shrunken and additionally verified.
Time: pickout 0.0003    init 0.0001    concretize 0.0001    bounding 2.7207    filtering 0.0001    decision 0.0001    split 0.0004    clip 0.0005    add_domain 0.0002    summary 0.0001    
Accumulated time: pickout 0.0133    bounding 73.4925    init 0.0341    concretize 0.0341    filtering 0.0130    decision 0.0031    split 0.0754    clip 0.0599    add_domain 0.0217    summary 0.0361    
Length of domains: 969
1638 domains visited
Current (lb-rhs): tensor([[-1.44265366]], device='cuda:0')
Cumulative time: 73.80757904052734

Iteration 30
Current pickout batch: 64
Worst bound: tensor([-0.02175081], device='cuda:0')
Domain clipping (1 iterations): shrunken 53/62 (85.48%), Of 72 batches, 10 were verified before clipping, 53 domains were shrunken, and 0 were shrunken and additionally verified.
Time: pickout 0.0001    init 0.0001    concretize 0.0001    bounding 2.6861    filtering 0.0007    decision 0.0001    split 0.0027    clip 0.0018    add_domain 0.0009    summary 0.0010    
Accumulated time: pickout 0.0135    bounding 76.1786    init 0.0353    concretize 0.0353    filtering 0.0136    decision 0.0032    split 0.0781    clip 0.0617    add_domain 0.0227    summary 0.0371    
Length of domains: 967
1702 domains visited
Current (lb-rhs): tensor([[-1.44265366]], device='cuda:0')
Cumulative time: 76.502596616745

Iteration 31
Current pickout batch: 64
Worst bound: tensor([-0.01432133], device='cuda:0')
Domain clipping (1 iterations): shrunken 40/43 (93.02%), Of 50 batches, 7 were verified before clipping, 40 domains were shrunken, and 0 were shrunken and additionally verified.
Time: pickout 0.0003    init 0.0001    concretize 0.0001    bounding 2.7231    filtering 0.0032    decision 0.0001    split 0.0055    clip 0.0032    add_domain 0.0031    summary 0.0027    
Accumulated time: pickout 0.0138    bounding 78.9017    init 0.0365    concretize 0.0365    filtering 0.0168    decision 0.0033    split 0.0836    clip 0.0649    add_domain 0.0257    summary 0.0398    
Length of domains: 946
1766 domains visited
Current (lb-rhs): tensor([[-1.44265366]], device='cuda:0')
Cumulative time: 79.24505186080933

Iteration 32
Current pickout batch: 64
Worst bound: tensor([-0.02152681], device='cuda:0')
Domain clipping (1 iterations): shrunken 34/41 (82.93%), Of 48 batches, 7 were verified before clipping, 34 domains were shrunken, and 0 were shrunken and additionally verified.
Time: pickout 0.0024    init 0.0001    concretize 0.0001    bounding 2.6711    filtering 0.0001    decision 0.0001    split 0.0004    clip 0.0005    add_domain 0.0002    summary 0.0001    
Accumulated time: pickout 0.0162    bounding 81.5728    init 0.0377    concretize 0.0377    filtering 0.0169    decision 0.0034    split 0.0840    clip 0.0654    add_domain 0.0260    summary 0.0399    
Length of domains: 923
1830 domains visited
Current (lb-rhs): tensor([[-1.44265366]], device='cuda:0')
Cumulative time: 81.92050170898438

Iteration 33
Current pickout batch: 64
Worst bound: tensor([-0.03013194], device='cuda:0')
Domain clipping (1 iterations): shrunken 40/49 (81.63%), Of 54 batches, 5 were verified before clipping, 40 domains were shrunken, and 0 were shrunken and additionally verified.
Time: pickout 0.0001    init 0.0001    concretize 0.0001    bounding 2.7436    filtering 0.0004    decision 0.0001    split 0.0021    clip 0.0015    add_domain 0.0010    summary 0.0009    
Accumulated time: pickout 0.0164    bounding 84.3163    init 0.0389    concretize 0.0389    filtering 0.0173    decision 0.0035    split 0.0861    clip 0.0669    add_domain 0.0269    summary 0.0408    
Length of domains: 908
1894 domains visited
Current (lb-rhs): tensor([[-1.44265366]], device='cuda:0')
Cumulative time: 84.67141509056091

Iteration 34
Current pickout batch: 64
Worst bound: tensor([-0.03556705], device='cuda:0')
Domain clipping (1 iterations): shrunken 30/56 (53.57%), Of 60 batches, 4 were verified before clipping, 30 domains were shrunken, and 0 were shrunken and additionally verified.
Time: pickout 0.0003    init 0.0001    concretize 0.0001    bounding 2.7467    filtering 0.0004    decision 0.0001    split 0.0062    clip 0.0055    add_domain 0.0011    summary 0.0004    
Accumulated time: pickout 0.0166    bounding 87.0631    init 0.0400    concretize 0.0400    filtering 0.0177    decision 0.0037    split 0.0923    clip 0.0724    add_domain 0.0280    summary 0.0412    
Length of domains: 900
1958 domains visited
Current (lb-rhs): tensor([[-1.44265366]], device='cuda:0')
Cumulative time: 87.43620586395264

Iteration 35
Current pickout batch: 64
Worst bound: tensor([-0.03556705], device='cuda:0')
Domain clipping (1 iterations): shrunken 43/76 (56.58%), Of 80 batches, 4 were verified before clipping, 43 domains were shrunken, and 0 were shrunken and additionally verified.
Time: pickout 0.0013    init 0.0001    concretize 0.0001    bounding 2.7020    filtering 0.0007    decision 0.0001    split 0.0053    clip 0.0009    add_domain 0.0003    summary 0.0002    
Accumulated time: pickout 0.0180    bounding 89.7651    init 0.0412    concretize 0.0412    filtering 0.0184    decision 0.0038    split 0.0976    clip 0.0733    add_domain 0.0284    summary 0.0414    
Length of domains: 912
2022 domains visited
Current (lb-rhs): tensor([[-1.44265366]], device='cuda:0')
Cumulative time: 90.1479926109314

Iteration 36
Current pickout batch: 64
Worst bound: tensor([-0.03019738], device='cuda:0')
Domain clipping (1 iterations): shrunken 51/76 (67.11%), Of 78 batches, 2 were verified before clipping, 51 domains were shrunken, and 0 were shrunken and additionally verified.
Time: pickout 0.0002    init 0.0001    concretize 0.0001    bounding 2.6688    filtering 0.0004    decision 0.0001    split 0.0021    clip 0.0015    add_domain 0.0009    summary 0.0009    
Accumulated time: pickout 0.0182    bounding 92.4339    init 0.0425    concretize 0.0424    filtering 0.0188    decision 0.0039    split 0.0997    clip 0.0748    add_domain 0.0293    summary 0.0424    
Length of domains: 924
2086 domains visited
Current (lb-rhs): tensor([[-1.44265366]], device='cuda:0')
Cumulative time: 92.82419753074646

Iteration 37
Current pickout batch: 64
Worst bound: tensor([-0.02721536], device='cuda:0')
Domain clipping (1 iterations): shrunken 51/65 (78.46%), Of 76 batches, 11 were verified before clipping, 51 domains were shrunken, and 0 were shrunken and additionally verified.
Time: pickout 0.0003    init 0.0001    concretize 0.0001    bounding 2.7204    filtering 0.0008    decision 0.0001    split 0.0071    clip 0.0046    add_domain 0.0022    summary 0.0005    
Accumulated time: pickout 0.0185    bounding 95.1543    init 0.0436    concretize 0.0436    filtering 0.0195    decision 0.0040    split 0.1068    clip 0.0794    add_domain 0.0315    summary 0.0429    
Length of domains: 925
2150 domains visited
Current (lb-rhs): tensor([[-1.44265366]], device='cuda:0')
Cumulative time: 95.56443357467651

Iteration 38
Current pickout batch: 64
Worst bound: tensor([-0.02178109], device='cuda:0')
Domain clipping (1 iterations): shrunken 41/49 (83.67%), Of 56 batches, 7 were verified before clipping, 41 domains were shrunken, and 0 were shrunken and additionally verified.
Time: pickout 0.0013    init 0.0001    concretize 0.0001    bounding 2.6879    filtering 0.0004    decision 0.0001    split 0.0021    clip 0.0015    add_domain 0.0010    summary 0.0009    
Accumulated time: pickout 0.0198    bounding 97.8422    init 0.0447    concretize 0.0447    filtering 0.0199    decision 0.0041    split 0.1089    clip 0.0809    add_domain 0.0324    summary 0.0438    
Length of domains: 910
2214 domains visited
Current (lb-rhs): tensor([[-1.44265366]], device='cuda:0')
Cumulative time: 98.26077795028687

Iteration 39
Current pickout batch: 64
Worst bound: tensor([-0.02714527], device='cuda:0')
Domain clipping (1 iterations): shrunken 29/40 (72.50%), Of 52 batches, 12 were verified before clipping, 29 domains were shrunken, and 0 were shrunken and additionally verified.
Time: pickout 0.0003    init 0.0001    concretize 0.0001    bounding 2.7052    filtering 0.0005    decision 0.0001    split 0.0060    clip 0.0056    add_domain 0.0032    summary 0.0028    
Accumulated time: pickout 0.0201    bounding 100.5473    init 0.0458    concretize 0.0458    filtering 0.0204    decision 0.0042    split 0.1149    clip 0.0865    add_domain 0.0356    summary 0.0466    
Length of domains: 886
2278 domains visited
Current (lb-rhs): tensor([[-1.44265366]], device='cuda:0')
Cumulative time: 100.9859721660614

Iteration 40
Current pickout batch: 64
Worst bound: tensor([-0.03342843], device='cuda:0')
Domain clipping (1 iterations): shrunken 40/60 (66.67%), Of 66 batches, 6 were verified before clipping, 40 domains were shrunken, and 0 were shrunken and additionally verified.
Time: pickout 0.0024    init 0.0001    concretize 0.0001    bounding 2.7115    filtering 0.0001    decision 0.0001    split 0.0004    clip 0.0005    add_domain 0.0002    summary 0.0001    
Accumulated time: pickout 0.0225    bounding 103.2588    init 0.0469    concretize 0.0469    filtering 0.0206    decision 0.0043    split 0.1153    clip 0.0870    add_domain 0.0359    summary 0.0468    
Length of domains: 882
2342 domains visited
Current (lb-rhs): tensor([[-1.44265366]], device='cuda:0')
Cumulative time: 103.70186066627502

Iteration 41
Current pickout batch: 64
Worst bound: tensor([-0.03757310], device='cuda:0')
Domain clipping (1 iterations): shrunken 41/68 (60.29%), Of 72 batches, 4 were verified before clipping, 41 domains were shrunken, and 0 were shrunken and additionally verified.
Time: pickout 0.0001    init 0.0001    concretize 0.0001    bounding 2.6905    filtering 0.0005    decision 0.0001    split 0.0024    clip 0.0015    add_domain 0.0009    summary 0.0009    
Accumulated time: pickout 0.0226    bounding 105.9493    init 0.0480    concretize 0.0480    filtering 0.0211    decision 0.0044    split 0.1177    clip 0.0885    add_domain 0.0368    summary 0.0477    
Length of domains: 886
2406 domains visited
Current (lb-rhs): tensor([[-1.44265366]], device='cuda:0')
Cumulative time: 106.40018653869629

Iteration 42
Current pickout batch: 64
Worst bound: tensor([-0.03173542], device='cuda:0')
Domain clipping (1 iterations): shrunken 43/61 (70.49%), Of 64 batches, 3 were verified before clipping, 43 domains were shrunken, and 0 were shrunken and additionally verified.
Time: pickout 0.0003    init 0.0001    concretize 0.0001    bounding 2.7378    filtering 0.0004    decision 0.0001    split 0.0060    clip 0.0056    add_domain 0.0011    summary 0.0039    
Accumulated time: pickout 0.0229    bounding 108.6871    init 0.0491    concretize 0.0491    filtering 0.0215    decision 0.0045    split 0.1237    clip 0.0941    add_domain 0.0379    summary 0.0516    
Length of domains: 883
2470 domains visited
Current (lb-rhs): tensor([[-1.44265366]], device='cuda:0')
Cumulative time: 109.15777945518494

Iteration 43
Current pickout batch: 64
Worst bound: tensor([-0.02777672], device='cuda:0')
Domain clipping (1 iterations): shrunken 49/67 (73.13%), Of 78 batches, 11 were verified before clipping, 49 domains were shrunken, and 0 were shrunken and additionally verified.
Time: pickout 0.0002    init 0.0001    concretize 0.0001    bounding 2.7027    filtering 0.0006    decision 0.0001    split 0.0028    clip 0.0018    add_domain 0.0002    summary 0.0001    
Accumulated time: pickout 0.0231    bounding 111.3898    init 0.0502    concretize 0.0502    filtering 0.0221    decision 0.0046    split 0.1265    clip 0.0959    add_domain 0.0381    summary 0.0517    
Length of domains: 886
2534 domains visited
Current (lb-rhs): tensor([[-1.44265366]], device='cuda:0')
Cumulative time: 111.86711573600769

Iteration 44
Current pickout batch: 64
Worst bound: tensor([-0.02370191], device='cuda:0')
Domain clipping (1 iterations): shrunken 51/62 (82.26%), Of 66 batches, 4 were verified before clipping, 51 domains were shrunken, and 0 were shrunken and additionally verified.
Time: pickout 0.0001    init 0.0001    concretize 0.0001    bounding 2.7373    filtering 0.0002    decision 0.0001    split 0.0009    clip 0.0006    add_domain 0.0004    summary 0.0001    
Accumulated time: pickout 0.0232    bounding 114.1271    init 0.0514    concretize 0.0514    filtering 0.0223    decision 0.0047    split 0.1274    clip 0.0965    add_domain 0.0386    summary 0.0519    
Length of domains: 884
2598 domains visited
Current (lb-rhs): tensor([[-1.44265366]], device='cuda:0')
Cumulative time: 114.60768508911133

Iteration 45
Current pickout batch: 64
Worst bound: tensor([-0.01985919], device='cuda:0')
Domain clipping (1 iterations): shrunken 34/44 (77.27%), Of 52 batches, 8 were verified before clipping, 34 domains were shrunken, and 0 were shrunken and additionally verified.
Time: pickout 0.0002    init 0.0001    concretize 0.0001    bounding 2.6559    filtering 0.0006    decision 0.0001    split 0.0027    clip 0.0015    add_domain 0.0010    summary 0.0009    
Accumulated time: pickout 0.0234    bounding 116.7830    init 0.0525    concretize 0.0525    filtering 0.0229    decision 0.0048    split 0.1301    clip 0.0981    add_domain 0.0395    summary 0.0528    
Length of domains: 864
2662 domains visited
Current (lb-rhs): tensor([[-1.44265366]], device='cuda:0')
Cumulative time: 117.2718870639801

Iteration 46
Current pickout batch: 64
Worst bound: tensor([-0.04026127], device='cuda:0')
Domain clipping (1 iterations): shrunken 34/66 (51.52%), Of 72 batches, 6 were verified before clipping, 34 domains were shrunken, and 0 were shrunken and additionally verified.
Time: pickout 0.0003    init 0.0001    concretize 0.0001    bounding 2.6500    filtering 0.0005    decision 0.0001    split 0.0023    clip 0.0018    add_domain 0.0012    summary 0.0001    
Accumulated time: pickout 0.0237    bounding 119.4330    init 0.0536    concretize 0.0536    filtering 0.0234    decision 0.0049    split 0.1324    clip 0.0999    add_domain 0.0408    summary 0.0530    
Length of domains: 866
2726 domains visited
Current (lb-rhs): tensor([[-1.44265366]], device='cuda:0')
Cumulative time: 119.92940020561218

Iteration 47
Current pickout batch: 64
Worst bound: tensor([-0.04026127], device='cuda:0')
Domain clipping (1 iterations): shrunken 39/80 (48.75%), Of 84 batches, 4 were verified before clipping, 39 domains were shrunken, and 0 were shrunken and additionally verified.
Time: pickout 0.0001    init 0.0001    concretize 0.0001    bounding 2.7597    filtering 0.0005    decision 0.0001    split 0.0004    clip 0.0007    add_domain 0.0003    summary 0.0001    
Accumulated time: pickout 0.0238    bounding 122.1927    init 0.0548    concretize 0.0548    filtering 0.0239    decision 0.0050    split 0.1328    clip 0.1006    add_domain 0.0411    summary 0.0531    
Length of domains: 882
2790 domains visited
Current (lb-rhs): tensor([[-1.44265366]], device='cuda:0')
Cumulative time: 122.69207072257996

Iteration 48
Current pickout batch: 64
Worst bound: tensor([-0.03226531], device='cuda:0')
Domain clipping (1 iterations): shrunken 34/76 (44.74%), Of 82 batches, 6 were verified before clipping, 34 domains were shrunken, and 0 were shrunken and additionally verified.
Time: pickout 0.0001    init 0.0001    concretize 0.0001    bounding 2.6035    filtering 0.0004    decision 0.0001    split 0.0021    clip 0.0015    add_domain 0.0010    summary 0.0009    
Accumulated time: pickout 0.0240    bounding 124.7962    init 0.0559    concretize 0.0559    filtering 0.0243    decision 0.0051    split 0.1349    clip 0.1021    add_domain 0.0420    summary 0.0541    
Length of domains: 894
2854 domains visited
Current (lb-rhs): tensor([[-1.44265366]], device='cuda:0')
Cumulative time: 125.3029146194458

Iteration 49
Current pickout batch: 64
Worst bound: tensor([-0.02980697], device='cuda:0')
Domain clipping (1 iterations): shrunken 52/85 (61.18%), Of 90 batches, 5 were verified before clipping, 52 domains were shrunken, and 0 were shrunken and additionally verified.
Time: pickout 0.0003    init 0.0001    concretize 0.0001    bounding 2.6280    filtering 0.0004    decision 0.0001    split 0.0021    clip 0.0015    add_domain 0.0010    summary 0.0009    
Accumulated time: pickout 0.0243    bounding 127.4243    init 0.0570    concretize 0.0570    filtering 0.0247    decision 0.0052    split 0.1370    clip 0.1036    add_domain 0.0430    summary 0.0550    
Length of domains: 915
2918 domains visited
Current (lb-rhs): tensor([[-1.44265366]], device='cuda:0')
Cumulative time: 127.93844485282898

Iteration 50
Current pickout batch: 64
Worst bound: tensor([-0.02737534], device='cuda:0')
Domain clipping (1 iterations): shrunken 54/66 (81.82%), Of 78 batches, 12 were verified before clipping, 54 domains were shrunken, and 0 were shrunken and additionally verified.
Time: pickout 0.0003    init 0.0001    concretize 0.0001    bounding 2.7263    filtering 0.0004    decision 0.0001    split 0.0060    clip 0.0015    add_domain 0.0007    summary 0.0002    
Accumulated time: pickout 0.0246    bounding 130.1506    init 0.0581    concretize 0.0581    filtering 0.0251    decision 0.0053    split 0.1430    clip 0.1051    add_domain 0.0436    summary 0.0552    
Length of domains: 917
2982 domains visited
Current (lb-rhs): tensor([[-1.44265366]], device='cuda:0')
Cumulative time: 130.67482018470764

Iteration 51
Current pickout batch: 64
Worst bound: tensor([-0.02536845], device='cuda:0')
Domain clipping (1 iterations): shrunken 34/41 (82.93%), Of 46 batches, 5 were verified before clipping, 34 domains were shrunken, and 0 were shrunken and additionally verified.
Time: pickout 0.0002    init 0.0001    concretize 0.0001    bounding 2.6034    filtering 0.0004    decision 0.0001    split 0.0021    clip 0.0015    add_domain 0.0010    summary 0.0009    
Accumulated time: pickout 0.0248    bounding 132.7540    init 0.0592    concretize 0.0592    filtering 0.0255    decision 0.0054    split 0.1451    clip 0.1066    add_domain 0.0446    summary 0.0561    
Length of domains: 894
3046 domains visited
Current (lb-rhs): tensor([[-1.44265366]], device='cuda:0')
Cumulative time: 133.2856786251068

Iteration 52
Current pickout batch: 64
Worst bound: tensor([-0.02434611], device='cuda:0')
Domain clipping (1 iterations): shrunken 47/61 (77.05%), Of 70 batches, 9 were verified before clipping, 47 domains were shrunken, and 0 were shrunken and additionally verified.
Time: pickout 0.0003    init 0.0001    concretize 0.0001    bounding 2.5266    filtering 0.0004    decision 0.0001    split 0.0021    clip 0.0015    add_domain 0.0009    summary 0.0009    
Accumulated time: pickout 0.0251    bounding 135.2806    init 0.0603    concretize 0.0603    filtering 0.0259    decision 0.0055    split 0.1473    clip 0.1080    add_domain 0.0455    summary 0.0570    
Length of domains: 891
3110 domains visited
Current (lb-rhs): tensor([[-1.44265366]], device='cuda:0')
Cumulative time: 135.81968712806702

Iteration 53
Current pickout batch: 64
Worst bound: tensor([-0.02295685], device='cuda:0')
Domain clipping (1 iterations): shrunken 44/57 (77.19%), Of 68 batches, 11 were verified before clipping, 44 domains were shrunken, and 0 were shrunken and additionally verified.
Time: pickout 0.0003    init 0.0001    concretize 0.0001    bounding 2.6744    filtering 0.0005    decision 0.0001    split 0.0074    clip 0.0069    add_domain 0.0015    summary 0.0066    
Accumulated time: pickout 0.0254    bounding 137.9550    init 0.0615    concretize 0.0615    filtering 0.0264    decision 0.0056    split 0.1547    clip 0.1150    add_domain 0.0470    summary 0.0637    
Length of domains: 884
3174 domains visited
Current (lb-rhs): tensor([[-1.44265366]], device='cuda:0')
Cumulative time: 138.5208179950714

Iteration 54
Current pickout batch: 64
Worst bound: tensor([-0.02240920], device='cuda:0')
Domain clipping (1 iterations): shrunken 39/50 (78.00%), Of 56 batches, 6 were verified before clipping, 39 domains were shrunken, and 0 were shrunken and additionally verified.
Time: pickout 0.0004    init 0.0001    concretize 0.0001    bounding 3.2685    filtering 0.0004    decision 0.0001    split 0.0022    clip 0.0016    add_domain 0.0013    summary 0.0040    
Accumulated time: pickout 0.0258    bounding 141.2235    init 0.0626    concretize 0.0626    filtering 0.0268    decision 0.0057    split 0.1569    clip 0.1166    add_domain 0.0483    summary 0.0677    
Length of domains: 870
3238 domains visited
Current (lb-rhs): tensor([[-1.44265366]], device='cuda:0')
Cumulative time: 141.8055920600891

Iteration 55
Current pickout batch: 64
Worst bound: tensor([-0.02012861], device='cuda:0')
Domain clipping (1 iterations): shrunken 45/55 (81.82%), Of 66 batches, 11 were verified before clipping, 45 domains were shrunken, and 0 were shrunken and additionally verified.
Time: pickout 0.0007    init 0.0001    concretize 0.0001    bounding 3.4121    filtering 0.0049    decision 0.0001    split 0.0170    clip 0.0022    add_domain 0.0013    summary 0.0015    
Accumulated time: pickout 0.0265    bounding 144.6356    init 0.0637    concretize 0.0637    filtering 0.0317    decision 0.0058    split 0.1739    clip 0.1188    add_domain 0.0497    summary 0.0692    
Length of domains: 861
3302 domains visited
Current (lb-rhs): tensor([[-1.44265366]], device='cuda:0')
Cumulative time: 145.24952125549316

Iteration 56
Current pickout batch: 64
Worst bound: tensor([-0.03630471], device='cuda:0')
Domain clipping (1 iterations): shrunken 40/52 (76.92%), Of 56 batches, 4 were verified before clipping, 40 domains were shrunken, and 0 were shrunken and additionally verified.
Time: pickout 0.0005    init 0.0001    concretize 0.0001    bounding 3.2827    filtering 0.0007    decision 0.0001    split 0.0023    clip 0.0017    add_domain 0.0005    summary 0.0005    
Accumulated time: pickout 0.0270    bounding 147.9183    init 0.0649    concretize 0.0649    filtering 0.0324    decision 0.0059    split 0.1762    clip 0.1205    add_domain 0.0501    summary 0.0697    
Length of domains: 849
3366 domains visited
Current (lb-rhs): tensor([[-1.44265366]], device='cuda:0')
Cumulative time: 148.5394880771637

Iteration 57
Current pickout batch: 64
Worst bound: tensor([-0.04551554], device='cuda:0')
Domain clipping (1 iterations): shrunken 27/54 (50.00%), Of 60 batches, 6 were verified before clipping, 27 domains were shrunken, and 0 were shrunken and additionally verified.
Time: pickout 0.0002    init 0.0001    concretize 0.0001    bounding 3.0756    filtering 0.0002    decision 0.0001    split 0.0007    clip 0.0005    add_domain 0.0004    summary 0.0001    
Accumulated time: pickout 0.0272    bounding 150.9939    init 0.0661    concretize 0.0661    filtering 0.0326    decision 0.0060    split 0.1769    clip 0.1210    add_domain 0.0505    summary 0.0698    
Length of domains: 839
3430 domains visited
Current (lb-rhs): tensor([[-1.44265366]], device='cuda:0')
Cumulative time: 151.61780095100403

Iteration 58
Current pickout batch: 64
Worst bound: tensor([-0.04592049], device='cuda:0')
Domain clipping (1 iterations): shrunken 32/73 (43.84%), Of 76 batches, 3 were verified before clipping, 32 domains were shrunken, and 0 were shrunken and additionally verified.
Time: pickout 0.0001    init 0.0001    concretize 0.0001    bounding 2.8007    filtering 0.0006    decision 0.0001    split 0.0019    clip 0.0008    add_domain 0.0003    summary 0.0001    
Accumulated time: pickout 0.0274    bounding 153.7946    init 0.0673    concretize 0.0673    filtering 0.0331    decision 0.0061    split 0.1788    clip 0.1219    add_domain 0.0508    summary 0.0699    
Length of domains: 848
3494 domains visited
Current (lb-rhs): tensor([[-1.44265366]], device='cuda:0')
Cumulative time: 154.4232234954834

Iteration 59
Current pickout batch: 64
Worst bound: tensor([-0.04079354], device='cuda:0')
Domain clipping (1 iterations): shrunken 43/79 (54.43%), Of 86 batches, 7 were verified before clipping, 43 domains were shrunken, and 0 were shrunken and additionally verified.
Time: pickout 0.0002    init 0.0001    concretize 0.0001    bounding 2.7925    filtering 0.0001    decision 0.0001    split 0.0004    clip 0.0005    add_domain 0.0002    summary 0.0001    
Accumulated time: pickout 0.0275    bounding 156.5871    init 0.0684    concretize 0.0684    filtering 0.0333    decision 0.0062    split 0.1792    clip 0.1224    add_domain 0.0510    summary 0.0701    
Length of domains: 863
3558 domains visited
Current (lb-rhs): tensor([[-1.44265366]], device='cuda:0')
Cumulative time: 157.21781039237976

Iteration 60
Current pickout batch: 64
Worst bound: tensor([-0.03526855], device='cuda:0')
Domain clipping (1 iterations): shrunken 51/80 (63.75%), Of 86 batches, 6 were verified before clipping, 51 domains were shrunken, and 0 were shrunken and additionally verified.
Time: pickout 0.0001    init 0.0001    concretize 0.0001    bounding 2.8975    filtering 0.0004    decision 0.0001    split 0.0025    clip 0.0017    add_domain 0.0011    summary 0.0013    
Accumulated time: pickout 0.0277    bounding 159.4846    init 0.0695    concretize 0.0695    filtering 0.0337    decision 0.0063    split 0.1816    clip 0.1241    add_domain 0.0521    summary 0.0714    
Length of domains: 879
3622 domains visited
Current (lb-rhs): tensor([[-1.44265366]], device='cuda:0')
Cumulative time: 160.12311244010925

Iteration 61
Current pickout batch: 64
Worst bound: tensor([-0.02745938], device='cuda:0')
Domain clipping (1 iterations): shrunken 41/61 (67.21%), Of 68 batches, 7 were verified before clipping, 41 domains were shrunken, and 0 were shrunken and additionally verified.
Time: pickout 0.0002    init 0.0001    concretize 0.0001    bounding 2.7836    filtering 0.0012    decision 0.0001    split 0.0027    clip 0.0016    add_domain 0.0003    summary 0.0001    
Accumulated time: pickout 0.0279    bounding 162.2682    init 0.0705    concretize 0.0705    filtering 0.0349    decision 0.0064    split 0.1844    clip 0.1257    add_domain 0.0524    summary 0.0715    
Length of domains: 876
3686 domains visited
Current (lb-rhs): tensor([[-1.44265366]], device='cuda:0')
Cumulative time: 162.91370606422424

Iteration 62
Current pickout batch: 64
Worst bound: tensor([-0.02249885], device='cuda:0')
Domain clipping (1 iterations): shrunken 48/63 (76.19%), Of 68 batches, 5 were verified before clipping, 48 domains were shrunken, and 0 were shrunken and additionally verified.
Time: pickout 0.0001    init 0.0001    concretize 0.0001    bounding 2.6930    filtering 0.0004    decision 0.0001    split 0.0021    clip 0.0015    add_domain 0.0009    summary 0.0010    
Accumulated time: pickout 0.0280    bounding 164.9612    init 0.0716    concretize 0.0716    filtering 0.0353    decision 0.0065    split 0.1865    clip 0.1272    add_domain 0.0533    summary 0.0725    
Length of domains: 875
3750 domains visited
Current (lb-rhs): tensor([[-1.44265366]], device='cuda:0')
Cumulative time: 165.61406683921814

Iteration 63
Current pickout batch: 64
Worst bound: tensor([-0.01540160], device='cuda:0')
Domain clipping (1 iterations): shrunken 44/51 (86.27%), Of 58 batches, 7 were verified before clipping, 44 domains were shrunken, and 0 were shrunken and additionally verified.
Time: pickout 0.0003    init 0.0001    concretize 0.0001    bounding 2.8247    filtering 0.0001    decision 0.0001    split 0.0006    clip 0.0005    add_domain 0.0002    summary 0.0003    
Accumulated time: pickout 0.0283    bounding 167.7859    init 0.0726    concretize 0.0726    filtering 0.0354    decision 0.0066    split 0.1870    clip 0.1277    add_domain 0.0536    summary 0.0728    
Length of domains: 862
3814 domains visited
Current (lb-rhs): tensor([[-1.44265366]], device='cuda:0')
Cumulative time: 168.44145679473877

Iteration 64
Current pickout batch: 64
Worst bound: tensor([-0.01904094], device='cuda:0')
Domain clipping (1 iterations): shrunken 36/44 (81.82%), Of 50 batches, 6 were verified before clipping, 36 domains were shrunken, and 0 were shrunken and additionally verified.
Time: pickout 0.0001    init 0.0001    concretize 0.0001    bounding 2.7100    filtering 0.0004    decision 0.0001    split 0.0021    clip 0.0015    add_domain 0.0009    summary 0.0009    
Accumulated time: pickout 0.0284    bounding 170.4960    init 0.0737    concretize 0.0737    filtering 0.0358    decision 0.0067    split 0.1891    clip 0.1292    add_domain 0.0545    summary 0.0737    
Length of domains: 842
3878 domains visited
Current (lb-rhs): tensor([[-1.44265366]], device='cuda:0')
Cumulative time: 171.15879273414612

Iteration 65
Current pickout batch: 64
Worst bound: tensor([-0.03861189], device='cuda:0')
Domain clipping (1 iterations): shrunken 22/35 (62.86%), Of 40 batches, 5 were verified before clipping, 22 domains were shrunken, and 0 were shrunken and additionally verified.
Time: pickout 0.0003    init 0.0001    concretize 0.0001    bounding 2.7902    filtering 0.0001    decision 0.0001    split 0.0004    clip 0.0006    add_domain 0.0004    summary 0.0001    
Accumulated time: pickout 0.0287    bounding 173.2862    init 0.0748    concretize 0.0748    filtering 0.0359    decision 0.0068    split 0.1896    clip 0.1298    add_domain 0.0549    summary 0.0739    
Length of domains: 813
3942 domains visited
Current (lb-rhs): tensor([[-1.44265366]], device='cuda:0')
Cumulative time: 173.95143961906433

Iteration 66
Current pickout batch: 64
Worst bound: tensor([-0.05311120], device='cuda:0')
Domain clipping (1 iterations): shrunken 33/78 (42.31%), Of 86 batches, 8 were verified before clipping, 33 domains were shrunken, and 0 were shrunken and additionally verified.
Time: pickout 0.0002    init 0.0001    concretize 0.0001    bounding 2.8483    filtering 0.0001    decision 0.0001    split 0.0004    clip 0.0005    add_domain 0.0002    summary 0.0001    
Accumulated time: pickout 0.0289    bounding 176.1345    init 0.0759    concretize 0.0759    filtering 0.0361    decision 0.0069    split 0.1899    clip 0.1303    add_domain 0.0551    summary 0.0740    
Length of domains: 827
4006 domains visited
Current (lb-rhs): tensor([[-1.44265366]], device='cuda:0')
Cumulative time: 176.80182433128357

Iteration 67
Current pickout batch: 64
Worst bound: tensor([-0.04541194], device='cuda:0')
Domain clipping (1 iterations): shrunken 23/78 (29.49%), Of 84 batches, 6 were verified before clipping, 23 domains were shrunken, and 0 were shrunken and additionally verified.
Time: pickout 0.0001    init 0.0001    concretize 0.0001    bounding 2.8050    filtering 0.0004    decision 0.0001    split 0.0021    clip 0.0017    add_domain 0.0010    summary 0.0010    
Accumulated time: pickout 0.0290    bounding 178.9395    init 0.0770    concretize 0.0770    filtering 0.0365    decision 0.0070    split 0.1920    clip 0.1319    add_domain 0.0561    summary 0.0749    
Length of domains: 841
4070 domains visited
Current (lb-rhs): tensor([[-1.44265366]], device='cuda:0')
Time out!
Removing temporary cuts path: /tmp/abcrown_cuts_tk41b1nq
Result: timeout
Time: 180.23853850364685

------------------------- COMMAND ------------------------------
/data1/Kane/miniconda3/envs/abcrown25/bin/python /data1/Kane/alpha-beta-CROWN_vnncomp2025/complete_verifier/abcrown.py --config /data1/Kane/alpha-beta-CROWN_vnncomp2025/complete_verifier/exp_configs/vnncomp25/relusplitter.yaml --precompile_jit --onnx_path /data1/Kane/data/vnncomp2025_benchmarks/benchmarks/relusplitter/onnx/cifar_biasfield_vnncomp2022_cifar_bias_field_40_RSPLITTER_cifar_biasfield_vnncomp2022_prop_40.onnx --vnnlib_path /data1/Kane/data/vnncomp2025_benchmarks/benchmarks/relusplitter/vnnlib/cifar_biasfield_vnncomp2022_prop_40.vnnlib --results_file /data1/Kane/ACT/audit_results/abcrown25_supplemental_20260526/relusplitter/0162__cifar_biasfield_vnncomp2022_cifar_bias_field_40_RSPLITTER_cifar_biasfield_vnncomp2022_prop_40__cifar_biasfield_vnncomp2022_prop_40.result --timeout 180.0 --save_adv_example --pgd_order=skip
----------------------------------------------------------------

