[0;93m2026-05-26 10:42:49.358113541 [W:onnxruntime:Default, device_discovery.cc:283 GetGpuDevices] Failed to detect devices under "/sys/class/drm/card0": device_discovery.cc:93 ReadFileContents Failed to open file: "/sys/class/drm/card0/device/vendor"[m
INFO     10:42:50     [tensor_storage.py:70] Hugepage enabled for branch-and-bound domains.
Configurations:

general:
  device: cuda
  seed: 100
  conv_mode: patches
  deterministic: false
  double_fp: false
  loss_reduction_func: sum
  sparse_alpha: true
  sparse_interm: true
  save_adv_example: true
  verify_onnxruntime_output: false
  eval_adv_example: false
  onnx_adv_example: false
  show_adv_example: false
  precompile_jit: true
  reset_seed_after_precompile: false
  prepare_only: false
  complete_verifier: auto
  enable_incomplete_verification: true
  csv_name: instances.csv
  results_file: /data1/Kane/ACT/audit_results/abcrown25_supplemental_20260526/relusplitter/0174__cifar_biasfield_vnncomp2022_cifar_bias_field_20_RSPLITTER_cifar_biasfield_vnncomp2022_prop_20__cifar_biasfield_vnncomp2022_prop_20.result
  root_path: ../../vnncomp2025_benchmarks/benchmarks/relusplitter
  deterministic_opt: false
  graph_optimizer: 'Customized("custom_graph_optimizer", "default_optimizer")'
  buffer_has_batchdim: false
  save_output: false
  output_file: out.pkl
  return_optimized_model: false
  store_all_specs_on_cpu: false
  adhoc_tuning: null
model:
  name: null
  path: null
  onnx_path: /data1/Kane/data/vnncomp2025_benchmarks/benchmarks/relusplitter/onnx/cifar_biasfield_vnncomp2022_cifar_bias_field_20_RSPLITTER_cifar_biasfield_vnncomp2022_prop_20.onnx
  onnx_path_prefix: ''
  cache_onnx_conversion: false
  debug_onnx: false
  onnx_quirks: '''Reshape'': ''fix_batch_size'': True'
  input_shape: null
  onnx_loader: default_onnx_and_vnnlib_loader
  onnx_optimization_flags: []
  onnx_vnnlib_joint_optimization_flags: none
  check_optimized: false
  flatten_final_output: false
  optimize_graph: null
  with_jacobian: false
data:
  start: 0
  end: 10000
  select_instance: null
  num_outputs: 10
  mean: 0.0
  std: 1.0
  pkl_path: null
  dataset: null
  data_filter_path: null
  data_idx_file: null
specification:
  type: lp
  robustness_type: verified-acc
  norm: .inf
  epsilon: null
  epsilon_min: 0.0
  vnnlib_path: /data1/Kane/data/vnncomp2025_benchmarks/benchmarks/relusplitter/vnnlib/cifar_biasfield_vnncomp2022_prop_20.vnnlib
  vnnlib_path_prefix: ''
  shrink_eps: null
  rhs_offset: null
solver:
  batch_size: 4
  auto_enlarge_batch_size: true
  batched_crown_auto_enlarge_max_vram_ratio: 0.9
  min_batch_size_ratio: 1
  use_float64_in_last_iteration: false
  early_stop_patience: 10
  start_save_best: -1
  bound_prop_method: alpha-crown
  init_bound_prop_method: same
  prune_after_crown: true
  optimize_disjuncts_separately: false
  build_batch_size: 1000000
  skip_with_refined_bound: true
  forward_before_compute_bounds: false
  crown:
    batch_size: 1000000000
    max_crown_size: 1000000000
    activation_bound_option: adaptive
    compare_crown_with_ibp: false
  alpha-crown:
    alpha: true
    lr_alpha: 0.1
    iteration: 100
    share_alphas: false
    lr_decay: 0.98
    full_conv_alpha: true
    max_coeff_mul: .inf
    matmul_share_alphas: false
    disable_optimization: []
    max_time: 1.0
    alpha_dtype: float16
  invprop:
    apply_output_constraints_to: []
    tighten_input_bounds: false
    best_of_oc_and_no_oc: false
    directly_optimize: []
    oc_lr: 0.1
    share_gammas: false
  beta-crown:
    lr_alpha: 0.01
    lr_beta: 0.01
    lr_decay: 0.98
    optimizer: adam
    iteration: 50
    beta: true
    beta_warmup: true
    enable_opt_interm_bounds: false
    all_node_split_LP: false
  forward:
    refine: false
    max_dim: 10000
    reset_threshold: 1.0
  intermediate_refinement:
    enabled: false
    batch_size: 10
    opt_coeffs: false
    opt_bias: false
    lr: 0.05
    layers: [-1]
    max_domains: 1000
  mip:
    unstable_neuron_threshold: 0
    parallel_solvers: null
    solver_threads: 1
    refine_neuron_timeout: 15
    refine_neuron_time_percentage: 0.8
    early_stop: true
    adv_warmup: true
    mip_solver: gurobi
    skip_unsafe: false
    topk_filter: 1.0
    sliding_window: -1
    extra_constraint: false
    refine_neuron_timeout_increasement: 0
    timeout_neuron_percentage: 0.3
    remaining_timeout_threshold: 1
    remove_unstable_neurons: false
    lp_solver: false
bab:
  max_domains: .inf
  decision_thresh: 0
  timeout: 180.0
  timeout_scale: 1
  max_iterations: -1
  override_timeout: null
  get_upper_bound: false
  pruning_in_iteration: true
  pruning_in_iteration_ratio: 0.2
  sort_targets: false
  batched_domain_list: true
  optimized_interm: ''
  interm_transfer: true
  recompute_interm: false
  sort_domain_interval: -1
  vanilla_crown: false
  tree_traversal: depth_first
  hugetensor_allocator: true
  cut:
    enabled: false
    cuts_path: null
    implication: false
    bab_cut: true
    lp_cut: false
    method: null
    lr: 0.01
    lr_decay: 1.0
    iteration: 100
    bab_iteration: -1
    early_stop_patience: -1
    lr_beta: 0.01
    number_cuts: 50
    topk_cuts_in_filter: 1000
    batch_size_primal: 100
    max_num: 1000000000
    patches_cut: false
    cplex_cuts: true
    cplex_cuts_wait: 0
    cplex_cuts_revpickup: true
    cut_reference_bounds: true
    fix_intermediate_bounds: false
    _tmp_cuts: null
    fixed_cuts: false
    add_implied_cuts: false
    add_input_cuts: false
    biccos:
      enabled: false
      constraint_strengthening: true
      recursively_strengthening: false
      drop_ratio: 0.5
      verified_bonus: 0.3
      max_infer_iter: 20
      max_domain: 10000.0
      heuristic: neuron_influence_score
      save_biccos_cuts: false
      multi_tree_branching:
        enabled: false
        restore_best_tree: false
        keep_n_best_domains: 1
        k_splits: 1
        iterations: 1
  clip_n_verify:
    rearrange_constraints: false
    alpha_crown: false
    prune: false
    final_layer: false
    clip_input_domain:
      enabled: true
      clip_type: relaxed
      heuristic_K: 0.0
      clip_iterations: 1
      clip_calculate_volume_metrics: false
    clip_interm_domain:
      enabled: true
      with_input: false
      clip_in_alpha_crown: false
      topk_objective: 20
  branching:
    method: kfsb
    candidates: 10
    reduceop: max
    enable_intermediate_bound_opt: false
    branching_input_and_activation: false
    branching_input_and_activation_order: [input, relu]
    branching_input_iterations: 30
    branching_relu_iterations: 50
    nonlinear_split:
      method: bbps
      disable: false
      branching_point_method: uniform
      num_branches: 2
      filter: false
      filter_beta: false
      filter_clamp: false
      filter_batch_size: 10000
      filter_iterations: 25
      relu_only: false
      loose_tanh_threshold: null
      branching_point:
        db_path: branching_points.pt
        num_iterations: 1000
        batch_size: 1000000
        range_l: -5.0
        range_u: 5.0
        log_interval: 100
        step_size_1d: 0.01
        step_size: 0.2
    input_split:
      split_hint: null
      enable: false
      reorder_bab: true
      input_dim_threshold: 20
      adv_check: 0
      split_partitions: 2
      sb_margin_weight: 1.0
      sb_sum: false
      sb_primary_spec: null
      bf_backup_thresh: -1
      bf_rhs_offset: 0
      bf_iters: 1000000000.0
      bf_batch_size: 100000
      bf_zero_crossing_score: false
      touch_zero_score: 0
      ibp_enhancement: false
      compare_with_old_bounds: true
      update_rhs_with_attack: false
      sb_coeff_thresh: 2.0
      sort_index: null
      sort_descending: true
      show_progress: false
      presplit_domains: null
      skip_getting_worst_domain: false
  attack:
    enabled: false
    beam_candidates: 8
    beam_depth: 7
    max_dive_fix_ratio: 0.8
    min_local_free_ratio: 0.2
    mip_start_iteration: 5
    mip_timeout: 30.0
    adv_pool_threshold: null
    refined_mip_attacker: false
    refined_batch_size: null
attack:
  general_attack: true
  pgd_order: skip
  pgd_steps: 100
  pgd_restarts: 30
  pgd_batch_size: 100000000
  pgd_early_stop: true
  pgd_lr_decay: 0.99
  pgd_alpha: auto
  pgd_alpha_scale: false
  pgd_loss_mode: null
  pgd_restart_when_stuck: false
  enable_mip_attack: false
  adv_saver: default_adv_saver
  adv_verifier: default_adv_verifier
  early_stop_condition: default_early_stop_condition
  adv_example_finalizer: default_adv_example_finalizer
  pgd_loss: default_pgd_loss
  cex_path: ./test_cex.txt
  attack_mode: diversed_PGD
  attack_tolerance: 0.0
  attack_func: attack_with_general_specs
  gama_lambda: 10.0
  gama_decay: 0.9
  input_split:
    pgd_steps: 100
    pgd_restarts: 30
    pgd_alpha: auto
  input_split_check_adv:
    enabled: auto
    pgd_steps: 5
    pgd_restarts: 5
    pgd_alpha: auto
    max_num_domains: 10
debug:
  view_model: false
  lp_test: null
  rescale_vnnlib_ptb: null
  test_optimized_bounds: false
  test_optimized_bounds_after_n_iterations: 0
  print_verbose_decisions: false
  sanity_check: null
  save_minimal_config: null
  save_minimal_config_omit_keys: []
/data1/Kane/miniconda3/envs/abcrown25/lib/python3.11/site-packages/onnx2pytorch/convert/layer.py:29: UserWarning: The given NumPy array is not writable, and PyTorch does not support non-writable tensors. This means writing to this tensor will result in undefined behavior. You may want to copy the array to protect its data or make it writable before converting it to a tensor. This type of warning will be suppressed for the rest of this program. (Triggered internally at /pytorch/torch/csrc/utils/tensor_numpy.cpp:206.)
  layer.weight.data = torch.from_numpy(numpy_helper.to_array(weight))
/data1/Kane/miniconda3/envs/abcrown25/lib/python3.11/site-packages/onnx2pytorch/convert/model.py:151: UserWarning: Using experimental implementation that allows 'batch_size > 1'.Batchnorm layers could potentially produce false outputs.
  warnings.warn(
/data1/Kane/miniconda3/envs/abcrown25/lib/python3.11/site-packages/onnx2pytorch/operations/reshape.py:36: TracerWarning: Converting a tensor to a Python boolean might cause the trace to be incorrect. We can't record the data flow of Python values, so this value will be treated as a constant in the future. This means that the trace might not generalize to other inputs!
  if shape[0] == 1 and len(shape) in [2, 3, 4, 5] and self.quirks.get("fix_batch_size") is True:
/data1/Kane/miniconda3/envs/abcrown25/lib/python3.11/site-packages/onnx2pytorch/operations/reshape.py:54: TracerWarning: torch.tensor results are registered as constants in the trace. You can safely ignore this warning if you use this function to create tensors out of constant variables that would be the same every time you call this function. In any other case, this might cause the trace to be incorrect.
  if (torch.prod(torch.tensor(input.shape)) != torch.prod(shape) and len(input.size()) == len(shape) + 1
/data1/Kane/miniconda3/envs/abcrown25/lib/python3.11/site-packages/onnx2pytorch/operations/reshape.py:54: TracerWarning: Using len to get tensor shape might cause the trace to be incorrect. Recommended usage would be tensor.shape[0]. Passing a tensor of different shape might lead to errors or silently give incorrect results.
  if (torch.prod(torch.tensor(input.shape)) != torch.prod(shape) and len(input.size()) == len(shape) + 1
/data1/Kane/miniconda3/envs/abcrown25/lib/python3.11/site-packages/onnx2pytorch/operations/reshape.py:58: TracerWarning: Iterating over a tensor might cause the trace to be incorrect. Passing a tensor of different shape won't change the number of iterations executed (and might lead to errors or silently give incorrect results).
  shape = [x if x != 0 else input.size(i) for i, x in enumerate(shape)]
/data1/Kane/alpha-beta-CROWN_vnncomp2025/complete_verifier/auto_LiRPA/operators/leaf.py:91: UserWarning: The "has_batchdim" option for BoundBuffers is deprecated. It may be removed from the next release.
  warnings.warn('The "has_batchdim" option for BoundBuffers is deprecated.'
/data1/Kane/alpha-beta-CROWN_vnncomp2025/complete_verifier/auto_LiRPA/optimize_graph.py:192: UserWarning: Converting a tensor with requires_grad=True to a scalar may lead to unexpected behavior.
Consider using tensor.detach() first. (Triggered internally at /pytorch/torch/csrc/autograd/generated/python_variable_methods.cpp:836.)
  and abs(float(bs[j] + bs[j+1])) < atol):

Experiments at Tue May 26 10:42:50 2026 on dell-pro-max-tower-t2
Pre-compile jit kernels on a toy network...
JIT kernels compiled in 0.9957s.
Internal results will be saved to /data1/Kane/ACT/audit_results/abcrown25_supplemental_20260526/relusplitter/0174__cifar_biasfield_vnncomp2022_cifar_bias_field_20_RSPLITTER_cifar_biasfield_vnncomp2022_prop_20__cifar_biasfield_vnncomp2022_prop_20.result.

 %%%%%%%%%%%%%%%%%%%%%%%%%%%%%%%%%%% idx: 0, vnnlib ID: 0 %%%%%%%%%%%%%%%%%%%%%%%%%%%%%%%%%%%
Using onnx /data1/Kane/data/vnncomp2025_benchmarks/benchmarks/relusplitter/onnx/cifar_biasfield_vnncomp2022_cifar_bias_field_20_RSPLITTER_cifar_biasfield_vnncomp2022_prop_20.onnx
Using vnnlib /data1/Kane/data/vnncomp2025_benchmarks/benchmarks/relusplitter/vnnlib/cifar_biasfield_vnncomp2022_prop_20.vnnlib
Precompiled vnnlib file found at /data1/Kane/data/vnncomp2025_benchmarks/benchmarks/relusplitter/vnnlib/cifar_biasfield_vnncomp2022_prop_20.vnnlib.compiled
Loading onnx /data1/Kane/data/vnncomp2025_benchmarks/benchmarks/relusplitter/onnx/cifar_biasfield_vnncomp2022_cifar_bias_field_20_RSPLITTER_cifar_biasfield_vnncomp2022_prop_20.onnx with quirks {'Reshape': {'fix_batch_size': True}}
Enabling quirks for Reshape operation: fix the first dimension shape to be -1 to support batchsize != 1.
input shape torch.Size([1, 3072]), new shape is tensor([-1,  3, 32, 32]).
Finished onnx model loading in 0.0159 seconds
Finished vnnlib processing in 0.056035 seconds
Using temporary cuts path: <TemporaryDirectory '/tmp/abcrown_cuts_0mb8tubl'>
Model: BoundedModule(
  (/0): BoundInput(name=/0, inputs=[], perturbed=True)
  (/21): BoundParams(name=/21, inputs=[], perturbed=False)
  (/22): BoundParams(name=/22, inputs=[], perturbed=False)
  (/shape): BoundBuffers(name=/shape, inputs=[], perturbed=False)
  (/24): BoundParams(name=/24, inputs=[], perturbed=False)
  (/25): BoundParams(name=/25, inputs=[], perturbed=False)
  (/26): BoundParams(name=/26, inputs=[], perturbed=False)
  (/27): BoundParams(name=/27, inputs=[], perturbed=False)
  (/28): BoundParams(name=/28, inputs=[], perturbed=False)
  (/29): BoundParams(name=/29, inputs=[], perturbed=False)
  (/30): BoundParams(name=/30, inputs=[], perturbed=False)
  (/31): BoundParams(name=/31, inputs=[], perturbed=False)
  (/32): BoundParams(name=/32, inputs=[], perturbed=False)
  (/33): BoundParams(name=/33, inputs=[], perturbed=False)
  (/34): BoundParams(name=/34, inputs=[], perturbed=False)
  (/35): BoundParams(name=/35, inputs=[], perturbed=False)
  (/36): BoundParams(name=/36, inputs=[], perturbed=False)
  (/37): BoundParams(name=/37, inputs=[], perturbed=False)
  (/38): BoundParams(name=/38, inputs=[], perturbed=False)
  (/39): BoundParams(name=/39, inputs=[], perturbed=False)
  (/40): BoundParams(name=/40, inputs=[], perturbed=False)
  (/41): BoundParams(name=/41, inputs=[], perturbed=False)
  (/42): BoundLinear(name=/42, inputs=[/0, /21, /22], perturbed=True)
  (/43): BoundSplit(name=/43, inputs=[/shape], perturbed=False)
  (/44): BoundSplit(name=/44, inputs=[/shape], perturbed=False)
  (/45): BoundSplit(name=/45, inputs=[/shape], perturbed=False)
  (/46): BoundSplit(name=/46, inputs=[/shape], perturbed=False)
  (/47): BoundConstant(name=/47, value=tensor([0], device='cuda:0'))
  (/48): BoundSqueeze(name=/48, inputs=[/43, /47], perturbed=False)
  (/49): BoundConstant(name=/49, value=tensor([0], device='cuda:0'))
  (/50): BoundSqueeze(name=/50, inputs=[/44, /49], perturbed=False)
  (/51): BoundConstant(name=/51, value=tensor([0], device='cuda:0'))
  (/52): BoundSqueeze(name=/52, inputs=[/45, /51], perturbed=False)
  (/53): BoundConstant(name=/53, value=tensor([0], device='cuda:0'))
  (/54): BoundSqueeze(name=/54, inputs=[/46, /53], perturbed=False)
  (/55): BoundConstant(name=/55, value=tensor([0], device='cuda:0'))
  (/56): BoundUnsqueeze(name=/56, inputs=[/48, /55], perturbed=False)
  (/57): BoundConstant(name=/57, value=tensor([0], device='cuda:0'))
  (/58): BoundUnsqueeze(name=/58, inputs=[/50, /57], perturbed=False)
  (/59): BoundConstant(name=/59, value=tensor([0], device='cuda:0'))
  (/60): BoundUnsqueeze(name=/60, inputs=[/52, /59], perturbed=False)
  (/61): BoundConstant(name=/61, value=tensor([0], device='cuda:0'))
  (/62): BoundUnsqueeze(name=/62, inputs=[/54, /61], perturbed=False)
  (/63): BoundConcat(name=/63, inputs=[/56, /58, /60, /62], perturbed=False)
  (/input): BoundReshape(name=/input, inputs=[/42, /63], perturbed=True)
  (/input-19): BoundConv(name=/input-19, inputs=[/input-3/optimized/relu, /28, /29], perturbed=True)
  (/input-23): BoundRelu(name=/input-23, inputs=[/input-19], perturbed=True)
  (/input-27): BoundConv(name=/input-27, inputs=[/input-23, /30, /31], perturbed=True)
  (/input-31): BoundRelu(name=/input-31, inputs=[/input-27], perturbed=True)
  (/input-35): BoundConv(name=/input-35, inputs=[/input-31, /32, /33], perturbed=True)
  (/input-39): BoundRelu(name=/input-39, inputs=[/input-35], perturbed=True)
  (/input-43): BoundConv(name=/input-43, inputs=[/input-39, /34, /35], perturbed=True)
  (/input-47): BoundRelu(name=/input-47, inputs=[/input-43], perturbed=True)
  (/input-51): BoundConv(name=/input-51, inputs=[/input-47, /36, /37], perturbed=True)
  (/input-55): BoundRelu(name=/input-55, inputs=[/input-51], perturbed=True)
  (/input-59): BoundConv(name=/input-59, inputs=[/input-55, /38, /39], perturbed=True)
  (/input-63): BoundRelu(name=/input-63, inputs=[/input-59], perturbed=True)
  (/81): BoundConv(name=/81, inputs=[/input-63, /40, /41], perturbed=True)
  (/82): BoundFlatten(name=/82, inputs=[/81], perturbed=True)
  (/input-3/optimized/weight): BoundParams(name=/input-3/optimized/weight, inputs=[], perturbed=False)
  (/input-3/optimized/bias): BoundParams(name=/input-3/optimized/bias, inputs=[], perturbed=False)
  (/input-3/optimized): BoundConv(name=/input-3/optimized, inputs=[/input, /input-3/optimized/weight, /input-3/optimized/bias], perturbed=True)
  (/input-3/optimized/relu): BoundRelu(name=/input-3/optimized/relu, inputs=[/input-3/optimized], perturbed=True)
)
Original output in the first batch: tensor([[ -5.09148407, -16.34701538,  -5.12754583,   9.98274899,  -4.90934992,
           2.49948168,  -7.33984327,  -4.47355032, -16.33924866, -14.40469265]],
       device='cuda:0')
build batch [1/1]
initial crown bounds (first 10 items): [10.102144241333008, 20.939117431640625, 9.51457405090332, 10.290984153747559, 3.545620918273926, 12.64836311340332, 9.485099792480469, 20.882131576538086, 19.00832748413086]
Global lower bound: 3.545620918273926
Initializing Domain Clipper...
Processing layer: /input-3/optimized, input name: /0
Layer: /input-3/optimized
    lA with shape: torch.Size([1, 9891, 16])
    uA with shape: torch.Size([1, 9891, 16])
    lbias with shape: torch.Size([1, 9891])
    ubias with shape: torch.Size([1, 9891])
Processing layer: /input-19, input name: /0
Layer: /input-19
    lA with shape: torch.Size([1, 6226, 16])
    uA with shape: torch.Size([1, 6226, 16])
    lbias with shape: torch.Size([1, 6226])
    ubias with shape: torch.Size([1, 6226])
Processing layer: /input-27, input name: /0
Layer: /input-27
    lA with shape: torch.Size([1, 5378, 16])
    uA with shape: torch.Size([1, 5378, 16])
    lbias with shape: torch.Size([1, 5378])
    ubias with shape: torch.Size([1, 5378])
Processing layer: /input-35, input name: /0
Layer: /input-35
    lA with shape: torch.Size([1, 3002, 16])
    uA with shape: torch.Size([1, 3002, 16])
    lbias with shape: torch.Size([1, 3002])
    ubias with shape: torch.Size([1, 3002])
Processing layer: /input-43, input name: /0
Layer: /input-43
    lA with shape: torch.Size([1, 3222, 16])
    uA with shape: torch.Size([1, 3222, 16])
    lbias with shape: torch.Size([1, 3222])
    ubias with shape: torch.Size([1, 3222])
Processing layer: /input-51, input name: /0
Layer: /input-51
    lA with shape: torch.Size([1, 1348, 16])
    uA with shape: torch.Size([1, 1348, 16])
    lbias with shape: torch.Size([1, 1348])
    ubias with shape: torch.Size([1, 1348])
Processing layer: /input-59, input name: /0
Layer: /input-59
    lA with shape: torch.Size([1, 1791, 16])
    uA with shape: torch.Size([1, 1791, 16])
    lbias with shape: torch.Size([1, 1791])
    ubias with shape: torch.Size([1, 1791])
Processing layer: /82, input name: /0
Domain Clipper Initialized in 6.461143493652344e-05 s.
verified with init bound!
Removing temporary cuts path: /tmp/abcrown_cuts_0mb8tubl
Result: unsat
Time: 0.5054364204406738

------------------------- COMMAND ------------------------------
/data1/Kane/miniconda3/envs/abcrown25/bin/python /data1/Kane/alpha-beta-CROWN_vnncomp2025/complete_verifier/abcrown.py --config /data1/Kane/alpha-beta-CROWN_vnncomp2025/complete_verifier/exp_configs/vnncomp25/relusplitter.yaml --precompile_jit --onnx_path /data1/Kane/data/vnncomp2025_benchmarks/benchmarks/relusplitter/onnx/cifar_biasfield_vnncomp2022_cifar_bias_field_20_RSPLITTER_cifar_biasfield_vnncomp2022_prop_20.onnx --vnnlib_path /data1/Kane/data/vnncomp2025_benchmarks/benchmarks/relusplitter/vnnlib/cifar_biasfield_vnncomp2022_prop_20.vnnlib --results_file /data1/Kane/ACT/audit_results/abcrown25_supplemental_20260526/relusplitter/0174__cifar_biasfield_vnncomp2022_cifar_bias_field_20_RSPLITTER_cifar_biasfield_vnncomp2022_prop_20__cifar_biasfield_vnncomp2022_prop_20.result --timeout 180.0 --save_adv_example --pgd_order=skip
----------------------------------------------------------------

