[0;93m2026-05-26 10:56:41.635206280 [W:onnxruntime:Default, device_discovery.cc:283 GetGpuDevices] Failed to detect devices under "/sys/class/drm/card0": device_discovery.cc:93 ReadFileContents Failed to open file: "/sys/class/drm/card0/device/vendor"[m
INFO     10:56:42     [tensor_storage.py:70] Hugepage enabled for branch-and-bound domains.
Configurations:

general:
  device: cuda
  seed: 100
  conv_mode: patches
  deterministic: false
  double_fp: false
  loss_reduction_func: sum
  sparse_alpha: true
  sparse_interm: true
  save_adv_example: true
  verify_onnxruntime_output: false
  eval_adv_example: false
  onnx_adv_example: false
  show_adv_example: false
  precompile_jit: true
  reset_seed_after_precompile: false
  prepare_only: false
  complete_verifier: auto
  enable_incomplete_verification: true
  csv_name: instances.csv
  results_file: /data1/Kane/ACT/audit_results/abcrown25_supplemental_20260526/relusplitter/0205__cifar_biasfield_vnncomp2022_cifar_bias_field_25__cifar_biasfield_vnncomp2022_prop_25.result
  root_path: ../../vnncomp2025_benchmarks/benchmarks/relusplitter
  deterministic_opt: false
  graph_optimizer: 'Customized("custom_graph_optimizer", "default_optimizer")'
  buffer_has_batchdim: false
  save_output: false
  output_file: out.pkl
  return_optimized_model: false
  store_all_specs_on_cpu: false
  adhoc_tuning: null
model:
  name: null
  path: null
  onnx_path: /data1/Kane/data/vnncomp2025_benchmarks/benchmarks/relusplitter/onnx/cifar_biasfield_vnncomp2022_cifar_bias_field_25.onnx
  onnx_path_prefix: ''
  cache_onnx_conversion: false
  debug_onnx: false
  onnx_quirks: '''Reshape'': ''fix_batch_size'': True'
  input_shape: null
  onnx_loader: default_onnx_and_vnnlib_loader
  onnx_optimization_flags: []
  onnx_vnnlib_joint_optimization_flags: none
  check_optimized: false
  flatten_final_output: false
  optimize_graph: null
  with_jacobian: false
data:
  start: 0
  end: 10000
  select_instance: null
  num_outputs: 10
  mean: 0.0
  std: 1.0
  pkl_path: null
  dataset: null
  data_filter_path: null
  data_idx_file: null
specification:
  type: lp
  robustness_type: verified-acc
  norm: .inf
  epsilon: null
  epsilon_min: 0.0
  vnnlib_path: /data1/Kane/data/vnncomp2025_benchmarks/benchmarks/relusplitter/vnnlib/cifar_biasfield_vnncomp2022_prop_25.vnnlib
  vnnlib_path_prefix: ''
  shrink_eps: null
  rhs_offset: null
solver:
  batch_size: 4
  auto_enlarge_batch_size: true
  batched_crown_auto_enlarge_max_vram_ratio: 0.9
  min_batch_size_ratio: 1
  use_float64_in_last_iteration: false
  early_stop_patience: 10
  start_save_best: -1
  bound_prop_method: alpha-crown
  init_bound_prop_method: same
  prune_after_crown: true
  optimize_disjuncts_separately: false
  build_batch_size: 1000000
  skip_with_refined_bound: true
  forward_before_compute_bounds: false
  crown:
    batch_size: 1000000000
    max_crown_size: 1000000000
    activation_bound_option: adaptive
    compare_crown_with_ibp: false
  alpha-crown:
    alpha: true
    lr_alpha: 0.1
    iteration: 100
    share_alphas: false
    lr_decay: 0.98
    full_conv_alpha: true
    max_coeff_mul: .inf
    matmul_share_alphas: false
    disable_optimization: []
    max_time: 1.0
    alpha_dtype: float16
  invprop:
    apply_output_constraints_to: []
    tighten_input_bounds: false
    best_of_oc_and_no_oc: false
    directly_optimize: []
    oc_lr: 0.1
    share_gammas: false
  beta-crown:
    lr_alpha: 0.01
    lr_beta: 0.01
    lr_decay: 0.98
    optimizer: adam
    iteration: 50
    beta: true
    beta_warmup: true
    enable_opt_interm_bounds: false
    all_node_split_LP: false
  forward:
    refine: false
    max_dim: 10000
    reset_threshold: 1.0
  intermediate_refinement:
    enabled: false
    batch_size: 10
    opt_coeffs: false
    opt_bias: false
    lr: 0.05
    layers: [-1]
    max_domains: 1000
  mip:
    unstable_neuron_threshold: 0
    parallel_solvers: null
    solver_threads: 1
    refine_neuron_timeout: 15
    refine_neuron_time_percentage: 0.8
    early_stop: true
    adv_warmup: true
    mip_solver: gurobi
    skip_unsafe: false
    topk_filter: 1.0
    sliding_window: -1
    extra_constraint: false
    refine_neuron_timeout_increasement: 0
    timeout_neuron_percentage: 0.3
    remaining_timeout_threshold: 1
    remove_unstable_neurons: false
    lp_solver: false
bab:
  max_domains: .inf
  decision_thresh: 0
  timeout: 60.0
  timeout_scale: 1
  max_iterations: -1
  override_timeout: null
  get_upper_bound: false
  pruning_in_iteration: true
  pruning_in_iteration_ratio: 0.2
  sort_targets: false
  batched_domain_list: true
  optimized_interm: ''
  interm_transfer: true
  recompute_interm: false
  sort_domain_interval: -1
  vanilla_crown: false
  tree_traversal: depth_first
  hugetensor_allocator: true
  cut:
    enabled: false
    cuts_path: null
    implication: false
    bab_cut: true
    lp_cut: false
    method: null
    lr: 0.01
    lr_decay: 1.0
    iteration: 100
    bab_iteration: -1
    early_stop_patience: -1
    lr_beta: 0.01
    number_cuts: 50
    topk_cuts_in_filter: 1000
    batch_size_primal: 100
    max_num: 1000000000
    patches_cut: false
    cplex_cuts: true
    cplex_cuts_wait: 0
    cplex_cuts_revpickup: true
    cut_reference_bounds: true
    fix_intermediate_bounds: false
    _tmp_cuts: null
    fixed_cuts: false
    add_implied_cuts: false
    add_input_cuts: false
    biccos:
      enabled: false
      constraint_strengthening: true
      recursively_strengthening: false
      drop_ratio: 0.5
      verified_bonus: 0.3
      max_infer_iter: 20
      max_domain: 10000.0
      heuristic: neuron_influence_score
      save_biccos_cuts: false
      multi_tree_branching:
        enabled: false
        restore_best_tree: false
        keep_n_best_domains: 1
        k_splits: 1
        iterations: 1
  clip_n_verify:
    rearrange_constraints: false
    alpha_crown: false
    prune: false
    final_layer: false
    clip_input_domain:
      enabled: true
      clip_type: relaxed
      heuristic_K: 0.0
      clip_iterations: 1
      clip_calculate_volume_metrics: false
    clip_interm_domain:
      enabled: true
      with_input: false
      clip_in_alpha_crown: false
      topk_objective: 20
  branching:
    method: kfsb
    candidates: 10
    reduceop: max
    enable_intermediate_bound_opt: false
    branching_input_and_activation: false
    branching_input_and_activation_order: [input, relu]
    branching_input_iterations: 30
    branching_relu_iterations: 50
    nonlinear_split:
      method: bbps
      disable: false
      branching_point_method: uniform
      num_branches: 2
      filter: false
      filter_beta: false
      filter_clamp: false
      filter_batch_size: 10000
      filter_iterations: 25
      relu_only: false
      loose_tanh_threshold: null
      branching_point:
        db_path: branching_points.pt
        num_iterations: 1000
        batch_size: 1000000
        range_l: -5.0
        range_u: 5.0
        log_interval: 100
        step_size_1d: 0.01
        step_size: 0.2
    input_split:
      split_hint: null
      enable: false
      reorder_bab: true
      input_dim_threshold: 20
      adv_check: 0
      split_partitions: 2
      sb_margin_weight: 1.0
      sb_sum: false
      sb_primary_spec: null
      bf_backup_thresh: -1
      bf_rhs_offset: 0
      bf_iters: 1000000000.0
      bf_batch_size: 100000
      bf_zero_crossing_score: false
      touch_zero_score: 0
      ibp_enhancement: false
      compare_with_old_bounds: true
      update_rhs_with_attack: false
      sb_coeff_thresh: 2.0
      sort_index: null
      sort_descending: true
      show_progress: false
      presplit_domains: null
      skip_getting_worst_domain: false
  attack:
    enabled: false
    beam_candidates: 8
    beam_depth: 7
    max_dive_fix_ratio: 0.8
    min_local_free_ratio: 0.2
    mip_start_iteration: 5
    mip_timeout: 30.0
    adv_pool_threshold: null
    refined_mip_attacker: false
    refined_batch_size: null
attack:
  general_attack: true
  pgd_order: skip
  pgd_steps: 100
  pgd_restarts: 30
  pgd_batch_size: 100000000
  pgd_early_stop: true
  pgd_lr_decay: 0.99
  pgd_alpha: auto
  pgd_alpha_scale: false
  pgd_loss_mode: null
  pgd_restart_when_stuck: false
  enable_mip_attack: false
  adv_saver: default_adv_saver
  adv_verifier: default_adv_verifier
  early_stop_condition: default_early_stop_condition
  adv_example_finalizer: default_adv_example_finalizer
  pgd_loss: default_pgd_loss
  cex_path: ./test_cex.txt
  attack_mode: diversed_PGD
  attack_tolerance: 0.0
  attack_func: attack_with_general_specs
  gama_lambda: 10.0
  gama_decay: 0.9
  input_split:
    pgd_steps: 100
    pgd_restarts: 30
    pgd_alpha: auto
  input_split_check_adv:
    enabled: auto
    pgd_steps: 5
    pgd_restarts: 5
    pgd_alpha: auto
    max_num_domains: 10
debug:
  view_model: false
  lp_test: null
  rescale_vnnlib_ptb: null
  test_optimized_bounds: false
  test_optimized_bounds_after_n_iterations: 0
  print_verbose_decisions: false
  sanity_check: null
  save_minimal_config: null
  save_minimal_config_omit_keys: []
/data1/Kane/miniconda3/envs/abcrown25/lib/python3.11/site-packages/onnx2pytorch/convert/layer.py:29: UserWarning: The given NumPy array is not writable, and PyTorch does not support non-writable tensors. This means writing to this tensor will result in undefined behavior. You may want to copy the array to protect its data or make it writable before converting it to a tensor. This type of warning will be suppressed for the rest of this program. (Triggered internally at /pytorch/torch/csrc/utils/tensor_numpy.cpp:206.)
  layer.weight.data = torch.from_numpy(numpy_helper.to_array(weight))
/data1/Kane/miniconda3/envs/abcrown25/lib/python3.11/site-packages/onnx2pytorch/convert/model.py:151: UserWarning: Using experimental implementation that allows 'batch_size > 1'.Batchnorm layers could potentially produce false outputs.
  warnings.warn(
/data1/Kane/miniconda3/envs/abcrown25/lib/python3.11/site-packages/onnx2pytorch/operations/reshape.py:36: TracerWarning: Converting a tensor to a Python boolean might cause the trace to be incorrect. We can't record the data flow of Python values, so this value will be treated as a constant in the future. This means that the trace might not generalize to other inputs!
  if shape[0] == 1 and len(shape) in [2, 3, 4, 5] and self.quirks.get("fix_batch_size") is True:
/data1/Kane/miniconda3/envs/abcrown25/lib/python3.11/site-packages/onnx2pytorch/operations/reshape.py:54: TracerWarning: torch.tensor results are registered as constants in the trace. You can safely ignore this warning if you use this function to create tensors out of constant variables that would be the same every time you call this function. In any other case, this might cause the trace to be incorrect.
  if (torch.prod(torch.tensor(input.shape)) != torch.prod(shape) and len(input.size()) == len(shape) + 1
/data1/Kane/miniconda3/envs/abcrown25/lib/python3.11/site-packages/onnx2pytorch/operations/reshape.py:54: TracerWarning: Using len to get tensor shape might cause the trace to be incorrect. Recommended usage would be tensor.shape[0]. Passing a tensor of different shape might lead to errors or silently give incorrect results.
  if (torch.prod(torch.tensor(input.shape)) != torch.prod(shape) and len(input.size()) == len(shape) + 1
/data1/Kane/miniconda3/envs/abcrown25/lib/python3.11/site-packages/onnx2pytorch/operations/reshape.py:58: TracerWarning: Iterating over a tensor might cause the trace to be incorrect. Passing a tensor of different shape won't change the number of iterations executed (and might lead to errors or silently give incorrect results).
  shape = [x if x != 0 else input.size(i) for i, x in enumerate(shape)]
/data1/Kane/alpha-beta-CROWN_vnncomp2025/complete_verifier/auto_LiRPA/operators/leaf.py:91: UserWarning: The "has_batchdim" option for BoundBuffers is deprecated. It may be removed from the next release.
  warnings.warn('The "has_batchdim" option for BoundBuffers is deprecated.'

Experiments at Tue May 26 10:56:42 2026 on dell-pro-max-tower-t2
Pre-compile jit kernels on a toy network...
JIT kernels compiled in 0.9992s.
Internal results will be saved to /data1/Kane/ACT/audit_results/abcrown25_supplemental_20260526/relusplitter/0205__cifar_biasfield_vnncomp2022_cifar_bias_field_25__cifar_biasfield_vnncomp2022_prop_25.result.

 %%%%%%%%%%%%%%%%%%%%%%%%%%%%%%%%%%% idx: 0, vnnlib ID: 0 %%%%%%%%%%%%%%%%%%%%%%%%%%%%%%%%%%%
Using onnx /data1/Kane/data/vnncomp2025_benchmarks/benchmarks/relusplitter/onnx/cifar_biasfield_vnncomp2022_cifar_bias_field_25.onnx
Using vnnlib /data1/Kane/data/vnncomp2025_benchmarks/benchmarks/relusplitter/vnnlib/cifar_biasfield_vnncomp2022_prop_25.vnnlib
16 inputs and 10 outputs in vnnlib
Loading onnx /data1/Kane/data/vnncomp2025_benchmarks/benchmarks/relusplitter/onnx/cifar_biasfield_vnncomp2022_cifar_bias_field_25.onnx with quirks {'Reshape': {'fix_batch_size': True}}
Enabling quirks for Reshape operation: fix the first dimension shape to be -1 to support batchsize != 1.
input shape torch.Size([1, 3072]), new shape is tensor([-1,  3, 32, 32]).
Finished onnx model loading in 0.0142 seconds
Finished vnnlib processing in 0.044691 seconds
Using temporary cuts path: <TemporaryDirectory '/tmp/abcrown_cuts_o7hsakuq'>
Model: BoundedModule(
  (/0): BoundInput(name=/0, inputs=[], perturbed=True)
  (/19): BoundParams(name=/19, inputs=[], perturbed=False)
  (/20): BoundParams(name=/20, inputs=[], perturbed=False)
  (/shape): BoundBuffers(name=/shape, inputs=[], perturbed=False)
  (/22): BoundParams(name=/22, inputs=[], perturbed=False)
  (/23): BoundParams(name=/23, inputs=[], perturbed=False)
  (/24): BoundParams(name=/24, inputs=[], perturbed=False)
  (/25): BoundParams(name=/25, inputs=[], perturbed=False)
  (/26): BoundParams(name=/26, inputs=[], perturbed=False)
  (/27): BoundParams(name=/27, inputs=[], perturbed=False)
  (/28): BoundParams(name=/28, inputs=[], perturbed=False)
  (/29): BoundParams(name=/29, inputs=[], perturbed=False)
  (/30): BoundParams(name=/30, inputs=[], perturbed=False)
  (/31): BoundParams(name=/31, inputs=[], perturbed=False)
  (/32): BoundParams(name=/32, inputs=[], perturbed=False)
  (/33): BoundParams(name=/33, inputs=[], perturbed=False)
  (/34): BoundParams(name=/34, inputs=[], perturbed=False)
  (/35): BoundParams(name=/35, inputs=[], perturbed=False)
  (/36): BoundParams(name=/36, inputs=[], perturbed=False)
  (/37): BoundParams(name=/37, inputs=[], perturbed=False)
  (/38): BoundLinear(name=/38, inputs=[/0, /19, /20], perturbed=True)
  (/39): BoundSplit(name=/39, inputs=[/shape], perturbed=False)
  (/40): BoundSplit(name=/40, inputs=[/shape], perturbed=False)
  (/41): BoundSplit(name=/41, inputs=[/shape], perturbed=False)
  (/42): BoundSplit(name=/42, inputs=[/shape], perturbed=False)
  (/43): BoundConstant(name=/43, value=tensor([0], device='cuda:0'))
  (/44): BoundSqueeze(name=/44, inputs=[/39, /43], perturbed=False)
  (/45): BoundConstant(name=/45, value=tensor([0], device='cuda:0'))
  (/46): BoundSqueeze(name=/46, inputs=[/40, /45], perturbed=False)
  (/47): BoundConstant(name=/47, value=tensor([0], device='cuda:0'))
  (/48): BoundSqueeze(name=/48, inputs=[/41, /47], perturbed=False)
  (/49): BoundConstant(name=/49, value=tensor([0], device='cuda:0'))
  (/50): BoundSqueeze(name=/50, inputs=[/42, /49], perturbed=False)
  (/51): BoundConstant(name=/51, value=tensor([0], device='cuda:0'))
  (/52): BoundUnsqueeze(name=/52, inputs=[/44, /51], perturbed=False)
  (/53): BoundConstant(name=/53, value=tensor([0], device='cuda:0'))
  (/54): BoundUnsqueeze(name=/54, inputs=[/46, /53], perturbed=False)
  (/55): BoundConstant(name=/55, value=tensor([0], device='cuda:0'))
  (/56): BoundUnsqueeze(name=/56, inputs=[/48, /55], perturbed=False)
  (/57): BoundConstant(name=/57, value=tensor([0], device='cuda:0'))
  (/58): BoundUnsqueeze(name=/58, inputs=[/50, /57], perturbed=False)
  (/59): BoundConcat(name=/59, inputs=[/52, /54, /56, /58], perturbed=False)
  (/input): BoundReshape(name=/input, inputs=[/38, /59], perturbed=True)
  (/input-3): BoundConv(name=/input-3, inputs=[/input, /22, /23], perturbed=True)
  (/input-7): BoundRelu(name=/input-7, inputs=[/input-3], perturbed=True)
  (/input-11): BoundConv(name=/input-11, inputs=[/input-7, /24, /25], perturbed=True)
  (/input-15): BoundRelu(name=/input-15, inputs=[/input-11], perturbed=True)
  (/input-19): BoundConv(name=/input-19, inputs=[/input-15, /26, /27], perturbed=True)
  (/input-23): BoundRelu(name=/input-23, inputs=[/input-19], perturbed=True)
  (/input-27): BoundConv(name=/input-27, inputs=[/input-23, /28, /29], perturbed=True)
  (/input-31): BoundRelu(name=/input-31, inputs=[/input-27], perturbed=True)
  (/input-35): BoundConv(name=/input-35, inputs=[/input-31, /30, /31], perturbed=True)
  (/input-39): BoundRelu(name=/input-39, inputs=[/input-35], perturbed=True)
  (/input-43): BoundConv(name=/input-43, inputs=[/input-39, /32, /33], perturbed=True)
  (/input-47): BoundRelu(name=/input-47, inputs=[/input-43], perturbed=True)
  (/input-51): BoundConv(name=/input-51, inputs=[/input-47, /34, /35], perturbed=True)
  (/input-55): BoundRelu(name=/input-55, inputs=[/input-51], perturbed=True)
  (/75): BoundConv(name=/75, inputs=[/input-55, /36, /37], perturbed=True)
  (/76): BoundFlatten(name=/76, inputs=[/75], perturbed=True)
)
Original output in the first batch: tensor([[ -4.52848339, -13.86094284,  -0.71672785,  -3.03533387,   6.35082865,
           1.30548215,  -7.23037004, -16.22091293, -13.72479630, -15.37440777]],
       device='cuda:0')
build batch [1/1]
initial crown bounds (first 10 items): [-42.88951873779297, -37.02057647705078, -45.22382736206055, -34.65834426879883, -43.478572845458984, -38.914310455322266, -27.460105895996094, -31.851821899414062, -30.035396575927734]
Global lower bound: -45.22382736206055
Initializing Domain Clipper...
Processing layer: /input-3, input name: /0
Layer: /input-3
    lA with shape: torch.Size([1, 13026, 16])
    uA with shape: torch.Size([1, 13026, 16])
    lbias with shape: torch.Size([1, 13026])
    ubias with shape: torch.Size([1, 13026])
Processing layer: /input-11, input name: /0
Layer: /input-11
    lA with shape: torch.Size([1, 5508, 16])
    uA with shape: torch.Size([1, 5508, 16])
    lbias with shape: torch.Size([1, 5508])
    ubias with shape: torch.Size([1, 5508])
Processing layer: /input-19, input name: /0
Layer: /input-19
    lA with shape: torch.Size([1, 6754, 16])
    uA with shape: torch.Size([1, 6754, 16])
    lbias with shape: torch.Size([1, 6754])
    ubias with shape: torch.Size([1, 6754])
Processing layer: /input-27, input name: /0
Layer: /input-27
    lA with shape: torch.Size([1, 2630, 16])
    uA with shape: torch.Size([1, 2630, 16])
    lbias with shape: torch.Size([1, 2630])
    ubias with shape: torch.Size([1, 2630])
Processing layer: /input-35, input name: /0
Layer: /input-35
    lA with shape: torch.Size([1, 4096, 16])
    uA with shape: torch.Size([1, 4096, 16])
    lbias with shape: torch.Size([1, 4096])
    ubias with shape: torch.Size([1, 4096])
Processing layer: /input-43, input name: /0
Layer: /input-43
    lA with shape: torch.Size([1, 1282, 16])
    uA with shape: torch.Size([1, 1282, 16])
    lbias with shape: torch.Size([1, 1282])
    ubias with shape: torch.Size([1, 1282])
Processing layer: /input-51, input name: /0
Layer: /input-51
    lA with shape: torch.Size([1, 2048, 16])
    uA with shape: torch.Size([1, 2048, 16])
    lbias with shape: torch.Size([1, 2048])
    ubias with shape: torch.Size([1, 2048])
Processing layer: /76, input name: /0
Domain Clipper Initialized in 3.361701965332031e-05 s.
0 / 9 OR specs are verified.
Verified OR indices (first 10 items): []
Verified OR lbs (first 10 items): []
Unverified OR indices (first 10 items): [0, 1, 2, 3, 4, 5, 6, 7, 8]
Unverified OR lbs (first 10 items): [[-42.88951873779297], [-37.02057647705078], [-45.22382736206055], [-34.65834426879883], [-43.478572845458984], [-38.914310455322266], [-27.460105895996094], [-31.851821899414062], [-30.035396575927734]]
###### Verifying property Instance 0 ######
Batch size: 9
First 10 spec matrices
C: tensor([[[-1.,  0.,  0.,  0.,  1.,  0.,  0.,  0.,  0.,  0.]],

        [[ 0., -1.,  0.,  0.,  1.,  0.,  0.,  0.,  0.,  0.]],

        [[ 0.,  0., -1.,  0.,  1.,  0.,  0.,  0.,  0.,  0.]],

        [[ 0.,  0.,  0., -1.,  1.,  0.,  0.,  0.,  0.,  0.]],

        [[ 0.,  0.,  0.,  0.,  1., -1.,  0.,  0.,  0.,  0.]],

        [[ 0.,  0.,  0.,  0.,  1.,  0., -1.,  0.,  0.,  0.]],

        [[ 0.,  0.,  0.,  0.,  1.,  0.,  0., -1.,  0.,  0.]],

        [[ 0.,  0.,  0.,  0.,  1.,  0.,  0.,  0., -1.,  0.]],

        [[ 0.,  0.,  0.,  0.,  1.,  0.,  0.,  0.,  0., -1.]]], device='cuda:0')
RHS: tensor([[0.],
        [0.],
        [0.],
        [0.],
        [0.],
        [0.],
        [0.],
        [0.],
        [0.]], device='cuda:0')
OR spec sizes: tensor([1, 1, 1, 1, 1, 1, 1, 1, 1], device='cuda:0', dtype=torch.int32)
Remaining timeout: 59.36262035369873
Model prediction is: tensor([ -4.52848339, -13.86094284,  -0.71672785,  -3.03533387,   6.35082865,
          1.30548215,  -7.23037004, -16.22091293, -13.72479630, -15.37440777],
       device='cuda:0')
Domain clipping (1 iterations): shrunken 0/18 (0.00%), Of 18 batches, 0 were verified before clipping, 0 domains were shrunken, and 0 were shrunken and additionally verified.
Iteration 1
Current pickout batch: 8
Worst bound: tensor([-20.62963867], device='cuda:0')
Domain clipping (1 iterations): shrunken 0/16 (0.00%), Of 16 batches, 0 were verified before clipping, 0 domains were shrunken, and 0 were shrunken and additionally verified.
Time: pickout 0.0004    init 0.0001    concretize 0.0001    bounding 0.3870    filtering 0.0001    decision 0.0001    split 0.0004    clip 0.0005    add_domain 0.0003    summary 0.0005    
Accumulated time: pickout 0.0004    bounding 0.3870    init 0.0013    concretize 0.0013    filtering 0.0001    decision 0.0001    split 0.0004    clip 0.0005    add_domain 0.0003    summary 0.0005    
Length of domains: 26
17 domains visited
Current (lb-rhs): tensor([[-45.22382736]], device='cuda:0')
current_vram/total_varm: 21.5GB/102.0GB, batch_size increase to 16
Cumulative time: 0.4324147701263428

Iteration 2
Current pickout batch: 16
Worst bound: tensor([-12.31497669], device='cuda:0')
Domain clipping (1 iterations): shrunken 1/15 (6.67%), Of 16 batches, 1 were verified before clipping, 1 domains were shrunken, and 0 were shrunken and additionally verified.
Time: pickout 0.0002    init 0.0001    concretize 0.0001    bounding 0.7391    filtering 0.0004    decision 0.0001    split 0.0020    clip 0.0014    add_domain 0.0009    summary 0.0009    
Accumulated time: pickout 0.0006    bounding 1.1261    init 0.0027    concretize 0.0027    filtering 0.0005    decision 0.0002    split 0.0023    clip 0.0020    add_domain 0.0012    summary 0.0014    
Length of domains: 25
33 domains visited
Current (lb-rhs): tensor([[-45.22382736]], device='cuda:0')
Cumulative time: 1.178678274154663

Iteration 3
Current pickout batch: 16
Worst bound: tensor([-34.82167816], device='cuda:0')
Domain clipping (1 iterations): shrunken 0/26 (0.00%), Of 26 batches, 0 were verified before clipping, 0 domains were shrunken, and 0 were shrunken and additionally verified.
Time: pickout 0.0003    init 0.0001    concretize 0.0001    bounding 0.7851    filtering 0.0004    decision 0.0001    split 0.0006    clip 0.0039    add_domain 0.0004    summary 0.0009    
Accumulated time: pickout 0.0009    bounding 1.9112    init 0.0039    concretize 0.0039    filtering 0.0009    decision 0.0003    split 0.0029    clip 0.0058    add_domain 0.0016    summary 0.0023    
Length of domains: 35
49 domains visited
Current (lb-rhs): tensor([[-45.22382736]], device='cuda:0')
Cumulative time: 1.971893310546875

Iteration 4
Current pickout batch: 16
Worst bound: tensor([-9.97282028], device='cuda:0')
Domain clipping (1 iterations): shrunken 0/32 (0.00%), Of 32 batches, 0 were verified before clipping, 0 domains were shrunken, and 0 were shrunken and additionally verified.
Time: pickout 0.0004    init 0.0001    concretize 0.0001    bounding 0.7328    filtering 0.0001    decision 0.0001    split 0.0004    clip 0.0007    add_domain 0.0002    summary 0.0001    
Accumulated time: pickout 0.0013    bounding 2.6440    init 0.0050    concretize 0.0050    filtering 0.0010    decision 0.0005    split 0.0033    clip 0.0065    add_domain 0.0018    summary 0.0025    
Length of domains: 51
65 domains visited
Current (lb-rhs): tensor([[-45.22382736]], device='cuda:0')
Cumulative time: 2.7072229385375977

Iteration 5
Current pickout batch: 16
Worst bound: tensor([-3.21257305], device='cuda:0')
Domain clipping (1 iterations): shrunken 1/26 (3.85%), Of 26 batches, 0 were verified before clipping, 1 domains were shrunken, and 0 were shrunken and additionally verified.
Time: pickout 0.0002    init 0.0001    concretize 0.0001    bounding 0.6634    filtering 0.0004    decision 0.0001    split 0.0020    clip 0.0014    add_domain 0.0004    summary 0.0009    
Accumulated time: pickout 0.0014    bounding 3.3074    init 0.0062    concretize 0.0062    filtering 0.0014    decision 0.0006    split 0.0053    clip 0.0079    add_domain 0.0022    summary 0.0034    
Length of domains: 61
81 domains visited
Current (lb-rhs): tensor([[-45.22382736]], device='cuda:0')
Cumulative time: 3.3772363662719727

Iteration 6
Current pickout batch: 16
Worst bound: tensor([-1.54000115], device='cuda:0')
Domain clipping (1 iterations): shrunken 0/28 (0.00%), Of 28 batches, 0 were verified before clipping, 0 domains were shrunken, and 0 were shrunken and additionally verified.
Time: pickout 0.0004    init 0.0001    concretize 0.0001    bounding 0.7073    filtering 0.0002    decision 0.0001    split 0.0007    clip 0.0007    add_domain 0.0004    summary 0.0002    
Accumulated time: pickout 0.0018    bounding 4.0147    init 0.0075    concretize 0.0075    filtering 0.0016    decision 0.0007    split 0.0060    clip 0.0086    add_domain 0.0026    summary 0.0035    
Length of domains: 73
97 domains visited
Current (lb-rhs): tensor([[-45.22382736]], device='cuda:0')
Cumulative time: 4.087722301483154

Iteration 7
Current pickout batch: 16
Worst bound: tensor([-0.46571565], device='cuda:0')
Domain clipping (1 iterations): shrunken 2/10 (20.00%), Of 10 batches, 0 were verified before clipping, 2 domains were shrunken, and 0 were shrunken and additionally verified.
Time: pickout 0.0002    init 0.0001    concretize 0.0001    bounding 0.7039    filtering 0.0001    decision 0.0001    split 0.0047    clip 0.0033    add_domain 0.0016    summary 0.0010    
Accumulated time: pickout 0.0020    bounding 4.7186    init 0.0086    concretize 0.0086    filtering 0.0017    decision 0.0008    split 0.0107    clip 0.0119    add_domain 0.0042    summary 0.0045    
Length of domains: 67
113 domains visited
Current (lb-rhs): tensor([[-45.22382736]], device='cuda:0')
Cumulative time: 4.803399324417114

Iteration 8
Current pickout batch: 16
Worst bound: tensor([-0.43598557], device='cuda:0')
Domain clipping (1 iterations): shrunken 1/6 (16.67%), Of 6 batches, 0 were verified before clipping, 1 domains were shrunken, and 0 were shrunken and additionally verified.
Time: pickout 0.0018    init 0.0001    concretize 0.0001    bounding 0.6490    filtering 0.0004    decision 0.0001    split 0.0020    clip 0.0015    add_domain 0.0004    summary 0.0009    
Accumulated time: pickout 0.0038    bounding 5.3676    init 0.0098    concretize 0.0098    filtering 0.0021    decision 0.0009    split 0.0127    clip 0.0134    add_domain 0.0046    summary 0.0055    
Length of domains: 57
129 domains visited
Current (lb-rhs): tensor([[-45.22382736]], device='cuda:0')
Cumulative time: 5.4607319831848145

Iteration 9
Current pickout batch: 16
Worst bound: tensor([-1.46593213], device='cuda:0')
Domain clipping (1 iterations): shrunken 2/10 (20.00%), Of 12 batches, 2 were verified before clipping, 2 domains were shrunken, and 0 were shrunken and additionally verified.
Time: pickout 0.0003    init 0.0001    concretize 0.0001    bounding 0.7050    filtering 0.0002    decision 0.0001    split 0.0007    clip 0.0015    add_domain 0.0007    summary 0.0001    
Accumulated time: pickout 0.0041    bounding 6.0726    init 0.0110    concretize 0.0110    filtering 0.0023    decision 0.0010    split 0.0134    clip 0.0149    add_domain 0.0052    summary 0.0056    
Length of domains: 51
145 domains visited
Current (lb-rhs): tensor([[-45.22382736]], device='cuda:0')
Cumulative time: 6.169879674911499

Iteration 10
Current pickout batch: 16
Worst bound: tensor([-1.40310717], device='cuda:0')
Domain clipping (1 iterations): shrunken 0/12 (0.00%), Of 12 batches, 0 were verified before clipping, 0 domains were shrunken, and 0 were shrunken and additionally verified.
Time: pickout 0.0024    init 0.0001    concretize 0.0001    bounding 0.6787    filtering 0.0002    decision 0.0001    split 0.0043    clip 0.0031    add_domain 0.0004    summary 0.0021    
Accumulated time: pickout 0.0065    bounding 6.7513    init 0.0122    concretize 0.0122    filtering 0.0025    decision 0.0011    split 0.0177    clip 0.0179    add_domain 0.0056    summary 0.0077    
Length of domains: 47
161 domains visited
Current (lb-rhs): tensor([[-45.22382736]], device='cuda:0')
Cumulative time: 6.864245891571045

Iteration 11
Current pickout batch: 16
Worst bound: tensor([-2.68964314], device='cuda:0')
Domain clipping (1 iterations): shrunken 2/8 (25.00%), Of 8 batches, 0 were verified before clipping, 2 domains were shrunken, and 0 were shrunken and additionally verified.
Time: pickout 0.0013    init 0.0001    concretize 0.0001    bounding 0.6822    filtering 0.0004    decision 0.0001    split 0.0021    clip 0.0014    add_domain 0.0004    summary 0.0009    
Accumulated time: pickout 0.0078    bounding 7.4335    init 0.0134    concretize 0.0133    filtering 0.0029    decision 0.0012    split 0.0198    clip 0.0194    add_domain 0.0059    summary 0.0086    
Length of domains: 39
177 domains visited
Current (lb-rhs): tensor([[-45.22382736]], device='cuda:0')
Cumulative time: 7.553827524185181

Iteration 12
Current pickout batch: 16
Worst bound: tensor([-2.68781090], device='cuda:0')
Domain clipping (1 iterations): shrunken 1/19 (5.26%), Of 20 batches, 1 were verified before clipping, 1 domains were shrunken, and 0 were shrunken and additionally verified.
Time: pickout 0.0003    init 0.0001    concretize 0.0001    bounding 0.7198    filtering 0.0026    decision 0.0001    split 0.0013    clip 0.0014    add_domain 0.0002    summary 0.0002    
Accumulated time: pickout 0.0081    bounding 8.1533    init 0.0146    concretize 0.0145    filtering 0.0055    decision 0.0013    split 0.0211    clip 0.0208    add_domain 0.0062    summary 0.0089    
Length of domains: 42
193 domains visited
Current (lb-rhs): tensor([[-45.22382736]], device='cuda:0')
Cumulative time: 8.283694982528687

Iteration 13
Current pickout batch: 16
Worst bound: tensor([-1.50656152], device='cuda:0')
Domain clipping (1 iterations): shrunken 0/14 (0.00%), Of 14 batches, 0 were verified before clipping, 0 domains were shrunken, and 0 were shrunken and additionally verified.
Time: pickout 0.0002    init 0.0001    concretize 0.0001    bounding 0.6984    filtering 0.0001    decision 0.0001    split 0.0004    clip 0.0005    add_domain 0.0002    summary 0.0001    
Accumulated time: pickout 0.0083    bounding 8.8517    init 0.0158    concretize 0.0158    filtering 0.0056    decision 0.0014    split 0.0214    clip 0.0213    add_domain 0.0064    summary 0.0090    
Length of domains: 40
209 domains visited
Current (lb-rhs): tensor([[-45.22382736]], device='cuda:0')
Cumulative time: 8.984038352966309

Iteration 14
Current pickout batch: 16
Worst bound: tensor([-1.44101429], device='cuda:0')
Domain clipping (1 iterations): shrunken 0/14 (0.00%), Of 14 batches, 0 were verified before clipping, 0 domains were shrunken, and 0 were shrunken and additionally verified.
Time: pickout 0.0001    init 0.0001    concretize 0.0001    bounding 0.6540    filtering 0.0004    decision 0.0001    split 0.0007    clip 0.0007    add_domain 0.0002    summary 0.0001    
Accumulated time: pickout 0.0084    bounding 9.5056    init 0.0169    concretize 0.0169    filtering 0.0060    decision 0.0015    split 0.0221    clip 0.0219    add_domain 0.0065    summary 0.0091    
Length of domains: 38
225 domains visited
Current (lb-rhs): tensor([[-45.22382736]], device='cuda:0')
Cumulative time: 9.640886545181274

Iteration 15
Current pickout batch: 16
Worst bound: tensor([-1.34479046], device='cuda:0')
Domain clipping (1 iterations): shrunken 4/10 (40.00%), Of 12 batches, 2 were verified before clipping, 4 domains were shrunken, and 0 were shrunken and additionally verified.
Time: pickout 0.0001    init 0.0001    concretize 0.0001    bounding 0.7188    filtering 0.0001    decision 0.0001    split 0.0013    clip 0.0039    add_domain 0.0010    summary 0.0009    
Accumulated time: pickout 0.0085    bounding 10.2244    init 0.0181    concretize 0.0181    filtering 0.0062    decision 0.0016    split 0.0235    clip 0.0259    add_domain 0.0075    summary 0.0100    
Length of domains: 32
241 domains visited
Current (lb-rhs): tensor([[-45.22382736]], device='cuda:0')
Cumulative time: 10.368316173553467

Iteration 16
Current pickout batch: 16
Worst bound: tensor([-6.11777973], device='cuda:0')
Domain clipping (1 iterations): shrunken 5/17 (29.41%), Of 20 batches, 3 were verified before clipping, 5 domains were shrunken, and 0 were shrunken and additionally verified.
Time: pickout 0.0003    init 0.0001    concretize 0.0001    bounding 0.7283    filtering 0.0002    decision 0.0001    split 0.0004    clip 0.0007    add_domain 0.0003    summary 0.0003    
Accumulated time: pickout 0.0088    bounding 10.9528    init 0.0193    concretize 0.0193    filtering 0.0063    decision 0.0017    split 0.0239    clip 0.0266    add_domain 0.0078    summary 0.0104    
Length of domains: 33
257 domains visited
Current (lb-rhs): tensor([[-45.22382736]], device='cuda:0')
Cumulative time: 11.09980297088623

Iteration 17
Current pickout batch: 16
Worst bound: tensor([-1.84729862], device='cuda:0')
Domain clipping (1 iterations): shrunken 0/10 (0.00%), Of 10 batches, 0 were verified before clipping, 0 domains were shrunken, and 0 were shrunken and additionally verified.
Time: pickout 0.0002    init 0.0001    concretize 0.0001    bounding 0.6965    filtering 0.0005    decision 0.0001    split 0.0043    clip 0.0012    add_domain 0.0005    summary 0.0016    
Accumulated time: pickout 0.0090    bounding 11.6492    init 0.0204    concretize 0.0204    filtering 0.0068    decision 0.0018    split 0.0282    clip 0.0278    add_domain 0.0083    summary 0.0120    
Length of domains: 27
273 domains visited
Current (lb-rhs): tensor([[-45.22382736]], device='cuda:0')
Cumulative time: 11.806162118911743

Iteration 18
Current pickout batch: 16
Worst bound: tensor([-6.01848459], device='cuda:0')
Domain clipping (1 iterations): shrunken 0/24 (0.00%), Of 24 batches, 0 were verified before clipping, 0 domains were shrunken, and 0 were shrunken and additionally verified.
Time: pickout 0.0014    init 0.0001    concretize 0.0001    bounding 0.6927    filtering 0.0004    decision 0.0001    split 0.0020    clip 0.0015    add_domain 0.0004    summary 0.0009    
Accumulated time: pickout 0.0104    bounding 12.3419    init 0.0216    concretize 0.0216    filtering 0.0072    decision 0.0019    split 0.0302    clip 0.0293    add_domain 0.0087    summary 0.0129    
Length of domains: 35
289 domains visited
Current (lb-rhs): tensor([[-45.22382736]], device='cuda:0')
Cumulative time: 12.506696224212646

Iteration 19
Current pickout batch: 16
Worst bound: tensor([-3.95281982], device='cuda:0')
Domain clipping (1 iterations): shrunken 1/7 (14.29%), Of 8 batches, 1 were verified before clipping, 1 domains were shrunken, and 0 were shrunken and additionally verified.
Time: pickout 0.0003    init 0.0001    concretize 0.0001    bounding 0.7118    filtering 0.0002    decision 0.0001    split 0.0004    clip 0.0006    add_domain 0.0004    summary 0.0001    
Accumulated time: pickout 0.0106    bounding 13.0537    init 0.0227    concretize 0.0227    filtering 0.0074    decision 0.0020    split 0.0307    clip 0.0299    add_domain 0.0092    summary 0.0130    
Length of domains: 26
305 domains visited
Current (lb-rhs): tensor([[-45.22382736]], device='cuda:0')
Cumulative time: 13.221192598342896

Iteration 20
Current pickout batch: 16
Worst bound: tensor([-5.77139425], device='cuda:0')
Domain clipping (1 iterations): shrunken 0/18 (0.00%), Of 18 batches, 0 were verified before clipping, 0 domains were shrunken, and 0 were shrunken and additionally verified.
Time: pickout 0.0004    init 0.0001    concretize 0.0001    bounding 0.7322    filtering 0.0005    decision 0.0001    split 0.0047    clip 0.0015    add_domain 0.0022    summary 0.0004    
Accumulated time: pickout 0.0110    bounding 13.7859    init 0.0239    concretize 0.0239    filtering 0.0079    decision 0.0021    split 0.0354    clip 0.0313    add_domain 0.0113    summary 0.0134    
Length of domains: 28
321 domains visited
Current (lb-rhs): tensor([[-45.22382736]], device='cuda:0')
Cumulative time: 13.965622901916504

Iteration 21
Current pickout batch: 16
Worst bound: tensor([-1.64753926], device='cuda:0')
Domain clipping (1 iterations): shrunken 0/10 (0.00%), Of 10 batches, 0 were verified before clipping, 0 domains were shrunken, and 0 were shrunken and additionally verified.
Time: pickout 0.0003    init 0.0001    concretize 0.0001    bounding 0.6576    filtering 0.0004    decision 0.0001    split 0.0020    clip 0.0015    add_domain 0.0004    summary 0.0009    
Accumulated time: pickout 0.0114    bounding 14.4435    init 0.0251    concretize 0.0251    filtering 0.0083    decision 0.0022    split 0.0374    clip 0.0328    add_domain 0.0117    summary 0.0144    
Length of domains: 22
337 domains visited
Current (lb-rhs): tensor([[-45.22382736]], device='cuda:0')
Cumulative time: 14.629987478256226

Iteration 22
Current pickout batch: 16
Worst bound: tensor([-19.31351471], device='cuda:0')
Domain clipping (1 iterations): shrunken 0/12 (0.00%), Of 12 batches, 0 were verified before clipping, 0 domains were shrunken, and 0 were shrunken and additionally verified.
Time: pickout 0.0003    init 0.0001    concretize 0.0001    bounding 0.7959    filtering 0.0007    decision 0.0001    split 0.0030    clip 0.0021    add_domain 0.0006    summary 0.0009    
Accumulated time: pickout 0.0117    bounding 15.2393    init 0.0263    concretize 0.0263    filtering 0.0090    decision 0.0023    split 0.0404    clip 0.0350    add_domain 0.0122    summary 0.0153    
Length of domains: 18
353 domains visited
Current (lb-rhs): tensor([[-45.22382736]], device='cuda:0')
Cumulative time: 15.435130834579468

Iteration 23
Current pickout batch: 16
Worst bound: tensor([-8.82819653], device='cuda:0')
Domain clipping (1 iterations): shrunken 1/10 (10.00%), Of 10 batches, 0 were verified before clipping, 1 domains were shrunken, and 0 were shrunken and additionally verified.
Time: pickout 0.0003    init 0.0001    concretize 0.0001    bounding 0.7281    filtering 0.0004    decision 0.0001    split 0.0017    clip 0.0009    add_domain 0.0004    summary 0.0012    
Accumulated time: pickout 0.0119    bounding 15.9675    init 0.0275    concretize 0.0275    filtering 0.0094    decision 0.0025    split 0.0422    clip 0.0358    add_domain 0.0127    summary 0.0165    
Length of domains: 12
369 domains visited
Current (lb-rhs): tensor([[-42.88951874]], device='cuda:0')
Cumulative time: 16.169225692749023

Iteration 24
Current pickout batch: 12
Worst bound: tensor([-33.39684677], device='cuda:0')
Domain clipping (1 iterations): shrunken 0/14 (0.00%), Of 14 batches, 0 were verified before clipping, 0 domains were shrunken, and 0 were shrunken and additionally verified.
Time: pickout 0.0002    init 0.0001    concretize 0.0001    bounding 0.5743    filtering 0.0022    decision 0.0001    split 0.0048    clip 0.0047    add_domain 0.0005    summary 0.0004    
Accumulated time: pickout 0.0121    bounding 16.5418    init 0.0287    concretize 0.0287    filtering 0.0116    decision 0.0026    split 0.0470    clip 0.0405    add_domain 0.0132    summary 0.0170    
Length of domains: 14
381 domains visited
Current (lb-rhs): tensor([[-33.39684677]], device='cuda:0')
Cumulative time: 16.759374141693115

Iteration 25
Current pickout batch: 14
Worst bound: tensor([-9.92032242], device='cuda:0')
Domain clipping (1 iterations): shrunken 3/23 (13.04%), Of 26 batches, 3 were verified before clipping, 3 domains were shrunken, and 0 were shrunken and additionally verified.
Time: pickout 0.0015    init 0.0001    concretize 0.0001    bounding 0.6007    filtering 0.0005    decision 0.0001    split 0.0022    clip 0.0015    add_domain 0.0009    summary 0.0009    
Accumulated time: pickout 0.0136    bounding 17.1424    init 0.0299    concretize 0.0299    filtering 0.0122    decision 0.0027    split 0.0491    clip 0.0420    add_domain 0.0141    summary 0.0179    
Length of domains: 23
395 domains visited
Current (lb-rhs): tensor([[-9.92032242]], device='cuda:0')
Cumulative time: 17.368698596954346

Iteration 26
Current pickout batch: 16
Worst bound: tensor([-3.92094660], device='cuda:0')
Domain clipping (1 iterations): shrunken 1/28 (3.57%), Of 28 batches, 0 were verified before clipping, 1 domains were shrunken, and 0 were shrunken and additionally verified.
Time: pickout 0.0002    init 0.0001    concretize 0.0001    bounding 0.7230    filtering 0.0001    decision 0.0001    split 0.0032    clip 0.0016    add_domain 0.0004    summary 0.0004    
Accumulated time: pickout 0.0137    bounding 17.8654    init 0.0310    concretize 0.0310    filtering 0.0123    decision 0.0028    split 0.0524    clip 0.0436    add_domain 0.0145    summary 0.0183    
Length of domains: 35
411 domains visited
Current (lb-rhs): tensor([[-9.92032242]], device='cuda:0')
Cumulative time: 18.09818124771118

Iteration 27
Current pickout batch: 16
Worst bound: tensor([-1.44316721], device='cuda:0')
Domain clipping (1 iterations): shrunken 0/24 (0.00%), Of 24 batches, 0 were verified before clipping, 0 domains were shrunken, and 0 were shrunken and additionally verified.
Time: pickout 0.0003    init 0.0001    concretize 0.0001    bounding 0.6986    filtering 0.0005    decision 0.0001    split 0.0050    clip 0.0033    add_domain 0.0016    summary 0.0010    
Accumulated time: pickout 0.0140    bounding 18.5640    init 0.0322    concretize 0.0322    filtering 0.0128    decision 0.0029    split 0.0574    clip 0.0469    add_domain 0.0161    summary 0.0193    
Length of domains: 43
427 domains visited
Current (lb-rhs): tensor([[-9.92032242]], device='cuda:0')
Cumulative time: 18.811744451522827

Iteration 28
Current pickout batch: 16
Worst bound: tensor([-0.20542026], device='cuda:0')
Domain clipping (1 iterations): shrunken 4/12 (33.33%), Of 12 batches, 0 were verified before clipping, 4 domains were shrunken, and 0 were shrunken and additionally verified.
Time: pickout 0.0014    init 0.0001    concretize 0.0001    bounding 0.6816    filtering 0.0004    decision 0.0001    split 0.0020    clip 0.0015    add_domain 0.0004    summary 0.0009    
Accumulated time: pickout 0.0155    bounding 19.2456    init 0.0334    concretize 0.0333    filtering 0.0132    decision 0.0030    split 0.0594    clip 0.0484    add_domain 0.0164    summary 0.0202    
Length of domains: 39
443 domains visited
Current (lb-rhs): tensor([[-9.92032242]], device='cuda:0')
Cumulative time: 19.50121259689331

Iteration 29
Current pickout batch: 16
Worst bound: tensor([-0.21868944], device='cuda:0')
Domain clipping (1 iterations): shrunken 0/4 (0.00%), Of 4 batches, 0 were verified before clipping, 0 domains were shrunken, and 0 were shrunken and additionally verified.
Time: pickout 0.0003    init 0.0001    concretize 0.0001    bounding 0.7083    filtering 0.0001    decision 0.0002    split 0.0006    clip 0.0006    add_domain 0.0002    summary 0.0002    
Accumulated time: pickout 0.0158    bounding 19.9539    init 0.0345    concretize 0.0345    filtering 0.0134    decision 0.0031    split 0.0601    clip 0.0489    add_domain 0.0166    summary 0.0203    
Length of domains: 27
459 domains visited
Current (lb-rhs): tensor([[-9.92032242]], device='cuda:0')
Cumulative time: 20.212274074554443

Iteration 30
Current pickout batch: 16
Worst bound: tensor([-1.26915693], device='cuda:0')
Domain clipping (1 iterations): shrunken 2/12 (16.67%), Of 12 batches, 0 were verified before clipping, 2 domains were shrunken, and 0 were shrunken and additionally verified.
Time: pickout 0.0002    init 0.0001    concretize 0.0001    bounding 0.7241    filtering 0.0005    decision 0.0001    split 0.0043    clip 0.0016    add_domain 0.0005    summary 0.0018    
Accumulated time: pickout 0.0159    bounding 20.6780    init 0.0356    concretize 0.0356    filtering 0.0139    decision 0.0032    split 0.0644    clip 0.0506    add_domain 0.0171    summary 0.0222    
Length of domains: 23
475 domains visited
Current (lb-rhs): tensor([[-9.92032242]], device='cuda:0')
Cumulative time: 20.94795846939087

Iteration 31
Current pickout batch: 16
Worst bound: tensor([-1.00601363], device='cuda:0')
Domain clipping (1 iterations): shrunken 0/8 (0.00%), Of 8 batches, 0 were verified before clipping, 0 domains were shrunken, and 0 were shrunken and additionally verified.
Time: pickout 0.0004    init 0.0001    concretize 0.0001    bounding 0.6822    filtering 0.0006    decision 0.0001    split 0.0025    clip 0.0016    add_domain 0.0004    summary 0.0009    
Accumulated time: pickout 0.0164    bounding 21.3602    init 0.0368    concretize 0.0368    filtering 0.0145    decision 0.0033    split 0.0668    clip 0.0522    add_domain 0.0175    summary 0.0231    
Length of domains: 15
491 domains visited
Current (lb-rhs): tensor([[-9.92032242]], device='cuda:0')
Cumulative time: 21.63790726661682

Iteration 32
Current pickout batch: 15
Worst bound: tensor([-3.58510876], device='cuda:0')
Domain clipping (1 iterations): shrunken 0/10 (0.00%), Of 10 batches, 0 were verified before clipping, 0 domains were shrunken, and 0 were shrunken and additionally verified.
Time: pickout 0.0003    init 0.0001    concretize 0.0001    bounding 0.6860    filtering 0.0001    decision 0.0001    split 0.0004    clip 0.0006    add_domain 0.0002    summary 0.0002    
Accumulated time: pickout 0.0167    bounding 22.0462    init 0.0380    concretize 0.0380    filtering 0.0146    decision 0.0035    split 0.0672    clip 0.0527    add_domain 0.0177    summary 0.0232    
Length of domains: 10
506 domains visited
Current (lb-rhs): tensor([[-3.58510876]], device='cuda:0')
Cumulative time: 22.326321125030518

Iteration 33
Current pickout batch: 10
Worst bound: tensor([-1.15409517], device='cuda:0')
Domain clipping (1 iterations): shrunken 2/14 (14.29%), Of 16 batches, 2 were verified before clipping, 2 domains were shrunken, and 0 were shrunken and additionally verified.
Time: pickout 0.0002    init 0.0001    concretize 0.0001    bounding 0.4394    filtering 0.0001    decision 0.0001    split 0.0027    clip 0.0018    add_domain 0.0026    summary 0.0022    
Accumulated time: pickout 0.0168    bounding 22.4856    init 0.0392    concretize 0.0392    filtering 0.0148    decision 0.0036    split 0.0699    clip 0.0545    add_domain 0.0203    summary 0.0254    
Length of domains: 14
516 domains visited
Current (lb-rhs): tensor([[-1.15409517]], device='cuda:0')
Cumulative time: 22.77728033065796

Iteration 34
Current pickout batch: 14
Worst bound: tensor([-0.18391728], device='cuda:0')
Domain clipping (1 iterations): shrunken 2/5 (40.00%), Of 6 batches, 1 were verified before clipping, 2 domains were shrunken, and 0 were shrunken and additionally verified.
Time: pickout 0.0020    init 0.0001    concretize 0.0001    bounding 0.6063    filtering 0.0004    decision 0.0001    split 0.0020    clip 0.0015    add_domain 0.0008    summary 0.0001    
Accumulated time: pickout 0.0188    bounding 23.0919    init 0.0404    concretize 0.0404    filtering 0.0151    decision 0.0037    split 0.0720    clip 0.0559    add_domain 0.0211    summary 0.0255    
Length of domains: 5
530 domains visited
Current (lb-rhs): tensor([[-0.18391728]], device='cuda:0')
Cumulative time: 23.39171528816223

Iteration 35
Current pickout batch: 5
Worst bound: tensor([0.56563711], device='cuda:0')
No domains left, verification finished!
Time: pickout 0.0003    init 0.0001    concretize 0.0001    bounding 0.2423    filtering 0.0006    decision 0.0001    split 0.0020    clip 0.0015    add_domain 0.0008    summary 0.0000    
Accumulated time: pickout 0.0191    bounding 23.3342    init 0.0417    concretize 0.0417    filtering 0.0158    decision 0.0037    split 0.0720    clip 0.0559    add_domain 0.0211    summary 0.0256    
Length of domains: 0
535 domains visited
Cumulative time: 23.635440349578857

Removing temporary cuts path: /tmp/abcrown_cuts_o7hsakuq
Result: unsat
Time: 24.275731801986694

------------------------- COMMAND ------------------------------
/data1/Kane/miniconda3/envs/abcrown25/bin/python /data1/Kane/alpha-beta-CROWN_vnncomp2025/complete_verifier/abcrown.py --config /data1/Kane/alpha-beta-CROWN_vnncomp2025/complete_verifier/exp_configs/vnncomp25/relusplitter.yaml --precompile_jit --onnx_path /data1/Kane/data/vnncomp2025_benchmarks/benchmarks/relusplitter/onnx/cifar_biasfield_vnncomp2022_cifar_bias_field_25.onnx --vnnlib_path /data1/Kane/data/vnncomp2025_benchmarks/benchmarks/relusplitter/vnnlib/cifar_biasfield_vnncomp2022_prop_25.vnnlib --results_file /data1/Kane/ACT/audit_results/abcrown25_supplemental_20260526/relusplitter/0205__cifar_biasfield_vnncomp2022_cifar_bias_field_25__cifar_biasfield_vnncomp2022_prop_25.result --timeout 60.0 --save_adv_example --pgd_order=skip
----------------------------------------------------------------

