[ACT] Auto-detecting project root: ../ACT
[ACT] Gurobi license found: ../ACT/modules/gurobi/gurobi.lic
{
  "benchmark": "cersyve",
  "instance_id": 0,
  "status": "OK",
  "cli_normalized": "OK",
  "wall_s": 3.0025062719359994,
  "peak_rss_mb": 843.796875,
  "returncode": 0,
  "per_instance_json": "/data1/Kane/ACT/audit_results/r93_rerun_20260525T083118Z/overnight_cpu_round2_20260525T225241Z/cersyve/per_instance_cersyve_20260526T005555408702Z.json",
  "out_dir": "/data1/Kane/ACT/audit_results/r93_rerun_20260525T083118Z/overnight_cpu_round2_20260525T225241Z/cersyve",
  "stdout_tail": "ut shape: [1, 4]\nINFO:act.front_end.vnnlib_loader.data_model_loader:  \u2713 Input shape: (1, 4)\nINFO:act.front_end.vnnlib_loader.data_model_loader:[3/3] Parsing VNNLIB specification...\nINFO:act.front_end.vnnlib_loader.vnnlib_parser:Parsed VNNLIB: 4 inputs, 2 outputs, type=unknown\nINFO:act.front_end.vnnlib_loader.data_model_loader:  \u2713 Parsed VNNLIB: 4 inputs, 2 outputs\nINFO:act.front_end.vnnlib_loader.data_model_loader:Successfully loaded VNNLIB instance from 'cersyve'\nINFO:act.front_end.vnnlib_loader.vnnlib_parser:Parsed prop_lane_keep.vnnlib: 1 query(ies)\n[ACT] Using existing Gurobi license: ../ACT/modules/gurobi/gurobi.lic\n\u2705 Device Manager Initialized: device=cpu, dtype=torch.float64\n\n================================================================================\nACT: Abstract Constraint Transformer\nInference-based whitebox fuzzing for neural network verification\n================================================================================\n\n\n================================================================================\nVERIFICATION TEST: VNNLIB \u2192 VerifiableModel \u2192 verify_once\n================================================================================\n\n[vnnlib] category=cersyve max_instances=1 mode=hybridz (full TOP1_ROBUST via labeled_tensor collapse; device=cpu, timeout=30.0s)\n  [  1/1] cersyve/onnx/lane_keep_pretrain_con.onnx@vnnlib/prop_lane_keep.vnnlib: UNKNOWN (0.1s)  V=0 A=0 U=1 E=0  R=0\n\n[vnnlib/hybridz] FINAL \u2014 total=1 wall=0.0 min\n  UNKNOWN      1\n  [structured] per-instance log \u2192 /data1/Kane/ACT/audit_results/r93_rerun_20260525T083118Z/overnight_cpu_round2_20260525T225241Z/cersyve/per_instance_cersyve_20260526T005555408702Z.json\n\n================================================================================\nVERIFICATION TEST SUMMARY\n================================================================================\n  \u2705 vnnlib                    PASSED\n================================================================================\n\n"
}
{
  "benchmark": "cersyve",
  "instance_id": 1,
  "status": "OK",
  "cli_normalized": "OK",
  "wall_s": 3.002226753043942,
  "peak_rss_mb": 853.37109375,
  "returncode": 0,
  "per_instance_json": "/data1/Kane/ACT/audit_results/r93_rerun_20260525T083118Z/overnight_cpu_round2_20260525T225241Z/cersyve/per_instance_cersyve_20260526T005558491096Z.json",
  "out_dir": "/data1/Kane/ACT/audit_results/r93_rerun_20260525T083118Z/overnight_cpu_round2_20260525T225241Z/cersyve",
  "stdout_tail": "ut shape: [1, 4]\nINFO:act.front_end.vnnlib_loader.data_model_loader:  \u2713 Input shape: (1, 4)\nINFO:act.front_end.vnnlib_loader.data_model_loader:[3/3] Parsing VNNLIB specification...\nINFO:act.front_end.vnnlib_loader.vnnlib_parser:Parsed VNNLIB: 4 inputs, 2 outputs, type=unknown\nINFO:act.front_end.vnnlib_loader.data_model_loader:  \u2713 Parsed VNNLIB: 4 inputs, 2 outputs\nINFO:act.front_end.vnnlib_loader.data_model_loader:Successfully loaded VNNLIB instance from 'cersyve'\nINFO:act.front_end.vnnlib_loader.vnnlib_parser:Parsed prop_lane_keep.vnnlib: 1 query(ies)\n[ACT] Using existing Gurobi license: ../ACT/modules/gurobi/gurobi.lic\n\u2705 Device Manager Initialized: device=cpu, dtype=torch.float64\n\n================================================================================\nACT: Abstract Constraint Transformer\nInference-based whitebox fuzzing for neural network verification\n================================================================================\n\n\n================================================================================\nVERIFICATION TEST: VNNLIB \u2192 VerifiableModel \u2192 verify_once\n================================================================================\n\n[vnnlib] category=cersyve max_instances=1 mode=hybridz (full TOP1_ROBUST via labeled_tensor collapse; device=cpu, timeout=30.0s)\n  [  1/1] cersyve/onnx/lane_keep_pretrain_inv.onnx@vnnlib/prop_lane_keep.vnnlib: UNKNOWN (0.2s)  V=0 A=0 U=1 E=0  R=0\n\n[vnnlib/hybridz] FINAL \u2014 total=1 wall=0.0 min\n  UNKNOWN      1\n  [structured] per-instance log \u2192 /data1/Kane/ACT/audit_results/r93_rerun_20260525T083118Z/overnight_cpu_round2_20260525T225241Z/cersyve/per_instance_cersyve_20260526T005558491096Z.json\n\n================================================================================\nVERIFICATION TEST SUMMARY\n================================================================================\n  \u2705 vnnlib                    PASSED\n================================================================================\n\n"
}
{
  "benchmark": "cersyve",
  "instance_id": 2,
  "status": "OK",
  "cli_normalized": "OK",
  "wall_s": 3.0025682989507914,
  "peak_rss_mb": 842.85546875,
  "returncode": 0,
  "per_instance_json": "/data1/Kane/ACT/audit_results/r93_rerun_20260525T083118Z/overnight_cpu_round2_20260525T225241Z/cersyve/per_instance_cersyve_20260526T005601442081Z.json",
  "out_dir": "/data1/Kane/ACT/audit_results/r93_rerun_20260525T083118Z/overnight_cpu_round2_20260525T225241Z/cersyve",
  "stdout_tail": "ut shape: [1, 4]\nINFO:act.front_end.vnnlib_loader.data_model_loader:  \u2713 Input shape: (1, 4)\nINFO:act.front_end.vnnlib_loader.data_model_loader:[3/3] Parsing VNNLIB specification...\nINFO:act.front_end.vnnlib_loader.vnnlib_parser:Parsed VNNLIB: 4 inputs, 2 outputs, type=unknown\nINFO:act.front_end.vnnlib_loader.data_model_loader:  \u2713 Parsed VNNLIB: 4 inputs, 2 outputs\nINFO:act.front_end.vnnlib_loader.data_model_loader:Successfully loaded VNNLIB instance from 'cersyve'\nINFO:act.front_end.vnnlib_loader.vnnlib_parser:Parsed prop_lane_keep.vnnlib: 1 query(ies)\n[ACT] Using existing Gurobi license: ../ACT/modules/gurobi/gurobi.lic\n\u2705 Device Manager Initialized: device=cpu, dtype=torch.float64\n\n================================================================================\nACT: Abstract Constraint Transformer\nInference-based whitebox fuzzing for neural network verification\n================================================================================\n\n\n================================================================================\nVERIFICATION TEST: VNNLIB \u2192 VerifiableModel \u2192 verify_once\n================================================================================\n\n[vnnlib] category=cersyve max_instances=1 mode=hybridz (full TOP1_ROBUST via labeled_tensor collapse; device=cpu, timeout=30.0s)\n  [  1/1] cersyve/onnx/lane_keep_finetune_con.onnx@vnnlib/prop_lane_keep.vnnlib: UNKNOWN (0.1s)  V=0 A=0 U=1 E=0  R=0\n\n[vnnlib/hybridz] FINAL \u2014 total=1 wall=0.0 min\n  UNKNOWN      1\n  [structured] per-instance log \u2192 /data1/Kane/ACT/audit_results/r93_rerun_20260525T083118Z/overnight_cpu_round2_20260525T225241Z/cersyve/per_instance_cersyve_20260526T005601442081Z.json\n\n================================================================================\nVERIFICATION TEST SUMMARY\n================================================================================\n  \u2705 vnnlib                    PASSED\n================================================================================\n\n"
}
{
  "benchmark": "cersyve",
  "instance_id": 3,
  "status": "OK",
  "cli_normalized": "OK",
  "wall_s": 3.0027399871032685,
  "peak_rss_mb": 853.3984375,
  "returncode": 0,
  "per_instance_json": "/data1/Kane/ACT/audit_results/r93_rerun_20260525T083118Z/overnight_cpu_round2_20260525T225241Z/cersyve/per_instance_cersyve_20260526T005604486513Z.json",
  "out_dir": "/data1/Kane/ACT/audit_results/r93_rerun_20260525T083118Z/overnight_cpu_round2_20260525T225241Z/cersyve",
  "stdout_tail": "ut shape: [1, 4]\nINFO:act.front_end.vnnlib_loader.data_model_loader:  \u2713 Input shape: (1, 4)\nINFO:act.front_end.vnnlib_loader.data_model_loader:[3/3] Parsing VNNLIB specification...\nINFO:act.front_end.vnnlib_loader.vnnlib_parser:Parsed VNNLIB: 4 inputs, 2 outputs, type=unknown\nINFO:act.front_end.vnnlib_loader.data_model_loader:  \u2713 Parsed VNNLIB: 4 inputs, 2 outputs\nINFO:act.front_end.vnnlib_loader.data_model_loader:Successfully loaded VNNLIB instance from 'cersyve'\nINFO:act.front_end.vnnlib_loader.vnnlib_parser:Parsed prop_lane_keep.vnnlib: 1 query(ies)\n[ACT] Using existing Gurobi license: ../ACT/modules/gurobi/gurobi.lic\n\u2705 Device Manager Initialized: device=cpu, dtype=torch.float64\n\n================================================================================\nACT: Abstract Constraint Transformer\nInference-based whitebox fuzzing for neural network verification\n================================================================================\n\n\n================================================================================\nVERIFICATION TEST: VNNLIB \u2192 VerifiableModel \u2192 verify_once\n================================================================================\n\n[vnnlib] category=cersyve max_instances=1 mode=hybridz (full TOP1_ROBUST via labeled_tensor collapse; device=cpu, timeout=30.0s)\n  [  1/1] cersyve/onnx/lane_keep_finetune_inv.onnx@vnnlib/prop_lane_keep.vnnlib: UNKNOWN (0.2s)  V=0 A=0 U=1 E=0  R=0\n\n[vnnlib/hybridz] FINAL \u2014 total=1 wall=0.0 min\n  UNKNOWN      1\n  [structured] per-instance log \u2192 /data1/Kane/ACT/audit_results/r93_rerun_20260525T083118Z/overnight_cpu_round2_20260525T225241Z/cersyve/per_instance_cersyve_20260526T005604486513Z.json\n\n================================================================================\nVERIFICATION TEST SUMMARY\n================================================================================\n  \u2705 vnnlib                    PASSED\n================================================================================\n\n"
}
{
  "benchmark": "cersyve",
  "instance_id": 4,
  "status": "OK",
  "cli_normalized": "OK",
  "wall_s": 3.5026437510969117,
  "peak_rss_mb": 833.40234375,
  "returncode": 0,
  "per_instance_json": "/data1/Kane/ACT/audit_results/r93_rerun_20260525T083118Z/overnight_cpu_round2_20260525T225241Z/cersyve/per_instance_cersyve_20260526T005607789308Z.json",
  "out_dir": "/data1/Kane/ACT/audit_results/r93_rerun_20260525T083118Z/overnight_cpu_round2_20260525T225241Z/cersyve",
  "stdout_tail": "input shape: [1, 2]\nINFO:act.front_end.vnnlib_loader.data_model_loader:  \u2713 Input shape: (1, 2)\nINFO:act.front_end.vnnlib_loader.data_model_loader:[3/3] Parsing VNNLIB specification...\nINFO:act.front_end.vnnlib_loader.vnnlib_parser:Parsed VNNLIB: 2 inputs, 2 outputs, type=unknown\nINFO:act.front_end.vnnlib_loader.data_model_loader:  \u2713 Parsed VNNLIB: 2 inputs, 2 outputs\nINFO:act.front_end.vnnlib_loader.data_model_loader:Successfully loaded VNNLIB instance from 'cersyve'\nINFO:act.front_end.vnnlib_loader.vnnlib_parser:Parsed prop_pendulum.vnnlib: 1 query(ies)\n[ACT] Using existing Gurobi license: ../ACT/modules/gurobi/gurobi.lic\n\u2705 Device Manager Initialized: device=cpu, dtype=torch.float64\n\n================================================================================\nACT: Abstract Constraint Transformer\nInference-based whitebox fuzzing for neural network verification\n================================================================================\n\n\n================================================================================\nVERIFICATION TEST: VNNLIB \u2192 VerifiableModel \u2192 verify_once\n================================================================================\n\n[vnnlib] category=cersyve max_instances=1 mode=hybridz (full TOP1_ROBUST via labeled_tensor collapse; device=cpu, timeout=30.0s)\n  [  1/1] cersyve/onnx/pendulum_pretrain_con.onnx@vnnlib/prop_pendulum.vnnlib: UNKNOWN (0.5s)  V=0 A=0 U=1 E=0  R=0\n\n[vnnlib/hybridz] FINAL \u2014 total=1 wall=0.0 min\n  UNKNOWN      1\n  [structured] per-instance log \u2192 /data1/Kane/ACT/audit_results/r93_rerun_20260525T083118Z/overnight_cpu_round2_20260525T225241Z/cersyve/per_instance_cersyve_20260526T005607789308Z.json\n\n================================================================================\nVERIFICATION TEST SUMMARY\n================================================================================\n  \u2705 vnnlib                    PASSED\n================================================================================\n\n"
}
{
  "benchmark": "cersyve",
  "instance_id": 5,
  "status": "OK",
  "cli_normalized": "OK",
  "wall_s": 3.0030913329683244,
  "peak_rss_mb": 857.3515625,
  "returncode": 0,
  "per_instance_json": "/data1/Kane/ACT/audit_results/r93_rerun_20260525T083118Z/overnight_cpu_round2_20260525T225241Z/cersyve/per_instance_cersyve_20260526T005610997094Z.json",
  "out_dir": "/data1/Kane/ACT/audit_results/r93_rerun_20260525T083118Z/overnight_cpu_round2_20260525T225241Z/cersyve",
  "stdout_tail": "input shape: [1, 2]\nINFO:act.front_end.vnnlib_loader.data_model_loader:  \u2713 Input shape: (1, 2)\nINFO:act.front_end.vnnlib_loader.data_model_loader:[3/3] Parsing VNNLIB specification...\nINFO:act.front_end.vnnlib_loader.vnnlib_parser:Parsed VNNLIB: 2 inputs, 2 outputs, type=unknown\nINFO:act.front_end.vnnlib_loader.data_model_loader:  \u2713 Parsed VNNLIB: 2 inputs, 2 outputs\nINFO:act.front_end.vnnlib_loader.data_model_loader:Successfully loaded VNNLIB instance from 'cersyve'\nINFO:act.front_end.vnnlib_loader.vnnlib_parser:Parsed prop_pendulum.vnnlib: 1 query(ies)\n[ACT] Using existing Gurobi license: ../ACT/modules/gurobi/gurobi.lic\n\u2705 Device Manager Initialized: device=cpu, dtype=torch.float64\n\n================================================================================\nACT: Abstract Constraint Transformer\nInference-based whitebox fuzzing for neural network verification\n================================================================================\n\n\n================================================================================\nVERIFICATION TEST: VNNLIB \u2192 VerifiableModel \u2192 verify_once\n================================================================================\n\n[vnnlib] category=cersyve max_instances=1 mode=hybridz (full TOP1_ROBUST via labeled_tensor collapse; device=cpu, timeout=30.0s)\n  [  1/1] cersyve/onnx/pendulum_pretrain_inv.onnx@vnnlib/prop_pendulum.vnnlib: UNKNOWN (0.2s)  V=0 A=0 U=1 E=0  R=0\n\n[vnnlib/hybridz] FINAL \u2014 total=1 wall=0.0 min\n  UNKNOWN      1\n  [structured] per-instance log \u2192 /data1/Kane/ACT/audit_results/r93_rerun_20260525T083118Z/overnight_cpu_round2_20260525T225241Z/cersyve/per_instance_cersyve_20260526T005610997094Z.json\n\n================================================================================\nVERIFICATION TEST SUMMARY\n================================================================================\n  \u2705 vnnlib                    PASSED\n================================================================================\n\n"
}
{
  "benchmark": "cersyve",
  "instance_id": 6,
  "status": "OK",
  "cli_normalized": "OK",
  "wall_s": 3.5031936509767547,
  "peak_rss_mb": 833.4609375,
  "returncode": 0,
  "per_instance_json": "/data1/Kane/ACT/audit_results/r93_rerun_20260525T083118Z/overnight_cpu_round2_20260525T225241Z/cersyve/per_instance_cersyve_20260526T005614254612Z.json",
  "out_dir": "/data1/Kane/ACT/audit_results/r93_rerun_20260525T083118Z/overnight_cpu_round2_20260525T225241Z/cersyve",
  "stdout_tail": "input shape: [1, 2]\nINFO:act.front_end.vnnlib_loader.data_model_loader:  \u2713 Input shape: (1, 2)\nINFO:act.front_end.vnnlib_loader.data_model_loader:[3/3] Parsing VNNLIB specification...\nINFO:act.front_end.vnnlib_loader.vnnlib_parser:Parsed VNNLIB: 2 inputs, 2 outputs, type=unknown\nINFO:act.front_end.vnnlib_loader.data_model_loader:  \u2713 Parsed VNNLIB: 2 inputs, 2 outputs\nINFO:act.front_end.vnnlib_loader.data_model_loader:Successfully loaded VNNLIB instance from 'cersyve'\nINFO:act.front_end.vnnlib_loader.vnnlib_parser:Parsed prop_pendulum.vnnlib: 1 query(ies)\n[ACT] Using existing Gurobi license: ../ACT/modules/gurobi/gurobi.lic\n\u2705 Device Manager Initialized: device=cpu, dtype=torch.float64\n\n================================================================================\nACT: Abstract Constraint Transformer\nInference-based whitebox fuzzing for neural network verification\n================================================================================\n\n\n================================================================================\nVERIFICATION TEST: VNNLIB \u2192 VerifiableModel \u2192 verify_once\n================================================================================\n\n[vnnlib] category=cersyve max_instances=1 mode=hybridz (full TOP1_ROBUST via labeled_tensor collapse; device=cpu, timeout=30.0s)\n  [  1/1] cersyve/onnx/pendulum_finetune_con.onnx@vnnlib/prop_pendulum.vnnlib: UNKNOWN (0.4s)  V=0 A=0 U=1 E=0  R=0\n\n[vnnlib/hybridz] FINAL \u2014 total=1 wall=0.0 min\n  UNKNOWN      1\n  [structured] per-instance log \u2192 /data1/Kane/ACT/audit_results/r93_rerun_20260525T083118Z/overnight_cpu_round2_20260525T225241Z/cersyve/per_instance_cersyve_20260526T005614254612Z.json\n\n================================================================================\nVERIFICATION TEST SUMMARY\n================================================================================\n  \u2705 vnnlib                    PASSED\n================================================================================\n\n"
}
{
  "benchmark": "cersyve",
  "instance_id": 7,
  "status": "OK",
  "cli_normalized": "OK",
  "wall_s": 3.002461752970703,
  "peak_rss_mb": 850.49609375,
  "returncode": 0,
  "per_instance_json": "/data1/Kane/ACT/audit_results/r93_rerun_20260525T083118Z/overnight_cpu_round2_20260525T225241Z/cersyve/per_instance_cersyve_20260526T005617570726Z.json",
  "out_dir": "/data1/Kane/ACT/audit_results/r93_rerun_20260525T083118Z/overnight_cpu_round2_20260525T225241Z/cersyve",
  "stdout_tail": "input shape: [1, 2]\nINFO:act.front_end.vnnlib_loader.data_model_loader:  \u2713 Input shape: (1, 2)\nINFO:act.front_end.vnnlib_loader.data_model_loader:[3/3] Parsing VNNLIB specification...\nINFO:act.front_end.vnnlib_loader.vnnlib_parser:Parsed VNNLIB: 2 inputs, 2 outputs, type=unknown\nINFO:act.front_end.vnnlib_loader.data_model_loader:  \u2713 Parsed VNNLIB: 2 inputs, 2 outputs\nINFO:act.front_end.vnnlib_loader.data_model_loader:Successfully loaded VNNLIB instance from 'cersyve'\nINFO:act.front_end.vnnlib_loader.vnnlib_parser:Parsed prop_pendulum.vnnlib: 1 query(ies)\n[ACT] Using existing Gurobi license: ../ACT/modules/gurobi/gurobi.lic\n\u2705 Device Manager Initialized: device=cpu, dtype=torch.float64\n\n================================================================================\nACT: Abstract Constraint Transformer\nInference-based whitebox fuzzing for neural network verification\n================================================================================\n\n\n================================================================================\nVERIFICATION TEST: VNNLIB \u2192 VerifiableModel \u2192 verify_once\n================================================================================\n\n[vnnlib] category=cersyve max_instances=1 mode=hybridz (full TOP1_ROBUST via labeled_tensor collapse; device=cpu, timeout=30.0s)\n  [  1/1] cersyve/onnx/pendulum_finetune_inv.onnx@vnnlib/prop_pendulum.vnnlib: UNKNOWN (0.2s)  V=0 A=0 U=1 E=0  R=0\n\n[vnnlib/hybridz] FINAL \u2014 total=1 wall=0.0 min\n  UNKNOWN      1\n  [structured] per-instance log \u2192 /data1/Kane/ACT/audit_results/r93_rerun_20260525T083118Z/overnight_cpu_round2_20260525T225241Z/cersyve/per_instance_cersyve_20260526T005617570726Z.json\n\n================================================================================\nVERIFICATION TEST SUMMARY\n================================================================================\n  \u2705 vnnlib                    PASSED\n================================================================================\n\n"
}
{
  "benchmark": "cersyve",
  "instance_id": 8,
  "status": "OK",
  "cli_normalized": "OK",
  "wall_s": 3.0025538919726387,
  "peak_rss_mb": 840.79296875,
  "returncode": 0,
  "per_instance_json": "/data1/Kane/ACT/audit_results/r93_rerun_20260525T083118Z/overnight_cpu_round2_20260525T225241Z/cersyve/per_instance_cersyve_20260526T005620476085Z.json",
  "out_dir": "/data1/Kane/ACT/audit_results/r93_rerun_20260525T083118Z/overnight_cpu_round2_20260525T225241Z/cersyve",
  "stdout_tail": "shape: [1, 4]\nINFO:act.front_end.vnnlib_loader.data_model_loader:  \u2713 Input shape: (1, 4)\nINFO:act.front_end.vnnlib_loader.data_model_loader:[3/3] Parsing VNNLIB specification...\nINFO:act.front_end.vnnlib_loader.vnnlib_parser:Parsed VNNLIB: 4 inputs, 2 outputs, type=unknown\nINFO:act.front_end.vnnlib_loader.data_model_loader:  \u2713 Parsed VNNLIB: 4 inputs, 2 outputs\nINFO:act.front_end.vnnlib_loader.data_model_loader:Successfully loaded VNNLIB instance from 'cersyve'\nINFO:act.front_end.vnnlib_loader.vnnlib_parser:Parsed prop_point_mass.vnnlib: 1 query(ies)\n[ACT] Using existing Gurobi license: ../ACT/modules/gurobi/gurobi.lic\n\u2705 Device Manager Initialized: device=cpu, dtype=torch.float64\n\n================================================================================\nACT: Abstract Constraint Transformer\nInference-based whitebox fuzzing for neural network verification\n================================================================================\n\n\n================================================================================\nVERIFICATION TEST: VNNLIB \u2192 VerifiableModel \u2192 verify_once\n================================================================================\n\n[vnnlib] category=cersyve max_instances=1 mode=hybridz (full TOP1_ROBUST via labeled_tensor collapse; device=cpu, timeout=30.0s)\n  [  1/1] cersyve/onnx/point_mass_pretrain_con.onnx@vnnlib/prop_point_mass.vnnlib: UNKNOWN (0.1s)  V=0 A=0 U=1 E=0  R=0\n\n[vnnlib/hybridz] FINAL \u2014 total=1 wall=0.0 min\n  UNKNOWN      1\n  [structured] per-instance log \u2192 /data1/Kane/ACT/audit_results/r93_rerun_20260525T083118Z/overnight_cpu_round2_20260525T225241Z/cersyve/per_instance_cersyve_20260526T005620476085Z.json\n\n================================================================================\nVERIFICATION TEST SUMMARY\n================================================================================\n  \u2705 vnnlib                    PASSED\n================================================================================\n\n"
}
{
  "benchmark": "cersyve",
  "instance_id": 9,
  "status": "OK",
  "cli_normalized": "OK",
  "wall_s": 3.002597172977403,
  "peak_rss_mb": 854.765625,
  "returncode": 0,
  "per_instance_json": "/data1/Kane/ACT/audit_results/r93_rerun_20260525T083118Z/overnight_cpu_round2_20260525T225241Z/cersyve/per_instance_cersyve_20260526T005623574174Z.json",
  "out_dir": "/data1/Kane/ACT/audit_results/r93_rerun_20260525T083118Z/overnight_cpu_round2_20260525T225241Z/cersyve",
  "stdout_tail": "shape: [1, 4]\nINFO:act.front_end.vnnlib_loader.data_model_loader:  \u2713 Input shape: (1, 4)\nINFO:act.front_end.vnnlib_loader.data_model_loader:[3/3] Parsing VNNLIB specification...\nINFO:act.front_end.vnnlib_loader.vnnlib_parser:Parsed VNNLIB: 4 inputs, 2 outputs, type=unknown\nINFO:act.front_end.vnnlib_loader.data_model_loader:  \u2713 Parsed VNNLIB: 4 inputs, 2 outputs\nINFO:act.front_end.vnnlib_loader.data_model_loader:Successfully loaded VNNLIB instance from 'cersyve'\nINFO:act.front_end.vnnlib_loader.vnnlib_parser:Parsed prop_point_mass.vnnlib: 1 query(ies)\n[ACT] Using existing Gurobi license: ../ACT/modules/gurobi/gurobi.lic\n\u2705 Device Manager Initialized: device=cpu, dtype=torch.float64\n\n================================================================================\nACT: Abstract Constraint Transformer\nInference-based whitebox fuzzing for neural network verification\n================================================================================\n\n\n================================================================================\nVERIFICATION TEST: VNNLIB \u2192 VerifiableModel \u2192 verify_once\n================================================================================\n\n[vnnlib] category=cersyve max_instances=1 mode=hybridz (full TOP1_ROBUST via labeled_tensor collapse; device=cpu, timeout=30.0s)\n  [  1/1] cersyve/onnx/point_mass_pretrain_inv.onnx@vnnlib/prop_point_mass.vnnlib: UNKNOWN (0.2s)  V=0 A=0 U=1 E=0  R=0\n\n[vnnlib/hybridz] FINAL \u2014 total=1 wall=0.0 min\n  UNKNOWN      1\n  [structured] per-instance log \u2192 /data1/Kane/ACT/audit_results/r93_rerun_20260525T083118Z/overnight_cpu_round2_20260525T225241Z/cersyve/per_instance_cersyve_20260526T005623574174Z.json\n\n================================================================================\nVERIFICATION TEST SUMMARY\n================================================================================\n  \u2705 vnnlib                    PASSED\n================================================================================\n\n"
}
{
  "benchmark": "cersyve",
  "instance_id": 10,
  "status": "OK",
  "cli_normalized": "OK",
  "wall_s": 3.0029850809369236,
  "peak_rss_mb": 840.96484375,
  "returncode": 0,
  "per_instance_json": "/data1/Kane/ACT/audit_results/r93_rerun_20260525T083118Z/overnight_cpu_round2_20260525T225241Z/cersyve/per_instance_cersyve_20260526T005626420923Z.json",
  "out_dir": "/data1/Kane/ACT/audit_results/r93_rerun_20260525T083118Z/overnight_cpu_round2_20260525T225241Z/cersyve",
  "stdout_tail": "shape: [1, 4]\nINFO:act.front_end.vnnlib_loader.data_model_loader:  \u2713 Input shape: (1, 4)\nINFO:act.front_end.vnnlib_loader.data_model_loader:[3/3] Parsing VNNLIB specification...\nINFO:act.front_end.vnnlib_loader.vnnlib_parser:Parsed VNNLIB: 4 inputs, 2 outputs, type=unknown\nINFO:act.front_end.vnnlib_loader.data_model_loader:  \u2713 Parsed VNNLIB: 4 inputs, 2 outputs\nINFO:act.front_end.vnnlib_loader.data_model_loader:Successfully loaded VNNLIB instance from 'cersyve'\nINFO:act.front_end.vnnlib_loader.vnnlib_parser:Parsed prop_point_mass.vnnlib: 1 query(ies)\n[ACT] Using existing Gurobi license: ../ACT/modules/gurobi/gurobi.lic\n\u2705 Device Manager Initialized: device=cpu, dtype=torch.float64\n\n================================================================================\nACT: Abstract Constraint Transformer\nInference-based whitebox fuzzing for neural network verification\n================================================================================\n\n\n================================================================================\nVERIFICATION TEST: VNNLIB \u2192 VerifiableModel \u2192 verify_once\n================================================================================\n\n[vnnlib] category=cersyve max_instances=1 mode=hybridz (full TOP1_ROBUST via labeled_tensor collapse; device=cpu, timeout=30.0s)\n  [  1/1] cersyve/onnx/point_mass_finetune_con.onnx@vnnlib/prop_point_mass.vnnlib: UNKNOWN (0.1s)  V=0 A=0 U=1 E=0  R=0\n\n[vnnlib/hybridz] FINAL \u2014 total=1 wall=0.0 min\n  UNKNOWN      1\n  [structured] per-instance log \u2192 /data1/Kane/ACT/audit_results/r93_rerun_20260525T083118Z/overnight_cpu_round2_20260525T225241Z/cersyve/per_instance_cersyve_20260526T005626420923Z.json\n\n================================================================================\nVERIFICATION TEST SUMMARY\n================================================================================\n  \u2705 vnnlib                    PASSED\n================================================================================\n\n"
}
{
  "benchmark": "cersyve",
  "instance_id": 11,
  "status": "OK",
  "cli_normalized": "OK",
  "wall_s": 3.0026422300143167,
  "peak_rss_mb": 855.6875,
  "returncode": 0,
  "per_instance_json": "/data1/Kane/ACT/audit_results/r93_rerun_20260525T083118Z/overnight_cpu_round2_20260525T225241Z/cersyve/per_instance_cersyve_20260526T005629541900Z.json",
  "out_dir": "/data1/Kane/ACT/audit_results/r93_rerun_20260525T083118Z/overnight_cpu_round2_20260525T225241Z/cersyve",
  "stdout_tail": "shape: [1, 4]\nINFO:act.front_end.vnnlib_loader.data_model_loader:  \u2713 Input shape: (1, 4)\nINFO:act.front_end.vnnlib_loader.data_model_loader:[3/3] Parsing VNNLIB specification...\nINFO:act.front_end.vnnlib_loader.vnnlib_parser:Parsed VNNLIB: 4 inputs, 2 outputs, type=unknown\nINFO:act.front_end.vnnlib_loader.data_model_loader:  \u2713 Parsed VNNLIB: 4 inputs, 2 outputs\nINFO:act.front_end.vnnlib_loader.data_model_loader:Successfully loaded VNNLIB instance from 'cersyve'\nINFO:act.front_end.vnnlib_loader.vnnlib_parser:Parsed prop_point_mass.vnnlib: 1 query(ies)\n[ACT] Using existing Gurobi license: ../ACT/modules/gurobi/gurobi.lic\n\u2705 Device Manager Initialized: device=cpu, dtype=torch.float64\n\n================================================================================\nACT: Abstract Constraint Transformer\nInference-based whitebox fuzzing for neural network verification\n================================================================================\n\n\n================================================================================\nVERIFICATION TEST: VNNLIB \u2192 VerifiableModel \u2192 verify_once\n================================================================================\n\n[vnnlib] category=cersyve max_instances=1 mode=hybridz (full TOP1_ROBUST via labeled_tensor collapse; device=cpu, timeout=30.0s)\n  [  1/1] cersyve/onnx/point_mass_finetune_inv.onnx@vnnlib/prop_point_mass.vnnlib: UNKNOWN (0.2s)  V=0 A=0 U=1 E=0  R=0\n\n[vnnlib/hybridz] FINAL \u2014 total=1 wall=0.0 min\n  UNKNOWN      1\n  [structured] per-instance log \u2192 /data1/Kane/ACT/audit_results/r93_rerun_20260525T083118Z/overnight_cpu_round2_20260525T225241Z/cersyve/per_instance_cersyve_20260526T005629541900Z.json\n\n================================================================================\nVERIFICATION TEST SUMMARY\n================================================================================\n  \u2705 vnnlib                    PASSED\n================================================================================\n\n"
}
[watchdog] summary written: /data1/Kane/ACT/audit_results/r93_rerun_20260525T083118Z/overnight_cpu_round2_20260525T225241Z/cersyve/watchdog_summary.json
