[ACT] Auto-detecting project root: .
[ACT] Gurobi license found: modules/gurobi/gurobi.lic
{
  "benchmark": "nn4sys",
  "instance_id": 70,
  "status": "OK",
  "cli_normalized": "OK",
  "wall_s": 3.002384533989243,
  "peak_rss_mb": 1214.2734375,
  "returncode": 0,
  "per_instance_json": "/data1/Kane/ACT/audit_results/nn4sys_pensieve70_84_20260530T070700Z/per_instance_nn4sys_20260530T070704310808Z.json",
  "out_dir": "/data1/Kane/ACT/audit_results/nn4sys_pensieve70_84_20260530T070700Z",
  "stdout_tail": " assumes batch=1. Results may be incorrect.\nINFO:act.front_end.vnnlib_loader.data_model_loader:  \u2713 Input shape: (12, 8)\nINFO:act.front_end.vnnlib_loader.data_model_loader:[3/3] Parsing VNNLIB specification...\nINFO:act.front_end.vnnlib_loader.vnnlib_parser:Parsed VNNLIB: 96 inputs, 1 outputs, type=safety\nINFO:act.front_end.vnnlib_loader.data_model_loader:  \u2713 Parsed VNNLIB: 96 inputs, 1 outputs\nINFO:act.front_end.vnnlib_loader.data_model_loader:Successfully loaded VNNLIB instance from 'nn4sys'\nINFO:act.front_end.vnnlib_loader.vnnlib_parser:Parsed pensieve_parallel_70.vnnlib: 1 query(ies)\n[ACT] Using existing Gurobi license: modules/gurobi/gurobi.lic\n\u2705 Device Manager Initialized: device=cuda:0, dtype=torch.float64\n\n================================================================================\nACT: Abstract Constraint Transformer\nInference-based whitebox fuzzing for neural network verification\n================================================================================\n\n\n================================================================================\nVERIFICATION TEST: VNNLIB \u2192 VerifiableModel \u2192 verify_once\n================================================================================\n\n[vnnlib] category=nn4sys max_instances=1 mode=hybridz (full TOP1_ROBUST via labeled_tensor collapse; device=cuda, timeout=90.0s)\n  [  1/1] nn4sys/onnx/pensieve_big_parallel.onnx@vnnlib/pensieve_parallel_70.vnnlib: CERTIFIED (0.4s)  V=1 A=0 U=0 E=0  R=0\n\n[vnnlib/hybridz] FINAL \u2014 total=1 wall=0.0 min\n  CERTIFIED    1\n  [structured] per-instance log \u2192 /data1/Kane/ACT/audit_results/nn4sys_pensieve70_84_20260530T070700Z/per_instance_nn4sys_20260530T070704310808Z.json\n\n================================================================================\nVERIFICATION TEST SUMMARY\n================================================================================\n  \u2705 vnnlib                    PASSED\n================================================================================\n\n"
}
{
  "benchmark": "nn4sys",
  "instance_id": 71,
  "status": "OK",
  "cli_normalized": "OK",
  "wall_s": 3.0021226129028946,
  "peak_rss_mb": 1214.3671875,
  "returncode": 0,
  "per_instance_json": "/data1/Kane/ACT/audit_results/nn4sys_pensieve70_84_20260530T070700Z/per_instance_nn4sys_20260530T070707307394Z.json",
  "out_dir": "/data1/Kane/ACT/audit_results/nn4sys_pensieve70_84_20260530T070700Z",
  "stdout_tail": " assumes batch=1. Results may be incorrect.\nINFO:act.front_end.vnnlib_loader.data_model_loader:  \u2713 Input shape: (12, 8)\nINFO:act.front_end.vnnlib_loader.data_model_loader:[3/3] Parsing VNNLIB specification...\nINFO:act.front_end.vnnlib_loader.vnnlib_parser:Parsed VNNLIB: 96 inputs, 1 outputs, type=safety\nINFO:act.front_end.vnnlib_loader.data_model_loader:  \u2713 Parsed VNNLIB: 96 inputs, 1 outputs\nINFO:act.front_end.vnnlib_loader.data_model_loader:Successfully loaded VNNLIB instance from 'nn4sys'\nINFO:act.front_end.vnnlib_loader.vnnlib_parser:Parsed pensieve_parallel_71.vnnlib: 1 query(ies)\n[ACT] Using existing Gurobi license: modules/gurobi/gurobi.lic\n\u2705 Device Manager Initialized: device=cuda:0, dtype=torch.float64\n\n================================================================================\nACT: Abstract Constraint Transformer\nInference-based whitebox fuzzing for neural network verification\n================================================================================\n\n\n================================================================================\nVERIFICATION TEST: VNNLIB \u2192 VerifiableModel \u2192 verify_once\n================================================================================\n\n[vnnlib] category=nn4sys max_instances=1 mode=hybridz (full TOP1_ROBUST via labeled_tensor collapse; device=cuda, timeout=90.0s)\n  [  1/1] nn4sys/onnx/pensieve_big_parallel.onnx@vnnlib/pensieve_parallel_71.vnnlib: CERTIFIED (0.4s)  V=1 A=0 U=0 E=0  R=0\n\n[vnnlib/hybridz] FINAL \u2014 total=1 wall=0.0 min\n  CERTIFIED    1\n  [structured] per-instance log \u2192 /data1/Kane/ACT/audit_results/nn4sys_pensieve70_84_20260530T070700Z/per_instance_nn4sys_20260530T070707307394Z.json\n\n================================================================================\nVERIFICATION TEST SUMMARY\n================================================================================\n  \u2705 vnnlib                    PASSED\n================================================================================\n\n"
}
{
  "benchmark": "nn4sys",
  "instance_id": 72,
  "status": "OK",
  "cli_normalized": "OK",
  "wall_s": 3.002123477985151,
  "peak_rss_mb": 1214.23046875,
  "returncode": 0,
  "per_instance_json": "/data1/Kane/ACT/audit_results/nn4sys_pensieve70_84_20260530T070700Z/per_instance_nn4sys_20260530T070710295267Z.json",
  "out_dir": "/data1/Kane/ACT/audit_results/nn4sys_pensieve70_84_20260530T070700Z",
  "stdout_tail": " assumes batch=1. Results may be incorrect.\nINFO:act.front_end.vnnlib_loader.data_model_loader:  \u2713 Input shape: (12, 8)\nINFO:act.front_end.vnnlib_loader.data_model_loader:[3/3] Parsing VNNLIB specification...\nINFO:act.front_end.vnnlib_loader.vnnlib_parser:Parsed VNNLIB: 96 inputs, 1 outputs, type=safety\nINFO:act.front_end.vnnlib_loader.data_model_loader:  \u2713 Parsed VNNLIB: 96 inputs, 1 outputs\nINFO:act.front_end.vnnlib_loader.data_model_loader:Successfully loaded VNNLIB instance from 'nn4sys'\nINFO:act.front_end.vnnlib_loader.vnnlib_parser:Parsed pensieve_parallel_72.vnnlib: 1 query(ies)\n[ACT] Using existing Gurobi license: modules/gurobi/gurobi.lic\n\u2705 Device Manager Initialized: device=cuda:0, dtype=torch.float64\n\n================================================================================\nACT: Abstract Constraint Transformer\nInference-based whitebox fuzzing for neural network verification\n================================================================================\n\n\n================================================================================\nVERIFICATION TEST: VNNLIB \u2192 VerifiableModel \u2192 verify_once\n================================================================================\n\n[vnnlib] category=nn4sys max_instances=1 mode=hybridz (full TOP1_ROBUST via labeled_tensor collapse; device=cuda, timeout=90.0s)\n  [  1/1] nn4sys/onnx/pensieve_big_parallel.onnx@vnnlib/pensieve_parallel_72.vnnlib: CERTIFIED (0.4s)  V=1 A=0 U=0 E=0  R=0\n\n[vnnlib/hybridz] FINAL \u2014 total=1 wall=0.0 min\n  CERTIFIED    1\n  [structured] per-instance log \u2192 /data1/Kane/ACT/audit_results/nn4sys_pensieve70_84_20260530T070700Z/per_instance_nn4sys_20260530T070710295267Z.json\n\n================================================================================\nVERIFICATION TEST SUMMARY\n================================================================================\n  \u2705 vnnlib                    PASSED\n================================================================================\n\n"
}
{
  "benchmark": "nn4sys",
  "instance_id": 73,
  "status": "OK",
  "cli_normalized": "OK",
  "wall_s": 3.0020793569274247,
  "peak_rss_mb": 1214.05078125,
  "returncode": 0,
  "per_instance_json": "/data1/Kane/ACT/audit_results/nn4sys_pensieve70_84_20260530T070700Z/per_instance_nn4sys_20260530T070713300470Z.json",
  "out_dir": "/data1/Kane/ACT/audit_results/nn4sys_pensieve70_84_20260530T070700Z",
  "stdout_tail": " assumes batch=1. Results may be incorrect.\nINFO:act.front_end.vnnlib_loader.data_model_loader:  \u2713 Input shape: (12, 8)\nINFO:act.front_end.vnnlib_loader.data_model_loader:[3/3] Parsing VNNLIB specification...\nINFO:act.front_end.vnnlib_loader.vnnlib_parser:Parsed VNNLIB: 96 inputs, 1 outputs, type=safety\nINFO:act.front_end.vnnlib_loader.data_model_loader:  \u2713 Parsed VNNLIB: 96 inputs, 1 outputs\nINFO:act.front_end.vnnlib_loader.data_model_loader:Successfully loaded VNNLIB instance from 'nn4sys'\nINFO:act.front_end.vnnlib_loader.vnnlib_parser:Parsed pensieve_parallel_73.vnnlib: 1 query(ies)\n[ACT] Using existing Gurobi license: modules/gurobi/gurobi.lic\n\u2705 Device Manager Initialized: device=cuda:0, dtype=torch.float64\n\n================================================================================\nACT: Abstract Constraint Transformer\nInference-based whitebox fuzzing for neural network verification\n================================================================================\n\n\n================================================================================\nVERIFICATION TEST: VNNLIB \u2192 VerifiableModel \u2192 verify_once\n================================================================================\n\n[vnnlib] category=nn4sys max_instances=1 mode=hybridz (full TOP1_ROBUST via labeled_tensor collapse; device=cuda, timeout=90.0s)\n  [  1/1] nn4sys/onnx/pensieve_big_parallel.onnx@vnnlib/pensieve_parallel_73.vnnlib: CERTIFIED (0.4s)  V=1 A=0 U=0 E=0  R=0\n\n[vnnlib/hybridz] FINAL \u2014 total=1 wall=0.0 min\n  CERTIFIED    1\n  [structured] per-instance log \u2192 /data1/Kane/ACT/audit_results/nn4sys_pensieve70_84_20260530T070700Z/per_instance_nn4sys_20260530T070713300470Z.json\n\n================================================================================\nVERIFICATION TEST SUMMARY\n================================================================================\n  \u2705 vnnlib                    PASSED\n================================================================================\n\n"
}
{
  "benchmark": "nn4sys",
  "instance_id": 74,
  "status": "OK",
  "cli_normalized": "OK",
  "wall_s": 3.0021664620144293,
  "peak_rss_mb": 1214.328125,
  "returncode": 0,
  "per_instance_json": "/data1/Kane/ACT/audit_results/nn4sys_pensieve70_84_20260530T070700Z/per_instance_nn4sys_20260530T070716301570Z.json",
  "out_dir": "/data1/Kane/ACT/audit_results/nn4sys_pensieve70_84_20260530T070700Z",
  "stdout_tail": " assumes batch=1. Results may be incorrect.\nINFO:act.front_end.vnnlib_loader.data_model_loader:  \u2713 Input shape: (12, 8)\nINFO:act.front_end.vnnlib_loader.data_model_loader:[3/3] Parsing VNNLIB specification...\nINFO:act.front_end.vnnlib_loader.vnnlib_parser:Parsed VNNLIB: 96 inputs, 1 outputs, type=safety\nINFO:act.front_end.vnnlib_loader.data_model_loader:  \u2713 Parsed VNNLIB: 96 inputs, 1 outputs\nINFO:act.front_end.vnnlib_loader.data_model_loader:Successfully loaded VNNLIB instance from 'nn4sys'\nINFO:act.front_end.vnnlib_loader.vnnlib_parser:Parsed pensieve_parallel_74.vnnlib: 1 query(ies)\n[ACT] Using existing Gurobi license: modules/gurobi/gurobi.lic\n\u2705 Device Manager Initialized: device=cuda:0, dtype=torch.float64\n\n================================================================================\nACT: Abstract Constraint Transformer\nInference-based whitebox fuzzing for neural network verification\n================================================================================\n\n\n================================================================================\nVERIFICATION TEST: VNNLIB \u2192 VerifiableModel \u2192 verify_once\n================================================================================\n\n[vnnlib] category=nn4sys max_instances=1 mode=hybridz (full TOP1_ROBUST via labeled_tensor collapse; device=cuda, timeout=90.0s)\n  [  1/1] nn4sys/onnx/pensieve_big_parallel.onnx@vnnlib/pensieve_parallel_74.vnnlib: CERTIFIED (0.4s)  V=1 A=0 U=0 E=0  R=0\n\n[vnnlib/hybridz] FINAL \u2014 total=1 wall=0.0 min\n  CERTIFIED    1\n  [structured] per-instance log \u2192 /data1/Kane/ACT/audit_results/nn4sys_pensieve70_84_20260530T070700Z/per_instance_nn4sys_20260530T070716301570Z.json\n\n================================================================================\nVERIFICATION TEST SUMMARY\n================================================================================\n  \u2705 vnnlib                    PASSED\n================================================================================\n\n"
}
{
  "benchmark": "nn4sys",
  "instance_id": 75,
  "status": "OK",
  "cli_normalized": "OK",
  "wall_s": 3.002406187937595,
  "peak_rss_mb": 1214.30078125,
  "returncode": 0,
  "per_instance_json": "/data1/Kane/ACT/audit_results/nn4sys_pensieve70_84_20260530T070700Z/per_instance_nn4sys_20260530T070719339448Z.json",
  "out_dir": "/data1/Kane/ACT/audit_results/nn4sys_pensieve70_84_20260530T070700Z",
  "stdout_tail": " assumes batch=1. Results may be incorrect.\nINFO:act.front_end.vnnlib_loader.data_model_loader:  \u2713 Input shape: (12, 8)\nINFO:act.front_end.vnnlib_loader.data_model_loader:[3/3] Parsing VNNLIB specification...\nINFO:act.front_end.vnnlib_loader.vnnlib_parser:Parsed VNNLIB: 96 inputs, 1 outputs, type=safety\nINFO:act.front_end.vnnlib_loader.data_model_loader:  \u2713 Parsed VNNLIB: 96 inputs, 1 outputs\nINFO:act.front_end.vnnlib_loader.data_model_loader:Successfully loaded VNNLIB instance from 'nn4sys'\nINFO:act.front_end.vnnlib_loader.vnnlib_parser:Parsed pensieve_parallel_75.vnnlib: 1 query(ies)\n[ACT] Using existing Gurobi license: modules/gurobi/gurobi.lic\n\u2705 Device Manager Initialized: device=cuda:0, dtype=torch.float64\n\n================================================================================\nACT: Abstract Constraint Transformer\nInference-based whitebox fuzzing for neural network verification\n================================================================================\n\n\n================================================================================\nVERIFICATION TEST: VNNLIB \u2192 VerifiableModel \u2192 verify_once\n================================================================================\n\n[vnnlib] category=nn4sys max_instances=1 mode=hybridz (full TOP1_ROBUST via labeled_tensor collapse; device=cuda, timeout=90.0s)\n  [  1/1] nn4sys/onnx/pensieve_big_parallel.onnx@vnnlib/pensieve_parallel_75.vnnlib: CERTIFIED (0.4s)  V=1 A=0 U=0 E=0  R=0\n\n[vnnlib/hybridz] FINAL \u2014 total=1 wall=0.0 min\n  CERTIFIED    1\n  [structured] per-instance log \u2192 /data1/Kane/ACT/audit_results/nn4sys_pensieve70_84_20260530T070700Z/per_instance_nn4sys_20260530T070719339448Z.json\n\n================================================================================\nVERIFICATION TEST SUMMARY\n================================================================================\n  \u2705 vnnlib                    PASSED\n================================================================================\n\n"
}
{
  "benchmark": "nn4sys",
  "instance_id": 76,
  "status": "OK",
  "cli_normalized": "OK",
  "wall_s": 3.002100912039168,
  "peak_rss_mb": 1214.25,
  "returncode": 0,
  "per_instance_json": "/data1/Kane/ACT/audit_results/nn4sys_pensieve70_84_20260530T070700Z/per_instance_nn4sys_20260530T070722329519Z.json",
  "out_dir": "/data1/Kane/ACT/audit_results/nn4sys_pensieve70_84_20260530T070700Z",
  "stdout_tail": " assumes batch=1. Results may be incorrect.\nINFO:act.front_end.vnnlib_loader.data_model_loader:  \u2713 Input shape: (12, 8)\nINFO:act.front_end.vnnlib_loader.data_model_loader:[3/3] Parsing VNNLIB specification...\nINFO:act.front_end.vnnlib_loader.vnnlib_parser:Parsed VNNLIB: 96 inputs, 1 outputs, type=safety\nINFO:act.front_end.vnnlib_loader.data_model_loader:  \u2713 Parsed VNNLIB: 96 inputs, 1 outputs\nINFO:act.front_end.vnnlib_loader.data_model_loader:Successfully loaded VNNLIB instance from 'nn4sys'\nINFO:act.front_end.vnnlib_loader.vnnlib_parser:Parsed pensieve_parallel_76.vnnlib: 1 query(ies)\n[ACT] Using existing Gurobi license: modules/gurobi/gurobi.lic\n\u2705 Device Manager Initialized: device=cuda:0, dtype=torch.float64\n\n================================================================================\nACT: Abstract Constraint Transformer\nInference-based whitebox fuzzing for neural network verification\n================================================================================\n\n\n================================================================================\nVERIFICATION TEST: VNNLIB \u2192 VerifiableModel \u2192 verify_once\n================================================================================\n\n[vnnlib] category=nn4sys max_instances=1 mode=hybridz (full TOP1_ROBUST via labeled_tensor collapse; device=cuda, timeout=90.0s)\n  [  1/1] nn4sys/onnx/pensieve_big_parallel.onnx@vnnlib/pensieve_parallel_76.vnnlib: CERTIFIED (0.4s)  V=1 A=0 U=0 E=0  R=0\n\n[vnnlib/hybridz] FINAL \u2014 total=1 wall=0.0 min\n  CERTIFIED    1\n  [structured] per-instance log \u2192 /data1/Kane/ACT/audit_results/nn4sys_pensieve70_84_20260530T070700Z/per_instance_nn4sys_20260530T070722329519Z.json\n\n================================================================================\nVERIFICATION TEST SUMMARY\n================================================================================\n  \u2705 vnnlib                    PASSED\n================================================================================\n\n"
}
{
  "benchmark": "nn4sys",
  "instance_id": 77,
  "status": "OK",
  "cli_normalized": "OK",
  "wall_s": 3.001814029063098,
  "peak_rss_mb": 1214.09375,
  "returncode": 0,
  "per_instance_json": "/data1/Kane/ACT/audit_results/nn4sys_pensieve70_84_20260530T070700Z/per_instance_nn4sys_20260530T070725299736Z.json",
  "out_dir": "/data1/Kane/ACT/audit_results/nn4sys_pensieve70_84_20260530T070700Z",
  "stdout_tail": " assumes batch=1. Results may be incorrect.\nINFO:act.front_end.vnnlib_loader.data_model_loader:  \u2713 Input shape: (12, 8)\nINFO:act.front_end.vnnlib_loader.data_model_loader:[3/3] Parsing VNNLIB specification...\nINFO:act.front_end.vnnlib_loader.vnnlib_parser:Parsed VNNLIB: 96 inputs, 1 outputs, type=safety\nINFO:act.front_end.vnnlib_loader.data_model_loader:  \u2713 Parsed VNNLIB: 96 inputs, 1 outputs\nINFO:act.front_end.vnnlib_loader.data_model_loader:Successfully loaded VNNLIB instance from 'nn4sys'\nINFO:act.front_end.vnnlib_loader.vnnlib_parser:Parsed pensieve_parallel_77.vnnlib: 1 query(ies)\n[ACT] Using existing Gurobi license: modules/gurobi/gurobi.lic\n\u2705 Device Manager Initialized: device=cuda:0, dtype=torch.float64\n\n================================================================================\nACT: Abstract Constraint Transformer\nInference-based whitebox fuzzing for neural network verification\n================================================================================\n\n\n================================================================================\nVERIFICATION TEST: VNNLIB \u2192 VerifiableModel \u2192 verify_once\n================================================================================\n\n[vnnlib] category=nn4sys max_instances=1 mode=hybridz (full TOP1_ROBUST via labeled_tensor collapse; device=cuda, timeout=90.0s)\n  [  1/1] nn4sys/onnx/pensieve_big_parallel.onnx@vnnlib/pensieve_parallel_77.vnnlib: CERTIFIED (0.4s)  V=1 A=0 U=0 E=0  R=0\n\n[vnnlib/hybridz] FINAL \u2014 total=1 wall=0.0 min\n  CERTIFIED    1\n  [structured] per-instance log \u2192 /data1/Kane/ACT/audit_results/nn4sys_pensieve70_84_20260530T070700Z/per_instance_nn4sys_20260530T070725299736Z.json\n\n================================================================================\nVERIFICATION TEST SUMMARY\n================================================================================\n  \u2705 vnnlib                    PASSED\n================================================================================\n\n"
}
{
  "benchmark": "nn4sys",
  "instance_id": 78,
  "status": "OK",
  "cli_normalized": "OK",
  "wall_s": 3.0019327140180394,
  "peak_rss_mb": 1214.46875,
  "returncode": 0,
  "per_instance_json": "/data1/Kane/ACT/audit_results/nn4sys_pensieve70_84_20260530T070700Z/per_instance_nn4sys_20260530T070728345237Z.json",
  "out_dir": "/data1/Kane/ACT/audit_results/nn4sys_pensieve70_84_20260530T070700Z",
  "stdout_tail": " assumes batch=1. Results may be incorrect.\nINFO:act.front_end.vnnlib_loader.data_model_loader:  \u2713 Input shape: (12, 8)\nINFO:act.front_end.vnnlib_loader.data_model_loader:[3/3] Parsing VNNLIB specification...\nINFO:act.front_end.vnnlib_loader.vnnlib_parser:Parsed VNNLIB: 96 inputs, 1 outputs, type=safety\nINFO:act.front_end.vnnlib_loader.data_model_loader:  \u2713 Parsed VNNLIB: 96 inputs, 1 outputs\nINFO:act.front_end.vnnlib_loader.data_model_loader:Successfully loaded VNNLIB instance from 'nn4sys'\nINFO:act.front_end.vnnlib_loader.vnnlib_parser:Parsed pensieve_parallel_78.vnnlib: 1 query(ies)\n[ACT] Using existing Gurobi license: modules/gurobi/gurobi.lic\n\u2705 Device Manager Initialized: device=cuda:0, dtype=torch.float64\n\n================================================================================\nACT: Abstract Constraint Transformer\nInference-based whitebox fuzzing for neural network verification\n================================================================================\n\n\n================================================================================\nVERIFICATION TEST: VNNLIB \u2192 VerifiableModel \u2192 verify_once\n================================================================================\n\n[vnnlib] category=nn4sys max_instances=1 mode=hybridz (full TOP1_ROBUST via labeled_tensor collapse; device=cuda, timeout=90.0s)\n  [  1/1] nn4sys/onnx/pensieve_big_parallel.onnx@vnnlib/pensieve_parallel_78.vnnlib: CERTIFIED (0.4s)  V=1 A=0 U=0 E=0  R=0\n\n[vnnlib/hybridz] FINAL \u2014 total=1 wall=0.0 min\n  CERTIFIED    1\n  [structured] per-instance log \u2192 /data1/Kane/ACT/audit_results/nn4sys_pensieve70_84_20260530T070700Z/per_instance_nn4sys_20260530T070728345237Z.json\n\n================================================================================\nVERIFICATION TEST SUMMARY\n================================================================================\n  \u2705 vnnlib                    PASSED\n================================================================================\n\n"
}
{
  "benchmark": "nn4sys",
  "instance_id": 79,
  "status": "OK",
  "cli_normalized": "OK",
  "wall_s": 3.0020744670182467,
  "peak_rss_mb": 1214.21875,
  "returncode": 0,
  "per_instance_json": "/data1/Kane/ACT/audit_results/nn4sys_pensieve70_84_20260530T070700Z/per_instance_nn4sys_20260530T070731332361Z.json",
  "out_dir": "/data1/Kane/ACT/audit_results/nn4sys_pensieve70_84_20260530T070700Z",
  "stdout_tail": " assumes batch=1. Results may be incorrect.\nINFO:act.front_end.vnnlib_loader.data_model_loader:  \u2713 Input shape: (12, 8)\nINFO:act.front_end.vnnlib_loader.data_model_loader:[3/3] Parsing VNNLIB specification...\nINFO:act.front_end.vnnlib_loader.vnnlib_parser:Parsed VNNLIB: 96 inputs, 1 outputs, type=safety\nINFO:act.front_end.vnnlib_loader.data_model_loader:  \u2713 Parsed VNNLIB: 96 inputs, 1 outputs\nINFO:act.front_end.vnnlib_loader.data_model_loader:Successfully loaded VNNLIB instance from 'nn4sys'\nINFO:act.front_end.vnnlib_loader.vnnlib_parser:Parsed pensieve_parallel_79.vnnlib: 1 query(ies)\n[ACT] Using existing Gurobi license: modules/gurobi/gurobi.lic\n\u2705 Device Manager Initialized: device=cuda:0, dtype=torch.float64\n\n================================================================================\nACT: Abstract Constraint Transformer\nInference-based whitebox fuzzing for neural network verification\n================================================================================\n\n\n================================================================================\nVERIFICATION TEST: VNNLIB \u2192 VerifiableModel \u2192 verify_once\n================================================================================\n\n[vnnlib] category=nn4sys max_instances=1 mode=hybridz (full TOP1_ROBUST via labeled_tensor collapse; device=cuda, timeout=90.0s)\n  [  1/1] nn4sys/onnx/pensieve_big_parallel.onnx@vnnlib/pensieve_parallel_79.vnnlib: CERTIFIED (0.4s)  V=1 A=0 U=0 E=0  R=0\n\n[vnnlib/hybridz] FINAL \u2014 total=1 wall=0.0 min\n  CERTIFIED    1\n  [structured] per-instance log \u2192 /data1/Kane/ACT/audit_results/nn4sys_pensieve70_84_20260530T070700Z/per_instance_nn4sys_20260530T070731332361Z.json\n\n================================================================================\nVERIFICATION TEST SUMMARY\n================================================================================\n  \u2705 vnnlib                    PASSED\n================================================================================\n\n"
}
{
  "benchmark": "nn4sys",
  "instance_id": 80,
  "status": "OK",
  "cli_normalized": "OK",
  "wall_s": 3.001795021002181,
  "peak_rss_mb": 1214.0078125,
  "returncode": 0,
  "per_instance_json": "/data1/Kane/ACT/audit_results/nn4sys_pensieve70_84_20260530T070700Z/per_instance_nn4sys_20260530T070734333768Z.json",
  "out_dir": "/data1/Kane/ACT/audit_results/nn4sys_pensieve70_84_20260530T070700Z",
  "stdout_tail": " assumes batch=1. Results may be incorrect.\nINFO:act.front_end.vnnlib_loader.data_model_loader:  \u2713 Input shape: (12, 8)\nINFO:act.front_end.vnnlib_loader.data_model_loader:[3/3] Parsing VNNLIB specification...\nINFO:act.front_end.vnnlib_loader.vnnlib_parser:Parsed VNNLIB: 96 inputs, 1 outputs, type=safety\nINFO:act.front_end.vnnlib_loader.data_model_loader:  \u2713 Parsed VNNLIB: 96 inputs, 1 outputs\nINFO:act.front_end.vnnlib_loader.data_model_loader:Successfully loaded VNNLIB instance from 'nn4sys'\nINFO:act.front_end.vnnlib_loader.vnnlib_parser:Parsed pensieve_parallel_80.vnnlib: 1 query(ies)\n[ACT] Using existing Gurobi license: modules/gurobi/gurobi.lic\n\u2705 Device Manager Initialized: device=cuda:0, dtype=torch.float64\n\n================================================================================\nACT: Abstract Constraint Transformer\nInference-based whitebox fuzzing for neural network verification\n================================================================================\n\n\n================================================================================\nVERIFICATION TEST: VNNLIB \u2192 VerifiableModel \u2192 verify_once\n================================================================================\n\n[vnnlib] category=nn4sys max_instances=1 mode=hybridz (full TOP1_ROBUST via labeled_tensor collapse; device=cuda, timeout=90.0s)\n  [  1/1] nn4sys/onnx/pensieve_big_parallel.onnx@vnnlib/pensieve_parallel_80.vnnlib: CERTIFIED (0.4s)  V=1 A=0 U=0 E=0  R=0\n\n[vnnlib/hybridz] FINAL \u2014 total=1 wall=0.0 min\n  CERTIFIED    1\n  [structured] per-instance log \u2192 /data1/Kane/ACT/audit_results/nn4sys_pensieve70_84_20260530T070700Z/per_instance_nn4sys_20260530T070734333768Z.json\n\n================================================================================\nVERIFICATION TEST SUMMARY\n================================================================================\n  \u2705 vnnlib                    PASSED\n================================================================================\n\n"
}
{
  "benchmark": "nn4sys",
  "instance_id": 81,
  "status": "OK",
  "cli_normalized": "OK",
  "wall_s": 3.0017659249715507,
  "peak_rss_mb": 1213.85546875,
  "returncode": 0,
  "per_instance_json": "/data1/Kane/ACT/audit_results/nn4sys_pensieve70_84_20260530T070700Z/per_instance_nn4sys_20260530T070737311315Z.json",
  "out_dir": "/data1/Kane/ACT/audit_results/nn4sys_pensieve70_84_20260530T070700Z",
  "stdout_tail": " assumes batch=1. Results may be incorrect.\nINFO:act.front_end.vnnlib_loader.data_model_loader:  \u2713 Input shape: (12, 8)\nINFO:act.front_end.vnnlib_loader.data_model_loader:[3/3] Parsing VNNLIB specification...\nINFO:act.front_end.vnnlib_loader.vnnlib_parser:Parsed VNNLIB: 96 inputs, 1 outputs, type=safety\nINFO:act.front_end.vnnlib_loader.data_model_loader:  \u2713 Parsed VNNLIB: 96 inputs, 1 outputs\nINFO:act.front_end.vnnlib_loader.data_model_loader:Successfully loaded VNNLIB instance from 'nn4sys'\nINFO:act.front_end.vnnlib_loader.vnnlib_parser:Parsed pensieve_parallel_81.vnnlib: 1 query(ies)\n[ACT] Using existing Gurobi license: modules/gurobi/gurobi.lic\n\u2705 Device Manager Initialized: device=cuda:0, dtype=torch.float64\n\n================================================================================\nACT: Abstract Constraint Transformer\nInference-based whitebox fuzzing for neural network verification\n================================================================================\n\n\n================================================================================\nVERIFICATION TEST: VNNLIB \u2192 VerifiableModel \u2192 verify_once\n================================================================================\n\n[vnnlib] category=nn4sys max_instances=1 mode=hybridz (full TOP1_ROBUST via labeled_tensor collapse; device=cuda, timeout=90.0s)\n  [  1/1] nn4sys/onnx/pensieve_big_parallel.onnx@vnnlib/pensieve_parallel_81.vnnlib: CERTIFIED (0.4s)  V=1 A=0 U=0 E=0  R=0\n\n[vnnlib/hybridz] FINAL \u2014 total=1 wall=0.0 min\n  CERTIFIED    1\n  [structured] per-instance log \u2192 /data1/Kane/ACT/audit_results/nn4sys_pensieve70_84_20260530T070700Z/per_instance_nn4sys_20260530T070737311315Z.json\n\n================================================================================\nVERIFICATION TEST SUMMARY\n================================================================================\n  \u2705 vnnlib                    PASSED\n================================================================================\n\n"
}
{
  "benchmark": "nn4sys",
  "instance_id": 82,
  "status": "OK",
  "cli_normalized": "OK",
  "wall_s": 3.0015156090958044,
  "peak_rss_mb": 1214.234375,
  "returncode": 0,
  "per_instance_json": "/data1/Kane/ACT/audit_results/nn4sys_pensieve70_84_20260530T070700Z/per_instance_nn4sys_20260530T070740346143Z.json",
  "out_dir": "/data1/Kane/ACT/audit_results/nn4sys_pensieve70_84_20260530T070700Z",
  "stdout_tail": " assumes batch=1. Results may be incorrect.\nINFO:act.front_end.vnnlib_loader.data_model_loader:  \u2713 Input shape: (12, 8)\nINFO:act.front_end.vnnlib_loader.data_model_loader:[3/3] Parsing VNNLIB specification...\nINFO:act.front_end.vnnlib_loader.vnnlib_parser:Parsed VNNLIB: 96 inputs, 1 outputs, type=safety\nINFO:act.front_end.vnnlib_loader.data_model_loader:  \u2713 Parsed VNNLIB: 96 inputs, 1 outputs\nINFO:act.front_end.vnnlib_loader.data_model_loader:Successfully loaded VNNLIB instance from 'nn4sys'\nINFO:act.front_end.vnnlib_loader.vnnlib_parser:Parsed pensieve_parallel_82.vnnlib: 1 query(ies)\n[ACT] Using existing Gurobi license: modules/gurobi/gurobi.lic\n\u2705 Device Manager Initialized: device=cuda:0, dtype=torch.float64\n\n================================================================================\nACT: Abstract Constraint Transformer\nInference-based whitebox fuzzing for neural network verification\n================================================================================\n\n\n================================================================================\nVERIFICATION TEST: VNNLIB \u2192 VerifiableModel \u2192 verify_once\n================================================================================\n\n[vnnlib] category=nn4sys max_instances=1 mode=hybridz (full TOP1_ROBUST via labeled_tensor collapse; device=cuda, timeout=90.0s)\n  [  1/1] nn4sys/onnx/pensieve_big_parallel.onnx@vnnlib/pensieve_parallel_82.vnnlib: CERTIFIED (0.4s)  V=1 A=0 U=0 E=0  R=0\n\n[vnnlib/hybridz] FINAL \u2014 total=1 wall=0.0 min\n  CERTIFIED    1\n  [structured] per-instance log \u2192 /data1/Kane/ACT/audit_results/nn4sys_pensieve70_84_20260530T070700Z/per_instance_nn4sys_20260530T070740346143Z.json\n\n================================================================================\nVERIFICATION TEST SUMMARY\n================================================================================\n  \u2705 vnnlib                    PASSED\n================================================================================\n\n"
}
{
  "benchmark": "nn4sys",
  "instance_id": 83,
  "status": "OK",
  "cli_normalized": "OK",
  "wall_s": 3.0023493880871683,
  "peak_rss_mb": 1214.04296875,
  "returncode": 0,
  "per_instance_json": "/data1/Kane/ACT/audit_results/nn4sys_pensieve70_84_20260530T070700Z/per_instance_nn4sys_20260530T070743325295Z.json",
  "out_dir": "/data1/Kane/ACT/audit_results/nn4sys_pensieve70_84_20260530T070700Z",
  "stdout_tail": " assumes batch=1. Results may be incorrect.\nINFO:act.front_end.vnnlib_loader.data_model_loader:  \u2713 Input shape: (12, 8)\nINFO:act.front_end.vnnlib_loader.data_model_loader:[3/3] Parsing VNNLIB specification...\nINFO:act.front_end.vnnlib_loader.vnnlib_parser:Parsed VNNLIB: 96 inputs, 1 outputs, type=safety\nINFO:act.front_end.vnnlib_loader.data_model_loader:  \u2713 Parsed VNNLIB: 96 inputs, 1 outputs\nINFO:act.front_end.vnnlib_loader.data_model_loader:Successfully loaded VNNLIB instance from 'nn4sys'\nINFO:act.front_end.vnnlib_loader.vnnlib_parser:Parsed pensieve_parallel_83.vnnlib: 1 query(ies)\n[ACT] Using existing Gurobi license: modules/gurobi/gurobi.lic\n\u2705 Device Manager Initialized: device=cuda:0, dtype=torch.float64\n\n================================================================================\nACT: Abstract Constraint Transformer\nInference-based whitebox fuzzing for neural network verification\n================================================================================\n\n\n================================================================================\nVERIFICATION TEST: VNNLIB \u2192 VerifiableModel \u2192 verify_once\n================================================================================\n\n[vnnlib] category=nn4sys max_instances=1 mode=hybridz (full TOP1_ROBUST via labeled_tensor collapse; device=cuda, timeout=90.0s)\n  [  1/1] nn4sys/onnx/pensieve_big_parallel.onnx@vnnlib/pensieve_parallel_83.vnnlib: CERTIFIED (0.4s)  V=1 A=0 U=0 E=0  R=0\n\n[vnnlib/hybridz] FINAL \u2014 total=1 wall=0.0 min\n  CERTIFIED    1\n  [structured] per-instance log \u2192 /data1/Kane/ACT/audit_results/nn4sys_pensieve70_84_20260530T070700Z/per_instance_nn4sys_20260530T070743325295Z.json\n\n================================================================================\nVERIFICATION TEST SUMMARY\n================================================================================\n  \u2705 vnnlib                    PASSED\n================================================================================\n\n"
}
{
  "benchmark": "nn4sys",
  "instance_id": 84,
  "status": "OK",
  "cli_normalized": "OK",
  "wall_s": 3.0020882729440928,
  "peak_rss_mb": 1214.3359375,
  "returncode": 0,
  "per_instance_json": "/data1/Kane/ACT/audit_results/nn4sys_pensieve70_84_20260530T070700Z/per_instance_nn4sys_20260530T070746298307Z.json",
  "out_dir": "/data1/Kane/ACT/audit_results/nn4sys_pensieve70_84_20260530T070700Z",
  "stdout_tail": " assumes batch=1. Results may be incorrect.\nINFO:act.front_end.vnnlib_loader.data_model_loader:  \u2713 Input shape: (12, 8)\nINFO:act.front_end.vnnlib_loader.data_model_loader:[3/3] Parsing VNNLIB specification...\nINFO:act.front_end.vnnlib_loader.vnnlib_parser:Parsed VNNLIB: 96 inputs, 1 outputs, type=safety\nINFO:act.front_end.vnnlib_loader.data_model_loader:  \u2713 Parsed VNNLIB: 96 inputs, 1 outputs\nINFO:act.front_end.vnnlib_loader.data_model_loader:Successfully loaded VNNLIB instance from 'nn4sys'\nINFO:act.front_end.vnnlib_loader.vnnlib_parser:Parsed pensieve_parallel_84.vnnlib: 1 query(ies)\n[ACT] Using existing Gurobi license: modules/gurobi/gurobi.lic\n\u2705 Device Manager Initialized: device=cuda:0, dtype=torch.float64\n\n================================================================================\nACT: Abstract Constraint Transformer\nInference-based whitebox fuzzing for neural network verification\n================================================================================\n\n\n================================================================================\nVERIFICATION TEST: VNNLIB \u2192 VerifiableModel \u2192 verify_once\n================================================================================\n\n[vnnlib] category=nn4sys max_instances=1 mode=hybridz (full TOP1_ROBUST via labeled_tensor collapse; device=cuda, timeout=90.0s)\n  [  1/1] nn4sys/onnx/pensieve_big_parallel.onnx@vnnlib/pensieve_parallel_84.vnnlib: CERTIFIED (0.4s)  V=1 A=0 U=0 E=0  R=0\n\n[vnnlib/hybridz] FINAL \u2014 total=1 wall=0.0 min\n  CERTIFIED    1\n  [structured] per-instance log \u2192 /data1/Kane/ACT/audit_results/nn4sys_pensieve70_84_20260530T070700Z/per_instance_nn4sys_20260530T070746298307Z.json\n\n================================================================================\nVERIFICATION TEST SUMMARY\n================================================================================\n  \u2705 vnnlib                    PASSED\n================================================================================\n\n"
}
[watchdog] summary written: /data1/Kane/ACT/audit_results/nn4sys_pensieve70_84_20260530T070700Z/watchdog_summary.json
