INFO:act.front_end.vnnlib_loader.data_model_loader:Loading VNNLIB instance: tinyimagenet_2024/onnx/TinyImageNet_resnet_medium.onnx
INFO:act.front_end.vnnlib_loader.data_model_loader:[1/3] Converting ONNX model to PyTorch...
INFO:act.front_end.vnnlib_loader.onnx_converter:Loading ONNX model from /data1/Kane/data/vnncomp2025_benchmarks/benchmarks/tinyimagenet_2024/onnx/TinyImageNet_resnet_medium.onnx
INFO:act.front_end.vnnlib_loader.onnx_converter:Converting ONNX to PyTorch (simplify-first; raw fallback)
INFO:act.front_end.vnnlib_loader.onnx_converter:Upgrading ONNX opset 12 → 13
INFO:act.front_end.vnnlib_loader.onnx_converter:Simplifying ONNX model
INFO:act.front_end.vnnlib_loader.onnx_converter:Converted model to device=cuda:0, dtype=torch.float64
INFO:act.front_end.vnnlib_loader.onnx_converter:Successfully converted ONNX model: TinyImageNet_resnet_medium.onnx
INFO:act.front_end.vnnlib_loader.data_model_loader:  ✓ Model converted successfully
INFO:act.front_end.vnnlib_loader.data_model_loader:[2/3] Extracting input shape...
INFO:act.front_end.vnnlib_loader.onnx_converter:Normalized dynamic batch to 1: (1, 3, 56, 56)
INFO:act.front_end.vnnlib_loader.data_model_loader:  ✓ Input shape: (1, 3, 56, 56)
INFO:act.front_end.vnnlib_loader.data_model_loader:[3/3] Parsing VNNLIB specification...
INFO:act.front_end.vnnlib_loader.vnnlib_parser:Parsed VNNLIB: 9408 inputs, 200 outputs, type=unknown
INFO:act.front_end.vnnlib_loader.data_model_loader:  ✓ Parsed VNNLIB: 9408 inputs, 200 outputs
INFO:act.front_end.vnnlib_loader.data_model_loader:  ✓ Ground truth label: 21
INFO:act.front_end.vnnlib_loader.data_model_loader:Successfully loaded VNNLIB instance from 'tinyimagenet_2024'
INFO:act.front_end.vnnlib_loader.vnnlib_parser:Parsed TinyImageNet_resnet_medium_prop_idx_1359_sidx_7221_eps_0.0039.vnnlib: 1 query(ies)
INFO:act.back_end.solver.solver_hz:large_cls_proof_mode ACTIVE: conv=19 out_dim=200 relus=10 (triangle for relu 1..9, eq_lagr_v8 for last 1)
WARNING:act.back_end.solver.solver_hz:L9 FALLBACK (RuntimeError): CUDA error: insufficient resources when calling `cusparseSpGEMM_workEstimation( handle, opA, opB, &alpha, matA, matB, &beta, matC, computeType, CUSPARSE_SPGEMM_DEFAULT, spgemmDesc, &bufferSize1, dBuffer1)`
WARNING:act.back_end.solver.solver_hz:L12 FALLBACK (AttributeError): 'SparseGcZ' object has no attribute 'Gc'
WARNING:act.back_end.solver.solver_hz:L20 FALLBACK (OutOfMemoryError): CUDA out of memory. Tried to allocate 4.70 GiB. GPU 0 has a total capacity of 94.96 GiB of which 4.07 GiB is free. Process 2687037 has 690.00 MiB memory in use. Process 2366100 has 2.87 GiB memory in use. Process 2383760 has 776.00 MiB memory in use. Process 2387479 has 65.50 GiB memory in use. Process 2420945 has 3.29 GiB memory in use. Including non-PyTorch memory, this process has 11.94 GiB memory in use. Process 2424173 has 2.59 GiB memory in use. Process 2427341 has 676.00 MiB memory in use. Process 2430347 has 2.03 GiB memory in use. Process 2430348 has 674.00 MiB memory in use. Of the allocated memory 6.22 GiB is allocated by PyTorch, and 5.07 GiB is reserved by PyTorch but unallocated. If reserved but unallocated memory is large try setting PYTORCH_CUDA_ALLOC_CONF=expandable_segments:True to avoid fragmentation.  See documentation for Memory Management  (https://pytorch.org/docs/stable/notes/cuda.html#environment-variables)
WARNING:act.back_end.solver.solver_hz:L25 FALLBACK (AttributeError): 'SparseGcZ' object has no attribute 'Gc'
[ACT] Using existing Gurobi license: ../ACT/modules/gurobi/gurobi.lic
✅ Device Manager Initialized: device=cuda:0, dtype=torch.float64

================================================================================
ACT: Abstract Constraint Transformer
Inference-based whitebox fuzzing for neural network verification
================================================================================


================================================================================
VERIFICATION TEST: VNNLIB → VerifiableModel → verify_once
================================================================================

[vnnlib] category=tinyimagenet_2024 max_instances=1 mode=hybridz (full TOP1_ROBUST via labeled_tensor collapse; device=cuda, timeout=180.0s)
  [  1/1] tinyimagenet_2024/onnx/TinyImageNet_resnet_medium.onnx@vnnlib/TinyImageNet_resnet_medium_prop_idx_1359_sidx_7221_eps_0.0039.vnnlib: UNKNOWN (11.7s)  V=0 A=0 U=1 E=0  R=0

[vnnlib/hybridz] FINAL — total=1 wall=0.2 min
  UNKNOWN      1
  [structured] per-instance log → /data1/Kane/ACT/audit_results/full_vnncomp_20260530T092003Z/tinyimagenet_2024_w0/per_instance_tinyimagenet_2024_20260530T121034393094Z.json

================================================================================
VERIFICATION TEST SUMMARY
================================================================================
  ✅ vnnlib                    PASSED
================================================================================

