INFO:act.front_end.vnnlib_loader.data_model_loader:Loading VNNLIB instance: tinyimagenet_2024/onnx/TinyImageNet_resnet_medium.onnx
INFO:act.front_end.vnnlib_loader.data_model_loader:[1/3] Converting ONNX model to PyTorch...
INFO:act.front_end.vnnlib_loader.onnx_converter:Loading ONNX model from /data1/Kane/data/vnncomp2025_benchmarks/benchmarks/tinyimagenet_2024/onnx/TinyImageNet_resnet_medium.onnx
INFO:act.front_end.vnnlib_loader.onnx_converter:Converting ONNX to PyTorch (simplify-first; raw fallback)
INFO:act.front_end.vnnlib_loader.onnx_converter:Upgrading ONNX opset 12 → 13
INFO:act.front_end.vnnlib_loader.onnx_converter:Simplifying ONNX model
INFO:act.front_end.vnnlib_loader.onnx_converter:Converted model to device=cuda:0, dtype=torch.float64
INFO:act.front_end.vnnlib_loader.onnx_converter:Successfully converted ONNX model: TinyImageNet_resnet_medium.onnx
INFO:act.front_end.vnnlib_loader.data_model_loader:  ✓ Model converted successfully
INFO:act.front_end.vnnlib_loader.data_model_loader:[2/3] Extracting input shape...
INFO:act.front_end.vnnlib_loader.onnx_converter:Normalized dynamic batch to 1: (1, 3, 56, 56)
INFO:act.front_end.vnnlib_loader.data_model_loader:  ✓ Input shape: (1, 3, 56, 56)
INFO:act.front_end.vnnlib_loader.data_model_loader:[3/3] Parsing VNNLIB specification...
INFO:act.front_end.vnnlib_loader.vnnlib_parser:Parsed VNNLIB: 9408 inputs, 200 outputs, type=unknown
INFO:act.front_end.vnnlib_loader.data_model_loader:  ✓ Parsed VNNLIB: 9408 inputs, 200 outputs
INFO:act.front_end.vnnlib_loader.data_model_loader:  ✓ Ground truth label: 11
INFO:act.front_end.vnnlib_loader.data_model_loader:Successfully loaded VNNLIB instance from 'tinyimagenet_2024'
INFO:act.front_end.vnnlib_loader.vnnlib_parser:Parsed TinyImageNet_resnet_medium_prop_idx_5685_sidx_8755_eps_0.0039.vnnlib: 1 query(ies)
INFO:act.back_end.solver.solver_hz:large_cls_proof_mode ACTIVE: conv=19 out_dim=200 relus=10 (triangle for relu 1..9, eq_lagr_v8 for last 1)
WARNING:act.back_end.solver.solver_hz:L6 FALLBACK (OutOfMemoryError): CUDA out of memory. Tried to allocate 1.89 GiB. GPU 0 has a total capacity of 94.96 GiB of which 1.08 GiB is free. Process 2687037 has 690.00 MiB memory in use. Process 2387479 has 65.50 GiB memory in use. Process 2465929 has 776.00 MiB memory in use. Process 2505803 has 1.86 GiB memory in use. Process 2512585 has 8.66 GiB memory in use. Process 2512602 has 8.02 GiB memory in use. Process 2512603 has 676.00 MiB memory in use. Process 2512604 has 2.38 GiB memory in use. Including non-PyTorch memory, this process has 5.10 GiB memory in use. Of the allocated memory 798.27 MiB is allocated by PyTorch, and 3.67 GiB is reserved by PyTorch but unallocated. If reserved but unallocated memory is large try setting PYTORCH_CUDA_ALLOC_CONF=expandable_segments:True to avoid fragmentation.  See documentation for Memory Management  (https://pytorch.org/docs/stable/notes/cuda.html#environment-variables)
WARNING:act.back_end.solver.solver_hz:L11 FALLBACK (OutOfMemoryError): CUDA out of memory. Tried to allocate 4.74 GiB. GPU 0 has a total capacity of 94.96 GiB of which 1020.25 MiB is free. Process 2687037 has 690.00 MiB memory in use. Process 2387479 has 65.50 GiB memory in use. Process 2465929 has 776.00 MiB memory in use. Process 2505803 has 1.90 GiB memory in use. Process 2512585 has 8.66 GiB memory in use. Process 2512602 has 8.02 GiB memory in use. Process 2512603 has 676.00 MiB memory in use. Process 2512604 has 2.38 GiB memory in use. Including non-PyTorch memory, this process has 5.10 GiB memory in use. Of the allocated memory 857.79 MiB is allocated by PyTorch, and 3.62 GiB is reserved by PyTorch but unallocated. If reserved but unallocated memory is large try setting PYTORCH_CUDA_ALLOC_CONF=expandable_segments:True to avoid fragmentation.  See documentation for Memory Management  (https://pytorch.org/docs/stable/notes/cuda.html#environment-variables)
WARNING:act.back_end.solver.solver_hz:L16 FALLBACK (OutOfMemoryError): CUDA out of memory. Tried to allocate 4.69 GiB. GPU 0 has a total capacity of 94.96 GiB of which 346.25 MiB is free. Process 2687037 has 690.00 MiB memory in use. Process 2387479 has 65.50 GiB memory in use. Process 2465929 has 776.00 MiB memory in use. Process 2505803 has 1.90 GiB memory in use. Process 2512585 has 8.66 GiB memory in use. Process 2512602 has 8.02 GiB memory in use. Process 2512603 has 676.00 MiB memory in use. Process 2512604 has 2.38 GiB memory in use. Including non-PyTorch memory, this process has 5.76 GiB memory in use. Of the allocated memory 4.92 GiB is allocated by PyTorch, and 199.75 MiB is reserved by PyTorch but unallocated. If reserved but unallocated memory is large try setting PYTORCH_CUDA_ALLOC_CONF=expandable_segments:True to avoid fragmentation.  See documentation for Memory Management  (https://pytorch.org/docs/stable/notes/cuda.html#environment-variables)
WARNING:act.back_end.solver.solver_hz:L20 FALLBACK (OutOfMemoryError): CUDA out of memory. Tried to allocate 4.70 GiB. GPU 0 has a total capacity of 94.96 GiB of which 162.25 MiB is free. Process 2687037 has 690.00 MiB memory in use. Process 2387479 has 65.50 GiB memory in use. Process 2465929 has 776.00 MiB memory in use. Process 2505803 has 2.07 GiB memory in use. Process 2512585 has 8.66 GiB memory in use. Process 2512602 has 8.02 GiB memory in use. Process 2512603 has 676.00 MiB memory in use. Process 2512604 has 2.38 GiB memory in use. Including non-PyTorch memory, this process has 5.76 GiB memory in use. Of the allocated memory 825.29 MiB is allocated by PyTorch, and 4.31 GiB is reserved by PyTorch but unallocated. If reserved but unallocated memory is large try setting PYTORCH_CUDA_ALLOC_CONF=expandable_segments:True to avoid fragmentation.  See documentation for Memory Management  (https://pytorch.org/docs/stable/notes/cuda.html#environment-variables)
WARNING:act.back_end.solver.solver_hz:L23 FALLBACK (OutOfMemoryError): CUDA out of memory. Tried to allocate 1.18 GiB. GPU 0 has a total capacity of 94.96 GiB of which 256.25 MiB is free. Process 2687037 has 690.00 MiB memory in use. Process 2387479 has 65.50 GiB memory in use. Process 2465929 has 776.00 MiB memory in use. Process 2505803 has 2.07 GiB memory in use. Process 2512585 has 8.66 GiB memory in use. Process 2512602 has 7.93 GiB memory in use. Process 2512603 has 676.00 MiB memory in use. Process 2512604 has 2.38 GiB memory in use. Including non-PyTorch memory, this process has 5.76 GiB memory in use. Of the allocated memory 4.59 GiB is allocated by PyTorch, and 540.01 MiB is reserved by PyTorch but unallocated. If reserved but unallocated memory is large try setting PYTORCH_CUDA_ALLOC_CONF=expandable_segments:True to avoid fragmentation.  See documentation for Memory Management  (https://pytorch.org/docs/stable/notes/cuda.html#environment-variables)
WARNING:act.back_end.solver.solver_hz:L25 FALLBACK (AttributeError): 'SparseGcZ' object has no attribute 'Gc'
[ACT] Using existing Gurobi license: ../ACT/modules/gurobi/gurobi.lic
✅ Device Manager Initialized: device=cuda:0, dtype=torch.float64

================================================================================
ACT: Abstract Constraint Transformer
Inference-based whitebox fuzzing for neural network verification
================================================================================


================================================================================
VERIFICATION TEST: VNNLIB → VerifiableModel → verify_once
================================================================================

[vnnlib] category=tinyimagenet_2024 max_instances=1 mode=hybridz (full TOP1_ROBUST via labeled_tensor collapse; device=cuda, timeout=180.0s)
  [  1/1] tinyimagenet_2024/onnx/TinyImageNet_resnet_medium.onnx@vnnlib/TinyImageNet_resnet_medium_prop_idx_5685_sidx_8755_eps_0.0039.vnnlib: UNKNOWN (11.6s)  V=0 A=0 U=1 E=0  R=0

[vnnlib/hybridz] FINAL — total=1 wall=0.2 min
  UNKNOWN      1
  [structured] per-instance log → /data1/Kane/ACT/audit_results/full_vnncomp_20260530T092003Z/tinyimagenet_2024_w0/per_instance_tinyimagenet_2024_20260530T121356691011Z.json

================================================================================
VERIFICATION TEST SUMMARY
================================================================================
  ✅ vnnlib                    PASSED
================================================================================

