INFO:act.front_end.vnnlib_loader.data_model_loader:Loading VNNLIB instance: collins_rul_cnn_2022/onnx/NN_rul_small_window_20.onnx
INFO:act.front_end.vnnlib_loader.data_model_loader:[1/3] Converting ONNX model to PyTorch...
INFO:act.front_end.vnnlib_loader.onnx_converter:Loading ONNX model from /data1/Kane/data/vnncomp2025_benchmarks/benchmarks/collins_rul_cnn_2022/onnx/NN_rul_small_window_20.onnx
INFO:act.front_end.vnnlib_loader.onnx_converter:Converting ONNX to PyTorch (simplify-first; raw fallback)
INFO:act.front_end.vnnlib_loader.onnx_converter:Upgrading ONNX opset 8 → 13
INFO:act.front_end.vnnlib_loader.onnx_converter:Simplifying ONNX model
INFO:act.front_end.vnnlib_loader.onnx_converter:Converted model to device=cuda:0, dtype=torch.float64
INFO:act.front_end.vnnlib_loader.onnx_converter:Successfully converted ONNX model: NN_rul_small_window_20.onnx
INFO:act.front_end.vnnlib_loader.data_model_loader:  ✓ Model converted successfully
INFO:act.front_end.vnnlib_loader.data_model_loader:[2/3] Extracting input shape...
INFO:act.front_end.vnnlib_loader.onnx_converter:Normalized dynamic batch to 1: (1, 1, 20, 20)
INFO:act.front_end.vnnlib_loader.data_model_loader:  ✓ Input shape: (1, 1, 20, 20)
INFO:act.front_end.vnnlib_loader.data_model_loader:[3/3] Parsing VNNLIB specification...
INFO:act.front_end.vnnlib_loader.vnnlib_parser:Parsed VNNLIB: 400 inputs, 1 outputs, type=safety
INFO:act.front_end.vnnlib_loader.data_model_loader:  ✓ Parsed VNNLIB: 400 inputs, 1 outputs
INFO:act.front_end.vnnlib_loader.data_model_loader:Successfully loaded VNNLIB instance from 'collins_rul_cnn_2022'
INFO:act.front_end.vnnlib_loader.vnnlib_parser:Parsed if_then_7levels_w20.vnnlib: 2 query(ies)
[ACT] Using existing Gurobi license: ../ACT/modules/gurobi/gurobi.lic
✅ Device Manager Initialized: device=cuda:0, dtype=torch.float64

================================================================================
ACT: Abstract Constraint Transformer
Inference-based whitebox fuzzing for neural network verification
================================================================================


================================================================================
VERIFICATION TEST: VNNLIB → VerifiableModel → verify_once
================================================================================

[vnnlib] category=collins_rul_cnn_2022 max_instances=1 mode=hybridz (full TOP1_ROBUST via labeled_tensor collapse; device=cuda, timeout=180.0s)
  [  1/1] collins_rul_cnn_2022/onnx/NN_rul_small_window_20.onnx@vnnlib/if_then_7levels_w20.vnnlib: ERROR_RuntimeError (0.4s)  V=0 A=0 U=0 E=1  R=0
Traceback (most recent call last):
  File "/data1/Kane/ACT/act/pipeline/cli.py", line 1364, in cmd_verify
    _run_vnnlib_verify(args)
  File "/data1/Kane/ACT/act/pipeline/cli.py", line 549, in _run_vnnlib_verify
    return _run_vnnlib_verify_hybridz(args)
           ^^^^^^^^^^^^^^^^^^^^^^^^^^^^^^^^
  File "/data1/Kane/ACT/act/pipeline/cli.py", line 1249, in _run_vnnlib_verify_hybridz
    raise RuntimeError(
RuntimeError: VERIFICATION_RUN_FAILED: ERROR=1. Per-instance log preserved; inspect instance error fields.

[vnnlib/hybridz] FINAL — total=1 wall=0.0 min
  ERROR        1
  [structured] per-instance log → /data1/Kane/ACT/audit_results/eq_layers_ablation_20260530T015205Z/collins_rul_cnn_2022_eq1/per_instance_collins_rul_cnn_2022_20260530T015242687711Z.json

❌ Test failed: VERIFICATION_RUN_FAILED: ERROR=1. Per-instance log preserved; inspect instance error fields.

================================================================================
VERIFICATION TEST SUMMARY
================================================================================
  ❌ vnnlib                    FAILED
================================================================================

