INFO:act.front_end.vnnlib_loader.data_model_loader:Loading VNNLIB instance: collins_rul_cnn_2022/onnx/NN_rul_small_window_20.onnx
INFO:act.front_end.vnnlib_loader.data_model_loader:[1/3] Converting ONNX model to PyTorch...
INFO:act.front_end.vnnlib_loader.onnx_converter:Loading ONNX model from /data1/Kane/data/vnncomp2025_benchmarks/benchmarks/collins_rul_cnn_2022/onnx/NN_rul_small_window_20.onnx
INFO:act.front_end.vnnlib_loader.onnx_converter:Converting ONNX to PyTorch (simplify-first; raw fallback)
INFO:act.front_end.vnnlib_loader.onnx_converter:Upgrading ONNX opset 8 → 13
INFO:act.front_end.vnnlib_loader.onnx_converter:Simplifying ONNX model
INFO:act.front_end.vnnlib_loader.onnx_converter:Converted model to device=cuda:0, dtype=torch.float64
INFO:act.front_end.vnnlib_loader.onnx_converter:Successfully converted ONNX model: NN_rul_small_window_20.onnx
INFO:act.front_end.vnnlib_loader.data_model_loader:  ✓ Model converted successfully
INFO:act.front_end.vnnlib_loader.data_model_loader:[2/3] Extracting input shape...
INFO:act.front_end.vnnlib_loader.onnx_converter:Normalized dynamic batch to 1: (1, 1, 20, 20)
INFO:act.front_end.vnnlib_loader.data_model_loader:  ✓ Input shape: (1, 1, 20, 20)
INFO:act.front_end.vnnlib_loader.data_model_loader:[3/3] Parsing VNNLIB specification...
INFO:act.front_end.vnnlib_loader.vnnlib_parser:Parsed VNNLIB: 400 inputs, 1 outputs, type=safety
INFO:act.front_end.vnnlib_loader.data_model_loader:  ✓ Parsed VNNLIB: 400 inputs, 1 outputs
INFO:act.front_end.vnnlib_loader.data_model_loader:Successfully loaded VNNLIB instance from 'collins_rul_cnn_2022'
INFO:act.front_end.vnnlib_loader.vnnlib_parser:Parsed robustness_4perturbations_delta5_epsilon10_w20.vnnlib: 2 query(ies)
[0;93m2026-05-30 09:13:03.895305731 [W:onnxruntime:, graph.cc:1362 Graph] Initializer conv_1_W appears in graph inputs and will not be treated as constant value/weight. This may prevent some of the graph optimizations, like const folding. Move it out of graph inputs if there is no need to override it, by either re-generating the model with latest exporter/converter or with the tool onnxruntime/tools/python/remove_initializer_from_input.py.[m
[0;93m2026-05-30 09:13:03.895356255 [W:onnxruntime:, graph.cc:1362 Graph] Initializer conv_1_B appears in graph inputs and will not be treated as constant value/weight. This may prevent some of the graph optimizations, like const folding. Move it out of graph inputs if there is no need to override it, by either re-generating the model with latest exporter/converter or with the tool onnxruntime/tools/python/remove_initializer_from_input.py.[m
[0;93m2026-05-30 09:13:03.895358780 [W:onnxruntime:, graph.cc:1362 Graph] Initializer conv_2_W appears in graph inputs and will not be treated as constant value/weight. This may prevent some of the graph optimizations, like const folding. Move it out of graph inputs if there is no need to override it, by either re-generating the model with latest exporter/converter or with the tool onnxruntime/tools/python/remove_initializer_from_input.py.[m
[0;93m2026-05-30 09:13:03.895360439 [W:onnxruntime:, graph.cc:1362 Graph] Initializer conv_2_B appears in graph inputs and will not be treated as constant value/weight. This may prevent some of the graph optimizations, like const folding. Move it out of graph inputs if there is no need to override it, by either re-generating the model with latest exporter/converter or with the tool onnxruntime/tools/python/remove_initializer_from_input.py.[m
[0;93m2026-05-30 09:13:03.895361976 [W:onnxruntime:, graph.cc:1362 Graph] Initializer conv_3_W appears in graph inputs and will not be treated as constant value/weight. This may prevent some of the graph optimizations, like const folding. Move it out of graph inputs if there is no need to override it, by either re-generating the model with latest exporter/converter or with the tool onnxruntime/tools/python/remove_initializer_from_input.py.[m
[0;93m2026-05-30 09:13:03.895363344 [W:onnxruntime:, graph.cc:1362 Graph] Initializer conv_3_B appears in graph inputs and will not be treated as constant value/weight. This may prevent some of the graph optimizations, like const folding. Move it out of graph inputs if there is no need to override it, by either re-generating the model with latest exporter/converter or with the tool onnxruntime/tools/python/remove_initializer_from_input.py.[m
[0;93m2026-05-30 09:13:03.895379116 [W:onnxruntime:, graph.cc:1362 Graph] Initializer conv_4_W appears in graph inputs and will not be treated as constant value/weight. This may prevent some of the graph optimizations, like const folding. Move it out of graph inputs if there is no need to override it, by either re-generating the model with latest exporter/converter or with the tool onnxruntime/tools/python/remove_initializer_from_input.py.[m
[0;93m2026-05-30 09:13:03.895380772 [W:onnxruntime:, graph.cc:1362 Graph] Initializer conv_4_B appears in graph inputs and will not be treated as constant value/weight. This may prevent some of the graph optimizations, like const folding. Move it out of graph inputs if there is no need to override it, by either re-generating the model with latest exporter/converter or with the tool onnxruntime/tools/python/remove_initializer_from_input.py.[m
[0;93m2026-05-30 09:13:03.895382344 [W:onnxruntime:, graph.cc:1362 Graph] Initializer fc_1_W appears in graph inputs and will not be treated as constant value/weight. This may prevent some of the graph optimizations, like const folding. Move it out of graph inputs if there is no need to override it, by either re-generating the model with latest exporter/converter or with the tool onnxruntime/tools/python/remove_initializer_from_input.py.[m
[0;93m2026-05-30 09:13:03.895383661 [W:onnxruntime:, graph.cc:1362 Graph] Initializer fc_1_B appears in graph inputs and will not be treated as constant value/weight. This may prevent some of the graph optimizations, like const folding. Move it out of graph inputs if there is no need to override it, by either re-generating the model with latest exporter/converter or with the tool onnxruntime/tools/python/remove_initializer_from_input.py.[m
[0;93m2026-05-30 09:13:03.895385012 [W:onnxruntime:, graph.cc:1362 Graph] Initializer fc_2_W appears in graph inputs and will not be treated as constant value/weight. This may prevent some of the graph optimizations, like const folding. Move it out of graph inputs if there is no need to override it, by either re-generating the model with latest exporter/converter or with the tool onnxruntime/tools/python/remove_initializer_from_input.py.[m
[0;93m2026-05-30 09:13:03.895386300 [W:onnxruntime:, graph.cc:1362 Graph] Initializer fc_2_B appears in graph inputs and will not be treated as constant value/weight. This may prevent some of the graph optimizations, like const folding. Move it out of graph inputs if there is no need to override it, by either re-generating the model with latest exporter/converter or with the tool onnxruntime/tools/python/remove_initializer_from_input.py.[m
[0;93m2026-05-30 09:13:03.910039134 [W:onnxruntime:, graph.cc:1362 Graph] Initializer conv_1_W appears in graph inputs and will not be treated as constant value/weight. This may prevent some of the graph optimizations, like const folding. Move it out of graph inputs if there is no need to override it, by either re-generating the model with latest exporter/converter or with the tool onnxruntime/tools/python/remove_initializer_from_input.py.[m
[0;93m2026-05-30 09:13:03.910073818 [W:onnxruntime:, graph.cc:1362 Graph] Initializer conv_1_B appears in graph inputs and will not be treated as constant value/weight. This may prevent some of the graph optimizations, like const folding. Move it out of graph inputs if there is no need to override it, by either re-generating the model with latest exporter/converter or with the tool onnxruntime/tools/python/remove_initializer_from_input.py.[m
[0;93m2026-05-30 09:13:03.910076182 [W:onnxruntime:, graph.cc:1362 Graph] Initializer conv_2_W appears in graph inputs and will not be treated as constant value/weight. This may prevent some of the graph optimizations, like const folding. Move it out of graph inputs if there is no need to override it, by either re-generating the model with latest exporter/converter or with the tool onnxruntime/tools/python/remove_initializer_from_input.py.[m
[0;93m2026-05-30 09:13:03.910086983 [W:onnxruntime:, graph.cc:1362 Graph] Initializer conv_2_B appears in graph inputs and will not be treated as constant value/weight. This may prevent some of the graph optimizations, like const folding. Move it out of graph inputs if there is no need to override it, by either re-generating the model with latest exporter/converter or with the tool onnxruntime/tools/python/remove_initializer_from_input.py.[m
[0;93m2026-05-30 09:13:03.910088507 [W:onnxruntime:, graph.cc:1362 Graph] Initializer conv_3_W appears in graph inputs and will not be treated as constant value/weight. This may prevent some of the graph optimizations, like const folding. Move it out of graph inputs if there is no need to override it, by either re-generating the model with latest exporter/converter or with the tool onnxruntime/tools/python/remove_initializer_from_input.py.[m
[0;93m2026-05-30 09:13:03.910089827 [W:onnxruntime:, graph.cc:1362 Graph] Initializer conv_3_B appears in graph inputs and will not be treated as constant value/weight. This may prevent some of the graph optimizations, like const folding. Move it out of graph inputs if there is no need to override it, by either re-generating the model with latest exporter/converter or with the tool onnxruntime/tools/python/remove_initializer_from_input.py.[m
[0;93m2026-05-30 09:13:03.910091123 [W:onnxruntime:, graph.cc:1362 Graph] Initializer conv_4_W appears in graph inputs and will not be treated as constant value/weight. This may prevent some of the graph optimizations, like const folding. Move it out of graph inputs if there is no need to override it, by either re-generating the model with latest exporter/converter or with the tool onnxruntime/tools/python/remove_initializer_from_input.py.[m
[0;93m2026-05-30 09:13:03.910092304 [W:onnxruntime:, graph.cc:1362 Graph] Initializer conv_4_B appears in graph inputs and will not be treated as constant value/weight. This may prevent some of the graph optimizations, like const folding. Move it out of graph inputs if there is no need to override it, by either re-generating the model with latest exporter/converter or with the tool onnxruntime/tools/python/remove_initializer_from_input.py.[m
[0;93m2026-05-30 09:13:03.910094110 [W:onnxruntime:, graph.cc:1362 Graph] Initializer fc_1_W appears in graph inputs and will not be treated as constant value/weight. This may prevent some of the graph optimizations, like const folding. Move it out of graph inputs if there is no need to override it, by either re-generating the model with latest exporter/converter or with the tool onnxruntime/tools/python/remove_initializer_from_input.py.[m
[0;93m2026-05-30 09:13:03.910095386 [W:onnxruntime:, graph.cc:1362 Graph] Initializer fc_1_B appears in graph inputs and will not be treated as constant value/weight. This may prevent some of the graph optimizations, like const folding. Move it out of graph inputs if there is no need to override it, by either re-generating the model with latest exporter/converter or with the tool onnxruntime/tools/python/remove_initializer_from_input.py.[m
[0;93m2026-05-30 09:13:03.910096708 [W:onnxruntime:, graph.cc:1362 Graph] Initializer fc_2_W appears in graph inputs and will not be treated as constant value/weight. This may prevent some of the graph optimizations, like const folding. Move it out of graph inputs if there is no need to override it, by either re-generating the model with latest exporter/converter or with the tool onnxruntime/tools/python/remove_initializer_from_input.py.[m
[0;93m2026-05-30 09:13:03.910097847 [W:onnxruntime:, graph.cc:1362 Graph] Initializer fc_2_B appears in graph inputs and will not be treated as constant value/weight. This may prevent some of the graph optimizations, like const folding. Move it out of graph inputs if there is no need to override it, by either re-generating the model with latest exporter/converter or with the tool onnxruntime/tools/python/remove_initializer_from_input.py.[m
[ACT] Using existing Gurobi license: ../ACT/modules/gurobi/gurobi.lic
✅ Device Manager Initialized: device=cuda:0, dtype=torch.float64

================================================================================
ACT: Abstract Constraint Transformer
Inference-based whitebox fuzzing for neural network verification
================================================================================


================================================================================
VERIFICATION TEST: VNNLIB → VerifiableModel → verify_once
================================================================================

[vnnlib] category=collins_rul_cnn_2022 max_instances=1 mode=hybridz (full TOP1_ROBUST via labeled_tensor collapse; device=cuda, timeout=180.0s)
  [  1/1] collins_rul_cnn_2022/onnx/NN_rul_small_window_20.onnx@vnnlib/robustness_4perturbations_delta5_epsilon10_w20.vnnlib: FALSIFIED (1.5s)  V=0 A=1 U=0 E=0  R=0

[vnnlib/hybridz] FINAL — total=1 wall=0.0 min
  FALSIFIED    1
  [structured] per-instance log → /data1/Kane/ACT/audit_results/eight_bench_rerun_20260529T231224Z/collins_rul_cnn_2022_b0_15/per_instance_collins_rul_cnn_2022_20260529T231303934654Z.json

================================================================================
VERIFICATION TEST SUMMARY
================================================================================
  ✅ vnnlib                    PASSED
================================================================================

