=== CORA STRICT: bench=sat_relu idx=10  timeout=100  start=2026-05-27 13:01:12
=== onnx=onnx/unsat_v95_c275.onnx
=== vnnlib=vnnlib/unsat_v95_c275.vnnlib
prepare_instance(sat_relu,/data1/Kane/data/vnncomp2025_benchmarks/benchmarks/sat_relu/onnx/unsat_v95_c275.onnx,/data1/Kane/data/vnncomp2025_benchmarks/benchmarks/sat_relu/vnnlib/unsat_v95_c275.vnnlib)...
--- Loading network... done
--- GPU available: true
--- Loading specification... done
--- Storing MATLAB file... done
______________________________
 neuralNetwork/verify options 
------------------------------
 - GPU: true                                                                                                                                                                                                                                                                                                  
 - Poly. Method: bounds                                     
 - Batchsize: 1024                                                                                                                          
 - Interval Center: false                 
 - Num. init. Generators: Inf 
 - Num. approx. Error (per nonl. Layer): Inf 
 - approx. Error Heuristic: sensitivity*length 
 - Falsification Method: none 
 - Refinement Method: naive     
 - Num. of Splits: 2                                                                                  
 - Num. of Dimensions: 1                          
 - Num. of Neuron-Splits: 0     
 - Num. of ReLU-Tightening Constraints: 0 
______________________________

run_instance(sat_relu,/data1/Kane/data/vnncomp2025_benchmarks/benchmarks/sat_relu/onnx/unsat_v95_c275.onnx,/data1/Kane/data/vnncomp2025_benchmarks/benchmarks/sat_relu/vnnlib/unsat_v95_c275.vnnlib,/data1/Kane/ACT/audit_results/cora_truestrict_20260527/sat_relu/0010__unsat_v95_c275__unsat_v95_c275.result,100,0)...
--- Loading MATLAB file... done
--- Deleting MATLAB file... done
--- GPU available: true
--- Running verification... done
Writing results...
--- opening results file ... done
--- writing file ...=== CORA STRICT: verdict=unknown wall=4.129s
[2026-05-27 13:01:16] [sat_relu] 10/100 sat=0 unsat=0 timeout=10 err=0 resumed=0
