=== CORA STRICT: bench=sat_relu idx=17  timeout=100  start=2026-05-27 13:01:32
=== onnx=onnx/sat_v51_c255.onnx
=== vnnlib=vnnlib/sat_v51_c255.vnnlib
prepare_instance(sat_relu,/data1/Kane/data/vnncomp2025_benchmarks/benchmarks/sat_relu/onnx/sat_v51_c255.onnx,/data1/Kane/data/vnncomp2025_benchmarks/benchmarks/sat_relu/vnnlib/sat_v51_c255.vnnlib)...
--- Loading network... done
--- GPU available: true
--- Loading specification... done
--- Storing MATLAB file... done
______________________________
 neuralNetwork/verify options 
------------------------------
 - GPU: true                                                                                                                                                                                                                                                                                                  
 - Poly. Method: bounds                                     
 - Batchsize: 1024                                                                                                                          
 - Interval Center: false                 
 - Num. init. Generators: Inf 
 - Num. approx. Error (per nonl. Layer): Inf 
 - approx. Error Heuristic: sensitivity*length 
 - Falsification Method: none 
 - Refinement Method: naive     
 - Num. of Splits: 2                                                                                  
 - Num. of Dimensions: 1                          
 - Num. of Neuron-Splits: 0     
 - Num. of ReLU-Tightening Constraints: 0 
______________________________

run_instance(sat_relu,/data1/Kane/data/vnncomp2025_benchmarks/benchmarks/sat_relu/onnx/sat_v51_c255.onnx,/data1/Kane/data/vnncomp2025_benchmarks/benchmarks/sat_relu/vnnlib/sat_v51_c255.vnnlib,/data1/Kane/ACT/audit_results/cora_truestrict_20260527/sat_relu/0017__sat_v51_c255__sat_v51_c255.result,100,0)...
--- Loading MATLAB file... done
--- Deleting MATLAB file... done
--- GPU available: true
--- Running verification... done
Writing results...
--- opening results file ... done
--- writing file ...=== CORA STRICT: verdict=unknown wall=1.761s
