INFO:act.front_end.vnnlib_loader.data_model_loader:Loading VNNLIB instance: cora_2024/./onnx/cifar10-trades.onnx
INFO:act.front_end.vnnlib_loader.data_model_loader:[1/3] Converting ONNX model to PyTorch...
INFO:act.front_end.vnnlib_loader.onnx_converter:Loading ONNX model from /data1/Kane/data/vnncomp2025_benchmarks/benchmarks/cora_2024/onnx/cifar10-trades.onnx
INFO:act.front_end.vnnlib_loader.onnx_converter:Converting ONNX to PyTorch (simplify-first; raw fallback)
INFO:act.front_end.vnnlib_loader.onnx_converter:Upgrading ONNX opset 8 → 13
INFO:act.front_end.vnnlib_loader.onnx_converter:Simplifying ONNX model
INFO:act.front_end.vnnlib_loader.onnx_converter:Converted model to device=cuda:0, dtype=torch.float64
INFO:act.front_end.vnnlib_loader.onnx_converter:Successfully converted ONNX model: cifar10-trades.onnx
INFO:act.front_end.vnnlib_loader.data_model_loader:  ✓ Model converted successfully
INFO:act.front_end.vnnlib_loader.data_model_loader:[2/3] Extracting input shape...
INFO:act.front_end.vnnlib_loader.onnx_converter:Normalized dynamic batch to 1: (1, 3072)
INFO:act.front_end.vnnlib_loader.data_model_loader:  ✓ Input shape: (1, 3072)
INFO:act.front_end.vnnlib_loader.data_model_loader:[3/3] Parsing VNNLIB specification...
INFO:act.front_end.vnnlib_loader.vnnlib_parser:Parsed VNNLIB: 3072 inputs, 10 outputs, type=unknown
INFO:act.front_end.vnnlib_loader.data_model_loader:  ✓ Parsed VNNLIB: 3072 inputs, 10 outputs
INFO:act.front_end.vnnlib_loader.data_model_loader:Successfully loaded VNNLIB instance from 'cora_2024'
INFO:act.front_end.vnnlib_loader.vnnlib_parser:Parsed cifar10-img440.vnnlib: 9 query(ies)
WARNING:act.back_end.solver.solver_hz:L17 FALLBACK (OutOfMemoryError): CUDA out of memory. Tried to allocate 20.00 MiB. GPU 0 has a total capacity of 94.96 GiB of which 14.25 MiB is free. Process 2687037 has 690.00 MiB memory in use. Process 395384 has 550.00 MiB memory in use. Process 395382 has 550.00 MiB memory in use. Process 395383 has 550.00 MiB memory in use. Process 395381 has 550.00 MiB memory in use. Process 461113 has 77.87 GiB memory in use. Process 467201 has 1.07 GiB memory in use. Process 467231 has 11.72 GiB memory in use. Including non-PyTorch memory, this process has 1.17 GiB memory in use. Of the allocated memory 543.08 MiB is allocated by PyTorch, and 4.92 MiB is reserved by PyTorch but unallocated. If reserved but unallocated memory is large try setting PYTORCH_CUDA_ALLOC_CONF=expandable_segments:True to avoid fragmentation.  See documentation for Memory Management  (https://pytorch.org/docs/stable/notes/cuda.html#environment-variables)
WARNING:act.back_end.solver.solver_hz:L12 FALLBACK (OutOfMemoryError): CUDA out of memory. Tried to allocate 38.00 MiB. GPU 0 has a total capacity of 94.96 GiB of which 20.25 MiB is free. Process 2687037 has 690.00 MiB memory in use. Process 395384 has 550.00 MiB memory in use. Process 395382 has 550.00 MiB memory in use. Process 395383 has 550.00 MiB memory in use. Process 395381 has 550.00 MiB memory in use. Process 461113 has 77.87 GiB memory in use. Process 467201 has 1.08 GiB memory in use. Process 467231 has 11.72 GiB memory in use. Including non-PyTorch memory, this process has 1.15 GiB memory in use. Of the allocated memory 502.90 MiB is allocated by PyTorch, and 25.10 MiB is reserved by PyTorch but unallocated. If reserved but unallocated memory is large try setting PYTORCH_CUDA_ALLOC_CONF=expandable_segments:True to avoid fragmentation.  See documentation for Memory Management  (https://pytorch.org/docs/stable/notes/cuda.html#environment-variables)
[ACT] Using existing Gurobi license: ../ACT/modules/gurobi/gurobi.lic
✅ Device Manager Initialized: device=cuda:0, dtype=torch.float64

================================================================================
ACT: Abstract Constraint Transformer
Inference-based whitebox fuzzing for neural network verification
================================================================================


================================================================================
VERIFICATION TEST: VNNLIB → VerifiableModel → verify_once
================================================================================

[vnnlib] category=cora_2024 max_instances=1 mode=hybridz (full TOP1_ROBUST via labeled_tensor collapse; device=cuda, timeout=300.0s)
  [  1/1] cora_2024/./onnx/cifar10-trades.onnx@vnnlib/cifar10-img440.vnnlib: ERROR_OutOfMemoryError (8.6s)  V=0 A=0 U=0 E=1  R=0
Traceback (most recent call last):
  File "/data1/Kane/ACT/act/pipeline/cli.py", line 1361, in cmd_verify
    _run_vnnlib_verify(args)
  File "/data1/Kane/ACT/act/pipeline/cli.py", line 549, in _run_vnnlib_verify
    return _run_vnnlib_verify_hybridz(args)
           ^^^^^^^^^^^^^^^^^^^^^^^^^^^^^^^^
  File "/data1/Kane/ACT/act/pipeline/cli.py", line 1246, in _run_vnnlib_verify_hybridz
    raise RuntimeError(
RuntimeError: VERIFICATION_RUN_FAILED: ERROR=1. Per-instance log preserved; inspect instance error fields.

[vnnlib/hybridz] FINAL — total=1 wall=0.1 min
  ERROR        1
  [structured] per-instance log → /data1/Kane/ACT/audit_results/cora_resume_20260529T020329Z/missing_d/per_instance_cora_2024_20260529T043818378278Z.json

❌ Test failed: VERIFICATION_RUN_FAILED: ERROR=1. Per-instance log preserved; inspect instance error fields.

================================================================================
VERIFICATION TEST SUMMARY
================================================================================
  ❌ vnnlib                    FAILED
================================================================================

