[0;93m2026-05-27 09:35:30.669640601 [W:onnxruntime:Default, device_discovery.cc:283 GetGpuDevices] Failed to detect devices under "/sys/class/drm/card0": device_discovery.cc:93 ReadFileContents Failed to open file: "/sys/class/drm/card0/device/vendor"[m
Set parameter WLSAccessID
Set parameter WLSSecret
Set parameter LicenseID to value 2542227
Academic license 2542227 - for non-commercial use only - registered to ka___@unsw.edu.au

 [!] GlobalSettings:
	- use_restart                             : True
	- use_mip_tightening                      : True
	- use_attack                              : False
	- attack_interval                         : 10
	- use_mip_verify                          : True
	- input_splitting_threshold               : 0.5
	- hidden_splitting_threshold              : 0.01
	- safety_num_input_perturbed              : 200
	- skip_preprocess                         : False
	- use_save_reasoning_step                 : False
	- max_iterations                          : 1000000000.0
	- skip_initial_worst_bound                : -1000000.0
	- max_domains                             : 1000000000.0
	- use_decompose                           : False
	- restart_current_hidden_branches         : 2000
	- restart_visited_hidden_branches         : 20000
	- restart_current_input_branches          : 20000
	- restart_visited_input_branches          : 200000
	- restart_max_runtime                     : 60.0
	- restart_max_runtime_percentage          : 0.4
	- mip_tightening_patience                 : 10
	- mip_tightening_timeout_per_neuron       : 15.0
	- mip_tightening_topk                     : 64
	- use_gpu_tightening                      : False
	- gpu_tightening_current_hidden_branches  : 1000
	- gpu_tightening_visited_hidden_branches  : 5000
	- gpu_tightening_timeout                  : 10.0
	- gpu_tightening_patience                 : 10
	- gpu_tightening_topk                     : 500
	- use_mip_attack                          : False
	- mip_verify_threshold                    : 2
	- share_alphas                            : False
	- backward_batch_size                     : inf
	- forward_max_dim                         : 10000
	- forward_dynamic                         : False
	- use_decompose_incomplete                : False
	- init_abstraction_method                 : crown-optimized
	- subverifier_decision_method             : smart
	- verify_candidate_batch                  : 3
	- verify_last_timeout                     : 200.0
	- verify_interm_timeout                   : 20.0
	- sequential_batch                        : 100
	- use_sequential_abstract_forward         : False
	- verify_extra_opts                       : {'sparse_intermediate_bounds': True}
	- verify_splitting_strategy               : hidden
	- use_extra_substitution                  : False
	- verify_max_iteration                    : 4
	- verify_candidate_num                    : 128
	- verify_interpolate_factor               : 0.5

ConvertModel(
  (Gemm_/fst_linear_layer/Gemm_output_0): Linear(in_features=128, out_features=12288, bias=True)
  (Relu_/relu/Relu_output_0): ReLU()
  (Constant_/Constant_output_0): Constant(constant=tensor([-1,  3, 64, 64], device='cuda:0'))
  (Reshape_/Reshape_output_0): Reshape(shape=None)
  (Conv_/model/model.0/Conv_output_0): Conv2d(3, 24, kernel_size=(1, 1), stride=(1, 1))
  (Relu_/model/model.1/Relu_output_0): ReLU()
  (Conv_/model/model.2/Conv_output_0): Conv2d(24, 24, kernel_size=(3, 3), stride=(1, 1), padding=(1, 1))
  (Relu_/model/model.3/Relu_output_0): ReLU()
  (Conv_/model/model.4/Conv_output_0): Conv2d(24, 24, kernel_size=(1, 1), stride=(2, 2))
  (Relu_/model/model.5/Relu_output_0): ReLU()
  (Conv_/model/model.6/Conv_output_0): Conv2d(24, 24, kernel_size=(1, 1), stride=(2, 2))
  (Relu_/model/model.7/Relu_output_0): ReLU()
  (Conv_/model/model.8/Conv_output_0): Conv2d(24, 24, kernel_size=(1, 1), stride=(2, 2))
  (Relu_/model/model.9/Relu_output_0): ReLU()
  (Conv_/model/model.10/Conv_output_0): Conv2d(24, 24, kernel_size=(1, 1), stride=(2, 2))
  (Flatten_/model/model.11/Flatten_output_0): Flatten(start_dim=1, end_dim=-1)
  (Gemm_output): Linear(in_features=384, out_features=384, bias=True)
)
INFO     09:35:38     [!] Input shape: (1, 128)
INFO     09:35:38     [!] Output shape: (1, 384)
INFO     09:35:38     [!] VNNLIB: 128 inputs, 384 outputs
INFO     09:35:38     [!] eps=1.000000, perturbed=128
[!] Found unsupported layer: <class 'helper.network.onnx2pytorch.operations.constant.Constant'>
INFO     09:35:38     Params of 1-th run: {'input_split': True, 'abstract_method': 'forward+backward', 'decision_method': 'naive', 'decision_topk': 1}
INFO     09:35:38     [_setup_restart] _init_abstractor
DEBUG    09:35:39     [select_params] Try self.input_split=True Settings.backward_batch_size=inf extra_opts={} mode='patches' method='forward+backward'
DEBUG    09:35:39     [_init_module] Try bound_opts={'conv_mode': 'patches', 'verbosity': 0}
INFO     09:35:42     [select_params] Success: self.input_split=True Settings.backward_batch_size=inf extra_opts={} mode='patches' method='forward+backward'
INFO     09:35:42     Try batch size 1000
INFO     09:35:42     Initial bounds (first 10): tensor([-0.4817, -1.2381, -0.0423, -3.0254, -0.4986,  0.6637,  1.5987, -0.8554,
        -0.5498,  2.1265])
INFO     09:35:42     [Input splitting]     Iteration: 1          Remaining: 2          Visited: 2          Bound: -0.003400       Time elapsed (s): 3.92       Iteration elapsed (s): 0.18       GPU Mem (%): 3.59      Batch: 1000      Restart: 1         
INFO     09:35:42     [Input splitting]     Iteration: 2          Remaining: 4          Visited: 4          Bound: -0.003400       Time elapsed (s): 4.12       Iteration elapsed (s): 0.20       GPU Mem (%): 5.08      Batch: 1000      Restart: 1         
INFO     09:35:43     [Input splitting]     Iteration: 3          Remaining: 4          Visited: 8          Bound: -0.003398       Time elapsed (s): 4.32       Iteration elapsed (s): 0.20       GPU Mem (%): 8.03      Batch: 1000      Restart: 1         
INFO     09:35:43     [Input splitting]     Iteration: 4          Remaining: 8          Visited: 12         Bound: -0.003398       Time elapsed (s): 4.42       Iteration elapsed (s): 0.10       GPU Mem (%): 7.64      Batch: 1000      Restart: 1         
INFO     09:35:43     [Input splitting]     Iteration: 5          Remaining: 16         Visited: 20         Bound: -0.003398       Time elapsed (s): 4.59       Iteration elapsed (s): 0.17       GPU Mem (%): 13.56     Batch: 1000      Restart: 1         
INFO     09:35:43     [Input splitting]     Iteration: 6          Remaining: 32         Visited: 36         Bound: -0.003411       Time elapsed (s): 4.79       Iteration elapsed (s): 0.20       GPU Mem (%): 25.80     Batch: 1000      Restart: 1         
INFO     09:35:43     [Input splitting]     Iteration: 7          Remaining: 64         Visited: 68         Bound: -0.003410       Time elapsed (s): 5.10       Iteration elapsed (s): 0.31       GPU Mem (%): 49.49     Batch: 1000      Restart: 1         
DEBUG    09:35:44     Fixed self.batch=64
INFO     09:35:44     [Input splitting]     Iteration: 8          Remaining: 128        Visited: 132        Bound: -0.003406       Time elapsed (s): 5.73       Iteration elapsed (s): 0.62       GPU Mem (%): 96.88     Batch: 64        Restart: 1         
DEBUG    09:35:44     Fixed self.batch=64
INFO     09:35:44     [Input splitting]     Iteration: 9          Remaining: 192        Visited: 196        Bound: -0.003406       Time elapsed (s): 6.26       Iteration elapsed (s): 0.53       GPU Mem (%): 90.51     Batch: 64        Restart: 1         
DEBUG    09:35:45     Fixed self.batch=64
INFO     09:35:45     [Input splitting]     Iteration: 10         Remaining: 256        Visited: 260        Bound: -0.003406       Time elapsed (s): 6.79       Iteration elapsed (s): 0.53       GPU Mem (%): 90.51     Batch: 64        Restart: 1         
DEBUG    09:35:46     Fixed self.batch=64
INFO     09:35:46     [Input splitting]     Iteration: 11         Remaining: 320        Visited: 324        Bound: -0.003406       Time elapsed (s): 7.37       Iteration elapsed (s): 0.58       GPU Mem (%): 90.51     Batch: 64        Restart: 1         
DEBUG    09:35:46     Fixed self.batch=64
INFO     09:35:46     [Input splitting]     Iteration: 12         Remaining: 384        Visited: 388        Bound: -0.003406       Time elapsed (s): 7.96       Iteration elapsed (s): 0.59       GPU Mem (%): 90.51     Batch: 64        Restart: 1         
DEBUG    09:35:47     Fixed self.batch=64
INFO     09:35:47     [Input splitting]     Iteration: 13         Remaining: 448        Visited: 452        Bound: -0.003406       Time elapsed (s): 8.49       Iteration elapsed (s): 0.53       GPU Mem (%): 90.51     Batch: 64        Restart: 1         
DEBUG    09:35:47     Fixed self.batch=64
INFO     09:35:47     [Input splitting]     Iteration: 14         Remaining: 512        Visited: 516        Bound: -0.003406       Time elapsed (s): 9.05       Iteration elapsed (s): 0.55       GPU Mem (%): 90.51     Batch: 64        Restart: 1         
DEBUG    09:35:48     Fixed self.batch=64
INFO     09:35:48     [Input splitting]     Iteration: 15         Remaining: 576        Visited: 580        Bound: -0.003406       Time elapsed (s): 9.59       Iteration elapsed (s): 0.54       GPU Mem (%): 90.46     Batch: 64        Restart: 1         
DEBUG    09:35:48     Fixed self.batch=64
INFO     09:35:48     [Input splitting]     Iteration: 16         Remaining: 640        Visited: 644        Bound: -0.003406       Time elapsed (s): 10.12      Iteration elapsed (s): 0.53       GPU Mem (%): 90.41     Batch: 64        Restart: 1         
DEBUG    09:35:49     Fixed self.batch=64
INFO     09:35:49     [Input splitting]     Iteration: 17         Remaining: 704        Visited: 708        Bound: -0.003406       Time elapsed (s): 10.62      Iteration elapsed (s): 0.50       GPU Mem (%): 90.41     Batch: 64        Restart: 1         
DEBUG    09:35:49     Fixed self.batch=64
INFO     09:35:49     [Input splitting]     Iteration: 18         Remaining: 768        Visited: 772        Bound: -0.003406       Time elapsed (s): 11.10      Iteration elapsed (s): 0.48       GPU Mem (%): 90.41     Batch: 64        Restart: 1         
DEBUG    09:35:50     Fixed self.batch=64
INFO     09:35:50     [Input splitting]     Iteration: 19         Remaining: 832        Visited: 836        Bound: -0.003406       Time elapsed (s): 11.58      Iteration elapsed (s): 0.48       GPU Mem (%): 90.41     Batch: 64        Restart: 1         
DEBUG    09:35:50     Fixed self.batch=64
INFO     09:35:50     [Input splitting]     Iteration: 20         Remaining: 896        Visited: 900        Bound: -0.003406       Time elapsed (s): 12.16      Iteration elapsed (s): 0.58       GPU Mem (%): 90.43     Batch: 64        Restart: 1         
DEBUG    09:35:51     Fixed self.batch=64
INFO     09:35:51     [Input splitting]     Iteration: 21         Remaining: 960        Visited: 964        Bound: -0.003406       Time elapsed (s): 12.76      Iteration elapsed (s): 0.60       GPU Mem (%): 90.43     Batch: 64        Restart: 1         
DEBUG    09:35:52     Fixed self.batch=64
INFO     09:35:52     [Input splitting]     Iteration: 22         Remaining: 1024       Visited: 1028       Bound: -0.003406       Time elapsed (s): 13.33      Iteration elapsed (s): 0.57       GPU Mem (%): 90.43     Batch: 64        Restart: 1         
DEBUG    09:35:52     Fixed self.batch=64
INFO     09:35:52     [Input splitting]     Iteration: 23         Remaining: 1088       Visited: 1092       Bound: -0.003406       Time elapsed (s): 13.99      Iteration elapsed (s): 0.66       GPU Mem (%): 91.07     Batch: 64        Restart: 1         
DEBUG    09:35:53     Fixed self.batch=64
INFO     09:35:53     [Input splitting]     Iteration: 24         Remaining: 1152       Visited: 1156       Bound: -0.003406       Time elapsed (s): 14.51      Iteration elapsed (s): 0.52       GPU Mem (%): 91.07     Batch: 64        Restart: 1         
DEBUG    09:35:53     Fixed self.batch=64
INFO     09:35:53     [Input splitting]     Iteration: 25         Remaining: 1216       Visited: 1220       Bound: -0.003406       Time elapsed (s): 15.04      Iteration elapsed (s): 0.53       GPU Mem (%): 91.07     Batch: 64        Restart: 1         
DEBUG    09:35:54     Fixed self.batch=64
INFO     09:35:54     [Input splitting]     Iteration: 26         Remaining: 1280       Visited: 1284       Bound: -0.003406       Time elapsed (s): 15.62      Iteration elapsed (s): 0.57       GPU Mem (%): 91.07     Batch: 64        Restart: 1         
DEBUG    09:35:54     Fixed self.batch=64
INFO     09:35:54     [Input splitting]     Iteration: 27         Remaining: 1344       Visited: 1348       Bound: -0.003406       Time elapsed (s): 16.20      Iteration elapsed (s): 0.59       GPU Mem (%): 91.10     Batch: 64        Restart: 1         
DEBUG    09:35:55     Fixed self.batch=64
INFO     09:35:55     [Input splitting]     Iteration: 28         Remaining: 1408       Visited: 1412       Bound: -0.003406       Time elapsed (s): 16.73      Iteration elapsed (s): 0.52       GPU Mem (%): 91.10     Batch: 64        Restart: 1         
DEBUG    09:35:55     Fixed self.batch=64
INFO     09:35:55     [Input splitting]     Iteration: 29         Remaining: 1472       Visited: 1476       Bound: -0.003406       Time elapsed (s): 17.25      Iteration elapsed (s): 0.53       GPU Mem (%): 91.10     Batch: 64        Restart: 1         
DEBUG    09:35:56     Fixed self.batch=64
INFO     09:35:56     [Input splitting]     Iteration: 30         Remaining: 1536       Visited: 1540       Bound: -0.003406       Time elapsed (s): 17.87      Iteration elapsed (s): 0.62       GPU Mem (%): 91.10     Batch: 64        Restart: 1         
DEBUG    09:35:57     Fixed self.batch=64
INFO     09:35:57     [Input splitting]     Iteration: 31         Remaining: 1600       Visited: 1604       Bound: -0.003406       Time elapsed (s): 18.45      Iteration elapsed (s): 0.58       GPU Mem (%): 91.10     Batch: 64        Restart: 1         
DEBUG    09:35:57     Fixed self.batch=64
INFO     09:35:57     [Input splitting]     Iteration: 32         Remaining: 1664       Visited: 1668       Bound: -0.003406       Time elapsed (s): 18.95      Iteration elapsed (s): 0.49       GPU Mem (%): 91.10     Batch: 64        Restart: 1         
DEBUG    09:35:58     Fixed self.batch=64
INFO     09:35:58     [Input splitting]     Iteration: 33         Remaining: 1728       Visited: 1732       Bound: -0.003406       Time elapsed (s): 19.43      Iteration elapsed (s): 0.49       GPU Mem (%): 91.10     Batch: 64        Restart: 1         
DEBUG    09:35:58     Fixed self.batch=64
INFO     09:35:58     [Input splitting]     Iteration: 34         Remaining: 1792       Visited: 1796       Bound: -0.003406       Time elapsed (s): 19.92      Iteration elapsed (s): 0.49       GPU Mem (%): 91.10     Batch: 64        Restart: 1         
DEBUG    09:35:59     Fixed self.batch=64
INFO     09:35:59     [Input splitting]     Iteration: 35         Remaining: 1856       Visited: 1860       Bound: -0.003406       Time elapsed (s): 20.41      Iteration elapsed (s): 0.48       GPU Mem (%): 91.10     Batch: 64        Restart: 1         
DEBUG    09:35:59     Fixed self.batch=64
INFO     09:35:59     [Input splitting]     Iteration: 36         Remaining: 1920       Visited: 1924       Bound: -0.003406       Time elapsed (s): 20.96      Iteration elapsed (s): 0.55       GPU Mem (%): 91.10     Batch: 64        Restart: 1         
DEBUG    09:36:00     Fixed self.batch=64
INFO     09:36:00     [Input splitting]     Iteration: 37         Remaining: 1984       Visited: 1988       Bound: -0.003406       Time elapsed (s): 21.46      Iteration elapsed (s): 0.50       GPU Mem (%): 91.10     Batch: 64        Restart: 1         
DEBUG    09:36:00     Fixed self.batch=64
INFO     09:36:00     [Input splitting]     Iteration: 38         Remaining: 1984       Visited: 2052       Bound: -0.003406       Time elapsed (s): 21.97      Iteration elapsed (s): 0.51       GPU Mem (%): 91.10     Batch: 64        Restart: 1         
DEBUG    09:36:01     Fixed self.batch=64
INFO     09:36:01     [Input splitting]     Iteration: 39         Remaining: 2048       Visited: 2116       Bound: -0.003406       Time elapsed (s): 22.49      Iteration elapsed (s): 0.52       GPU Mem (%): 91.10     Batch: 64        Restart: 1         
DEBUG    09:36:02     Fixed self.batch=64
INFO     09:36:02     [Input splitting]     Iteration: 40         Remaining: 2112       Visited: 2180       Bound: -0.003406       Time elapsed (s): 23.28      Iteration elapsed (s): 0.80       GPU Mem (%): 90.41     Batch: 64        Restart: 1         
DEBUG    09:36:02     Fixed self.batch=64
INFO     09:36:02     [Input splitting]     Iteration: 41         Remaining: 2176       Visited: 2244       Bound: -0.003406       Time elapsed (s): 23.77      Iteration elapsed (s): 0.49       GPU Mem (%): 90.41     Batch: 64        Restart: 1         
DEBUG    09:36:03     Fixed self.batch=64
INFO     09:36:03     [Input splitting]     Iteration: 42         Remaining: 2240       Visited: 2308       Bound: -0.003406       Time elapsed (s): 24.29      Iteration elapsed (s): 0.52       GPU Mem (%): 90.41     Batch: 64        Restart: 1         
DEBUG    09:36:03     Fixed self.batch=64
INFO     09:36:03     [Input splitting]     Iteration: 43         Remaining: 2304       Visited: 2372       Bound: -0.003406       Time elapsed (s): 24.77      Iteration elapsed (s): 0.48       GPU Mem (%): 90.41     Batch: 64        Restart: 1         
DEBUG    09:36:04     Fixed self.batch=64
INFO     09:36:04     [Input splitting]     Iteration: 44         Remaining: 2368       Visited: 2436       Bound: -0.003406       Time elapsed (s): 25.27      Iteration elapsed (s): 0.50       GPU Mem (%): 90.41     Batch: 64        Restart: 1         
DEBUG    09:36:04     Fixed self.batch=64
INFO     09:36:04     [Input splitting]     Iteration: 45         Remaining: 2432       Visited: 2500       Bound: -0.003406       Time elapsed (s): 25.78      Iteration elapsed (s): 0.52       GPU Mem (%): 90.41     Batch: 64        Restart: 1         
DEBUG    09:36:05     Fixed self.batch=64
INFO     09:36:05     [Input splitting]     Iteration: 46         Remaining: 2496       Visited: 2564       Bound: -0.003406       Time elapsed (s): 26.28      Iteration elapsed (s): 0.49       GPU Mem (%): 90.41     Batch: 64        Restart: 1         
DEBUG    09:36:05     Fixed self.batch=64
INFO     09:36:05     [Input splitting]     Iteration: 47         Remaining: 2560       Visited: 2628       Bound: -0.003406       Time elapsed (s): 26.74      Iteration elapsed (s): 0.46       GPU Mem (%): 90.41     Batch: 64        Restart: 1         
DEBUG    09:36:05     Fixed self.batch=64
INFO     09:36:05     [Input splitting]     Iteration: 48         Remaining: 2624       Visited: 2692       Bound: -0.003406       Time elapsed (s): 27.23      Iteration elapsed (s): 0.49       GPU Mem (%): 90.41     Batch: 64        Restart: 1         
DEBUG    09:36:06     Fixed self.batch=64
INFO     09:36:06     [Input splitting]     Iteration: 49         Remaining: 2688       Visited: 2756       Bound: -0.003406       Time elapsed (s): 27.81      Iteration elapsed (s): 0.58       GPU Mem (%): 90.41     Batch: 64        Restart: 1         
DEBUG    09:36:07     Fixed self.batch=64
INFO     09:36:07     [Input splitting]     Iteration: 50         Remaining: 2752       Visited: 2820       Bound: -0.003406       Time elapsed (s): 28.45      Iteration elapsed (s): 0.64       GPU Mem (%): 90.41     Batch: 64        Restart: 1         
DEBUG    09:36:07     Fixed self.batch=64
INFO     09:36:07     [Input splitting]     Iteration: 51         Remaining: 2816       Visited: 2884       Bound: -0.003406       Time elapsed (s): 29.00      Iteration elapsed (s): 0.55       GPU Mem (%): 90.41     Batch: 64        Restart: 1         
DEBUG    09:36:08     Fixed self.batch=64
INFO     09:36:08     [Input splitting]     Iteration: 52         Remaining: 2816       Visited: 2948       Bound: -0.003406       Time elapsed (s): 29.45      Iteration elapsed (s): 0.45       GPU Mem (%): 90.41     Batch: 64        Restart: 1         
DEBUG    09:36:08     Fixed self.batch=64
INFO     09:36:08     [Input splitting]     Iteration: 53         Remaining: 2880       Visited: 3012       Bound: -0.003406       Time elapsed (s): 29.91      Iteration elapsed (s): 0.46       GPU Mem (%): 90.41     Batch: 64        Restart: 1         
DEBUG    09:36:09     Fixed self.batch=64
INFO     09:36:09     [Input splitting]     Iteration: 54         Remaining: 2944       Visited: 3076       Bound: -0.003406       Time elapsed (s): 30.41      Iteration elapsed (s): 0.49       GPU Mem (%): 90.41     Batch: 64        Restart: 1         
DEBUG    09:36:09     Fixed self.batch=64
INFO     09:36:09     [Input splitting]     Iteration: 55         Remaining: 3008       Visited: 3140       Bound: -0.003406       Time elapsed (s): 30.87      Iteration elapsed (s): 0.46       GPU Mem (%): 90.41     Batch: 64        Restart: 1         
DEBUG    09:36:10     Fixed self.batch=64
INFO     09:36:10     [Input splitting]     Iteration: 56         Remaining: 3072       Visited: 3204       Bound: -0.003406       Time elapsed (s): 31.35      Iteration elapsed (s): 0.47       GPU Mem (%): 90.41     Batch: 64        Restart: 1         
DEBUG    09:36:10     Fixed self.batch=64
INFO     09:36:10     [Input splitting]     Iteration: 57         Remaining: 3136       Visited: 3268       Bound: -0.003406       Time elapsed (s): 31.90      Iteration elapsed (s): 0.55       GPU Mem (%): 90.41     Batch: 64        Restart: 1         
DEBUG    09:36:11     Fixed self.batch=64
INFO     09:36:11     [Input splitting]     Iteration: 58         Remaining: 3200       Visited: 3332       Bound: -0.003406       Time elapsed (s): 32.41      Iteration elapsed (s): 0.51       GPU Mem (%): 90.43     Batch: 64        Restart: 1         
DEBUG    09:36:11     Fixed self.batch=64
INFO     09:36:11     [Input splitting]     Iteration: 59         Remaining: 3264       Visited: 3396       Bound: -0.003406       Time elapsed (s): 32.92      Iteration elapsed (s): 0.50       GPU Mem (%): 90.43     Batch: 64        Restart: 1         
DEBUG    09:36:12     Fixed self.batch=64
INFO     09:36:12     [Input splitting]     Iteration: 60         Remaining: 3328       Visited: 3460       Bound: -0.003406       Time elapsed (s): 33.47      Iteration elapsed (s): 0.55       GPU Mem (%): 90.44     Batch: 64        Restart: 1         
DEBUG    09:36:12     Fixed self.batch=64
INFO     09:36:12     [Input splitting]     Iteration: 61         Remaining: 3392       Visited: 3524       Bound: -0.003406       Time elapsed (s): 34.02      Iteration elapsed (s): 0.56       GPU Mem (%): 90.98     Batch: 64        Restart: 1         
DEBUG    09:36:13     Fixed self.batch=64
INFO     09:36:13     [Input splitting]     Iteration: 62         Remaining: 3456       Visited: 3588       Bound: -0.003406       Time elapsed (s): 34.57      Iteration elapsed (s): 0.55       GPU Mem (%): 91.07     Batch: 64        Restart: 1         
DEBUG    09:36:13     Fixed self.batch=64
INFO     09:36:13     [Input splitting]     Iteration: 63         Remaining: 3520       Visited: 3652       Bound: -0.003406       Time elapsed (s): 35.06      Iteration elapsed (s): 0.49       GPU Mem (%): 91.07     Batch: 64        Restart: 1         
DEBUG    09:36:14     Fixed self.batch=64
INFO     09:36:14     [Input splitting]     Iteration: 64         Remaining: 3584       Visited: 3716       Bound: -0.003406       Time elapsed (s): 35.58      Iteration elapsed (s): 0.52       GPU Mem (%): 91.10     Batch: 64        Restart: 1         
DEBUG    09:36:14     Fixed self.batch=64
INFO     09:36:14     [Input splitting]     Iteration: 65         Remaining: 3648       Visited: 3780       Bound: -0.003406       Time elapsed (s): 36.04      Iteration elapsed (s): 0.47       GPU Mem (%): 91.10     Batch: 64        Restart: 1         
DEBUG    09:36:15     Fixed self.batch=64
INFO     09:36:15     [Input splitting]     Iteration: 66         Remaining: 3712       Visited: 3844       Bound: -0.003406       Time elapsed (s): 36.56      Iteration elapsed (s): 0.52       GPU Mem (%): 91.10     Batch: 64        Restart: 1         
DEBUG    09:36:15     Fixed self.batch=64
INFO     09:36:15     [Input splitting]     Iteration: 67         Remaining: 3776       Visited: 3908       Bound: -0.003406       Time elapsed (s): 37.09      Iteration elapsed (s): 0.53       GPU Mem (%): 91.10     Batch: 64        Restart: 1         
DEBUG    09:36:16     Fixed self.batch=64
INFO     09:36:16     [Input splitting]     Iteration: 68         Remaining: 3840       Visited: 3972       Bound: -0.003406       Time elapsed (s): 37.66      Iteration elapsed (s): 0.57       GPU Mem (%): 91.10     Batch: 64        Restart: 1         
DEBUG    09:36:16     Fixed self.batch=64
INFO     09:36:16     [Input splitting]     Iteration: 69         Remaining: 3904       Visited: 4036       Bound: -0.003406       Time elapsed (s): 38.21      Iteration elapsed (s): 0.55       GPU Mem (%): 91.10     Batch: 64        Restart: 1         
DEBUG    09:36:17     Fixed self.batch=64
INFO     09:36:17     [Input splitting]     Iteration: 70         Remaining: 3968       Visited: 4100       Bound: -0.003406       Time elapsed (s): 38.76      Iteration elapsed (s): 0.55       GPU Mem (%): 91.10     Batch: 64        Restart: 1         
DEBUG    09:36:18     Fixed self.batch=64
INFO     09:36:18     [Input splitting]     Iteration: 71         Remaining: 4032       Visited: 4164       Bound: -0.003406       Time elapsed (s): 39.33      Iteration elapsed (s): 0.57       GPU Mem (%): 91.10     Batch: 64        Restart: 1         
DEBUG    09:36:18     Fixed self.batch=64
INFO     09:36:18     [Input splitting]     Iteration: 72         Remaining: 4096       Visited: 4228       Bound: -0.003406       Time elapsed (s): 39.93      Iteration elapsed (s): 0.60       GPU Mem (%): 91.10     Batch: 64        Restart: 1         
DEBUG    09:36:19     Fixed self.batch=64
INFO     09:36:19     [Input splitting]     Iteration: 73         Remaining: 4160       Visited: 4292       Bound: -0.003406       Time elapsed (s): 41.05      Iteration elapsed (s): 1.13       GPU Mem (%): 90.41     Batch: 64        Restart: 1         
DEBUG    09:36:20     Fixed self.batch=64
INFO     09:36:20     [Input splitting]     Iteration: 74         Remaining: 4224       Visited: 4356       Bound: -0.003406       Time elapsed (s): 41.58      Iteration elapsed (s): 0.53       GPU Mem (%): 90.41     Batch: 64        Restart: 1         
DEBUG    09:36:20     Fixed self.batch=64
INFO     09:36:20     [Input splitting]     Iteration: 75         Remaining: 4288       Visited: 4420       Bound: -0.003406       Time elapsed (s): 42.11      Iteration elapsed (s): 0.52       GPU Mem (%): 90.41     Batch: 64        Restart: 1         
DEBUG    09:36:21     Fixed self.batch=64
INFO     09:36:21     [Input splitting]     Iteration: 76         Remaining: 4352       Visited: 4484       Bound: -0.003406       Time elapsed (s): 42.71      Iteration elapsed (s): 0.60       GPU Mem (%): 90.41     Batch: 64        Restart: 1         
DEBUG    09:36:22     Fixed self.batch=64
INFO     09:36:22     [Input splitting]     Iteration: 77         Remaining: 4416       Visited: 4548       Bound: -0.003406       Time elapsed (s): 43.28      Iteration elapsed (s): 0.57       GPU Mem (%): 90.41     Batch: 64        Restart: 1         
DEBUG    09:36:22     Fixed self.batch=64
INFO     09:36:22     [Input splitting]     Iteration: 78         Remaining: 4480       Visited: 4612       Bound: -0.003406       Time elapsed (s): 43.81      Iteration elapsed (s): 0.53       GPU Mem (%): 90.41     Batch: 64        Restart: 1         
DEBUG    09:36:23     Fixed self.batch=64
INFO     09:36:23     [Input splitting]     Iteration: 79         Remaining: 4544       Visited: 4676       Bound: -0.003406       Time elapsed (s): 44.37      Iteration elapsed (s): 0.56       GPU Mem (%): 90.41     Batch: 64        Restart: 1         
DEBUG    09:36:23     Fixed self.batch=64
INFO     09:36:23     [Input splitting]     Iteration: 80         Remaining: 4544       Visited: 4740       Bound: -0.003406       Time elapsed (s): 44.94      Iteration elapsed (s): 0.57       GPU Mem (%): 90.41     Batch: 64        Restart: 1         
DEBUG    09:36:24     Fixed self.batch=64
INFO     09:36:24     [Input splitting]     Iteration: 81         Remaining: 4608       Visited: 4804       Bound: -0.003406       Time elapsed (s): 45.50      Iteration elapsed (s): 0.55       GPU Mem (%): 90.41     Batch: 64        Restart: 1         
DEBUG    09:36:24     Fixed self.batch=64
INFO     09:36:24     [Input splitting]     Iteration: 82         Remaining: 4672       Visited: 4868       Bound: -0.003406       Time elapsed (s): 46.07      Iteration elapsed (s): 0.56       GPU Mem (%): 90.41     Batch: 64        Restart: 1         
DEBUG    09:36:25     Fixed self.batch=64
INFO     09:36:25     [Input splitting]     Iteration: 83         Remaining: 4736       Visited: 4932       Bound: -0.003406       Time elapsed (s): 46.64      Iteration elapsed (s): 0.58       GPU Mem (%): 90.41     Batch: 64        Restart: 1         
DEBUG    09:36:25     Fixed self.batch=64
INFO     09:36:25     [Input splitting]     Iteration: 84         Remaining: 4800       Visited: 4996       Bound: -0.003406       Time elapsed (s): 47.21      Iteration elapsed (s): 0.56       GPU Mem (%): 90.41     Batch: 64        Restart: 1         
DEBUG    09:36:26     Fixed self.batch=64
INFO     09:36:26     [Input splitting]     Iteration: 85         Remaining: 4800       Visited: 5060       Bound: -0.003406       Time elapsed (s): 47.83      Iteration elapsed (s): 0.62       GPU Mem (%): 90.41     Batch: 64        Restart: 1         
DEBUG    09:36:27     Fixed self.batch=64
INFO     09:36:27     [Input splitting]     Iteration: 86         Remaining: 4864       Visited: 5124       Bound: -0.003406       Time elapsed (s): 48.38      Iteration elapsed (s): 0.55       GPU Mem (%): 90.41     Batch: 64        Restart: 1         
DEBUG    09:36:27     Fixed self.batch=64
INFO     09:36:27     [Input splitting]     Iteration: 87         Remaining: 4928       Visited: 5188       Bound: -0.003406       Time elapsed (s): 48.90      Iteration elapsed (s): 0.52       GPU Mem (%): 90.41     Batch: 64        Restart: 1         
DEBUG    09:36:28     Fixed self.batch=64
INFO     09:36:28     [Input splitting]     Iteration: 88         Remaining: 4992       Visited: 5252       Bound: -0.003406       Time elapsed (s): 49.54      Iteration elapsed (s): 0.63       GPU Mem (%): 90.41     Batch: 64        Restart: 1         
DEBUG    09:36:28     Fixed self.batch=64
INFO     09:36:28     [Input splitting]     Iteration: 89         Remaining: 5056       Visited: 5316       Bound: -0.003406       Time elapsed (s): 50.05      Iteration elapsed (s): 0.52       GPU Mem (%): 90.41     Batch: 64        Restart: 1         
DEBUG    09:36:29     Fixed self.batch=64
INFO     09:36:29     [Input splitting]     Iteration: 90         Remaining: 5120       Visited: 5380       Bound: -0.003406       Time elapsed (s): 50.57      Iteration elapsed (s): 0.51       GPU Mem (%): 90.41     Batch: 64        Restart: 1         
DEBUG    09:36:29     Fixed self.batch=64
INFO     09:36:29     [Input splitting]     Iteration: 91         Remaining: 5184       Visited: 5444       Bound: -0.003406       Time elapsed (s): 51.09      Iteration elapsed (s): 0.52       GPU Mem (%): 90.41     Batch: 64        Restart: 1         
DEBUG    09:36:30     Fixed self.batch=64
INFO     09:36:30     [Input splitting]     Iteration: 92         Remaining: 5248       Visited: 5508       Bound: -0.003406       Time elapsed (s): 51.58      Iteration elapsed (s): 0.49       GPU Mem (%): 90.41     Batch: 64        Restart: 1         
DEBUG    09:36:30     Fixed self.batch=64
INFO     09:36:30     [Input splitting]     Iteration: 93         Remaining: 5248       Visited: 5572       Bound: -0.003406       Time elapsed (s): 52.06      Iteration elapsed (s): 0.48       GPU Mem (%): 90.41     Batch: 64        Restart: 1         
DEBUG    09:36:31     Fixed self.batch=64
INFO     09:36:31     [Input splitting]     Iteration: 94         Remaining: 5312       Visited: 5636       Bound: -0.003406       Time elapsed (s): 52.57      Iteration elapsed (s): 0.51       GPU Mem (%): 90.41     Batch: 64        Restart: 1         
DEBUG    09:36:31     Fixed self.batch=64
INFO     09:36:31     [Input splitting]     Iteration: 95         Remaining: 5376       Visited: 5700       Bound: -0.003406       Time elapsed (s): 53.13      Iteration elapsed (s): 0.56       GPU Mem (%): 90.41     Batch: 64        Restart: 1         
DEBUG    09:36:32     Fixed self.batch=64
INFO     09:36:32     [Input splitting]     Iteration: 96         Remaining: 5440       Visited: 5764       Bound: -0.003406       Time elapsed (s): 53.61      Iteration elapsed (s): 0.48       GPU Mem (%): 90.41     Batch: 64        Restart: 1         
DEBUG    09:36:32     Fixed self.batch=64
INFO     09:36:32     [Input splitting]     Iteration: 97         Remaining: 5504       Visited: 5828       Bound: -0.003406       Time elapsed (s): 54.07      Iteration elapsed (s): 0.45       GPU Mem (%): 90.41     Batch: 64        Restart: 1         
DEBUG    09:36:33     Fixed self.batch=64
INFO     09:36:33     [Input splitting]     Iteration: 98         Remaining: 5504       Visited: 5892       Bound: -0.003406       Time elapsed (s): 54.55      Iteration elapsed (s): 0.48       GPU Mem (%): 90.41     Batch: 64        Restart: 1         
DEBUG    09:36:33     Fixed self.batch=64
INFO     09:36:33     [Input splitting]     Iteration: 99         Remaining: 5568       Visited: 5956       Bound: -0.003406       Time elapsed (s): 55.11      Iteration elapsed (s): 0.56       GPU Mem (%): 90.43     Batch: 64        Restart: 1         
DEBUG    09:36:34     Fixed self.batch=64
INFO     09:36:34     [Input splitting]     Iteration: 100        Remaining: 5632       Visited: 6020       Bound: -0.003406       Time elapsed (s): 55.63      Iteration elapsed (s): 0.52       GPU Mem (%): 90.43     Batch: 64        Restart: 1         
DEBUG    09:36:34     Fixed self.batch=64
INFO     09:36:34     [Input splitting]     Iteration: 101        Remaining: 5696       Visited: 6084       Bound: -0.003406       Time elapsed (s): 56.10      Iteration elapsed (s): 0.47       GPU Mem (%): 90.98     Batch: 64        Restart: 1         
DEBUG    09:36:35     Fixed self.batch=64
INFO     09:36:35     [Input splitting]     Iteration: 102        Remaining: 5760       Visited: 6148       Bound: -0.003406       Time elapsed (s): 56.59      Iteration elapsed (s): 0.49       GPU Mem (%): 91.07     Batch: 64        Restart: 1         
DEBUG    09:36:35     Fixed self.batch=64
INFO     09:36:35     [Input splitting]     Iteration: 103        Remaining: 5824       Visited: 6212       Bound: -0.003406       Time elapsed (s): 57.07      Iteration elapsed (s): 0.47       GPU Mem (%): 91.07     Batch: 64        Restart: 1         
DEBUG    09:36:36     Fixed self.batch=64
INFO     09:36:36     [Input splitting]     Iteration: 104        Remaining: 5888       Visited: 6276       Bound: -0.003406       Time elapsed (s): 57.55      Iteration elapsed (s): 0.48       GPU Mem (%): 91.10     Batch: 64        Restart: 1         
DEBUG    09:36:36     Fixed self.batch=64
INFO     09:36:36     [Input splitting]     Iteration: 105        Remaining: 5952       Visited: 6340       Bound: -0.003406       Time elapsed (s): 58.07      Iteration elapsed (s): 0.52       GPU Mem (%): 91.10     Batch: 64        Restart: 1         
DEBUG    09:36:37     Fixed self.batch=64
INFO     09:36:37     [Input splitting]     Iteration: 106        Remaining: 6016       Visited: 6404       Bound: -0.003406       Time elapsed (s): 58.58      Iteration elapsed (s): 0.50       GPU Mem (%): 91.10     Batch: 64        Restart: 1         
DEBUG    09:36:37     Fixed self.batch=64
INFO     09:36:37     [Input splitting]     Iteration: 107        Remaining: 6080       Visited: 6468       Bound: -0.003406       Time elapsed (s): 59.06      Iteration elapsed (s): 0.49       GPU Mem (%): 91.10     Batch: 64        Restart: 1         
DEBUG    09:36:38     Fixed self.batch=64
INFO     09:36:38     [Input splitting]     Iteration: 108        Remaining: 6144       Visited: 6532       Bound: -0.003406       Time elapsed (s): 59.53      Iteration elapsed (s): 0.47       GPU Mem (%): 91.12     Batch: 64        Restart: 1         
DEBUG    09:36:38     Fixed self.batch=64
INFO     09:36:38     [Input splitting]     Iteration: 109        Remaining: 6208       Visited: 6596       Bound: -0.003406       Time elapsed (s): 60.03      Iteration elapsed (s): 0.49       GPU Mem (%): 90.98     Batch: 64        Restart: 1         
DEBUG    09:36:39     Fixed self.batch=64
INFO     09:36:39     [Input splitting]     Iteration: 110        Remaining: 6272       Visited: 6660       Bound: -0.003406       Time elapsed (s): 60.51      Iteration elapsed (s): 0.48       GPU Mem (%): 91.10     Batch: 64        Restart: 1         
DEBUG    09:36:39     Fixed self.batch=64
INFO     09:36:39     [Input splitting]     Iteration: 111        Remaining: 6336       Visited: 6724       Bound: -0.003406       Time elapsed (s): 61.02      Iteration elapsed (s): 0.50       GPU Mem (%): 91.11     Batch: 64        Restart: 1         
DEBUG    09:36:40     Fixed self.batch=64
INFO     09:36:40     [Input splitting]     Iteration: 112        Remaining: 6400       Visited: 6788       Bound: -0.003406       Time elapsed (s): 61.51      Iteration elapsed (s): 0.49       GPU Mem (%): 91.11     Batch: 64        Restart: 1         
DEBUG    09:36:40     Fixed self.batch=64
INFO     09:36:40     [Input splitting]     Iteration: 113        Remaining: 6464       Visited: 6852       Bound: -0.003406       Time elapsed (s): 62.02      Iteration elapsed (s): 0.51       GPU Mem (%): 91.09     Batch: 64        Restart: 1         
DEBUG    09:36:41     Fixed self.batch=64
INFO     09:36:41     [Input splitting]     Iteration: 114        Remaining: 6464       Visited: 6916       Bound: -0.003406       Time elapsed (s): 62.53      Iteration elapsed (s): 0.51       GPU Mem (%): 91.15     Batch: 64        Restart: 1         
DEBUG    09:36:41     Fixed self.batch=64
INFO     09:36:41     [Input splitting]     Iteration: 115        Remaining: 6528       Visited: 6980       Bound: -0.003406       Time elapsed (s): 63.02      Iteration elapsed (s): 0.49       GPU Mem (%): 91.19     Batch: 64        Restart: 1         
DEBUG    09:36:42     Fixed self.batch=64
INFO     09:36:42     [Input splitting]     Iteration: 116        Remaining: 6592       Visited: 7044       Bound: -0.003406       Time elapsed (s): 63.55      Iteration elapsed (s): 0.52       GPU Mem (%): 91.75     Batch: 64        Restart: 1         
DEBUG    09:36:42     [Restart] Runtime exceeded 59.64606800079346 seconds (40.0%)
DEBUG    09:36:42     Restarting
INFO     09:36:42     Params of 2-th run: {'input_split': True, 'abstract_method': 'backward', 'decision_method': 'smart', 'decision_topk': 1}
INFO     09:36:42     [_setup_restart] _init_abstractor
DEBUG    09:36:42     [select_params] Try self.input_split=True Settings.backward_batch_size=inf extra_opts={} mode='patches' method='backward'
DEBUG    09:36:42     [_init_module] Try bound_opts={'conv_mode': 'patches', 'verbosity': 0}
INFO     09:36:42     [select_params] Success: self.input_split=True Settings.backward_batch_size=inf extra_opts={} mode='patches' method='backward'
INFO     09:36:42     Try batch size 1000
INFO     09:36:42     Initial bounds (first 10): tensor([-0.4817, -1.2381, -0.0423, -3.0229, -0.4985,  0.6637,  1.5987, -0.8554,
        -0.5498,  2.1265])
INFO     09:36:42     [Input splitting]     Iteration: 117        Remaining: 0          Visited: 2          Bound: 0.000001        Time elapsed (s): 64.06      Iteration elapsed (s): 0.10       GPU Mem (%): 23.20     Batch: 1000      Restart: 2         
INFO     09:36:42     Verified: 1 	 Remain: 0
INFO     09:36:42     [!] Iterations: 117
INFO     09:36:42     [!] Result: unsat
INFO     09:36:42     [!] Runtime: 65.0600
unsat,65.0600
