[0;93m2026-05-27 09:40:18.716358864 [W:onnxruntime:Default, device_discovery.cc:283 GetGpuDevices] Failed to detect devices under "/sys/class/drm/card0": device_discovery.cc:93 ReadFileContents Failed to open file: "/sys/class/drm/card0/device/vendor"[m
Set parameter WLSAccessID
Set parameter WLSSecret
Set parameter LicenseID to value 2542227
Academic license 2542227 - for non-commercial use only - registered to ka___@unsw.edu.au

 [!] GlobalSettings:
	- use_restart                             : True
	- use_mip_tightening                      : True
	- use_attack                              : False
	- attack_interval                         : 10
	- use_mip_verify                          : True
	- input_splitting_threshold               : 0.5
	- hidden_splitting_threshold              : 0.01
	- safety_num_input_perturbed              : 200
	- skip_preprocess                         : False
	- use_save_reasoning_step                 : False
	- max_iterations                          : 1000000000.0
	- skip_initial_worst_bound                : -1000000.0
	- max_domains                             : 1000000000.0
	- use_decompose                           : False
	- restart_current_hidden_branches         : 2000
	- restart_visited_hidden_branches         : 20000
	- restart_current_input_branches          : 20000
	- restart_visited_input_branches          : 200000
	- restart_max_runtime                     : 60.0
	- restart_max_runtime_percentage          : 0.4
	- mip_tightening_patience                 : 10
	- mip_tightening_timeout_per_neuron       : 15.0
	- mip_tightening_topk                     : 64
	- use_gpu_tightening                      : False
	- gpu_tightening_current_hidden_branches  : 1000
	- gpu_tightening_visited_hidden_branches  : 5000
	- gpu_tightening_timeout                  : 10.0
	- gpu_tightening_patience                 : 10
	- gpu_tightening_topk                     : 500
	- use_mip_attack                          : False
	- mip_verify_threshold                    : 2
	- share_alphas                            : False
	- backward_batch_size                     : inf
	- forward_max_dim                         : 10000
	- forward_dynamic                         : False
	- use_decompose_incomplete                : False
	- init_abstraction_method                 : crown-optimized
	- subverifier_decision_method             : smart
	- verify_candidate_batch                  : 3
	- verify_last_timeout                     : 200.0
	- verify_interm_timeout                   : 20.0
	- sequential_batch                        : 100
	- use_sequential_abstract_forward         : False
	- verify_extra_opts                       : {'sparse_intermediate_bounds': True}
	- verify_splitting_strategy               : hidden
	- use_extra_substitution                  : False
	- verify_max_iteration                    : 4
	- verify_candidate_num                    : 128
	- verify_interpolate_factor               : 0.5

ConvertModel(
  (Gemm_/fst_linear_layer/Gemm_output_0): Linear(in_features=128, out_features=12288, bias=True)
  (Relu_/relu/Relu_output_0): ReLU()
  (Constant_/Constant_output_0): Constant(constant=tensor([-1,  3, 64, 64], device='cuda:0'))
  (Reshape_/Reshape_output_0): Reshape(shape=None)
  (Conv_/model/model.0/Conv_output_0): Conv2d(3, 24, kernel_size=(1, 1), stride=(1, 1))
  (Relu_/model/model.1/Relu_output_0): ReLU()
  (Conv_/model/model.2/Conv_output_0): Conv2d(24, 24, kernel_size=(3, 3), stride=(1, 1), padding=(1, 1))
  (Relu_/model/model.3/Relu_output_0): ReLU()
  (Conv_/model/model.4/Conv_output_0): Conv2d(24, 24, kernel_size=(1, 1), stride=(2, 2))
  (Relu_/model/model.5/Relu_output_0): ReLU()
  (Conv_/model/model.6/Conv_output_0): Conv2d(24, 24, kernel_size=(1, 1), stride=(2, 2))
  (Relu_/model/model.7/Relu_output_0): ReLU()
  (Conv_/model/model.8/Conv_output_0): Conv2d(24, 24, kernel_size=(1, 1), stride=(2, 2))
  (Relu_/model/model.9/Relu_output_0): ReLU()
  (Conv_/model/model.10/Conv_output_0): Conv2d(24, 24, kernel_size=(1, 1), stride=(2, 2))
  (Flatten_/model/model.11/Flatten_output_0): Flatten(start_dim=1, end_dim=-1)
  (Gemm_output): Linear(in_features=384, out_features=384, bias=True)
)
INFO     09:40:20     [!] Input shape: (1, 128)
INFO     09:40:20     [!] Output shape: (1, 384)
INFO     09:40:20     [!] VNNLIB: 128 inputs, 384 outputs
INFO     09:40:20     [!] eps=1.000000, perturbed=128
[!] Found unsupported layer: <class 'helper.network.onnx2pytorch.operations.constant.Constant'>
INFO     09:40:20     Params of 1-th run: {'input_split': True, 'abstract_method': 'forward+backward', 'decision_method': 'naive', 'decision_topk': 1}
INFO     09:40:20     [_setup_restart] _init_abstractor
DEBUG    09:40:20     [select_params] Try self.input_split=True Settings.backward_batch_size=inf extra_opts={} mode='patches' method='forward+backward'
DEBUG    09:40:20     [_init_module] Try bound_opts={'conv_mode': 'patches', 'verbosity': 0}
INFO     09:40:21     [select_params] Success: self.input_split=True Settings.backward_batch_size=inf extra_opts={} mode='patches' method='forward+backward'
INFO     09:40:21     Try batch size 1000
INFO     09:40:21     Initial bounds (first 10): tensor([ 4.4612e-01,  1.3501e-01,  3.4432e+00,  7.5872e+00,  1.1207e+00,
         1.1788e-01,  4.4735e-04,  9.8694e-01, -8.1840e-01, -1.4348e-02])
INFO     09:40:21     [Input splitting]     Iteration: 1          Remaining: 2          Visited: 2          Bound: -0.001153       Time elapsed (s): 1.34       Iteration elapsed (s): 0.04       GPU Mem (%): 3.59      Batch: 1000      Restart: 1         
INFO     09:40:21     [Input splitting]     Iteration: 2          Remaining: 4          Visited: 4          Bound: -0.001153       Time elapsed (s): 1.37       Iteration elapsed (s): 0.03       GPU Mem (%): 5.08      Batch: 1000      Restart: 1         
INFO     09:40:21     [Input splitting]     Iteration: 3          Remaining: 8          Visited: 8          Bound: -0.001153       Time elapsed (s): 1.41       Iteration elapsed (s): 0.04       GPU Mem (%): 8.03      Batch: 1000      Restart: 1         
INFO     09:40:21     [Input splitting]     Iteration: 4          Remaining: 16         Visited: 16         Bound: -0.001153       Time elapsed (s): 1.48       Iteration elapsed (s): 0.08       GPU Mem (%): 13.96     Batch: 1000      Restart: 1         
INFO     09:40:21     [Input splitting]     Iteration: 5          Remaining: 16         Visited: 32         Bound: -0.001153       Time elapsed (s): 1.60       Iteration elapsed (s): 0.12       GPU Mem (%): 25.80     Batch: 1000      Restart: 1         
INFO     09:40:21     [Input splitting]     Iteration: 6          Remaining: 32         Visited: 48         Bound: -0.001153       Time elapsed (s): 1.72       Iteration elapsed (s): 0.12       GPU Mem (%): 24.22     Batch: 1000      Restart: 1         
INFO     09:40:21     [Input splitting]     Iteration: 7          Remaining: 64         Visited: 80         Bound: -0.001153       Time elapsed (s): 1.94       Iteration elapsed (s): 0.23       GPU Mem (%): 47.91     Batch: 1000      Restart: 1         
DEBUG    09:40:22     Fixed self.batch=64
INFO     09:40:22     [Input splitting]     Iteration: 8          Remaining: 128        Visited: 144        Bound: -0.001153       Time elapsed (s): 2.38       Iteration elapsed (s): 0.44       GPU Mem (%): 96.88     Batch: 64        Restart: 1         
DEBUG    09:40:22     Fixed self.batch=64
INFO     09:40:22     [Input splitting]     Iteration: 9          Remaining: 192        Visited: 208        Bound: -0.001153       Time elapsed (s): 2.83       Iteration elapsed (s): 0.44       GPU Mem (%): 90.56     Batch: 64        Restart: 1         
DEBUG    09:40:23     Fixed self.batch=64
INFO     09:40:23     [Input splitting]     Iteration: 10         Remaining: 256        Visited: 272        Bound: -0.001153       Time elapsed (s): 3.29       Iteration elapsed (s): 0.46       GPU Mem (%): 91.13     Batch: 64        Restart: 1         
DEBUG    09:40:23     Fixed self.batch=64
INFO     09:40:23     [Input splitting]     Iteration: 11         Remaining: 256        Visited: 336        Bound: -0.001153       Time elapsed (s): 3.76       Iteration elapsed (s): 0.47       GPU Mem (%): 91.22     Batch: 64        Restart: 1         
DEBUG    09:40:24     Fixed self.batch=64
INFO     09:40:24     [Input splitting]     Iteration: 12         Remaining: 320        Visited: 400        Bound: -0.001153       Time elapsed (s): 4.25       Iteration elapsed (s): 0.49       GPU Mem (%): 91.25     Batch: 64        Restart: 1         
DEBUG    09:40:24     Fixed self.batch=64
INFO     09:40:24     [Input splitting]     Iteration: 13         Remaining: 384        Visited: 464        Bound: -0.001153       Time elapsed (s): 4.70       Iteration elapsed (s): 0.45       GPU Mem (%): 91.20     Batch: 64        Restart: 1         
DEBUG    09:40:25     Fixed self.batch=64
INFO     09:40:25     [Input splitting]     Iteration: 14         Remaining: 448        Visited: 528        Bound: -0.001153       Time elapsed (s): 5.15       Iteration elapsed (s): 0.45       GPU Mem (%): 91.20     Batch: 64        Restart: 1         
DEBUG    09:40:25     Fixed self.batch=64
INFO     09:40:25     [Input splitting]     Iteration: 15         Remaining: 512        Visited: 592        Bound: -0.001153       Time elapsed (s): 5.60       Iteration elapsed (s): 0.45       GPU Mem (%): 90.46     Batch: 64        Restart: 1         
DEBUG    09:40:26     Fixed self.batch=64
INFO     09:40:26     [Input splitting]     Iteration: 16         Remaining: 576        Visited: 656        Bound: -0.001153       Time elapsed (s): 6.05       Iteration elapsed (s): 0.45       GPU Mem (%): 90.46     Batch: 64        Restart: 1         
DEBUG    09:40:26     Fixed self.batch=64
INFO     09:40:26     [Input splitting]     Iteration: 17         Remaining: 640        Visited: 720        Bound: -0.001153       Time elapsed (s): 6.49       Iteration elapsed (s): 0.45       GPU Mem (%): 90.46     Batch: 64        Restart: 1         
DEBUG    09:40:26     Fixed self.batch=64
INFO     09:40:26     [Input splitting]     Iteration: 18         Remaining: 704        Visited: 784        Bound: -0.001157       Time elapsed (s): 6.94       Iteration elapsed (s): 0.45       GPU Mem (%): 90.46     Batch: 64        Restart: 1         
DEBUG    09:40:27     Fixed self.batch=64
INFO     09:40:27     [Input splitting]     Iteration: 19         Remaining: 768        Visited: 848        Bound: -0.001157       Time elapsed (s): 7.38       Iteration elapsed (s): 0.44       GPU Mem (%): 90.46     Batch: 64        Restart: 1         
DEBUG    09:40:27     Fixed self.batch=64
INFO     09:40:27     [Input splitting]     Iteration: 20         Remaining: 832        Visited: 912        Bound: -0.001157       Time elapsed (s): 7.83       Iteration elapsed (s): 0.45       GPU Mem (%): 90.46     Batch: 64        Restart: 1         
DEBUG    09:40:28     Fixed self.batch=64
INFO     09:40:28     [Input splitting]     Iteration: 21         Remaining: 896        Visited: 976        Bound: -0.001157       Time elapsed (s): 8.27       Iteration elapsed (s): 0.44       GPU Mem (%): 90.46     Batch: 64        Restart: 1         
DEBUG    09:40:28     Fixed self.batch=64
INFO     09:40:28     [Input splitting]     Iteration: 22         Remaining: 960        Visited: 1040       Bound: -0.001157       Time elapsed (s): 8.72       Iteration elapsed (s): 0.45       GPU Mem (%): 90.41     Batch: 64        Restart: 1         
DEBUG    09:40:29     Fixed self.batch=64
INFO     09:40:29     [Input splitting]     Iteration: 23         Remaining: 960        Visited: 1104       Bound: -0.001157       Time elapsed (s): 9.16       Iteration elapsed (s): 0.44       GPU Mem (%): 90.41     Batch: 64        Restart: 1         
DEBUG    09:40:29     Fixed self.batch=64
INFO     09:40:29     [Input splitting]     Iteration: 24         Remaining: 1024       Visited: 1168       Bound: -0.001157       Time elapsed (s): 9.61       Iteration elapsed (s): 0.45       GPU Mem (%): 90.41     Batch: 64        Restart: 1         
DEBUG    09:40:30     Fixed self.batch=64
INFO     09:40:30     [Input splitting]     Iteration: 25         Remaining: 1088       Visited: 1232       Bound: -0.001157       Time elapsed (s): 10.09      Iteration elapsed (s): 0.48       GPU Mem (%): 90.41     Batch: 64        Restart: 1         
DEBUG    09:40:30     Fixed self.batch=64
INFO     09:40:30     [Input splitting]     Iteration: 26         Remaining: 1152       Visited: 1296       Bound: -0.001157       Time elapsed (s): 10.53      Iteration elapsed (s): 0.44       GPU Mem (%): 90.41     Batch: 64        Restart: 1         
DEBUG    09:40:30     Fixed self.batch=64
INFO     09:40:30     [Input splitting]     Iteration: 27         Remaining: 1216       Visited: 1360       Bound: -0.001157       Time elapsed (s): 10.99      Iteration elapsed (s): 0.46       GPU Mem (%): 90.41     Batch: 64        Restart: 1         
DEBUG    09:40:31     Fixed self.batch=64
INFO     09:40:31     [Input splitting]     Iteration: 28         Remaining: 1280       Visited: 1424       Bound: -0.001157       Time elapsed (s): 11.43      Iteration elapsed (s): 0.45       GPU Mem (%): 90.41     Batch: 64        Restart: 1         
DEBUG    09:40:31     Fixed self.batch=64
INFO     09:40:31     [Input splitting]     Iteration: 29         Remaining: 1344       Visited: 1488       Bound: -0.001157       Time elapsed (s): 11.88      Iteration elapsed (s): 0.44       GPU Mem (%): 90.41     Batch: 64        Restart: 1         
DEBUG    09:40:32     Fixed self.batch=64
INFO     09:40:32     [Input splitting]     Iteration: 30         Remaining: 1408       Visited: 1552       Bound: -0.001157       Time elapsed (s): 12.33      Iteration elapsed (s): 0.45       GPU Mem (%): 90.41     Batch: 64        Restart: 1         
DEBUG    09:40:32     Fixed self.batch=64
INFO     09:40:32     [Input splitting]     Iteration: 31         Remaining: 1472       Visited: 1616       Bound: -0.001157       Time elapsed (s): 12.78      Iteration elapsed (s): 0.45       GPU Mem (%): 90.41     Batch: 64        Restart: 1         
DEBUG    09:40:33     Fixed self.batch=64
INFO     09:40:33     [Input splitting]     Iteration: 32         Remaining: 1536       Visited: 1680       Bound: -0.001157       Time elapsed (s): 13.22      Iteration elapsed (s): 0.45       GPU Mem (%): 90.41     Batch: 64        Restart: 1         
DEBUG    09:40:33     Fixed self.batch=64
INFO     09:40:33     [Input splitting]     Iteration: 33         Remaining: 1600       Visited: 1744       Bound: -0.001157       Time elapsed (s): 13.67      Iteration elapsed (s): 0.45       GPU Mem (%): 90.41     Batch: 64        Restart: 1         
DEBUG    09:40:34     Fixed self.batch=64
INFO     09:40:34     [Input splitting]     Iteration: 34         Remaining: 1664       Visited: 1808       Bound: -0.001157       Time elapsed (s): 14.12      Iteration elapsed (s): 0.44       GPU Mem (%): 90.41     Batch: 64        Restart: 1         
DEBUG    09:40:34     Fixed self.batch=64
INFO     09:40:34     [Input splitting]     Iteration: 35         Remaining: 1728       Visited: 1872       Bound: -0.001157       Time elapsed (s): 14.57      Iteration elapsed (s): 0.45       GPU Mem (%): 90.41     Batch: 64        Restart: 1         
DEBUG    09:40:35     Fixed self.batch=64
INFO     09:40:35     [Input splitting]     Iteration: 36         Remaining: 1792       Visited: 1936       Bound: -0.001157       Time elapsed (s): 15.01      Iteration elapsed (s): 0.45       GPU Mem (%): 90.41     Batch: 64        Restart: 1         
DEBUG    09:40:35     Fixed self.batch=64
INFO     09:40:35     [Input splitting]     Iteration: 37         Remaining: 1856       Visited: 2000       Bound: -0.001157       Time elapsed (s): 15.46      Iteration elapsed (s): 0.45       GPU Mem (%): 90.41     Batch: 64        Restart: 1         
DEBUG    09:40:35     Fixed self.batch=64
INFO     09:40:35     [Input splitting]     Iteration: 38         Remaining: 1920       Visited: 2064       Bound: -0.001157       Time elapsed (s): 15.91      Iteration elapsed (s): 0.45       GPU Mem (%): 90.41     Batch: 64        Restart: 1         
DEBUG    09:40:36     Fixed self.batch=64
INFO     09:40:36     [Input splitting]     Iteration: 39         Remaining: 1984       Visited: 2128       Bound: -0.001157       Time elapsed (s): 16.36      Iteration elapsed (s): 0.44       GPU Mem (%): 90.41     Batch: 64        Restart: 1         
DEBUG    09:40:36     Fixed self.batch=64
INFO     09:40:36     [Input splitting]     Iteration: 40         Remaining: 2048       Visited: 2192       Bound: -0.001157       Time elapsed (s): 16.80      Iteration elapsed (s): 0.45       GPU Mem (%): 90.41     Batch: 64        Restart: 1         
DEBUG    09:40:37     Fixed self.batch=64
INFO     09:40:37     [Input splitting]     Iteration: 41         Remaining: 2112       Visited: 2256       Bound: -0.001157       Time elapsed (s): 17.29      Iteration elapsed (s): 0.49       GPU Mem (%): 90.41     Batch: 64        Restart: 1         
DEBUG    09:40:37     Fixed self.batch=64
INFO     09:40:37     [Input splitting]     Iteration: 42         Remaining: 2176       Visited: 2320       Bound: -0.001157       Time elapsed (s): 17.74      Iteration elapsed (s): 0.44       GPU Mem (%): 90.41     Batch: 64        Restart: 1         
DEBUG    09:40:38     Fixed self.batch=64
INFO     09:40:38     [Input splitting]     Iteration: 43         Remaining: 2240       Visited: 2384       Bound: -0.001157       Time elapsed (s): 18.19      Iteration elapsed (s): 0.46       GPU Mem (%): 90.41     Batch: 64        Restart: 1         
DEBUG    09:40:38     Fixed self.batch=64
INFO     09:40:38     [Input splitting]     Iteration: 44         Remaining: 2304       Visited: 2448       Bound: -0.001157       Time elapsed (s): 18.64      Iteration elapsed (s): 0.44       GPU Mem (%): 90.41     Batch: 64        Restart: 1         
DEBUG    09:40:39     Fixed self.batch=64
INFO     09:40:39     [Input splitting]     Iteration: 45         Remaining: 2368       Visited: 2512       Bound: -0.001157       Time elapsed (s): 19.09      Iteration elapsed (s): 0.45       GPU Mem (%): 90.41     Batch: 64        Restart: 1         
DEBUG    09:40:39     Fixed self.batch=64
INFO     09:40:39     [Input splitting]     Iteration: 46         Remaining: 2432       Visited: 2576       Bound: -0.001157       Time elapsed (s): 19.54      Iteration elapsed (s): 0.45       GPU Mem (%): 90.41     Batch: 64        Restart: 1         
DEBUG    09:40:39     Fixed self.batch=64
INFO     09:40:39     [Input splitting]     Iteration: 47         Remaining: 2496       Visited: 2640       Bound: -0.001157       Time elapsed (s): 19.98      Iteration elapsed (s): 0.45       GPU Mem (%): 90.41     Batch: 64        Restart: 1         
DEBUG    09:40:40     Fixed self.batch=64
INFO     09:40:40     [Input splitting]     Iteration: 48         Remaining: 2560       Visited: 2704       Bound: -0.001157       Time elapsed (s): 20.43      Iteration elapsed (s): 0.45       GPU Mem (%): 90.41     Batch: 64        Restart: 1         
DEBUG    09:40:40     Fixed self.batch=64
INFO     09:40:40     [Input splitting]     Iteration: 49         Remaining: 2624       Visited: 2768       Bound: -0.001157       Time elapsed (s): 20.88      Iteration elapsed (s): 0.45       GPU Mem (%): 90.41     Batch: 64        Restart: 1         
DEBUG    09:40:41     Fixed self.batch=64
INFO     09:40:41     [Input splitting]     Iteration: 50         Remaining: 2688       Visited: 2832       Bound: -0.001157       Time elapsed (s): 21.32      Iteration elapsed (s): 0.45       GPU Mem (%): 90.41     Batch: 64        Restart: 1         
DEBUG    09:40:41     Fixed self.batch=64
INFO     09:40:41     [Input splitting]     Iteration: 51         Remaining: 2752       Visited: 2896       Bound: -0.001157       Time elapsed (s): 21.77      Iteration elapsed (s): 0.45       GPU Mem (%): 90.41     Batch: 64        Restart: 1         
DEBUG    09:40:42     Fixed self.batch=64
INFO     09:40:42     [Input splitting]     Iteration: 52         Remaining: 2816       Visited: 2960       Bound: -0.001157       Time elapsed (s): 22.24      Iteration elapsed (s): 0.47       GPU Mem (%): 90.41     Batch: 64        Restart: 1         
DEBUG    09:40:42     Fixed self.batch=64
INFO     09:40:42     [Input splitting]     Iteration: 53         Remaining: 2880       Visited: 3024       Bound: -0.001157       Time elapsed (s): 22.70      Iteration elapsed (s): 0.46       GPU Mem (%): 90.41     Batch: 64        Restart: 1         
DEBUG    09:40:43     Fixed self.batch=64
INFO     09:40:43     [Input splitting]     Iteration: 54         Remaining: 2944       Visited: 3088       Bound: -0.001157       Time elapsed (s): 23.15      Iteration elapsed (s): 0.45       GPU Mem (%): 90.41     Batch: 64        Restart: 1         
DEBUG    09:40:43     Fixed self.batch=64
INFO     09:40:43     [Input splitting]     Iteration: 55         Remaining: 2944       Visited: 3152       Bound: -0.001157       Time elapsed (s): 23.60      Iteration elapsed (s): 0.45       GPU Mem (%): 90.41     Batch: 64        Restart: 1         
DEBUG    09:40:44     Fixed self.batch=64
INFO     09:40:44     [Input splitting]     Iteration: 56         Remaining: 3008       Visited: 3216       Bound: -0.001157       Time elapsed (s): 24.07      Iteration elapsed (s): 0.46       GPU Mem (%): 90.41     Batch: 64        Restart: 1         
DEBUG    09:40:44     Fixed self.batch=64
INFO     09:40:44     [Input splitting]     Iteration: 57         Remaining: 3072       Visited: 3280       Bound: -0.001157       Time elapsed (s): 24.53      Iteration elapsed (s): 0.46       GPU Mem (%): 90.41     Batch: 64        Restart: 1         
DEBUG    09:40:44     Fixed self.batch=64
INFO     09:40:44     [Input splitting]     Iteration: 58         Remaining: 3136       Visited: 3344       Bound: -0.001157       Time elapsed (s): 24.98      Iteration elapsed (s): 0.45       GPU Mem (%): 90.41     Batch: 64        Restart: 1         
DEBUG    09:40:45     Fixed self.batch=64
INFO     09:40:45     [Input splitting]     Iteration: 59         Remaining: 3200       Visited: 3408       Bound: -0.001157       Time elapsed (s): 25.43      Iteration elapsed (s): 0.44       GPU Mem (%): 90.41     Batch: 64        Restart: 1         
DEBUG    09:40:45     Fixed self.batch=64
INFO     09:40:45     [Input splitting]     Iteration: 60         Remaining: 3200       Visited: 3472       Bound: -0.001157       Time elapsed (s): 25.87      Iteration elapsed (s): 0.45       GPU Mem (%): 90.41     Batch: 64        Restart: 1         
DEBUG    09:40:46     Fixed self.batch=64
INFO     09:40:46     [Input splitting]     Iteration: 61         Remaining: 3264       Visited: 3536       Bound: -0.001157       Time elapsed (s): 26.34      Iteration elapsed (s): 0.47       GPU Mem (%): 90.41     Batch: 64        Restart: 1         
DEBUG    09:40:46     Fixed self.batch=64
INFO     09:40:46     [Input splitting]     Iteration: 62         Remaining: 3328       Visited: 3600       Bound: -0.001157       Time elapsed (s): 26.78      Iteration elapsed (s): 0.44       GPU Mem (%): 90.41     Batch: 64        Restart: 1         
DEBUG    09:40:47     Fixed self.batch=64
INFO     09:40:47     [Input splitting]     Iteration: 63         Remaining: 3392       Visited: 3664       Bound: -0.001157       Time elapsed (s): 27.23      Iteration elapsed (s): 0.44       GPU Mem (%): 90.41     Batch: 64        Restart: 1         
DEBUG    09:40:47     Fixed self.batch=64
INFO     09:40:47     [Input splitting]     Iteration: 64         Remaining: 3456       Visited: 3728       Bound: -0.001157       Time elapsed (s): 27.67      Iteration elapsed (s): 0.45       GPU Mem (%): 90.41     Batch: 64        Restart: 1         
DEBUG    09:40:48     Fixed self.batch=64
INFO     09:40:48     [Input splitting]     Iteration: 65         Remaining: 3520       Visited: 3792       Bound: -0.001157       Time elapsed (s): 28.12      Iteration elapsed (s): 0.44       GPU Mem (%): 90.41     Batch: 64        Restart: 1         
DEBUG    09:40:48     Fixed self.batch=64
INFO     09:40:48     [Input splitting]     Iteration: 66         Remaining: 3584       Visited: 3856       Bound: -0.001157       Time elapsed (s): 28.56      Iteration elapsed (s): 0.44       GPU Mem (%): 90.41     Batch: 64        Restart: 1         
DEBUG    09:40:49     Fixed self.batch=64
INFO     09:40:49     [Input splitting]     Iteration: 67         Remaining: 3648       Visited: 3920       Bound: -0.001157       Time elapsed (s): 29.01      Iteration elapsed (s): 0.45       GPU Mem (%): 90.41     Batch: 64        Restart: 1         
DEBUG    09:40:49     Fixed self.batch=64
INFO     09:40:49     [Input splitting]     Iteration: 68         Remaining: 3712       Visited: 3984       Bound: -0.001157       Time elapsed (s): 29.46      Iteration elapsed (s): 0.45       GPU Mem (%): 90.41     Batch: 64        Restart: 1         
DEBUG    09:40:49     Fixed self.batch=64
INFO     09:40:49     [Input splitting]     Iteration: 69         Remaining: 3776       Visited: 4048       Bound: -0.001157       Time elapsed (s): 29.91      Iteration elapsed (s): 0.45       GPU Mem (%): 90.41     Batch: 64        Restart: 1         
DEBUG    09:40:50     Fixed self.batch=64
INFO     09:40:50     [Input splitting]     Iteration: 70         Remaining: 3840       Visited: 4112       Bound: -0.001157       Time elapsed (s): 30.36      Iteration elapsed (s): 0.45       GPU Mem (%): 90.41     Batch: 64        Restart: 1         
DEBUG    09:40:50     Fixed self.batch=64
INFO     09:40:50     [Input splitting]     Iteration: 71         Remaining: 3904       Visited: 4176       Bound: -0.001157       Time elapsed (s): 30.80      Iteration elapsed (s): 0.44       GPU Mem (%): 90.41     Batch: 64        Restart: 1         
DEBUG    09:40:51     Fixed self.batch=64
INFO     09:40:51     [Input splitting]     Iteration: 72         Remaining: 3968       Visited: 4240       Bound: -0.001157       Time elapsed (s): 31.25      Iteration elapsed (s): 0.45       GPU Mem (%): 90.41     Batch: 64        Restart: 1         
DEBUG    09:40:51     Fixed self.batch=64
INFO     09:40:51     [Input splitting]     Iteration: 73         Remaining: 4032       Visited: 4304       Bound: -0.001157       Time elapsed (s): 31.69      Iteration elapsed (s): 0.44       GPU Mem (%): 90.41     Batch: 64        Restart: 1         
DEBUG    09:40:52     Fixed self.batch=64
INFO     09:40:52     [Input splitting]     Iteration: 74         Remaining: 4096       Visited: 4368       Bound: -0.001157       Time elapsed (s): 32.14      Iteration elapsed (s): 0.44       GPU Mem (%): 90.41     Batch: 64        Restart: 1         
DEBUG    09:40:52     Fixed self.batch=64
INFO     09:40:52     [Input splitting]     Iteration: 75         Remaining: 4160       Visited: 4432       Bound: -0.001157       Time elapsed (s): 32.66      Iteration elapsed (s): 0.52       GPU Mem (%): 90.41     Batch: 64        Restart: 1         
DEBUG    09:40:53     Fixed self.batch=64
INFO     09:40:53     [Input splitting]     Iteration: 76         Remaining: 4224       Visited: 4496       Bound: -0.001157       Time elapsed (s): 33.10      Iteration elapsed (s): 0.44       GPU Mem (%): 90.41     Batch: 64        Restart: 1         
DEBUG    09:40:53     Fixed self.batch=64
INFO     09:40:53     [Input splitting]     Iteration: 77         Remaining: 4288       Visited: 4560       Bound: -0.001157       Time elapsed (s): 33.55      Iteration elapsed (s): 0.44       GPU Mem (%): 90.41     Batch: 64        Restart: 1         
DEBUG    09:40:54     Fixed self.batch=64
INFO     09:40:54     [Input splitting]     Iteration: 78         Remaining: 4352       Visited: 4624       Bound: -0.001157       Time elapsed (s): 33.99      Iteration elapsed (s): 0.44       GPU Mem (%): 90.41     Batch: 64        Restart: 1         
DEBUG    09:40:54     Fixed self.batch=64
INFO     09:40:54     [Input splitting]     Iteration: 79         Remaining: 4416       Visited: 4688       Bound: -0.001157       Time elapsed (s): 34.44      Iteration elapsed (s): 0.44       GPU Mem (%): 90.41     Batch: 64        Restart: 1         
DEBUG    09:40:54     Fixed self.batch=64
INFO     09:40:54     [Input splitting]     Iteration: 80         Remaining: 4480       Visited: 4752       Bound: -0.001157       Time elapsed (s): 34.88      Iteration elapsed (s): 0.45       GPU Mem (%): 90.41     Batch: 64        Restart: 1         
DEBUG    09:40:55     Fixed self.batch=64
INFO     09:40:55     [Input splitting]     Iteration: 81         Remaining: 4544       Visited: 4816       Bound: -0.001157       Time elapsed (s): 35.33      Iteration elapsed (s): 0.45       GPU Mem (%): 90.41     Batch: 64        Restart: 1         
DEBUG    09:40:55     Fixed self.batch=64
INFO     09:40:55     [Input splitting]     Iteration: 82         Remaining: 4608       Visited: 4880       Bound: -0.001157       Time elapsed (s): 35.78      Iteration elapsed (s): 0.45       GPU Mem (%): 90.41     Batch: 64        Restart: 1         
DEBUG    09:40:56     Fixed self.batch=64
INFO     09:40:56     [Input splitting]     Iteration: 83         Remaining: 4672       Visited: 4944       Bound: -0.001157       Time elapsed (s): 36.22      Iteration elapsed (s): 0.44       GPU Mem (%): 90.41     Batch: 64        Restart: 1         
DEBUG    09:40:56     Fixed self.batch=64
INFO     09:40:56     [Input splitting]     Iteration: 84         Remaining: 4736       Visited: 5008       Bound: -0.001157       Time elapsed (s): 36.67      Iteration elapsed (s): 0.45       GPU Mem (%): 90.41     Batch: 64        Restart: 1         
DEBUG    09:40:57     Fixed self.batch=64
INFO     09:40:57     [Input splitting]     Iteration: 85         Remaining: 4800       Visited: 5072       Bound: -0.001157       Time elapsed (s): 37.12      Iteration elapsed (s): 0.45       GPU Mem (%): 90.41     Batch: 64        Restart: 1         
DEBUG    09:40:57     Fixed self.batch=64
INFO     09:40:57     [Input splitting]     Iteration: 86         Remaining: 4864       Visited: 5136       Bound: -0.001157       Time elapsed (s): 37.56      Iteration elapsed (s): 0.45       GPU Mem (%): 90.41     Batch: 64        Restart: 1         
DEBUG    09:40:58     Fixed self.batch=64
INFO     09:40:58     [Input splitting]     Iteration: 87         Remaining: 4928       Visited: 5200       Bound: -0.001157       Time elapsed (s): 38.01      Iteration elapsed (s): 0.44       GPU Mem (%): 90.41     Batch: 64        Restart: 1         
DEBUG    09:40:58     Fixed self.batch=64
INFO     09:40:58     [Input splitting]     Iteration: 88         Remaining: 4992       Visited: 5264       Bound: -0.001157       Time elapsed (s): 38.45      Iteration elapsed (s): 0.44       GPU Mem (%): 90.41     Batch: 64        Restart: 1         
DEBUG    09:40:58     Fixed self.batch=64
INFO     09:40:58     [Input splitting]     Iteration: 89         Remaining: 5056       Visited: 5328       Bound: -0.001157       Time elapsed (s): 38.90      Iteration elapsed (s): 0.44       GPU Mem (%): 90.31     Batch: 64        Restart: 1         
DEBUG    09:40:59     Fixed self.batch=64
INFO     09:40:59     [Input splitting]     Iteration: 90         Remaining: 5120       Visited: 5392       Bound: -0.001157       Time elapsed (s): 39.34      Iteration elapsed (s): 0.44       GPU Mem (%): 90.31     Batch: 64        Restart: 1         
DEBUG    09:40:59     Fixed self.batch=64
INFO     09:40:59     [Input splitting]     Iteration: 91         Remaining: 5184       Visited: 5456       Bound: -0.001157       Time elapsed (s): 39.78      Iteration elapsed (s): 0.44       GPU Mem (%): 90.31     Batch: 64        Restart: 1         
DEBUG    09:41:00     Fixed self.batch=64
INFO     09:41:00     [Input splitting]     Iteration: 92         Remaining: 5248       Visited: 5520       Bound: -0.001157       Time elapsed (s): 40.23      Iteration elapsed (s): 0.44       GPU Mem (%): 90.31     Batch: 64        Restart: 1         
DEBUG    09:41:00     Fixed self.batch=64
INFO     09:41:00     [Input splitting]     Iteration: 93         Remaining: 5312       Visited: 5584       Bound: -0.001157       Time elapsed (s): 40.68      Iteration elapsed (s): 0.45       GPU Mem (%): 90.31     Batch: 64        Restart: 1         
DEBUG    09:41:01     Fixed self.batch=64
INFO     09:41:01     [Input splitting]     Iteration: 94         Remaining: 5376       Visited: 5648       Bound: -0.001157       Time elapsed (s): 41.12      Iteration elapsed (s): 0.44       GPU Mem (%): 90.31     Batch: 64        Restart: 1         
DEBUG    09:41:01     Fixed self.batch=64
INFO     09:41:01     [Input splitting]     Iteration: 95         Remaining: 5440       Visited: 5712       Bound: -0.001157       Time elapsed (s): 41.57      Iteration elapsed (s): 0.44       GPU Mem (%): 90.31     Batch: 64        Restart: 1         
DEBUG    09:41:02     Fixed self.batch=64
INFO     09:41:02     [Input splitting]     Iteration: 96         Remaining: 5504       Visited: 5776       Bound: -0.001157       Time elapsed (s): 42.01      Iteration elapsed (s): 0.44       GPU Mem (%): 90.31     Batch: 64        Restart: 1         
DEBUG    09:41:02     Fixed self.batch=64
INFO     09:41:02     [Input splitting]     Iteration: 97         Remaining: 5568       Visited: 5840       Bound: -0.001157       Time elapsed (s): 42.45      Iteration elapsed (s): 0.44       GPU Mem (%): 90.31     Batch: 64        Restart: 1         
DEBUG    09:41:02     Fixed self.batch=64
INFO     09:41:02     [Input splitting]     Iteration: 98         Remaining: 5632       Visited: 5904       Bound: -0.001157       Time elapsed (s): 42.89      Iteration elapsed (s): 0.44       GPU Mem (%): 90.31     Batch: 64        Restart: 1         
DEBUG    09:41:03     Fixed self.batch=64
INFO     09:41:03     [Input splitting]     Iteration: 99         Remaining: 5696       Visited: 5968       Bound: -0.001157       Time elapsed (s): 43.34      Iteration elapsed (s): 0.44       GPU Mem (%): 90.31     Batch: 64        Restart: 1         
DEBUG    09:41:03     Fixed self.batch=64
INFO     09:41:03     [Input splitting]     Iteration: 100        Remaining: 5760       Visited: 6032       Bound: -0.001157       Time elapsed (s): 43.78      Iteration elapsed (s): 0.44       GPU Mem (%): 90.31     Batch: 64        Restart: 1         
DEBUG    09:41:04     Fixed self.batch=64
INFO     09:41:04     [Input splitting]     Iteration: 101        Remaining: 5824       Visited: 6096       Bound: -0.001157       Time elapsed (s): 44.22      Iteration elapsed (s): 0.44       GPU Mem (%): 90.31     Batch: 64        Restart: 1         
DEBUG    09:41:04     Fixed self.batch=64
INFO     09:41:04     [Input splitting]     Iteration: 102        Remaining: 5888       Visited: 6160       Bound: -0.001157       Time elapsed (s): 44.67      Iteration elapsed (s): 0.44       GPU Mem (%): 90.31     Batch: 64        Restart: 1         
DEBUG    09:41:05     Fixed self.batch=64
INFO     09:41:05     [Input splitting]     Iteration: 103        Remaining: 5888       Visited: 6224       Bound: -0.001157       Time elapsed (s): 45.11      Iteration elapsed (s): 0.44       GPU Mem (%): 90.31     Batch: 64        Restart: 1         
DEBUG    09:41:05     Fixed self.batch=64
INFO     09:41:05     [Input splitting]     Iteration: 104        Remaining: 5952       Visited: 6288       Bound: -0.001157       Time elapsed (s): 45.56      Iteration elapsed (s): 0.45       GPU Mem (%): 90.31     Batch: 64        Restart: 1         
DEBUG    09:41:06     Fixed self.batch=64
INFO     09:41:06     [Input splitting]     Iteration: 105        Remaining: 6016       Visited: 6352       Bound: -0.001157       Time elapsed (s): 46.01      Iteration elapsed (s): 0.45       GPU Mem (%): 90.31     Batch: 64        Restart: 1         
DEBUG    09:41:06     Fixed self.batch=64
INFO     09:41:06     [Input splitting]     Iteration: 106        Remaining: 6080       Visited: 6416       Bound: -0.001157       Time elapsed (s): 46.47      Iteration elapsed (s): 0.45       GPU Mem (%): 90.31     Batch: 64        Restart: 1         
DEBUG    09:41:06     Fixed self.batch=64
INFO     09:41:06     [Input splitting]     Iteration: 107        Remaining: 6144       Visited: 6480       Bound: -0.001157       Time elapsed (s): 46.96      Iteration elapsed (s): 0.49       GPU Mem (%): 90.31     Batch: 64        Restart: 1         
DEBUG    09:41:07     Fixed self.batch=64
INFO     09:41:07     [Input splitting]     Iteration: 108        Remaining: 6208       Visited: 6544       Bound: -0.001157       Time elapsed (s): 47.44      Iteration elapsed (s): 0.48       GPU Mem (%): 90.31     Batch: 64        Restart: 1         
DEBUG    09:41:07     Fixed self.batch=64
INFO     09:41:07     [Input splitting]     Iteration: 109        Remaining: 6272       Visited: 6608       Bound: -0.001157       Time elapsed (s): 47.98      Iteration elapsed (s): 0.55       GPU Mem (%): 90.31     Batch: 64        Restart: 1         
DEBUG    09:41:08     Fixed self.batch=64
INFO     09:41:08     [Input splitting]     Iteration: 110        Remaining: 6336       Visited: 6672       Bound: -0.001157       Time elapsed (s): 48.60      Iteration elapsed (s): 0.59       GPU Mem (%): 90.31     Batch: 64        Restart: 1         
DEBUG    09:41:09     Fixed self.batch=64
INFO     09:41:09     [Input splitting]     Iteration: 111        Remaining: 6400       Visited: 6736       Bound: -0.001157       Time elapsed (s): 49.18      Iteration elapsed (s): 0.56       GPU Mem (%): 90.31     Batch: 64        Restart: 1         
DEBUG    09:41:09     Fixed self.batch=64
INFO     09:41:09     [Input splitting]     Iteration: 112        Remaining: 6464       Visited: 6800       Bound: -0.001157       Time elapsed (s): 49.73      Iteration elapsed (s): 0.55       GPU Mem (%): 90.31     Batch: 64        Restart: 1         
DEBUG    09:41:10     Fixed self.batch=64
INFO     09:41:10     [Input splitting]     Iteration: 113        Remaining: 6528       Visited: 6864       Bound: -0.001157       Time elapsed (s): 50.31      Iteration elapsed (s): 0.57       GPU Mem (%): 90.31     Batch: 64        Restart: 1         
DEBUG    09:41:10     Fixed self.batch=64
INFO     09:41:10     [Input splitting]     Iteration: 114        Remaining: 6592       Visited: 6928       Bound: -0.001157       Time elapsed (s): 50.90      Iteration elapsed (s): 0.59       GPU Mem (%): 90.31     Batch: 64        Restart: 1         
DEBUG    09:41:11     Fixed self.batch=64
INFO     09:41:11     [Input splitting]     Iteration: 115        Remaining: 6656       Visited: 6992       Bound: -0.001157       Time elapsed (s): 51.52      Iteration elapsed (s): 0.61       GPU Mem (%): 90.31     Batch: 64        Restart: 1         
DEBUG    09:41:12     Fixed self.batch=64
INFO     09:41:12     [Input splitting]     Iteration: 116        Remaining: 6720       Visited: 7056       Bound: -0.001157       Time elapsed (s): 52.04      Iteration elapsed (s): 0.52       GPU Mem (%): 90.31     Batch: 64        Restart: 1         
DEBUG    09:41:12     Fixed self.batch=64
INFO     09:41:12     [Input splitting]     Iteration: 117        Remaining: 6784       Visited: 7120       Bound: -0.001157       Time elapsed (s): 52.52      Iteration elapsed (s): 0.48       GPU Mem (%): 90.31     Batch: 64        Restart: 1         
DEBUG    09:41:13     Fixed self.batch=64
INFO     09:41:13     [Input splitting]     Iteration: 118        Remaining: 6848       Visited: 7184       Bound: -0.001157       Time elapsed (s): 53.00      Iteration elapsed (s): 0.47       GPU Mem (%): 90.31     Batch: 64        Restart: 1         
DEBUG    09:41:13     Fixed self.batch=64
INFO     09:41:13     [Input splitting]     Iteration: 119        Remaining: 6912       Visited: 7248       Bound: -0.001157       Time elapsed (s): 53.55      Iteration elapsed (s): 0.55       GPU Mem (%): 90.31     Batch: 64        Restart: 1         
DEBUG    09:41:14     Fixed self.batch=64
INFO     09:41:14     [Input splitting]     Iteration: 120        Remaining: 6976       Visited: 7312       Bound: -0.001157       Time elapsed (s): 54.12      Iteration elapsed (s): 0.57       GPU Mem (%): 90.31     Batch: 64        Restart: 1         
DEBUG    09:41:14     Fixed self.batch=64
INFO     09:41:14     [Input splitting]     Iteration: 121        Remaining: 7040       Visited: 7376       Bound: -0.001157       Time elapsed (s): 54.63      Iteration elapsed (s): 0.51       GPU Mem (%): 90.31     Batch: 64        Restart: 1         
DEBUG    09:41:15     Fixed self.batch=64
INFO     09:41:15     [Input splitting]     Iteration: 122        Remaining: 7104       Visited: 7440       Bound: -0.001157       Time elapsed (s): 55.22      Iteration elapsed (s): 0.59       GPU Mem (%): 90.31     Batch: 64        Restart: 1         
DEBUG    09:41:15     Fixed self.batch=64
INFO     09:41:15     [Input splitting]     Iteration: 123        Remaining: 7168       Visited: 7504       Bound: -0.001157       Time elapsed (s): 55.86      Iteration elapsed (s): 0.63       GPU Mem (%): 90.31     Batch: 64        Restart: 1         
DEBUG    09:41:16     Fixed self.batch=64
INFO     09:41:16     [Input splitting]     Iteration: 124        Remaining: 7232       Visited: 7568       Bound: -0.001157       Time elapsed (s): 56.47      Iteration elapsed (s): 0.61       GPU Mem (%): 90.31     Batch: 64        Restart: 1         
DEBUG    09:41:17     Fixed self.batch=64
INFO     09:41:17     [Input splitting]     Iteration: 125        Remaining: 7296       Visited: 7632       Bound: -0.001157       Time elapsed (s): 56.99      Iteration elapsed (s): 0.52       GPU Mem (%): 90.31     Batch: 64        Restart: 1         
DEBUG    09:41:17     Fixed self.batch=64
INFO     09:41:17     [Input splitting]     Iteration: 126        Remaining: 7360       Visited: 7696       Bound: -0.001157       Time elapsed (s): 57.48      Iteration elapsed (s): 0.48       GPU Mem (%): 90.31     Batch: 64        Restart: 1         
DEBUG    09:41:17     Fixed self.batch=64
INFO     09:41:17     [Input splitting]     Iteration: 127        Remaining: 7424       Visited: 7760       Bound: -0.001157       Time elapsed (s): 57.96      Iteration elapsed (s): 0.48       GPU Mem (%): 90.31     Batch: 64        Restart: 1         
DEBUG    09:41:18     Fixed self.batch=64
INFO     09:41:18     [Input splitting]     Iteration: 128        Remaining: 7488       Visited: 7824       Bound: -0.001157       Time elapsed (s): 58.49      Iteration elapsed (s): 0.53       GPU Mem (%): 90.31     Batch: 64        Restart: 1         
DEBUG    09:41:19     Fixed self.batch=64
INFO     09:41:19     [Input splitting]     Iteration: 129        Remaining: 7552       Visited: 7888       Bound: -0.001157       Time elapsed (s): 59.12      Iteration elapsed (s): 0.63       GPU Mem (%): 90.31     Batch: 64        Restart: 1         
DEBUG    09:41:19     Fixed self.batch=64
INFO     09:41:19     [Input splitting]     Iteration: 130        Remaining: 7616       Visited: 7952       Bound: -0.001157       Time elapsed (s): 59.79      Iteration elapsed (s): 0.66       GPU Mem (%): 90.31     Batch: 64        Restart: 1         
DEBUG    09:41:20     Fixed self.batch=64
INFO     09:41:20     [Input splitting]     Iteration: 131        Remaining: 7680       Visited: 8016       Bound: -0.001157       Time elapsed (s): 60.37      Iteration elapsed (s): 0.58       GPU Mem (%): 90.31     Batch: 64        Restart: 1         
DEBUG    09:41:20     Fixed self.batch=64
INFO     09:41:20     [Input splitting]     Iteration: 132        Remaining: 7744       Visited: 8080       Bound: -0.001157       Time elapsed (s): 60.91      Iteration elapsed (s): 0.53       GPU Mem (%): 90.31     Batch: 64        Restart: 1         
DEBUG    09:41:21     Fixed self.batch=64
INFO     09:41:21     [Input splitting]     Iteration: 133        Remaining: 7808       Visited: 8144       Bound: -0.001157       Time elapsed (s): 61.46      Iteration elapsed (s): 0.55       GPU Mem (%): 90.31     Batch: 64        Restart: 1         
DEBUG    09:41:21     [Restart] Runtime exceeded 59.89571037292481 seconds (40.0%)
DEBUG    09:41:21     Restarting
INFO     09:41:21     Params of 2-th run: {'input_split': True, 'abstract_method': 'backward', 'decision_method': 'smart', 'decision_topk': 1}
INFO     09:41:21     [_setup_restart] _init_abstractor
DEBUG    09:41:22     [select_params] Try self.input_split=True Settings.backward_batch_size=inf extra_opts={} mode='patches' method='backward'
DEBUG    09:41:22     [_init_module] Try bound_opts={'conv_mode': 'patches', 'verbosity': 0}
INFO     09:41:22     [select_params] Success: self.input_split=True Settings.backward_batch_size=inf extra_opts={} mode='patches' method='backward'
INFO     09:41:22     Try batch size 1000
INFO     09:41:22     Initial bounds (first 10): tensor([ 4.4614e-01,  1.3501e-01,  3.4432e+00,  7.5872e+00,  1.1208e+00,
         1.1788e-01,  4.4768e-04,  9.8695e-01, -8.1839e-01, -1.4319e-02])
INFO     09:41:22     [Input splitting]     Iteration: 134        Remaining: 0          Visited: 2          Bound: 0.000001        Time elapsed (s): 62.96      Iteration elapsed (s): 0.35       GPU Mem (%): 28.35     Batch: 1000      Restart: 2         
INFO     09:41:23     Verified: 1 	 Remain: 0
INFO     09:41:23     [!] Iterations: 134
INFO     09:41:23     [!] Result: unsat
INFO     09:41:23     [!] Runtime: 63.6265
unsat,63.6265
