[0;93m2026-05-27 09:56:07.176392324 [W:onnxruntime:Default, device_discovery.cc:283 GetGpuDevices] Failed to detect devices under "/sys/class/drm/card0": device_discovery.cc:93 ReadFileContents Failed to open file: "/sys/class/drm/card0/device/vendor"[m
Set parameter WLSAccessID
Set parameter WLSSecret
Set parameter LicenseID to value 2542227
Academic license 2542227 - for non-commercial use only - registered to ka___@unsw.edu.au

 [!] GlobalSettings:
	- use_restart                             : True
	- use_mip_tightening                      : True
	- use_attack                              : False
	- attack_interval                         : 10
	- use_mip_verify                          : True
	- input_splitting_threshold               : 0.5
	- hidden_splitting_threshold              : 0.01
	- safety_num_input_perturbed              : 200
	- skip_preprocess                         : False
	- use_save_reasoning_step                 : False
	- max_iterations                          : 1000000000.0
	- skip_initial_worst_bound                : -1000000.0
	- max_domains                             : 1000000000.0
	- use_decompose                           : False
	- restart_current_hidden_branches         : 2000
	- restart_visited_hidden_branches         : 20000
	- restart_current_input_branches          : 20000
	- restart_visited_input_branches          : 200000
	- restart_max_runtime                     : 60.0
	- restart_max_runtime_percentage          : 0.4
	- mip_tightening_patience                 : 10
	- mip_tightening_timeout_per_neuron       : 15.0
	- mip_tightening_topk                     : 64
	- use_gpu_tightening                      : False
	- gpu_tightening_current_hidden_branches  : 1000
	- gpu_tightening_visited_hidden_branches  : 5000
	- gpu_tightening_timeout                  : 10.0
	- gpu_tightening_patience                 : 10
	- gpu_tightening_topk                     : 500
	- use_mip_attack                          : False
	- mip_verify_threshold                    : 2
	- share_alphas                            : False
	- backward_batch_size                     : inf
	- forward_max_dim                         : 10000
	- forward_dynamic                         : False
	- use_decompose_incomplete                : False
	- init_abstraction_method                 : crown-optimized
	- subverifier_decision_method             : smart
	- verify_candidate_batch                  : 3
	- verify_last_timeout                     : 200.0
	- verify_interm_timeout                   : 20.0
	- sequential_batch                        : 100
	- use_sequential_abstract_forward         : False
	- verify_extra_opts                       : {'sparse_intermediate_bounds': True}
	- verify_splitting_strategy               : hidden
	- use_extra_substitution                  : False
	- verify_max_iteration                    : 4
	- verify_candidate_num                    : 128
	- verify_interpolate_factor               : 0.5

ConvertModel(
  (Gemm_/fst_linear_layer/Gemm_output_0): Linear(in_features=128, out_features=12288, bias=True)
  (Relu_/relu/Relu_output_0): ReLU()
  (Constant_/Constant_output_0): Constant(constant=tensor([-1,  3, 64, 64], device='cuda:0'))
  (Reshape_/Reshape_output_0): Reshape(shape=None)
  (Conv_/model/model.0/Conv_output_0): Conv2d(3, 24, kernel_size=(1, 1), stride=(1, 1))
  (Relu_/model/model.1/Relu_output_0): ReLU()
  (Conv_/model/model.2/Conv_output_0): Conv2d(24, 24, kernel_size=(3, 3), stride=(1, 1), padding=(1, 1))
  (Relu_/model/model.3/Relu_output_0): ReLU()
  (Conv_/model/model.4/Conv_output_0): Conv2d(24, 24, kernel_size=(1, 1), stride=(2, 2))
  (Relu_/model/model.5/Relu_output_0): ReLU()
  (Conv_/model/model.6/Conv_output_0): Conv2d(24, 24, kernel_size=(1, 1), stride=(2, 2))
  (Relu_/model/model.7/Relu_output_0): ReLU()
  (Conv_/model/model.8/Conv_output_0): Conv2d(24, 24, kernel_size=(1, 1), stride=(2, 2))
  (Relu_/model/model.9/Relu_output_0): ReLU()
  (Conv_/model/model.10/Conv_output_0): Conv2d(24, 24, kernel_size=(1, 1), stride=(2, 2))
  (Flatten_/model/model.11/Flatten_output_0): Flatten(start_dim=1, end_dim=-1)
  (Gemm_output): Linear(in_features=384, out_features=384, bias=True)
)
INFO     09:56:09     [!] Input shape: (1, 128)
INFO     09:56:09     [!] Output shape: (1, 384)
INFO     09:56:09     [!] VNNLIB: 128 inputs, 384 outputs
INFO     09:56:09     [!] eps=1.000000, perturbed=128
[!] Found unsupported layer: <class 'helper.network.onnx2pytorch.operations.constant.Constant'>
INFO     09:56:09     Params of 1-th run: {'input_split': True, 'abstract_method': 'forward+backward', 'decision_method': 'naive', 'decision_topk': 1}
INFO     09:56:09     [_setup_restart] _init_abstractor
DEBUG    09:56:09     [select_params] Try self.input_split=True Settings.backward_batch_size=inf extra_opts={} mode='patches' method='forward+backward'
DEBUG    09:56:09     [_init_module] Try bound_opts={'conv_mode': 'patches', 'verbosity': 0}
INFO     09:56:10     [select_params] Success: self.input_split=True Settings.backward_batch_size=inf extra_opts={} mode='patches' method='forward+backward'
INFO     09:56:10     Try batch size 1000
INFO     09:56:10     Initial bounds (first 10): tensor([ 0.1713,  0.2133, -0.1975, -8.8056, -2.9999, -0.1176, -3.1104, -0.1567,
        -0.6609,  0.5134])
INFO     09:56:10     [Input splitting]     Iteration: 1          Remaining: 1          Visited: 2          Bound: -0.009924       Time elapsed (s): 1.65       Iteration elapsed (s): 0.03       GPU Mem (%): 4.19      Batch: 1000      Restart: 1         
INFO     09:56:11     [Input splitting]     Iteration: 2          Remaining: 2          Visited: 3          Bound: -0.009923       Time elapsed (s): 1.67       Iteration elapsed (s): 0.01       GPU Mem (%): 4.10      Batch: 1000      Restart: 1         
INFO     09:56:11     [Input splitting]     Iteration: 3          Remaining: 4          Visited: 5          Bound: -0.009919       Time elapsed (s): 1.69       Iteration elapsed (s): 0.02       GPU Mem (%): 5.58      Batch: 1000      Restart: 1         
INFO     09:56:11     [Input splitting]     Iteration: 4          Remaining: 8          Visited: 9          Bound: -0.009907       Time elapsed (s): 1.74       Iteration elapsed (s): 0.05       GPU Mem (%): 8.64      Batch: 1000      Restart: 1         
INFO     09:56:11     [Input splitting]     Iteration: 5          Remaining: 16         Visited: 17         Bound: -0.009906       Time elapsed (s): 1.81       Iteration elapsed (s): 0.07       GPU Mem (%): 14.56     Batch: 1000      Restart: 1         
INFO     09:56:11     [Input splitting]     Iteration: 6          Remaining: 32         Visited: 33         Bound: -0.009891       Time elapsed (s): 1.93       Iteration elapsed (s): 0.12       GPU Mem (%): 26.41     Batch: 1000      Restart: 1         
INFO     09:56:11     [Input splitting]     Iteration: 7          Remaining: 64         Visited: 65         Bound: -0.009877       Time elapsed (s): 2.16       Iteration elapsed (s): 0.23       GPU Mem (%): 50.10     Batch: 1000      Restart: 1         
DEBUG    09:56:11     Fixed self.batch=64
INFO     09:56:11     [Input splitting]     Iteration: 8          Remaining: 128        Visited: 129        Bound: -0.009874       Time elapsed (s): 2.60       Iteration elapsed (s): 0.44       GPU Mem (%): 97.48     Batch: 64        Restart: 1         
DEBUG    09:56:12     Fixed self.batch=64
INFO     09:56:12     [Input splitting]     Iteration: 9          Remaining: 192        Visited: 193        Bound: -0.009874       Time elapsed (s): 3.04       Iteration elapsed (s): 0.44       GPU Mem (%): 91.16     Batch: 64        Restart: 1         
DEBUG    09:56:12     Fixed self.batch=64
INFO     09:56:12     [Input splitting]     Iteration: 10         Remaining: 256        Visited: 257        Bound: -0.009874       Time elapsed (s): 3.48       Iteration elapsed (s): 0.44       GPU Mem (%): 91.11     Batch: 64        Restart: 1         
DEBUG    09:56:13     Fixed self.batch=64
INFO     09:56:13     [Input splitting]     Iteration: 11         Remaining: 256        Visited: 321        Bound: -0.009874       Time elapsed (s): 3.92       Iteration elapsed (s): 0.45       GPU Mem (%): 91.11     Batch: 64        Restart: 1         
DEBUG    09:56:13     Fixed self.batch=64
INFO     09:56:13     [Input splitting]     Iteration: 12         Remaining: 320        Visited: 385        Bound: -0.009874       Time elapsed (s): 4.38       Iteration elapsed (s): 0.46       GPU Mem (%): 91.11     Batch: 64        Restart: 1         
DEBUG    09:56:14     Fixed self.batch=64
INFO     09:56:14     [Input splitting]     Iteration: 13         Remaining: 384        Visited: 449        Bound: -0.009874       Time elapsed (s): 4.85       Iteration elapsed (s): 0.46       GPU Mem (%): 91.11     Batch: 64        Restart: 1         
DEBUG    09:56:14     Fixed self.batch=64
INFO     09:56:14     [Input splitting]     Iteration: 14         Remaining: 448        Visited: 513        Bound: -0.009874       Time elapsed (s): 5.30       Iteration elapsed (s): 0.45       GPU Mem (%): 91.06     Batch: 64        Restart: 1         
DEBUG    09:56:15     Fixed self.batch=64
INFO     09:56:15     [Input splitting]     Iteration: 15         Remaining: 512        Visited: 577        Bound: -0.009874       Time elapsed (s): 5.77       Iteration elapsed (s): 0.47       GPU Mem (%): 91.10     Batch: 64        Restart: 1         
DEBUG    09:56:15     Fixed self.batch=64
INFO     09:56:15     [Input splitting]     Iteration: 16         Remaining: 576        Visited: 641        Bound: -0.009874       Time elapsed (s): 6.24       Iteration elapsed (s): 0.47       GPU Mem (%): 91.63     Batch: 64        Restart: 1         
DEBUG    09:56:16     Fixed self.batch=64
INFO     09:56:16     [Input splitting]     Iteration: 17         Remaining: 640        Visited: 705        Bound: -0.009874       Time elapsed (s): 6.72       Iteration elapsed (s): 0.48       GPU Mem (%): 91.63     Batch: 64        Restart: 1         
DEBUG    09:56:16     Fixed self.batch=64
INFO     09:56:16     [Input splitting]     Iteration: 18         Remaining: 704        Visited: 769        Bound: -0.009874       Time elapsed (s): 7.18       Iteration elapsed (s): 0.45       GPU Mem (%): 91.63     Batch: 64        Restart: 1         
DEBUG    09:56:17     Fixed self.batch=64
INFO     09:56:17     [Input splitting]     Iteration: 19         Remaining: 768        Visited: 833        Bound: -0.009874       Time elapsed (s): 7.80       Iteration elapsed (s): 0.62       GPU Mem (%): 91.63     Batch: 64        Restart: 1         
DEBUG    09:56:17     Fixed self.batch=64
INFO     09:56:17     [Input splitting]     Iteration: 20         Remaining: 832        Visited: 897        Bound: -0.009874       Time elapsed (s): 8.35       Iteration elapsed (s): 0.55       GPU Mem (%): 91.63     Batch: 64        Restart: 1         
DEBUG    09:56:18     Fixed self.batch=64
INFO     09:56:18     [Input splitting]     Iteration: 21         Remaining: 896        Visited: 961        Bound: -0.009874       Time elapsed (s): 8.80       Iteration elapsed (s): 0.45       GPU Mem (%): 91.63     Batch: 64        Restart: 1         
DEBUG    09:56:18     Fixed self.batch=64
INFO     09:56:18     [Input splitting]     Iteration: 22         Remaining: 896        Visited: 1025       Bound: -0.009874       Time elapsed (s): 9.27       Iteration elapsed (s): 0.47       GPU Mem (%): 91.63     Batch: 64        Restart: 1         
DEBUG    09:56:19     Fixed self.batch=64
INFO     09:56:19     [Input splitting]     Iteration: 23         Remaining: 960        Visited: 1089       Bound: -0.009874       Time elapsed (s): 9.73       Iteration elapsed (s): 0.45       GPU Mem (%): 91.63     Batch: 64        Restart: 1         
DEBUG    09:56:19     Fixed self.batch=64
INFO     09:56:19     [Input splitting]     Iteration: 24         Remaining: 1024       Visited: 1153       Bound: -0.009874       Time elapsed (s): 10.23      Iteration elapsed (s): 0.50       GPU Mem (%): 91.63     Batch: 64        Restart: 1         
DEBUG    09:56:20     Fixed self.batch=64
INFO     09:56:20     [Input splitting]     Iteration: 25         Remaining: 1088       Visited: 1217       Bound: -0.009874       Time elapsed (s): 10.93      Iteration elapsed (s): 0.70       GPU Mem (%): 91.63     Batch: 64        Restart: 1         
DEBUG    09:56:20     Fixed self.batch=64
INFO     09:56:20     [Input splitting]     Iteration: 26         Remaining: 1152       Visited: 1281       Bound: -0.009874       Time elapsed (s): 11.40      Iteration elapsed (s): 0.47       GPU Mem (%): 91.06     Batch: 64        Restart: 1         
DEBUG    09:56:21     Fixed self.batch=64
INFO     09:56:21     [Input splitting]     Iteration: 27         Remaining: 1216       Visited: 1345       Bound: -0.009874       Time elapsed (s): 11.94      Iteration elapsed (s): 0.54       GPU Mem (%): 91.06     Batch: 64        Restart: 1         
DEBUG    09:56:21     Fixed self.batch=64
INFO     09:56:21     [Input splitting]     Iteration: 28         Remaining: 1280       Visited: 1409       Bound: -0.009874       Time elapsed (s): 12.45      Iteration elapsed (s): 0.51       GPU Mem (%): 91.01     Batch: 64        Restart: 1         
DEBUG    09:56:22     Fixed self.batch=64
INFO     09:56:22     [Input splitting]     Iteration: 29         Remaining: 1344       Visited: 1473       Bound: -0.009874       Time elapsed (s): 13.00      Iteration elapsed (s): 0.56       GPU Mem (%): 91.01     Batch: 64        Restart: 1         
DEBUG    09:56:23     Fixed self.batch=64
INFO     09:56:23     [Input splitting]     Iteration: 30         Remaining: 1408       Visited: 1537       Bound: -0.009874       Time elapsed (s): 13.66      Iteration elapsed (s): 0.63       GPU Mem (%): 91.01     Batch: 64        Restart: 1         
DEBUG    09:56:23     Fixed self.batch=64
INFO     09:56:23     [Input splitting]     Iteration: 31         Remaining: 1472       Visited: 1601       Bound: -0.009874       Time elapsed (s): 14.26      Iteration elapsed (s): 0.59       GPU Mem (%): 91.01     Batch: 64        Restart: 1         
DEBUG    09:56:24     Fixed self.batch=64
INFO     09:56:24     [Input splitting]     Iteration: 32         Remaining: 1536       Visited: 1665       Bound: -0.009874       Time elapsed (s): 14.75      Iteration elapsed (s): 0.49       GPU Mem (%): 91.01     Batch: 64        Restart: 1         
DEBUG    09:56:24     Fixed self.batch=64
INFO     09:56:24     [Input splitting]     Iteration: 33         Remaining: 1600       Visited: 1729       Bound: -0.009874       Time elapsed (s): 15.24      Iteration elapsed (s): 0.49       GPU Mem (%): 91.01     Batch: 64        Restart: 1         
DEBUG    09:56:25     Fixed self.batch=64
INFO     09:56:25     [Input splitting]     Iteration: 34         Remaining: 1664       Visited: 1793       Bound: -0.009874       Time elapsed (s): 15.73      Iteration elapsed (s): 0.49       GPU Mem (%): 91.01     Batch: 64        Restart: 1         
DEBUG    09:56:25     Fixed self.batch=64
INFO     09:56:25     [Input splitting]     Iteration: 35         Remaining: 1728       Visited: 1857       Bound: -0.009874       Time elapsed (s): 16.24      Iteration elapsed (s): 0.51       GPU Mem (%): 91.01     Batch: 64        Restart: 1         
DEBUG    09:56:26     Fixed self.batch=64
INFO     09:56:26     [Input splitting]     Iteration: 36         Remaining: 1792       Visited: 1921       Bound: -0.009874       Time elapsed (s): 16.71      Iteration elapsed (s): 0.46       GPU Mem (%): 91.01     Batch: 64        Restart: 1         
DEBUG    09:56:26     Fixed self.batch=64
INFO     09:56:26     [Input splitting]     Iteration: 37         Remaining: 1856       Visited: 1985       Bound: -0.009874       Time elapsed (s): 17.19      Iteration elapsed (s): 0.48       GPU Mem (%): 91.05     Batch: 64        Restart: 1         
DEBUG    09:56:27     Fixed self.batch=64
INFO     09:56:27     [Input splitting]     Iteration: 38         Remaining: 1920       Visited: 2049       Bound: -0.009874       Time elapsed (s): 17.82      Iteration elapsed (s): 0.62       GPU Mem (%): 91.05     Batch: 64        Restart: 1         
DEBUG    09:56:27     Fixed self.batch=64
INFO     09:56:27     [Input splitting]     Iteration: 39         Remaining: 1984       Visited: 2113       Bound: -0.009874       Time elapsed (s): 18.35      Iteration elapsed (s): 0.53       GPU Mem (%): 91.07     Batch: 64        Restart: 1         
DEBUG    09:56:28     Fixed self.batch=64
INFO     09:56:28     [Input splitting]     Iteration: 40         Remaining: 2048       Visited: 2177       Bound: -0.009874       Time elapsed (s): 18.85      Iteration elapsed (s): 0.50       GPU Mem (%): 91.61     Batch: 64        Restart: 1         
DEBUG    09:56:28     Fixed self.batch=64
INFO     09:56:28     [Input splitting]     Iteration: 41         Remaining: 2112       Visited: 2241       Bound: -0.009874       Time elapsed (s): 19.54      Iteration elapsed (s): 0.69       GPU Mem (%): 91.61     Batch: 64        Restart: 1         
DEBUG    09:56:29     Fixed self.batch=64
INFO     09:56:29     [Input splitting]     Iteration: 42         Remaining: 2176       Visited: 2305       Bound: -0.009874       Time elapsed (s): 20.01      Iteration elapsed (s): 0.48       GPU Mem (%): 91.61     Batch: 64        Restart: 1         
DEBUG    09:56:29     Fixed self.batch=64
INFO     09:56:29     [Input splitting]     Iteration: 43         Remaining: 2240       Visited: 2369       Bound: -0.009874       Time elapsed (s): 20.48      Iteration elapsed (s): 0.47       GPU Mem (%): 91.61     Batch: 64        Restart: 1         
DEBUG    09:56:30     Fixed self.batch=64
INFO     09:56:30     [Input splitting]     Iteration: 44         Remaining: 2304       Visited: 2433       Bound: -0.009874       Time elapsed (s): 20.97      Iteration elapsed (s): 0.48       GPU Mem (%): 91.61     Batch: 64        Restart: 1         
DEBUG    09:56:30     Fixed self.batch=64
INFO     09:56:30     [Input splitting]     Iteration: 45         Remaining: 2368       Visited: 2497       Bound: -0.009874       Time elapsed (s): 21.45      Iteration elapsed (s): 0.48       GPU Mem (%): 91.61     Batch: 64        Restart: 1         
DEBUG    09:56:31     Fixed self.batch=64
INFO     09:56:31     [Input splitting]     Iteration: 46         Remaining: 2432       Visited: 2561       Bound: -0.009874       Time elapsed (s): 21.91      Iteration elapsed (s): 0.46       GPU Mem (%): 91.61     Batch: 64        Restart: 1         
DEBUG    09:56:31     Fixed self.batch=64
INFO     09:56:31     [Input splitting]     Iteration: 47         Remaining: 2496       Visited: 2625       Bound: -0.009874       Time elapsed (s): 22.39      Iteration elapsed (s): 0.48       GPU Mem (%): 91.05     Batch: 64        Restart: 1         
DEBUG    09:56:32     Fixed self.batch=64
INFO     09:56:32     [Input splitting]     Iteration: 48         Remaining: 2560       Visited: 2689       Bound: -0.009874       Time elapsed (s): 22.85      Iteration elapsed (s): 0.46       GPU Mem (%): 91.07     Batch: 64        Restart: 1         
DEBUG    09:56:32     Fixed self.batch=64
INFO     09:56:32     [Input splitting]     Iteration: 49         Remaining: 2624       Visited: 2753       Bound: -0.009874       Time elapsed (s): 23.35      Iteration elapsed (s): 0.50       GPU Mem (%): 91.07     Batch: 64        Restart: 1         
DEBUG    09:56:33     Fixed self.batch=64
INFO     09:56:33     [Input splitting]     Iteration: 50         Remaining: 2688       Visited: 2817       Bound: -0.009874       Time elapsed (s): 23.91      Iteration elapsed (s): 0.56       GPU Mem (%): 91.07     Batch: 64        Restart: 1         
DEBUG    09:56:33     Fixed self.batch=64
INFO     09:56:33     [Input splitting]     Iteration: 51         Remaining: 2688       Visited: 2881       Bound: -0.009874       Time elapsed (s): 24.48      Iteration elapsed (s): 0.57       GPU Mem (%): 91.07     Batch: 64        Restart: 1         
DEBUG    09:56:34     Fixed self.batch=64
INFO     09:56:34     [Input splitting]     Iteration: 52         Remaining: 2752       Visited: 2945       Bound: -0.009874       Time elapsed (s): 25.03      Iteration elapsed (s): 0.55       GPU Mem (%): 91.07     Batch: 64        Restart: 1         
DEBUG    09:56:34     Fixed self.batch=64
INFO     09:56:34     [Input splitting]     Iteration: 53         Remaining: 2816       Visited: 3009       Bound: -0.009874       Time elapsed (s): 25.54      Iteration elapsed (s): 0.51       GPU Mem (%): 91.07     Batch: 64        Restart: 1         
DEBUG    09:56:35     Fixed self.batch=64
INFO     09:56:35     [Input splitting]     Iteration: 54         Remaining: 2880       Visited: 3073       Bound: -0.009874       Time elapsed (s): 26.03      Iteration elapsed (s): 0.48       GPU Mem (%): 91.07     Batch: 64        Restart: 1         
DEBUG    09:56:35     Fixed self.batch=64
INFO     09:56:35     [Input splitting]     Iteration: 55         Remaining: 2944       Visited: 3137       Bound: -0.009874       Time elapsed (s): 26.49      Iteration elapsed (s): 0.47       GPU Mem (%): 91.07     Batch: 64        Restart: 1         
DEBUG    09:56:36     Fixed self.batch=64
INFO     09:56:36     [Input splitting]     Iteration: 56         Remaining: 3008       Visited: 3201       Bound: -0.009874       Time elapsed (s): 27.01      Iteration elapsed (s): 0.51       GPU Mem (%): 91.07     Batch: 64        Restart: 1         
DEBUG    09:56:36     Fixed self.batch=64
INFO     09:56:36     [Input splitting]     Iteration: 57         Remaining: 3072       Visited: 3265       Bound: -0.009874       Time elapsed (s): 27.52      Iteration elapsed (s): 0.51       GPU Mem (%): 91.07     Batch: 64        Restart: 1         
DEBUG    09:56:37     Fixed self.batch=64
INFO     09:56:37     [Input splitting]     Iteration: 58         Remaining: 3136       Visited: 3329       Bound: -0.009874       Time elapsed (s): 28.03      Iteration elapsed (s): 0.51       GPU Mem (%): 91.07     Batch: 64        Restart: 1         
DEBUG    09:56:37     Fixed self.batch=64
INFO     09:56:37     [Input splitting]     Iteration: 59         Remaining: 3200       Visited: 3393       Bound: -0.009874       Time elapsed (s): 28.49      Iteration elapsed (s): 0.46       GPU Mem (%): 91.07     Batch: 64        Restart: 1         
DEBUG    09:56:38     Fixed self.batch=64
INFO     09:56:38     [Input splitting]     Iteration: 60         Remaining: 3264       Visited: 3457       Bound: -0.009874       Time elapsed (s): 28.95      Iteration elapsed (s): 0.46       GPU Mem (%): 91.09     Batch: 64        Restart: 1         
DEBUG    09:56:38     Fixed self.batch=64
INFO     09:56:38     [Input splitting]     Iteration: 61         Remaining: 3328       Visited: 3521       Bound: -0.009874       Time elapsed (s): 29.46      Iteration elapsed (s): 0.51       GPU Mem (%): 91.10     Batch: 64        Restart: 1         
DEBUG    09:56:39     Fixed self.batch=64
INFO     09:56:39     [Input splitting]     Iteration: 62         Remaining: 3392       Visited: 3585       Bound: -0.009874       Time elapsed (s): 29.99      Iteration elapsed (s): 0.52       GPU Mem (%): 91.65     Batch: 64        Restart: 1         
DEBUG    09:56:39     Fixed self.batch=64
INFO     09:56:39     [Input splitting]     Iteration: 63         Remaining: 3456       Visited: 3649       Bound: -0.009874       Time elapsed (s): 30.51      Iteration elapsed (s): 0.52       GPU Mem (%): 91.65     Batch: 64        Restart: 1         
DEBUG    09:56:40     Fixed self.batch=64
INFO     09:56:40     [Input splitting]     Iteration: 64         Remaining: 3520       Visited: 3713       Bound: -0.009874       Time elapsed (s): 30.99      Iteration elapsed (s): 0.47       GPU Mem (%): 91.65     Batch: 64        Restart: 1         
DEBUG    09:56:40     Fixed self.batch=64
INFO     09:56:40     [Input splitting]     Iteration: 65         Remaining: 3584       Visited: 3777       Bound: -0.009874       Time elapsed (s): 31.45      Iteration elapsed (s): 0.47       GPU Mem (%): 91.65     Batch: 64        Restart: 1         
DEBUG    09:56:41     Fixed self.batch=64
INFO     09:56:41     [Input splitting]     Iteration: 66         Remaining: 3648       Visited: 3841       Bound: -0.009874       Time elapsed (s): 31.94      Iteration elapsed (s): 0.48       GPU Mem (%): 91.65     Batch: 64        Restart: 1         
DEBUG    09:56:41     Fixed self.batch=64
INFO     09:56:41     [Input splitting]     Iteration: 67         Remaining: 3712       Visited: 3905       Bound: -0.009874       Time elapsed (s): 32.46      Iteration elapsed (s): 0.52       GPU Mem (%): 91.65     Batch: 64        Restart: 1         
DEBUG    09:56:42     Fixed self.batch=64
INFO     09:56:42     [Input splitting]     Iteration: 68         Remaining: 3776       Visited: 3969       Bound: -0.009874       Time elapsed (s): 33.06      Iteration elapsed (s): 0.59       GPU Mem (%): 91.65     Batch: 64        Restart: 1         
DEBUG    09:56:42     Fixed self.batch=64
INFO     09:56:42     [Input splitting]     Iteration: 69         Remaining: 3840       Visited: 4033       Bound: -0.009874       Time elapsed (s): 33.58      Iteration elapsed (s): 0.51       GPU Mem (%): 91.65     Batch: 64        Restart: 1         
DEBUG    09:56:43     Fixed self.batch=64
INFO     09:56:43     [Input splitting]     Iteration: 70         Remaining: 3904       Visited: 4097       Bound: -0.009874       Time elapsed (s): 34.05      Iteration elapsed (s): 0.47       GPU Mem (%): 91.07     Batch: 64        Restart: 1         
DEBUG    09:56:43     Fixed self.batch=64
INFO     09:56:43     [Input splitting]     Iteration: 71         Remaining: 3968       Visited: 4161       Bound: -0.009874       Time elapsed (s): 34.56      Iteration elapsed (s): 0.51       GPU Mem (%): 91.07     Batch: 64        Restart: 1         
DEBUG    09:56:44     Fixed self.batch=64
INFO     09:56:44     [Input splitting]     Iteration: 72         Remaining: 4032       Visited: 4225       Bound: -0.009874       Time elapsed (s): 35.12      Iteration elapsed (s): 0.55       GPU Mem (%): 91.07     Batch: 64        Restart: 1         
DEBUG    09:56:44     Fixed self.batch=64
INFO     09:56:44     [Input splitting]     Iteration: 73         Remaining: 4096       Visited: 4289       Bound: -0.009874       Time elapsed (s): 35.61      Iteration elapsed (s): 0.49       GPU Mem (%): 91.07     Batch: 64        Restart: 1         
DEBUG    09:56:45     Fixed self.batch=64
INFO     09:56:45     [Input splitting]     Iteration: 74         Remaining: 4160       Visited: 4353       Bound: -0.009874       Time elapsed (s): 36.42      Iteration elapsed (s): 0.81       GPU Mem (%): 91.07     Batch: 64        Restart: 1         
DEBUG    09:56:46     Fixed self.batch=64
INFO     09:56:46     [Input splitting]     Iteration: 75         Remaining: 4224       Visited: 4417       Bound: -0.009874       Time elapsed (s): 36.93      Iteration elapsed (s): 0.51       GPU Mem (%): 91.07     Batch: 64        Restart: 1         
DEBUG    09:56:46     Fixed self.batch=64
INFO     09:56:46     [Input splitting]     Iteration: 76         Remaining: 4288       Visited: 4481       Bound: -0.009874       Time elapsed (s): 37.42      Iteration elapsed (s): 0.48       GPU Mem (%): 91.07     Batch: 64        Restart: 1         
DEBUG    09:56:47     Fixed self.batch=64
INFO     09:56:47     [Input splitting]     Iteration: 77         Remaining: 4352       Visited: 4545       Bound: -0.009874       Time elapsed (s): 37.88      Iteration elapsed (s): 0.46       GPU Mem (%): 91.07     Batch: 64        Restart: 1         
DEBUG    09:56:47     Fixed self.batch=64
INFO     09:56:47     [Input splitting]     Iteration: 78         Remaining: 4416       Visited: 4609       Bound: -0.009874       Time elapsed (s): 38.33      Iteration elapsed (s): 0.45       GPU Mem (%): 91.07     Batch: 64        Restart: 1         
DEBUG    09:56:48     Fixed self.batch=64
INFO     09:56:48     [Input splitting]     Iteration: 79         Remaining: 4480       Visited: 4673       Bound: -0.009874       Time elapsed (s): 38.78      Iteration elapsed (s): 0.46       GPU Mem (%): 91.07     Batch: 64        Restart: 1         
DEBUG    09:56:48     Fixed self.batch=64
INFO     09:56:48     [Input splitting]     Iteration: 80         Remaining: 4544       Visited: 4737       Bound: -0.009874       Time elapsed (s): 39.25      Iteration elapsed (s): 0.46       GPU Mem (%): 91.07     Batch: 64        Restart: 1         
DEBUG    09:56:49     Fixed self.batch=64
INFO     09:56:49     [Input splitting]     Iteration: 81         Remaining: 4608       Visited: 4801       Bound: -0.009874       Time elapsed (s): 39.82      Iteration elapsed (s): 0.58       GPU Mem (%): 91.07     Batch: 64        Restart: 1         
DEBUG    09:56:49     Fixed self.batch=64
INFO     09:56:49     [Input splitting]     Iteration: 82         Remaining: 4672       Visited: 4865       Bound: -0.009874       Time elapsed (s): 40.38      Iteration elapsed (s): 0.56       GPU Mem (%): 91.17     Batch: 64        Restart: 1         
DEBUG    09:56:50     Fixed self.batch=64
INFO     09:56:50     [Input splitting]     Iteration: 83         Remaining: 4736       Visited: 4929       Bound: -0.009874       Time elapsed (s): 40.88      Iteration elapsed (s): 0.50       GPU Mem (%): 91.17     Batch: 64        Restart: 1         
DEBUG    09:56:50     Fixed self.batch=64
INFO     09:56:50     [Input splitting]     Iteration: 84         Remaining: 4800       Visited: 4993       Bound: -0.009874       Time elapsed (s): 41.36      Iteration elapsed (s): 0.48       GPU Mem (%): 91.17     Batch: 64        Restart: 1         
DEBUG    09:56:51     Fixed self.batch=64
INFO     09:56:51     [Input splitting]     Iteration: 85         Remaining: 4864       Visited: 5057       Bound: -0.009874       Time elapsed (s): 41.86      Iteration elapsed (s): 0.50       GPU Mem (%): 91.17     Batch: 64        Restart: 1         
DEBUG    09:56:51     Fixed self.batch=64
INFO     09:56:51     [Input splitting]     Iteration: 86         Remaining: 4928       Visited: 5121       Bound: -0.009874       Time elapsed (s): 42.49      Iteration elapsed (s): 0.62       GPU Mem (%): 91.17     Batch: 64        Restart: 1         
DEBUG    09:56:52     Fixed self.batch=64
INFO     09:56:52     [Input splitting]     Iteration: 87         Remaining: 4992       Visited: 5185       Bound: -0.009874       Time elapsed (s): 43.28      Iteration elapsed (s): 0.79       GPU Mem (%): 91.17     Batch: 64        Restart: 1         
DEBUG    09:56:53     Fixed self.batch=64
INFO     09:56:53     [Input splitting]     Iteration: 88         Remaining: 5056       Visited: 5249       Bound: -0.009874       Time elapsed (s): 43.84      Iteration elapsed (s): 0.54       GPU Mem (%): 91.17     Batch: 64        Restart: 1         
DEBUG    09:56:53     Fixed self.batch=64
INFO     09:56:53     [Input splitting]     Iteration: 89         Remaining: 5056       Visited: 5313       Bound: -0.009874       Time elapsed (s): 44.45      Iteration elapsed (s): 0.60       GPU Mem (%): 91.17     Batch: 64        Restart: 1         
DEBUG    09:56:54     Fixed self.batch=64
INFO     09:56:54     [Input splitting]     Iteration: 90         Remaining: 5120       Visited: 5377       Bound: -0.009874       Time elapsed (s): 45.02      Iteration elapsed (s): 0.56       GPU Mem (%): 91.17     Batch: 64        Restart: 1         
DEBUG    09:56:54     Fixed self.batch=64
INFO     09:56:54     [Input splitting]     Iteration: 91         Remaining: 5184       Visited: 5441       Bound: -0.009874       Time elapsed (s): 45.59      Iteration elapsed (s): 0.57       GPU Mem (%): 91.17     Batch: 64        Restart: 1         
DEBUG    09:56:55     Fixed self.batch=64
INFO     09:56:55     [Input splitting]     Iteration: 92         Remaining: 5248       Visited: 5505       Bound: -0.009874       Time elapsed (s): 46.12      Iteration elapsed (s): 0.52       GPU Mem (%): 91.17     Batch: 64        Restart: 1         
DEBUG    09:56:56     Fixed self.batch=64
INFO     09:56:56     [Input splitting]     Iteration: 93         Remaining: 5312       Visited: 5569       Bound: -0.009874       Time elapsed (s): 46.67      Iteration elapsed (s): 0.56       GPU Mem (%): 91.17     Batch: 64        Restart: 1         
DEBUG    09:56:56     Fixed self.batch=64
INFO     09:56:56     [Input splitting]     Iteration: 94         Remaining: 5376       Visited: 5633       Bound: -0.009874       Time elapsed (s): 47.17      Iteration elapsed (s): 0.49       GPU Mem (%): 91.20     Batch: 64        Restart: 1         
DEBUG    09:56:57     Fixed self.batch=64
INFO     09:56:57     [Input splitting]     Iteration: 95         Remaining: 5440       Visited: 5697       Bound: -0.009874       Time elapsed (s): 47.67      Iteration elapsed (s): 0.51       GPU Mem (%): 91.74     Batch: 64        Restart: 1         
DEBUG    09:56:57     Fixed self.batch=64
INFO     09:56:57     [Input splitting]     Iteration: 96         Remaining: 5504       Visited: 5761       Bound: -0.009874       Time elapsed (s): 48.23      Iteration elapsed (s): 0.55       GPU Mem (%): 91.74     Batch: 64        Restart: 1         
DEBUG    09:56:58     Fixed self.batch=64
INFO     09:56:58     [Input splitting]     Iteration: 97         Remaining: 5568       Visited: 5825       Bound: -0.009874       Time elapsed (s): 48.82      Iteration elapsed (s): 0.58       GPU Mem (%): 91.74     Batch: 64        Restart: 1         
DEBUG    09:56:58     Fixed self.batch=64
INFO     09:56:58     [Input splitting]     Iteration: 98         Remaining: 5632       Visited: 5889       Bound: -0.009874       Time elapsed (s): 49.41      Iteration elapsed (s): 0.59       GPU Mem (%): 91.74     Batch: 64        Restart: 1         
DEBUG    09:56:59     Fixed self.batch=64
INFO     09:56:59     [Input splitting]     Iteration: 99         Remaining: 5696       Visited: 5953       Bound: -0.009874       Time elapsed (s): 49.96      Iteration elapsed (s): 0.55       GPU Mem (%): 91.74     Batch: 64        Restart: 1         
DEBUG    09:56:59     Fixed self.batch=64
INFO     09:56:59     [Input splitting]     Iteration: 100        Remaining: 5760       Visited: 6017       Bound: -0.009874       Time elapsed (s): 50.52      Iteration elapsed (s): 0.55       GPU Mem (%): 91.74     Batch: 64        Restart: 1         
DEBUG    09:57:00     Fixed self.batch=64
INFO     09:57:00     [Input splitting]     Iteration: 101        Remaining: 5824       Visited: 6081       Bound: -0.009874       Time elapsed (s): 51.03      Iteration elapsed (s): 0.50       GPU Mem (%): 91.74     Batch: 64        Restart: 1         
DEBUG    09:57:00     Fixed self.batch=64
INFO     09:57:00     [Input splitting]     Iteration: 102        Remaining: 5888       Visited: 6145       Bound: -0.009874       Time elapsed (s): 51.61      Iteration elapsed (s): 0.59       GPU Mem (%): 91.74     Batch: 64        Restart: 1         
DEBUG    09:57:01     Fixed self.batch=64
INFO     09:57:01     [Input splitting]     Iteration: 103        Remaining: 5952       Visited: 6209       Bound: -0.009874       Time elapsed (s): 52.45      Iteration elapsed (s): 0.84       GPU Mem (%): 91.17     Batch: 64        Restart: 1         
DEBUG    09:57:02     Fixed self.batch=64
INFO     09:57:02     [Input splitting]     Iteration: 104        Remaining: 6016       Visited: 6273       Bound: -0.009874       Time elapsed (s): 52.90      Iteration elapsed (s): 0.45       GPU Mem (%): 91.17     Batch: 64        Restart: 1         
DEBUG    09:57:02     Fixed self.batch=64
INFO     09:57:02     [Input splitting]     Iteration: 105        Remaining: 6080       Visited: 6337       Bound: -0.009874       Time elapsed (s): 53.42      Iteration elapsed (s): 0.52       GPU Mem (%): 90.97     Batch: 64        Restart: 1         
DEBUG    09:57:03     Fixed self.batch=64
INFO     09:57:03     [Input splitting]     Iteration: 106        Remaining: 6144       Visited: 6401       Bound: -0.009874       Time elapsed (s): 53.94      Iteration elapsed (s): 0.51       GPU Mem (%): 90.97     Batch: 64        Restart: 1         
DEBUG    09:57:03     Fixed self.batch=64
INFO     09:57:03     [Input splitting]     Iteration: 107        Remaining: 6208       Visited: 6465       Bound: -0.009874       Time elapsed (s): 54.46      Iteration elapsed (s): 0.52       GPU Mem (%): 90.97     Batch: 64        Restart: 1         
DEBUG    09:57:04     Fixed self.batch=64
INFO     09:57:04     [Input splitting]     Iteration: 108        Remaining: 6272       Visited: 6529       Bound: -0.009874       Time elapsed (s): 55.03      Iteration elapsed (s): 0.55       GPU Mem (%): 90.97     Batch: 64        Restart: 1         
DEBUG    09:57:04     Fixed self.batch=64
INFO     09:57:04     [Input splitting]     Iteration: 109        Remaining: 6336       Visited: 6593       Bound: -0.009874       Time elapsed (s): 55.53      Iteration elapsed (s): 0.50       GPU Mem (%): 90.97     Batch: 64        Restart: 1         
DEBUG    09:57:05     Fixed self.batch=64
INFO     09:57:05     [Input splitting]     Iteration: 110        Remaining: 6400       Visited: 6657       Bound: -0.009874       Time elapsed (s): 55.99      Iteration elapsed (s): 0.46       GPU Mem (%): 90.97     Batch: 64        Restart: 1         
DEBUG    09:57:05     Fixed self.batch=64
INFO     09:57:05     [Input splitting]     Iteration: 111        Remaining: 6464       Visited: 6721       Bound: -0.009874       Time elapsed (s): 56.45      Iteration elapsed (s): 0.46       GPU Mem (%): 90.97     Batch: 64        Restart: 1         
DEBUG    09:57:06     Fixed self.batch=64
INFO     09:57:06     [Input splitting]     Iteration: 112        Remaining: 6528       Visited: 6785       Bound: -0.009874       Time elapsed (s): 56.92      Iteration elapsed (s): 0.47       GPU Mem (%): 90.97     Batch: 64        Restart: 1         
DEBUG    09:57:06     Fixed self.batch=64
INFO     09:57:06     [Input splitting]     Iteration: 113        Remaining: 6592       Visited: 6849       Bound: -0.009874       Time elapsed (s): 57.37      Iteration elapsed (s): 0.45       GPU Mem (%): 90.97     Batch: 64        Restart: 1         
DEBUG    09:57:07     Fixed self.batch=64
INFO     09:57:07     [Input splitting]     Iteration: 114        Remaining: 6656       Visited: 6913       Bound: -0.009874       Time elapsed (s): 57.84      Iteration elapsed (s): 0.47       GPU Mem (%): 90.97     Batch: 64        Restart: 1         
DEBUG    09:57:07     Fixed self.batch=64
INFO     09:57:07     [Input splitting]     Iteration: 115        Remaining: 6720       Visited: 6977       Bound: -0.009874       Time elapsed (s): 58.33      Iteration elapsed (s): 0.49       GPU Mem (%): 90.97     Batch: 64        Restart: 1         
DEBUG    09:57:08     Fixed self.batch=64
INFO     09:57:08     [Input splitting]     Iteration: 116        Remaining: 6784       Visited: 7041       Bound: -0.009874       Time elapsed (s): 58.80      Iteration elapsed (s): 0.46       GPU Mem (%): 90.97     Batch: 64        Restart: 1         
DEBUG    09:57:08     Fixed self.batch=64
INFO     09:57:08     [Input splitting]     Iteration: 117        Remaining: 6848       Visited: 7105       Bound: -0.009874       Time elapsed (s): 59.27      Iteration elapsed (s): 0.47       GPU Mem (%): 90.97     Batch: 64        Restart: 1         
DEBUG    09:57:09     Fixed self.batch=64
INFO     09:57:09     [Input splitting]     Iteration: 118        Remaining: 6912       Visited: 7169       Bound: -0.009874       Time elapsed (s): 59.78      Iteration elapsed (s): 0.51       GPU Mem (%): 90.97     Batch: 64        Restart: 1         
DEBUG    09:57:09     Fixed self.batch=64
INFO     09:57:09     [Input splitting]     Iteration: 119        Remaining: 6976       Visited: 7233       Bound: -0.009874       Time elapsed (s): 60.35      Iteration elapsed (s): 0.57       GPU Mem (%): 90.97     Batch: 64        Restart: 1         
DEBUG    09:57:10     Fixed self.batch=64
INFO     09:57:10     [Input splitting]     Iteration: 120        Remaining: 7040       Visited: 7297       Bound: -0.009874       Time elapsed (s): 60.93      Iteration elapsed (s): 0.57       GPU Mem (%): 90.97     Batch: 64        Restart: 1         
DEBUG    09:57:10     Fixed self.batch=64
INFO     09:57:10     [Input splitting]     Iteration: 121        Remaining: 7104       Visited: 7361       Bound: -0.009874       Time elapsed (s): 61.45      Iteration elapsed (s): 0.51       GPU Mem (%): 90.97     Batch: 64        Restart: 1         
DEBUG    09:57:10     [Restart] Runtime exceeded 59.79495429992676 seconds (40.0%)
DEBUG    09:57:11     Restarting
INFO     09:57:11     Params of 2-th run: {'input_split': True, 'abstract_method': 'backward', 'decision_method': 'smart', 'decision_topk': 1}
INFO     09:57:11     [_setup_restart] _init_abstractor
DEBUG    09:57:11     [select_params] Try self.input_split=True Settings.backward_batch_size=inf extra_opts={} mode='patches' method='backward'
DEBUG    09:57:11     [_init_module] Try bound_opts={'conv_mode': 'patches', 'verbosity': 0}
INFO     09:57:11     [select_params] Success: self.input_split=True Settings.backward_batch_size=inf extra_opts={} mode='patches' method='backward'
INFO     09:57:11     Try batch size 1000
INFO     09:57:11     Initial bounds (first 10): tensor([ 0.1714,  0.2133, -0.1975, -8.7274, -2.9736, -0.1176, -3.1104, -0.1566,
        -0.6530,  0.5134])
INFO     09:57:12     [Input splitting]     Iteration: 122        Remaining: 0          Visited: 2          Bound: 0.000001        Time elapsed (s): 62.90      Iteration elapsed (s): 0.19       GPU Mem (%): 22.31     Batch: 1000      Restart: 2         
INFO     09:57:12     Verified: 1 	 Remain: 0
INFO     09:57:12     [!] Iterations: 122
INFO     09:57:12     [!] Result: unsat
INFO     09:57:12     [!] Runtime: 63.8705
unsat,63.8705
