[0;93m2026-05-27 10:19:22.945571012 [W:onnxruntime:Default, device_discovery.cc:283 GetGpuDevices] Failed to detect devices under "/sys/class/drm/card0": device_discovery.cc:93 ReadFileContents Failed to open file: "/sys/class/drm/card0/device/vendor"[m
Set parameter WLSAccessID
Set parameter WLSSecret
Set parameter LicenseID to value 2542227
Academic license 2542227 - for non-commercial use only - registered to ka___@unsw.edu.au

 [!] GlobalSettings:
	- use_restart                             : True
	- use_mip_tightening                      : True
	- use_attack                              : False
	- attack_interval                         : 10
	- use_mip_verify                          : True
	- input_splitting_threshold               : 0.5
	- hidden_splitting_threshold              : 0.01
	- safety_num_input_perturbed              : 200
	- skip_preprocess                         : False
	- use_save_reasoning_step                 : False
	- max_iterations                          : 1000000000.0
	- skip_initial_worst_bound                : -1000000.0
	- max_domains                             : 1000000000.0
	- use_decompose                           : False
	- restart_current_hidden_branches         : 2000
	- restart_visited_hidden_branches         : 20000
	- restart_current_input_branches          : 20000
	- restart_visited_input_branches          : 200000
	- restart_max_runtime                     : 60.0
	- restart_max_runtime_percentage          : 0.4
	- mip_tightening_patience                 : 10
	- mip_tightening_timeout_per_neuron       : 15.0
	- mip_tightening_topk                     : 64
	- use_gpu_tightening                      : False
	- gpu_tightening_current_hidden_branches  : 1000
	- gpu_tightening_visited_hidden_branches  : 5000
	- gpu_tightening_timeout                  : 10.0
	- gpu_tightening_patience                 : 10
	- gpu_tightening_topk                     : 500
	- use_mip_attack                          : False
	- mip_verify_threshold                    : 2
	- share_alphas                            : False
	- backward_batch_size                     : inf
	- forward_max_dim                         : 10000
	- forward_dynamic                         : False
	- use_decompose_incomplete                : False
	- init_abstraction_method                 : crown-optimized
	- subverifier_decision_method             : smart
	- verify_candidate_batch                  : 3
	- verify_last_timeout                     : 200.0
	- verify_interm_timeout                   : 20.0
	- sequential_batch                        : 100
	- use_sequential_abstract_forward         : False
	- verify_extra_opts                       : {'sparse_intermediate_bounds': True}
	- verify_splitting_strategy               : hidden
	- use_extra_substitution                  : False
	- verify_max_iteration                    : 4
	- verify_candidate_num                    : 128
	- verify_interpolate_factor               : 0.5

ConvertModel(
  (Gemm_/fst_linear_layer/Gemm_output_0): Linear(in_features=128, out_features=12288, bias=True)
  (Relu_/relu/Relu_output_0): ReLU()
  (Constant_/Constant_output_0): Constant(constant=tensor([-1,  3, 64, 64], device='cuda:0'))
  (Reshape_/Reshape_output_0): Reshape(shape=None)
  (Conv_/model/model.0/Conv_output_0): Conv2d(3, 24, kernel_size=(1, 1), stride=(1, 1))
  (Relu_/model/model.1/Relu_output_0): ReLU()
  (Conv_/model/model.2/Conv_output_0): Conv2d(24, 24, kernel_size=(3, 3), stride=(1, 1), padding=(1, 1))
  (Relu_/model/model.3/Relu_output_0): ReLU()
  (Conv_/model/model.4/Conv_output_0): Conv2d(24, 24, kernel_size=(1, 1), stride=(2, 2))
  (Relu_/model/model.5/Relu_output_0): ReLU()
  (Conv_/model/model.6/Conv_output_0): Conv2d(24, 24, kernel_size=(1, 1), stride=(2, 2))
  (Relu_/model/model.7/Relu_output_0): ReLU()
  (Conv_/model/model.8/Conv_output_0): Conv2d(24, 24, kernel_size=(1, 1), stride=(2, 2))
  (Relu_/model/model.9/Relu_output_0): ReLU()
  (Conv_/model/model.10/Conv_output_0): Conv2d(24, 24, kernel_size=(1, 1), stride=(2, 2))
  (Flatten_/model/model.11/Flatten_output_0): Flatten(start_dim=1, end_dim=-1)
  (Gemm_output): Linear(in_features=384, out_features=384, bias=True)
)
INFO     10:19:26     [!] Input shape: (1, 128)
INFO     10:19:26     [!] Output shape: (1, 384)
INFO     10:19:26     [!] VNNLIB: 128 inputs, 384 outputs
INFO     10:19:26     [!] eps=1.000000, perturbed=128
[!] Found unsupported layer: <class 'helper.network.onnx2pytorch.operations.constant.Constant'>
INFO     10:19:26     Params of 1-th run: {'input_split': True, 'abstract_method': 'forward+backward', 'decision_method': 'naive', 'decision_topk': 1}
INFO     10:19:26     [_setup_restart] _init_abstractor
DEBUG    10:19:26     [select_params] Try self.input_split=True Settings.backward_batch_size=inf extra_opts={} mode='patches' method='forward+backward'
DEBUG    10:19:26     [_init_module] Try bound_opts={'conv_mode': 'patches', 'verbosity': 0}
INFO     10:19:27     [select_params] Success: self.input_split=True Settings.backward_batch_size=inf extra_opts={} mode='patches' method='forward+backward'
INFO     10:19:27     Try batch size 1000
INFO     10:19:27     Initial bounds (first 10): tensor([-1.3699,  3.2240, -1.4394,  0.5893, -8.0082,  0.1946, -1.3954,  0.0146,
         1.4416,  0.0105])
INFO     10:19:27     [Input splitting]     Iteration: 1          Remaining: 2          Visited: 2          Bound: -0.001426       Time elapsed (s): 1.22       Iteration elapsed (s): 0.04       GPU Mem (%): 4.32      Batch: 1000      Restart: 1         
INFO     10:19:27     [Input splitting]     Iteration: 2          Remaining: 4          Visited: 4          Bound: -0.001425       Time elapsed (s): 1.25       Iteration elapsed (s): 0.03       GPU Mem (%): 5.81      Batch: 1000      Restart: 1         
INFO     10:19:27     [Input splitting]     Iteration: 3          Remaining: 8          Visited: 8          Bound: -0.001488       Time elapsed (s): 1.30       Iteration elapsed (s): 0.05       GPU Mem (%): 8.77      Batch: 1000      Restart: 1         
INFO     10:19:27     [Input splitting]     Iteration: 4          Remaining: 16         Visited: 16         Bound: -0.001488       Time elapsed (s): 1.40       Iteration elapsed (s): 0.10       GPU Mem (%): 14.69     Batch: 1000      Restart: 1         
INFO     10:19:27     [Input splitting]     Iteration: 5          Remaining: 32         Visited: 32         Bound: -0.001582       Time elapsed (s): 1.56       Iteration elapsed (s): 0.15       GPU Mem (%): 26.54     Batch: 1000      Restart: 1         
INFO     10:19:27     [Input splitting]     Iteration: 6          Remaining: 64         Visited: 64         Bound: -0.001553       Time elapsed (s): 1.84       Iteration elapsed (s): 0.29       GPU Mem (%): 50.23     Batch: 1000      Restart: 1         
DEBUG    10:19:28     Fixed self.batch=64
INFO     10:19:28     [Input splitting]     Iteration: 7          Remaining: 128        Visited: 128        Bound: -0.001558       Time elapsed (s): 2.42       Iteration elapsed (s): 0.57       GPU Mem (%): 97.61     Batch: 64        Restart: 1         
DEBUG    10:19:28     Fixed self.batch=64
INFO     10:19:28     [Input splitting]     Iteration: 8          Remaining: 192        Visited: 192        Bound: -0.001558       Time elapsed (s): 2.96       Iteration elapsed (s): 0.54       GPU Mem (%): 91.29     Batch: 64        Restart: 1         
DEBUG    10:19:29     Fixed self.batch=64
INFO     10:19:29     [Input splitting]     Iteration: 9          Remaining: 256        Visited: 256        Bound: -0.001558       Time elapsed (s): 3.51       Iteration elapsed (s): 0.56       GPU Mem (%): 91.24     Batch: 64        Restart: 1         
DEBUG    10:19:30     Fixed self.batch=64
INFO     10:19:30     [Input splitting]     Iteration: 10         Remaining: 320        Visited: 320        Bound: -0.001558       Time elapsed (s): 4.10       Iteration elapsed (s): 0.59       GPU Mem (%): 91.24     Batch: 64        Restart: 1         
DEBUG    10:19:30     Fixed self.batch=64
INFO     10:19:30     [Input splitting]     Iteration: 11         Remaining: 384        Visited: 384        Bound: -0.001558       Time elapsed (s): 4.68       Iteration elapsed (s): 0.58       GPU Mem (%): 91.24     Batch: 64        Restart: 1         
DEBUG    10:19:31     Fixed self.batch=64
INFO     10:19:31     [Input splitting]     Iteration: 12         Remaining: 448        Visited: 448        Bound: -0.001558       Time elapsed (s): 5.26       Iteration elapsed (s): 0.58       GPU Mem (%): 91.24     Batch: 64        Restart: 1         
DEBUG    10:19:31     Fixed self.batch=64
INFO     10:19:31     [Input splitting]     Iteration: 13         Remaining: 512        Visited: 512        Bound: -0.001558       Time elapsed (s): 5.83       Iteration elapsed (s): 0.56       GPU Mem (%): 91.19     Batch: 64        Restart: 1         
DEBUG    10:19:32     Fixed self.batch=64
INFO     10:19:32     [Input splitting]     Iteration: 14         Remaining: 576        Visited: 576        Bound: -0.001558       Time elapsed (s): 6.40       Iteration elapsed (s): 0.57       GPU Mem (%): 91.19     Batch: 64        Restart: 1         
DEBUG    10:19:32     Fixed self.batch=64
INFO     10:19:32     [Input splitting]     Iteration: 15         Remaining: 640        Visited: 640        Bound: -0.001558       Time elapsed (s): 6.95       Iteration elapsed (s): 0.54       GPU Mem (%): 91.21     Batch: 64        Restart: 1         
DEBUG    10:19:33     Fixed self.batch=64
INFO     10:19:33     [Input splitting]     Iteration: 16         Remaining: 704        Visited: 704        Bound: -0.001558       Time elapsed (s): 7.48       Iteration elapsed (s): 0.54       GPU Mem (%): 91.77     Batch: 64        Restart: 1         
DEBUG    10:19:34     Fixed self.batch=64
INFO     10:19:34     [Input splitting]     Iteration: 17         Remaining: 768        Visited: 768        Bound: -0.001558       Time elapsed (s): 8.04       Iteration elapsed (s): 0.56       GPU Mem (%): 91.89     Batch: 64        Restart: 1         
DEBUG    10:19:34     Fixed self.batch=64
INFO     10:19:34     [Input splitting]     Iteration: 18         Remaining: 832        Visited: 832        Bound: -0.001558       Time elapsed (s): 8.57       Iteration elapsed (s): 0.54       GPU Mem (%): 91.89     Batch: 64        Restart: 1         
DEBUG    10:19:35     Fixed self.batch=64
INFO     10:19:35     [Input splitting]     Iteration: 19         Remaining: 896        Visited: 896        Bound: -0.001558       Time elapsed (s): 9.11       Iteration elapsed (s): 0.54       GPU Mem (%): 91.89     Batch: 64        Restart: 1         
DEBUG    10:19:35     Fixed self.batch=64
INFO     10:19:35     [Input splitting]     Iteration: 20         Remaining: 960        Visited: 960        Bound: -0.001558       Time elapsed (s): 9.65       Iteration elapsed (s): 0.53       GPU Mem (%): 91.89     Batch: 64        Restart: 1         
DEBUG    10:19:36     Fixed self.batch=64
INFO     10:19:36     [Input splitting]     Iteration: 21         Remaining: 1024       Visited: 1024       Bound: -0.001558       Time elapsed (s): 10.19      Iteration elapsed (s): 0.54       GPU Mem (%): 91.89     Batch: 64        Restart: 1         
DEBUG    10:19:36     Fixed self.batch=64
INFO     10:19:36     [Input splitting]     Iteration: 22         Remaining: 1088       Visited: 1088       Bound: -0.001558       Time elapsed (s): 10.77      Iteration elapsed (s): 0.58       GPU Mem (%): 92.06     Batch: 64        Restart: 1         
DEBUG    10:19:37     Fixed self.batch=64
INFO     10:19:37     [Input splitting]     Iteration: 23         Remaining: 1152       Visited: 1152       Bound: -0.001558       Time elapsed (s): 11.31      Iteration elapsed (s): 0.54       GPU Mem (%): 92.10     Batch: 64        Restart: 1         
DEBUG    10:19:37     Fixed self.batch=64
INFO     10:19:37     [Input splitting]     Iteration: 24         Remaining: 1216       Visited: 1216       Bound: -0.001558       Time elapsed (s): 11.86      Iteration elapsed (s): 0.55       GPU Mem (%): 93.21     Batch: 64        Restart: 1         
DEBUG    10:19:38     Fixed self.batch=64
INFO     10:19:38     [Input splitting]     Iteration: 25         Remaining: 1280       Visited: 1280       Bound: -0.001558       Time elapsed (s): 12.40      Iteration elapsed (s): 0.54       GPU Mem (%): 93.21     Batch: 64        Restart: 1         
DEBUG    10:19:38     Fixed self.batch=64
INFO     10:19:38     [Input splitting]     Iteration: 26         Remaining: 1344       Visited: 1344       Bound: -0.001558       Time elapsed (s): 12.95      Iteration elapsed (s): 0.55       GPU Mem (%): 93.21     Batch: 64        Restart: 1         
DEBUG    10:19:39     Fixed self.batch=64
INFO     10:19:39     [Input splitting]     Iteration: 27         Remaining: 1408       Visited: 1408       Bound: -0.001558       Time elapsed (s): 13.49      Iteration elapsed (s): 0.54       GPU Mem (%): 93.16     Batch: 64        Restart: 1         
DEBUG    10:19:40     Fixed self.batch=64
INFO     10:19:40     [Input splitting]     Iteration: 28         Remaining: 1472       Visited: 1472       Bound: -0.001558       Time elapsed (s): 14.02      Iteration elapsed (s): 0.53       GPU Mem (%): 93.16     Batch: 64        Restart: 1         
DEBUG    10:19:40     Fixed self.batch=64
INFO     10:19:40     [Input splitting]     Iteration: 29         Remaining: 1536       Visited: 1536       Bound: -0.001558       Time elapsed (s): 14.62      Iteration elapsed (s): 0.61       GPU Mem (%): 93.20     Batch: 64        Restart: 1         
DEBUG    10:19:41     Fixed self.batch=64
INFO     10:19:41     [Input splitting]     Iteration: 30         Remaining: 1600       Visited: 1600       Bound: -0.001558       Time elapsed (s): 15.21      Iteration elapsed (s): 0.58       GPU Mem (%): 92.89     Batch: 64        Restart: 1         
DEBUG    10:19:41     Fixed self.batch=64
INFO     10:19:41     [Input splitting]     Iteration: 31         Remaining: 1664       Visited: 1664       Bound: -0.001558       Time elapsed (s): 15.74      Iteration elapsed (s): 0.54       GPU Mem (%): 93.75     Batch: 64        Restart: 1         
DEBUG    10:19:42     Fixed self.batch=64
INFO     10:19:42     [Input splitting]     Iteration: 32         Remaining: 1728       Visited: 1728       Bound: -0.001558       Time elapsed (s): 16.27      Iteration elapsed (s): 0.53       GPU Mem (%): 95.04     Batch: 64        Restart: 1         
DEBUG    10:19:42     Fixed self.batch=64
INFO     10:19:42     [Input splitting]     Iteration: 33         Remaining: 1792       Visited: 1792       Bound: -0.001558       Time elapsed (s): 16.79      Iteration elapsed (s): 0.52       GPU Mem (%): 95.04     Batch: 64        Restart: 1         
DEBUG    10:19:43     Fixed self.batch=64
INFO     10:19:43     [Input splitting]     Iteration: 34         Remaining: 1856       Visited: 1856       Bound: -0.001558       Time elapsed (s): 17.32      Iteration elapsed (s): 0.52       GPU Mem (%): 95.04     Batch: 64        Restart: 1         
DEBUG    10:19:43     Fixed self.batch=64
INFO     10:19:43     [Input splitting]     Iteration: 35         Remaining: 1920       Visited: 1920       Bound: -0.001558       Time elapsed (s): 17.86      Iteration elapsed (s): 0.54       GPU Mem (%): 95.06     Batch: 64        Restart: 1         
DEBUG    10:19:44     Fixed self.batch=64
INFO     10:19:44     [Input splitting]     Iteration: 36         Remaining: 1984       Visited: 1984       Bound: -0.001558       Time elapsed (s): 18.39      Iteration elapsed (s): 0.53       GPU Mem (%): 95.62     Batch: 64        Restart: 1         
DEBUG    10:19:44     Fixed self.batch=64
INFO     10:19:44     [Input splitting]     Iteration: 37         Remaining: 1984       Visited: 2048       Bound: -0.001558       Time elapsed (s): 18.92      Iteration elapsed (s): 0.54       GPU Mem (%): 95.83     Batch: 64        Restart: 1         
DEBUG    10:19:45     Fixed self.batch=64
INFO     10:19:45     [Input splitting]     Iteration: 38         Remaining: 2048       Visited: 2112       Bound: -0.001558       Time elapsed (s): 19.46      Iteration elapsed (s): 0.54       GPU Mem (%): 95.83     Batch: 64        Restart: 1         
DEBUG    10:19:46     Fixed self.batch=64
INFO     10:19:46     [Input splitting]     Iteration: 39         Remaining: 2112       Visited: 2176       Bound: -0.001558       Time elapsed (s): 20.04      Iteration elapsed (s): 0.57       GPU Mem (%): 95.83     Batch: 64        Restart: 1         
DEBUG    10:19:46     Fixed self.batch=64
INFO     10:19:46     [Input splitting]     Iteration: 40         Remaining: 2176       Visited: 2240       Bound: -0.001558       Time elapsed (s): 20.58      Iteration elapsed (s): 0.54       GPU Mem (%): 95.83     Batch: 64        Restart: 1         
DEBUG    10:19:47     Fixed self.batch=64
INFO     10:19:47     [Input splitting]     Iteration: 41         Remaining: 2240       Visited: 2304       Bound: -0.001558       Time elapsed (s): 21.11      Iteration elapsed (s): 0.53       GPU Mem (%): 95.96     Batch: 64        Restart: 1         
DEBUG    10:19:47     Fixed self.batch=64
INFO     10:19:47     [Input splitting]     Iteration: 42         Remaining: 2304       Visited: 2368       Bound: -0.001558       Time elapsed (s): 21.65      Iteration elapsed (s): 0.54       GPU Mem (%): 96.00     Batch: 64        Restart: 1         
DEBUG    10:19:48     Fixed self.batch=64
INFO     10:19:48     [Input splitting]     Iteration: 43         Remaining: 2368       Visited: 2432       Bound: -0.001558       Time elapsed (s): 22.19      Iteration elapsed (s): 0.54       GPU Mem (%): 96.00     Batch: 64        Restart: 1         
DEBUG    10:19:48     Fixed self.batch=64
INFO     10:19:48     [Input splitting]     Iteration: 44         Remaining: 2432       Visited: 2496       Bound: -0.001558       Time elapsed (s): 22.73      Iteration elapsed (s): 0.54       GPU Mem (%): 96.00     Batch: 64        Restart: 1         
DEBUG    10:19:49     Fixed self.batch=64
INFO     10:19:49     [Input splitting]     Iteration: 45         Remaining: 2496       Visited: 2560       Bound: -0.001558       Time elapsed (s): 23.27      Iteration elapsed (s): 0.54       GPU Mem (%): 96.00     Batch: 64        Restart: 1         
DEBUG    10:19:49     Fixed self.batch=64
INFO     10:19:49     [Input splitting]     Iteration: 46         Remaining: 2560       Visited: 2624       Bound: -0.001558       Time elapsed (s): 23.81      Iteration elapsed (s): 0.53       GPU Mem (%): 96.00     Batch: 64        Restart: 1         
DEBUG    10:19:50     Fixed self.batch=64
INFO     10:19:50     [Input splitting]     Iteration: 47         Remaining: 2624       Visited: 2688       Bound: -0.001558       Time elapsed (s): 24.35      Iteration elapsed (s): 0.54       GPU Mem (%): 96.00     Batch: 64        Restart: 1         
DEBUG    10:19:50     Fixed self.batch=64
INFO     10:19:50     [Input splitting]     Iteration: 48         Remaining: 2688       Visited: 2752       Bound: -0.001558       Time elapsed (s): 24.88      Iteration elapsed (s): 0.53       GPU Mem (%): 96.00     Batch: 64        Restart: 1         
DEBUG    10:19:51     Fixed self.batch=64
INFO     10:19:51     [Input splitting]     Iteration: 49         Remaining: 2752       Visited: 2816       Bound: -0.001558       Time elapsed (s): 25.39      Iteration elapsed (s): 0.50       GPU Mem (%): 95.14     Batch: 64        Restart: 1         
DEBUG    10:19:51     Fixed self.batch=64
INFO     10:19:51     [Input splitting]     Iteration: 50         Remaining: 2816       Visited: 2880       Bound: -0.001558       Time elapsed (s): 25.90      Iteration elapsed (s): 0.52       GPU Mem (%): 95.14     Batch: 64        Restart: 1         
DEBUG    10:19:52     Fixed self.batch=64
INFO     10:19:52     [Input splitting]     Iteration: 51         Remaining: 2880       Visited: 2944       Bound: -0.001558       Time elapsed (s): 26.42      Iteration elapsed (s): 0.52       GPU Mem (%): 95.14     Batch: 64        Restart: 1         
DEBUG    10:19:52     Fixed self.batch=64
INFO     10:19:52     [Input splitting]     Iteration: 52         Remaining: 2944       Visited: 3008       Bound: -0.001558       Time elapsed (s): 26.94      Iteration elapsed (s): 0.52       GPU Mem (%): 95.14     Batch: 64        Restart: 1         
DEBUG    10:19:53     Fixed self.batch=64
INFO     10:19:53     [Input splitting]     Iteration: 53         Remaining: 3008       Visited: 3072       Bound: -0.001558       Time elapsed (s): 27.46      Iteration elapsed (s): 0.52       GPU Mem (%): 95.14     Batch: 64        Restart: 1         
DEBUG    10:19:54     Fixed self.batch=64
INFO     10:19:54     [Input splitting]     Iteration: 54         Remaining: 3072       Visited: 3136       Bound: -0.001558       Time elapsed (s): 27.99      Iteration elapsed (s): 0.53       GPU Mem (%): 95.15     Batch: 64        Restart: 1         
DEBUG    10:19:54     Fixed self.batch=64
INFO     10:19:54     [Input splitting]     Iteration: 55         Remaining: 3136       Visited: 3200       Bound: -0.001558       Time elapsed (s): 28.52      Iteration elapsed (s): 0.53       GPU Mem (%): 95.80     Batch: 64        Restart: 1         
DEBUG    10:19:55     Fixed self.batch=64
INFO     10:19:55     [Input splitting]     Iteration: 56         Remaining: 3200       Visited: 3264       Bound: -0.001558       Time elapsed (s): 29.05      Iteration elapsed (s): 0.53       GPU Mem (%): 95.83     Batch: 64        Restart: 1         
DEBUG    10:19:55     Fixed self.batch=64
INFO     10:19:55     [Input splitting]     Iteration: 57         Remaining: 3264       Visited: 3328       Bound: -0.001558       Time elapsed (s): 29.59      Iteration elapsed (s): 0.53       GPU Mem (%): 95.83     Batch: 64        Restart: 1         
DEBUG    10:19:56     Fixed self.batch=64
INFO     10:19:56     [Input splitting]     Iteration: 58         Remaining: 3328       Visited: 3392       Bound: -0.001558       Time elapsed (s): 30.12      Iteration elapsed (s): 0.54       GPU Mem (%): 95.81     Batch: 64        Restart: 1         
DEBUG    10:19:56     Fixed self.batch=64
INFO     10:19:56     [Input splitting]     Iteration: 59         Remaining: 3392       Visited: 3456       Bound: -0.001558       Time elapsed (s): 30.66      Iteration elapsed (s): 0.54       GPU Mem (%): 95.81     Batch: 64        Restart: 1         
DEBUG    10:19:57     Fixed self.batch=64
INFO     10:19:57     [Input splitting]     Iteration: 60         Remaining: 3456       Visited: 3520       Bound: -0.001558       Time elapsed (s): 31.20      Iteration elapsed (s): 0.54       GPU Mem (%): 95.81     Batch: 64        Restart: 1         
DEBUG    10:19:57     Fixed self.batch=64
INFO     10:19:57     [Input splitting]     Iteration: 61         Remaining: 3520       Visited: 3584       Bound: -0.001558       Time elapsed (s): 31.73      Iteration elapsed (s): 0.53       GPU Mem (%): 95.96     Batch: 64        Restart: 1         
DEBUG    10:19:58     Fixed self.batch=64
INFO     10:19:58     [Input splitting]     Iteration: 62         Remaining: 3584       Visited: 3648       Bound: -0.001558       Time elapsed (s): 32.27      Iteration elapsed (s): 0.54       GPU Mem (%): 95.98     Batch: 64        Restart: 1         
DEBUG    10:19:58     Fixed self.batch=64
INFO     10:19:58     [Input splitting]     Iteration: 63         Remaining: 3648       Visited: 3712       Bound: -0.001558       Time elapsed (s): 32.80      Iteration elapsed (s): 0.54       GPU Mem (%): 95.98     Batch: 64        Restart: 1         
DEBUG    10:19:59     Fixed self.batch=64
INFO     10:19:59     [Input splitting]     Iteration: 64         Remaining: 3712       Visited: 3776       Bound: -0.001558       Time elapsed (s): 33.34      Iteration elapsed (s): 0.54       GPU Mem (%): 95.98     Batch: 64        Restart: 1         
DEBUG    10:19:59     Fixed self.batch=64
INFO     10:19:59     [Input splitting]     Iteration: 65         Remaining: 3776       Visited: 3840       Bound: -0.001558       Time elapsed (s): 33.88      Iteration elapsed (s): 0.54       GPU Mem (%): 95.98     Batch: 64        Restart: 1         
DEBUG    10:20:00     Fixed self.batch=64
INFO     10:20:00     [Input splitting]     Iteration: 66         Remaining: 3840       Visited: 3904       Bound: -0.001558       Time elapsed (s): 34.41      Iteration elapsed (s): 0.53       GPU Mem (%): 95.98     Batch: 64        Restart: 1         
DEBUG    10:20:00     Fixed self.batch=64
INFO     10:20:00     [Input splitting]     Iteration: 67         Remaining: 3904       Visited: 3968       Bound: -0.001558       Time elapsed (s): 34.94      Iteration elapsed (s): 0.53       GPU Mem (%): 95.98     Batch: 64        Restart: 1         
DEBUG    10:20:01     Fixed self.batch=64
INFO     10:20:01     [Input splitting]     Iteration: 68         Remaining: 3968       Visited: 4032       Bound: -0.001558       Time elapsed (s): 35.46      Iteration elapsed (s): 0.52       GPU Mem (%): 95.98     Batch: 64        Restart: 1         
DEBUG    10:20:01     Fixed self.batch=64
INFO     10:20:01     [Input splitting]     Iteration: 69         Remaining: 4032       Visited: 4096       Bound: -0.001558       Time elapsed (s): 35.98      Iteration elapsed (s): 0.52       GPU Mem (%): 95.11     Batch: 64        Restart: 1         
DEBUG    10:20:02     Fixed self.batch=64
INFO     10:20:02     [Input splitting]     Iteration: 70         Remaining: 4096       Visited: 4160       Bound: -0.001558       Time elapsed (s): 36.49      Iteration elapsed (s): 0.52       GPU Mem (%): 95.11     Batch: 64        Restart: 1         
DEBUG    10:20:03     Fixed self.batch=64
INFO     10:20:03     [Input splitting]     Iteration: 71         Remaining: 4096       Visited: 4224       Bound: -0.001558       Time elapsed (s): 37.01      Iteration elapsed (s): 0.52       GPU Mem (%): 95.11     Batch: 64        Restart: 1         
DEBUG    10:20:03     Fixed self.batch=64
INFO     10:20:03     [Input splitting]     Iteration: 72         Remaining: 4160       Visited: 4288       Bound: -0.001558       Time elapsed (s): 37.60      Iteration elapsed (s): 0.59       GPU Mem (%): 95.12     Batch: 64        Restart: 1         
DEBUG    10:20:04     Fixed self.batch=64
INFO     10:20:04     [Input splitting]     Iteration: 73         Remaining: 4224       Visited: 4352       Bound: -0.001558       Time elapsed (s): 38.11      Iteration elapsed (s): 0.51       GPU Mem (%): 95.12     Batch: 64        Restart: 1         
DEBUG    10:20:04     Fixed self.batch=64
INFO     10:20:04     [Input splitting]     Iteration: 74         Remaining: 4288       Visited: 4416       Bound: -0.001558       Time elapsed (s): 38.59      Iteration elapsed (s): 0.48       GPU Mem (%): 95.12     Batch: 64        Restart: 1         
DEBUG    10:20:05     Fixed self.batch=64
INFO     10:20:05     [Input splitting]     Iteration: 75         Remaining: 4352       Visited: 4480       Bound: -0.001558       Time elapsed (s): 39.11      Iteration elapsed (s): 0.52       GPU Mem (%): 95.16     Batch: 64        Restart: 1         
DEBUG    10:20:05     Fixed self.batch=64
INFO     10:20:05     [Input splitting]     Iteration: 76         Remaining: 4352       Visited: 4544       Bound: -0.001558       Time elapsed (s): 39.65      Iteration elapsed (s): 0.54       GPU Mem (%): 95.81     Batch: 64        Restart: 1         
DEBUG    10:20:06     Fixed self.batch=64
INFO     10:20:06     [Input splitting]     Iteration: 77         Remaining: 4416       Visited: 4608       Bound: -0.001558       Time elapsed (s): 40.19      Iteration elapsed (s): 0.54       GPU Mem (%): 95.82     Batch: 64        Restart: 1         
DEBUG    10:20:06     Fixed self.batch=64
INFO     10:20:06     [Input splitting]     Iteration: 78         Remaining: 4480       Visited: 4672       Bound: -0.001558       Time elapsed (s): 40.73      Iteration elapsed (s): 0.54       GPU Mem (%): 95.82     Batch: 64        Restart: 1         
DEBUG    10:20:07     Fixed self.batch=64
INFO     10:20:07     [Input splitting]     Iteration: 79         Remaining: 4544       Visited: 4736       Bound: -0.001558       Time elapsed (s): 41.27      Iteration elapsed (s): 0.54       GPU Mem (%): 95.82     Batch: 64        Restart: 1         
DEBUG    10:20:07     Fixed self.batch=64
INFO     10:20:07     [Input splitting]     Iteration: 80         Remaining: 4608       Visited: 4800       Bound: -0.001558       Time elapsed (s): 41.80      Iteration elapsed (s): 0.54       GPU Mem (%): 95.82     Batch: 64        Restart: 1         
DEBUG    10:20:08     Fixed self.batch=64
INFO     10:20:08     [Input splitting]     Iteration: 81         Remaining: 4672       Visited: 4864       Bound: -0.001558       Time elapsed (s): 42.34      Iteration elapsed (s): 0.53       GPU Mem (%): 95.96     Batch: 64        Restart: 1         
DEBUG    10:20:08     Fixed self.batch=64
INFO     10:20:08     [Input splitting]     Iteration: 82         Remaining: 4736       Visited: 4928       Bound: -0.001558       Time elapsed (s): 42.87      Iteration elapsed (s): 0.53       GPU Mem (%): 95.99     Batch: 64        Restart: 1         
DEBUG    10:20:09     Fixed self.batch=64
INFO     10:20:09     [Input splitting]     Iteration: 83         Remaining: 4800       Visited: 4992       Bound: -0.001558       Time elapsed (s): 43.41      Iteration elapsed (s): 0.54       GPU Mem (%): 95.99     Batch: 64        Restart: 1         
DEBUG    10:20:09     Fixed self.batch=64
INFO     10:20:09     [Input splitting]     Iteration: 84         Remaining: 4864       Visited: 5056       Bound: -0.001558       Time elapsed (s): 43.94      Iteration elapsed (s): 0.54       GPU Mem (%): 95.99     Batch: 64        Restart: 1         
DEBUG    10:20:10     Fixed self.batch=64
INFO     10:20:10     [Input splitting]     Iteration: 85         Remaining: 4928       Visited: 5120       Bound: -0.001558       Time elapsed (s): 44.48      Iteration elapsed (s): 0.54       GPU Mem (%): 95.99     Batch: 64        Restart: 1         
DEBUG    10:20:11     Fixed self.batch=64
INFO     10:20:11     [Input splitting]     Iteration: 86         Remaining: 4992       Visited: 5184       Bound: -0.001558       Time elapsed (s): 45.01      Iteration elapsed (s): 0.53       GPU Mem (%): 95.99     Batch: 64        Restart: 1         
DEBUG    10:20:11     Fixed self.batch=64
INFO     10:20:11     [Input splitting]     Iteration: 87         Remaining: 5056       Visited: 5248       Bound: -0.001558       Time elapsed (s): 45.54      Iteration elapsed (s): 0.53       GPU Mem (%): 95.99     Batch: 64        Restart: 1         
DEBUG    10:20:12     Fixed self.batch=64
INFO     10:20:12     [Input splitting]     Iteration: 88         Remaining: 5120       Visited: 5312       Bound: -0.001558       Time elapsed (s): 46.06      Iteration elapsed (s): 0.52       GPU Mem (%): 95.99     Batch: 64        Restart: 1         
DEBUG    10:20:12     Fixed self.batch=64
INFO     10:20:12     [Input splitting]     Iteration: 89         Remaining: 5184       Visited: 5376       Bound: -0.001558       Time elapsed (s): 46.56      Iteration elapsed (s): 0.50       GPU Mem (%): 95.12     Batch: 64        Restart: 1         
DEBUG    10:20:13     Fixed self.batch=64
INFO     10:20:13     [Input splitting]     Iteration: 90         Remaining: 5248       Visited: 5440       Bound: -0.001558       Time elapsed (s): 47.08      Iteration elapsed (s): 0.52       GPU Mem (%): 95.12     Batch: 64        Restart: 1         
DEBUG    10:20:13     Fixed self.batch=64
INFO     10:20:13     [Input splitting]     Iteration: 91         Remaining: 5312       Visited: 5504       Bound: -0.001558       Time elapsed (s): 47.60      Iteration elapsed (s): 0.52       GPU Mem (%): 95.12     Batch: 64        Restart: 1         
DEBUG    10:20:14     Fixed self.batch=64
INFO     10:20:14     [Input splitting]     Iteration: 92         Remaining: 5376       Visited: 5568       Bound: -0.001558       Time elapsed (s): 48.12      Iteration elapsed (s): 0.52       GPU Mem (%): 95.12     Batch: 64        Restart: 1         
DEBUG    10:20:14     Fixed self.batch=64
INFO     10:20:14     [Input splitting]     Iteration: 93         Remaining: 5440       Visited: 5632       Bound: -0.001558       Time elapsed (s): 48.64      Iteration elapsed (s): 0.52       GPU Mem (%): 95.12     Batch: 64        Restart: 1         
DEBUG    10:20:15     Fixed self.batch=64
INFO     10:20:15     [Input splitting]     Iteration: 94         Remaining: 5376       Visited: 5696       Bound: -0.001558       Time elapsed (s): 49.15      Iteration elapsed (s): 0.52       GPU Mem (%): 95.12     Batch: 64        Restart: 1         
DEBUG    10:20:15     Fixed self.batch=64
INFO     10:20:15     [Input splitting]     Iteration: 95         Remaining: 5312       Visited: 5760       Bound: -0.001558       Time elapsed (s): 49.68      Iteration elapsed (s): 0.52       GPU Mem (%): 95.14     Batch: 64        Restart: 1         
DEBUG    10:20:16     Fixed self.batch=64
INFO     10:20:16     [Input splitting]     Iteration: 96         Remaining: 5376       Visited: 5824       Bound: -0.001558       Time elapsed (s): 50.21      Iteration elapsed (s): 0.54       GPU Mem (%): 95.69     Batch: 64        Restart: 1         
DEBUG    10:20:16     Fixed self.batch=64
INFO     10:20:16     [Input splitting]     Iteration: 97         Remaining: 5312       Visited: 5888       Bound: -0.001558       Time elapsed (s): 50.74      Iteration elapsed (s): 0.53       GPU Mem (%): 95.81     Batch: 64        Restart: 1         
DEBUG    10:20:17     Fixed self.batch=64
INFO     10:20:17     [Input splitting]     Iteration: 98         Remaining: 5248       Visited: 5952       Bound: -0.001558       Time elapsed (s): 51.28      Iteration elapsed (s): 0.53       GPU Mem (%): 95.82     Batch: 64        Restart: 1         
DEBUG    10:20:17     Fixed self.batch=64
INFO     10:20:17     [Input splitting]     Iteration: 99         Remaining: 5312       Visited: 6016       Bound: -0.001558       Time elapsed (s): 51.81      Iteration elapsed (s): 0.54       GPU Mem (%): 95.82     Batch: 64        Restart: 1         
DEBUG    10:20:18     Fixed self.batch=64
INFO     10:20:18     [Input splitting]     Iteration: 100        Remaining: 5376       Visited: 6080       Bound: -0.001558       Time elapsed (s): 52.35      Iteration elapsed (s): 0.54       GPU Mem (%): 95.82     Batch: 64        Restart: 1         
DEBUG    10:20:18     Fixed self.batch=64
INFO     10:20:18     [Input splitting]     Iteration: 101        Remaining: 5312       Visited: 6144       Bound: -0.001558       Time elapsed (s): 52.89      Iteration elapsed (s): 0.54       GPU Mem (%): 95.82     Batch: 64        Restart: 1         
DEBUG    10:20:19     Fixed self.batch=64
INFO     10:20:19     [Input splitting]     Iteration: 102        Remaining: 5248       Visited: 6208       Bound: -0.001558       Time elapsed (s): 53.42      Iteration elapsed (s): 0.54       GPU Mem (%): 95.96     Batch: 64        Restart: 1         
DEBUG    10:20:19     Fixed self.batch=64
INFO     10:20:19     [Input splitting]     Iteration: 103        Remaining: 5312       Visited: 6272       Bound: -0.001558       Time elapsed (s): 53.96      Iteration elapsed (s): 0.54       GPU Mem (%): 95.96     Batch: 64        Restart: 1         
DEBUG    10:20:20     Fixed self.batch=64
INFO     10:20:20     [Input splitting]     Iteration: 104        Remaining: 5248       Visited: 6336       Bound: -0.001558       Time elapsed (s): 54.50      Iteration elapsed (s): 0.54       GPU Mem (%): 95.96     Batch: 64        Restart: 1         
DEBUG    10:20:21     Fixed self.batch=64
INFO     10:20:21     [Input splitting]     Iteration: 105        Remaining: 5184       Visited: 6400       Bound: -0.001558       Time elapsed (s): 55.04      Iteration elapsed (s): 0.54       GPU Mem (%): 95.96     Batch: 64        Restart: 1         
DEBUG    10:20:21     Fixed self.batch=64
INFO     10:20:21     [Input splitting]     Iteration: 106        Remaining: 5248       Visited: 6464       Bound: -0.001558       Time elapsed (s): 55.58      Iteration elapsed (s): 0.54       GPU Mem (%): 95.96     Batch: 64        Restart: 1         
DEBUG    10:20:22     Fixed self.batch=64
INFO     10:20:22     [Input splitting]     Iteration: 107        Remaining: 5312       Visited: 6528       Bound: -0.001558       Time elapsed (s): 56.12      Iteration elapsed (s): 0.53       GPU Mem (%): 95.96     Batch: 64        Restart: 1         
DEBUG    10:20:22     Fixed self.batch=64
INFO     10:20:22     [Input splitting]     Iteration: 108        Remaining: 5376       Visited: 6592       Bound: -0.001558       Time elapsed (s): 56.66      Iteration elapsed (s): 0.54       GPU Mem (%): 95.96     Batch: 64        Restart: 1         
DEBUG    10:20:23     Fixed self.batch=64
INFO     10:20:23     [Input splitting]     Iteration: 109        Remaining: 5312       Visited: 6656       Bound: -0.001558       Time elapsed (s): 57.19      Iteration elapsed (s): 0.54       GPU Mem (%): 95.96     Batch: 64        Restart: 1         
DEBUG    10:20:23     Fixed self.batch=64
INFO     10:20:23     [Input splitting]     Iteration: 110        Remaining: 5248       Visited: 6720       Bound: -0.001558       Time elapsed (s): 57.73      Iteration elapsed (s): 0.54       GPU Mem (%): 95.96     Batch: 64        Restart: 1         
DEBUG    10:20:24     Fixed self.batch=64
INFO     10:20:24     [Input splitting]     Iteration: 111        Remaining: 5312       Visited: 6784       Bound: -0.001558       Time elapsed (s): 58.26      Iteration elapsed (s): 0.52       GPU Mem (%): 95.96     Batch: 64        Restart: 1         
DEBUG    10:20:24     Fixed self.batch=64
INFO     10:20:24     [Input splitting]     Iteration: 112        Remaining: 5248       Visited: 6848       Bound: -0.001558       Time elapsed (s): 58.76      Iteration elapsed (s): 0.50       GPU Mem (%): 95.96     Batch: 64        Restart: 1         
DEBUG    10:20:25     Fixed self.batch=64
INFO     10:20:25     [Input splitting]     Iteration: 113        Remaining: 5184       Visited: 6912       Bound: -0.001558       Time elapsed (s): 59.27      Iteration elapsed (s): 0.51       GPU Mem (%): 95.23     Batch: 64        Restart: 1         
DEBUG    10:20:25     Fixed self.batch=64
INFO     10:20:25     [Input splitting]     Iteration: 114        Remaining: 5248       Visited: 6976       Bound: -0.001558       Time elapsed (s): 59.78      Iteration elapsed (s): 0.51       GPU Mem (%): 95.23     Batch: 64        Restart: 1         
DEBUG    10:20:26     Fixed self.batch=64
INFO     10:20:26     [Input splitting]     Iteration: 115        Remaining: 5312       Visited: 7040       Bound: -0.001558       Time elapsed (s): 60.26      Iteration elapsed (s): 0.48       GPU Mem (%): 95.23     Batch: 64        Restart: 1         
DEBUG    10:20:26     Fixed self.batch=64
INFO     10:20:26     [Input splitting]     Iteration: 116        Remaining: 5248       Visited: 7104       Bound: -0.001558       Time elapsed (s): 60.77      Iteration elapsed (s): 0.51       GPU Mem (%): 95.23     Batch: 64        Restart: 1         
DEBUG    10:20:27     Fixed self.batch=64
INFO     10:20:27     [Input splitting]     Iteration: 117        Remaining: 5184       Visited: 7168       Bound: -0.001558       Time elapsed (s): 61.29      Iteration elapsed (s): 0.51       GPU Mem (%): 95.80     Batch: 64        Restart: 1         
DEBUG    10:20:27     [Restart] Runtime exceeded 59.77120170593262 seconds (40.0%)
DEBUG    10:20:27     Restarting
INFO     10:20:27     Params of 2-th run: {'input_split': True, 'abstract_method': 'backward', 'decision_method': 'smart', 'decision_topk': 1}
INFO     10:20:27     [_setup_restart] _init_abstractor
DEBUG    10:20:27     [select_params] Try self.input_split=True Settings.backward_batch_size=inf extra_opts={} mode='patches' method='backward'
DEBUG    10:20:27     [_init_module] Try bound_opts={'conv_mode': 'patches', 'verbosity': 0}
INFO     10:20:27     [select_params] Success: self.input_split=True Settings.backward_batch_size=inf extra_opts={} mode='patches' method='backward'
INFO     10:20:27     Try batch size 1000
INFO     10:20:27     Initial bounds (first 10): tensor([-1.3699,  3.2241, -1.4393,  0.5893, -8.0082,  0.1947, -1.3954,  0.0146,
         1.4417,  0.0105])
INFO     10:20:27     [Input splitting]     Iteration: 118        Remaining: 0          Visited: 2          Bound: 0.000001        Time elapsed (s): 61.73      Iteration elapsed (s): 0.11       GPU Mem (%): 30.84     Batch: 1000      Restart: 2         
INFO     10:20:27     Verified: 1 	 Remain: 0
INFO     10:20:27     [!] Iterations: 118
INFO     10:20:27     [!] Result: unsat
INFO     10:20:27     [!] Runtime: 62.3834
unsat,62.3834
