[0;93m2026-05-27 10:21:34.864500602 [W:onnxruntime:Default, device_discovery.cc:283 GetGpuDevices] Failed to detect devices under "/sys/class/drm/card0": device_discovery.cc:93 ReadFileContents Failed to open file: "/sys/class/drm/card0/device/vendor"[m
Set parameter WLSAccessID
Set parameter WLSSecret
Set parameter LicenseID to value 2542227
Academic license 2542227 - for non-commercial use only - registered to ka___@unsw.edu.au

 [!] GlobalSettings:
	- use_restart                             : True
	- use_mip_tightening                      : True
	- use_attack                              : False
	- attack_interval                         : 10
	- use_mip_verify                          : True
	- input_splitting_threshold               : 0.5
	- hidden_splitting_threshold              : 0.01
	- safety_num_input_perturbed              : 200
	- skip_preprocess                         : False
	- use_save_reasoning_step                 : False
	- max_iterations                          : 1000000000.0
	- skip_initial_worst_bound                : -1000000.0
	- max_domains                             : 1000000000.0
	- use_decompose                           : False
	- restart_current_hidden_branches         : 2000
	- restart_visited_hidden_branches         : 20000
	- restart_current_input_branches          : 20000
	- restart_visited_input_branches          : 200000
	- restart_max_runtime                     : 60.0
	- restart_max_runtime_percentage          : 0.4
	- mip_tightening_patience                 : 10
	- mip_tightening_timeout_per_neuron       : 15.0
	- mip_tightening_topk                     : 64
	- use_gpu_tightening                      : False
	- gpu_tightening_current_hidden_branches  : 1000
	- gpu_tightening_visited_hidden_branches  : 5000
	- gpu_tightening_timeout                  : 10.0
	- gpu_tightening_patience                 : 10
	- gpu_tightening_topk                     : 500
	- use_mip_attack                          : False
	- mip_verify_threshold                    : 2
	- share_alphas                            : False
	- backward_batch_size                     : inf
	- forward_max_dim                         : 10000
	- forward_dynamic                         : False
	- use_decompose_incomplete                : False
	- init_abstraction_method                 : crown-optimized
	- subverifier_decision_method             : smart
	- verify_candidate_batch                  : 3
	- verify_last_timeout                     : 200.0
	- verify_interm_timeout                   : 20.0
	- sequential_batch                        : 100
	- use_sequential_abstract_forward         : False
	- verify_extra_opts                       : {'sparse_intermediate_bounds': True}
	- verify_splitting_strategy               : hidden
	- use_extra_substitution                  : False
	- verify_max_iteration                    : 4
	- verify_candidate_num                    : 128
	- verify_interpolate_factor               : 0.5

ConvertModel(
  (Gemm_/fst_linear_layer/Gemm_output_0): Linear(in_features=128, out_features=12288, bias=True)
  (Relu_/relu/Relu_output_0): ReLU()
  (Constant_/Constant_output_0): Constant(constant=tensor([-1,  3, 64, 64], device='cuda:0'))
  (Reshape_/Reshape_output_0): Reshape(shape=None)
  (Conv_/model/model.0/Conv_output_0): Conv2d(3, 24, kernel_size=(1, 1), stride=(1, 1))
  (Relu_/model/model.1/Relu_output_0): ReLU()
  (Conv_/model/model.2/Conv_output_0): Conv2d(24, 24, kernel_size=(3, 3), stride=(1, 1), padding=(1, 1))
  (Relu_/model/model.3/Relu_output_0): ReLU()
  (Conv_/model/model.4/Conv_output_0): Conv2d(24, 24, kernel_size=(1, 1), stride=(2, 2))
  (Relu_/model/model.5/Relu_output_0): ReLU()
  (Conv_/model/model.6/Conv_output_0): Conv2d(24, 24, kernel_size=(1, 1), stride=(2, 2))
  (Relu_/model/model.7/Relu_output_0): ReLU()
  (Conv_/model/model.8/Conv_output_0): Conv2d(24, 24, kernel_size=(1, 1), stride=(2, 2))
  (Relu_/model/model.9/Relu_output_0): ReLU()
  (Conv_/model/model.10/Conv_output_0): Conv2d(24, 24, kernel_size=(1, 1), stride=(2, 2))
  (Flatten_/model/model.11/Flatten_output_0): Flatten(start_dim=1, end_dim=-1)
  (Gemm_output): Linear(in_features=384, out_features=384, bias=True)
)
INFO     10:21:35     [!] Input shape: (1, 128)
INFO     10:21:35     [!] Output shape: (1, 384)
INFO     10:21:35     [!] VNNLIB: 128 inputs, 384 outputs
INFO     10:21:35     [!] eps=1.000000, perturbed=128
[!] Found unsupported layer: <class 'helper.network.onnx2pytorch.operations.constant.Constant'>
INFO     10:21:35     Params of 1-th run: {'input_split': True, 'abstract_method': 'forward+backward', 'decision_method': 'naive', 'decision_topk': 1}
INFO     10:21:35     [_setup_restart] _init_abstractor
DEBUG    10:21:36     [select_params] Try self.input_split=True Settings.backward_batch_size=inf extra_opts={} mode='patches' method='forward+backward'
DEBUG    10:21:36     [_init_module] Try bound_opts={'conv_mode': 'patches', 'verbosity': 0}
INFO     10:21:36     [select_params] Success: self.input_split=True Settings.backward_batch_size=inf extra_opts={} mode='patches' method='forward+backward'
INFO     10:21:36     Try batch size 1000
INFO     10:21:36     Initial bounds (first 10): tensor([-0.3072,  1.5858, -0.7367, -9.4492,  2.7480,  0.2797,  0.8398,  0.8003,
        -0.3040, -1.3744])
INFO     10:21:36     [Input splitting]     Iteration: 1          Remaining: 2          Visited: 2          Bound: -0.000815       Time elapsed (s): 0.83       Iteration elapsed (s): 0.03       GPU Mem (%): 18.08     Batch: 1000      Restart: 1         
INFO     10:21:36     [Input splitting]     Iteration: 2          Remaining: 2          Visited: 4          Bound: -0.000816       Time elapsed (s): 0.86       Iteration elapsed (s): 0.03       GPU Mem (%): 19.56     Batch: 1000      Restart: 1         
INFO     10:21:36     [Input splitting]     Iteration: 3          Remaining: 4          Visited: 6          Bound: -0.000816       Time elapsed (s): 0.88       Iteration elapsed (s): 0.02       GPU Mem (%): 19.35     Batch: 1000      Restart: 1         
INFO     10:21:36     [Input splitting]     Iteration: 4          Remaining: 8          Visited: 10         Bound: -0.000824       Time elapsed (s): 0.92       Iteration elapsed (s): 0.04       GPU Mem (%): 22.32     Batch: 1000      Restart: 1         
INFO     10:21:36     [Input splitting]     Iteration: 5          Remaining: 16         Visited: 18         Bound: -0.000824       Time elapsed (s): 0.98       Iteration elapsed (s): 0.06       GPU Mem (%): 28.44     Batch: 1000      Restart: 1         
INFO     10:21:37     [Input splitting]     Iteration: 6          Remaining: 32         Visited: 34         Bound: -0.000779       Time elapsed (s): 1.11       Iteration elapsed (s): 0.13       GPU Mem (%): 40.29     Batch: 1000      Restart: 1         
INFO     10:21:37     [Input splitting]     Iteration: 7          Remaining: 64         Visited: 66         Bound: -0.000779       Time elapsed (s): 1.38       Iteration elapsed (s): 0.27       GPU Mem (%): 63.98     Batch: 1000      Restart: 1         
DEBUG    10:21:37     Fixed self.batch=64
INFO     10:21:37     [Input splitting]     Iteration: 8          Remaining: 128        Visited: 130        Bound: -0.000779       Time elapsed (s): 1.94       Iteration elapsed (s): 0.56       GPU Mem (%): 89.83     Batch: 64        Restart: 1         
DEBUG    10:21:38     Fixed self.batch=64
INFO     10:21:38     [Input splitting]     Iteration: 9          Remaining: 192        Visited: 194        Bound: -0.000779       Time elapsed (s): 2.48       Iteration elapsed (s): 0.54       GPU Mem (%): 89.83     Batch: 64        Restart: 1         
DEBUG    10:21:38     Fixed self.batch=64
INFO     10:21:38     [Input splitting]     Iteration: 10         Remaining: 256        Visited: 258        Bound: -0.000779       Time elapsed (s): 3.01       Iteration elapsed (s): 0.54       GPU Mem (%): 89.83     Batch: 64        Restart: 1         
DEBUG    10:21:39     Fixed self.batch=64
INFO     10:21:39     [Input splitting]     Iteration: 11         Remaining: 320        Visited: 322        Bound: -0.000779       Time elapsed (s): 3.55       Iteration elapsed (s): 0.53       GPU Mem (%): 89.83     Batch: 64        Restart: 1         
DEBUG    10:21:40     Fixed self.batch=64
INFO     10:21:40     [Input splitting]     Iteration: 12         Remaining: 384        Visited: 386        Bound: -0.000779       Time elapsed (s): 4.07       Iteration elapsed (s): 0.53       GPU Mem (%): 96.15     Batch: 64        Restart: 1         
DEBUG    10:21:40     Fixed self.batch=64
INFO     10:21:40     [Input splitting]     Iteration: 13         Remaining: 448        Visited: 450        Bound: -0.000779       Time elapsed (s): 4.60       Iteration elapsed (s): 0.53       GPU Mem (%): 96.15     Batch: 64        Restart: 1         
DEBUG    10:21:41     Fixed self.batch=64
INFO     10:21:41     [Input splitting]     Iteration: 14         Remaining: 512        Visited: 514        Bound: -0.000779       Time elapsed (s): 5.13       Iteration elapsed (s): 0.53       GPU Mem (%): 96.10     Batch: 64        Restart: 1         
DEBUG    10:21:41     Fixed self.batch=64
INFO     10:21:41     [Input splitting]     Iteration: 15         Remaining: 576        Visited: 578        Bound: -0.000779       Time elapsed (s): 5.68       Iteration elapsed (s): 0.55       GPU Mem (%): 96.05     Batch: 64        Restart: 1         
DEBUG    10:21:42     Fixed self.batch=64
INFO     10:21:42     [Input splitting]     Iteration: 16         Remaining: 640        Visited: 642        Bound: -0.000779       Time elapsed (s): 6.21       Iteration elapsed (s): 0.53       GPU Mem (%): 89.73     Batch: 64        Restart: 1         
DEBUG    10:21:42     Fixed self.batch=64
INFO     10:21:42     [Input splitting]     Iteration: 17         Remaining: 704        Visited: 706        Bound: -0.000779       Time elapsed (s): 6.73       Iteration elapsed (s): 0.52       GPU Mem (%): 89.73     Batch: 64        Restart: 1         
DEBUG    10:21:43     Fixed self.batch=64
INFO     10:21:43     [Input splitting]     Iteration: 18         Remaining: 768        Visited: 770        Bound: -0.000779       Time elapsed (s): 7.24       Iteration elapsed (s): 0.52       GPU Mem (%): 96.05     Batch: 64        Restart: 1         
DEBUG    10:21:43     Fixed self.batch=64
INFO     10:21:43     [Input splitting]     Iteration: 19         Remaining: 832        Visited: 834        Bound: -0.000779       Time elapsed (s): 7.76       Iteration elapsed (s): 0.52       GPU Mem (%): 96.05     Batch: 64        Restart: 1         
DEBUG    10:21:44     Fixed self.batch=64
INFO     10:21:44     [Input splitting]     Iteration: 20         Remaining: 896        Visited: 898        Bound: -0.000779       Time elapsed (s): 8.28       Iteration elapsed (s): 0.53       GPU Mem (%): 96.05     Batch: 64        Restart: 1         
DEBUG    10:21:44     Fixed self.batch=64
INFO     10:21:44     [Input splitting]     Iteration: 21         Remaining: 896        Visited: 962        Bound: -0.000779       Time elapsed (s): 8.81       Iteration elapsed (s): 0.53       GPU Mem (%): 96.05     Batch: 64        Restart: 1         
DEBUG    10:21:45     Fixed self.batch=64
INFO     10:21:45     [Input splitting]     Iteration: 22         Remaining: 960        Visited: 1026       Bound: -0.000779       Time elapsed (s): 9.34       Iteration elapsed (s): 0.53       GPU Mem (%): 96.05     Batch: 64        Restart: 1         
DEBUG    10:21:45     Fixed self.batch=64
INFO     10:21:45     [Input splitting]     Iteration: 23         Remaining: 1024       Visited: 1090       Bound: -0.000779       Time elapsed (s): 9.87       Iteration elapsed (s): 0.53       GPU Mem (%): 96.05     Batch: 64        Restart: 1         
DEBUG    10:21:46     Fixed self.batch=64
INFO     10:21:46     [Input splitting]     Iteration: 24         Remaining: 1088       Visited: 1154       Bound: -0.000779       Time elapsed (s): 10.42      Iteration elapsed (s): 0.55       GPU Mem (%): 96.05     Batch: 64        Restart: 1         
DEBUG    10:21:46     Fixed self.batch=64
INFO     10:21:46     [Input splitting]     Iteration: 25         Remaining: 1152       Visited: 1218       Bound: -0.000779       Time elapsed (s): 10.94      Iteration elapsed (s): 0.52       GPU Mem (%): 96.00     Batch: 64        Restart: 1         
DEBUG    10:21:47     Fixed self.batch=64
INFO     10:21:47     [Input splitting]     Iteration: 26         Remaining: 1216       Visited: 1282       Bound: -0.000779       Time elapsed (s): 11.48      Iteration elapsed (s): 0.54       GPU Mem (%): 96.00     Batch: 64        Restart: 1         
DEBUG    10:21:47     Fixed self.batch=64
INFO     10:21:47     [Input splitting]     Iteration: 27         Remaining: 1280       Visited: 1346       Bound: -0.000779       Time elapsed (s): 11.99      Iteration elapsed (s): 0.51       GPU Mem (%): 96.00     Batch: 64        Restart: 1         
DEBUG    10:21:48     Fixed self.batch=64
INFO     10:21:48     [Input splitting]     Iteration: 28         Remaining: 1344       Visited: 1410       Bound: -0.000779       Time elapsed (s): 12.50      Iteration elapsed (s): 0.51       GPU Mem (%): 96.00     Batch: 64        Restart: 1         
DEBUG    10:21:48     Fixed self.batch=64
INFO     10:21:48     [Input splitting]     Iteration: 29         Remaining: 1408       Visited: 1474       Bound: -0.000779       Time elapsed (s): 13.01      Iteration elapsed (s): 0.51       GPU Mem (%): 96.00     Batch: 64        Restart: 1         
DEBUG    10:21:49     Fixed self.batch=64
INFO     10:21:49     [Input splitting]     Iteration: 30         Remaining: 1472       Visited: 1538       Bound: -0.000779       Time elapsed (s): 13.52      Iteration elapsed (s): 0.51       GPU Mem (%): 96.00     Batch: 64        Restart: 1         
DEBUG    10:21:50     Fixed self.batch=64
INFO     10:21:50     [Input splitting]     Iteration: 31         Remaining: 1536       Visited: 1602       Bound: -0.000779       Time elapsed (s): 14.04      Iteration elapsed (s): 0.52       GPU Mem (%): 96.00     Batch: 64        Restart: 1         
DEBUG    10:21:50     Fixed self.batch=64
INFO     10:21:50     [Input splitting]     Iteration: 32         Remaining: 1600       Visited: 1666       Bound: -0.000779       Time elapsed (s): 14.58      Iteration elapsed (s): 0.54       GPU Mem (%): 96.00     Batch: 64        Restart: 1         
DEBUG    10:21:51     Fixed self.batch=64
INFO     10:21:51     [Input splitting]     Iteration: 33         Remaining: 1664       Visited: 1730       Bound: -0.000779       Time elapsed (s): 15.10      Iteration elapsed (s): 0.52       GPU Mem (%): 96.00     Batch: 64        Restart: 1         
DEBUG    10:21:51     Fixed self.batch=64
INFO     10:21:51     [Input splitting]     Iteration: 34         Remaining: 1728       Visited: 1794       Bound: -0.000779       Time elapsed (s): 15.63      Iteration elapsed (s): 0.53       GPU Mem (%): 96.00     Batch: 64        Restart: 1         
DEBUG    10:21:52     Fixed self.batch=64
INFO     10:21:52     [Input splitting]     Iteration: 35         Remaining: 1792       Visited: 1858       Bound: -0.000779       Time elapsed (s): 16.17      Iteration elapsed (s): 0.54       GPU Mem (%): 96.00     Batch: 64        Restart: 1         
DEBUG    10:21:52     Fixed self.batch=64
INFO     10:21:52     [Input splitting]     Iteration: 36         Remaining: 1856       Visited: 1922       Bound: -0.000779       Time elapsed (s): 16.69      Iteration elapsed (s): 0.52       GPU Mem (%): 96.00     Batch: 64        Restart: 1         
DEBUG    10:21:53     Fixed self.batch=64
INFO     10:21:53     [Input splitting]     Iteration: 37         Remaining: 1920       Visited: 1986       Bound: -0.000779       Time elapsed (s): 17.21      Iteration elapsed (s): 0.52       GPU Mem (%): 89.68     Batch: 64        Restart: 1         
DEBUG    10:21:53     Fixed self.batch=64
INFO     10:21:53     [Input splitting]     Iteration: 38         Remaining: 1984       Visited: 2050       Bound: -0.000779       Time elapsed (s): 17.71      Iteration elapsed (s): 0.50       GPU Mem (%): 89.68     Batch: 64        Restart: 1         
DEBUG    10:21:54     Fixed self.batch=64
INFO     10:21:54     [Input splitting]     Iteration: 39         Remaining: 2048       Visited: 2114       Bound: -0.000779       Time elapsed (s): 18.21      Iteration elapsed (s): 0.50       GPU Mem (%): 89.68     Batch: 64        Restart: 1         
DEBUG    10:21:54     Fixed self.batch=64
INFO     10:21:54     [Input splitting]     Iteration: 40         Remaining: 2112       Visited: 2178       Bound: -0.000779       Time elapsed (s): 18.77      Iteration elapsed (s): 0.56       GPU Mem (%): 89.68     Batch: 64        Restart: 1         
DEBUG    10:21:55     Fixed self.batch=64
INFO     10:21:55     [Input splitting]     Iteration: 41         Remaining: 2176       Visited: 2242       Bound: -0.000779       Time elapsed (s): 19.29      Iteration elapsed (s): 0.51       GPU Mem (%): 89.68     Batch: 64        Restart: 1         
DEBUG    10:21:55     Fixed self.batch=64
INFO     10:21:55     [Input splitting]     Iteration: 42         Remaining: 2240       Visited: 2306       Bound: -0.000779       Time elapsed (s): 19.80      Iteration elapsed (s): 0.52       GPU Mem (%): 89.68     Batch: 64        Restart: 1         
DEBUG    10:21:56     Fixed self.batch=64
INFO     10:21:56     [Input splitting]     Iteration: 43         Remaining: 2304       Visited: 2370       Bound: -0.000779       Time elapsed (s): 20.32      Iteration elapsed (s): 0.52       GPU Mem (%): 89.68     Batch: 64        Restart: 1         
DEBUG    10:21:56     Fixed self.batch=64
INFO     10:21:56     [Input splitting]     Iteration: 44         Remaining: 2368       Visited: 2434       Bound: -0.000779       Time elapsed (s): 20.84      Iteration elapsed (s): 0.52       GPU Mem (%): 96.00     Batch: 64        Restart: 1         
DEBUG    10:21:57     Fixed self.batch=64
INFO     10:21:57     [Input splitting]     Iteration: 45         Remaining: 2432       Visited: 2498       Bound: -0.000779       Time elapsed (s): 21.38      Iteration elapsed (s): 0.54       GPU Mem (%): 96.00     Batch: 64        Restart: 1         
DEBUG    10:21:57     Fixed self.batch=64
INFO     10:21:57     [Input splitting]     Iteration: 46         Remaining: 2496       Visited: 2562       Bound: -0.000779       Time elapsed (s): 21.91      Iteration elapsed (s): 0.53       GPU Mem (%): 96.01     Batch: 64        Restart: 1         
DEBUG    10:21:58     Fixed self.batch=64
INFO     10:21:58     [Input splitting]     Iteration: 47         Remaining: 2560       Visited: 2626       Bound: -0.000779       Time elapsed (s): 22.46      Iteration elapsed (s): 0.55       GPU Mem (%): 96.02     Batch: 64        Restart: 1         
DEBUG    10:21:59     Fixed self.batch=64
INFO     10:21:59     [Input splitting]     Iteration: 48         Remaining: 2624       Visited: 2690       Bound: -0.000779       Time elapsed (s): 23.08      Iteration elapsed (s): 0.62       GPU Mem (%): 89.76     Batch: 64        Restart: 1         
DEBUG    10:21:59     Fixed self.batch=64
INFO     10:21:59     [Input splitting]     Iteration: 49         Remaining: 2688       Visited: 2754       Bound: -0.000779       Time elapsed (s): 23.70      Iteration elapsed (s): 0.62       GPU Mem (%): 96.08     Batch: 64        Restart: 1         
DEBUG    10:22:00     Fixed self.batch=64
INFO     10:22:00     [Input splitting]     Iteration: 50         Remaining: 2752       Visited: 2818       Bound: -0.000779       Time elapsed (s): 24.33      Iteration elapsed (s): 0.64       GPU Mem (%): 96.08     Batch: 64        Restart: 1         
DEBUG    10:22:00     Fixed self.batch=64
INFO     10:22:00     [Input splitting]     Iteration: 51         Remaining: 2816       Visited: 2882       Bound: -0.000779       Time elapsed (s): 24.97      Iteration elapsed (s): 0.64       GPU Mem (%): 96.08     Batch: 64        Restart: 1         
DEBUG    10:22:01     Fixed self.batch=64
INFO     10:22:01     [Input splitting]     Iteration: 52         Remaining: 2816       Visited: 2946       Bound: -0.000779       Time elapsed (s): 25.61      Iteration elapsed (s): 0.64       GPU Mem (%): 89.76     Batch: 64        Restart: 1         
DEBUG    10:22:02     Fixed self.batch=64
INFO     10:22:02     [Input splitting]     Iteration: 53         Remaining: 2880       Visited: 3010       Bound: -0.000779       Time elapsed (s): 26.24      Iteration elapsed (s): 0.63       GPU Mem (%): 89.71     Batch: 64        Restart: 1         
DEBUG    10:22:02     Fixed self.batch=64
INFO     10:22:02     [Input splitting]     Iteration: 54         Remaining: 2944       Visited: 3074       Bound: -0.000779       Time elapsed (s): 26.88      Iteration elapsed (s): 0.64       GPU Mem (%): 89.76     Batch: 64        Restart: 1         
DEBUG    10:22:03     Fixed self.batch=64
INFO     10:22:03     [Input splitting]     Iteration: 55         Remaining: 3008       Visited: 3138       Bound: -0.000779       Time elapsed (s): 27.52      Iteration elapsed (s): 0.64       GPU Mem (%): 89.76     Batch: 64        Restart: 1         
DEBUG    10:22:04     Fixed self.batch=64
INFO     10:22:04     [Input splitting]     Iteration: 56         Remaining: 3072       Visited: 3202       Bound: -0.000779       Time elapsed (s): 28.15      Iteration elapsed (s): 0.64       GPU Mem (%): 96.08     Batch: 64        Restart: 1         
DEBUG    10:22:04     Fixed self.batch=64
INFO     10:22:04     [Input splitting]     Iteration: 57         Remaining: 3136       Visited: 3266       Bound: -0.000779       Time elapsed (s): 28.80      Iteration elapsed (s): 0.64       GPU Mem (%): 96.08     Batch: 64        Restart: 1         
DEBUG    10:22:05     Fixed self.batch=64
INFO     10:22:05     [Input splitting]     Iteration: 58         Remaining: 3200       Visited: 3330       Bound: -0.000779       Time elapsed (s): 29.45      Iteration elapsed (s): 0.65       GPU Mem (%): 96.08     Batch: 64        Restart: 1         
DEBUG    10:22:06     Fixed self.batch=64
INFO     10:22:06     [Input splitting]     Iteration: 59         Remaining: 3264       Visited: 3394       Bound: -0.000779       Time elapsed (s): 30.07      Iteration elapsed (s): 0.62       GPU Mem (%): 96.03     Batch: 64        Restart: 1         
DEBUG    10:22:06     Fixed self.batch=64
INFO     10:22:06     [Input splitting]     Iteration: 60         Remaining: 3328       Visited: 3458       Bound: -0.000779       Time elapsed (s): 30.69      Iteration elapsed (s): 0.62       GPU Mem (%): 89.76     Batch: 64        Restart: 1         
DEBUG    10:22:07     Fixed self.batch=64
INFO     10:22:07     [Input splitting]     Iteration: 61         Remaining: 3392       Visited: 3522       Bound: -0.000779       Time elapsed (s): 31.30      Iteration elapsed (s): 0.61       GPU Mem (%): 89.76     Batch: 64        Restart: 1         
DEBUG    10:22:07     Fixed self.batch=64
INFO     10:22:07     [Input splitting]     Iteration: 62         Remaining: 3456       Visited: 3586       Bound: -0.000779       Time elapsed (s): 31.93      Iteration elapsed (s): 0.63       GPU Mem (%): 89.76     Batch: 64        Restart: 1         
DEBUG    10:22:08     Fixed self.batch=64
INFO     10:22:08     [Input splitting]     Iteration: 63         Remaining: 3520       Visited: 3650       Bound: -0.000779       Time elapsed (s): 32.57      Iteration elapsed (s): 0.63       GPU Mem (%): 89.76     Batch: 64        Restart: 1         
DEBUG    10:22:09     Fixed self.batch=64
INFO     10:22:09     [Input splitting]     Iteration: 64         Remaining: 3584       Visited: 3714       Bound: -0.000779       Time elapsed (s): 33.20      Iteration elapsed (s): 0.63       GPU Mem (%): 89.76     Batch: 64        Restart: 1         
DEBUG    10:22:09     Fixed self.batch=64
INFO     10:22:09     [Input splitting]     Iteration: 65         Remaining: 3648       Visited: 3778       Bound: -0.000779       Time elapsed (s): 33.83      Iteration elapsed (s): 0.63       GPU Mem (%): 89.71     Batch: 64        Restart: 1         
DEBUG    10:22:10     Fixed self.batch=64
INFO     10:22:10     [Input splitting]     Iteration: 66         Remaining: 3712       Visited: 3842       Bound: -0.000779       Time elapsed (s): 34.46      Iteration elapsed (s): 0.63       GPU Mem (%): 89.76     Batch: 64        Restart: 1         
DEBUG    10:22:11     Fixed self.batch=64
INFO     10:22:11     [Input splitting]     Iteration: 67         Remaining: 3776       Visited: 3906       Bound: -0.000779       Time elapsed (s): 35.09      Iteration elapsed (s): 0.63       GPU Mem (%): 96.08     Batch: 64        Restart: 1         
DEBUG    10:22:11     Fixed self.batch=64
INFO     10:22:11     [Input splitting]     Iteration: 68         Remaining: 3840       Visited: 3970       Bound: -0.000779       Time elapsed (s): 35.73      Iteration elapsed (s): 0.64       GPU Mem (%): 96.08     Batch: 64        Restart: 1         
DEBUG    10:22:12     Fixed self.batch=64
INFO     10:22:12     [Input splitting]     Iteration: 69         Remaining: 3904       Visited: 4034       Bound: -0.000779       Time elapsed (s): 36.37      Iteration elapsed (s): 0.64       GPU Mem (%): 96.07     Batch: 64        Restart: 1         
DEBUG    10:22:12     Fixed self.batch=64
INFO     10:22:12     [Input splitting]     Iteration: 70         Remaining: 3968       Visited: 4098       Bound: -0.000779       Time elapsed (s): 37.03      Iteration elapsed (s): 0.66       GPU Mem (%): 96.07     Batch: 64        Restart: 1         
DEBUG    10:22:13     Fixed self.batch=64
INFO     10:22:13     [Input splitting]     Iteration: 71         Remaining: 4032       Visited: 4162       Bound: -0.000779       Time elapsed (s): 37.66      Iteration elapsed (s): 0.63       GPU Mem (%): 96.03     Batch: 64        Restart: 1         
DEBUG    10:22:14     Fixed self.batch=64
INFO     10:22:14     [Input splitting]     Iteration: 72         Remaining: 4096       Visited: 4226       Bound: -0.000779       Time elapsed (s): 38.28      Iteration elapsed (s): 0.62       GPU Mem (%): 96.00     Batch: 64        Restart: 1         
DEBUG    10:22:14     Fixed self.batch=64
INFO     10:22:14     [Input splitting]     Iteration: 73         Remaining: 4160       Visited: 4290       Bound: -0.000779       Time elapsed (s): 38.99      Iteration elapsed (s): 0.71       GPU Mem (%): 96.00     Batch: 64        Restart: 1         
DEBUG    10:22:15     Fixed self.batch=64
INFO     10:22:15     [Input splitting]     Iteration: 74         Remaining: 4224       Visited: 4354       Bound: -0.000779       Time elapsed (s): 39.64      Iteration elapsed (s): 0.64       GPU Mem (%): 95.99     Batch: 64        Restart: 1         
DEBUG    10:22:16     Fixed self.batch=64
INFO     10:22:16     [Input splitting]     Iteration: 75         Remaining: 4288       Visited: 4418       Bound: -0.000779       Time elapsed (s): 40.28      Iteration elapsed (s): 0.64       GPU Mem (%): 95.99     Batch: 64        Restart: 1         
DEBUG    10:22:16     Fixed self.batch=64
INFO     10:22:16     [Input splitting]     Iteration: 76         Remaining: 4352       Visited: 4482       Bound: -0.000779       Time elapsed (s): 40.92      Iteration elapsed (s): 0.64       GPU Mem (%): 89.67     Batch: 64        Restart: 1         
DEBUG    10:22:17     Fixed self.batch=64
INFO     10:22:17     [Input splitting]     Iteration: 77         Remaining: 4416       Visited: 4546       Bound: -0.000779       Time elapsed (s): 41.56      Iteration elapsed (s): 0.64       GPU Mem (%): 96.03     Batch: 64        Restart: 1         
DEBUG    10:22:18     Fixed self.batch=64
INFO     10:22:18     [Input splitting]     Iteration: 78         Remaining: 4416       Visited: 4610       Bound: -0.000779       Time elapsed (s): 42.20      Iteration elapsed (s): 0.64       GPU Mem (%): 96.03     Batch: 64        Restart: 1         
DEBUG    10:22:18     Fixed self.batch=64
INFO     10:22:18     [Input splitting]     Iteration: 79         Remaining: 4480       Visited: 4674       Bound: -0.000779       Time elapsed (s): 42.84      Iteration elapsed (s): 0.64       GPU Mem (%): 96.03     Batch: 64        Restart: 1         
DEBUG    10:22:19     Fixed self.batch=64
INFO     10:22:19     [Input splitting]     Iteration: 80         Remaining: 4544       Visited: 4738       Bound: -0.000779       Time elapsed (s): 43.48      Iteration elapsed (s): 0.63       GPU Mem (%): 96.03     Batch: 64        Restart: 1         
DEBUG    10:22:20     Fixed self.batch=64
INFO     10:22:20     [Input splitting]     Iteration: 81         Remaining: 4544       Visited: 4802       Bound: -0.000779       Time elapsed (s): 44.12      Iteration elapsed (s): 0.65       GPU Mem (%): 96.03     Batch: 64        Restart: 1         
DEBUG    10:22:20     Fixed self.batch=64
INFO     10:22:20     [Input splitting]     Iteration: 82         Remaining: 4608       Visited: 4866       Bound: -0.000779       Time elapsed (s): 44.78      Iteration elapsed (s): 0.66       GPU Mem (%): 96.01     Batch: 64        Restart: 1         
DEBUG    10:22:21     Fixed self.batch=64
INFO     10:22:21     [Input splitting]     Iteration: 83         Remaining: 4672       Visited: 4930       Bound: -0.000779       Time elapsed (s): 45.40      Iteration elapsed (s): 0.63       GPU Mem (%): 96.04     Batch: 64        Restart: 1         
DEBUG    10:22:21     Fixed self.batch=64
INFO     10:22:21     [Input splitting]     Iteration: 84         Remaining: 4736       Visited: 4994       Bound: -0.000779       Time elapsed (s): 46.03      Iteration elapsed (s): 0.62       GPU Mem (%): 96.04     Batch: 64        Restart: 1         
DEBUG    10:22:22     Fixed self.batch=64
INFO     10:22:22     [Input splitting]     Iteration: 85         Remaining: 4736       Visited: 5058       Bound: -0.000779       Time elapsed (s): 46.66      Iteration elapsed (s): 0.63       GPU Mem (%): 96.04     Batch: 64        Restart: 1         
DEBUG    10:22:23     Fixed self.batch=64
INFO     10:22:23     [Input splitting]     Iteration: 86         Remaining: 4800       Visited: 5122       Bound: -0.000779       Time elapsed (s): 47.29      Iteration elapsed (s): 0.63       GPU Mem (%): 96.04     Batch: 64        Restart: 1         
DEBUG    10:22:23     Fixed self.batch=64
INFO     10:22:23     [Input splitting]     Iteration: 87         Remaining: 4864       Visited: 5186       Bound: -0.000779       Time elapsed (s): 47.91      Iteration elapsed (s): 0.62       GPU Mem (%): 95.05     Batch: 64        Restart: 1         
DEBUG    10:22:24     Fixed self.batch=64
INFO     10:22:24     [Input splitting]     Iteration: 88         Remaining: 4928       Visited: 5250       Bound: -0.000779       Time elapsed (s): 48.53      Iteration elapsed (s): 0.62       GPU Mem (%): 88.68     Batch: 64        Restart: 1         
DEBUG    10:22:25     Fixed self.batch=64
INFO     10:22:25     [Input splitting]     Iteration: 89         Remaining: 4992       Visited: 5314       Bound: -0.000779       Time elapsed (s): 49.15      Iteration elapsed (s): 0.63       GPU Mem (%): 95.01     Batch: 64        Restart: 1         
DEBUG    10:22:25     Fixed self.batch=64
INFO     10:22:25     [Input splitting]     Iteration: 90         Remaining: 5056       Visited: 5378       Bound: -0.000779       Time elapsed (s): 49.78      Iteration elapsed (s): 0.62       GPU Mem (%): 95.01     Batch: 64        Restart: 1         
DEBUG    10:22:26     Fixed self.batch=64
INFO     10:22:26     [Input splitting]     Iteration: 91         Remaining: 5120       Visited: 5442       Bound: -0.000779       Time elapsed (s): 50.43      Iteration elapsed (s): 0.65       GPU Mem (%): 95.03     Batch: 64        Restart: 1         
DEBUG    10:22:27     Fixed self.batch=64
INFO     10:22:27     [Input splitting]     Iteration: 92         Remaining: 5184       Visited: 5506       Bound: -0.000779       Time elapsed (s): 51.06      Iteration elapsed (s): 0.63       GPU Mem (%): 95.58     Batch: 64        Restart: 1         
DEBUG    10:22:27     Fixed self.batch=64
INFO     10:22:27     [Input splitting]     Iteration: 93         Remaining: 5248       Visited: 5570       Bound: -0.000779       Time elapsed (s): 51.70      Iteration elapsed (s): 0.64       GPU Mem (%): 95.71     Batch: 64        Restart: 1         
DEBUG    10:22:28     Fixed self.batch=64
INFO     10:22:28     [Input splitting]     Iteration: 94         Remaining: 5312       Visited: 5634       Bound: -0.000779       Time elapsed (s): 52.35      Iteration elapsed (s): 0.64       GPU Mem (%): 95.70     Batch: 64        Restart: 1         
DEBUG    10:22:28     Fixed self.batch=64
INFO     10:22:28     [Input splitting]     Iteration: 95         Remaining: 5376       Visited: 5698       Bound: -0.000779       Time elapsed (s): 52.99      Iteration elapsed (s): 0.64       GPU Mem (%): 95.71     Batch: 64        Restart: 1         
DEBUG    10:22:29     Fixed self.batch=64
INFO     10:22:29     [Input splitting]     Iteration: 96         Remaining: 5440       Visited: 5762       Bound: -0.000779       Time elapsed (s): 53.62      Iteration elapsed (s): 0.64       GPU Mem (%): 95.71     Batch: 64        Restart: 1         
DEBUG    10:22:30     Fixed self.batch=64
INFO     10:22:30     [Input splitting]     Iteration: 97         Remaining: 5504       Visited: 5826       Bound: -0.000779       Time elapsed (s): 54.26      Iteration elapsed (s): 0.64       GPU Mem (%): 95.71     Batch: 64        Restart: 1         
DEBUG    10:22:30     Fixed self.batch=64
INFO     10:22:30     [Input splitting]     Iteration: 98         Remaining: 5568       Visited: 5890       Bound: -0.000779       Time elapsed (s): 54.90      Iteration elapsed (s): 0.64       GPU Mem (%): 95.71     Batch: 64        Restart: 1         
DEBUG    10:22:31     Fixed self.batch=64
INFO     10:22:31     [Input splitting]     Iteration: 99         Remaining: 5632       Visited: 5954       Bound: -0.000779       Time elapsed (s): 55.54      Iteration elapsed (s): 0.64       GPU Mem (%): 95.71     Batch: 64        Restart: 1         
DEBUG    10:22:32     Fixed self.batch=64
INFO     10:22:32     [Input splitting]     Iteration: 100        Remaining: 5696       Visited: 6018       Bound: -0.000779       Time elapsed (s): 56.18      Iteration elapsed (s): 0.64       GPU Mem (%): 95.87     Batch: 64        Restart: 1         
DEBUG    10:22:32     Fixed self.batch=64
INFO     10:22:32     [Input splitting]     Iteration: 101        Remaining: 5760       Visited: 6082       Bound: -0.000779       Time elapsed (s): 56.82      Iteration elapsed (s): 0.64       GPU Mem (%): 95.88     Batch: 64        Restart: 1         
DEBUG    10:22:33     Fixed self.batch=64
INFO     10:22:33     [Input splitting]     Iteration: 102        Remaining: 5824       Visited: 6146       Bound: -0.000779       Time elapsed (s): 57.46      Iteration elapsed (s): 0.64       GPU Mem (%): 95.88     Batch: 64        Restart: 1         
DEBUG    10:22:34     Fixed self.batch=64
INFO     10:22:34     [Input splitting]     Iteration: 103        Remaining: 5888       Visited: 6210       Bound: -0.000779       Time elapsed (s): 58.10      Iteration elapsed (s): 0.64       GPU Mem (%): 95.88     Batch: 64        Restart: 1         
DEBUG    10:22:34     Fixed self.batch=64
INFO     10:22:34     [Input splitting]     Iteration: 104        Remaining: 5952       Visited: 6274       Bound: -0.000779       Time elapsed (s): 58.73      Iteration elapsed (s): 0.63       GPU Mem (%): 95.88     Batch: 64        Restart: 1         
DEBUG    10:22:35     Fixed self.batch=64
INFO     10:22:35     [Input splitting]     Iteration: 105        Remaining: 6016       Visited: 6338       Bound: -0.000779       Time elapsed (s): 59.36      Iteration elapsed (s): 0.63       GPU Mem (%): 95.88     Batch: 64        Restart: 1         
DEBUG    10:22:35     Fixed self.batch=64
INFO     10:22:35     [Input splitting]     Iteration: 106        Remaining: 6080       Visited: 6402       Bound: -0.000779       Time elapsed (s): 60.00      Iteration elapsed (s): 0.63       GPU Mem (%): 95.87     Batch: 64        Restart: 1         
DEBUG    10:22:36     Fixed self.batch=64
INFO     10:22:36     [Input splitting]     Iteration: 107        Remaining: 6144       Visited: 6466       Bound: -0.000779       Time elapsed (s): 60.64      Iteration elapsed (s): 0.64       GPU Mem (%): 95.88     Batch: 64        Restart: 1         
DEBUG    10:22:37     Fixed self.batch=64
INFO     10:22:37     [Input splitting]     Iteration: 108        Remaining: 6208       Visited: 6530       Bound: -0.000779       Time elapsed (s): 61.27      Iteration elapsed (s): 0.63       GPU Mem (%): 95.88     Batch: 64        Restart: 1         
DEBUG    10:22:37     [Restart] Runtime exceeded 59.87671747207642 seconds (40.0%)
DEBUG    10:22:37     Restarting
INFO     10:22:37     Params of 2-th run: {'input_split': True, 'abstract_method': 'backward', 'decision_method': 'smart', 'decision_topk': 1}
INFO     10:22:37     [_setup_restart] _init_abstractor
DEBUG    10:22:37     [select_params] Try self.input_split=True Settings.backward_batch_size=inf extra_opts={} mode='patches' method='backward'
DEBUG    10:22:37     [_init_module] Try bound_opts={'conv_mode': 'patches', 'verbosity': 0}
INFO     10:22:37     [select_params] Success: self.input_split=True Settings.backward_batch_size=inf extra_opts={} mode='patches' method='backward'
INFO     10:22:37     Try batch size 1000
INFO     10:22:37     Initial bounds (first 10): tensor([-0.3072,  1.5859, -0.7367, -9.4296,  2.7480,  0.2797,  0.8398,  0.8003,
        -0.3040, -1.3744])
INFO     10:22:37     [Input splitting]     Iteration: 109        Remaining: 0          Visited: 2          Bound: 0.000001        Time elapsed (s): 61.76      Iteration elapsed (s): 0.12       GPU Mem (%): 28.81     Batch: 1000      Restart: 2         
INFO     10:22:37     Verified: 1 	 Remain: 0
INFO     10:22:37     [!] Iterations: 109
INFO     10:22:37     [!] Result: unsat
INFO     10:22:37     [!] Runtime: 62.1480
unsat,62.1480
