[0;93m2026-05-26 13:42:19.365570360 [W:onnxruntime:Default, device_discovery.cc:325 DiscoverDevicesForPlatform] GPU device discovery failed: device_discovery.cc:92 ReadFileContents Failed to open file: "/sys/class/drm/card0/device/vendor"[m
Configurations:

general:
  device: cuda
  seed: 100
  conv_mode: patches
  deterministic: false
  double_fp: false
  loss_reduction_func: sum
  sparse_alpha: true
  sparse_interm: true
  save_adv_example: true
  verify_onnxruntime_output: false
  eval_adv_example: false
  show_adv_example: false
  precompile_jit: true
  prepare_only: false
  complete_verifier: bab
  enable_incomplete_verification: true
  csv_name: instances.csv
  results_file: /data1/Kane/ACT/audit_results/abcrown_nopgd_20260525/tinyimagenet_2024/0009__TinyImageNet_resnet_medium__TinyImageNet_resnet_medium_prop_idx_2146_sidx_298_eps_0.0039.result
  root_path: ../../vnncomp2024_benchmarks/benchmarks/tinyimagenet
  deterministic_opt: false
  graph_optimizer: 'Customized("custom_graph_optimizer", "default_optimizer")'
  buffer_has_batchdim: false
  save_output: false
  output_file: out.pkl
  return_optimized_model: false
model:
  name: null
  path: null
  onnx_path: /data1/Kane/data/vnncomp2025_benchmarks/benchmarks/tinyimagenet_2024/onnx/TinyImageNet_resnet_medium.onnx
  onnx_path_prefix: ''
  cache_onnx_conversion: false
  debug_onnx: false
  onnx_quirks: null
  input_shape: null
  onnx_loader: default_onnx_and_vnnlib_loader
  onnx_optimization_flags: [merge_bn]
  onnx_vnnlib_joint_optimization_flags: none
  check_optimized: false
  flatten_final_output: false
  optimize_graph: null
  with_jacobian: false
data:
  start: 0
  end: 10000
  select_instance: null
  num_outputs: 10
  mean: 0.0
  std: 1.0
  pkl_path: null
  dataset: null
  data_filter_path: null
  data_idx_file: null
specification:
  type: lp
  robustness_type: verified-acc
  norm: .inf
  epsilon: null
  epsilon_min: 0.0
  vnnlib_path: /data1/Kane/data/vnncomp2025_benchmarks/benchmarks/tinyimagenet_2024/vnnlib/TinyImageNet_resnet_medium_prop_idx_2146_sidx_298_eps_0.0039.vnnlib
  vnnlib_path_prefix: ''
  rhs_offset: null
solver:
  batch_size: 256
  auto_enlarge_batch_size: false
  min_batch_size_ratio: 0.1
  use_float64_in_last_iteration: false
  early_stop_patience: 10
  start_save_best: 0.5
  bound_prop_method: alpha-crown
  init_bound_prop_method: same
  prune_after_crown: true
  optimize_disjuncts_separately: false
  crown:
    batch_size: 1000000000
    max_crown_size: 1000000000
    activation_bound_option: adaptive
    compare_crown_with_ibp: false
  alpha-crown:
    alpha: true
    lr_alpha: 0.25
    iteration: 20
    share_alphas: false
    lr_decay: 0.98
    full_conv_alpha: true
    max_coeff_mul: .inf
    matmul_share_alphas: false
    disable_optimization: []
    max_time: 1.0
  invprop:
    apply_output_constraints_to: []
    tighten_input_bounds: false
    best_of_oc_and_no_oc: false
    directly_optimize: []
    oc_lr: 0.1
    share_gammas: false
  beta-crown:
    lr_alpha: 0.1
    lr_beta: 0.15
    lr_decay: 0.98
    optimizer: adam
    iteration: 8
    beta: true
    beta_warmup: true
    enable_opt_interm_bounds: false
    all_node_split_LP: false
  forward:
    refine: false
    max_dim: 10000
    reset_threshold: 1.0
  multi_class:
    label_batch_size: 32
    skip_with_refined_bound: true
  mip:
    unstable_neuron_threshold: 0
    parallel_solvers: null
    solver_threads: 1
    refine_neuron_timeout: 15
    refine_neuron_time_percentage: 0.8
    early_stop: true
    adv_warmup: true
    mip_solver: gurobi
    skip_unsafe: false
    topk_filter: 1.0
    sliding_window: -1
    extra_constraint: false
    refine_neuron_timeout_increasement: 0
    timeout_neuron_percentage: 0.3
    remaining_timeout_threshold: 1
    remove_unstable_neurons: false
    lp_solver: false
bab:
  initial_max_domains: 200
  backing_up_max_domain: null
  max_domains: .inf
  decision_thresh: 0
  timeout: 100.0
  timeout_scale: 1
  max_iterations: -1
  override_timeout: null
  get_upper_bound: false
  pruning_in_iteration: true
  pruning_in_iteration_ratio: 0.2
  sort_targets: false
  batched_domain_list: true
  optimized_interm: ''
  interm_transfer: false
  recompute_interm: false
  sort_domain_interval: -1
  vanilla_crown: false
  tree_traversal: depth_first
  cut:
    enabled: false
    cuts_path: /tmp/abcrown_cuts
    implication: false
    bab_cut: false
    lp_cut: false
    method: null
    lr: 0.01
    lr_decay: 1.0
    iteration: 100
    bab_iteration: -1
    early_stop_patience: -1
    lr_beta: 0.02
    number_cuts: 50
    topk_cuts_in_filter: 1000
    batch_size_primal: 100
    max_num: 1000000000
    patches_cut: false
    cplex_cuts: false
    cplex_cuts_wait: 0
    cplex_cuts_revpickup: true
    cut_reference_bounds: true
    fix_intermediate_bounds: false
    biccos:
      enabled: false
      constraint_strengthening: true
      recursively_strengthening: false
      drop_ratio: 0.5
      verified_bonus: 0.3
      max_infer_iter: 20
      heuristic: neuron_influence_score
      save_biccos_cuts: false
      multi_tree_branching:
        enabled: false
        restore_best_tree: false
        keep_n_best_domains: 1
        k_splits: 1
        iterations: 1
  branching:
    method: kfsb
    candidates: 7
    reduceop: max
    enable_intermediate_bound_opt: false
    branching_input_and_activation: false
    branching_input_and_activation_order: [input, relu]
    branching_input_iterations: 30
    branching_relu_iterations: 50
    nonlinear_split:
      method: bbps
      disable: false
      branching_point_method: uniform
      num_branches: 2
      filter: false
      filter_beta: false
      filter_clamp: false
      filter_batch_size: 10000
      filter_iterations: 25
      relu_only: false
      loose_tanh_threshold: null
      branching_point:
        db_path: branching_points.pt
        num_iterations: 1000
        batch_size: 1000000
        range_l: -5.0
        range_u: 5.0
        log_interval: 100
        step_size_1d: 0.01
        step_size: 0.2
    input_split:
      enable_clip_domains: false
      split_hint: null
      reorder_bab: false
      enable: false
      enhanced_bound_prop_method: alpha-crown
      enhanced_branching_method: naive
      enhanced_bound_patience: 100000000.0
      attack_patience: 100000000.0
      adv_check: 0
      split_partitions: 2
      sb_margin_weight: 1.0
      sb_sum: false
      sb_primary_spec: null
      bf_backup_thresh: -1
      bf_rhs_offset: 0
      bf_iters: 1000000000.0
      bf_batch_size: 100000
      bf_zero_crossing_score: false
      touch_zero_score: 0
      ibp_enhancement: false
      compare_with_old_bounds: false
      update_rhs_with_attack: false
      sb_coeff_thresh: 0.001
      sort_index: null
      sort_descending: true
      show_progress: false
      presplit_domains: null
      skip_getting_worst_domain: false
  attack:
    enabled: false
    beam_candidates: 8
    beam_depth: 7
    max_dive_fix_ratio: 0.8
    min_local_free_ratio: 0.2
    mip_start_iteration: 5
    mip_timeout: 30.0
    adv_pool_threshold: null
    refined_mip_attacker: false
    refined_batch_size: null
attack:
  pgd_order: skip
  pgd_steps: 100
  pgd_restarts: 10
  pgd_batch_size: 100000000
  pgd_early_stop: true
  pgd_lr_decay: 0.99
  pgd_alpha: auto
  pgd_alpha_scale: false
  pgd_loss_mode: null
  pgd_restart_when_stuck: false
  enable_mip_attack: false
  adv_saver: default_adv_saver
  adv_verifier: default_adv_verifier
  early_stop_condition: default_early_stop_condition
  adv_example_finalizer: default_adv_example_finalizer
  pgd_loss: default_pgd_loss
  cex_path: ./test_cex.txt
  attack_mode: PGD
  attack_tolerance: 0.0
  attack_func: attack_with_general_specs
  gama_lambda: 10.0
  gama_decay: 0.9
  check_clean: false
  input_split:
    pgd_steps: 100
    pgd_restarts: 30
    pgd_alpha: auto
  input_split_enhanced:
    pgd_steps: 200
    pgd_restarts: 500000
    pgd_alpha: auto
  input_split_check_adv:
    enabled: auto
    pgd_steps: 5
    pgd_restarts: 5
    pgd_alpha: auto
    max_num_domains: 10
debug:
  view_model: false
  lp_test: null
  rescale_vnnlib_ptb: null
  test_optimized_bounds: false
  test_optimized_bounds_after_n_iterations: 0
  print_verbose_decisions: false
  sanity_check: null
  save_minimal_config: null
  save_minimal_config_omit_keys: []

Experiments at Tue May 26 13:42:20 2026 on dell-pro-max-tower-t2
Pre-compile jit kernels on a toy network.../data1/Kane/miniconda3/envs/GenBaB/lib/python3.11/site-packages/onnx2pytorch/convert/model.py:151: UserWarning: Using experimental implementation that allows 'batch_size > 1'.Batchnorm layers could potentially produce false outputs.
  warnings.warn(
/data1/Kane/miniconda3/envs/GenBaB/lib/python3.11/site-packages/onnx2pytorch/utils.py:21: TracerWarning: Converting a tensor to a Python boolean might cause the trace to be incorrect. We can't record the data flow of Python values, so this value will be treated as a constant in the future. This means that the trace might not generalize to other inputs!
  return value.ndim == 0 or value.shape == torch.Size([1])
/data1/Kane/miniconda3/envs/GenBaB/lib/python3.11/site-packages/onnx2pytorch/operations/add.py:34: TracerWarning: Converting a tensor to a Python boolean might cause the trace to be incorrect. We can't record the data flow of Python values, so this value will be treated as a constant in the future. This means that the trace might not generalize to other inputs!
  elif all(x == 1 for x in input[0].shape):

JIT kernels compiled in 1.0275s.
Internal results will be saved to /data1/Kane/ACT/audit_results/abcrown_nopgd_20260525/tinyimagenet_2024/0009__TinyImageNet_resnet_medium__TinyImageNet_resnet_medium_prop_idx_2146_sidx_298_eps_0.0039.result.

 %%%%%%%%%%%%%%%%%%%%%%%%%%%%%%%%%%% idx: 0, vnnlib ID: 0 %%%%%%%%%%%%%%%%%%%%%%%%%%%%%%%%%%%
Using onnx /data1/Kane/data/vnncomp2025_benchmarks/benchmarks/tinyimagenet_2024/onnx/TinyImageNet_resnet_medium.onnx
Using vnnlib /data1/Kane/data/vnncomp2025_benchmarks/benchmarks/tinyimagenet_2024/vnnlib/TinyImageNet_resnet_medium_prop_idx_2146_sidx_298_eps_0.0039.vnnlib
9408 inputs and 200 outputs in vnnlib
Loading onnx /data1/Kane/data/vnncomp2025_benchmarks/benchmarks/tinyimagenet_2024/onnx/TinyImageNet_resnet_medium.onnx with quirks {}
Onnx optimization with flags: ['merge_bn']
Found existed optimized onnx model at /data1/Kane/data/vnncomp2025_benchmarks/benchmarks/tinyimagenet_2024/onnx/TinyImageNet_resnet_medium.onnx.optimized
Finished onnx model loading in 0.0796 seconds
Model: BoundedModule(
  (/input-1): BoundInput(name=/input-1, inputs=[], perturbed=True)
  (/43): BoundParams(name=/43, inputs=[], perturbed=False)
  (/44): BoundParams(name=/44, inputs=[], perturbed=False)
  (/45): BoundParams(name=/45, inputs=[], perturbed=False)
  (/46): BoundParams(name=/46, inputs=[], perturbed=False)
  (/47): BoundParams(name=/47, inputs=[], perturbed=False)
  (/48): BoundParams(name=/48, inputs=[], perturbed=False)
  (/49): BoundParams(name=/49, inputs=[], perturbed=False)
  (/50): BoundParams(name=/50, inputs=[], perturbed=False)
  (/51): BoundParams(name=/51, inputs=[], perturbed=False)
  (/52): BoundParams(name=/52, inputs=[], perturbed=False)
  (/53): BoundParams(name=/53, inputs=[], perturbed=False)
  (/54): BoundParams(name=/54, inputs=[], perturbed=False)
  (/55): BoundParams(name=/55, inputs=[], perturbed=False)
  (/56): BoundParams(name=/56, inputs=[], perturbed=False)
  (/57): BoundParams(name=/57, inputs=[], perturbed=False)
  (/58): BoundParams(name=/58, inputs=[], perturbed=False)
  (/59): BoundParams(name=/59, inputs=[], perturbed=False)
  (/60): BoundParams(name=/60, inputs=[], perturbed=False)
  (/61): BoundParams(name=/61, inputs=[], perturbed=False)
  (/62): BoundParams(name=/62, inputs=[], perturbed=False)
  (/63): BoundParams(name=/63, inputs=[], perturbed=False)
  (/64): BoundParams(name=/64, inputs=[], perturbed=False)
  (/65): BoundParams(name=/65, inputs=[], perturbed=False)
  (/66): BoundParams(name=/66, inputs=[], perturbed=False)
  (/67): BoundParams(name=/67, inputs=[], perturbed=False)
  (/68): BoundParams(name=/68, inputs=[], perturbed=False)
  (/69): BoundParams(name=/69, inputs=[], perturbed=False)
  (/70): BoundParams(name=/70, inputs=[], perturbed=False)
  (/71): BoundParams(name=/71, inputs=[], perturbed=False)
  (/72): BoundParams(name=/72, inputs=[], perturbed=False)
  (/73): BoundParams(name=/73, inputs=[], perturbed=False)
  (/74): BoundParams(name=/74, inputs=[], perturbed=False)
  (/75): BoundParams(name=/75, inputs=[], perturbed=False)
  (/76): BoundParams(name=/76, inputs=[], perturbed=False)
  (/77): BoundParams(name=/77, inputs=[], perturbed=False)
  (/78): BoundParams(name=/78, inputs=[], perturbed=False)
  (/79): BoundParams(name=/79, inputs=[], perturbed=False)
  (/80): BoundParams(name=/80, inputs=[], perturbed=False)
  (/81): BoundParams(name=/81, inputs=[], perturbed=False)
  (/82): BoundParams(name=/82, inputs=[], perturbed=False)
  (/83): BoundParams(name=/83, inputs=[], perturbed=False)
  (/84): BoundParams(name=/84, inputs=[], perturbed=False)
  (/input): BoundConv(name=/input, inputs=[/input-1, /43, /44], perturbed=True)
  (/input-4): BoundRelu(name=/input-4, inputs=[/input], perturbed=True)
  (/input-8): BoundConv(name=/input-8, inputs=[/input-4, /45, /46], perturbed=True)
  (/input-12): BoundRelu(name=/input-12, inputs=[/input-8], perturbed=True)
  (/89): BoundConv(name=/89, inputs=[/input-12, /47, /48], perturbed=True)
  (/90): BoundConv(name=/90, inputs=[/input-4, /49, /50], perturbed=True)
  (/91): BoundAdd(name=/91, inputs=[/89, /90], perturbed=True)
  (/input-16): BoundConv(name=/input-16, inputs=[/91, /51, /52], perturbed=True)
  (/input-20): BoundRelu(name=/input-20, inputs=[/input-16], perturbed=True)
  (/94): BoundConv(name=/94, inputs=[/input-20, /53, /54], perturbed=True)
  (/95): BoundAdd(name=/95, inputs=[/94, /91], perturbed=True)
  (/input-24): BoundConv(name=/input-24, inputs=[/95, /55, /56], perturbed=True)
  (/input-28): BoundRelu(name=/input-28, inputs=[/input-24], perturbed=True)
  (/98): BoundConv(name=/98, inputs=[/input-28, /57, /58], perturbed=True)
  (/99): BoundAdd(name=/99, inputs=[/98, /95], perturbed=True)
  (/input-32): BoundConv(name=/input-32, inputs=[/99, /59, /60], perturbed=True)
  (/input-36): BoundRelu(name=/input-36, inputs=[/input-32], perturbed=True)
  (/102): BoundConv(name=/102, inputs=[/input-36, /61, /62], perturbed=True)
  (/103): BoundAdd(name=/103, inputs=[/102, /99], perturbed=True)
  (/input-40): BoundConv(name=/input-40, inputs=[/103, /63, /64], perturbed=True)
  (/input-44): BoundRelu(name=/input-44, inputs=[/input-40], perturbed=True)
  (/106): BoundConv(name=/106, inputs=[/input-44, /65, /66], perturbed=True)
  (/107): BoundConv(name=/107, inputs=[/103, /67, /68], perturbed=True)
  (/108): BoundAdd(name=/108, inputs=[/106, /107], perturbed=True)
  (/input-48): BoundConv(name=/input-48, inputs=[/108, /69, /70], perturbed=True)
  (/input-52): BoundRelu(name=/input-52, inputs=[/input-48], perturbed=True)
  (/111): BoundConv(name=/111, inputs=[/input-52, /71, /72], perturbed=True)
  (/112): BoundAdd(name=/112, inputs=[/111, /108], perturbed=True)
  (/input-56): BoundConv(name=/input-56, inputs=[/112, /73, /74], perturbed=True)
  (/input-60): BoundRelu(name=/input-60, inputs=[/input-56], perturbed=True)
  (/115): BoundConv(name=/115, inputs=[/input-60, /75, /76], perturbed=True)
  (/116): BoundAdd(name=/116, inputs=[/115, /112], perturbed=True)
  (/input-64): BoundConv(name=/input-64, inputs=[/116, /77, /78], perturbed=True)
  (/input-68): BoundRelu(name=/input-68, inputs=[/input-64], perturbed=True)
  (/119): BoundConv(name=/119, inputs=[/input-68, /79, /80], perturbed=True)
  (/120): BoundAdd(name=/120, inputs=[/119, /116], perturbed=True)
  (/121): BoundFlatten(name=/121, inputs=[/120], perturbed=True)
  (/input-72): BoundLinear(name=/input-72, inputs=[/121, /81, /82], perturbed=True)
  (/123): BoundRelu(name=/123, inputs=[/input-72], perturbed=True)
  (/124): BoundLinear(name=/124, inputs=[/123, /83, /84], perturbed=True)
)
Original output: tensor([[-22.97806740, -16.64776611, -16.84716415, -12.98760223, -20.09354973,
         -16.22530365, -20.84898758, -15.00653362, -15.66421223, -17.36246681,
         -12.95187664, -19.43071365, -23.01229668, -21.08566856, -24.02466583,
         -11.93251801, -15.60671806, -19.33366776, -22.22404480, -21.00280190,
         -15.35737610, -25.72565842, -22.68012047, -21.38443756, -21.10541725,
         -20.84523392, -23.31602287, -21.16788483, -22.76465607, -24.17769623,
         -19.50643349, -23.53968239, -20.23904610, -19.86128616, -21.39024925,
         -19.94207382, -13.76944351, -13.58702087, -14.22142124, -11.05776596,
         -14.06868362, -14.43950939, -11.88115120, -13.59201050, -19.06897926,
         -17.91691208, -20.61744118, -21.67541122, -19.11485672, -21.82864380,
         -22.87006950, -17.83051491, -17.60227966, -22.41111946, -19.71960258,
         -22.18520355, -22.00479507, -23.50415611, -20.56416893, -21.40067101,
         -25.18778229, -26.64807320, -24.14007187, -23.72744179, -20.00475883,
         -26.00510216, -18.76555824, -22.52740860, -20.67914963, -23.42874527,
         -22.02837372, -23.03187370, -20.55409241, -19.53091812, -25.92817879,
         -21.79667282, -21.04978180, -20.94074059, -26.51345825, -20.52516937,
         -20.55094147, -25.73584938, -26.94172668, -21.73904610, -18.55692863,
         -25.03502274, -26.12494469, -22.34109306, -15.40202808, -22.57155991,
         -24.34929657, -28.16668892, -24.64045525, -26.25847626, -23.12567329,
         -21.13113594, -25.20392609, -26.27061462, -22.39902306, -20.31013680,
         -16.20051956, -20.69000626, -20.67994881, -22.07842636, -22.84360123,
         -26.49031448, -17.88961983, -19.37785721, -22.11246490, -21.10311317,
         -23.55377960, -22.94591522, -23.89973450, -23.71141052, -18.09677505,
         -27.39068413, -22.63521194, -20.76303482, -20.61017227, -26.71844101,
         -24.83275414, -22.86520767, -18.04982185, -24.04713058, -24.98479080,
         -19.46573067, -25.75596619, -21.76062012, -23.91889763, -23.21176910,
         -22.96862030, -21.53080177, -18.00421906, -24.58442497, -24.60059547,
         -20.42794418, -24.66569710, -19.84464836, -22.15230179, -19.31042480,
         -27.12429237, -19.62520599, -22.39468193, -18.76493835, -19.44611740,
         -24.22049522, -21.63556099, -22.57143974, -23.83402634, -22.94926453,
         -21.16602707, -21.25698280, -15.50294113, -21.17959213, -24.74461555,
         -17.94877625, -16.20999336, -24.77664566, -23.33737946, -17.50578690,
         -20.23922348, -21.31665611, -24.45565987, -22.34160805, -21.44997787,
         -29.97415543, -23.75437546, -23.73602676, -19.46658134, -26.35207939,
         -22.52090836, -17.74405670, -22.15165520, -22.99625778, -22.51969528,
         -20.07855797, -25.79477501, -21.01644897, -23.94643211, -21.33819389,
         -22.24586487, -21.55217552, -24.56972313, -20.87222481, -19.42515373,
         -17.23035622, -21.64934921, -21.10682678, -18.77028084, -20.59469795,
         -24.88122559, -25.83476830, -25.45865059, -24.08617401, -24.39412880,
         -23.48129463, -22.61935997, -21.39213181, -27.59601212, -14.96928120]],
       device='cuda:0')
Split layers:
Nonlinear functions:
   BoundRelu(name=/input-4, inputs=[/input], perturbed=True)
   BoundRelu(name=/input-12, inputs=[/input-8], perturbed=True)
   BoundRelu(name=/input-20, inputs=[/input-16], perturbed=True)
   BoundRelu(name=/input-28, inputs=[/input-24], perturbed=True)
   BoundRelu(name=/input-36, inputs=[/input-32], perturbed=True)
   BoundRelu(name=/input-44, inputs=[/input-40], perturbed=True)
   BoundRelu(name=/input-52, inputs=[/input-48], perturbed=True)
   BoundRelu(name=/input-60, inputs=[/input-56], perturbed=True)
   BoundRelu(name=/input-68, inputs=[/input-64], perturbed=True)
   BoundRelu(name=/123, inputs=[/input-72], perturbed=True)
layer /input-4 using sparse-features alpha with shape [515]; unstable size 515; total size 46656 ([1, 64, 27, 27])
layer /input-4 start_node /input-8 using sparse-spec alpha [2, 361, 1, 515] with unstable size 360 total_size 25088 output_shape (128, 14, 14)
layer /input-4 start_node /input-16 using sparse-spec alpha [2, 282, 1, 515] with unstable size 281 total_size 25088 output_shape (128, 14, 14)
layer /input-4 start_node /input-24 using sparse-spec alpha [2, 17, 1, 515] with unstable size 16 total_size 25088 output_shape (128, 14, 14)
layer /input-4 start_node /input-32 using sparse-spec alpha [2, 10, 1, 515] with unstable size 9 total_size 25088 output_shape (128, 14, 14)
layer /input-4 start_node /input-40 using sparse-spec alpha [2, 38, 1, 515] with unstable size 37 total_size 6272 output_shape torch.Size([128, 7, 7])
layer /input-4 start_node /input-72 using sparse-spec alpha [2, 44, 1, 515] with unstable size 43 total_size 200 output_shape torch.Size([200])
layer /input-4 start_node /124 using full alpha [2, 199, 1, 515] with unstable size None total_size 199 output_shape 199
layer /input-12 using sparse-features alpha with shape [360]; unstable size 360; total size 25088 ([1, 128, 14, 14])
layer /input-12 start_node /input-16 using sparse-spec alpha [2, 282, 1, 360] with unstable size 281 total_size 25088 output_shape (128, 14, 14)
layer /input-12 start_node /input-24 using sparse-spec alpha [2, 17, 1, 360] with unstable size 16 total_size 25088 output_shape (128, 14, 14)
layer /input-12 start_node /input-32 using sparse-spec alpha [2, 10, 1, 360] with unstable size 9 total_size 25088 output_shape (128, 14, 14)
layer /input-12 start_node /input-40 using sparse-spec alpha [2, 38, 1, 360] with unstable size 37 total_size 6272 output_shape torch.Size([128, 7, 7])
layer /input-12 start_node /input-72 using sparse-spec alpha [2, 44, 1, 360] with unstable size 43 total_size 200 output_shape torch.Size([200])
layer /input-12 start_node /124 using full alpha [2, 199, 1, 360] with unstable size None total_size 199 output_shape 199
layer /input-20 using sparse-features alpha with shape [281]; unstable size 281; total size 25088 ([1, 128, 14, 14])
layer /input-20 start_node /input-24 using sparse-spec alpha [2, 17, 1, 281] with unstable size 16 total_size 25088 output_shape (128, 14, 14)
layer /input-20 start_node /input-32 using sparse-spec alpha [2, 10, 1, 281] with unstable size 9 total_size 25088 output_shape (128, 14, 14)
layer /input-20 start_node /input-40 using sparse-spec alpha [2, 38, 1, 281] with unstable size 37 total_size 6272 output_shape (128, 7, 7)
layer /input-20 start_node /input-72 using sparse-spec alpha [2, 44, 1, 281] with unstable size 43 total_size 200 output_shape torch.Size([200])
layer /input-20 start_node /124 using full alpha [2, 199, 1, 281] with unstable size None total_size 199 output_shape 199
layer /input-28 using sparse-features alpha with shape [16]; unstable size 16; total size 25088 ([1, 128, 14, 14])
layer /input-28 start_node /input-32 using sparse-spec alpha [2, 10, 1, 16] with unstable size 9 total_size 25088 output_shape (128, 14, 14)
layer /input-28 start_node /input-40 using sparse-spec alpha [2, 38, 1, 16] with unstable size 37 total_size 6272 output_shape (128, 7, 7)
layer /input-28 start_node /input-72 using sparse-spec alpha [2, 44, 1, 16] with unstable size 43 total_size 200 output_shape torch.Size([200])
layer /input-28 start_node /124 using full alpha [2, 199, 1, 16] with unstable size None total_size 199 output_shape 199
layer /input-36 using sparse-features alpha with shape [9]; unstable size 9; total size 25088 ([1, 128, 14, 14])
layer /input-36 start_node /input-40 using sparse-spec alpha [2, 38, 1, 9] with unstable size 37 total_size 6272 output_shape (128, 7, 7)
layer /input-36 start_node /input-72 using sparse-spec alpha [2, 44, 1, 9] with unstable size 43 total_size 200 output_shape torch.Size([200])
layer /input-36 start_node /124 using full alpha [2, 199, 1, 9] with unstable size None total_size 199 output_shape 199
layer /input-44 using sparse-features alpha with shape [37]; unstable size 37; total size 6272 ([1, 128, 7, 7])
layer /input-44 start_node /input-72 using sparse-spec alpha [2, 44, 1, 37] with unstable size 43 total_size 200 output_shape torch.Size([200])
layer /input-44 start_node /124 using full alpha [2, 199, 1, 37] with unstable size None total_size 199 output_shape 199
layer /input-52 using sparse-features alpha with shape [0]; unstable size 0; total size 6272 ([1, 128, 7, 7])
layer /input-52 start_node /input-72 using sparse-spec alpha [2, 44, 1, 0] with unstable size 43 total_size 200 output_shape torch.Size([200])
layer /input-52 start_node /124 using full alpha [2, 199, 1, 0] with unstable size None total_size 199 output_shape 199
layer /input-60 using sparse-features alpha with shape [0]; unstable size 0; total size 6272 ([1, 128, 7, 7])
layer /input-60 start_node /input-72 using sparse-spec alpha [2, 44, 1, 0] with unstable size 43 total_size 200 output_shape torch.Size([200])
layer /input-60 start_node /124 using full alpha [2, 199, 1, 0] with unstable size None total_size 199 output_shape 199
layer /input-68 using sparse-features alpha with shape [0]; unstable size 0; total size 6272 ([1, 128, 7, 7])
layer /input-68 start_node /input-72 using sparse-spec alpha [2, 44, 1, 0] with unstable size 43 total_size 200 output_shape torch.Size([200])
layer /input-68 start_node /124 using full alpha [2, 199, 1, 0] with unstable size None total_size 199 output_shape 199
layer /123 using sparse-features alpha with shape [43]; unstable size 43; total size 200 ([1, 200])
layer /123 start_node /124 using full alpha [2, 199, 1, 43] with unstable size None total_size 199 output_shape 199
Optimizable variables initialized.
initial CROWN bounds: tensor([[ 9.66988182,  4.17246771,  4.31253004,  0.47979432,  7.31231880,
          3.85771418,  8.25139236,  2.62598681,  3.21290493,  4.74097919,
          0.66489983,  6.53093576, 10.24093151,  8.05837154, 11.15151215,
         -0.30607653,  3.15339708,  6.67710352,  9.50460243,  8.48110199,
          2.30196190, 12.83813286,  9.83922195,  8.37406635,  8.32886028,
          8.10388660, 10.61872864,  8.43164444,  9.84625053, 11.18663216,
          6.94495106, 10.67454720,  7.60230160,  7.31484175,  8.61635399,
          7.17909813,  1.14962339,  1.18705964,  1.60256279,  1.60771656,
          2.00211811, -0.18287706,  1.10843062,  6.18022823,  5.17552710,
          7.84962082,  8.56242466,  6.29786158,  8.91411304,  9.54979038,
          5.24919319,  4.86887503,  9.49772549,  6.66758680,  9.11491299,
          8.94905090, 10.35557652,  7.92298841,  8.67267132, 11.98901367,
         13.67616653, 11.08337975, 10.99471188,  7.38887072, 12.72182560,
          5.60215282,  9.59447002,  7.76068497, 10.63557148,  9.23036575,
          9.92857075,  7.56597948,  6.69122314, 13.14882088,  8.96881104,
          8.06632996,  7.95175076, 13.37225914,  7.79445934,  7.92082834,
         12.86781883, 13.93468761,  8.92261600,  5.77487373, 12.07236767,
         12.99993706,  9.64913177,  3.04253387,  9.74030876, 11.33189964,
         15.11182976, 11.76578617, 13.50348473, 10.11885452,  8.36533833,
         12.34313679, 13.19042015,  9.35983658,  7.89545393,  3.30019808,
          7.69462204,  8.00950432,  8.95032501, 10.14712238, 13.64515686,
          5.16804838,  6.60850716,  9.18802738,  8.46862221, 10.74162388,
          9.92837715, 11.01317596, 10.60435295,  5.05935860, 14.45730305,
          9.76986504,  8.01847267,  7.47242355, 13.45036888, 11.80434132,
          9.90356255,  5.58510637, 11.12883186, 11.70499992,  6.96811008,
         12.74790382,  8.97629356, 10.86307049, 10.35661316,  9.92395306,
          8.56029034,  5.31115532, 11.46005344, 11.64496040,  7.53481531,
         11.63281345,  7.16677952,  9.21580124,  6.60057545, 14.14178562,
          6.83978939,  9.70564461,  5.85818624,  6.85154724, 11.32304287,
          8.51932335,  9.54810715, 10.93143177,  9.98302078,  8.24620056,
          8.29440498,  2.92089486,  8.23898315, 11.69756603,  5.21305084,
          3.44558525, 11.79608631, 10.24777317,  4.95556974,  7.51046658,
          8.57427692, 11.05310345,  9.55178261,  8.54064178, 16.51785660,
         10.64925861, 10.69573593,  6.72253895, 13.36480522,  9.28934669,
          4.85604191,  9.28252888,  9.76314640,  9.87481689,  7.47383881,
         12.86344337,  8.27857494, 11.08180523,  8.82217407,  9.43481922,
          8.87868977, 11.89966011,  7.98497677,  6.37771702,  4.50112963,
          8.77096081,  8.25498772,  6.05323601,  7.65980959, 12.06984520,
         12.98977470, 12.63668633, 11.18575287, 11.49943352, 10.61911392,
          9.76176167,  8.32332134, 14.55972481,  2.42894840]], device='cuda:0') None
prune_after_crown optimization in use: original label size = 199 pruned label size = 2
best_l after optimization: -0.36432576179504395
alpha/beta optimization time: 3.316803216934204
initial alpha-crown bounds: tensor([[        inf,         inf,         inf,         inf,         inf,
                 inf,         inf,         inf,         inf,         inf,
                 inf,         inf,         inf,         inf,         inf,
         -0.22324991,         inf,         inf,         inf,         inf,
                 inf,         inf,         inf,         inf,         inf,
                 inf,         inf,         inf,         inf,         inf,
                 inf,         inf,         inf,         inf,         inf,
                 inf,         inf,         inf,         inf,         inf,
                 inf, -0.14107585,         inf,         inf,         inf,
                 inf,         inf,         inf,         inf,         inf,
                 inf,         inf,         inf,         inf,         inf,
                 inf,         inf,         inf,         inf,         inf,
                 inf,         inf,         inf,         inf,         inf,
                 inf,         inf,         inf,         inf,         inf,
                 inf,         inf,         inf,         inf,         inf,
                 inf,         inf,         inf,         inf,         inf,
                 inf,         inf,         inf,         inf,         inf,
                 inf,         inf,         inf,         inf,         inf,
                 inf,         inf,         inf,         inf,         inf,
                 inf,         inf,         inf,         inf,         inf,
                 inf,         inf,         inf,         inf,         inf,
                 inf,         inf,         inf,         inf,         inf,
                 inf,         inf,         inf,         inf,         inf,
                 inf,         inf,         inf,         inf,         inf,
                 inf,         inf,         inf,         inf,         inf,
                 inf,         inf,         inf,         inf,         inf,
                 inf,         inf,         inf,         inf,         inf,
                 inf,         inf,         inf,         inf,         inf,
                 inf,         inf,         inf,         inf,         inf,
                 inf,         inf,         inf,         inf,         inf,
                 inf,         inf,         inf,         inf,         inf,
                 inf,         inf,         inf,         inf,         inf,
                 inf,         inf,         inf,         inf,         inf,
                 inf,         inf,         inf,         inf,         inf,
                 inf,         inf,         inf,         inf,         inf,
                 inf,         inf,         inf,         inf,         inf,
                 inf,         inf,         inf,         inf,         inf,
                 inf,         inf,         inf,         inf,         inf,
                 inf,         inf,         inf,         inf,         inf,
                 inf,         inf,         inf,         inf]], device='cuda:0')
Number of class (without rhs): 2 ; Worst class: (+ rhs) -0.2232499122619629
Total VNNLIB file length: 199, max property batch size: 200, total number of batches: 1
lA shape: [torch.Size([199, 1, 64, 27, 27]), torch.Size([199, 1, 128, 14, 14]), torch.Size([199, 1, 128, 14, 14]), torch.Size([199, 1, 128, 14, 14]), torch.Size([199, 1, 128, 14, 14]), torch.Size([199, 1, 128, 7, 7]), torch.Size([199, 1, 128, 7, 7]), torch.Size([199, 1, 128, 7, 7]), torch.Size([199, 1, 128, 7, 7]), torch.Size([199, 1, 200])]

Properties batch 0, size 199
Remaining timeout: 92.60743069648743
Verifying property 0 with 199 instances.
##### Instance 0 first 10 spec matrices: 
tensor([[[-1.,  0.,  0.,  ...,  0.,  0.,  0.]],

        [[ 0., -1.,  0.,  ...,  0.,  0.,  0.]],

        [[ 0.,  0., -1.,  ...,  0.,  0.,  0.]],

        ...,

        [[ 0.,  0.,  0.,  ...,  0.,  0.,  0.]],

        [[ 0.,  0.,  0.,  ...,  0.,  0.,  0.]],

        [[ 0.,  0.,  0.,  ...,  0.,  0.,  0.]]], dtype=torch.float64)
thresholds: tensor([0., 0., 0., 0., 0., 0., 0., 0., 0., 0.], device='cuda:0') ######
Initial alpha-CROWN verified for spec index tensor([  0,   1,   2,   3,   4,   5,   6,   7,   8,   9,  10,  11,  12,  13,
         14,  16,  17,  18,  19,  20,  21,  22,  23,  24,  25,  26,  27,  28,
         29,  30,  31,  32,  33,  34,  35,  36,  37,  38,  39,  40,  42,  43,
         44,  45,  46,  47,  48,  49,  50,  51,  52,  53,  54,  55,  56,  57,
         58,  59,  60,  61,  62,  63,  64,  65,  66,  67,  68,  69,  70,  71,
         72,  73,  74,  75,  76,  77,  78,  79,  80,  81,  82,  83,  84,  85,
         86,  87,  88,  89,  90,  91,  92,  93,  94,  95,  96,  97,  98,  99,
        100, 101, 102, 103, 104, 105, 106, 107, 108, 109, 110, 111, 112, 113,
        114, 115, 116, 117, 118, 119, 120, 121, 122, 123, 124, 125, 126, 127,
        128, 129, 130, 131, 132, 133, 134, 135, 136, 137, 138, 139, 140, 141,
        142, 143, 144, 145, 146, 147, 148, 149, 150, 151, 152, 153, 154, 155,
        156, 157, 158, 159, 160, 161, 162, 163, 164, 165, 166, 167, 168, 169,
        170, 171, 172, 173, 174, 175, 176, 177, 178, 179, 180, 181, 182, 183,
        184, 185, 186, 187, 188, 189, 190, 191, 192, 193, 194, 195, 196, 197,
        198], device='cuda:0') with bound tensor([inf, inf, inf, inf, inf, inf, inf, inf, inf, inf, inf, inf, inf, inf, inf, inf, inf, inf, inf, inf, inf, inf, inf, inf,
        inf, inf, inf, inf, inf, inf, inf, inf, inf, inf, inf, inf, inf, inf, inf, inf, inf, inf, inf, inf, inf, inf, inf, inf,
        inf, inf, inf, inf, inf, inf, inf, inf, inf, inf, inf, inf, inf, inf, inf, inf, inf, inf, inf, inf, inf, inf, inf, inf,
        inf, inf, inf, inf, inf, inf, inf, inf, inf, inf, inf, inf, inf, inf, inf, inf, inf, inf, inf, inf, inf, inf, inf, inf,
        inf, inf, inf, inf, inf, inf, inf, inf, inf, inf, inf, inf, inf, inf, inf, inf, inf, inf, inf, inf, inf, inf, inf, inf,
        inf, inf, inf, inf, inf, inf, inf, inf, inf, inf, inf, inf, inf, inf, inf, inf, inf, inf, inf, inf, inf, inf, inf, inf,
        inf, inf, inf, inf, inf, inf, inf, inf, inf, inf, inf, inf, inf, inf, inf, inf, inf, inf, inf, inf, inf, inf, inf, inf,
        inf, inf, inf, inf, inf, inf, inf, inf, inf, inf, inf, inf, inf, inf, inf, inf, inf, inf, inf, inf, inf, inf, inf, inf,
        inf, inf, inf, inf, inf], device='cuda:0').
Remaining spec index tensor([15, 41], device='cuda:0') with bounds tensor([[-0.22324991],
        [-0.14107585]], device='cuda:0') need to verify.
Model prediction is: tensor([-22.97806740, -16.64776611, -16.84716415, -12.98760223, -20.09354973,
        -16.22530365, -20.84898758, -15.00653362, -15.66421223, -17.36246681,
        -12.95187664, -19.43071365, -23.01229668, -21.08566856, -24.02466583,
        -11.93251801, -15.60671806, -19.33366776, -22.22404480, -21.00280190,
        -15.35737610, -25.72565842, -22.68012047, -21.38443756, -21.10541725,
        -20.84523392, -23.31602287, -21.16788483, -22.76465607, -24.17769623,
        -19.50643349, -23.53968239, -20.23904610, -19.86128616, -21.39024925,
        -19.94207382, -13.76944351, -13.58702087, -14.22142124, -11.05776596,
        -14.06868362, -14.43950939, -11.88115120, -13.59201050, -19.06897926,
        -17.91691208, -20.61744118, -21.67541122, -19.11485672, -21.82864380,
        -22.87006950, -17.83051491, -17.60227966, -22.41111946, -19.71960258,
        -22.18520355, -22.00479507, -23.50415611, -20.56416893, -21.40067101,
        -25.18778229, -26.64807320, -24.14007187, -23.72744179, -20.00475883,
        -26.00510216, -18.76555824, -22.52740860, -20.67914963, -23.42874527,
        -22.02837372, -23.03187370, -20.55409241, -19.53091812, -25.92817879,
        -21.79667282, -21.04978180, -20.94074059, -26.51345825, -20.52516937,
        -20.55094147, -25.73584938, -26.94172668, -21.73904610, -18.55692863,
        -25.03502274, -26.12494469, -22.34109306, -15.40202808, -22.57155991,
        -24.34929657, -28.16668892, -24.64045525, -26.25847626, -23.12567329,
        -21.13113594, -25.20392609, -26.27061462, -22.39902306, -20.31013680,
        -16.20051956, -20.69000626, -20.67994881, -22.07842636, -22.84360123,
        -26.49031448, -17.88961983, -19.37785721, -22.11246490, -21.10311317,
        -23.55377960, -22.94591522, -23.89973450, -23.71141052, -18.09677505,
        -27.39068413, -22.63521194, -20.76303482, -20.61017227, -26.71844101,
        -24.83275414, -22.86520767, -18.04982185, -24.04713058, -24.98479080,
        -19.46573067, -25.75596619, -21.76062012, -23.91889763, -23.21176910,
        -22.96862030, -21.53080177, -18.00421906, -24.58442497, -24.60059547,
        -20.42794418, -24.66569710, -19.84464836, -22.15230179, -19.31042480,
        -27.12429237, -19.62520599, -22.39468193, -18.76493835, -19.44611740,
        -24.22049522, -21.63556099, -22.57143974, -23.83402634, -22.94926453,
        -21.16602707, -21.25698280, -15.50294113, -21.17959213, -24.74461555,
        -17.94877625, -16.20999336, -24.77664566, -23.33737946, -17.50578690,
        -20.23922348, -21.31665611, -24.45565987, -22.34160805, -21.44997787,
        -29.97415543, -23.75437546, -23.73602676, -19.46658134, -26.35207939,
        -22.52090836, -17.74405670, -22.15165520, -22.99625778, -22.51969528,
        -20.07855797, -25.79477501, -21.01644897, -23.94643211, -21.33819389,
        -22.24586487, -21.55217552, -24.56972313, -20.87222481, -19.42515373,
        -17.23035622, -21.64934921, -21.10682678, -18.77028084, -20.59469795,
        -24.88122559, -25.83476830, -25.45865059, -24.08617401, -24.39412880,
        -23.48129463, -22.61935997, -21.39213181, -27.59601212, -14.96928120],
       device='cuda:0')
build_with_refined_bounds batch [1/1]
setting alpha for layer /input-4 start_node /124 with alignment adjustment
setting alpha for layer /input-12 start_node /124 with alignment adjustment
setting alpha for layer /input-20 start_node /124 with alignment adjustment
setting alpha for layer /input-28 start_node /124 with alignment adjustment
setting alpha for layer /input-36 start_node /124 with alignment adjustment
setting alpha for layer /input-44 start_node /124 with alignment adjustment
setting alpha for layer /input-52 start_node /124 with alignment adjustment
setting alpha for layer /input-60 start_node /124 with alignment adjustment
setting alpha for layer /input-68 start_node /124 with alignment adjustment
setting alpha for layer /123 start_node /124 with alignment adjustment
all alpha initialized
directly get lb and ub from refined bounds
c shape: torch.Size([2, 1, 200])
lA shapes: [torch.Size([2, 1, 64, 27, 27]), torch.Size([2, 1, 128, 14, 14]), torch.Size([2, 1, 128, 14, 14]), torch.Size([2, 1, 128, 14, 14]), torch.Size([2, 1, 128, 14, 14]), torch.Size([2, 1, 128, 7, 7]), torch.Size([2, 1, 128, 7, 7]), torch.Size([2, 1, 128, 7, 7]), torch.Size([2, 1, 128, 7, 7]), torch.Size([2, 1, 200])]
(alpha-)CROWN with fixed intermediate bounds: tensor([[-0.22324991],
        [-0.14107585]], device='cuda:0') tensor([[inf],
        [inf]], device='cuda:0')
Intermediate layers: /input,/input-8,/input-16,/input-24,/input-32,/input-40,/input-48,/input-56,/input-64,/input-72,/124
Keeping alphas for these layers: ['/124']
Keeping alphas for these layers: ['/124']
Node /input-4 input 0: size torch.Size([64, 27, 27]) unstable 515
Node /input-12 input 0: size torch.Size([128, 14, 14]) unstable 356
Node /input-20 input 0: size torch.Size([128, 14, 14]) unstable 275
Node /input-28 input 0: size torch.Size([128, 14, 14]) unstable 16
Node /input-36 input 0: size torch.Size([128, 14, 14]) unstable 9
Node /input-44 input 0: size torch.Size([128, 7, 7]) unstable 34
Node /input-52 input 0: size torch.Size([128, 7, 7]) unstable 0
Node /input-60 input 0: size torch.Size([128, 7, 7]) unstable 0
Node /input-68 input 0: size torch.Size([128, 7, 7]) unstable 0
Node /123 input 0: size torch.Size([200]) unstable 42
-----------------
# of unstable neurons: 1247
-----------------

BaB round 1
batch: 2
splitting decisions: 
split level 0: [/input-72, 31] [/input-72, 48] 
split level 1: [/input-72, 33] [/input-72, 104] 
split level 2: [/input-72, 32] [/input-72, 18] 
pruning_in_iteration open status: True
ratio of positive domain = 6 / 16 = 0.375
pruning-in-iteration extra time: 0.005652189254760742
Time: prepare 0.0004    bound 0.2845    transfer 0.0063    finalize 0.0120    func 0.3032    
Accumulated time: func 0.3032    prepare 0.0012    bound 0.2845    transfer 0.0063    finalize 0.0120    
Current worst splitting domains lb-rhs (depth):
-0.13555 (3), -0.13192 (3), -0.10307 (3), -0.10168 (3), -0.09421 (3), -0.03621 (3), -0.03172 (3), -0.00931 (3), -0.00871 (3), -0.00262 (3), 
Length of domains: 10
Time: pickout 0.0009    decision 0.1915    set_bounds 0.0013    solve 0.3033    add 0.0065    
Accumulated time: pickout 0.0009    decision 0.1915    set_bounds 0.0013    solve 0.3033    add 0.0065    
Current (lb-rhs): -0.13555288314819336
10 domains visited
Cumulative time: 1.2210726737976074

BaB round 2
batch: 10
splitting decisions: 
split level 0: [/input-72, 184] [/input-72, 57] [/input-72, 165] [/input-72, 184] [/input-72, 57] [/input-72, 184] [/input-72, 57] [/input-72, 165] [/input-72, 184] [/input-72, 57] 
pruning_in_iteration open status: True
ratio of positive domain = 12 / 20 = 0.6
pruning-in-iteration extra time: 0.007539510726928711
Time: prepare 0.0008    bound 0.1543    transfer 0.0087    finalize 0.0045    func 0.1684    
Accumulated time: func 0.4716    prepare 0.0025    bound 0.4388    transfer 0.0150    finalize 0.0165    
Current worst splitting domains lb-rhs (depth):
-0.13025 (4), -0.12643 (4), -0.09616 (4), -0.09513 (4), -0.07045 (4), -0.03610 (4), -0.01157 (4), -0.00711 (4), 
Length of domains: 8
Time: pickout 0.0027    decision 0.0947    set_bounds 0.0025    solve 0.1684    add 0.0028    
Accumulated time: pickout 0.0035    decision 0.2862    set_bounds 0.0038    solve 0.4717    add 0.0093    
Current (lb-rhs): -0.1302490234375
18 domains visited
Cumulative time: 1.492457628250122

BaB round 3
batch: 8
splitting decisions: 
split level 0: [/input-72, 184] [/input-72, 10] [/input-72, 184] [/input-72, 184] [/input-72, 184] [/input-72, 10] [/input-72, 57] [/input-72, 57] 
pruning_in_iteration open status: True
ratio of positive domain = 4 / 16 = 0.25
pruning-in-iteration extra time: 0.007025957107543945
Time: prepare 0.0006    bound 0.1532    transfer 0.0077    finalize 0.0046    func 0.1662    
Accumulated time: func 0.6378    prepare 0.0036    bound 0.5921    transfer 0.0227    finalize 0.0210    
Current worst splitting domains lb-rhs (depth):
-0.11129 (5), -0.10709 (5), -0.07581 (5), -0.07450 (5), -0.06092 (5), -0.04750 (5), -0.04725 (5), -0.02556 (5), -0.02312 (5), -0.02033 (5), -0.00525 (5), -0.00050 (5), 
Length of domains: 12
Time: pickout 0.0060    decision 0.1051    set_bounds 0.0011    solve 0.1662    add 0.0028    
Accumulated time: pickout 0.0095    decision 0.3913    set_bounds 0.0049    solve 0.6379    add 0.0122    
Current (lb-rhs): -0.11129426956176758
30 domains visited
Cumulative time: 1.7739500999450684

BaB round 4
batch: 12
splitting decisions: 
split level 0: [/input-72, 112] [/input-72, 112] [/input-72, 112] [/input-72, 112] [/input-72, 82] [/input-72, 112] [/input-72, 112] [/input-72, 135] [/input-72, 112] [/input-72, 112] 
pruning_in_iteration open status: True
ratio of positive domain = 11 / 24 = 0.45833333333333337
pruning-in-iteration extra time: 0.009902000427246094
Time: prepare 0.0008    bound 0.1712    transfer 0.0086    finalize 0.0019    func 0.1826    
Accumulated time: func 0.8203    prepare 0.0048    bound 0.7632    transfer 0.0314    finalize 0.0230    
Current worst splitting domains lb-rhs (depth):
-0.09237 (6), -0.08800 (6), -0.05603 (6), -0.05466 (6), -0.05042 (6), -0.03553 (6), -0.03223 (6), -0.02611 (6), -0.02595 (6), -0.01472 (6), -0.01147 (6), -0.01006 (6), -0.00110 (6), 
Length of domains: 13
Time: pickout 0.0062    decision 0.0695    set_bounds 0.0013    solve 0.1826    add 0.0035    
Accumulated time: pickout 0.0157    decision 0.4607    set_bounds 0.0062    solve 0.8205    add 0.0156    
Current (lb-rhs): -0.09236717224121094
43 domains visited
Cumulative time: 2.0373454093933105

BaB round 5
batch: 13
splitting decisions: 
split level 0: [/input-72, 82] [/input-72, 82] [/input-72, 82] [/input-72, 82] [/input-72, 82] [/input-72, 82] [/input-72, 82] [/input-72, 82] [/input-72, 184] [/input-72, 82] 
pruning_in_iteration open status: True
ratio of positive domain = 15 / 26 = 0.5769230769230769
pruning-in-iteration extra time: 0.0071184635162353516
Time: prepare 0.0009    bound 0.1659    transfer 0.0080    finalize 0.0005    func 0.1753    
Accumulated time: func 0.9956    prepare 0.0062    bound 0.9292    transfer 0.0393    finalize 0.0234    
Current worst splitting domains lb-rhs (depth):
-0.07046 (7), -0.06593 (7), -0.03329 (7), -0.03210 (7), -0.02826 (7), -0.02402 (7), -0.02195 (7), -0.01088 (7), -0.00736 (7), -0.00301 (7), -0.00295 (7), 
Length of domains: 11
Time: pickout 0.0114    decision 0.0955    set_bounds 0.0051    solve 0.1754    add 0.0059    
Accumulated time: pickout 0.0272    decision 0.5562    set_bounds 0.0113    solve 0.9959    add 0.0215    
Current (lb-rhs): -0.0704646110534668
54 domains visited
Cumulative time: 2.330986499786377

BaB round 6
batch: 11
splitting decisions: 
split level 0: [/input-72, 127] [/input-72, 127] [/input-72, 127] [/input-72, 127] [/input-72, 127] [/input-72, 127] [/input-72, 127] [/input-72, 127] [/input-72, 199] [/input-72, 127] 
pruning_in_iteration open status: True
ratio of positive domain = 15 / 22 = 0.6818181818181819
pruning-in-iteration extra time: 0.006489276885986328
Time: prepare 0.0008    bound 0.1682    transfer 0.0023    finalize 0.0004    func 0.1717    
Accumulated time: func 1.1673    prepare 0.0075    bound 1.0974    transfer 0.0416    finalize 0.0238    
Current worst splitting domains lb-rhs (depth):
-0.05659 (8), -0.05201 (8), -0.02285 (8), -0.01919 (8), -0.01809 (8), -0.00733 (8), -0.00561 (8), 
Length of domains: 7
Time: pickout 0.0020    decision 0.1154    set_bounds 0.0013    solve 0.1718    add 0.0015    
Accumulated time: pickout 0.0292    decision 0.6716    set_bounds 0.0126    solve 1.1677    add 0.0230    
Current (lb-rhs): -0.0565948486328125
61 domains visited
Cumulative time: 2.6232709884643555

BaB round 7
batch: 7
splitting decisions: 
split level 0: [/input-72, 48] [/input-72, 48] [/input-72, 48] [/input-72, 48] [/input-72, 32] [/input-72, 48] [/input-72, 48] 
pruning_in_iteration open status: True
ratio of positive domain = 9 / 14 = 0.6428571428571428
pruning-in-iteration extra time: 0.009520530700683594
Time: prepare 0.0008    bound 0.1711    transfer 0.0080    finalize 0.0018    func 0.1817    
Accumulated time: func 1.3490    prepare 0.0087    bound 1.2684    transfer 0.0496    finalize 0.0256    
Current worst splitting domains lb-rhs (depth):
-0.04891 (9), -0.04438 (9), -0.01190 (9), -0.01064 (9), -0.00265 (9), 
Length of domains: 5
Time: pickout 0.0008    decision 0.0888    set_bounds 0.0023    solve 0.1817    add 0.0017    
Accumulated time: pickout 0.0300    decision 0.7604    set_bounds 0.0149    solve 1.3495    add 0.0247    
Current (lb-rhs): -0.048908233642578125
66 domains visited
Cumulative time: 2.8989272117614746

BaB round 8
batch: 5
splitting decisions: 
split level 0: [/input-72, 173] [/input-72, 10] [/input-72, 173] [/input-72, 10] [/input-72, 89] 
split level 1: [/input-72, 10] [/input-72, 173] [/input-72, 10] [/input-72, 173] [/input-72, 69] 
pruning_in_iteration open status: True
ratio of positive domain = 16 / 20 = 0.8
pruning-in-iteration extra time: 0.010571956634521484
Time: prepare 0.0008    bound 0.1736    transfer 0.0078    finalize 0.0047    func 0.1869    
Accumulated time: func 1.5359    prepare 0.0100    bound 1.4420    transfer 0.0574    finalize 0.0303    
Current worst splitting domains lb-rhs (depth):
-0.01624 (11), -0.01572 (11), -0.01191 (11), -0.01115 (11), 
Length of domains: 4
Time: pickout 0.0060    decision 0.1053    set_bounds 0.0013    solve 0.1870    add 0.0014    
Accumulated time: pickout 0.0360    decision 0.8657    set_bounds 0.0163    solve 1.5364    add 0.0261    
Current (lb-rhs): -0.016240596771240234
70 domains visited
Cumulative time: 3.2002859115600586

BaB round 9
batch: 4
splitting decisions: 
split level 0: [/input-72, 135] [/input-72, 135] [/input-72, 135] [/input-72, 135] 
split level 1: [/input-16, 9470] [/input-16, 9470] [/input-16, 9470] [/input-16, 9470] 
pruning_in_iteration open status: True
ratio of positive domain = 12 / 16 = 0.75
pruning-in-iteration extra time: 0.004060029983520508
Time: prepare 0.0008    bound 0.1411    transfer 0.0082    finalize 0.0016    func 0.1517    
Accumulated time: func 1.6876    prepare 0.0112    bound 1.5831    transfer 0.0656    finalize 0.0319    
Current worst splitting domains lb-rhs (depth):
-0.00635 (13), -0.00582 (13), -0.00236 (13), -0.00155 (13), 
Length of domains: 4
Time: pickout 0.0048    decision 0.1032    set_bounds 0.0013    solve 0.1517    add 0.0013    
Accumulated time: pickout 0.0408    decision 0.9689    set_bounds 0.0176    solve 1.6882    add 0.0274    
Current (lb-rhs): -0.006349086761474609
74 domains visited
Cumulative time: 3.4630331993103027

BaB round 10
batch: 4
splitting decisions: 
split level 0: [/input-72, 17] [/input-32, 20397] [/input-72, 17] [/input-32, 20397] 
split level 1: [/input-16, 11415] [/input-40, 5149] [/input-16, 11415] [/input-40, 5149] 
pruning_in_iteration open status: True
ratio of positive domain = 14 / 16 = 0.875
pruning-in-iteration extra time: 0.005689859390258789
Time: prepare 0.0009    bound 0.1676    transfer 0.0090    finalize 0.0017    func 0.1792    
Accumulated time: func 1.8668    prepare 0.0126    bound 1.7507    transfer 0.0746    finalize 0.0336    
Current worst splitting domains lb-rhs (depth):
-0.00091 (15), -0.00012 (15), 
Length of domains: 2
Time: pickout 0.0050    decision 0.0951    set_bounds 0.0013    solve 0.1792    add 0.0015    
Accumulated time: pickout 0.0459    decision 1.0640    set_bounds 0.0189    solve 1.8674    add 0.0289    
Current (lb-rhs): -0.0009064674377441406
76 domains visited
Cumulative time: 3.745448350906372

BaB round 11
batch: 2
splitting decisions: 
split level 0: [/input-72, 17] [/input-72, 17] 
split level 1: [/input-16, 11415] [/input-16, 11415] 
split level 2: [/input-16, 9516] [/input-16, 9516] 

all verified at 0th iter
pruning_in_iteration open status: False
ratio of positive domain = 16 / 16 = 1.0
pruning-in-iteration extra time: 0.0004894733428955078
Time: prepare 0.0009    bound 0.0165    transfer 0.0020    finalize 0.0033    func 0.0227    
Accumulated time: func 1.8895    prepare 0.0140    bound 1.7672    transfer 0.0766    finalize 0.0369    
Length of domains: 0
Time: pickout 0.0105    decision 0.0974    set_bounds 0.0014    solve 0.0227    add 0.0001    
Accumulated time: pickout 0.0563    decision 1.1614    set_bounds 0.0202    solve 1.8901    add 0.0289    
No domains left, verification finished!
Current (lb-rhs): 1.0000000116860974e-07
76 domains visited
Cumulative time: 3.8776776790618896

Result: unsat
Time: 11.560137033462524

------------------------- COMMAND ------------------------------
/data1/Kane/miniconda3/envs/GenBaB/bin/python /data1/Kane/GenBaB/alpha-beta-CROWN/complete_verifier/abcrown.py --config /data1/Kane/GenBaB/alpha-beta-CROWN/complete_verifier/exp_configs/vnncomp24/tinyimagenet.yaml --precompile_jit --onnx_path /data1/Kane/data/vnncomp2025_benchmarks/benchmarks/tinyimagenet_2024/onnx/TinyImageNet_resnet_medium.onnx --vnnlib_path /data1/Kane/data/vnncomp2025_benchmarks/benchmarks/tinyimagenet_2024/vnnlib/TinyImageNet_resnet_medium_prop_idx_2146_sidx_298_eps_0.0039.vnnlib --results_file /data1/Kane/ACT/audit_results/abcrown_nopgd_20260525/tinyimagenet_2024/0009__TinyImageNet_resnet_medium__TinyImageNet_resnet_medium_prop_idx_2146_sidx_298_eps_0.0039.result --timeout 100.0 --save_adv_example --pgd_order=skip
----------------------------------------------------------------

