[0;93m2026-05-26 13:51:40.020665508 [W:onnxruntime:Default, device_discovery.cc:325 DiscoverDevicesForPlatform] GPU device discovery failed: device_discovery.cc:92 ReadFileContents Failed to open file: "/sys/class/drm/card0/device/vendor"[m
Configurations:

general:
  device: cuda
  seed: 100
  conv_mode: patches
  deterministic: false
  double_fp: false
  loss_reduction_func: sum
  sparse_alpha: true
  sparse_interm: true
  save_adv_example: true
  verify_onnxruntime_output: false
  eval_adv_example: false
  show_adv_example: false
  precompile_jit: true
  prepare_only: false
  complete_verifier: bab
  enable_incomplete_verification: true
  csv_name: instances.csv
  results_file: /data1/Kane/ACT/audit_results/abcrown_nopgd_20260525/tinyimagenet_2024/0029__TinyImageNet_resnet_medium__TinyImageNet_resnet_medium_prop_idx_9079_sidx_5823_eps_0.0039.result
  root_path: ../../vnncomp2024_benchmarks/benchmarks/tinyimagenet
  deterministic_opt: false
  graph_optimizer: 'Customized("custom_graph_optimizer", "default_optimizer")'
  buffer_has_batchdim: false
  save_output: false
  output_file: out.pkl
  return_optimized_model: false
model:
  name: null
  path: null
  onnx_path: /data1/Kane/data/vnncomp2025_benchmarks/benchmarks/tinyimagenet_2024/onnx/TinyImageNet_resnet_medium.onnx
  onnx_path_prefix: ''
  cache_onnx_conversion: false
  debug_onnx: false
  onnx_quirks: null
  input_shape: null
  onnx_loader: default_onnx_and_vnnlib_loader
  onnx_optimization_flags: [merge_bn]
  onnx_vnnlib_joint_optimization_flags: none
  check_optimized: false
  flatten_final_output: false
  optimize_graph: null
  with_jacobian: false
data:
  start: 0
  end: 10000
  select_instance: null
  num_outputs: 10
  mean: 0.0
  std: 1.0
  pkl_path: null
  dataset: null
  data_filter_path: null
  data_idx_file: null
specification:
  type: lp
  robustness_type: verified-acc
  norm: .inf
  epsilon: null
  epsilon_min: 0.0
  vnnlib_path: /data1/Kane/data/vnncomp2025_benchmarks/benchmarks/tinyimagenet_2024/vnnlib/TinyImageNet_resnet_medium_prop_idx_9079_sidx_5823_eps_0.0039.vnnlib
  vnnlib_path_prefix: ''
  rhs_offset: null
solver:
  batch_size: 256
  auto_enlarge_batch_size: false
  min_batch_size_ratio: 0.1
  use_float64_in_last_iteration: false
  early_stop_patience: 10
  start_save_best: 0.5
  bound_prop_method: alpha-crown
  init_bound_prop_method: same
  prune_after_crown: true
  optimize_disjuncts_separately: false
  crown:
    batch_size: 1000000000
    max_crown_size: 1000000000
    activation_bound_option: adaptive
    compare_crown_with_ibp: false
  alpha-crown:
    alpha: true
    lr_alpha: 0.25
    iteration: 20
    share_alphas: false
    lr_decay: 0.98
    full_conv_alpha: true
    max_coeff_mul: .inf
    matmul_share_alphas: false
    disable_optimization: []
    max_time: 1.0
  invprop:
    apply_output_constraints_to: []
    tighten_input_bounds: false
    best_of_oc_and_no_oc: false
    directly_optimize: []
    oc_lr: 0.1
    share_gammas: false
  beta-crown:
    lr_alpha: 0.1
    lr_beta: 0.15
    lr_decay: 0.98
    optimizer: adam
    iteration: 8
    beta: true
    beta_warmup: true
    enable_opt_interm_bounds: false
    all_node_split_LP: false
  forward:
    refine: false
    max_dim: 10000
    reset_threshold: 1.0
  multi_class:
    label_batch_size: 32
    skip_with_refined_bound: true
  mip:
    unstable_neuron_threshold: 0
    parallel_solvers: null
    solver_threads: 1
    refine_neuron_timeout: 15
    refine_neuron_time_percentage: 0.8
    early_stop: true
    adv_warmup: true
    mip_solver: gurobi
    skip_unsafe: false
    topk_filter: 1.0
    sliding_window: -1
    extra_constraint: false
    refine_neuron_timeout_increasement: 0
    timeout_neuron_percentage: 0.3
    remaining_timeout_threshold: 1
    remove_unstable_neurons: false
    lp_solver: false
bab:
  initial_max_domains: 200
  backing_up_max_domain: null
  max_domains: .inf
  decision_thresh: 0
  timeout: 100.0
  timeout_scale: 1
  max_iterations: -1
  override_timeout: null
  get_upper_bound: false
  pruning_in_iteration: true
  pruning_in_iteration_ratio: 0.2
  sort_targets: false
  batched_domain_list: true
  optimized_interm: ''
  interm_transfer: false
  recompute_interm: false
  sort_domain_interval: -1
  vanilla_crown: false
  tree_traversal: depth_first
  cut:
    enabled: false
    cuts_path: /tmp/abcrown_cuts
    implication: false
    bab_cut: false
    lp_cut: false
    method: null
    lr: 0.01
    lr_decay: 1.0
    iteration: 100
    bab_iteration: -1
    early_stop_patience: -1
    lr_beta: 0.02
    number_cuts: 50
    topk_cuts_in_filter: 1000
    batch_size_primal: 100
    max_num: 1000000000
    patches_cut: false
    cplex_cuts: false
    cplex_cuts_wait: 0
    cplex_cuts_revpickup: true
    cut_reference_bounds: true
    fix_intermediate_bounds: false
    biccos:
      enabled: false
      constraint_strengthening: true
      recursively_strengthening: false
      drop_ratio: 0.5
      verified_bonus: 0.3
      max_infer_iter: 20
      heuristic: neuron_influence_score
      save_biccos_cuts: false
      multi_tree_branching:
        enabled: false
        restore_best_tree: false
        keep_n_best_domains: 1
        k_splits: 1
        iterations: 1
  branching:
    method: kfsb
    candidates: 7
    reduceop: max
    enable_intermediate_bound_opt: false
    branching_input_and_activation: false
    branching_input_and_activation_order: [input, relu]
    branching_input_iterations: 30
    branching_relu_iterations: 50
    nonlinear_split:
      method: bbps
      disable: false
      branching_point_method: uniform
      num_branches: 2
      filter: false
      filter_beta: false
      filter_clamp: false
      filter_batch_size: 10000
      filter_iterations: 25
      relu_only: false
      loose_tanh_threshold: null
      branching_point:
        db_path: branching_points.pt
        num_iterations: 1000
        batch_size: 1000000
        range_l: -5.0
        range_u: 5.0
        log_interval: 100
        step_size_1d: 0.01
        step_size: 0.2
    input_split:
      enable_clip_domains: false
      split_hint: null
      reorder_bab: false
      enable: false
      enhanced_bound_prop_method: alpha-crown
      enhanced_branching_method: naive
      enhanced_bound_patience: 100000000.0
      attack_patience: 100000000.0
      adv_check: 0
      split_partitions: 2
      sb_margin_weight: 1.0
      sb_sum: false
      sb_primary_spec: null
      bf_backup_thresh: -1
      bf_rhs_offset: 0
      bf_iters: 1000000000.0
      bf_batch_size: 100000
      bf_zero_crossing_score: false
      touch_zero_score: 0
      ibp_enhancement: false
      compare_with_old_bounds: false
      update_rhs_with_attack: false
      sb_coeff_thresh: 0.001
      sort_index: null
      sort_descending: true
      show_progress: false
      presplit_domains: null
      skip_getting_worst_domain: false
  attack:
    enabled: false
    beam_candidates: 8
    beam_depth: 7
    max_dive_fix_ratio: 0.8
    min_local_free_ratio: 0.2
    mip_start_iteration: 5
    mip_timeout: 30.0
    adv_pool_threshold: null
    refined_mip_attacker: false
    refined_batch_size: null
attack:
  pgd_order: skip
  pgd_steps: 100
  pgd_restarts: 10
  pgd_batch_size: 100000000
  pgd_early_stop: true
  pgd_lr_decay: 0.99
  pgd_alpha: auto
  pgd_alpha_scale: false
  pgd_loss_mode: null
  pgd_restart_when_stuck: false
  enable_mip_attack: false
  adv_saver: default_adv_saver
  adv_verifier: default_adv_verifier
  early_stop_condition: default_early_stop_condition
  adv_example_finalizer: default_adv_example_finalizer
  pgd_loss: default_pgd_loss
  cex_path: ./test_cex.txt
  attack_mode: PGD
  attack_tolerance: 0.0
  attack_func: attack_with_general_specs
  gama_lambda: 10.0
  gama_decay: 0.9
  check_clean: false
  input_split:
    pgd_steps: 100
    pgd_restarts: 30
    pgd_alpha: auto
  input_split_enhanced:
    pgd_steps: 200
    pgd_restarts: 500000
    pgd_alpha: auto
  input_split_check_adv:
    enabled: auto
    pgd_steps: 5
    pgd_restarts: 5
    pgd_alpha: auto
    max_num_domains: 10
debug:
  view_model: false
  lp_test: null
  rescale_vnnlib_ptb: null
  test_optimized_bounds: false
  test_optimized_bounds_after_n_iterations: 0
  print_verbose_decisions: false
  sanity_check: null
  save_minimal_config: null
  save_minimal_config_omit_keys: []

Experiments at Tue May 26 13:51:41 2026 on dell-pro-max-tower-t2
Pre-compile jit kernels on a toy network.../data1/Kane/miniconda3/envs/GenBaB/lib/python3.11/site-packages/onnx2pytorch/convert/model.py:151: UserWarning: Using experimental implementation that allows 'batch_size > 1'.Batchnorm layers could potentially produce false outputs.
  warnings.warn(
/data1/Kane/miniconda3/envs/GenBaB/lib/python3.11/site-packages/onnx2pytorch/utils.py:21: TracerWarning: Converting a tensor to a Python boolean might cause the trace to be incorrect. We can't record the data flow of Python values, so this value will be treated as a constant in the future. This means that the trace might not generalize to other inputs!
  return value.ndim == 0 or value.shape == torch.Size([1])
/data1/Kane/miniconda3/envs/GenBaB/lib/python3.11/site-packages/onnx2pytorch/operations/add.py:34: TracerWarning: Converting a tensor to a Python boolean might cause the trace to be incorrect. We can't record the data flow of Python values, so this value will be treated as a constant in the future. This means that the trace might not generalize to other inputs!
  elif all(x == 1 for x in input[0].shape):

JIT kernels compiled in 1.1301s.
Internal results will be saved to /data1/Kane/ACT/audit_results/abcrown_nopgd_20260525/tinyimagenet_2024/0029__TinyImageNet_resnet_medium__TinyImageNet_resnet_medium_prop_idx_9079_sidx_5823_eps_0.0039.result.

 %%%%%%%%%%%%%%%%%%%%%%%%%%%%%%%%%%% idx: 0, vnnlib ID: 0 %%%%%%%%%%%%%%%%%%%%%%%%%%%%%%%%%%%
Using onnx /data1/Kane/data/vnncomp2025_benchmarks/benchmarks/tinyimagenet_2024/onnx/TinyImageNet_resnet_medium.onnx
Using vnnlib /data1/Kane/data/vnncomp2025_benchmarks/benchmarks/tinyimagenet_2024/vnnlib/TinyImageNet_resnet_medium_prop_idx_9079_sidx_5823_eps_0.0039.vnnlib
9408 inputs and 200 outputs in vnnlib
Loading onnx /data1/Kane/data/vnncomp2025_benchmarks/benchmarks/tinyimagenet_2024/onnx/TinyImageNet_resnet_medium.onnx with quirks {}
Onnx optimization with flags: ['merge_bn']
Found existed optimized onnx model at /data1/Kane/data/vnncomp2025_benchmarks/benchmarks/tinyimagenet_2024/onnx/TinyImageNet_resnet_medium.onnx.optimized
Finished onnx model loading in 0.0900 seconds
Model: BoundedModule(
  (/input-1): BoundInput(name=/input-1, inputs=[], perturbed=True)
  (/43): BoundParams(name=/43, inputs=[], perturbed=False)
  (/44): BoundParams(name=/44, inputs=[], perturbed=False)
  (/45): BoundParams(name=/45, inputs=[], perturbed=False)
  (/46): BoundParams(name=/46, inputs=[], perturbed=False)
  (/47): BoundParams(name=/47, inputs=[], perturbed=False)
  (/48): BoundParams(name=/48, inputs=[], perturbed=False)
  (/49): BoundParams(name=/49, inputs=[], perturbed=False)
  (/50): BoundParams(name=/50, inputs=[], perturbed=False)
  (/51): BoundParams(name=/51, inputs=[], perturbed=False)
  (/52): BoundParams(name=/52, inputs=[], perturbed=False)
  (/53): BoundParams(name=/53, inputs=[], perturbed=False)
  (/54): BoundParams(name=/54, inputs=[], perturbed=False)
  (/55): BoundParams(name=/55, inputs=[], perturbed=False)
  (/56): BoundParams(name=/56, inputs=[], perturbed=False)
  (/57): BoundParams(name=/57, inputs=[], perturbed=False)
  (/58): BoundParams(name=/58, inputs=[], perturbed=False)
  (/59): BoundParams(name=/59, inputs=[], perturbed=False)
  (/60): BoundParams(name=/60, inputs=[], perturbed=False)
  (/61): BoundParams(name=/61, inputs=[], perturbed=False)
  (/62): BoundParams(name=/62, inputs=[], perturbed=False)
  (/63): BoundParams(name=/63, inputs=[], perturbed=False)
  (/64): BoundParams(name=/64, inputs=[], perturbed=False)
  (/65): BoundParams(name=/65, inputs=[], perturbed=False)
  (/66): BoundParams(name=/66, inputs=[], perturbed=False)
  (/67): BoundParams(name=/67, inputs=[], perturbed=False)
  (/68): BoundParams(name=/68, inputs=[], perturbed=False)
  (/69): BoundParams(name=/69, inputs=[], perturbed=False)
  (/70): BoundParams(name=/70, inputs=[], perturbed=False)
  (/71): BoundParams(name=/71, inputs=[], perturbed=False)
  (/72): BoundParams(name=/72, inputs=[], perturbed=False)
  (/73): BoundParams(name=/73, inputs=[], perturbed=False)
  (/74): BoundParams(name=/74, inputs=[], perturbed=False)
  (/75): BoundParams(name=/75, inputs=[], perturbed=False)
  (/76): BoundParams(name=/76, inputs=[], perturbed=False)
  (/77): BoundParams(name=/77, inputs=[], perturbed=False)
  (/78): BoundParams(name=/78, inputs=[], perturbed=False)
  (/79): BoundParams(name=/79, inputs=[], perturbed=False)
  (/80): BoundParams(name=/80, inputs=[], perturbed=False)
  (/81): BoundParams(name=/81, inputs=[], perturbed=False)
  (/82): BoundParams(name=/82, inputs=[], perturbed=False)
  (/83): BoundParams(name=/83, inputs=[], perturbed=False)
  (/84): BoundParams(name=/84, inputs=[], perturbed=False)
  (/input): BoundConv(name=/input, inputs=[/input-1, /43, /44], perturbed=True)
  (/input-4): BoundRelu(name=/input-4, inputs=[/input], perturbed=True)
  (/input-8): BoundConv(name=/input-8, inputs=[/input-4, /45, /46], perturbed=True)
  (/input-12): BoundRelu(name=/input-12, inputs=[/input-8], perturbed=True)
  (/89): BoundConv(name=/89, inputs=[/input-12, /47, /48], perturbed=True)
  (/90): BoundConv(name=/90, inputs=[/input-4, /49, /50], perturbed=True)
  (/91): BoundAdd(name=/91, inputs=[/89, /90], perturbed=True)
  (/input-16): BoundConv(name=/input-16, inputs=[/91, /51, /52], perturbed=True)
  (/input-20): BoundRelu(name=/input-20, inputs=[/input-16], perturbed=True)
  (/94): BoundConv(name=/94, inputs=[/input-20, /53, /54], perturbed=True)
  (/95): BoundAdd(name=/95, inputs=[/94, /91], perturbed=True)
  (/input-24): BoundConv(name=/input-24, inputs=[/95, /55, /56], perturbed=True)
  (/input-28): BoundRelu(name=/input-28, inputs=[/input-24], perturbed=True)
  (/98): BoundConv(name=/98, inputs=[/input-28, /57, /58], perturbed=True)
  (/99): BoundAdd(name=/99, inputs=[/98, /95], perturbed=True)
  (/input-32): BoundConv(name=/input-32, inputs=[/99, /59, /60], perturbed=True)
  (/input-36): BoundRelu(name=/input-36, inputs=[/input-32], perturbed=True)
  (/102): BoundConv(name=/102, inputs=[/input-36, /61, /62], perturbed=True)
  (/103): BoundAdd(name=/103, inputs=[/102, /99], perturbed=True)
  (/input-40): BoundConv(name=/input-40, inputs=[/103, /63, /64], perturbed=True)
  (/input-44): BoundRelu(name=/input-44, inputs=[/input-40], perturbed=True)
  (/106): BoundConv(name=/106, inputs=[/input-44, /65, /66], perturbed=True)
  (/107): BoundConv(name=/107, inputs=[/103, /67, /68], perturbed=True)
  (/108): BoundAdd(name=/108, inputs=[/106, /107], perturbed=True)
  (/input-48): BoundConv(name=/input-48, inputs=[/108, /69, /70], perturbed=True)
  (/input-52): BoundRelu(name=/input-52, inputs=[/input-48], perturbed=True)
  (/111): BoundConv(name=/111, inputs=[/input-52, /71, /72], perturbed=True)
  (/112): BoundAdd(name=/112, inputs=[/111, /108], perturbed=True)
  (/input-56): BoundConv(name=/input-56, inputs=[/112, /73, /74], perturbed=True)
  (/input-60): BoundRelu(name=/input-60, inputs=[/input-56], perturbed=True)
  (/115): BoundConv(name=/115, inputs=[/input-60, /75, /76], perturbed=True)
  (/116): BoundAdd(name=/116, inputs=[/115, /112], perturbed=True)
  (/input-64): BoundConv(name=/input-64, inputs=[/116, /77, /78], perturbed=True)
  (/input-68): BoundRelu(name=/input-68, inputs=[/input-64], perturbed=True)
  (/119): BoundConv(name=/119, inputs=[/input-68, /79, /80], perturbed=True)
  (/120): BoundAdd(name=/120, inputs=[/119, /116], perturbed=True)
  (/121): BoundFlatten(name=/121, inputs=[/120], perturbed=True)
  (/input-72): BoundLinear(name=/input-72, inputs=[/121, /81, /82], perturbed=True)
  (/123): BoundRelu(name=/123, inputs=[/input-72], perturbed=True)
  (/124): BoundLinear(name=/124, inputs=[/123, /83, /84], perturbed=True)
)
Original output: tensor([[-26.21668816, -26.63884735, -20.64515877, -23.02424431, -22.17546844,
         -21.07869339, -23.51851654, -25.87644958, -22.29588890, -24.88996887,
         -19.84134674, -24.83941078, -24.09352493, -26.92645454, -29.95147324,
         -21.47727585, -22.65896416, -28.48033905, -22.30043030, -19.71158981,
         -23.56065750, -21.95147133, -30.33654976, -34.55766296, -25.79469299,
         -26.41399384, -25.02196884, -24.81728554, -22.92603111, -25.67013359,
         -19.04290581, -26.37339783, -20.71841049, -23.71935844, -25.37305832,
         -24.99650574, -27.48868179, -24.18800545, -22.49906921, -24.41396713,
         -22.20011139, -22.47136307, -26.55598831, -24.50793457, -21.43860245,
         -28.14076614, -26.64425468, -24.24070740, -19.74214745, -22.63725281,
         -24.33927155, -23.81561852, -23.94907188, -24.14207458, -19.27539062,
         -20.42794991, -21.29324913, -23.92893219, -25.92890739, -19.94457054,
         -20.45133400, -13.04321957, -21.82137489, -17.83169174, -16.60435867,
         -18.24412346, -20.29925728, -20.50229645, -22.75760269, -18.53029633,
         -22.72525978, -25.82092857, -19.87783813, -17.25730896, -23.35264206,
         -22.98002625, -23.76324844, -23.65219879, -24.25709915, -19.44010735,
         -20.21213150, -23.63039398, -14.68724537, -19.43934250, -21.13609314,
         -21.76308250, -22.77667999, -24.97067833, -19.04512787, -18.32384491,
         -24.90782166, -23.42485046, -21.58648300, -17.00177383, -21.17051506,
         -21.43120384, -25.24634552, -23.11350822, -17.79460335, -20.22134209,
         -20.20852852, -23.27042961, -18.82616425, -21.62449265, -21.45064354,
         -20.83529663, -22.84896278, -21.45439529, -17.29282951, -20.14311409,
         -26.97597313, -19.92391586, -20.30809021, -21.89012718, -22.74748039,
         -22.40836906, -23.67759132, -22.24257660, -19.90105820, -19.00333405,
         -21.91812325, -24.41424179, -18.61904335, -24.81538963, -22.10609627,
         -19.26713371, -12.03922462, -22.82529449, -20.77410126, -19.08965874,
         -23.03656578, -20.35559273, -22.58144188, -23.32785606, -23.83902740,
         -20.77717209, -18.38771248, -21.29171753, -20.52746010, -24.03370094,
         -24.42607307, -25.45475578, -17.81136322, -26.75600052, -22.11521530,
         -16.83432007, -23.91213799, -21.13227844, -23.13371277, -21.06933594,
         -22.64703560, -22.10467339, -22.10543823, -21.04629326, -23.15111542,
         -25.01561165, -22.50025558, -20.29659081, -23.67607117, -23.19675064,
         -21.09305382, -22.26430893, -23.66946602, -21.94931602, -21.32975769,
         -23.94693565, -21.77080727, -21.22866821, -20.75286293, -19.09844398,
         -16.85098267, -21.52653122, -20.56808281, -26.31003571, -22.42525101,
         -20.35283279, -20.37481117, -25.76018333, -25.58056259, -24.72386360,
         -24.15819550, -21.91362572, -25.73637962, -28.63054848, -24.19567680,
         -25.75869560, -25.41108513, -27.52910614, -19.67081261, -24.32908249,
         -20.48516846, -22.95045662, -24.74277878, -25.03616714, -25.87563133,
         -23.56971169, -25.34074402, -21.12086105, -22.86964417, -26.35667229]],
       device='cuda:0')
Split layers:
Nonlinear functions:
   BoundRelu(name=/input-4, inputs=[/input], perturbed=True)
   BoundRelu(name=/input-12, inputs=[/input-8], perturbed=True)
   BoundRelu(name=/input-20, inputs=[/input-16], perturbed=True)
   BoundRelu(name=/input-28, inputs=[/input-24], perturbed=True)
   BoundRelu(name=/input-36, inputs=[/input-32], perturbed=True)
   BoundRelu(name=/input-44, inputs=[/input-40], perturbed=True)
   BoundRelu(name=/input-52, inputs=[/input-48], perturbed=True)
   BoundRelu(name=/input-60, inputs=[/input-56], perturbed=True)
   BoundRelu(name=/input-68, inputs=[/input-64], perturbed=True)
   BoundRelu(name=/123, inputs=[/input-72], perturbed=True)
layer /input-4 using sparse-features alpha with shape [652]; unstable size 652; total size 46656 ([1, 64, 27, 27])
layer /input-4 start_node /input-8 using full alpha [2, 128, 1, 652] with unstable size 116 total_size 128 output_shape 128
layer /input-4 start_node /input-16 using sparse-spec alpha [2, 166, 1, 652] with unstable size 165 total_size 25088 output_shape (128, 14, 14)
layer /input-4 start_node /input-24 using sparse-spec alpha [2, 10, 1, 652] with unstable size 9 total_size 25088 output_shape (128, 14, 14)
layer /input-4 start_node /input-32 using sparse-spec alpha [2, 12, 1, 652] with unstable size 11 total_size 25088 output_shape (128, 14, 14)
layer /input-4 start_node /input-40 using sparse-spec alpha [2, 70, 1, 652] with unstable size 69 total_size 6272 output_shape torch.Size([128, 7, 7])
layer /input-4 start_node /input-72 using sparse-spec alpha [2, 42, 1, 652] with unstable size 41 total_size 200 output_shape torch.Size([200])
layer /input-4 start_node /124 using full alpha [2, 199, 1, 652] with unstable size None total_size 199 output_shape 199
layer /input-12 using sparse-features alpha with shape [545]; unstable size 545; total size 25088 ([1, 128, 14, 14])
layer /input-12 start_node /input-16 using sparse-spec alpha [2, 166, 1, 545] with unstable size 165 total_size 25088 output_shape (128, 14, 14)
layer /input-12 start_node /input-24 using sparse-spec alpha [2, 10, 1, 545] with unstable size 9 total_size 25088 output_shape (128, 14, 14)
layer /input-12 start_node /input-32 using sparse-spec alpha [2, 12, 1, 545] with unstable size 11 total_size 25088 output_shape (128, 14, 14)
layer /input-12 start_node /input-40 using sparse-spec alpha [2, 70, 1, 545] with unstable size 69 total_size 6272 output_shape torch.Size([128, 7, 7])
layer /input-12 start_node /input-72 using sparse-spec alpha [2, 42, 1, 545] with unstable size 41 total_size 200 output_shape torch.Size([200])
layer /input-12 start_node /124 using full alpha [2, 199, 1, 545] with unstable size None total_size 199 output_shape 199
layer /input-20 using sparse-features alpha with shape [165]; unstable size 165; total size 25088 ([1, 128, 14, 14])
layer /input-20 start_node /input-24 using sparse-spec alpha [2, 10, 1, 165] with unstable size 9 total_size 25088 output_shape (128, 14, 14)
layer /input-20 start_node /input-32 using sparse-spec alpha [2, 12, 1, 165] with unstable size 11 total_size 25088 output_shape (128, 14, 14)
layer /input-20 start_node /input-40 using sparse-spec alpha [2, 70, 1, 165] with unstable size 69 total_size 6272 output_shape (128, 7, 7)
layer /input-20 start_node /input-72 using sparse-spec alpha [2, 42, 1, 165] with unstable size 41 total_size 200 output_shape torch.Size([200])
layer /input-20 start_node /124 using full alpha [2, 199, 1, 165] with unstable size None total_size 199 output_shape 199
layer /input-28 using sparse-features alpha with shape [9]; unstable size 9; total size 25088 ([1, 128, 14, 14])
layer /input-28 start_node /input-32 using sparse-spec alpha [2, 12, 1, 9] with unstable size 11 total_size 25088 output_shape (128, 14, 14)
layer /input-28 start_node /input-40 using sparse-spec alpha [2, 70, 1, 9] with unstable size 69 total_size 6272 output_shape (128, 7, 7)
layer /input-28 start_node /input-72 using sparse-spec alpha [2, 42, 1, 9] with unstable size 41 total_size 200 output_shape torch.Size([200])
layer /input-28 start_node /124 using full alpha [2, 199, 1, 9] with unstable size None total_size 199 output_shape 199
layer /input-36 using sparse-features alpha with shape [11]; unstable size 11; total size 25088 ([1, 128, 14, 14])
layer /input-36 start_node /input-40 using sparse-spec alpha [2, 70, 1, 11] with unstable size 69 total_size 6272 output_shape (128, 7, 7)
layer /input-36 start_node /input-72 using sparse-spec alpha [2, 42, 1, 11] with unstable size 41 total_size 200 output_shape torch.Size([200])
layer /input-36 start_node /124 using full alpha [2, 199, 1, 11] with unstable size None total_size 199 output_shape 199
layer /input-44 using sparse-features alpha with shape [69]; unstable size 69; total size 6272 ([1, 128, 7, 7])
layer /input-44 start_node /input-72 using sparse-spec alpha [2, 42, 1, 69] with unstable size 41 total_size 200 output_shape torch.Size([200])
layer /input-44 start_node /124 using full alpha [2, 199, 1, 69] with unstable size None total_size 199 output_shape 199
layer /input-52 using sparse-features alpha with shape [0]; unstable size 0; total size 6272 ([1, 128, 7, 7])
layer /input-52 start_node /input-72 using sparse-spec alpha [2, 42, 1, 0] with unstable size 41 total_size 200 output_shape torch.Size([200])
layer /input-52 start_node /124 using full alpha [2, 199, 1, 0] with unstable size None total_size 199 output_shape 199
layer /input-60 using sparse-features alpha with shape [0]; unstable size 0; total size 6272 ([1, 128, 7, 7])
layer /input-60 start_node /input-72 using sparse-spec alpha [2, 42, 1, 0] with unstable size 41 total_size 200 output_shape torch.Size([200])
layer /input-60 start_node /124 using full alpha [2, 199, 1, 0] with unstable size None total_size 199 output_shape 199
layer /input-68 using sparse-features alpha with shape [0]; unstable size 0; total size 6272 ([1, 128, 7, 7])
layer /input-68 start_node /input-72 using sparse-spec alpha [2, 42, 1, 0] with unstable size 41 total_size 200 output_shape torch.Size([200])
layer /input-68 start_node /124 using full alpha [2, 199, 1, 0] with unstable size None total_size 199 output_shape 199
layer /123 using sparse-features alpha with shape [41]; unstable size 41; total size 200 ([1, 200])
layer /123 start_node /124 using full alpha [2, 199, 1, 41] with unstable size None total_size 199 output_shape 199
Optimizable variables initialized.
initial CROWN bounds: tensor([[12.21466541, 12.12735653,  6.58330822,  8.80851555,  8.33185196,
          7.24172163,  9.69628620, 11.53870392,  8.42120266, 11.13098335,
          5.86514759, 10.67564392,  9.73998737, 12.89724827, 15.88665771,
          7.41061783,  8.60236645, 14.23252678,  8.07113838,  5.83957386,
          9.48036194,  8.16315174, 16.20357895, 20.40565872, 11.69012833,
         12.41283035, 11.31527519, 10.82273769,  8.78906250, 11.80298328,
          5.13799953, 12.61166000,  6.73618603,  9.91743755, 11.31792259,
         11.03584003, 13.35007095, 10.01762390,  8.41692162, 10.00037861,
          8.19205284,  8.42507553, 12.06279182, 10.54862595,  7.59817505,
         13.66866875, 12.41033173, 10.18084717,  5.78349161,  8.63920593,
         10.06701851,  9.62780952, 10.13451672, 10.01363754,  5.37328005,
          6.58707809,  7.71085024, 10.01040268, 11.82971382,  5.95554733,
          6.64633512, -0.41017246,  7.79949808,  4.06917763,  2.99517655,
          4.31271553,  6.70178223,  6.72103310,  8.79155350,  4.56553316,
          8.34787750, 11.53340912,  6.01357841,  3.07961249,  9.30952930,
          8.76762295,  9.78739548,  9.72455788, 10.12628746,  5.65548229,
          6.12752295,  9.95725822,  0.78978825,  5.49222040,  7.51392746,
          7.68534565,  8.80484200, 10.84251785,  4.97954464,  4.55621672,
         10.95419693,  9.30992699,  7.92384052,  3.39347458,  6.72860098,
          7.43410683, 11.01700497,  9.21325302,  3.80743980,  6.20088100,
          5.99485540,  9.68497086,  4.59890747,  7.85806656,  7.28102589,
          7.14735603,  8.74219322,  7.53045368,  3.11564255,  6.11769390,
         12.94637203,  5.72878075,  6.19338036,  8.12595558,  8.66475296,
          8.21009636,  9.46408463,  8.23806190,  5.94762993,  5.15529442,
          7.98285294, 10.31742096,  4.98382282, 10.53494358,  7.85622311,
          5.41094112,  8.84914017,  6.63499546,  5.20028114,  9.06354809,
          6.39497185,  8.39961052,  9.31635475,  9.60337257,  6.70371723,
          4.49155426,  7.40459013,  6.49223423, 10.01119041, 10.51110744,
         11.60657883,  3.86024237, 12.97109413,  8.25445938,  2.81913471,
          9.90156746,  7.01550865,  9.36919785,  7.18072033,  8.70747566,
          8.02892876,  8.20952129,  6.72071457,  8.94320965, 11.09662437,
          8.42431259,  6.07022476,  9.44892883,  8.87918282,  7.30159712,
          8.54896736, 10.02050209,  7.99954510,  7.38987637,  9.96277905,
          7.50664663,  7.56418896,  6.89129210,  5.17218113,  2.91687489,
          7.45543480,  6.63487625, 12.23614693,  8.10272408,  6.35580444,
          6.51357269, 11.52991867, 11.35237408, 10.77348232,  9.99812984,
          8.04334831, 11.81872559, 14.32284927,  9.74967098, 11.89886475,
         11.02231884, 12.95671558,  5.53750610, 10.05076408,  6.88225937,
          8.78688622, 10.65952301, 11.17180634, 11.74320221,  9.53671455,
         10.95321751,  7.13897324,  8.92700863, 11.97237682]], device='cuda:0') None
prune_after_crown optimization in use: original label size = 199 pruned label size = 1
best_l after optimization: -0.34417057037353516
alpha/beta optimization time: 2.9697799682617188
initial alpha-crown bounds: tensor([[        inf,         inf,         inf,         inf,         inf,
                 inf,         inf,         inf,         inf,         inf,
                 inf,         inf,         inf,         inf,         inf,
                 inf,         inf,         inf,         inf,         inf,
                 inf,         inf,         inf,         inf,         inf,
                 inf,         inf,         inf,         inf,         inf,
                 inf,         inf,         inf,         inf,         inf,
                 inf,         inf,         inf,         inf,         inf,
                 inf,         inf,         inf,         inf,         inf,
                 inf,         inf,         inf,         inf,         inf,
                 inf,         inf,         inf,         inf,         inf,
                 inf,         inf,         inf,         inf,         inf,
                 inf, -0.34417057,         inf,         inf,         inf,
                 inf,         inf,         inf,         inf,         inf,
                 inf,         inf,         inf,         inf,         inf,
                 inf,         inf,         inf,         inf,         inf,
                 inf,         inf,         inf,         inf,         inf,
                 inf,         inf,         inf,         inf,         inf,
                 inf,         inf,         inf,         inf,         inf,
                 inf,         inf,         inf,         inf,         inf,
                 inf,         inf,         inf,         inf,         inf,
                 inf,         inf,         inf,         inf,         inf,
                 inf,         inf,         inf,         inf,         inf,
                 inf,         inf,         inf,         inf,         inf,
                 inf,         inf,         inf,         inf,         inf,
                 inf,         inf,         inf,         inf,         inf,
                 inf,         inf,         inf,         inf,         inf,
                 inf,         inf,         inf,         inf,         inf,
                 inf,         inf,         inf,         inf,         inf,
                 inf,         inf,         inf,         inf,         inf,
                 inf,         inf,         inf,         inf,         inf,
                 inf,         inf,         inf,         inf,         inf,
                 inf,         inf,         inf,         inf,         inf,
                 inf,         inf,         inf,         inf,         inf,
                 inf,         inf,         inf,         inf,         inf,
                 inf,         inf,         inf,         inf,         inf,
                 inf,         inf,         inf,         inf,         inf,
                 inf,         inf,         inf,         inf,         inf,
                 inf,         inf,         inf,         inf,         inf,
                 inf,         inf,         inf,         inf]], device='cuda:0')
Number of class (without rhs): 1 ; Worst class: (+ rhs) -0.34417057037353516
Total VNNLIB file length: 199, max property batch size: 200, total number of batches: 1
lA shape: [torch.Size([199, 1, 64, 27, 27]), torch.Size([199, 1, 128, 14, 14]), torch.Size([199, 1, 128, 14, 14]), torch.Size([199, 1, 128, 14, 14]), torch.Size([199, 1, 128, 14, 14]), torch.Size([199, 1, 128, 7, 7]), torch.Size([199, 1, 128, 7, 7]), torch.Size([199, 1, 128, 7, 7]), torch.Size([199, 1, 128, 7, 7]), torch.Size([199, 1, 200])]

Properties batch 0, size 199
Remaining timeout: 92.89186787605286
Verifying property 0 with 199 instances.
##### Instance 0 first 10 spec matrices: 
tensor([[[-1.,  0.,  0.,  ...,  0.,  0.,  0.]],

        [[ 0., -1.,  0.,  ...,  0.,  0.,  0.]],

        [[ 0.,  0., -1.,  ...,  0.,  0.,  0.]],

        ...,

        [[ 0.,  0.,  0.,  ...,  0.,  0.,  0.]],

        [[ 0.,  0.,  0.,  ...,  0.,  0.,  0.]],

        [[ 0.,  0.,  0.,  ...,  0.,  0.,  0.]]], dtype=torch.float64)
thresholds: tensor([0., 0., 0., 0., 0., 0., 0., 0., 0., 0.], device='cuda:0') ######
Initial alpha-CROWN verified for spec index tensor([  0,   1,   2,   3,   4,   5,   6,   7,   8,   9,  10,  11,  12,  13,
         14,  15,  16,  17,  18,  19,  20,  21,  22,  23,  24,  25,  26,  27,
         28,  29,  30,  31,  32,  33,  34,  35,  36,  37,  38,  39,  40,  41,
         42,  43,  44,  45,  46,  47,  48,  49,  50,  51,  52,  53,  54,  55,
         56,  57,  58,  59,  60,  62,  63,  64,  65,  66,  67,  68,  69,  70,
         71,  72,  73,  74,  75,  76,  77,  78,  79,  80,  81,  82,  83,  84,
         85,  86,  87,  88,  89,  90,  91,  92,  93,  94,  95,  96,  97,  98,
         99, 100, 101, 102, 103, 104, 105, 106, 107, 108, 109, 110, 111, 112,
        113, 114, 115, 116, 117, 118, 119, 120, 121, 122, 123, 124, 125, 126,
        127, 128, 129, 130, 131, 132, 133, 134, 135, 136, 137, 138, 139, 140,
        141, 142, 143, 144, 145, 146, 147, 148, 149, 150, 151, 152, 153, 154,
        155, 156, 157, 158, 159, 160, 161, 162, 163, 164, 165, 166, 167, 168,
        169, 170, 171, 172, 173, 174, 175, 176, 177, 178, 179, 180, 181, 182,
        183, 184, 185, 186, 187, 188, 189, 190, 191, 192, 193, 194, 195, 196,
        197, 198], device='cuda:0') with bound tensor([inf, inf, inf, inf, inf, inf, inf, inf, inf, inf, inf, inf, inf, inf, inf, inf, inf, inf, inf, inf, inf, inf, inf, inf,
        inf, inf, inf, inf, inf, inf, inf, inf, inf, inf, inf, inf, inf, inf, inf, inf, inf, inf, inf, inf, inf, inf, inf, inf,
        inf, inf, inf, inf, inf, inf, inf, inf, inf, inf, inf, inf, inf, inf, inf, inf, inf, inf, inf, inf, inf, inf, inf, inf,
        inf, inf, inf, inf, inf, inf, inf, inf, inf, inf, inf, inf, inf, inf, inf, inf, inf, inf, inf, inf, inf, inf, inf, inf,
        inf, inf, inf, inf, inf, inf, inf, inf, inf, inf, inf, inf, inf, inf, inf, inf, inf, inf, inf, inf, inf, inf, inf, inf,
        inf, inf, inf, inf, inf, inf, inf, inf, inf, inf, inf, inf, inf, inf, inf, inf, inf, inf, inf, inf, inf, inf, inf, inf,
        inf, inf, inf, inf, inf, inf, inf, inf, inf, inf, inf, inf, inf, inf, inf, inf, inf, inf, inf, inf, inf, inf, inf, inf,
        inf, inf, inf, inf, inf, inf, inf, inf, inf, inf, inf, inf, inf, inf, inf, inf, inf, inf, inf, inf, inf, inf, inf, inf,
        inf, inf, inf, inf, inf, inf], device='cuda:0').
Remaining spec index tensor([61], device='cuda:0') with bounds tensor([[-0.34417057]], device='cuda:0') need to verify.
Model prediction is: tensor([-26.21668816, -26.63884735, -20.64515877, -23.02424431, -22.17546844,
        -21.07869339, -23.51851654, -25.87644958, -22.29588890, -24.88996887,
        -19.84134674, -24.83941078, -24.09352493, -26.92645454, -29.95147324,
        -21.47727585, -22.65896416, -28.48033905, -22.30043030, -19.71158981,
        -23.56065750, -21.95147133, -30.33654976, -34.55766296, -25.79469299,
        -26.41399384, -25.02196884, -24.81728554, -22.92603111, -25.67013359,
        -19.04290581, -26.37339783, -20.71841049, -23.71935844, -25.37305832,
        -24.99650574, -27.48868179, -24.18800545, -22.49906921, -24.41396713,
        -22.20011139, -22.47136307, -26.55598831, -24.50793457, -21.43860245,
        -28.14076614, -26.64425468, -24.24070740, -19.74214745, -22.63725281,
        -24.33927155, -23.81561852, -23.94907188, -24.14207458, -19.27539062,
        -20.42794991, -21.29324913, -23.92893219, -25.92890739, -19.94457054,
        -20.45133400, -13.04321957, -21.82137489, -17.83169174, -16.60435867,
        -18.24412346, -20.29925728, -20.50229645, -22.75760269, -18.53029633,
        -22.72525978, -25.82092857, -19.87783813, -17.25730896, -23.35264206,
        -22.98002625, -23.76324844, -23.65219879, -24.25709915, -19.44010735,
        -20.21213150, -23.63039398, -14.68724537, -19.43934250, -21.13609314,
        -21.76308250, -22.77667999, -24.97067833, -19.04512787, -18.32384491,
        -24.90782166, -23.42485046, -21.58648300, -17.00177383, -21.17051506,
        -21.43120384, -25.24634552, -23.11350822, -17.79460335, -20.22134209,
        -20.20852852, -23.27042961, -18.82616425, -21.62449265, -21.45064354,
        -20.83529663, -22.84896278, -21.45439529, -17.29282951, -20.14311409,
        -26.97597313, -19.92391586, -20.30809021, -21.89012718, -22.74748039,
        -22.40836906, -23.67759132, -22.24257660, -19.90105820, -19.00333405,
        -21.91812325, -24.41424179, -18.61904335, -24.81538963, -22.10609627,
        -19.26713371, -12.03922462, -22.82529449, -20.77410126, -19.08965874,
        -23.03656578, -20.35559273, -22.58144188, -23.32785606, -23.83902740,
        -20.77717209, -18.38771248, -21.29171753, -20.52746010, -24.03370094,
        -24.42607307, -25.45475578, -17.81136322, -26.75600052, -22.11521530,
        -16.83432007, -23.91213799, -21.13227844, -23.13371277, -21.06933594,
        -22.64703560, -22.10467339, -22.10543823, -21.04629326, -23.15111542,
        -25.01561165, -22.50025558, -20.29659081, -23.67607117, -23.19675064,
        -21.09305382, -22.26430893, -23.66946602, -21.94931602, -21.32975769,
        -23.94693565, -21.77080727, -21.22866821, -20.75286293, -19.09844398,
        -16.85098267, -21.52653122, -20.56808281, -26.31003571, -22.42525101,
        -20.35283279, -20.37481117, -25.76018333, -25.58056259, -24.72386360,
        -24.15819550, -21.91362572, -25.73637962, -28.63054848, -24.19567680,
        -25.75869560, -25.41108513, -27.52910614, -19.67081261, -24.32908249,
        -20.48516846, -22.95045662, -24.74277878, -25.03616714, -25.87563133,
        -23.56971169, -25.34074402, -21.12086105, -22.86964417, -26.35667229],
       device='cuda:0')
build_with_refined_bounds batch [1/1]
setting alpha for layer /input-4 start_node /124 with alignment adjustment
setting alpha for layer /input-12 start_node /124 with alignment adjustment
setting alpha for layer /input-20 start_node /124 with alignment adjustment
setting alpha for layer /input-28 start_node /124 with alignment adjustment
setting alpha for layer /input-36 start_node /124 with alignment adjustment
setting alpha for layer /input-44 start_node /124 with alignment adjustment
setting alpha for layer /input-52 start_node /124 with alignment adjustment
setting alpha for layer /input-60 start_node /124 with alignment adjustment
setting alpha for layer /input-68 start_node /124 with alignment adjustment
setting alpha for layer /123 start_node /124 with alignment adjustment
all alpha initialized
directly get lb and ub from refined bounds
c shape: torch.Size([1, 1, 200])
lA shapes: [torch.Size([1, 1, 64, 27, 27]), torch.Size([1, 1, 128, 14, 14]), torch.Size([1, 1, 128, 14, 14]), torch.Size([1, 1, 128, 14, 14]), torch.Size([1, 1, 128, 14, 14]), torch.Size([1, 1, 128, 7, 7]), torch.Size([1, 1, 128, 7, 7]), torch.Size([1, 1, 128, 7, 7]), torch.Size([1, 1, 128, 7, 7]), torch.Size([1, 1, 200])]
(alpha-)CROWN with fixed intermediate bounds: tensor([[-0.34417057]], device='cuda:0') tensor([[inf]], device='cuda:0')
Intermediate layers: /input,/input-8,/input-16,/input-24,/input-32,/input-40,/input-48,/input-56,/input-64,/input-72,/124
Keeping alphas for these layers: ['/124']
Keeping alphas for these layers: ['/124']
Node /input-4 input 0: size torch.Size([64, 27, 27]) unstable 652
Node /input-12 input 0: size torch.Size([128, 14, 14]) unstable 543
Node /input-20 input 0: size torch.Size([128, 14, 14]) unstable 160
Node /input-28 input 0: size torch.Size([128, 14, 14]) unstable 9
Node /input-36 input 0: size torch.Size([128, 14, 14]) unstable 11
Node /input-44 input 0: size torch.Size([128, 7, 7]) unstable 66
Node /input-52 input 0: size torch.Size([128, 7, 7]) unstable 0
Node /input-60 input 0: size torch.Size([128, 7, 7]) unstable 0
Node /input-68 input 0: size torch.Size([128, 7, 7]) unstable 0
Node /123 input 0: size torch.Size([200]) unstable 40
-----------------
# of unstable neurons: 1481
-----------------

BaB round 1
batch: 1
splitting decisions: 
split level 0: [/input-72, 183] 
split level 1: [/input-72, 61] 
split level 2: [/input-72, 50] 
split level 3: [/input-72, 139] 
pruning_in_iteration open status: True
ratio of positive domain = 13 / 16 = 0.8125
pruning-in-iteration extra time: 0.007903337478637695
Time: prepare 0.0004    bound 0.2093    transfer 0.0115    finalize 0.0024    func 0.2237    
Accumulated time: func 0.2237    prepare 0.0009    bound 0.2093    transfer 0.0115    finalize 0.0024    
Current worst splitting domains lb-rhs (depth):
-0.15634 (4), -0.09636 (4), -0.04772 (4), 
Length of domains: 3
Time: pickout 0.0006    decision 0.1216    set_bounds 0.0013    solve 0.2237    add 0.0042    
Accumulated time: pickout 0.0006    decision 0.1216    set_bounds 0.0013    solve 0.2237    add 0.0042    
Current (lb-rhs): -0.15633773803710938
3 domains visited
Cumulative time: 1.0625081062316895

BaB round 2
batch: 3
splitting decisions: 
split level 0: [/input-72, 83] [/input-72, 83] [/input-72, 83] 
split level 1: [/input-72, 188] [/input-72, 188] [/input-72, 188] 
split level 2: [/input-72, 62] [/input-72, 62] [/input-72, 62] 
pruning_in_iteration open status: True
ratio of positive domain = 21 / 24 = 0.875
pruning-in-iteration extra time: 0.0026178359985351562
Time: prepare 0.0010    bound 0.1367    transfer 0.0046    finalize 0.0005    func 0.1429    
Accumulated time: func 0.3666    prepare 0.0023    bound 0.3460    transfer 0.0161    finalize 0.0029    
Current worst splitting domains lb-rhs (depth):
-0.10467 (7), -0.04181 (7), -0.01933 (7), 
Length of domains: 3
Time: pickout 0.0051    decision 0.0919    set_bounds 0.0015    solve 0.1429    add 0.0012    
Accumulated time: pickout 0.0057    decision 0.2135    set_bounds 0.0028    solve 0.3667    add 0.0055    
Current (lb-rhs): -0.10466957092285156
6 domains visited
Cumulative time: 1.305464506149292

BaB round 3
batch: 3
splitting decisions: 
split level 0: [/input-72, 177] [/input-72, 177] [/input-72, 177] 
split level 1: [/input-72, 59] [/input-72, 59] [/input-72, 59] 
split level 2: [/input-72, 157] [/input-72, 157] [/input-72, 157] 
pruning_in_iteration open status: True
ratio of positive domain = 21 / 24 = 0.875
pruning-in-iteration extra time: 0.006283760070800781
Time: prepare 0.0009    bound 0.1656    transfer 0.0120    finalize 0.0018    func 0.1803    
Accumulated time: func 0.5469    prepare 0.0036    bound 0.5117    transfer 0.0281    finalize 0.0047    
Current worst splitting domains lb-rhs (depth):
-0.07712 (10), -0.04548 (10), -0.01469 (10), 
Length of domains: 3
Time: pickout 0.0008    decision 0.0854    set_bounds 0.0019    solve 0.1803    add 0.0015    
Accumulated time: pickout 0.0066    decision 0.2988    set_bounds 0.0047    solve 0.5470    add 0.0070    
Current (lb-rhs): -0.07712173461914062
9 domains visited
Cumulative time: 1.5756900310516357

BaB round 4
batch: 3
splitting decisions: 
split level 0: [/input-72, 14] [/input-32, 4264] [/input-32, 4264] 
split level 1: [/input-72, 12] [/input-72, 14] [/input-72, 14] 
split level 2: [/input-72, 143] [/input-72, 143] [/input-40, 540] 
pruning_in_iteration open status: True
ratio of positive domain = 18 / 24 = 0.75
pruning-in-iteration extra time: 0.007965564727783203
Time: prepare 0.0010    bound 0.1815    transfer 0.0077    finalize 0.0011    func 0.1913    
Accumulated time: func 0.7382    prepare 0.0050    bound 0.6932    transfer 0.0358    finalize 0.0058    
Current worst splitting domains lb-rhs (depth):
-0.03351 (13), -0.03349 (13), -0.03291 (13), -0.03275 (13), -0.00119 (13), -0.00039 (13), 
Length of domains: 6
Time: pickout 0.0061    decision 0.0976    set_bounds 0.0015    solve 0.1914    add 0.0050    
Accumulated time: pickout 0.0127    decision 0.3964    set_bounds 0.0062    solve 0.7384    add 0.0120    
Current (lb-rhs): -0.033507347106933594
15 domains visited
Cumulative time: 1.8775670528411865

BaB round 5
batch: 6
splitting decisions: 
split level 0: [/input-32, 4264] [/input-40, 3518] [/input-40, 3518] [/input-32, 4264] [/input-40, 3518] [/input-40, 3518] 
split level 1: [/input-40, 3510] [/input-32, 4252] [/input-32, 4252] [/input-40, 3510] [/input-72, 12] [/input-32, 4252] 
pruning_in_iteration open status: True
ratio of positive domain = 17 / 24 = 0.7083333333333333
pruning-in-iteration extra time: 0.004872560501098633
Time: prepare 0.0011    bound 0.1367    transfer 0.0022    finalize 0.0004    func 0.1404    
Accumulated time: func 0.8786    prepare 0.0065    bound 0.8299    transfer 0.0380    finalize 0.0062    
Current worst splitting domains lb-rhs (depth):
-0.02970 (15), -0.02839 (15), -0.02769 (15), -0.02761 (15), -0.01944 (15), -0.01869 (15), -0.01865 (15), 
Length of domains: 7
Time: pickout 0.0037    decision 0.0923    set_bounds 0.0014    solve 0.1405    add 0.0017    
Accumulated time: pickout 0.0164    decision 0.4887    set_bounds 0.0076    solve 0.8789    add 0.0137    
Current (lb-rhs): -0.029695510864257812
22 domains visited
Cumulative time: 2.1174914836883545

BaB round 6
batch: 7
splitting decisions: 
split level 0: [/input-32, 4251] [/input-32, 4251] [/input-32, 4251] [/input-32, 4251] [/input-32, 4251] [/input-32, 4251] [/input-32, 4251] 
pruning_in_iteration open status: True
ratio of positive domain = 7 / 14 = 0.5
pruning-in-iteration extra time: 0.005261659622192383
Time: prepare 0.0009    bound 0.1690    transfer 0.0088    finalize 0.0016    func 0.1804    
Accumulated time: func 1.0590    prepare 0.0078    bound 0.9989    transfer 0.0468    finalize 0.0079    
Current worst splitting domains lb-rhs (depth):
-0.02667 (16), -0.02547 (16), -0.02474 (16), -0.02470 (16), -0.01567 (16), -0.01517 (16), -0.01510 (16), 
Length of domains: 7
Time: pickout 0.0011    decision 0.0727    set_bounds 0.0017    solve 0.1804    add 0.0019    
Accumulated time: pickout 0.0174    decision 0.5614    set_bounds 0.0093    solve 1.0593    add 0.0156    
Current (lb-rhs): -0.026668548583984375
29 domains visited
Cumulative time: 2.375586748123169

BaB round 7
batch: 7
splitting decisions: 
split level 0: [/input-72, 12] [/input-72, 12] [/input-32, 4292] [/input-72, 12] [/input-72, 12] [/input-72, 12] [/input-72, 12] 
pruning_in_iteration open status: True
ratio of positive domain = 6 / 14 = 0.4285714285714286
pruning-in-iteration extra time: 0.0071599483489990234
Time: prepare 0.0008    bound 0.1521    transfer 0.0090    finalize 0.0015    func 0.1634    
Accumulated time: func 1.2224    prepare 0.0091    bound 1.1510    transfer 0.0557    finalize 0.0093    
Current worst splitting domains lb-rhs (depth):
-0.02412 (17), -0.02181 (17), -0.02110 (17), -0.02105 (17), -0.01207 (17), -0.01154 (17), -0.01146 (17), -0.00049 (17), 
Length of domains: 8
Time: pickout 0.0103    decision 0.1012    set_bounds 0.0078    solve 0.1635    add 0.0052    
Accumulated time: pickout 0.0278    decision 0.6627    set_bounds 0.0171    solve 1.2228    add 0.0207    
Current (lb-rhs): -0.024117469787597656
37 domains visited
Cumulative time: 2.6639206409454346

BaB round 8
batch: 8
splitting decisions: 
split level 0: [/input-72, 132] [/input-72, 132] [/input-72, 132] [/input-72, 132] [/input-72, 132] [/input-72, 132] [/input-72, 132] [/input-72, 132] 
pruning_in_iteration open status: True
ratio of positive domain = 9 / 16 = 0.5625
pruning-in-iteration extra time: 0.005248069763183594
Time: prepare 0.0009    bound 0.1379    transfer 0.0016    finalize 0.0003    func 0.1407    
Accumulated time: func 1.3630    prepare 0.0104    bound 1.2889    transfer 0.0573    finalize 0.0097    
Current worst splitting domains lb-rhs (depth):
-0.02160 (18), -0.01929 (18), -0.01856 (18), -0.01849 (18), -0.00955 (18), -0.00898 (18), -0.00891 (18), 
Length of domains: 7
Time: pickout 0.0064    decision 0.1044    set_bounds 0.0010    solve 0.1407    add 0.0015    
Accumulated time: pickout 0.0342    decision 0.7671    set_bounds 0.0181    solve 1.3635    add 0.0223    
Current (lb-rhs): -0.021595001220703125
44 domains visited
Cumulative time: 2.91825270652771

BaB round 9
batch: 7
splitting decisions: 
split level 0: [/input-40, 5086] [/input-40, 5086] [/input-40, 5086] [/input-32, 4292] [/input-40, 5086] [/input-32, 4292] [/input-32, 4292] 
pruning_in_iteration open status: True
ratio of positive domain = 7 / 14 = 0.5
pruning-in-iteration extra time: 0.008803606033325195
Time: prepare 0.0008    bound 0.1708    transfer 0.0086    finalize 0.0017    func 0.1819    
Accumulated time: func 1.5450    prepare 0.0116    bound 1.4597    transfer 0.0659    finalize 0.0113    
Current worst splitting domains lb-rhs (depth):
-0.01935 (19), -0.01701 (19), -0.01607 (19), -0.01599 (19), -0.00738 (19), -0.00686 (19), -0.00644 (19), 
Length of domains: 7
Time: pickout 0.0009    decision 0.0692    set_bounds 0.0024    solve 0.1820    add 0.0018    
Accumulated time: pickout 0.0351    decision 0.8362    set_bounds 0.0205    solve 1.5455    add 0.0240    
Current (lb-rhs): -0.01935100555419922
51 domains visited
Cumulative time: 3.174659013748169

BaB round 10
batch: 7
splitting decisions: 
split level 0: [/input-32, 4292] [/input-32, 4292] [/input-32, 4265] [/input-32, 4292] [/input-40, 5086] [/input-40, 5086] [/input-40, 5086] 
pruning_in_iteration open status: True
ratio of positive domain = 7 / 14 = 0.5
pruning-in-iteration extra time: 0.007830381393432617
Time: prepare 0.0009    bound 0.1603    transfer 0.0031    finalize 0.0062    func 0.1706    
Accumulated time: func 1.7156    prepare 0.0130    bound 1.6201    transfer 0.0690    finalize 0.0176    
Current worst splitting domains lb-rhs (depth):
-0.01724 (20), -0.01456 (20), -0.01388 (20), -0.01385 (20), -0.00494 (20), -0.00443 (20), -0.00438 (20), 
Length of domains: 7
Time: pickout 0.0103    decision 0.1015    set_bounds 0.0077    solve 0.1707    add 0.0033    
Accumulated time: pickout 0.0455    decision 0.9377    set_bounds 0.0282    solve 1.7161    add 0.0273    
Current (lb-rhs): -0.017241477966308594
58 domains visited
Cumulative time: 3.468329429626465

BaB round 11
batch: 7
splitting decisions: 
split level 0: [/input-32, 4252] [/input-40, 3510] [/input-40, 3510] [/input-40, 3510] [/input-40, 3510] [/input-40, 3510] [/input-40, 3510] 
pruning_in_iteration open status: True
ratio of positive domain = 6 / 14 = 0.4285714285714286
pruning-in-iteration extra time: 0.006717205047607422
Time: prepare 0.0008    bound 0.1391    transfer 0.0023    finalize 0.0004    func 0.1426    
Accumulated time: func 1.8582    prepare 0.0142    bound 1.7591    transfer 0.0713    finalize 0.0180    
Current worst splitting domains lb-rhs (depth):
-0.01237 (21), -0.01118 (21), -0.01054 (21), -0.01050 (21), -0.00277 (21), -0.00154 (21), -0.00110 (21), -0.00108 (21), 
Length of domains: 8
Time: pickout 0.0017    decision 0.1024    set_bounds 0.0015    solve 0.1427    add 0.0020    
Accumulated time: pickout 0.0472    decision 1.0401    set_bounds 0.0297    solve 1.8588    add 0.0293    
Current (lb-rhs): -0.012372970581054688
66 domains visited
Cumulative time: 3.718829870223999

BaB round 12
batch: 8
splitting decisions: 
split level 0: [/input-40, 3510] [/input-32, 4265] [/input-32, 4265] [/input-32, 4265] [/input-32, 4265] [/input-32, 4265] [/input-32, 4265] [/input-40, 3510] 
pruning_in_iteration open status: True
ratio of positive domain = 12 / 16 = 0.75
pruning-in-iteration extra time: 0.00576472282409668
Time: prepare 0.0008    bound 0.1650    transfer 0.0031    finalize 0.0012    func 0.1702    
Accumulated time: func 2.0284    prepare 0.0154    bound 1.9241    transfer 0.0744    finalize 0.0192    
Current worst splitting domains lb-rhs (depth):
-0.00911 (22), -0.00899 (22), -0.00851 (22), -0.00851 (22), 
Length of domains: 4
Time: pickout 0.0011    decision 0.0492    set_bounds 0.0009    solve 0.1702    add 0.0032    
Accumulated time: pickout 0.0483    decision 1.0893    set_bounds 0.0306    solve 2.0290    add 0.0325    
Current (lb-rhs): -0.009114265441894531
70 domains visited
Cumulative time: 3.9438700675964355

BaB round 13
batch: 4
splitting decisions: 
split level 0: [/input-40, 184] [/input-40, 540] [/input-40, 184] [/input-40, 184] 
split level 1: [/input-72, 49] [/input-40, 184] [/input-72, 49] [/input-72, 49] 

all verified at 0th iter
pruning_in_iteration open status: False
ratio of positive domain = 16 / 16 = 1.0
pruning-in-iteration extra time: 0.00012183189392089844
Time: prepare 0.0009    bound 0.0125    transfer 0.0017    finalize 0.0066    func 0.0217    
Accumulated time: func 2.0501    prepare 0.0167    bound 1.9367    transfer 0.0761    finalize 0.0258    
Length of domains: 0
Time: pickout 0.0188    decision 0.0792    set_bounds 0.0013    solve 0.0218    add 0.0001    
Accumulated time: pickout 0.0671    decision 1.1685    set_bounds 0.0319    solve 2.0508    add 0.0326    
No domains left, verification finished!
Current (lb-rhs): 1.0000000116860974e-07
70 domains visited
Cumulative time: 4.0653462409973145

Result: unsat
Time: 11.45428729057312

------------------------- COMMAND ------------------------------
/data1/Kane/miniconda3/envs/GenBaB/bin/python /data1/Kane/GenBaB/alpha-beta-CROWN/complete_verifier/abcrown.py --config /data1/Kane/GenBaB/alpha-beta-CROWN/complete_verifier/exp_configs/vnncomp24/tinyimagenet.yaml --precompile_jit --onnx_path /data1/Kane/data/vnncomp2025_benchmarks/benchmarks/tinyimagenet_2024/onnx/TinyImageNet_resnet_medium.onnx --vnnlib_path /data1/Kane/data/vnncomp2025_benchmarks/benchmarks/tinyimagenet_2024/vnnlib/TinyImageNet_resnet_medium_prop_idx_9079_sidx_5823_eps_0.0039.vnnlib --results_file /data1/Kane/ACT/audit_results/abcrown_nopgd_20260525/tinyimagenet_2024/0029__TinyImageNet_resnet_medium__TinyImageNet_resnet_medium_prop_idx_9079_sidx_5823_eps_0.0039.result --timeout 100.0 --save_adv_example --pgd_order=skip
----------------------------------------------------------------

