[0;93m2026-05-26 14:29:15.657689550 [W:onnxruntime:Default, device_discovery.cc:325 DiscoverDevicesForPlatform] GPU device discovery failed: device_discovery.cc:92 ReadFileContents Failed to open file: "/sys/class/drm/card0/device/vendor"[m
Configurations:

general:
  device: cuda
  seed: 100
  conv_mode: patches
  deterministic: false
  double_fp: false
  loss_reduction_func: sum
  sparse_alpha: true
  sparse_interm: true
  save_adv_example: true
  verify_onnxruntime_output: false
  eval_adv_example: false
  show_adv_example: false
  precompile_jit: true
  prepare_only: false
  complete_verifier: bab
  enable_incomplete_verification: true
  csv_name: instances.csv
  results_file: /data1/Kane/ACT/audit_results/abcrown_nopgd_20260525/tinyimagenet_2024/0073__TinyImageNet_resnet_medium__TinyImageNet_resnet_medium_prop_idx_6412_sidx_6140_eps_0.0039.result
  root_path: ../../vnncomp2024_benchmarks/benchmarks/tinyimagenet
  deterministic_opt: false
  graph_optimizer: 'Customized("custom_graph_optimizer", "default_optimizer")'
  buffer_has_batchdim: false
  save_output: false
  output_file: out.pkl
  return_optimized_model: false
model:
  name: null
  path: null
  onnx_path: /data1/Kane/data/vnncomp2025_benchmarks/benchmarks/tinyimagenet_2024/onnx/TinyImageNet_resnet_medium.onnx
  onnx_path_prefix: ''
  cache_onnx_conversion: false
  debug_onnx: false
  onnx_quirks: null
  input_shape: null
  onnx_loader: default_onnx_and_vnnlib_loader
  onnx_optimization_flags: [merge_bn]
  onnx_vnnlib_joint_optimization_flags: none
  check_optimized: false
  flatten_final_output: false
  optimize_graph: null
  with_jacobian: false
data:
  start: 0
  end: 10000
  select_instance: null
  num_outputs: 10
  mean: 0.0
  std: 1.0
  pkl_path: null
  dataset: null
  data_filter_path: null
  data_idx_file: null
specification:
  type: lp
  robustness_type: verified-acc
  norm: .inf
  epsilon: null
  epsilon_min: 0.0
  vnnlib_path: /data1/Kane/data/vnncomp2025_benchmarks/benchmarks/tinyimagenet_2024/vnnlib/TinyImageNet_resnet_medium_prop_idx_6412_sidx_6140_eps_0.0039.vnnlib
  vnnlib_path_prefix: ''
  rhs_offset: null
solver:
  batch_size: 256
  auto_enlarge_batch_size: false
  min_batch_size_ratio: 0.1
  use_float64_in_last_iteration: false
  early_stop_patience: 10
  start_save_best: 0.5
  bound_prop_method: alpha-crown
  init_bound_prop_method: same
  prune_after_crown: true
  optimize_disjuncts_separately: false
  crown:
    batch_size: 1000000000
    max_crown_size: 1000000000
    activation_bound_option: adaptive
    compare_crown_with_ibp: false
  alpha-crown:
    alpha: true
    lr_alpha: 0.25
    iteration: 20
    share_alphas: false
    lr_decay: 0.98
    full_conv_alpha: true
    max_coeff_mul: .inf
    matmul_share_alphas: false
    disable_optimization: []
    max_time: 1.0
  invprop:
    apply_output_constraints_to: []
    tighten_input_bounds: false
    best_of_oc_and_no_oc: false
    directly_optimize: []
    oc_lr: 0.1
    share_gammas: false
  beta-crown:
    lr_alpha: 0.1
    lr_beta: 0.15
    lr_decay: 0.98
    optimizer: adam
    iteration: 8
    beta: true
    beta_warmup: true
    enable_opt_interm_bounds: false
    all_node_split_LP: false
  forward:
    refine: false
    max_dim: 10000
    reset_threshold: 1.0
  multi_class:
    label_batch_size: 32
    skip_with_refined_bound: true
  mip:
    unstable_neuron_threshold: 0
    parallel_solvers: null
    solver_threads: 1
    refine_neuron_timeout: 15
    refine_neuron_time_percentage: 0.8
    early_stop: true
    adv_warmup: true
    mip_solver: gurobi
    skip_unsafe: false
    topk_filter: 1.0
    sliding_window: -1
    extra_constraint: false
    refine_neuron_timeout_increasement: 0
    timeout_neuron_percentage: 0.3
    remaining_timeout_threshold: 1
    remove_unstable_neurons: false
    lp_solver: false
bab:
  initial_max_domains: 200
  backing_up_max_domain: null
  max_domains: .inf
  decision_thresh: 0
  timeout: 100.0
  timeout_scale: 1
  max_iterations: -1
  override_timeout: null
  get_upper_bound: false
  pruning_in_iteration: true
  pruning_in_iteration_ratio: 0.2
  sort_targets: false
  batched_domain_list: true
  optimized_interm: ''
  interm_transfer: false
  recompute_interm: false
  sort_domain_interval: -1
  vanilla_crown: false
  tree_traversal: depth_first
  cut:
    enabled: false
    cuts_path: /tmp/abcrown_cuts
    implication: false
    bab_cut: false
    lp_cut: false
    method: null
    lr: 0.01
    lr_decay: 1.0
    iteration: 100
    bab_iteration: -1
    early_stop_patience: -1
    lr_beta: 0.02
    number_cuts: 50
    topk_cuts_in_filter: 1000
    batch_size_primal: 100
    max_num: 1000000000
    patches_cut: false
    cplex_cuts: false
    cplex_cuts_wait: 0
    cplex_cuts_revpickup: true
    cut_reference_bounds: true
    fix_intermediate_bounds: false
    biccos:
      enabled: false
      constraint_strengthening: true
      recursively_strengthening: false
      drop_ratio: 0.5
      verified_bonus: 0.3
      max_infer_iter: 20
      heuristic: neuron_influence_score
      save_biccos_cuts: false
      multi_tree_branching:
        enabled: false
        restore_best_tree: false
        keep_n_best_domains: 1
        k_splits: 1
        iterations: 1
  branching:
    method: kfsb
    candidates: 7
    reduceop: max
    enable_intermediate_bound_opt: false
    branching_input_and_activation: false
    branching_input_and_activation_order: [input, relu]
    branching_input_iterations: 30
    branching_relu_iterations: 50
    nonlinear_split:
      method: bbps
      disable: false
      branching_point_method: uniform
      num_branches: 2
      filter: false
      filter_beta: false
      filter_clamp: false
      filter_batch_size: 10000
      filter_iterations: 25
      relu_only: false
      loose_tanh_threshold: null
      branching_point:
        db_path: branching_points.pt
        num_iterations: 1000
        batch_size: 1000000
        range_l: -5.0
        range_u: 5.0
        log_interval: 100
        step_size_1d: 0.01
        step_size: 0.2
    input_split:
      enable_clip_domains: false
      split_hint: null
      reorder_bab: false
      enable: false
      enhanced_bound_prop_method: alpha-crown
      enhanced_branching_method: naive
      enhanced_bound_patience: 100000000.0
      attack_patience: 100000000.0
      adv_check: 0
      split_partitions: 2
      sb_margin_weight: 1.0
      sb_sum: false
      sb_primary_spec: null
      bf_backup_thresh: -1
      bf_rhs_offset: 0
      bf_iters: 1000000000.0
      bf_batch_size: 100000
      bf_zero_crossing_score: false
      touch_zero_score: 0
      ibp_enhancement: false
      compare_with_old_bounds: false
      update_rhs_with_attack: false
      sb_coeff_thresh: 0.001
      sort_index: null
      sort_descending: true
      show_progress: false
      presplit_domains: null
      skip_getting_worst_domain: false
  attack:
    enabled: false
    beam_candidates: 8
    beam_depth: 7
    max_dive_fix_ratio: 0.8
    min_local_free_ratio: 0.2
    mip_start_iteration: 5
    mip_timeout: 30.0
    adv_pool_threshold: null
    refined_mip_attacker: false
    refined_batch_size: null
attack:
  pgd_order: skip
  pgd_steps: 100
  pgd_restarts: 10
  pgd_batch_size: 100000000
  pgd_early_stop: true
  pgd_lr_decay: 0.99
  pgd_alpha: auto
  pgd_alpha_scale: false
  pgd_loss_mode: null
  pgd_restart_when_stuck: false
  enable_mip_attack: false
  adv_saver: default_adv_saver
  adv_verifier: default_adv_verifier
  early_stop_condition: default_early_stop_condition
  adv_example_finalizer: default_adv_example_finalizer
  pgd_loss: default_pgd_loss
  cex_path: ./test_cex.txt
  attack_mode: PGD
  attack_tolerance: 0.0
  attack_func: attack_with_general_specs
  gama_lambda: 10.0
  gama_decay: 0.9
  check_clean: false
  input_split:
    pgd_steps: 100
    pgd_restarts: 30
    pgd_alpha: auto
  input_split_enhanced:
    pgd_steps: 200
    pgd_restarts: 500000
    pgd_alpha: auto
  input_split_check_adv:
    enabled: auto
    pgd_steps: 5
    pgd_restarts: 5
    pgd_alpha: auto
    max_num_domains: 10
debug:
  view_model: false
  lp_test: null
  rescale_vnnlib_ptb: null
  test_optimized_bounds: false
  test_optimized_bounds_after_n_iterations: 0
  print_verbose_decisions: false
  sanity_check: null
  save_minimal_config: null
  save_minimal_config_omit_keys: []

Experiments at Tue May 26 14:29:16 2026 on dell-pro-max-tower-t2
Pre-compile jit kernels on a toy network.../data1/Kane/miniconda3/envs/GenBaB/lib/python3.11/site-packages/onnx2pytorch/convert/model.py:151: UserWarning: Using experimental implementation that allows 'batch_size > 1'.Batchnorm layers could potentially produce false outputs.
  warnings.warn(
/data1/Kane/miniconda3/envs/GenBaB/lib/python3.11/site-packages/onnx2pytorch/utils.py:21: TracerWarning: Converting a tensor to a Python boolean might cause the trace to be incorrect. We can't record the data flow of Python values, so this value will be treated as a constant in the future. This means that the trace might not generalize to other inputs!
  return value.ndim == 0 or value.shape == torch.Size([1])
/data1/Kane/miniconda3/envs/GenBaB/lib/python3.11/site-packages/onnx2pytorch/operations/add.py:34: TracerWarning: Converting a tensor to a Python boolean might cause the trace to be incorrect. We can't record the data flow of Python values, so this value will be treated as a constant in the future. This means that the trace might not generalize to other inputs!
  elif all(x == 1 for x in input[0].shape):

JIT kernels compiled in 1.1170s.
Internal results will be saved to /data1/Kane/ACT/audit_results/abcrown_nopgd_20260525/tinyimagenet_2024/0073__TinyImageNet_resnet_medium__TinyImageNet_resnet_medium_prop_idx_6412_sidx_6140_eps_0.0039.result.

 %%%%%%%%%%%%%%%%%%%%%%%%%%%%%%%%%%% idx: 0, vnnlib ID: 0 %%%%%%%%%%%%%%%%%%%%%%%%%%%%%%%%%%%
Using onnx /data1/Kane/data/vnncomp2025_benchmarks/benchmarks/tinyimagenet_2024/onnx/TinyImageNet_resnet_medium.onnx
Using vnnlib /data1/Kane/data/vnncomp2025_benchmarks/benchmarks/tinyimagenet_2024/vnnlib/TinyImageNet_resnet_medium_prop_idx_6412_sidx_6140_eps_0.0039.vnnlib
9408 inputs and 200 outputs in vnnlib
Loading onnx /data1/Kane/data/vnncomp2025_benchmarks/benchmarks/tinyimagenet_2024/onnx/TinyImageNet_resnet_medium.onnx with quirks {}
Onnx optimization with flags: ['merge_bn']
Found existed optimized onnx model at /data1/Kane/data/vnncomp2025_benchmarks/benchmarks/tinyimagenet_2024/onnx/TinyImageNet_resnet_medium.onnx.optimized
Finished onnx model loading in 0.0824 seconds
Model: BoundedModule(
  (/input-1): BoundInput(name=/input-1, inputs=[], perturbed=True)
  (/43): BoundParams(name=/43, inputs=[], perturbed=False)
  (/44): BoundParams(name=/44, inputs=[], perturbed=False)
  (/45): BoundParams(name=/45, inputs=[], perturbed=False)
  (/46): BoundParams(name=/46, inputs=[], perturbed=False)
  (/47): BoundParams(name=/47, inputs=[], perturbed=False)
  (/48): BoundParams(name=/48, inputs=[], perturbed=False)
  (/49): BoundParams(name=/49, inputs=[], perturbed=False)
  (/50): BoundParams(name=/50, inputs=[], perturbed=False)
  (/51): BoundParams(name=/51, inputs=[], perturbed=False)
  (/52): BoundParams(name=/52, inputs=[], perturbed=False)
  (/53): BoundParams(name=/53, inputs=[], perturbed=False)
  (/54): BoundParams(name=/54, inputs=[], perturbed=False)
  (/55): BoundParams(name=/55, inputs=[], perturbed=False)
  (/56): BoundParams(name=/56, inputs=[], perturbed=False)
  (/57): BoundParams(name=/57, inputs=[], perturbed=False)
  (/58): BoundParams(name=/58, inputs=[], perturbed=False)
  (/59): BoundParams(name=/59, inputs=[], perturbed=False)
  (/60): BoundParams(name=/60, inputs=[], perturbed=False)
  (/61): BoundParams(name=/61, inputs=[], perturbed=False)
  (/62): BoundParams(name=/62, inputs=[], perturbed=False)
  (/63): BoundParams(name=/63, inputs=[], perturbed=False)
  (/64): BoundParams(name=/64, inputs=[], perturbed=False)
  (/65): BoundParams(name=/65, inputs=[], perturbed=False)
  (/66): BoundParams(name=/66, inputs=[], perturbed=False)
  (/67): BoundParams(name=/67, inputs=[], perturbed=False)
  (/68): BoundParams(name=/68, inputs=[], perturbed=False)
  (/69): BoundParams(name=/69, inputs=[], perturbed=False)
  (/70): BoundParams(name=/70, inputs=[], perturbed=False)
  (/71): BoundParams(name=/71, inputs=[], perturbed=False)
  (/72): BoundParams(name=/72, inputs=[], perturbed=False)
  (/73): BoundParams(name=/73, inputs=[], perturbed=False)
  (/74): BoundParams(name=/74, inputs=[], perturbed=False)
  (/75): BoundParams(name=/75, inputs=[], perturbed=False)
  (/76): BoundParams(name=/76, inputs=[], perturbed=False)
  (/77): BoundParams(name=/77, inputs=[], perturbed=False)
  (/78): BoundParams(name=/78, inputs=[], perturbed=False)
  (/79): BoundParams(name=/79, inputs=[], perturbed=False)
  (/80): BoundParams(name=/80, inputs=[], perturbed=False)
  (/81): BoundParams(name=/81, inputs=[], perturbed=False)
  (/82): BoundParams(name=/82, inputs=[], perturbed=False)
  (/83): BoundParams(name=/83, inputs=[], perturbed=False)
  (/84): BoundParams(name=/84, inputs=[], perturbed=False)
  (/input): BoundConv(name=/input, inputs=[/input-1, /43, /44], perturbed=True)
  (/input-4): BoundRelu(name=/input-4, inputs=[/input], perturbed=True)
  (/input-8): BoundConv(name=/input-8, inputs=[/input-4, /45, /46], perturbed=True)
  (/input-12): BoundRelu(name=/input-12, inputs=[/input-8], perturbed=True)
  (/89): BoundConv(name=/89, inputs=[/input-12, /47, /48], perturbed=True)
  (/90): BoundConv(name=/90, inputs=[/input-4, /49, /50], perturbed=True)
  (/91): BoundAdd(name=/91, inputs=[/89, /90], perturbed=True)
  (/input-16): BoundConv(name=/input-16, inputs=[/91, /51, /52], perturbed=True)
  (/input-20): BoundRelu(name=/input-20, inputs=[/input-16], perturbed=True)
  (/94): BoundConv(name=/94, inputs=[/input-20, /53, /54], perturbed=True)
  (/95): BoundAdd(name=/95, inputs=[/94, /91], perturbed=True)
  (/input-24): BoundConv(name=/input-24, inputs=[/95, /55, /56], perturbed=True)
  (/input-28): BoundRelu(name=/input-28, inputs=[/input-24], perturbed=True)
  (/98): BoundConv(name=/98, inputs=[/input-28, /57, /58], perturbed=True)
  (/99): BoundAdd(name=/99, inputs=[/98, /95], perturbed=True)
  (/input-32): BoundConv(name=/input-32, inputs=[/99, /59, /60], perturbed=True)
  (/input-36): BoundRelu(name=/input-36, inputs=[/input-32], perturbed=True)
  (/102): BoundConv(name=/102, inputs=[/input-36, /61, /62], perturbed=True)
  (/103): BoundAdd(name=/103, inputs=[/102, /99], perturbed=True)
  (/input-40): BoundConv(name=/input-40, inputs=[/103, /63, /64], perturbed=True)
  (/input-44): BoundRelu(name=/input-44, inputs=[/input-40], perturbed=True)
  (/106): BoundConv(name=/106, inputs=[/input-44, /65, /66], perturbed=True)
  (/107): BoundConv(name=/107, inputs=[/103, /67, /68], perturbed=True)
  (/108): BoundAdd(name=/108, inputs=[/106, /107], perturbed=True)
  (/input-48): BoundConv(name=/input-48, inputs=[/108, /69, /70], perturbed=True)
  (/input-52): BoundRelu(name=/input-52, inputs=[/input-48], perturbed=True)
  (/111): BoundConv(name=/111, inputs=[/input-52, /71, /72], perturbed=True)
  (/112): BoundAdd(name=/112, inputs=[/111, /108], perturbed=True)
  (/input-56): BoundConv(name=/input-56, inputs=[/112, /73, /74], perturbed=True)
  (/input-60): BoundRelu(name=/input-60, inputs=[/input-56], perturbed=True)
  (/115): BoundConv(name=/115, inputs=[/input-60, /75, /76], perturbed=True)
  (/116): BoundAdd(name=/116, inputs=[/115, /112], perturbed=True)
  (/input-64): BoundConv(name=/input-64, inputs=[/116, /77, /78], perturbed=True)
  (/input-68): BoundRelu(name=/input-68, inputs=[/input-64], perturbed=True)
  (/119): BoundConv(name=/119, inputs=[/input-68, /79, /80], perturbed=True)
  (/120): BoundAdd(name=/120, inputs=[/119, /116], perturbed=True)
  (/121): BoundFlatten(name=/121, inputs=[/120], perturbed=True)
  (/input-72): BoundLinear(name=/input-72, inputs=[/121, /81, /82], perturbed=True)
  (/123): BoundRelu(name=/123, inputs=[/input-72], perturbed=True)
  (/124): BoundLinear(name=/124, inputs=[/123, /83, /84], perturbed=True)
)
Original output: tensor([[-23.85338020, -20.50476074, -21.22589302, -21.48260117, -18.44816017,
         -16.10151482, -18.35910606, -16.50719833, -21.00739098, -17.96394920,
         -16.78978729, -22.19028664, -16.44326401, -24.12853050, -23.20060921,
         -17.36389732, -18.03596115, -19.77910233, -20.01612091, -17.93036842,
         -22.32707024, -18.46819305, -24.55365372, -30.29896164, -20.97479820,
         -15.24286652, -18.76362801, -19.39288139, -18.60537910, -18.52592468,
         -16.44231606, -22.00723648, -17.12877464, -17.40811539, -19.60873985,
         -18.17747688, -20.83129120, -18.40416908, -20.76559639, -18.83067322,
         -19.42063904, -17.42187309, -20.57261467, -18.93201065, -22.12430000,
         -22.92218781, -21.01058006, -20.77588463, -18.23659706, -16.30214882,
         -17.49418831, -17.84615707, -20.37843704, -16.76768303, -20.09859085,
         -21.78874969, -20.14072609, -18.20161819, -20.72625160, -18.56466484,
         -19.40558815, -13.81217194, -16.54345894, -17.11854553, -18.82644844,
         -20.09503555, -22.11784172, -16.73930168, -17.03714371, -22.71699142,
         -25.67344093, -22.87983322, -21.56806183, -16.07427216, -18.89863586,
         -19.87163925, -15.82574940, -16.64610863, -17.98371887, -15.05737972,
         -20.25123405, -25.74883842, -13.47272778, -18.89693832, -20.31662560,
         -14.87970257, -19.67191505, -23.21116638, -17.48097610, -17.41234589,
         -17.13974571, -14.30692577, -19.62675667, -16.18439102, -26.93338776,
         -23.11273003, -20.92715263, -24.37812424, -21.09525871, -19.19349480,
         -19.00899506, -24.03342628, -18.95626450, -24.67283821, -20.89826012,
         -11.41100883, -17.97418213, -27.22539902, -18.53510857, -20.43720436,
         -21.42871094, -18.57137299, -11.85881996, -19.95847321, -20.45170403,
         -23.74886131, -22.77303696, -20.49068260, -19.14266014, -17.16234970,
         -16.65263939, -24.43299866, -17.23591232, -18.16050148, -17.00760841,
         -17.31378937, -16.75160980, -19.21547699, -20.08791733, -16.68111229,
         -20.35248566, -18.70522118, -18.23181343, -25.15264320, -16.65447998,
         -18.09711647, -18.27706146, -20.72615051, -19.23881721, -19.89630318,
         -17.03452873, -19.53935432, -19.39605331, -22.31958389, -18.71485138,
         -20.31970787, -24.16355705, -18.23484039, -20.76089859, -16.69284058,
         -18.57975578, -19.86425972, -22.72089767, -26.05420113, -24.21178246,
         -20.83664131, -18.44234657, -22.62842178, -21.05326080, -17.71905136,
         -18.78025055, -17.33712959, -19.10692787, -17.46727371, -19.56800842,
         -17.48397255, -25.77663994, -16.88432884, -18.42858124, -10.06714249,
         -19.06593704, -19.18489838, -17.17240334, -22.47356415, -20.37508392,
         -16.51646423, -17.19573402, -19.33181572, -19.25226593, -19.26944923,
         -19.79833984, -18.01633072, -20.23808098, -19.57999611, -22.24333763,
         -20.42291260, -24.01418877, -24.68799973, -19.45026779, -22.22928619,
         -17.55771065, -20.74703789, -20.53980255, -23.68912888, -22.25361633,
         -18.59266853, -22.25690269, -23.42728806, -23.91268539, -20.80764008]],
       device='cuda:0')
Split layers:
Nonlinear functions:
   BoundRelu(name=/input-4, inputs=[/input], perturbed=True)
   BoundRelu(name=/input-12, inputs=[/input-8], perturbed=True)
   BoundRelu(name=/input-20, inputs=[/input-16], perturbed=True)
   BoundRelu(name=/input-28, inputs=[/input-24], perturbed=True)
   BoundRelu(name=/input-36, inputs=[/input-32], perturbed=True)
   BoundRelu(name=/input-44, inputs=[/input-40], perturbed=True)
   BoundRelu(name=/input-52, inputs=[/input-48], perturbed=True)
   BoundRelu(name=/input-60, inputs=[/input-56], perturbed=True)
   BoundRelu(name=/input-68, inputs=[/input-64], perturbed=True)
   BoundRelu(name=/123, inputs=[/input-72], perturbed=True)
layer /input-4 using sparse-features alpha with shape [865]; unstable size 865; total size 46656 ([1, 64, 27, 27])
layer /input-4 start_node /input-8 using sparse-spec alpha [2, 115, 1, 865] with unstable size 114 total_size 128 output_shape 128
layer /input-4 start_node /input-16 using sparse-spec alpha [2, 195, 1, 865] with unstable size 194 total_size 25088 output_shape (128, 14, 14)
layer /input-4 start_node /input-32 using sparse-spec alpha [2, 7, 1, 865] with unstable size 6 total_size 25088 output_shape (128, 14, 14)
layer /input-4 start_node /input-40 using sparse-spec alpha [2, 110, 1, 865] with unstable size 109 total_size 6272 output_shape torch.Size([128, 7, 7])
layer /input-4 start_node /input-72 using sparse-spec alpha [2, 77, 1, 865] with unstable size 76 total_size 200 output_shape torch.Size([200])
layer /input-4 start_node /124 using full alpha [2, 199, 1, 865] with unstable size None total_size 199 output_shape 199
layer /input-12 using sparse-features alpha with shape [591]; unstable size 591; total size 25088 ([1, 128, 14, 14])
layer /input-12 start_node /input-16 using sparse-spec alpha [2, 195, 1, 591] with unstable size 194 total_size 25088 output_shape (128, 14, 14)
layer /input-12 start_node /input-32 using sparse-spec alpha [2, 7, 1, 591] with unstable size 6 total_size 25088 output_shape (128, 14, 14)
layer /input-12 start_node /input-40 using sparse-spec alpha [2, 110, 1, 591] with unstable size 109 total_size 6272 output_shape torch.Size([128, 7, 7])
layer /input-12 start_node /input-72 using sparse-spec alpha [2, 77, 1, 591] with unstable size 76 total_size 200 output_shape torch.Size([200])
layer /input-12 start_node /124 using full alpha [2, 199, 1, 591] with unstable size None total_size 199 output_shape 199
layer /input-20 using sparse-features alpha with shape [194]; unstable size 194; total size 25088 ([1, 128, 14, 14])
layer /input-20 start_node /input-32 using sparse-spec alpha [2, 7, 1, 194] with unstable size 6 total_size 25088 output_shape (128, 14, 14)
layer /input-20 start_node /input-40 using sparse-spec alpha [2, 110, 1, 194] with unstable size 109 total_size 6272 output_shape (128, 7, 7)
layer /input-20 start_node /input-72 using sparse-spec alpha [2, 77, 1, 194] with unstable size 76 total_size 200 output_shape torch.Size([200])
layer /input-20 start_node /124 using full alpha [2, 199, 1, 194] with unstable size None total_size 199 output_shape 199
layer /input-28 using sparse-features alpha with shape [0]; unstable size 0; total size 25088 ([1, 128, 14, 14])
layer /input-28 start_node /input-32 using sparse-spec alpha [2, 7, 1, 0] with unstable size 6 total_size 25088 output_shape (128, 14, 14)
layer /input-28 start_node /input-40 using sparse-spec alpha [2, 110, 1, 0] with unstable size 109 total_size 6272 output_shape (128, 7, 7)
layer /input-28 start_node /input-72 using sparse-spec alpha [2, 77, 1, 0] with unstable size 76 total_size 200 output_shape torch.Size([200])
layer /input-28 start_node /124 using full alpha [2, 199, 1, 0] with unstable size None total_size 199 output_shape 199
layer /input-36 using sparse-features alpha with shape [6]; unstable size 6; total size 25088 ([1, 128, 14, 14])
layer /input-36 start_node /input-40 using sparse-spec alpha [2, 110, 1, 6] with unstable size 109 total_size 6272 output_shape (128, 7, 7)
layer /input-36 start_node /input-72 using sparse-spec alpha [2, 77, 1, 6] with unstable size 76 total_size 200 output_shape torch.Size([200])
layer /input-36 start_node /124 using full alpha [2, 199, 1, 6] with unstable size None total_size 199 output_shape 199
layer /input-44 using sparse-features alpha with shape [109]; unstable size 109; total size 6272 ([1, 128, 7, 7])
layer /input-44 start_node /input-72 using sparse-spec alpha [2, 77, 1, 109] with unstable size 76 total_size 200 output_shape torch.Size([200])
layer /input-44 start_node /124 using full alpha [2, 199, 1, 109] with unstable size None total_size 199 output_shape 199
layer /input-52 using sparse-features alpha with shape [0]; unstable size 0; total size 6272 ([1, 128, 7, 7])
layer /input-52 start_node /input-72 using sparse-spec alpha [2, 77, 1, 0] with unstable size 76 total_size 200 output_shape torch.Size([200])
layer /input-52 start_node /124 using full alpha [2, 199, 1, 0] with unstable size None total_size 199 output_shape 199
layer /input-60 using sparse-features alpha with shape [0]; unstable size 0; total size 6272 ([1, 128, 7, 7])
layer /input-60 start_node /input-72 using sparse-spec alpha [2, 77, 1, 0] with unstable size 76 total_size 200 output_shape torch.Size([200])
layer /input-60 start_node /124 using full alpha [2, 199, 1, 0] with unstable size None total_size 199 output_shape 199
layer /input-68 using sparse-features alpha with shape [0]; unstable size 0; total size 6272 ([1, 128, 7, 7])
layer /input-68 start_node /input-72 using sparse-spec alpha [2, 77, 1, 0] with unstable size 76 total_size 200 output_shape torch.Size([200])
layer /input-68 start_node /124 using full alpha [2, 199, 1, 0] with unstable size None total_size 199 output_shape 199
layer /123 using sparse-features alpha with shape [76]; unstable size 76; total size 200 ([1, 200])
layer /123 start_node /124 using full alpha [2, 199, 1, 76] with unstable size None total_size 199 output_shape 199
Optimizable variables initialized.
initial CROWN bounds: tensor([[11.03591728,  7.72853470,  8.16729355,  8.57295990,  5.65752459,
          3.51997566,  5.48643541,  3.84282017,  8.04376316,  4.95743036,
          4.31452465,  9.05872345,  3.24445295, 11.04881859, 10.13147831,
          4.37212563,  5.50999212,  6.56950569,  7.15674686,  5.49654341,
          9.19761276,  5.46679783, 11.08909130, 16.87866974,  7.51399422,
          1.73884082,  5.77723789,  6.11761856,  5.23096466,  5.37503529,
          3.37272406,  8.73583317,  4.26471138,  4.13770580,  6.63181019,
          4.71365643,  7.31136799,  5.28407860,  7.69387674,  6.31691265,
          6.53527260,  4.65612030,  7.80214405,  6.28626728,  9.31791306,
          9.57559872,  8.02803993,  7.57825899,  5.39916658,  3.50297213,
          4.31600380,  4.51467896,  7.45288563,  3.59111738,  7.20661736,
          8.39753437,  6.88924551,  5.22509098,  7.85607910,  5.88064146,
          6.55519390,  1.50173211,  4.09565258,  4.30059624,  6.15706873,
          7.33092690,  9.42296314,  4.04703569,  4.24201584,  9.63140583,
         12.94816017,  9.62325191,  8.25944328,  3.23066854,  5.97696781,
          6.65187216,  3.02534747,  3.97024536,  5.28043270,  2.73296428,
          7.31246090, 12.59751797,  1.18503523,  6.23251247,  7.07567120,
          2.85670209,  6.90692902, 10.35046387,  4.89083529,  4.80828285,
          4.55676746,  1.33410788,  7.15628433,  3.89182425, 14.22134590,
         10.09849739,  7.91709280, 11.21285915,  8.58804321,  6.52708960,
          6.43674421, 11.09574413,  5.93036366, 11.81710529,  7.73554039,
         -1.02990603,  5.28721189, 13.98157120,  5.72256660,  7.10980701,
          8.44961929,  5.98269558, -0.15121078,  6.98758411,  7.44684315,
         10.72913551, 10.04798126,  7.72808933,  6.28213406,  4.37215996,
          4.09229088, 11.36590004,  4.74458218,  5.27619076,  4.66349792,
          4.92195129,  4.03610802,  6.28037548,  7.26386452,  3.91006422,
          7.71382284,  5.93097973,  5.58746052, 12.10694885,  4.34064531,
          5.09259272,  5.49759531,  7.70617294,  6.36802006,  6.78818417,
          4.20306969,  6.63285923,  6.76570225,  9.42531204,  5.84479141,
          7.70252848, 11.32607746,  5.22671413,  7.95440960,  3.90852165,
          5.83577013,  7.24621010,  9.51422405, 13.26188660, 11.16465950,
          7.93331051,  5.62562466,  9.76205254,  8.02784729,  4.83673239,
          5.88659906,  4.56356335,  6.42239571,  4.23116302,  6.79115963,
          4.78439713, 12.60583687,  4.40795898,  5.95809078,  6.22784615,
          6.04635715,  4.35706091,  9.26378345,  7.17810249,  3.86250830,
          4.89898205,  6.54839420,  6.11594868,  6.06604099,  6.96472406,
          5.37125683,  7.47381783,  6.40826035,  8.92944431,  7.40367508,
         10.69365025, 11.14864159,  6.68764400,  8.77625847,  4.93051910,
          7.88163567,  7.56116295, 10.37992191,  8.89938831,  5.63613176,
          8.74621582, 10.28852463, 10.50626183,  7.25048494]], device='cuda:0') None
prune_after_crown optimization in use: original label size = 199 pruned label size = 2
best_l after optimization: -0.9629305601119995
alpha/beta optimization time: 2.907496213912964
initial alpha-crown bounds: tensor([[        inf,         inf,         inf,         inf,         inf,
                 inf,         inf,         inf,         inf,         inf,
                 inf,         inf,         inf,         inf,         inf,
                 inf,         inf,         inf,         inf,         inf,
                 inf,         inf,         inf,         inf,         inf,
                 inf,         inf,         inf,         inf,         inf,
                 inf,         inf,         inf,         inf,         inf,
                 inf,         inf,         inf,         inf,         inf,
                 inf,         inf,         inf,         inf,         inf,
                 inf,         inf,         inf,         inf,         inf,
                 inf,         inf,         inf,         inf,         inf,
                 inf,         inf,         inf,         inf,         inf,
                 inf,         inf,         inf,         inf,         inf,
                 inf,         inf,         inf,         inf,         inf,
                 inf,         inf,         inf,         inf,         inf,
                 inf,         inf,         inf,         inf,         inf,
                 inf,         inf,         inf,         inf,         inf,
                 inf,         inf,         inf,         inf,         inf,
                 inf,         inf,         inf,         inf,         inf,
                 inf,         inf,         inf,         inf,         inf,
                 inf,         inf,         inf,         inf,         inf,
         -0.92144430,         inf,         inf,         inf,         inf,
                 inf,         inf, -0.04148626,         inf,         inf,
                 inf,         inf,         inf,         inf,         inf,
                 inf,         inf,         inf,         inf,         inf,
                 inf,         inf,         inf,         inf,         inf,
                 inf,         inf,         inf,         inf,         inf,
                 inf,         inf,         inf,         inf,         inf,
                 inf,         inf,         inf,         inf,         inf,
                 inf,         inf,         inf,         inf,         inf,
                 inf,         inf,         inf,         inf,         inf,
                 inf,         inf,         inf,         inf,         inf,
                 inf,         inf,         inf,         inf,         inf,
                 inf,         inf,         inf,         inf,         inf,
                 inf,         inf,         inf,         inf,         inf,
                 inf,         inf,         inf,         inf,         inf,
                 inf,         inf,         inf,         inf,         inf,
                 inf,         inf,         inf,         inf,         inf,
                 inf,         inf,         inf,         inf,         inf,
                 inf,         inf,         inf,         inf]], device='cuda:0')
Number of class (without rhs): 2 ; Worst class: (+ rhs) -0.921444296836853
Total VNNLIB file length: 199, max property batch size: 200, total number of batches: 1
lA shape: [torch.Size([199, 1, 64, 27, 27]), torch.Size([199, 1, 128, 14, 14]), torch.Size([199, 1, 128, 14, 14]), torch.Size([199, 1, 128, 14, 14]), torch.Size([199, 1, 128, 14, 14]), torch.Size([199, 1, 128, 7, 7]), torch.Size([199, 1, 128, 7, 7]), torch.Size([199, 1, 128, 7, 7]), torch.Size([199, 1, 128, 7, 7]), torch.Size([199, 1, 200])]

Properties batch 0, size 199
Remaining timeout: 92.9827811717987
Verifying property 0 with 199 instances.
##### Instance 0 first 10 spec matrices: 
tensor([[[-1.,  0.,  0.,  ...,  0.,  0.,  0.]],

        [[ 0., -1.,  0.,  ...,  0.,  0.,  0.]],

        [[ 0.,  0., -1.,  ...,  0.,  0.,  0.]],

        ...,

        [[ 0.,  0.,  0.,  ...,  0.,  0.,  0.]],

        [[ 0.,  0.,  0.,  ...,  0.,  0.,  0.]],

        [[ 0.,  0.,  0.,  ...,  0.,  0.,  0.]]], dtype=torch.float64)
thresholds: tensor([0., 0., 0., 0., 0., 0., 0., 0., 0., 0.], device='cuda:0') ######
Initial alpha-CROWN verified for spec index tensor([  0,   1,   2,   3,   4,   5,   6,   7,   8,   9,  10,  11,  12,  13,
         14,  15,  16,  17,  18,  19,  20,  21,  22,  23,  24,  25,  26,  27,
         28,  29,  30,  31,  32,  33,  34,  35,  36,  37,  38,  39,  40,  41,
         42,  43,  44,  45,  46,  47,  48,  49,  50,  51,  52,  53,  54,  55,
         56,  57,  58,  59,  60,  61,  62,  63,  64,  65,  66,  67,  68,  69,
         70,  71,  72,  73,  74,  75,  76,  77,  78,  79,  80,  81,  82,  83,
         84,  85,  86,  87,  88,  89,  90,  91,  92,  93,  94,  95,  96,  97,
         98,  99, 100, 101, 102, 103, 104, 106, 107, 108, 109, 110, 111, 113,
        114, 115, 116, 117, 118, 119, 120, 121, 122, 123, 124, 125, 126, 127,
        128, 129, 130, 131, 132, 133, 134, 135, 136, 137, 138, 139, 140, 141,
        142, 143, 144, 145, 146, 147, 148, 149, 150, 151, 152, 153, 154, 155,
        156, 157, 158, 159, 160, 161, 162, 163, 164, 165, 166, 167, 168, 169,
        170, 171, 172, 173, 174, 175, 176, 177, 178, 179, 180, 181, 182, 183,
        184, 185, 186, 187, 188, 189, 190, 191, 192, 193, 194, 195, 196, 197,
        198], device='cuda:0') with bound tensor([inf, inf, inf, inf, inf, inf, inf, inf, inf, inf, inf, inf, inf, inf, inf, inf, inf, inf, inf, inf, inf, inf, inf, inf,
        inf, inf, inf, inf, inf, inf, inf, inf, inf, inf, inf, inf, inf, inf, inf, inf, inf, inf, inf, inf, inf, inf, inf, inf,
        inf, inf, inf, inf, inf, inf, inf, inf, inf, inf, inf, inf, inf, inf, inf, inf, inf, inf, inf, inf, inf, inf, inf, inf,
        inf, inf, inf, inf, inf, inf, inf, inf, inf, inf, inf, inf, inf, inf, inf, inf, inf, inf, inf, inf, inf, inf, inf, inf,
        inf, inf, inf, inf, inf, inf, inf, inf, inf, inf, inf, inf, inf, inf, inf, inf, inf, inf, inf, inf, inf, inf, inf, inf,
        inf, inf, inf, inf, inf, inf, inf, inf, inf, inf, inf, inf, inf, inf, inf, inf, inf, inf, inf, inf, inf, inf, inf, inf,
        inf, inf, inf, inf, inf, inf, inf, inf, inf, inf, inf, inf, inf, inf, inf, inf, inf, inf, inf, inf, inf, inf, inf, inf,
        inf, inf, inf, inf, inf, inf, inf, inf, inf, inf, inf, inf, inf, inf, inf, inf, inf, inf, inf, inf, inf, inf, inf, inf,
        inf, inf, inf, inf, inf], device='cuda:0').
Remaining spec index tensor([105, 112], device='cuda:0') with bounds tensor([[-0.92144430],
        [-0.04148626]], device='cuda:0') need to verify.
Model prediction is: tensor([-23.85338020, -20.50476074, -21.22589302, -21.48260117, -18.44816017,
        -16.10151482, -18.35910606, -16.50719833, -21.00739098, -17.96394920,
        -16.78978729, -22.19028664, -16.44326401, -24.12853050, -23.20060921,
        -17.36389732, -18.03596115, -19.77910233, -20.01612091, -17.93036842,
        -22.32707024, -18.46819305, -24.55365372, -30.29896164, -20.97479820,
        -15.24286652, -18.76362801, -19.39288139, -18.60537910, -18.52592468,
        -16.44231606, -22.00723648, -17.12877464, -17.40811539, -19.60873985,
        -18.17747688, -20.83129120, -18.40416908, -20.76559639, -18.83067322,
        -19.42063904, -17.42187309, -20.57261467, -18.93201065, -22.12430000,
        -22.92218781, -21.01058006, -20.77588463, -18.23659706, -16.30214882,
        -17.49418831, -17.84615707, -20.37843704, -16.76768303, -20.09859085,
        -21.78874969, -20.14072609, -18.20161819, -20.72625160, -18.56466484,
        -19.40558815, -13.81217194, -16.54345894, -17.11854553, -18.82644844,
        -20.09503555, -22.11784172, -16.73930168, -17.03714371, -22.71699142,
        -25.67344093, -22.87983322, -21.56806183, -16.07427216, -18.89863586,
        -19.87163925, -15.82574940, -16.64610863, -17.98371887, -15.05737972,
        -20.25123405, -25.74883842, -13.47272778, -18.89693832, -20.31662560,
        -14.87970257, -19.67191505, -23.21116638, -17.48097610, -17.41234589,
        -17.13974571, -14.30692577, -19.62675667, -16.18439102, -26.93338776,
        -23.11273003, -20.92715263, -24.37812424, -21.09525871, -19.19349480,
        -19.00899506, -24.03342628, -18.95626450, -24.67283821, -20.89826012,
        -11.41100883, -17.97418213, -27.22539902, -18.53510857, -20.43720436,
        -21.42871094, -18.57137299, -11.85881996, -19.95847321, -20.45170403,
        -23.74886131, -22.77303696, -20.49068260, -19.14266014, -17.16234970,
        -16.65263939, -24.43299866, -17.23591232, -18.16050148, -17.00760841,
        -17.31378937, -16.75160980, -19.21547699, -20.08791733, -16.68111229,
        -20.35248566, -18.70522118, -18.23181343, -25.15264320, -16.65447998,
        -18.09711647, -18.27706146, -20.72615051, -19.23881721, -19.89630318,
        -17.03452873, -19.53935432, -19.39605331, -22.31958389, -18.71485138,
        -20.31970787, -24.16355705, -18.23484039, -20.76089859, -16.69284058,
        -18.57975578, -19.86425972, -22.72089767, -26.05420113, -24.21178246,
        -20.83664131, -18.44234657, -22.62842178, -21.05326080, -17.71905136,
        -18.78025055, -17.33712959, -19.10692787, -17.46727371, -19.56800842,
        -17.48397255, -25.77663994, -16.88432884, -18.42858124, -10.06714249,
        -19.06593704, -19.18489838, -17.17240334, -22.47356415, -20.37508392,
        -16.51646423, -17.19573402, -19.33181572, -19.25226593, -19.26944923,
        -19.79833984, -18.01633072, -20.23808098, -19.57999611, -22.24333763,
        -20.42291260, -24.01418877, -24.68799973, -19.45026779, -22.22928619,
        -17.55771065, -20.74703789, -20.53980255, -23.68912888, -22.25361633,
        -18.59266853, -22.25690269, -23.42728806, -23.91268539, -20.80764008],
       device='cuda:0')
build_with_refined_bounds batch [1/1]
setting alpha for layer /input-4 start_node /124 with alignment adjustment
setting alpha for layer /input-12 start_node /124 with alignment adjustment
setting alpha for layer /input-20 start_node /124 with alignment adjustment
setting alpha for layer /input-28 start_node /124 with alignment adjustment
setting alpha for layer /input-36 start_node /124 with alignment adjustment
setting alpha for layer /input-44 start_node /124 with alignment adjustment
setting alpha for layer /input-52 start_node /124 with alignment adjustment
setting alpha for layer /input-60 start_node /124 with alignment adjustment
setting alpha for layer /input-68 start_node /124 with alignment adjustment
setting alpha for layer /123 start_node /124 with alignment adjustment
all alpha initialized
directly get lb and ub from refined bounds
c shape: torch.Size([2, 1, 200])
lA shapes: [torch.Size([2, 1, 64, 27, 27]), torch.Size([2, 1, 128, 14, 14]), torch.Size([2, 1, 128, 14, 14]), torch.Size([2, 1, 128, 14, 14]), torch.Size([2, 1, 128, 14, 14]), torch.Size([2, 1, 128, 7, 7]), torch.Size([2, 1, 128, 7, 7]), torch.Size([2, 1, 128, 7, 7]), torch.Size([2, 1, 128, 7, 7]), torch.Size([2, 1, 200])]
(alpha-)CROWN with fixed intermediate bounds: tensor([[-0.92144430],
        [-0.04148626]], device='cuda:0') tensor([[inf],
        [inf]], device='cuda:0')
Intermediate layers: /input,/input-8,/input-16,/input-24,/input-32,/input-40,/input-48,/input-56,/input-64,/input-72,/124
Keeping alphas for these layers: ['/124']
Keeping alphas for these layers: ['/124']
Node /input-4 input 0: size torch.Size([64, 27, 27]) unstable 865
Node /input-12 input 0: size torch.Size([128, 14, 14]) unstable 585
Node /input-20 input 0: size torch.Size([128, 14, 14]) unstable 187
Node /input-28 input 0: size torch.Size([128, 14, 14]) unstable 0
Node /input-36 input 0: size torch.Size([128, 14, 14]) unstable 6
Node /input-44 input 0: size torch.Size([128, 7, 7]) unstable 106
Node /input-52 input 0: size torch.Size([128, 7, 7]) unstable 0
Node /input-60 input 0: size torch.Size([128, 7, 7]) unstable 0
Node /input-68 input 0: size torch.Size([128, 7, 7]) unstable 0
Node /123 input 0: size torch.Size([200]) unstable 75
-----------------
# of unstable neurons: 1824
-----------------

BaB round 1
batch: 2
splitting decisions: 
split level 0: [/input-72, 53] [/input-72, 81] 
split level 1: [/input-72, 118] [/input-72, 103] 
split level 2: [/input-72, 41] [/input-72, 118] 
pruning_in_iteration open status: True
ratio of positive domain = 8 / 16 = 0.5
pruning-in-iteration extra time: 0.00994729995727539
Time: prepare 0.0005    bound 0.2725    transfer 0.0098    finalize 0.0019    func 0.2848    
Accumulated time: func 0.2848    prepare 0.0010    bound 0.2725    transfer 0.0098    finalize 0.0019    
Current worst splitting domains lb-rhs (depth):
-0.66016 (3), -0.59145 (3), -0.50115 (3), -0.43735 (3), -0.42312 (3), -0.33266 (3), -0.24014 (3), -0.11629 (3), 
Length of domains: 8
Time: pickout 0.0008    decision 0.1687    set_bounds 0.0012    solve 0.2849    add 0.0058    
Accumulated time: pickout 0.0008    decision 0.1687    set_bounds 0.0012    solve 0.2849    add 0.0058    
Current (lb-rhs): -0.6601579189300537
8 domains visited
Cumulative time: 1.1423578262329102

BaB round 2
batch: 8
splitting decisions: 
split level 0: [/input-72, 48] [/input-72, 48] [/input-72, 48] [/input-72, 48] [/input-72, 48] [/input-72, 48] [/input-72, 48] [/input-72, 48] 
pruning_in_iteration open status: True
ratio of positive domain = 4 / 16 = 0.25
pruning-in-iteration extra time: 0.006110191345214844
Time: prepare 0.0007    bound 0.1596    transfer 0.0026    finalize 0.0005    func 0.1635    
Accumulated time: func 0.4483    prepare 0.0022    bound 0.4321    transfer 0.0125    finalize 0.0024    
Current worst splitting domains lb-rhs (depth):
-0.63358 (4), -0.56371 (4), -0.46556 (4), -0.40244 (4), -0.38415 (4), -0.29534 (4), -0.19071 (4), -0.18163 (4), -0.14302 (4), -0.08147 (4), -0.06499 (4), -0.03580 (4), 
Length of domains: 12
Time: pickout 0.0051    decision 0.1073    set_bounds 0.0010    solve 0.1635    add 0.0034    
Accumulated time: pickout 0.0059    decision 0.2760    set_bounds 0.0021    solve 0.4484    add 0.0093    
Current (lb-rhs): -0.6335777044296265
20 domains visited
Cumulative time: 1.422956943511963

BaB round 3
batch: 12
splitting decisions: 
split level 0: [/input-72, 58] [/input-72, 168] [/input-72, 58] [/input-72, 168] [/input-72, 58] [/input-72, 58] [/input-72, 58] [/input-72, 58] [/input-72, 58] [/input-72, 168] 
pruning_in_iteration open status: True
ratio of positive domain = 8 / 24 = 0.33333333333333337
pruning-in-iteration extra time: 0.00472712516784668
Time: prepare 0.0012    bound 0.1738    transfer 0.0110    finalize 0.0077    func 0.1937    
Accumulated time: func 0.6420    prepare 0.0038    bound 0.6059    transfer 0.0235    finalize 0.0101    
Current worst splitting domains lb-rhs (depth):
-0.56424 (5), -0.50212 (5), -0.42642 (5), -0.38485 (5), -0.33982 (5), -0.33224 (5), -0.32132 (5), -0.31420 (5), -0.22667 (5), -0.21424 (5), -0.12015 (5), -0.07633 (5), -0.05911 (5), -0.04001 (5), -0.03655 (5), -0.03201 (5), 
Length of domains: 16
Time: pickout 0.0010    decision 0.0654    set_bounds 0.0011    solve 0.1938    add 0.0063    
Accumulated time: pickout 0.0070    decision 0.3414    set_bounds 0.0033    solve 0.6422    add 0.0155    
Current (lb-rhs): -0.5642352104187012
36 domains visited
Cumulative time: 1.6908254623413086

BaB round 4
batch: 16
splitting decisions: 
split level 0: [/input-72, 168] [/input-72, 58] [/input-72, 168] [/input-72, 58] [/input-72, 168] [/input-72, 168] [/input-72, 31] [/input-72, 168] [/input-72, 58] [/input-72, 168] 
pruning_in_iteration open status: True
ratio of positive domain = 12 / 32 = 0.375
pruning-in-iteration extra time: 0.01163625717163086
Time: prepare 0.0010    bound 0.1693    transfer 0.0117    finalize 0.0014    func 0.1835    
Accumulated time: func 0.8255    prepare 0.0053    bound 0.7753    transfer 0.0352    finalize 0.0115    
Current worst splitting domains lb-rhs (depth):
-0.50158 (6), -0.42732 (6), -0.36581 (6), -0.35219 (6), -0.31605 (6), -0.31286 (6), -0.27740 (6), -0.25160 (6), -0.24589 (6), -0.24448 (6), -0.23947 (6), -0.22665 (6), -0.18538 (6), -0.18131 (6), -0.18002 (6), -0.16461 (6), -0.12108 (6), -0.11272 (6), -0.09344 (6), -0.07876 (6), 
Length of domains: 20
Time: pickout 0.0030    decision 0.0991    set_bounds 0.0036    solve 0.1835    add 0.0069    
Accumulated time: pickout 0.0100    decision 0.4405    set_bounds 0.0068    solve 0.8257    add 0.0225    
Current (lb-rhs): -0.5015753507614136
56 domains visited
Cumulative time: 1.9872422218322754

BaB round 5
batch: 20
splitting decisions: 
split level 0: [/input-72, 31] [/input-72, 31] [/input-72, 31] [/input-72, 31] [/input-72, 31] [/input-72, 31] [/input-72, 31] [/input-72, 31] [/input-72, 31] [/input-72, 31] 
pruning_in_iteration open status: True
ratio of positive domain = 11 / 40 = 0.275
pruning-in-iteration extra time: 0.0061571598052978516
Time: prepare 0.0013    bound 0.1652    transfer 0.0116    finalize 0.0015    func 0.1795    
Accumulated time: func 1.0050    prepare 0.0070    bound 0.9404    transfer 0.0467    finalize 0.0130    
Current worst splitting domains lb-rhs (depth):
-0.45634 (7), -0.38113 (7), -0.31492 (7), -0.30387 (7), -0.26701 (7), -0.26454 (7), -0.23681 (7), -0.22739 (7), -0.19737 (7), -0.19605 (7), -0.19483 (7), -0.19055 (7), -0.17789 (7), -0.14902 (7), -0.13525 (7), -0.12856 (7), -0.12597 (7), -0.12353 (7), -0.12299 (7), -0.10140 (7), 
Length of domains: 29
Time: pickout 0.0023    decision 0.1022    set_bounds 0.0043    solve 0.1796    add 0.0091    
Accumulated time: pickout 0.0123    decision 0.5427    set_bounds 0.0112    solve 1.0053    add 0.0315    
Current (lb-rhs): -0.45634448528289795
85 domains visited
Cumulative time: 2.28520131111145

BaB round 6
batch: 29
splitting decisions: 
split level 0: [/input-72, 87] [/input-72, 87] [/input-72, 87] [/input-72, 87] [/input-72, 87] [/input-72, 87] [/input-72, 87] [/input-72, 87] [/input-72, 87] [/input-72, 87] 
pruning_in_iteration open status: True
ratio of positive domain = 31 / 58 = 0.5344827586206897
pruning-in-iteration extra time: 0.011667966842651367
Time: prepare 0.0017    bound 0.1811    transfer 0.0111    finalize 0.0109    func 0.2049    
Accumulated time: func 1.2099    prepare 0.0091    bound 1.1215    transfer 0.0578    finalize 0.0239    
Current worst splitting domains lb-rhs (depth):
-0.43670 (8), -0.36189 (8), -0.29434 (8), -0.28547 (8), -0.25001 (8), -0.24615 (8), -0.21658 (8), -0.20368 (8), -0.17859 (8), -0.17776 (8), -0.17648 (8), -0.17192 (8), -0.16167 (8), -0.12625 (8), -0.11899 (8), -0.11138 (8), -0.10639 (8), -0.10334 (8), -0.10241 (8), -0.07793 (8), 
Length of domains: 27
Time: pickout 0.0016    decision 0.0597    set_bounds 0.0018    solve 0.2049    add 0.0066    
Accumulated time: pickout 0.0139    decision 0.6023    set_bounds 0.0130    solve 1.2102    add 0.0381    
Current (lb-rhs): -0.4367009997367859
112 domains visited
Cumulative time: 2.561880350112915

BaB round 7
batch: 27
splitting decisions: 
split level 0: [/input-72, 155] [/input-72, 155] [/input-72, 155] [/input-72, 155] [/input-72, 155] [/input-72, 155] [/input-72, 155] [/input-72, 155] [/input-72, 155] [/input-72, 155] 
pruning_in_iteration open status: True
ratio of positive domain = 28 / 54 = 0.5185185185185186
pruning-in-iteration extra time: 0.011822700500488281
Time: prepare 0.0015    bound 0.1640    transfer 0.0212    finalize 0.0024    func 0.1892    
Accumulated time: func 1.3990    prepare 0.0111    bound 1.2856    transfer 0.0791    finalize 0.0262    
Current worst splitting domains lb-rhs (depth):
-0.41540 (9), -0.34099 (9), -0.27398 (9), -0.26609 (9), -0.23025 (9), -0.22699 (9), -0.19219 (9), -0.18278 (9), -0.16000 (9), -0.15812 (9), -0.15704 (9), -0.15230 (9), -0.14230 (9), -0.10629 (9), -0.10038 (9), -0.09272 (9), -0.08740 (9), -0.08271 (9), -0.07922 (9), -0.06410 (9), 
Length of domains: 26
Time: pickout 0.0013    decision 0.1130    set_bounds 0.0052    solve 0.1892    add 0.0078    
Accumulated time: pickout 0.0152    decision 0.7153    set_bounds 0.0182    solve 1.3994    add 0.0459    
Current (lb-rhs): -0.4153956174850464
138 domains visited
Cumulative time: 2.8803036212921143

BaB round 8
batch: 26
splitting decisions: 
split level 0: [/input-72, 81] [/input-72, 81] [/input-72, 81] [/input-72, 132] [/input-72, 81] [/input-72, 81] [/input-72, 81] [/input-72, 81] [/input-72, 81] [/input-72, 81] 
pruning_in_iteration open status: True
ratio of positive domain = 24 / 52 = 0.46153846153846156
pruning-in-iteration extra time: 0.0054090023040771484
Time: prepare 0.0015    bound 0.1429    transfer 0.0160    finalize 0.0011    func 0.1616    
Accumulated time: func 1.5606    prepare 0.0131    bound 1.4285    transfer 0.0951    finalize 0.0273    
Current worst splitting domains lb-rhs (depth):
-0.36707 (10), -0.29164 (10), -0.22967 (10), -0.22611 (10), -0.21900 (10), -0.18297 (10), -0.17844 (10), -0.15002 (10), -0.13714 (10), -0.13514 (10), -0.11433 (10), -0.11278 (10), -0.11096 (10), -0.10830 (10), -0.09439 (10), -0.05752 (10), -0.05719 (10), -0.05406 (10), -0.04952 (10), -0.04809 (10), 
Length of domains: 28
Time: pickout 0.0070    decision 0.1142    set_bounds 0.0023    solve 0.1617    add 0.0071    
Accumulated time: pickout 0.0222    decision 0.8296    set_bounds 0.0206    solve 1.5611    add 0.0530    
Current (lb-rhs): -0.3670738935470581
166 domains visited
Cumulative time: 3.1747071743011475

BaB round 9
batch: 28
splitting decisions: 
split level 0: [/input-72, 132] [/input-72, 152] [/input-72, 132] [/input-72, 132] [/input-72, 132] [/input-72, 132] [/input-72, 132] [/input-72, 132] [/input-72, 132] [/input-72, 81] 
pruning_in_iteration open status: True
ratio of positive domain = 30 / 56 = 0.5357142857142857
pruning-in-iteration extra time: 0.015054464340209961
Time: prepare 0.0016    bound 0.1798    transfer 0.0235    finalize 0.0043    func 0.2092    
Accumulated time: func 1.7698    prepare 0.0150    bound 1.6083    transfer 0.1186    finalize 0.0317    
Current worst splitting domains lb-rhs (depth):
-0.33543 (11), -0.25662 (11), -0.19919 (11), -0.18496 (11), -0.18393 (11), -0.15232 (11), -0.14573 (11), -0.10770 (11), -0.10760 (11), -0.10467 (11), -0.09494 (11), -0.08095 (11), -0.07870 (11), -0.07849 (11), -0.07823 (11), -0.07018 (11), -0.06332 (11), -0.02588 (11), -0.02453 (11), -0.01605 (11), 
Length of domains: 26
Time: pickout 0.0012    decision 0.0547    set_bounds 0.0018    solve 0.2092    add 0.0088    
Accumulated time: pickout 0.0235    decision 0.8843    set_bounds 0.0224    solve 1.7703    add 0.0618    
Current (lb-rhs): -0.3354334831237793
192 domains visited
Cumulative time: 3.4527995586395264

BaB round 10
batch: 26
splitting decisions: 
split level 0: [/input-72, 152] [/input-72, 132] [/input-72, 132] [/input-72, 152] [/input-72, 132] [/input-72, 152] [/input-72, 132] [/input-72, 152] [/input-72, 152] [/input-72, 152] 
pruning_in_iteration open status: True
ratio of positive domain = 32 / 52 = 0.6153846153846154
pruning-in-iteration extra time: 0.009554862976074219
Time: prepare 0.0016    bound 0.1651    transfer 0.0235    finalize 0.0043    func 0.1944    
Accumulated time: func 1.9642    prepare 0.0171    bound 1.7734    transfer 0.1421    finalize 0.0359    
Current worst splitting domains lb-rhs (depth):
-0.29801 (12), -0.22039 (12), -0.16400 (12), -0.16168 (12), -0.15083 (12), -0.14450 (12), -0.11964 (12), -0.10919 (12), -0.07380 (12), -0.06801 (12), -0.06292 (12), -0.05289 (12), -0.04991 (12), -0.04504 (12), -0.04463 (12), -0.04276 (12), -0.03454 (12), -0.02920 (12), -0.02904 (12), -0.02628 (12), 
Length of domains: 20
Time: pickout 0.0033    decision 0.1236    set_bounds 0.0051    solve 0.1945    add 0.0089    
Accumulated time: pickout 0.0268    decision 1.0079    set_bounds 0.0275    solve 1.9649    add 0.0707    
Current (lb-rhs): -0.2980077862739563
212 domains visited
Cumulative time: 3.7903707027435303

BaB round 11
batch: 20
splitting decisions: 
split level 0: [/input-72, 103] [/input-72, 103] [/input-72, 103] [/input-72, 103] [/input-72, 103] [/input-72, 103] [/input-72, 103] [/input-72, 103] [/input-72, 103] [/input-72, 103] 
pruning_in_iteration open status: True
ratio of positive domain = 20 / 40 = 0.5
pruning-in-iteration extra time: 0.00276947021484375
Time: prepare 0.0012    bound 0.1308    transfer 0.0131    finalize 0.0008    func 0.1460    
Accumulated time: func 2.1102    prepare 0.0188    bound 1.9042    transfer 0.1551    finalize 0.0367    
Current worst splitting domains lb-rhs (depth):
-0.27358 (13), -0.19652 (13), -0.13852 (13), -0.13187 (13), -0.12719 (13), -0.12057 (13), -0.09614 (13), -0.08580 (13), -0.07633 (13), -0.04814 (13), -0.04476 (13), -0.03793 (13), -0.02893 (13), -0.02716 (13), -0.02273 (13), -0.02250 (13), -0.01989 (13), -0.00648 (13), -0.00603 (13), -0.00592 (13), 
Length of domains: 20
Time: pickout 0.0023    decision 0.1060    set_bounds 0.0018    solve 0.1461    add 0.0046    
Accumulated time: pickout 0.0291    decision 1.1139    set_bounds 0.0293    solve 2.1109    add 0.0753    
Current (lb-rhs): -0.27358245849609375
232 domains visited
Cumulative time: 4.051553249359131

BaB round 12
batch: 20
splitting decisions: 
split level 0: [/input-72, 18] [/input-72, 18] [/input-72, 171] [/input-72, 171] [/input-72, 171] [/input-72, 171] [/input-72, 18] [/input-72, 171] [/input-72, 171] [/input-72, 171] 
pruning_in_iteration open status: True
ratio of positive domain = 23 / 40 = 0.575
pruning-in-iteration extra time: 0.009142875671386719
Time: prepare 0.0016    bound 0.1790    transfer 0.0086    finalize 0.0019    func 0.1911    
Accumulated time: func 2.3014    prepare 0.0209    bound 2.0832    transfer 0.1637    finalize 0.0386    
Current worst splitting domains lb-rhs (depth):
-0.22489 (14), -0.19841 (14), -0.14924 (14), -0.11472 (14), -0.11005 (14), -0.09411 (14), -0.08390 (14), -0.07319 (14), -0.05886 (14), -0.05085 (14), -0.04716 (14), -0.04037 (14), -0.03967 (14), -0.03642 (14), -0.01535 (14), -0.00469 (14), -0.00373 (14), 
Length of domains: 17
Time: pickout 0.0024    decision 0.1086    set_bounds 0.0017    solve 0.1912    add 0.0055    
Accumulated time: pickout 0.0315    decision 1.2225    set_bounds 0.0311    solve 2.3021    add 0.0808    
Current (lb-rhs): -0.22489231824874878
249 domains visited
Cumulative time: 4.361443042755127

BaB round 13
batch: 17
splitting decisions: 
split level 0: [/input-72, 171] [/input-72, 171] [/input-72, 18] [/input-72, 171] [/input-72, 18] [/input-72, 18] [/input-72, 18] [/input-72, 18] [/input-72, 18] [/input-72, 18] 
pruning_in_iteration open status: True
ratio of positive domain = 19 / 34 = 0.5588235294117647
pruning-in-iteration extra time: 0.011660099029541016
Time: prepare 0.0011    bound 0.1754    transfer 0.0091    finalize 0.0017    func 0.1874    
Accumulated time: func 2.4888    prepare 0.0225    bound 2.2586    transfer 0.1728    finalize 0.0403    
Current worst splitting domains lb-rhs (depth):
-0.21165 (15), -0.18434 (15), -0.13648 (15), -0.09573 (15), -0.08133 (15), -0.07089 (15), -0.06708 (15), -0.05945 (15), -0.03690 (15), -0.03301 (15), -0.02973 (15), -0.02742 (15), -0.02575 (15), -0.02187 (15), -0.00830 (15), 
Length of domains: 15
Time: pickout 0.0051    decision 0.1078    set_bounds 0.0051    solve 0.1876    add 0.0055    
Accumulated time: pickout 0.0366    decision 1.3303    set_bounds 0.0362    solve 2.4897    add 0.0863    
Current (lb-rhs): -0.2116532325744629
264 domains visited
Cumulative time: 4.672842502593994

BaB round 14
batch: 15
splitting decisions: 
split level 0: [/input-72, 153] [/input-72, 153] [/input-72, 153] [/input-72, 90] [/input-72, 153] [/input-72, 153] [/input-72, 153] [/input-72, 153] [/input-72, 153] [/input-72, 90] 
pruning_in_iteration open status: True
ratio of positive domain = 16 / 30 = 0.5333333333333333
pruning-in-iteration extra time: 0.005200386047363281
Time: prepare 0.0011    bound 0.1373    transfer 0.0107    finalize 0.0006    func 0.1497    
Accumulated time: func 2.6384    prepare 0.0240    bound 2.3959    transfer 0.1835    finalize 0.0410    
Current worst splitting domains lb-rhs (depth):
-0.15576 (16), -0.14870 (16), -0.12732 (16), -0.12306 (16), -0.11633 (16), -0.07664 (16), -0.02685 (16), -0.01570 (16), -0.01431 (16), -0.00893 (16), -0.00837 (16), -0.00763 (16), -0.00571 (16), -0.00404 (16), 
Length of domains: 14
Time: pickout 0.0051    decision 0.0925    set_bounds 0.0014    solve 0.1497    add 0.0025    
Accumulated time: pickout 0.0418    decision 1.4228    set_bounds 0.0376    solve 2.6394    add 0.0888    
Current (lb-rhs): -0.15575921535491943
278 domains visited
Cumulative time: 4.92450737953186

BaB round 15
batch: 14
splitting decisions: 
split level 0: [/input-72, 90] [/input-72, 90] [/input-72, 90] [/input-72, 90] [/input-72, 90] [/input-72, 90] [/input-72, 90] [/input-72, 153] [/input-72, 90] [/input-72, 153] 
pruning_in_iteration open status: True
ratio of positive domain = 19 / 28 = 0.6785714285714286
pruning-in-iteration extra time: 0.012114763259887695
Time: prepare 0.0010    bound 0.1755    transfer 0.0082    finalize 0.0073    func 0.1921    
Accumulated time: func 2.8305    prepare 0.0255    bound 2.5715    transfer 0.1917    finalize 0.0482    
Current worst splitting domains lb-rhs (depth):
-0.13547 (17), -0.12854 (17), -0.10802 (17), -0.10390 (17), -0.05791 (17), -0.05711 (17), -0.01966 (17), -0.01644 (17), -0.00755 (17), 
Length of domains: 9
Time: pickout 0.0023    decision 0.1333    set_bounds 0.0015    solve 0.1921    add 0.0024    
Accumulated time: pickout 0.0440    decision 1.5561    set_bounds 0.0391    solve 2.8315    add 0.0912    
Current (lb-rhs): -0.1354702115058899
287 domains visited
Cumulative time: 5.2564873695373535

BaB round 16
batch: 9
splitting decisions: 
split level 0: [/input-72, 75] [/input-72, 75] [/input-72, 75] [/input-72, 75] [/input-72, 75] [/input-72, 75] [/input-72, 75] [/input-72, 75] [/input-72, 75] 
pruning_in_iteration open status: True
ratio of positive domain = 10 / 18 = 0.5555555555555556
pruning-in-iteration extra time: 0.0099029541015625
Time: prepare 0.0007    bound 0.1747    transfer 0.0063    finalize 0.0009    func 0.1827    
Accumulated time: func 3.0132    prepare 0.0267    bound 2.7462    transfer 0.1980    finalize 0.0491    
Current worst splitting domains lb-rhs (depth):
-0.11048 (18), -0.10370 (18), -0.08383 (18), -0.07986 (18), -0.03752 (18), -0.03211 (18), -0.03159 (18), -0.02513 (18), 
Length of domains: 8
Time: pickout 0.0064    decision 0.1015    set_bounds 0.0036    solve 0.1827    add 0.0050    
Accumulated time: pickout 0.0504    decision 1.6576    set_bounds 0.0427    solve 3.0142    add 0.0962    
Current (lb-rhs): -0.11047589778900146
295 domains visited
Cumulative time: 5.555955171585083

BaB round 17
batch: 8
splitting decisions: 
split level 0: [/input-72, 10] [/input-72, 10] [/input-72, 10] [/input-72, 10] [/input-72, 10] [/input-72, 10] [/input-72, 10] [/input-72, 10] 
pruning_in_iteration open status: True
ratio of positive domain = 5 / 16 = 0.3125
pruning-in-iteration extra time: 0.005396366119384766
Time: prepare 0.0007    bound 0.1499    transfer 0.0029    finalize 0.0035    func 0.1571    
Accumulated time: func 3.1703    prepare 0.0278    bound 2.8961    transfer 0.2009    finalize 0.0527    
Current worst splitting domains lb-rhs (depth):
-0.08768 (19), -0.08082 (19), -0.06007 (19), -0.05618 (19), -0.03003 (19), -0.02314 (19), -0.01311 (19), -0.01067 (19), -0.00961 (19), -0.00903 (19), -0.00527 (19), 
Length of domains: 11
Time: pickout 0.0025    decision 0.0589    set_bounds 0.0009    solve 0.1571    add 0.0052    
Accumulated time: pickout 0.0529    decision 1.7165    set_bounds 0.0436    solve 3.1714    add 0.1014    
Current (lb-rhs): -0.08768367767333984
306 domains visited
Cumulative time: 5.780902862548828

BaB round 18
batch: 11
splitting decisions: 
split level 0: [/input-72, 156] [/input-72, 156] [/input-72, 156] [/input-72, 156] [/input-72, 156] [/input-72, 156] [/input-72, 156] [/input-72, 156] [/input-72, 156] [/input-72, 156] 
pruning_in_iteration open status: True
ratio of positive domain = 14 / 22 = 0.6363636363636364
pruning-in-iteration extra time: 0.007939815521240234
Time: prepare 0.0008    bound 0.1505    transfer 0.0081    finalize 0.0044    func 0.1638    
Accumulated time: func 3.3340    prepare 0.0290    bound 3.0466    transfer 0.2090    finalize 0.0570    
Current worst splitting domains lb-rhs (depth):
-0.05583 (20), -0.05382 (20), -0.04843 (20), -0.04725 (20), -0.02898 (20), -0.02467 (20), -0.02447 (20), -0.02201 (20), 
Length of domains: 8
Time: pickout 0.0080    decision 0.0911    set_bounds 0.0011    solve 0.1638    add 0.0056    
Accumulated time: pickout 0.0609    decision 1.8076    set_bounds 0.0447    solve 3.3352    add 0.1070    
Current (lb-rhs): -0.055834412574768066
314 domains visited
Cumulative time: 6.050826549530029

BaB round 19
batch: 8
splitting decisions: 
split level 0: [/input-72, 26] [/input-72, 26] [/input-72, 26] [/input-72, 26] [/input-72, 26] [/input-72, 26] [/input-72, 26] [/input-72, 26] 
pruning_in_iteration open status: True
ratio of positive domain = 8 / 16 = 0.5
pruning-in-iteration extra time: 0.006821155548095703
Time: prepare 0.0007    bound 0.1637    transfer 0.0099    finalize 0.0012    func 0.1755    
Accumulated time: func 3.5095    prepare 0.0301    bound 3.2103    transfer 0.2189    finalize 0.0582    
Current worst splitting domains lb-rhs (depth):
-0.04447 (21), -0.04242 (21), -0.03727 (21), -0.03589 (21), -0.01816 (21), -0.01379 (21), -0.01346 (21), -0.01108 (21), 
Length of domains: 8
Time: pickout 0.0024    decision 0.0916    set_bounds 0.0052    solve 0.1755    add 0.0056    
Accumulated time: pickout 0.0633    decision 1.8992    set_bounds 0.0499    solve 3.5107    add 0.1125    
Current (lb-rhs): -0.04446685314178467
322 domains visited
Cumulative time: 6.3314080238342285

BaB round 20
batch: 8
splitting decisions: 
split level 0: [/input-72, 177] [/input-72, 177] [/input-72, 177] [/input-72, 177] [/input-40, 573] [/input-72, 177] [/input-40, 573] [/input-72, 177] 
pruning_in_iteration open status: True
ratio of positive domain = 6 / 16 = 0.375
pruning-in-iteration extra time: 0.007324934005737305
Time: prepare 0.0008    bound 0.1433    transfer 0.0104    finalize 0.0007    func 0.1553    
Accumulated time: func 3.6648    prepare 0.0313    bound 3.3537    transfer 0.2293    finalize 0.0589    
Current worst splitting domains lb-rhs (depth):
-0.02436 (22), -0.02229 (22), -0.01729 (22), -0.01596 (22), -0.01210 (22), -0.01114 (22), -0.00989 (22), -0.00671 (22), -0.00376 (22), -0.00282 (22), 
Length of domains: 10
Time: pickout 0.0025    decision 0.0804    set_bounds 0.0012    solve 0.1554    add 0.0025    
Accumulated time: pickout 0.0658    decision 1.9796    set_bounds 0.0511    solve 3.6661    add 0.1150    
Current (lb-rhs): -0.02436363697052002
332 domains visited
Cumulative time: 6.573619604110718

BaB round 21
batch: 10
splitting decisions: 
split level 0: [/input-72, 125] [/input-40, 573] [/input-72, 125] [/input-72, 125] [/input-40, 5610] [/input-40, 6135] [/input-72, 125] [/input-40, 573] [/input-72, 125] [/input-40, 573] 
pruning_in_iteration open status: True
ratio of positive domain = 11 / 20 = 0.55
pruning-in-iteration extra time: 0.00892949104309082
Time: prepare 0.0011    bound 0.1548    transfer 0.0076    finalize 0.0004    func 0.1639    
Accumulated time: func 3.8286    prepare 0.0328    bound 3.5084    transfer 0.2369    finalize 0.0593    
Current worst splitting domains lb-rhs (depth):
-0.02158 (23), -0.01955 (23), -0.01037 (23), -0.00930 (23), -0.00898 (23), -0.00839 (23), -0.00677 (23), -0.00506 (23), -0.00257 (23), 
Length of domains: 9
Time: pickout 0.0010    decision 0.1044    set_bounds 0.0017    solve 0.1639    add 0.0049    
Accumulated time: pickout 0.0667    decision 2.0841    set_bounds 0.0528    solve 3.8300    add 0.1199    
Current (lb-rhs): -0.021583497524261475
341 domains visited
Cumulative time: 6.849794149398804

BaB round 22
batch: 9
splitting decisions: 
split level 0: [/input-40, 3979] [/input-40, 5610] [/input-40, 573] [/input-72, 177] [/input-40, 573] [/input-40, 3979] [/input-72, 125] [/input-40, 573] [/input-72, 125] 
pruning_in_iteration open status: True
ratio of positive domain = 11 / 18 = 0.6111111111111112
pruning-in-iteration extra time: 0.011179447174072266
Time: prepare 0.0008    bound 0.1713    transfer 0.0089    finalize 0.0015    func 0.1827    
Accumulated time: func 4.0113    prepare 0.0340    bound 3.6798    transfer 0.2458    finalize 0.0609    
Current worst splitting domains lb-rhs (depth):
-0.01903 (24), -0.01466 (24), -0.00764 (24), -0.00690 (24), -0.00661 (24), -0.00627 (24), -0.00170 (24), 
Length of domains: 7
Time: pickout 0.0033    decision 0.0924    set_bounds 0.0073    solve 0.1827    add 0.0018    
Accumulated time: pickout 0.0700    decision 2.1765    set_bounds 0.0601    solve 4.0127    add 0.1217    
Current (lb-rhs): -0.019031643867492676
348 domains visited
Cumulative time: 7.137637376785278

BaB round 23
batch: 7
splitting decisions: 
split level 0: [/input-40, 573] [/input-72, 177] [/input-40, 3979] [/input-40, 573] [/input-40, 3509] [/input-40, 3979] [/input-40, 5610] 
pruning_in_iteration open status: True
ratio of positive domain = 10 / 14 = 0.7142857142857143
pruning-in-iteration extra time: 0.0047724246978759766
Time: prepare 0.0007    bound 0.1397    transfer 0.0028    finalize 0.0004    func 0.1437    
Accumulated time: func 4.1550    prepare 0.0351    bound 3.8195    transfer 0.2487    finalize 0.0612    
Current worst splitting domains lb-rhs (depth):
-0.01417 (25), -0.01245 (25), -0.00595 (25), -0.00119 (25), 
Length of domains: 4
Time: pickout 0.0094    decision 0.0722    set_bounds 0.0010    solve 0.1437    add 0.0013    
Accumulated time: pickout 0.0794    decision 2.2487    set_bounds 0.0611    solve 4.1564    add 0.1230    
Current (lb-rhs): -0.0141715407371521
352 domains visited
Cumulative time: 7.3656229972839355

BaB round 24
batch: 4
splitting decisions: 
split level 0: [/input-40, 3509] [/input-40, 3509] [/input-72, 187] [/input-40, 3509] 
split level 1: [/input-40, 5611] [/input-72, 187] [/input-40, 3509] [/input-40, 3979] 

all verified at 0th iter
pruning_in_iteration open status: False
ratio of positive domain = 16 / 16 = 1.0
pruning-in-iteration extra time: 0.0001227855682373047
Time: prepare 0.0008    bound 0.0126    transfer 0.0036    finalize 0.0088    func 0.0258    
Accumulated time: func 4.1808    prepare 0.0364    bound 3.8321    transfer 0.2523    finalize 0.0700    
Length of domains: 0
Time: pickout 0.0049    decision 0.0962    set_bounds 0.0014    solve 0.0259    add 0.0001    
Accumulated time: pickout 0.0844    decision 2.3449    set_bounds 0.0624    solve 4.1823    add 0.1231    
No domains left, verification finished!
Current (lb-rhs): 1.0000000116860974e-07
352 domains visited
Cumulative time: 7.494246244430542

Result: unsat
Time: 14.814034223556519

------------------------- COMMAND ------------------------------
/data1/Kane/miniconda3/envs/GenBaB/bin/python /data1/Kane/GenBaB/alpha-beta-CROWN/complete_verifier/abcrown.py --config /data1/Kane/GenBaB/alpha-beta-CROWN/complete_verifier/exp_configs/vnncomp24/tinyimagenet.yaml --precompile_jit --onnx_path /data1/Kane/data/vnncomp2025_benchmarks/benchmarks/tinyimagenet_2024/onnx/TinyImageNet_resnet_medium.onnx --vnnlib_path /data1/Kane/data/vnncomp2025_benchmarks/benchmarks/tinyimagenet_2024/vnnlib/TinyImageNet_resnet_medium_prop_idx_6412_sidx_6140_eps_0.0039.vnnlib --results_file /data1/Kane/ACT/audit_results/abcrown_nopgd_20260525/tinyimagenet_2024/0073__TinyImageNet_resnet_medium__TinyImageNet_resnet_medium_prop_idx_6412_sidx_6140_eps_0.0039.result --timeout 100.0 --save_adv_example --pgd_order=skip
----------------------------------------------------------------

