[0;93m2026-05-26 14:41:54.716339391 [W:onnxruntime:Default, device_discovery.cc:325 DiscoverDevicesForPlatform] GPU device discovery failed: device_discovery.cc:92 ReadFileContents Failed to open file: "/sys/class/drm/card0/device/vendor"[m
Configurations:

general:
  device: cuda
  seed: 100
  conv_mode: patches
  deterministic: false
  double_fp: false
  loss_reduction_func: sum
  sparse_alpha: true
  sparse_interm: true
  save_adv_example: true
  verify_onnxruntime_output: false
  eval_adv_example: false
  show_adv_example: false
  precompile_jit: true
  prepare_only: false
  complete_verifier: bab
  enable_incomplete_verification: true
  csv_name: instances.csv
  results_file: /data1/Kane/ACT/audit_results/abcrown_nopgd_20260525/tinyimagenet_2024/0089__TinyImageNet_resnet_medium__TinyImageNet_resnet_medium_prop_idx_7847_sidx_9927_eps_0.0039.result
  root_path: ../../vnncomp2024_benchmarks/benchmarks/tinyimagenet
  deterministic_opt: false
  graph_optimizer: 'Customized("custom_graph_optimizer", "default_optimizer")'
  buffer_has_batchdim: false
  save_output: false
  output_file: out.pkl
  return_optimized_model: false
model:
  name: null
  path: null
  onnx_path: /data1/Kane/data/vnncomp2025_benchmarks/benchmarks/tinyimagenet_2024/onnx/TinyImageNet_resnet_medium.onnx
  onnx_path_prefix: ''
  cache_onnx_conversion: false
  debug_onnx: false
  onnx_quirks: null
  input_shape: null
  onnx_loader: default_onnx_and_vnnlib_loader
  onnx_optimization_flags: [merge_bn]
  onnx_vnnlib_joint_optimization_flags: none
  check_optimized: false
  flatten_final_output: false
  optimize_graph: null
  with_jacobian: false
data:
  start: 0
  end: 10000
  select_instance: null
  num_outputs: 10
  mean: 0.0
  std: 1.0
  pkl_path: null
  dataset: null
  data_filter_path: null
  data_idx_file: null
specification:
  type: lp
  robustness_type: verified-acc
  norm: .inf
  epsilon: null
  epsilon_min: 0.0
  vnnlib_path: /data1/Kane/data/vnncomp2025_benchmarks/benchmarks/tinyimagenet_2024/vnnlib/TinyImageNet_resnet_medium_prop_idx_7847_sidx_9927_eps_0.0039.vnnlib
  vnnlib_path_prefix: ''
  rhs_offset: null
solver:
  batch_size: 256
  auto_enlarge_batch_size: false
  min_batch_size_ratio: 0.1
  use_float64_in_last_iteration: false
  early_stop_patience: 10
  start_save_best: 0.5
  bound_prop_method: alpha-crown
  init_bound_prop_method: same
  prune_after_crown: true
  optimize_disjuncts_separately: false
  crown:
    batch_size: 1000000000
    max_crown_size: 1000000000
    activation_bound_option: adaptive
    compare_crown_with_ibp: false
  alpha-crown:
    alpha: true
    lr_alpha: 0.25
    iteration: 20
    share_alphas: false
    lr_decay: 0.98
    full_conv_alpha: true
    max_coeff_mul: .inf
    matmul_share_alphas: false
    disable_optimization: []
    max_time: 1.0
  invprop:
    apply_output_constraints_to: []
    tighten_input_bounds: false
    best_of_oc_and_no_oc: false
    directly_optimize: []
    oc_lr: 0.1
    share_gammas: false
  beta-crown:
    lr_alpha: 0.1
    lr_beta: 0.15
    lr_decay: 0.98
    optimizer: adam
    iteration: 8
    beta: true
    beta_warmup: true
    enable_opt_interm_bounds: false
    all_node_split_LP: false
  forward:
    refine: false
    max_dim: 10000
    reset_threshold: 1.0
  multi_class:
    label_batch_size: 32
    skip_with_refined_bound: true
  mip:
    unstable_neuron_threshold: 0
    parallel_solvers: null
    solver_threads: 1
    refine_neuron_timeout: 15
    refine_neuron_time_percentage: 0.8
    early_stop: true
    adv_warmup: true
    mip_solver: gurobi
    skip_unsafe: false
    topk_filter: 1.0
    sliding_window: -1
    extra_constraint: false
    refine_neuron_timeout_increasement: 0
    timeout_neuron_percentage: 0.3
    remaining_timeout_threshold: 1
    remove_unstable_neurons: false
    lp_solver: false
bab:
  initial_max_domains: 200
  backing_up_max_domain: null
  max_domains: .inf
  decision_thresh: 0
  timeout: 100.0
  timeout_scale: 1
  max_iterations: -1
  override_timeout: null
  get_upper_bound: false
  pruning_in_iteration: true
  pruning_in_iteration_ratio: 0.2
  sort_targets: false
  batched_domain_list: true
  optimized_interm: ''
  interm_transfer: false
  recompute_interm: false
  sort_domain_interval: -1
  vanilla_crown: false
  tree_traversal: depth_first
  cut:
    enabled: false
    cuts_path: /tmp/abcrown_cuts
    implication: false
    bab_cut: false
    lp_cut: false
    method: null
    lr: 0.01
    lr_decay: 1.0
    iteration: 100
    bab_iteration: -1
    early_stop_patience: -1
    lr_beta: 0.02
    number_cuts: 50
    topk_cuts_in_filter: 1000
    batch_size_primal: 100
    max_num: 1000000000
    patches_cut: false
    cplex_cuts: false
    cplex_cuts_wait: 0
    cplex_cuts_revpickup: true
    cut_reference_bounds: true
    fix_intermediate_bounds: false
    biccos:
      enabled: false
      constraint_strengthening: true
      recursively_strengthening: false
      drop_ratio: 0.5
      verified_bonus: 0.3
      max_infer_iter: 20
      heuristic: neuron_influence_score
      save_biccos_cuts: false
      multi_tree_branching:
        enabled: false
        restore_best_tree: false
        keep_n_best_domains: 1
        k_splits: 1
        iterations: 1
  branching:
    method: kfsb
    candidates: 7
    reduceop: max
    enable_intermediate_bound_opt: false
    branching_input_and_activation: false
    branching_input_and_activation_order: [input, relu]
    branching_input_iterations: 30
    branching_relu_iterations: 50
    nonlinear_split:
      method: bbps
      disable: false
      branching_point_method: uniform
      num_branches: 2
      filter: false
      filter_beta: false
      filter_clamp: false
      filter_batch_size: 10000
      filter_iterations: 25
      relu_only: false
      loose_tanh_threshold: null
      branching_point:
        db_path: branching_points.pt
        num_iterations: 1000
        batch_size: 1000000
        range_l: -5.0
        range_u: 5.0
        log_interval: 100
        step_size_1d: 0.01
        step_size: 0.2
    input_split:
      enable_clip_domains: false
      split_hint: null
      reorder_bab: false
      enable: false
      enhanced_bound_prop_method: alpha-crown
      enhanced_branching_method: naive
      enhanced_bound_patience: 100000000.0
      attack_patience: 100000000.0
      adv_check: 0
      split_partitions: 2
      sb_margin_weight: 1.0
      sb_sum: false
      sb_primary_spec: null
      bf_backup_thresh: -1
      bf_rhs_offset: 0
      bf_iters: 1000000000.0
      bf_batch_size: 100000
      bf_zero_crossing_score: false
      touch_zero_score: 0
      ibp_enhancement: false
      compare_with_old_bounds: false
      update_rhs_with_attack: false
      sb_coeff_thresh: 0.001
      sort_index: null
      sort_descending: true
      show_progress: false
      presplit_domains: null
      skip_getting_worst_domain: false
  attack:
    enabled: false
    beam_candidates: 8
    beam_depth: 7
    max_dive_fix_ratio: 0.8
    min_local_free_ratio: 0.2
    mip_start_iteration: 5
    mip_timeout: 30.0
    adv_pool_threshold: null
    refined_mip_attacker: false
    refined_batch_size: null
attack:
  pgd_order: skip
  pgd_steps: 100
  pgd_restarts: 10
  pgd_batch_size: 100000000
  pgd_early_stop: true
  pgd_lr_decay: 0.99
  pgd_alpha: auto
  pgd_alpha_scale: false
  pgd_loss_mode: null
  pgd_restart_when_stuck: false
  enable_mip_attack: false
  adv_saver: default_adv_saver
  adv_verifier: default_adv_verifier
  early_stop_condition: default_early_stop_condition
  adv_example_finalizer: default_adv_example_finalizer
  pgd_loss: default_pgd_loss
  cex_path: ./test_cex.txt
  attack_mode: PGD
  attack_tolerance: 0.0
  attack_func: attack_with_general_specs
  gama_lambda: 10.0
  gama_decay: 0.9
  check_clean: false
  input_split:
    pgd_steps: 100
    pgd_restarts: 30
    pgd_alpha: auto
  input_split_enhanced:
    pgd_steps: 200
    pgd_restarts: 500000
    pgd_alpha: auto
  input_split_check_adv:
    enabled: auto
    pgd_steps: 5
    pgd_restarts: 5
    pgd_alpha: auto
    max_num_domains: 10
debug:
  view_model: false
  lp_test: null
  rescale_vnnlib_ptb: null
  test_optimized_bounds: false
  test_optimized_bounds_after_n_iterations: 0
  print_verbose_decisions: false
  sanity_check: null
  save_minimal_config: null
  save_minimal_config_omit_keys: []

Experiments at Tue May 26 14:41:55 2026 on dell-pro-max-tower-t2
Pre-compile jit kernels on a toy network.../data1/Kane/miniconda3/envs/GenBaB/lib/python3.11/site-packages/onnx2pytorch/convert/model.py:151: UserWarning: Using experimental implementation that allows 'batch_size > 1'.Batchnorm layers could potentially produce false outputs.
  warnings.warn(
/data1/Kane/miniconda3/envs/GenBaB/lib/python3.11/site-packages/onnx2pytorch/utils.py:21: TracerWarning: Converting a tensor to a Python boolean might cause the trace to be incorrect. We can't record the data flow of Python values, so this value will be treated as a constant in the future. This means that the trace might not generalize to other inputs!
  return value.ndim == 0 or value.shape == torch.Size([1])
/data1/Kane/miniconda3/envs/GenBaB/lib/python3.11/site-packages/onnx2pytorch/operations/add.py:34: TracerWarning: Converting a tensor to a Python boolean might cause the trace to be incorrect. We can't record the data flow of Python values, so this value will be treated as a constant in the future. This means that the trace might not generalize to other inputs!
  elif all(x == 1 for x in input[0].shape):

JIT kernels compiled in 1.0824s.
Internal results will be saved to /data1/Kane/ACT/audit_results/abcrown_nopgd_20260525/tinyimagenet_2024/0089__TinyImageNet_resnet_medium__TinyImageNet_resnet_medium_prop_idx_7847_sidx_9927_eps_0.0039.result.

 %%%%%%%%%%%%%%%%%%%%%%%%%%%%%%%%%%% idx: 0, vnnlib ID: 0 %%%%%%%%%%%%%%%%%%%%%%%%%%%%%%%%%%%
Using onnx /data1/Kane/data/vnncomp2025_benchmarks/benchmarks/tinyimagenet_2024/onnx/TinyImageNet_resnet_medium.onnx
Using vnnlib /data1/Kane/data/vnncomp2025_benchmarks/benchmarks/tinyimagenet_2024/vnnlib/TinyImageNet_resnet_medium_prop_idx_7847_sidx_9927_eps_0.0039.vnnlib
9408 inputs and 200 outputs in vnnlib
Loading onnx /data1/Kane/data/vnncomp2025_benchmarks/benchmarks/tinyimagenet_2024/onnx/TinyImageNet_resnet_medium.onnx with quirks {}
Onnx optimization with flags: ['merge_bn']
Found existed optimized onnx model at /data1/Kane/data/vnncomp2025_benchmarks/benchmarks/tinyimagenet_2024/onnx/TinyImageNet_resnet_medium.onnx.optimized
Finished onnx model loading in 0.0865 seconds
Model: BoundedModule(
  (/input-1): BoundInput(name=/input-1, inputs=[], perturbed=True)
  (/43): BoundParams(name=/43, inputs=[], perturbed=False)
  (/44): BoundParams(name=/44, inputs=[], perturbed=False)
  (/45): BoundParams(name=/45, inputs=[], perturbed=False)
  (/46): BoundParams(name=/46, inputs=[], perturbed=False)
  (/47): BoundParams(name=/47, inputs=[], perturbed=False)
  (/48): BoundParams(name=/48, inputs=[], perturbed=False)
  (/49): BoundParams(name=/49, inputs=[], perturbed=False)
  (/50): BoundParams(name=/50, inputs=[], perturbed=False)
  (/51): BoundParams(name=/51, inputs=[], perturbed=False)
  (/52): BoundParams(name=/52, inputs=[], perturbed=False)
  (/53): BoundParams(name=/53, inputs=[], perturbed=False)
  (/54): BoundParams(name=/54, inputs=[], perturbed=False)
  (/55): BoundParams(name=/55, inputs=[], perturbed=False)
  (/56): BoundParams(name=/56, inputs=[], perturbed=False)
  (/57): BoundParams(name=/57, inputs=[], perturbed=False)
  (/58): BoundParams(name=/58, inputs=[], perturbed=False)
  (/59): BoundParams(name=/59, inputs=[], perturbed=False)
  (/60): BoundParams(name=/60, inputs=[], perturbed=False)
  (/61): BoundParams(name=/61, inputs=[], perturbed=False)
  (/62): BoundParams(name=/62, inputs=[], perturbed=False)
  (/63): BoundParams(name=/63, inputs=[], perturbed=False)
  (/64): BoundParams(name=/64, inputs=[], perturbed=False)
  (/65): BoundParams(name=/65, inputs=[], perturbed=False)
  (/66): BoundParams(name=/66, inputs=[], perturbed=False)
  (/67): BoundParams(name=/67, inputs=[], perturbed=False)
  (/68): BoundParams(name=/68, inputs=[], perturbed=False)
  (/69): BoundParams(name=/69, inputs=[], perturbed=False)
  (/70): BoundParams(name=/70, inputs=[], perturbed=False)
  (/71): BoundParams(name=/71, inputs=[], perturbed=False)
  (/72): BoundParams(name=/72, inputs=[], perturbed=False)
  (/73): BoundParams(name=/73, inputs=[], perturbed=False)
  (/74): BoundParams(name=/74, inputs=[], perturbed=False)
  (/75): BoundParams(name=/75, inputs=[], perturbed=False)
  (/76): BoundParams(name=/76, inputs=[], perturbed=False)
  (/77): BoundParams(name=/77, inputs=[], perturbed=False)
  (/78): BoundParams(name=/78, inputs=[], perturbed=False)
  (/79): BoundParams(name=/79, inputs=[], perturbed=False)
  (/80): BoundParams(name=/80, inputs=[], perturbed=False)
  (/81): BoundParams(name=/81, inputs=[], perturbed=False)
  (/82): BoundParams(name=/82, inputs=[], perturbed=False)
  (/83): BoundParams(name=/83, inputs=[], perturbed=False)
  (/84): BoundParams(name=/84, inputs=[], perturbed=False)
  (/input): BoundConv(name=/input, inputs=[/input-1, /43, /44], perturbed=True)
  (/input-4): BoundRelu(name=/input-4, inputs=[/input], perturbed=True)
  (/input-8): BoundConv(name=/input-8, inputs=[/input-4, /45, /46], perturbed=True)
  (/input-12): BoundRelu(name=/input-12, inputs=[/input-8], perturbed=True)
  (/89): BoundConv(name=/89, inputs=[/input-12, /47, /48], perturbed=True)
  (/90): BoundConv(name=/90, inputs=[/input-4, /49, /50], perturbed=True)
  (/91): BoundAdd(name=/91, inputs=[/89, /90], perturbed=True)
  (/input-16): BoundConv(name=/input-16, inputs=[/91, /51, /52], perturbed=True)
  (/input-20): BoundRelu(name=/input-20, inputs=[/input-16], perturbed=True)
  (/94): BoundConv(name=/94, inputs=[/input-20, /53, /54], perturbed=True)
  (/95): BoundAdd(name=/95, inputs=[/94, /91], perturbed=True)
  (/input-24): BoundConv(name=/input-24, inputs=[/95, /55, /56], perturbed=True)
  (/input-28): BoundRelu(name=/input-28, inputs=[/input-24], perturbed=True)
  (/98): BoundConv(name=/98, inputs=[/input-28, /57, /58], perturbed=True)
  (/99): BoundAdd(name=/99, inputs=[/98, /95], perturbed=True)
  (/input-32): BoundConv(name=/input-32, inputs=[/99, /59, /60], perturbed=True)
  (/input-36): BoundRelu(name=/input-36, inputs=[/input-32], perturbed=True)
  (/102): BoundConv(name=/102, inputs=[/input-36, /61, /62], perturbed=True)
  (/103): BoundAdd(name=/103, inputs=[/102, /99], perturbed=True)
  (/input-40): BoundConv(name=/input-40, inputs=[/103, /63, /64], perturbed=True)
  (/input-44): BoundRelu(name=/input-44, inputs=[/input-40], perturbed=True)
  (/106): BoundConv(name=/106, inputs=[/input-44, /65, /66], perturbed=True)
  (/107): BoundConv(name=/107, inputs=[/103, /67, /68], perturbed=True)
  (/108): BoundAdd(name=/108, inputs=[/106, /107], perturbed=True)
  (/input-48): BoundConv(name=/input-48, inputs=[/108, /69, /70], perturbed=True)
  (/input-52): BoundRelu(name=/input-52, inputs=[/input-48], perturbed=True)
  (/111): BoundConv(name=/111, inputs=[/input-52, /71, /72], perturbed=True)
  (/112): BoundAdd(name=/112, inputs=[/111, /108], perturbed=True)
  (/input-56): BoundConv(name=/input-56, inputs=[/112, /73, /74], perturbed=True)
  (/input-60): BoundRelu(name=/input-60, inputs=[/input-56], perturbed=True)
  (/115): BoundConv(name=/115, inputs=[/input-60, /75, /76], perturbed=True)
  (/116): BoundAdd(name=/116, inputs=[/115, /112], perturbed=True)
  (/input-64): BoundConv(name=/input-64, inputs=[/116, /77, /78], perturbed=True)
  (/input-68): BoundRelu(name=/input-68, inputs=[/input-64], perturbed=True)
  (/119): BoundConv(name=/119, inputs=[/input-68, /79, /80], perturbed=True)
  (/120): BoundAdd(name=/120, inputs=[/119, /116], perturbed=True)
  (/121): BoundFlatten(name=/121, inputs=[/120], perturbed=True)
  (/input-72): BoundLinear(name=/input-72, inputs=[/121, /81, /82], perturbed=True)
  (/123): BoundRelu(name=/123, inputs=[/input-72], perturbed=True)
  (/124): BoundLinear(name=/124, inputs=[/123, /83, /84], perturbed=True)
)
Original output: tensor([[-45.34945297, -40.22517776, -45.40987015, -39.01675415, -36.58782959,
         -40.89598465, -23.72740746, -34.73057175, -36.75312805, -34.80512238,
         -32.21932983, -43.24521637, -45.06784439, -44.26606369, -25.68540001,
         -39.87559128, -32.45473862, -29.94455338, -35.53216171, -40.03720856,
         -40.24328613, -39.20135117, -43.02623749, -40.16656113, -42.03062057,
         -47.42263794, -40.48692322, -39.78954697, -41.94646835, -31.01767159,
         -29.26689720, -35.84432602, -31.22249031, -36.83563614, -42.10820389,
         -41.85115814, -45.49766159, -39.77778244, -41.51516342, -38.50682449,
         -38.14951324, -39.58803177, -37.02648544, -37.43347931, -40.44570160,
         -52.34989166, -32.23377228, -31.03906441, -33.99790955, -38.85551834,
         -42.11616135, -43.81737137, -44.87167740, -51.79330063, -46.82985306,
         -38.48727798, -37.16136932, -33.46628952, -39.18701553, -20.08591461,
         -33.11178589, -39.15989304, -22.26463509, -38.06803894, -20.17546463,
         -32.25065231, -35.89848328, -33.37395096, -48.79969025, -41.87409592,
         -38.85464096, -40.02977371, -29.89805222, -37.31706619, -33.97286224,
         -32.18672562, -38.85772705, -37.76471329, -28.65985489, -28.06122208,
         -34.92717743, -36.30469894, -40.31727219, -37.99225998, -35.88131714,
         -34.84075928, -44.19872665, -41.70238876, -24.82323074, -47.42714691,
         -33.94367218, -41.24688721, -26.65115738, -33.99620438, -39.72179794,
         -34.29948807, -23.38686562, -41.54353333, -38.79001236, -33.25508881,
         -41.36513138, -32.29037094, -19.35691071, -32.57271576, -41.60017776,
         -32.43031311, -43.20531845, -43.84843063, -29.92252922, -33.99140167,
         -46.73233414, -38.16403198, -44.47482681, -34.60446930, -41.28948593,
         -41.95761871, -32.34765625, -37.39564514, -32.93889618, -39.54064178,
         -35.68609619, -36.40188217, -25.57617188, -37.06631088, -41.73194885,
         -29.07987785, -15.13237667, -33.38457108, -35.87191772, -16.23317719,
         -37.83321381, -40.89326477, -36.85555267, -40.55040741, -31.85236931,
         -30.14324570, -37.76695633, -33.53269958, -37.39828491, -36.76937485,
         -36.09221268, -33.77394867, -31.12311745, -46.35460281, -33.82509613,
         -39.65759659, -36.05987167, -43.67595291, -37.61116409, -28.10092163,
         -40.65313339, -30.53018188, -34.73823166, -40.82254028, -24.18251228,
         -36.96099854, -32.26611710, -34.55548859, -31.78364944, -40.48273468,
         -36.50434113, -41.03232956, -30.21300697, -41.11046982, -32.85769272,
         -48.31725693, -42.47728729, -31.52494049, -29.32875252, -42.51761627,
         -30.55698776, -47.69211578, -40.04337692, -34.36296463, -40.00733566,
         -34.90915680, -35.09114075, -44.42815399, -43.02198792, -38.54687500,
         -47.76973724, -38.39229584, -45.30713654, -49.81948853, -47.97386169,
         -26.13791466, -50.54598236, -34.62528610, -30.43485069, -41.24456406,
         -41.91371536, -46.40932846, -43.20188522, -29.69762039, -36.22753906,
         -38.11020660, -29.14768600, -32.47502518, -36.84426117, -41.72101974]],
       device='cuda:0')
Split layers:
Nonlinear functions:
   BoundRelu(name=/input-4, inputs=[/input], perturbed=True)
   BoundRelu(name=/input-12, inputs=[/input-8], perturbed=True)
   BoundRelu(name=/input-20, inputs=[/input-16], perturbed=True)
   BoundRelu(name=/input-28, inputs=[/input-24], perturbed=True)
   BoundRelu(name=/input-36, inputs=[/input-32], perturbed=True)
   BoundRelu(name=/input-44, inputs=[/input-40], perturbed=True)
   BoundRelu(name=/input-52, inputs=[/input-48], perturbed=True)
   BoundRelu(name=/input-60, inputs=[/input-56], perturbed=True)
   BoundRelu(name=/input-68, inputs=[/input-64], perturbed=True)
   BoundRelu(name=/123, inputs=[/input-72], perturbed=True)
layer /input-4 using sparse-features alpha with shape [610]; unstable size 610; total size 46656 ([1, 64, 27, 27])
layer /input-4 start_node /input-8 using sparse-spec alpha [2, 379, 1, 610] with unstable size 378 total_size 25088 output_shape (128, 14, 14)
layer /input-4 start_node /input-16 using sparse-spec alpha [2, 160, 1, 610] with unstable size 159 total_size 25088 output_shape (128, 14, 14)
layer /input-4 start_node /input-24 using sparse-spec alpha [2, 14, 1, 610] with unstable size 13 total_size 25088 output_shape (128, 14, 14)
layer /input-4 start_node /input-32 using sparse-spec alpha [2, 18, 1, 610] with unstable size 17 total_size 25088 output_shape (128, 14, 14)
layer /input-4 start_node /input-40 using sparse-spec alpha [2, 69, 1, 610] with unstable size 68 total_size 6272 output_shape torch.Size([128, 7, 7])
layer /input-4 start_node /input-72 using sparse-spec alpha [2, 19, 1, 610] with unstable size 18 total_size 200 output_shape torch.Size([200])
layer /input-4 start_node /124 using full alpha [2, 199, 1, 610] with unstable size None total_size 199 output_shape 199
layer /input-12 using sparse-features alpha with shape [378]; unstable size 378; total size 25088 ([1, 128, 14, 14])
layer /input-12 start_node /input-16 using sparse-spec alpha [2, 160, 1, 378] with unstable size 159 total_size 25088 output_shape (128, 14, 14)
layer /input-12 start_node /input-24 using sparse-spec alpha [2, 14, 1, 378] with unstable size 13 total_size 25088 output_shape (128, 14, 14)
layer /input-12 start_node /input-32 using sparse-spec alpha [2, 18, 1, 378] with unstable size 17 total_size 25088 output_shape (128, 14, 14)
layer /input-12 start_node /input-40 using sparse-spec alpha [2, 69, 1, 378] with unstable size 68 total_size 6272 output_shape torch.Size([128, 7, 7])
layer /input-12 start_node /input-72 using sparse-spec alpha [2, 19, 1, 378] with unstable size 18 total_size 200 output_shape torch.Size([200])
layer /input-12 start_node /124 using full alpha [2, 199, 1, 378] with unstable size None total_size 199 output_shape 199
layer /input-20 using sparse-features alpha with shape [159]; unstable size 159; total size 25088 ([1, 128, 14, 14])
layer /input-20 start_node /input-24 using sparse-spec alpha [2, 14, 1, 159] with unstable size 13 total_size 25088 output_shape (128, 14, 14)
layer /input-20 start_node /input-32 using sparse-spec alpha [2, 18, 1, 159] with unstable size 17 total_size 25088 output_shape (128, 14, 14)
layer /input-20 start_node /input-40 using sparse-spec alpha [2, 69, 1, 159] with unstable size 68 total_size 6272 output_shape (128, 7, 7)
layer /input-20 start_node /input-72 using sparse-spec alpha [2, 19, 1, 159] with unstable size 18 total_size 200 output_shape torch.Size([200])
layer /input-20 start_node /124 using full alpha [2, 199, 1, 159] with unstable size None total_size 199 output_shape 199
layer /input-28 using sparse-features alpha with shape [13]; unstable size 13; total size 25088 ([1, 128, 14, 14])
layer /input-28 start_node /input-32 using sparse-spec alpha [2, 18, 1, 13] with unstable size 17 total_size 25088 output_shape (128, 14, 14)
layer /input-28 start_node /input-40 using sparse-spec alpha [2, 69, 1, 13] with unstable size 68 total_size 6272 output_shape (128, 7, 7)
layer /input-28 start_node /input-72 using sparse-spec alpha [2, 19, 1, 13] with unstable size 18 total_size 200 output_shape torch.Size([200])
layer /input-28 start_node /124 using full alpha [2, 199, 1, 13] with unstable size None total_size 199 output_shape 199
layer /input-36 using sparse-features alpha with shape [17]; unstable size 17; total size 25088 ([1, 128, 14, 14])
layer /input-36 start_node /input-40 using sparse-spec alpha [2, 69, 1, 17] with unstable size 68 total_size 6272 output_shape (128, 7, 7)
layer /input-36 start_node /input-72 using sparse-spec alpha [2, 19, 1, 17] with unstable size 18 total_size 200 output_shape torch.Size([200])
layer /input-36 start_node /124 using full alpha [2, 199, 1, 17] with unstable size None total_size 199 output_shape 199
layer /input-44 using sparse-features alpha with shape [68]; unstable size 68; total size 6272 ([1, 128, 7, 7])
layer /input-44 start_node /input-72 using sparse-spec alpha [2, 19, 1, 68] with unstable size 18 total_size 200 output_shape torch.Size([200])
layer /input-44 start_node /124 using full alpha [2, 199, 1, 68] with unstable size None total_size 199 output_shape 199
layer /input-52 using sparse-features alpha with shape [0]; unstable size 0; total size 6272 ([1, 128, 7, 7])
layer /input-52 start_node /input-72 using sparse-spec alpha [2, 19, 1, 0] with unstable size 18 total_size 200 output_shape torch.Size([200])
layer /input-52 start_node /124 using full alpha [2, 199, 1, 0] with unstable size None total_size 199 output_shape 199
layer /input-60 using sparse-features alpha with shape [0]; unstable size 0; total size 6272 ([1, 128, 7, 7])
layer /input-60 start_node /input-72 using sparse-spec alpha [2, 19, 1, 0] with unstable size 18 total_size 200 output_shape torch.Size([200])
layer /input-60 start_node /124 using full alpha [2, 199, 1, 0] with unstable size None total_size 199 output_shape 199
layer /input-68 using sparse-features alpha with shape [0]; unstable size 0; total size 6272 ([1, 128, 7, 7])
layer /input-68 start_node /input-72 using sparse-spec alpha [2, 19, 1, 0] with unstable size 18 total_size 200 output_shape torch.Size([200])
layer /input-68 start_node /124 using full alpha [2, 199, 1, 0] with unstable size None total_size 199 output_shape 199
layer /123 using sparse-features alpha with shape [18]; unstable size 18; total size 200 ([1, 200])
layer /123 start_node /124 using full alpha [2, 199, 1, 18] with unstable size None total_size 199 output_shape 199
Optimizable variables initialized.
initial CROWN bounds: tensor([[27.81580353, 23.00191879, 27.79539490, 21.81952858, 19.37300491,
         23.52589607,  6.89107513, 17.94183159, 19.79597092, 18.16876602,
         15.17839432, 25.78001404, 27.49982834, 26.67514610,  8.63155079,
         22.73532677, 15.46724701, 13.15803051, 17.95910835, 22.72208977,
         23.13057899, 21.84352875, 25.48063660, 22.20239258, 24.70579147,
         29.91908836, 23.19982910, 22.52092743, 24.42448425, 13.99877357,
         12.20330429, 18.54157066, 13.82083321, 19.48166847, 24.90249062,
         24.55982971, 28.08244133, 22.69118118, 23.82106781, 21.04383278,
         20.83721924, 22.61024857, 19.79734612, 20.36302376, 23.45733070,
         34.34514618, 15.37948799, 13.88165379, 16.78741074, 21.88850784,
         24.68850327, 26.23626518, 27.47135162, 34.20786667, 29.22327042,
         21.40829849, 20.01694298, 16.13291550, 21.82841301,  3.21564102,
         16.31412888, 22.19089699,  5.22248650, 20.92129135,  3.64770508,
         14.82149315, 18.57962227, 16.41704369, 31.44586372, 24.29624939,
         21.58994675, 22.87135887, 12.78652668, 20.18625832, 17.16441154,
         15.29758930, 21.55839920, 20.71335983, 11.96372223, 10.76302338,
         17.90067482, 19.02525520, 22.51169014, 20.95844650, 18.46687698,
         17.56306458, 26.93236542, 24.24715233,  8.17923260, 29.90181732,
         16.92854309, 23.87182808,  9.83818626, 16.68636894, 22.47795105,
         17.29191017,  6.19054699, 24.45873642, 21.49729538, 16.23708344,
         23.89028168, 15.15290260,  2.22891140, 15.35101032, 24.35970879,
         15.49954987, 25.48982811, 26.50423431, 12.40706730, 16.75154495,
         28.68401718, 21.23594666, 26.94545364, 17.65031052, 23.63857841,
         24.53762627, 15.26561069, 20.31978989, 15.75050926, 22.51826286,
         18.78276253, 18.92163849,  8.84841061, 19.99752998, 24.31629562,
         12.05620861, 16.29698563, 18.54476738, -0.44578409, 20.88646126,
         23.55612183, 19.80968094, 23.10274887, 15.01776695, 13.36992455,
         20.32969093, 16.29865074, 20.19720840, 19.71440506, 19.03956223,
         16.63138199, 13.89307785, 28.91270828, 17.01881027, 22.27821922,
         18.91245270, 26.35139847, 20.21546936, 10.86930656, 23.34557343,
         13.29319668, 17.16609192, 23.45237541,  6.82977486, 19.55112839,
         15.14460182, 17.55156326, 14.66970634, 22.88188934, 19.39657784,
         23.85564423, 13.38394737, 23.98294449, 15.57256508, 30.60989952,
         24.67634010, 14.26440239, 12.50938416, 25.06523705, 13.09568596,
         30.18650818, 22.85536575, 17.20923996, 22.80388069, 17.89097595,
         18.06753731, 27.08016968, 25.52759933, 21.48460770, 29.81753349,
         21.36081123, 28.01082611, 31.85166931, 29.98391533,  9.37800598,
         32.58022690, 17.17248344, 13.57448673, 23.89906693, 24.64186668,
         28.64276123, 25.75734520, 12.94598007, 18.95367050, 20.90351868,
         12.30942917, 15.46274471, 19.89962769, 24.65052223]], device='cuda:0') None
prune_after_crown optimization in use: original label size = 199 pruned label size = 1
best_l after optimization: -0.37883079051971436
alpha/beta optimization time: 3.2112882137298584
initial alpha-crown bounds: tensor([[        inf,         inf,         inf,         inf,         inf,
                 inf,         inf,         inf,         inf,         inf,
                 inf,         inf,         inf,         inf,         inf,
                 inf,         inf,         inf,         inf,         inf,
                 inf,         inf,         inf,         inf,         inf,
                 inf,         inf,         inf,         inf,         inf,
                 inf,         inf,         inf,         inf,         inf,
                 inf,         inf,         inf,         inf,         inf,
                 inf,         inf,         inf,         inf,         inf,
                 inf,         inf,         inf,         inf,         inf,
                 inf,         inf,         inf,         inf,         inf,
                 inf,         inf,         inf,         inf,         inf,
                 inf,         inf,         inf,         inf,         inf,
                 inf,         inf,         inf,         inf,         inf,
                 inf,         inf,         inf,         inf,         inf,
                 inf,         inf,         inf,         inf,         inf,
                 inf,         inf,         inf,         inf,         inf,
                 inf,         inf,         inf,         inf,         inf,
                 inf,         inf,         inf,         inf,         inf,
                 inf,         inf,         inf,         inf,         inf,
                 inf,         inf,         inf,         inf,         inf,
                 inf,         inf,         inf,         inf,         inf,
                 inf,         inf,         inf,         inf,         inf,
                 inf,         inf,         inf,         inf,         inf,
                 inf,         inf,         inf,         inf,         inf,
                 inf,         inf,         inf, -0.37883079,         inf,
                 inf,         inf,         inf,         inf,         inf,
                 inf,         inf,         inf,         inf,         inf,
                 inf,         inf,         inf,         inf,         inf,
                 inf,         inf,         inf,         inf,         inf,
                 inf,         inf,         inf,         inf,         inf,
                 inf,         inf,         inf,         inf,         inf,
                 inf,         inf,         inf,         inf,         inf,
                 inf,         inf,         inf,         inf,         inf,
                 inf,         inf,         inf,         inf,         inf,
                 inf,         inf,         inf,         inf,         inf,
                 inf,         inf,         inf,         inf,         inf,
                 inf,         inf,         inf,         inf,         inf,
                 inf,         inf,         inf,         inf,         inf,
                 inf,         inf,         inf,         inf]], device='cuda:0')
Number of class (without rhs): 1 ; Worst class: (+ rhs) -0.37883079051971436
Total VNNLIB file length: 199, max property batch size: 200, total number of batches: 1
lA shape: [torch.Size([199, 1, 64, 27, 27]), torch.Size([199, 1, 128, 14, 14]), torch.Size([199, 1, 128, 14, 14]), torch.Size([199, 1, 128, 14, 14]), torch.Size([199, 1, 128, 14, 14]), torch.Size([199, 1, 128, 7, 7]), torch.Size([199, 1, 128, 7, 7]), torch.Size([199, 1, 128, 7, 7]), torch.Size([199, 1, 128, 7, 7]), torch.Size([199, 1, 200])]

Properties batch 0, size 199
Remaining timeout: 92.58823609352112
Verifying property 0 with 199 instances.
##### Instance 0 first 10 spec matrices: 
tensor([[[-1.,  0.,  0.,  ...,  0.,  0.,  0.]],

        [[ 0., -1.,  0.,  ...,  0.,  0.,  0.]],

        [[ 0.,  0., -1.,  ...,  0.,  0.,  0.]],

        ...,

        [[ 0.,  0.,  0.,  ...,  0.,  0.,  0.]],

        [[ 0.,  0.,  0.,  ...,  0.,  0.,  0.]],

        [[ 0.,  0.,  0.,  ...,  0.,  0.,  0.]]], dtype=torch.float64)
thresholds: tensor([0., 0., 0., 0., 0., 0., 0., 0., 0., 0.], device='cuda:0') ######
Initial alpha-CROWN verified for spec index tensor([  0,   1,   2,   3,   4,   5,   6,   7,   8,   9,  10,  11,  12,  13,
         14,  15,  16,  17,  18,  19,  20,  21,  22,  23,  24,  25,  26,  27,
         28,  29,  30,  31,  32,  33,  34,  35,  36,  37,  38,  39,  40,  41,
         42,  43,  44,  45,  46,  47,  48,  49,  50,  51,  52,  53,  54,  55,
         56,  57,  58,  59,  60,  61,  62,  63,  64,  65,  66,  67,  68,  69,
         70,  71,  72,  73,  74,  75,  76,  77,  78,  79,  80,  81,  82,  83,
         84,  85,  86,  87,  88,  89,  90,  91,  92,  93,  94,  95,  96,  97,
         98,  99, 100, 101, 102, 103, 104, 105, 106, 107, 108, 109, 110, 111,
        112, 113, 114, 115, 116, 117, 118, 119, 120, 121, 122, 123, 124, 125,
        126, 127, 129, 130, 131, 132, 133, 134, 135, 136, 137, 138, 139, 140,
        141, 142, 143, 144, 145, 146, 147, 148, 149, 150, 151, 152, 153, 154,
        155, 156, 157, 158, 159, 160, 161, 162, 163, 164, 165, 166, 167, 168,
        169, 170, 171, 172, 173, 174, 175, 176, 177, 178, 179, 180, 181, 182,
        183, 184, 185, 186, 187, 188, 189, 190, 191, 192, 193, 194, 195, 196,
        197, 198], device='cuda:0') with bound tensor([inf, inf, inf, inf, inf, inf, inf, inf, inf, inf, inf, inf, inf, inf, inf, inf, inf, inf, inf, inf, inf, inf, inf, inf,
        inf, inf, inf, inf, inf, inf, inf, inf, inf, inf, inf, inf, inf, inf, inf, inf, inf, inf, inf, inf, inf, inf, inf, inf,
        inf, inf, inf, inf, inf, inf, inf, inf, inf, inf, inf, inf, inf, inf, inf, inf, inf, inf, inf, inf, inf, inf, inf, inf,
        inf, inf, inf, inf, inf, inf, inf, inf, inf, inf, inf, inf, inf, inf, inf, inf, inf, inf, inf, inf, inf, inf, inf, inf,
        inf, inf, inf, inf, inf, inf, inf, inf, inf, inf, inf, inf, inf, inf, inf, inf, inf, inf, inf, inf, inf, inf, inf, inf,
        inf, inf, inf, inf, inf, inf, inf, inf, inf, inf, inf, inf, inf, inf, inf, inf, inf, inf, inf, inf, inf, inf, inf, inf,
        inf, inf, inf, inf, inf, inf, inf, inf, inf, inf, inf, inf, inf, inf, inf, inf, inf, inf, inf, inf, inf, inf, inf, inf,
        inf, inf, inf, inf, inf, inf, inf, inf, inf, inf, inf, inf, inf, inf, inf, inf, inf, inf, inf, inf, inf, inf, inf, inf,
        inf, inf, inf, inf, inf, inf], device='cuda:0').
Remaining spec index tensor([128], device='cuda:0') with bounds tensor([[-0.37883079]], device='cuda:0') need to verify.
Model prediction is: tensor([-45.34945297, -40.22517776, -45.40987015, -39.01675415, -36.58782959,
        -40.89598465, -23.72740746, -34.73057175, -36.75312805, -34.80512238,
        -32.21932983, -43.24521637, -45.06784439, -44.26606369, -25.68540001,
        -39.87559128, -32.45473862, -29.94455338, -35.53216171, -40.03720856,
        -40.24328613, -39.20135117, -43.02623749, -40.16656113, -42.03062057,
        -47.42263794, -40.48692322, -39.78954697, -41.94646835, -31.01767159,
        -29.26689720, -35.84432602, -31.22249031, -36.83563614, -42.10820389,
        -41.85115814, -45.49766159, -39.77778244, -41.51516342, -38.50682449,
        -38.14951324, -39.58803177, -37.02648544, -37.43347931, -40.44570160,
        -52.34989166, -32.23377228, -31.03906441, -33.99790955, -38.85551834,
        -42.11616135, -43.81737137, -44.87167740, -51.79330063, -46.82985306,
        -38.48727798, -37.16136932, -33.46628952, -39.18701553, -20.08591461,
        -33.11178589, -39.15989304, -22.26463509, -38.06803894, -20.17546463,
        -32.25065231, -35.89848328, -33.37395096, -48.79969025, -41.87409592,
        -38.85464096, -40.02977371, -29.89805222, -37.31706619, -33.97286224,
        -32.18672562, -38.85772705, -37.76471329, -28.65985489, -28.06122208,
        -34.92717743, -36.30469894, -40.31727219, -37.99225998, -35.88131714,
        -34.84075928, -44.19872665, -41.70238876, -24.82323074, -47.42714691,
        -33.94367218, -41.24688721, -26.65115738, -33.99620438, -39.72179794,
        -34.29948807, -23.38686562, -41.54353333, -38.79001236, -33.25508881,
        -41.36513138, -32.29037094, -19.35691071, -32.57271576, -41.60017776,
        -32.43031311, -43.20531845, -43.84843063, -29.92252922, -33.99140167,
        -46.73233414, -38.16403198, -44.47482681, -34.60446930, -41.28948593,
        -41.95761871, -32.34765625, -37.39564514, -32.93889618, -39.54064178,
        -35.68609619, -36.40188217, -25.57617188, -37.06631088, -41.73194885,
        -29.07987785, -15.13237667, -33.38457108, -35.87191772, -16.23317719,
        -37.83321381, -40.89326477, -36.85555267, -40.55040741, -31.85236931,
        -30.14324570, -37.76695633, -33.53269958, -37.39828491, -36.76937485,
        -36.09221268, -33.77394867, -31.12311745, -46.35460281, -33.82509613,
        -39.65759659, -36.05987167, -43.67595291, -37.61116409, -28.10092163,
        -40.65313339, -30.53018188, -34.73823166, -40.82254028, -24.18251228,
        -36.96099854, -32.26611710, -34.55548859, -31.78364944, -40.48273468,
        -36.50434113, -41.03232956, -30.21300697, -41.11046982, -32.85769272,
        -48.31725693, -42.47728729, -31.52494049, -29.32875252, -42.51761627,
        -30.55698776, -47.69211578, -40.04337692, -34.36296463, -40.00733566,
        -34.90915680, -35.09114075, -44.42815399, -43.02198792, -38.54687500,
        -47.76973724, -38.39229584, -45.30713654, -49.81948853, -47.97386169,
        -26.13791466, -50.54598236, -34.62528610, -30.43485069, -41.24456406,
        -41.91371536, -46.40932846, -43.20188522, -29.69762039, -36.22753906,
        -38.11020660, -29.14768600, -32.47502518, -36.84426117, -41.72101974],
       device='cuda:0')
build_with_refined_bounds batch [1/1]
setting alpha for layer /input-4 start_node /124 with alignment adjustment
setting alpha for layer /input-12 start_node /124 with alignment adjustment
setting alpha for layer /input-20 start_node /124 with alignment adjustment
setting alpha for layer /input-28 start_node /124 with alignment adjustment
setting alpha for layer /input-36 start_node /124 with alignment adjustment
setting alpha for layer /input-44 start_node /124 with alignment adjustment
setting alpha for layer /input-52 start_node /124 with alignment adjustment
setting alpha for layer /input-60 start_node /124 with alignment adjustment
setting alpha for layer /input-68 start_node /124 with alignment adjustment
setting alpha for layer /123 start_node /124 with alignment adjustment
all alpha initialized
directly get lb and ub from refined bounds
c shape: torch.Size([1, 1, 200])
lA shapes: [torch.Size([1, 1, 64, 27, 27]), torch.Size([1, 1, 128, 14, 14]), torch.Size([1, 1, 128, 14, 14]), torch.Size([1, 1, 128, 14, 14]), torch.Size([1, 1, 128, 14, 14]), torch.Size([1, 1, 128, 7, 7]), torch.Size([1, 1, 128, 7, 7]), torch.Size([1, 1, 128, 7, 7]), torch.Size([1, 1, 128, 7, 7]), torch.Size([1, 1, 200])]
(alpha-)CROWN with fixed intermediate bounds: tensor([[-0.37883079]], device='cuda:0') tensor([[inf]], device='cuda:0')
Intermediate layers: /input,/input-8,/input-16,/input-24,/input-32,/input-40,/input-48,/input-56,/input-64,/input-72,/124
Keeping alphas for these layers: ['/124']
Keeping alphas for these layers: ['/124']
Node /input-4 input 0: size torch.Size([64, 27, 27]) unstable 610
Node /input-12 input 0: size torch.Size([128, 14, 14]) unstable 376
Node /input-20 input 0: size torch.Size([128, 14, 14]) unstable 155
Node /input-28 input 0: size torch.Size([128, 14, 14]) unstable 13
Node /input-36 input 0: size torch.Size([128, 14, 14]) unstable 17
Node /input-44 input 0: size torch.Size([128, 7, 7]) unstable 67
Node /input-52 input 0: size torch.Size([128, 7, 7]) unstable 0
Node /input-60 input 0: size torch.Size([128, 7, 7]) unstable 0
Node /input-68 input 0: size torch.Size([128, 7, 7]) unstable 0
Node /123 input 0: size torch.Size([200]) unstable 18
-----------------
# of unstable neurons: 1256
-----------------

BaB round 1
batch: 1
splitting decisions: 
split level 0: [/input-72, 136] 
split level 1: [/input-72, 135] 
split level 2: [/input-72, 115] 
split level 3: [/input-72, 191] 
pruning_in_iteration open status: True
ratio of positive domain = 14 / 16 = 0.875
pruning-in-iteration extra time: 0.010109901428222656
Time: prepare 0.0004    bound 0.1896    transfer 0.0068    finalize 0.0043    func 0.2012    
Accumulated time: func 0.2012    prepare 0.0008    bound 0.1896    transfer 0.0068    finalize 0.0043    
Current worst splitting domains lb-rhs (depth):
-0.21752 (4), -0.12549 (4), 
Length of domains: 2
Time: pickout 0.0006    decision 0.0763    set_bounds 0.0014    solve 0.2013    add 0.0019    
Accumulated time: pickout 0.0006    decision 0.0763    set_bounds 0.0014    solve 0.2013    add 0.0019    
Current (lb-rhs): -0.21752142906188965
2 domains visited
Cumulative time: 0.9557929039001465

BaB round 2
batch: 2
splitting decisions: 
split level 0: [/input-72, 20] [/input-72, 20] 
split level 1: [/input-72, 172] [/input-72, 172] 
split level 2: [/input-72, 181] [/input-72, 181] 
pruning_in_iteration open status: True
ratio of positive domain = 13 / 16 = 0.8125
pruning-in-iteration extra time: 0.008890628814697266
Time: prepare 0.0008    bound 0.1530    transfer 0.0077    finalize 0.0045    func 0.1660    
Accumulated time: func 0.3672    prepare 0.0024    bound 0.3426    transfer 0.0145    finalize 0.0088    
Current worst splitting domains lb-rhs (depth):
-0.09473 (7), -0.06256 (7), -0.00299 (7), 
Length of domains: 3
Time: pickout 0.0052    decision 0.1069    set_bounds 0.0012    solve 0.1660    add 0.0037    
Accumulated time: pickout 0.0058    decision 0.1833    set_bounds 0.0026    solve 0.3673    add 0.0056    
Current (lb-rhs): -0.09472894668579102
5 domains visited
Cumulative time: 1.2390823364257812

BaB round 3
batch: 3
splitting decisions: 
split level 0: [/input-72, 22] [/input-72, 22] [/input-72, 22] 
split level 1: [/input-72, 116] [/input-72, 116] [/input-72, 116] 
split level 2: [/input-40, 576] [/input-40, 579] [/input-40, 905] 
pruning_in_iteration open status: True
ratio of positive domain = 22 / 24 = 0.9166666666666666
pruning-in-iteration extra time: 0.006395578384399414
Time: prepare 0.0010    bound 0.1435    transfer 0.0055    finalize 0.0007    func 0.1508    
Accumulated time: func 0.5180    prepare 0.0038    bound 0.4862    transfer 0.0200    finalize 0.0096    
Current worst splitting domains lb-rhs (depth):
-0.02871 (10), -0.01621 (10), 
Length of domains: 2
Time: pickout 0.0061    decision 0.1004    set_bounds 0.0016    solve 0.1508    add 0.0010    
Accumulated time: pickout 0.0119    decision 0.2837    set_bounds 0.0042    solve 0.5181    add 0.0066    
Current (lb-rhs): -0.02871227264404297
7 domains visited
Cumulative time: 1.4993782043457031

BaB round 4
batch: 2
splitting decisions: 
split level 0: [/input-40, 907] [/input-40, 907] 
split level 1: [/input-40, 905] [/input-40, 905] 
split level 2: [/input-40, 576] [/input-40, 576] 
pruning_in_iteration open status: True
ratio of positive domain = 12 / 16 = 0.75
pruning-in-iteration extra time: 0.002458333969116211
Time: prepare 0.0007    bound 0.1039    transfer 0.0021    finalize 0.0003    func 0.1071    
Accumulated time: func 0.6251    prepare 0.0048    bound 0.5901    transfer 0.0222    finalize 0.0099    
Current worst splitting domains lb-rhs (depth):
-0.00479 (13), -0.00414 (13), -0.00080 (13), -0.00048 (13), 
Length of domains: 4
Time: pickout 0.0009    decision 0.0464    set_bounds 0.0014    solve 0.1071    add 0.0011    
Accumulated time: pickout 0.0128    decision 0.3301    set_bounds 0.0055    solve 0.6253    add 0.0077    
Current (lb-rhs): -0.0047876834869384766
11 domains visited
Cumulative time: 1.6565351486206055

BaB round 5
batch: 4
splitting decisions: 
split level 0: [/input-72, 167] [/input-72, 167] [/input-72, 167] [/input-72, 167] 
split level 1: [/input-40, 1734] [/input-40, 1734] [/input-40, 1734] [/input-40, 1734] 

all verified at 0th iter
pruning_in_iteration open status: False
ratio of positive domain = 16 / 16 = 1.0
pruning-in-iteration extra time: 3.409385681152344e-05
Time: prepare 0.0007    bound 0.0091    transfer 0.0016    finalize 0.0003    func 0.0117    
Accumulated time: func 0.6368    prepare 0.0059    bound 0.5991    transfer 0.0237    finalize 0.0102    
Length of domains: 0
Time: pickout 0.0008    decision 0.0483    set_bounds 0.0013    solve 0.0117    add 0.0000    
Accumulated time: pickout 0.0136    decision 0.3784    set_bounds 0.0068    solve 0.6370    add 0.0078    
No domains left, verification finished!
Current (lb-rhs): 1.0000000116860974e-07
11 domains visited
Cumulative time: 1.7187843322753906

Result: unsat
Time: 9.38657832145691

------------------------- COMMAND ------------------------------
/data1/Kane/miniconda3/envs/GenBaB/bin/python /data1/Kane/GenBaB/alpha-beta-CROWN/complete_verifier/abcrown.py --config /data1/Kane/GenBaB/alpha-beta-CROWN/complete_verifier/exp_configs/vnncomp24/tinyimagenet.yaml --precompile_jit --onnx_path /data1/Kane/data/vnncomp2025_benchmarks/benchmarks/tinyimagenet_2024/onnx/TinyImageNet_resnet_medium.onnx --vnnlib_path /data1/Kane/data/vnncomp2025_benchmarks/benchmarks/tinyimagenet_2024/vnnlib/TinyImageNet_resnet_medium_prop_idx_7847_sidx_9927_eps_0.0039.vnnlib --results_file /data1/Kane/ACT/audit_results/abcrown_nopgd_20260525/tinyimagenet_2024/0089__TinyImageNet_resnet_medium__TinyImageNet_resnet_medium_prop_idx_7847_sidx_9927_eps_0.0039.result --timeout 100.0 --save_adv_example --pgd_order=skip
----------------------------------------------------------------

