[0;93m2026-05-26 14:48:39.256094339 [W:onnxruntime:Default, device_discovery.cc:325 DiscoverDevicesForPlatform] GPU device discovery failed: device_discovery.cc:92 ReadFileContents Failed to open file: "/sys/class/drm/card0/device/vendor"[m
Configurations:

general:
  device: cuda
  seed: 100
  conv_mode: patches
  deterministic: false
  double_fp: false
  loss_reduction_func: sum
  sparse_alpha: true
  sparse_interm: true
  save_adv_example: true
  verify_onnxruntime_output: false
  eval_adv_example: false
  show_adv_example: false
  precompile_jit: true
  prepare_only: false
  complete_verifier: bab
  enable_incomplete_verification: true
  csv_name: instances.csv
  results_file: /data1/Kane/ACT/audit_results/abcrown_nopgd_20260525/tinyimagenet_2024/0097__TinyImageNet_resnet_medium__TinyImageNet_resnet_medium_prop_idx_4674_sidx_6718_eps_0.0039.result
  root_path: ../../vnncomp2024_benchmarks/benchmarks/tinyimagenet
  deterministic_opt: false
  graph_optimizer: 'Customized("custom_graph_optimizer", "default_optimizer")'
  buffer_has_batchdim: false
  save_output: false
  output_file: out.pkl
  return_optimized_model: false
model:
  name: null
  path: null
  onnx_path: /data1/Kane/data/vnncomp2025_benchmarks/benchmarks/tinyimagenet_2024/onnx/TinyImageNet_resnet_medium.onnx
  onnx_path_prefix: ''
  cache_onnx_conversion: false
  debug_onnx: false
  onnx_quirks: null
  input_shape: null
  onnx_loader: default_onnx_and_vnnlib_loader
  onnx_optimization_flags: [merge_bn]
  onnx_vnnlib_joint_optimization_flags: none
  check_optimized: false
  flatten_final_output: false
  optimize_graph: null
  with_jacobian: false
data:
  start: 0
  end: 10000
  select_instance: null
  num_outputs: 10
  mean: 0.0
  std: 1.0
  pkl_path: null
  dataset: null
  data_filter_path: null
  data_idx_file: null
specification:
  type: lp
  robustness_type: verified-acc
  norm: .inf
  epsilon: null
  epsilon_min: 0.0
  vnnlib_path: /data1/Kane/data/vnncomp2025_benchmarks/benchmarks/tinyimagenet_2024/vnnlib/TinyImageNet_resnet_medium_prop_idx_4674_sidx_6718_eps_0.0039.vnnlib
  vnnlib_path_prefix: ''
  rhs_offset: null
solver:
  batch_size: 256
  auto_enlarge_batch_size: false
  min_batch_size_ratio: 0.1
  use_float64_in_last_iteration: false
  early_stop_patience: 10
  start_save_best: 0.5
  bound_prop_method: alpha-crown
  init_bound_prop_method: same
  prune_after_crown: true
  optimize_disjuncts_separately: false
  crown:
    batch_size: 1000000000
    max_crown_size: 1000000000
    activation_bound_option: adaptive
    compare_crown_with_ibp: false
  alpha-crown:
    alpha: true
    lr_alpha: 0.25
    iteration: 20
    share_alphas: false
    lr_decay: 0.98
    full_conv_alpha: true
    max_coeff_mul: .inf
    matmul_share_alphas: false
    disable_optimization: []
    max_time: 1.0
  invprop:
    apply_output_constraints_to: []
    tighten_input_bounds: false
    best_of_oc_and_no_oc: false
    directly_optimize: []
    oc_lr: 0.1
    share_gammas: false
  beta-crown:
    lr_alpha: 0.1
    lr_beta: 0.15
    lr_decay: 0.98
    optimizer: adam
    iteration: 8
    beta: true
    beta_warmup: true
    enable_opt_interm_bounds: false
    all_node_split_LP: false
  forward:
    refine: false
    max_dim: 10000
    reset_threshold: 1.0
  multi_class:
    label_batch_size: 32
    skip_with_refined_bound: true
  mip:
    unstable_neuron_threshold: 0
    parallel_solvers: null
    solver_threads: 1
    refine_neuron_timeout: 15
    refine_neuron_time_percentage: 0.8
    early_stop: true
    adv_warmup: true
    mip_solver: gurobi
    skip_unsafe: false
    topk_filter: 1.0
    sliding_window: -1
    extra_constraint: false
    refine_neuron_timeout_increasement: 0
    timeout_neuron_percentage: 0.3
    remaining_timeout_threshold: 1
    remove_unstable_neurons: false
    lp_solver: false
bab:
  initial_max_domains: 200
  backing_up_max_domain: null
  max_domains: .inf
  decision_thresh: 0
  timeout: 100.0
  timeout_scale: 1
  max_iterations: -1
  override_timeout: null
  get_upper_bound: false
  pruning_in_iteration: true
  pruning_in_iteration_ratio: 0.2
  sort_targets: false
  batched_domain_list: true
  optimized_interm: ''
  interm_transfer: false
  recompute_interm: false
  sort_domain_interval: -1
  vanilla_crown: false
  tree_traversal: depth_first
  cut:
    enabled: false
    cuts_path: /tmp/abcrown_cuts
    implication: false
    bab_cut: false
    lp_cut: false
    method: null
    lr: 0.01
    lr_decay: 1.0
    iteration: 100
    bab_iteration: -1
    early_stop_patience: -1
    lr_beta: 0.02
    number_cuts: 50
    topk_cuts_in_filter: 1000
    batch_size_primal: 100
    max_num: 1000000000
    patches_cut: false
    cplex_cuts: false
    cplex_cuts_wait: 0
    cplex_cuts_revpickup: true
    cut_reference_bounds: true
    fix_intermediate_bounds: false
    biccos:
      enabled: false
      constraint_strengthening: true
      recursively_strengthening: false
      drop_ratio: 0.5
      verified_bonus: 0.3
      max_infer_iter: 20
      heuristic: neuron_influence_score
      save_biccos_cuts: false
      multi_tree_branching:
        enabled: false
        restore_best_tree: false
        keep_n_best_domains: 1
        k_splits: 1
        iterations: 1
  branching:
    method: kfsb
    candidates: 7
    reduceop: max
    enable_intermediate_bound_opt: false
    branching_input_and_activation: false
    branching_input_and_activation_order: [input, relu]
    branching_input_iterations: 30
    branching_relu_iterations: 50
    nonlinear_split:
      method: bbps
      disable: false
      branching_point_method: uniform
      num_branches: 2
      filter: false
      filter_beta: false
      filter_clamp: false
      filter_batch_size: 10000
      filter_iterations: 25
      relu_only: false
      loose_tanh_threshold: null
      branching_point:
        db_path: branching_points.pt
        num_iterations: 1000
        batch_size: 1000000
        range_l: -5.0
        range_u: 5.0
        log_interval: 100
        step_size_1d: 0.01
        step_size: 0.2
    input_split:
      enable_clip_domains: false
      split_hint: null
      reorder_bab: false
      enable: false
      enhanced_bound_prop_method: alpha-crown
      enhanced_branching_method: naive
      enhanced_bound_patience: 100000000.0
      attack_patience: 100000000.0
      adv_check: 0
      split_partitions: 2
      sb_margin_weight: 1.0
      sb_sum: false
      sb_primary_spec: null
      bf_backup_thresh: -1
      bf_rhs_offset: 0
      bf_iters: 1000000000.0
      bf_batch_size: 100000
      bf_zero_crossing_score: false
      touch_zero_score: 0
      ibp_enhancement: false
      compare_with_old_bounds: false
      update_rhs_with_attack: false
      sb_coeff_thresh: 0.001
      sort_index: null
      sort_descending: true
      show_progress: false
      presplit_domains: null
      skip_getting_worst_domain: false
  attack:
    enabled: false
    beam_candidates: 8
    beam_depth: 7
    max_dive_fix_ratio: 0.8
    min_local_free_ratio: 0.2
    mip_start_iteration: 5
    mip_timeout: 30.0
    adv_pool_threshold: null
    refined_mip_attacker: false
    refined_batch_size: null
attack:
  pgd_order: skip
  pgd_steps: 100
  pgd_restarts: 10
  pgd_batch_size: 100000000
  pgd_early_stop: true
  pgd_lr_decay: 0.99
  pgd_alpha: auto
  pgd_alpha_scale: false
  pgd_loss_mode: null
  pgd_restart_when_stuck: false
  enable_mip_attack: false
  adv_saver: default_adv_saver
  adv_verifier: default_adv_verifier
  early_stop_condition: default_early_stop_condition
  adv_example_finalizer: default_adv_example_finalizer
  pgd_loss: default_pgd_loss
  cex_path: ./test_cex.txt
  attack_mode: PGD
  attack_tolerance: 0.0
  attack_func: attack_with_general_specs
  gama_lambda: 10.0
  gama_decay: 0.9
  check_clean: false
  input_split:
    pgd_steps: 100
    pgd_restarts: 30
    pgd_alpha: auto
  input_split_enhanced:
    pgd_steps: 200
    pgd_restarts: 500000
    pgd_alpha: auto
  input_split_check_adv:
    enabled: auto
    pgd_steps: 5
    pgd_restarts: 5
    pgd_alpha: auto
    max_num_domains: 10
debug:
  view_model: false
  lp_test: null
  rescale_vnnlib_ptb: null
  test_optimized_bounds: false
  test_optimized_bounds_after_n_iterations: 0
  print_verbose_decisions: false
  sanity_check: null
  save_minimal_config: null
  save_minimal_config_omit_keys: []

Experiments at Tue May 26 14:48:40 2026 on dell-pro-max-tower-t2
Pre-compile jit kernels on a toy network.../data1/Kane/miniconda3/envs/GenBaB/lib/python3.11/site-packages/onnx2pytorch/convert/model.py:151: UserWarning: Using experimental implementation that allows 'batch_size > 1'.Batchnorm layers could potentially produce false outputs.
  warnings.warn(
/data1/Kane/miniconda3/envs/GenBaB/lib/python3.11/site-packages/onnx2pytorch/utils.py:21: TracerWarning: Converting a tensor to a Python boolean might cause the trace to be incorrect. We can't record the data flow of Python values, so this value will be treated as a constant in the future. This means that the trace might not generalize to other inputs!
  return value.ndim == 0 or value.shape == torch.Size([1])
/data1/Kane/miniconda3/envs/GenBaB/lib/python3.11/site-packages/onnx2pytorch/operations/add.py:34: TracerWarning: Converting a tensor to a Python boolean might cause the trace to be incorrect. We can't record the data flow of Python values, so this value will be treated as a constant in the future. This means that the trace might not generalize to other inputs!
  elif all(x == 1 for x in input[0].shape):

JIT kernels compiled in 1.0682s.
Internal results will be saved to /data1/Kane/ACT/audit_results/abcrown_nopgd_20260525/tinyimagenet_2024/0097__TinyImageNet_resnet_medium__TinyImageNet_resnet_medium_prop_idx_4674_sidx_6718_eps_0.0039.result.

 %%%%%%%%%%%%%%%%%%%%%%%%%%%%%%%%%%% idx: 0, vnnlib ID: 0 %%%%%%%%%%%%%%%%%%%%%%%%%%%%%%%%%%%
Using onnx /data1/Kane/data/vnncomp2025_benchmarks/benchmarks/tinyimagenet_2024/onnx/TinyImageNet_resnet_medium.onnx
Using vnnlib /data1/Kane/data/vnncomp2025_benchmarks/benchmarks/tinyimagenet_2024/vnnlib/TinyImageNet_resnet_medium_prop_idx_4674_sidx_6718_eps_0.0039.vnnlib
9408 inputs and 200 outputs in vnnlib
Loading onnx /data1/Kane/data/vnncomp2025_benchmarks/benchmarks/tinyimagenet_2024/onnx/TinyImageNet_resnet_medium.onnx with quirks {}
Onnx optimization with flags: ['merge_bn']
Found existed optimized onnx model at /data1/Kane/data/vnncomp2025_benchmarks/benchmarks/tinyimagenet_2024/onnx/TinyImageNet_resnet_medium.onnx.optimized
Finished onnx model loading in 0.0831 seconds
Model: BoundedModule(
  (/input-1): BoundInput(name=/input-1, inputs=[], perturbed=True)
  (/43): BoundParams(name=/43, inputs=[], perturbed=False)
  (/44): BoundParams(name=/44, inputs=[], perturbed=False)
  (/45): BoundParams(name=/45, inputs=[], perturbed=False)
  (/46): BoundParams(name=/46, inputs=[], perturbed=False)
  (/47): BoundParams(name=/47, inputs=[], perturbed=False)
  (/48): BoundParams(name=/48, inputs=[], perturbed=False)
  (/49): BoundParams(name=/49, inputs=[], perturbed=False)
  (/50): BoundParams(name=/50, inputs=[], perturbed=False)
  (/51): BoundParams(name=/51, inputs=[], perturbed=False)
  (/52): BoundParams(name=/52, inputs=[], perturbed=False)
  (/53): BoundParams(name=/53, inputs=[], perturbed=False)
  (/54): BoundParams(name=/54, inputs=[], perturbed=False)
  (/55): BoundParams(name=/55, inputs=[], perturbed=False)
  (/56): BoundParams(name=/56, inputs=[], perturbed=False)
  (/57): BoundParams(name=/57, inputs=[], perturbed=False)
  (/58): BoundParams(name=/58, inputs=[], perturbed=False)
  (/59): BoundParams(name=/59, inputs=[], perturbed=False)
  (/60): BoundParams(name=/60, inputs=[], perturbed=False)
  (/61): BoundParams(name=/61, inputs=[], perturbed=False)
  (/62): BoundParams(name=/62, inputs=[], perturbed=False)
  (/63): BoundParams(name=/63, inputs=[], perturbed=False)
  (/64): BoundParams(name=/64, inputs=[], perturbed=False)
  (/65): BoundParams(name=/65, inputs=[], perturbed=False)
  (/66): BoundParams(name=/66, inputs=[], perturbed=False)
  (/67): BoundParams(name=/67, inputs=[], perturbed=False)
  (/68): BoundParams(name=/68, inputs=[], perturbed=False)
  (/69): BoundParams(name=/69, inputs=[], perturbed=False)
  (/70): BoundParams(name=/70, inputs=[], perturbed=False)
  (/71): BoundParams(name=/71, inputs=[], perturbed=False)
  (/72): BoundParams(name=/72, inputs=[], perturbed=False)
  (/73): BoundParams(name=/73, inputs=[], perturbed=False)
  (/74): BoundParams(name=/74, inputs=[], perturbed=False)
  (/75): BoundParams(name=/75, inputs=[], perturbed=False)
  (/76): BoundParams(name=/76, inputs=[], perturbed=False)
  (/77): BoundParams(name=/77, inputs=[], perturbed=False)
  (/78): BoundParams(name=/78, inputs=[], perturbed=False)
  (/79): BoundParams(name=/79, inputs=[], perturbed=False)
  (/80): BoundParams(name=/80, inputs=[], perturbed=False)
  (/81): BoundParams(name=/81, inputs=[], perturbed=False)
  (/82): BoundParams(name=/82, inputs=[], perturbed=False)
  (/83): BoundParams(name=/83, inputs=[], perturbed=False)
  (/84): BoundParams(name=/84, inputs=[], perturbed=False)
  (/input): BoundConv(name=/input, inputs=[/input-1, /43, /44], perturbed=True)
  (/input-4): BoundRelu(name=/input-4, inputs=[/input], perturbed=True)
  (/input-8): BoundConv(name=/input-8, inputs=[/input-4, /45, /46], perturbed=True)
  (/input-12): BoundRelu(name=/input-12, inputs=[/input-8], perturbed=True)
  (/89): BoundConv(name=/89, inputs=[/input-12, /47, /48], perturbed=True)
  (/90): BoundConv(name=/90, inputs=[/input-4, /49, /50], perturbed=True)
  (/91): BoundAdd(name=/91, inputs=[/89, /90], perturbed=True)
  (/input-16): BoundConv(name=/input-16, inputs=[/91, /51, /52], perturbed=True)
  (/input-20): BoundRelu(name=/input-20, inputs=[/input-16], perturbed=True)
  (/94): BoundConv(name=/94, inputs=[/input-20, /53, /54], perturbed=True)
  (/95): BoundAdd(name=/95, inputs=[/94, /91], perturbed=True)
  (/input-24): BoundConv(name=/input-24, inputs=[/95, /55, /56], perturbed=True)
  (/input-28): BoundRelu(name=/input-28, inputs=[/input-24], perturbed=True)
  (/98): BoundConv(name=/98, inputs=[/input-28, /57, /58], perturbed=True)
  (/99): BoundAdd(name=/99, inputs=[/98, /95], perturbed=True)
  (/input-32): BoundConv(name=/input-32, inputs=[/99, /59, /60], perturbed=True)
  (/input-36): BoundRelu(name=/input-36, inputs=[/input-32], perturbed=True)
  (/102): BoundConv(name=/102, inputs=[/input-36, /61, /62], perturbed=True)
  (/103): BoundAdd(name=/103, inputs=[/102, /99], perturbed=True)
  (/input-40): BoundConv(name=/input-40, inputs=[/103, /63, /64], perturbed=True)
  (/input-44): BoundRelu(name=/input-44, inputs=[/input-40], perturbed=True)
  (/106): BoundConv(name=/106, inputs=[/input-44, /65, /66], perturbed=True)
  (/107): BoundConv(name=/107, inputs=[/103, /67, /68], perturbed=True)
  (/108): BoundAdd(name=/108, inputs=[/106, /107], perturbed=True)
  (/input-48): BoundConv(name=/input-48, inputs=[/108, /69, /70], perturbed=True)
  (/input-52): BoundRelu(name=/input-52, inputs=[/input-48], perturbed=True)
  (/111): BoundConv(name=/111, inputs=[/input-52, /71, /72], perturbed=True)
  (/112): BoundAdd(name=/112, inputs=[/111, /108], perturbed=True)
  (/input-56): BoundConv(name=/input-56, inputs=[/112, /73, /74], perturbed=True)
  (/input-60): BoundRelu(name=/input-60, inputs=[/input-56], perturbed=True)
  (/115): BoundConv(name=/115, inputs=[/input-60, /75, /76], perturbed=True)
  (/116): BoundAdd(name=/116, inputs=[/115, /112], perturbed=True)
  (/input-64): BoundConv(name=/input-64, inputs=[/116, /77, /78], perturbed=True)
  (/input-68): BoundRelu(name=/input-68, inputs=[/input-64], perturbed=True)
  (/119): BoundConv(name=/119, inputs=[/input-68, /79, /80], perturbed=True)
  (/120): BoundAdd(name=/120, inputs=[/119, /116], perturbed=True)
  (/121): BoundFlatten(name=/121, inputs=[/120], perturbed=True)
  (/input-72): BoundLinear(name=/input-72, inputs=[/121, /81, /82], perturbed=True)
  (/123): BoundRelu(name=/123, inputs=[/input-72], perturbed=True)
  (/124): BoundLinear(name=/124, inputs=[/123, /83, /84], perturbed=True)
)
Original output: tensor([[-29.79529762, -30.36084747, -27.88580132, -26.49615288, -28.17203522,
         -25.19589043, -19.14652443, -25.02094650, -28.75288963, -25.43153191,
         -27.16501427, -25.67123032, -27.88331032, -19.53075981, -24.86095428,
         -22.43026352, -30.51898956, -18.09485626, -23.80310822, -19.93423271,
         -26.02961159, -28.53230286, -34.63246536, -24.22742271, -25.70672035,
         -24.51124191, -26.53464317, -27.06388664, -27.30937004, -25.92903900,
         -23.25270081, -26.32692528, -22.74304008, -23.12859154, -28.19514084,
         -25.57604218, -32.51147079, -26.07976151, -27.53959274, -25.78355408,
         -23.57501221, -28.98262024, -24.25037384, -25.65966225, -19.00212288,
         -32.94557953, -24.12448120, -26.83343506, -21.70447159, -25.62483978,
         -27.07596207, -26.98407364, -23.67168999, -25.82611656, -27.63232613,
         -28.98702812, -25.93549728, -24.07023430, -25.05986977, -22.82895851,
         -19.38138008, -22.69399261, -24.65370369, -23.30371475, -17.94623566,
         -21.22162819, -16.44725227, -20.51160431, -24.90800858, -26.39844131,
         -25.11547279, -23.43933296, -20.03303909, -21.61565590, -26.55307579,
         -25.33432388, -21.82784653, -24.38551331, -26.55715942, -21.94071198,
         -23.19958115, -23.08835793, -19.77875137, -20.75493622, -22.15237999,
         -26.36194038, -28.18129349, -23.82369804, -23.43661499, -25.53373718,
         -27.21615791, -27.98453903, -19.42839050, -24.96095276, -23.00848198,
         -25.33182907, -21.55557632, -25.91297913, -24.65593910, -18.52471161,
         -19.60315895, -22.57310104, -20.06517029, -25.34046173, -25.33380318,
         -24.53552628, -24.87829781, -27.53433037, -21.84314537, -23.18848991,
         -29.85072899, -24.41077042, -25.88162994, -22.05165482, -24.95413971,
         -28.45364761, -21.44952011, -22.57014275, -19.98311615, -25.42497635,
         -25.37195587, -25.24678802, -22.17466164, -24.59158516, -24.56879616,
         -26.47973824, -14.86473942, -25.63059235, -27.82235909, -18.05838585,
         -28.40771294, -21.82400513, -21.97564507, -27.64245605, -24.63951111,
         -24.72178078, -26.72253036, -23.88577843, -23.45792770, -23.02400017,
         -27.67842674, -25.29744530, -22.23927116, -26.99103928, -21.83701897,
         -24.73506165, -22.17910004, -25.56925964, -26.58527374, -22.94060135,
         -24.90999985, -22.69340134, -20.78397179, -24.95394897, -18.27552986,
         -21.26437950, -25.57936478, -20.54845238, -27.06877327, -20.57452774,
         -20.71190834, -25.58555794, -21.51706505, -26.36358070, -19.81485176,
         -25.48723793, -27.37549210, -19.59372711, -22.41186333, -25.28898430,
         -22.34040833, -25.51256943, -20.47057915, -25.36732101, -22.13592529,
         -23.57210350, -21.34057808, -28.05083084, -28.16289139, -25.05997276,
         -29.35955620, -26.86407089, -27.67518616, -27.17582130, -32.07636261,
         -21.32868385, -31.72140312, -28.42454720, -27.30774498, -28.08752441,
         -25.67451859, -27.82442474, -29.26393318, -23.23363876, -26.55901909,
         -27.58800125, -24.79021645, -23.78611183, -25.16866302, -26.62623596]],
       device='cuda:0')
Split layers:
Nonlinear functions:
   BoundRelu(name=/input-4, inputs=[/input], perturbed=True)
   BoundRelu(name=/input-12, inputs=[/input-8], perturbed=True)
   BoundRelu(name=/input-20, inputs=[/input-16], perturbed=True)
   BoundRelu(name=/input-28, inputs=[/input-24], perturbed=True)
   BoundRelu(name=/input-36, inputs=[/input-32], perturbed=True)
   BoundRelu(name=/input-44, inputs=[/input-40], perturbed=True)
   BoundRelu(name=/input-52, inputs=[/input-48], perturbed=True)
   BoundRelu(name=/input-60, inputs=[/input-56], perturbed=True)
   BoundRelu(name=/input-68, inputs=[/input-64], perturbed=True)
   BoundRelu(name=/123, inputs=[/input-72], perturbed=True)
layer /input-4 using sparse-features alpha with shape [640]; unstable size 640; total size 46656 ([1, 64, 27, 27])
layer /input-4 start_node /input-8 using sparse-spec alpha [2, 469, 1, 640] with unstable size 468 total_size 25088 output_shape (128, 14, 14)
layer /input-4 start_node /input-16 using sparse-spec alpha [2, 233, 1, 640] with unstable size 232 total_size 25088 output_shape (128, 14, 14)
layer /input-4 start_node /input-24 using sparse-spec alpha [2, 5, 1, 640] with unstable size 4 total_size 25088 output_shape (128, 14, 14)
layer /input-4 start_node /input-32 using sparse-spec alpha [2, 10, 1, 640] with unstable size 9 total_size 25088 output_shape (128, 14, 14)
layer /input-4 start_node /input-40 using sparse-spec alpha [2, 76, 1, 640] with unstable size 75 total_size 6272 output_shape torch.Size([128, 7, 7])
layer /input-4 start_node /input-72 using sparse-spec alpha [2, 42, 1, 640] with unstable size 41 total_size 200 output_shape torch.Size([200])
layer /input-4 start_node /124 using full alpha [2, 199, 1, 640] with unstable size None total_size 199 output_shape 199
layer /input-12 using sparse-features alpha with shape [468]; unstable size 468; total size 25088 ([1, 128, 14, 14])
layer /input-12 start_node /input-16 using sparse-spec alpha [2, 233, 1, 468] with unstable size 232 total_size 25088 output_shape (128, 14, 14)
layer /input-12 start_node /input-24 using sparse-spec alpha [2, 5, 1, 468] with unstable size 4 total_size 25088 output_shape (128, 14, 14)
layer /input-12 start_node /input-32 using sparse-spec alpha [2, 10, 1, 468] with unstable size 9 total_size 25088 output_shape (128, 14, 14)
layer /input-12 start_node /input-40 using sparse-spec alpha [2, 76, 1, 468] with unstable size 75 total_size 6272 output_shape torch.Size([128, 7, 7])
layer /input-12 start_node /input-72 using sparse-spec alpha [2, 42, 1, 468] with unstable size 41 total_size 200 output_shape torch.Size([200])
layer /input-12 start_node /124 using full alpha [2, 199, 1, 468] with unstable size None total_size 199 output_shape 199
layer /input-20 using sparse-features alpha with shape [232]; unstable size 232; total size 25088 ([1, 128, 14, 14])
layer /input-20 start_node /input-24 using sparse-spec alpha [2, 5, 1, 232] with unstable size 4 total_size 25088 output_shape (128, 14, 14)
layer /input-20 start_node /input-32 using sparse-spec alpha [2, 10, 1, 232] with unstable size 9 total_size 25088 output_shape (128, 14, 14)
layer /input-20 start_node /input-40 using sparse-spec alpha [2, 76, 1, 232] with unstable size 75 total_size 6272 output_shape (128, 7, 7)
layer /input-20 start_node /input-72 using sparse-spec alpha [2, 42, 1, 232] with unstable size 41 total_size 200 output_shape torch.Size([200])
layer /input-20 start_node /124 using full alpha [2, 199, 1, 232] with unstable size None total_size 199 output_shape 199
layer /input-28 using sparse-features alpha with shape [4]; unstable size 4; total size 25088 ([1, 128, 14, 14])
layer /input-28 start_node /input-32 using sparse-spec alpha [2, 10, 1, 4] with unstable size 9 total_size 25088 output_shape (128, 14, 14)
layer /input-28 start_node /input-40 using sparse-spec alpha [2, 76, 1, 4] with unstable size 75 total_size 6272 output_shape (128, 7, 7)
layer /input-28 start_node /input-72 using sparse-spec alpha [2, 42, 1, 4] with unstable size 41 total_size 200 output_shape torch.Size([200])
layer /input-28 start_node /124 using full alpha [2, 199, 1, 4] with unstable size None total_size 199 output_shape 199
layer /input-36 using sparse-features alpha with shape [9]; unstable size 9; total size 25088 ([1, 128, 14, 14])
layer /input-36 start_node /input-40 using sparse-spec alpha [2, 76, 1, 9] with unstable size 75 total_size 6272 output_shape (128, 7, 7)
layer /input-36 start_node /input-72 using sparse-spec alpha [2, 42, 1, 9] with unstable size 41 total_size 200 output_shape torch.Size([200])
layer /input-36 start_node /124 using full alpha [2, 199, 1, 9] with unstable size None total_size 199 output_shape 199
layer /input-44 using sparse-features alpha with shape [75]; unstable size 75; total size 6272 ([1, 128, 7, 7])
layer /input-44 start_node /input-72 using sparse-spec alpha [2, 42, 1, 75] with unstable size 41 total_size 200 output_shape torch.Size([200])
layer /input-44 start_node /124 using full alpha [2, 199, 1, 75] with unstable size None total_size 199 output_shape 199
layer /input-52 using sparse-features alpha with shape [0]; unstable size 0; total size 6272 ([1, 128, 7, 7])
layer /input-52 start_node /input-72 using sparse-spec alpha [2, 42, 1, 0] with unstable size 41 total_size 200 output_shape torch.Size([200])
layer /input-52 start_node /124 using full alpha [2, 199, 1, 0] with unstable size None total_size 199 output_shape 199
layer /input-60 using sparse-features alpha with shape [0]; unstable size 0; total size 6272 ([1, 128, 7, 7])
layer /input-60 start_node /input-72 using sparse-spec alpha [2, 42, 1, 0] with unstable size 41 total_size 200 output_shape torch.Size([200])
layer /input-60 start_node /124 using full alpha [2, 199, 1, 0] with unstable size None total_size 199 output_shape 199
layer /input-68 using sparse-features alpha with shape [0]; unstable size 0; total size 6272 ([1, 128, 7, 7])
layer /input-68 start_node /input-72 using sparse-spec alpha [2, 42, 1, 0] with unstable size 41 total_size 200 output_shape torch.Size([200])
layer /input-68 start_node /124 using full alpha [2, 199, 1, 0] with unstable size None total_size 199 output_shape 199
layer /123 using sparse-features alpha with shape [41]; unstable size 41; total size 200 ([1, 200])
layer /123 start_node /124 using full alpha [2, 199, 1, 41] with unstable size None total_size 199 output_shape 199
Optimizable variables initialized.
initial CROWN bounds: tensor([[12.66552353, 13.51451588, 10.72208691,  9.61886978, 11.34428024,
          8.37414551,  2.56002474,  8.37972546, 11.74271202,  8.85695076,
         10.18273926,  8.47383404, 10.75472736,  2.55662060,  8.21939468,
          5.51371145, 13.35340214,  1.37233913,  7.28412294,  2.92676806,
          8.86341476, 10.44705582, 16.95965958,  7.18358850,  8.50537491,
          7.52331257,  9.61209488,  9.75214005,  9.71930599,  8.75903320,
          6.17908621,  9.20902443,  5.42944193,  6.12115192, 10.92995644,
          8.33679867, 15.19502354,  8.92981339, 10.16419506,  8.64291954,
          6.64519882, 12.18382549,  7.24109173,  8.49994278,  2.11357522,
         15.26658249,  7.21940851,  9.76948547,  4.95243597,  8.45702362,
          9.73988819,  9.81742096,  6.39699268,  8.17957115, 10.43338680,
         11.55254936,  8.81330109,  6.92023373,  8.11864662,  6.05898380,
          2.37926078,  6.25986052,  7.88238573,  6.31625700,  1.35318470,
          4.50500488, -0.27149630,  3.86408234,  7.57819319,  9.47223282,
          8.42249107,  6.55053616,  3.26302314,  4.87076521,  9.51901054,
          8.16126537,  4.60696459,  6.99528742,  9.64726067,  4.90945435,
          6.13673782,  5.95227337,  3.17023659,  4.01439571,  5.12149572,
          9.39775085, 10.91921806,  6.76368332,  6.61534643,  8.30788612,
         10.17064095, 10.65866280,  2.46827650,  8.30216789,  6.03753471,
          8.35283279,  4.77092171,  8.85234356,  7.52537251,  1.64862204,
          2.63083076,  5.57407856,  3.31457901,  8.36610603,  8.36517048,
          7.69427204,  7.68315649, 10.45252037,  5.04248905,  6.05041885,
         12.47814751,  6.96472406,  8.68411636,  5.09281826,  7.94386101,
         11.43954659,  4.67028999,  5.55494308,  2.92314720,  8.20971584,
          8.50446606,  8.49282837,  5.47144413,  7.68050098,  7.24980974,
          9.38821507,  8.33631706, 10.55737114,  1.57761288, 11.05462170,
          4.75622082,  5.23866558, 10.72134590,  8.02234650,  7.64726067,
          9.96044540,  6.83393908,  6.36882019,  6.15410519, 10.83011150,
          7.94317579,  5.17314243, 10.00974560,  5.17157173,  7.90846395,
          5.31681395,  8.53593254,  9.36822891,  6.03297853,  7.73109436,
          5.93164539,  3.42190003,  7.96866035,  1.47502708,  4.24008369,
          8.86409473,  3.55797768,  9.97696304,  3.67751789,  3.95303726,
          8.55693626,  4.70662069,  8.98352718,  3.03150368,  7.84755659,
         10.07235146,  2.59957385,  5.35750628,  8.22010708,  5.02606201,
          8.50742722,  3.67722797,  8.03954029,  5.54388237,  6.80804777,
          4.65633297, 11.23894310, 11.27903175,  8.40789223, 12.19689178,
         10.03551102, 10.49110222,  9.94111443, 14.76876545,  4.30553246,
         14.22281837, 11.13753414, 10.30244637, 11.16773224,  8.77740383,
         11.00536346, 12.43228340,  6.49869204,  9.34735107, 10.44498825,
          7.79588079,  6.79084826,  8.01523781,  9.44211102]], device='cuda:0') None
prune_after_crown optimization in use: original label size = 199 pruned label size = 1
best_l after optimization: -0.1406545639038086
alpha/beta optimization time: 3.2239277362823486
initial alpha-crown bounds: tensor([[        inf,         inf,         inf,         inf,         inf,
                 inf,         inf,         inf,         inf,         inf,
                 inf,         inf,         inf,         inf,         inf,
                 inf,         inf,         inf,         inf,         inf,
                 inf,         inf,         inf,         inf,         inf,
                 inf,         inf,         inf,         inf,         inf,
                 inf,         inf,         inf,         inf,         inf,
                 inf,         inf,         inf,         inf,         inf,
                 inf,         inf,         inf,         inf,         inf,
                 inf,         inf,         inf,         inf,         inf,
                 inf,         inf,         inf,         inf,         inf,
                 inf,         inf,         inf,         inf,         inf,
                 inf,         inf,         inf,         inf,         inf,
                 inf, -0.14065456,         inf,         inf,         inf,
                 inf,         inf,         inf,         inf,         inf,
                 inf,         inf,         inf,         inf,         inf,
                 inf,         inf,         inf,         inf,         inf,
                 inf,         inf,         inf,         inf,         inf,
                 inf,         inf,         inf,         inf,         inf,
                 inf,         inf,         inf,         inf,         inf,
                 inf,         inf,         inf,         inf,         inf,
                 inf,         inf,         inf,         inf,         inf,
                 inf,         inf,         inf,         inf,         inf,
                 inf,         inf,         inf,         inf,         inf,
                 inf,         inf,         inf,         inf,         inf,
                 inf,         inf,         inf,         inf,         inf,
                 inf,         inf,         inf,         inf,         inf,
                 inf,         inf,         inf,         inf,         inf,
                 inf,         inf,         inf,         inf,         inf,
                 inf,         inf,         inf,         inf,         inf,
                 inf,         inf,         inf,         inf,         inf,
                 inf,         inf,         inf,         inf,         inf,
                 inf,         inf,         inf,         inf,         inf,
                 inf,         inf,         inf,         inf,         inf,
                 inf,         inf,         inf,         inf,         inf,
                 inf,         inf,         inf,         inf,         inf,
                 inf,         inf,         inf,         inf,         inf,
                 inf,         inf,         inf,         inf,         inf,
                 inf,         inf,         inf,         inf,         inf,
                 inf,         inf,         inf,         inf]], device='cuda:0')
Number of class (without rhs): 1 ; Worst class: (+ rhs) -0.1406545639038086
Total VNNLIB file length: 199, max property batch size: 200, total number of batches: 1
lA shape: [torch.Size([199, 1, 64, 27, 27]), torch.Size([199, 1, 128, 14, 14]), torch.Size([199, 1, 128, 14, 14]), torch.Size([199, 1, 128, 14, 14]), torch.Size([199, 1, 128, 14, 14]), torch.Size([199, 1, 128, 7, 7]), torch.Size([199, 1, 128, 7, 7]), torch.Size([199, 1, 128, 7, 7]), torch.Size([199, 1, 128, 7, 7]), torch.Size([199, 1, 200])]

Properties batch 0, size 199
Remaining timeout: 92.72898006439209
Verifying property 0 with 199 instances.
##### Instance 0 first 10 spec matrices: 
tensor([[[-1.,  0.,  0.,  ...,  0.,  0.,  0.]],

        [[ 0., -1.,  0.,  ...,  0.,  0.,  0.]],

        [[ 0.,  0., -1.,  ...,  0.,  0.,  0.]],

        ...,

        [[ 0.,  0.,  0.,  ...,  0.,  0.,  0.]],

        [[ 0.,  0.,  0.,  ...,  0.,  0.,  0.]],

        [[ 0.,  0.,  0.,  ...,  0.,  0.,  0.]]], dtype=torch.float64)
thresholds: tensor([0., 0., 0., 0., 0., 0., 0., 0., 0., 0.], device='cuda:0') ######
Initial alpha-CROWN verified for spec index tensor([  0,   1,   2,   3,   4,   5,   6,   7,   8,   9,  10,  11,  12,  13,
         14,  15,  16,  17,  18,  19,  20,  21,  22,  23,  24,  25,  26,  27,
         28,  29,  30,  31,  32,  33,  34,  35,  36,  37,  38,  39,  40,  41,
         42,  43,  44,  45,  46,  47,  48,  49,  50,  51,  52,  53,  54,  55,
         56,  57,  58,  59,  60,  61,  62,  63,  64,  65,  67,  68,  69,  70,
         71,  72,  73,  74,  75,  76,  77,  78,  79,  80,  81,  82,  83,  84,
         85,  86,  87,  88,  89,  90,  91,  92,  93,  94,  95,  96,  97,  98,
         99, 100, 101, 102, 103, 104, 105, 106, 107, 108, 109, 110, 111, 112,
        113, 114, 115, 116, 117, 118, 119, 120, 121, 122, 123, 124, 125, 126,
        127, 128, 129, 130, 131, 132, 133, 134, 135, 136, 137, 138, 139, 140,
        141, 142, 143, 144, 145, 146, 147, 148, 149, 150, 151, 152, 153, 154,
        155, 156, 157, 158, 159, 160, 161, 162, 163, 164, 165, 166, 167, 168,
        169, 170, 171, 172, 173, 174, 175, 176, 177, 178, 179, 180, 181, 182,
        183, 184, 185, 186, 187, 188, 189, 190, 191, 192, 193, 194, 195, 196,
        197, 198], device='cuda:0') with bound tensor([inf, inf, inf, inf, inf, inf, inf, inf, inf, inf, inf, inf, inf, inf, inf, inf, inf, inf, inf, inf, inf, inf, inf, inf,
        inf, inf, inf, inf, inf, inf, inf, inf, inf, inf, inf, inf, inf, inf, inf, inf, inf, inf, inf, inf, inf, inf, inf, inf,
        inf, inf, inf, inf, inf, inf, inf, inf, inf, inf, inf, inf, inf, inf, inf, inf, inf, inf, inf, inf, inf, inf, inf, inf,
        inf, inf, inf, inf, inf, inf, inf, inf, inf, inf, inf, inf, inf, inf, inf, inf, inf, inf, inf, inf, inf, inf, inf, inf,
        inf, inf, inf, inf, inf, inf, inf, inf, inf, inf, inf, inf, inf, inf, inf, inf, inf, inf, inf, inf, inf, inf, inf, inf,
        inf, inf, inf, inf, inf, inf, inf, inf, inf, inf, inf, inf, inf, inf, inf, inf, inf, inf, inf, inf, inf, inf, inf, inf,
        inf, inf, inf, inf, inf, inf, inf, inf, inf, inf, inf, inf, inf, inf, inf, inf, inf, inf, inf, inf, inf, inf, inf, inf,
        inf, inf, inf, inf, inf, inf, inf, inf, inf, inf, inf, inf, inf, inf, inf, inf, inf, inf, inf, inf, inf, inf, inf, inf,
        inf, inf, inf, inf, inf, inf], device='cuda:0').
Remaining spec index tensor([66], device='cuda:0') with bounds tensor([[-0.14065456]], device='cuda:0') need to verify.
Model prediction is: tensor([-29.79529762, -30.36084747, -27.88580132, -26.49615288, -28.17203522,
        -25.19589043, -19.14652443, -25.02094650, -28.75288963, -25.43153191,
        -27.16501427, -25.67123032, -27.88331032, -19.53075981, -24.86095428,
        -22.43026352, -30.51898956, -18.09485626, -23.80310822, -19.93423271,
        -26.02961159, -28.53230286, -34.63246536, -24.22742271, -25.70672035,
        -24.51124191, -26.53464317, -27.06388664, -27.30937004, -25.92903900,
        -23.25270081, -26.32692528, -22.74304008, -23.12859154, -28.19514084,
        -25.57604218, -32.51147079, -26.07976151, -27.53959274, -25.78355408,
        -23.57501221, -28.98262024, -24.25037384, -25.65966225, -19.00212288,
        -32.94557953, -24.12448120, -26.83343506, -21.70447159, -25.62483978,
        -27.07596207, -26.98407364, -23.67168999, -25.82611656, -27.63232613,
        -28.98702812, -25.93549728, -24.07023430, -25.05986977, -22.82895851,
        -19.38138008, -22.69399261, -24.65370369, -23.30371475, -17.94623566,
        -21.22162819, -16.44725227, -20.51160431, -24.90800858, -26.39844131,
        -25.11547279, -23.43933296, -20.03303909, -21.61565590, -26.55307579,
        -25.33432388, -21.82784653, -24.38551331, -26.55715942, -21.94071198,
        -23.19958115, -23.08835793, -19.77875137, -20.75493622, -22.15237999,
        -26.36194038, -28.18129349, -23.82369804, -23.43661499, -25.53373718,
        -27.21615791, -27.98453903, -19.42839050, -24.96095276, -23.00848198,
        -25.33182907, -21.55557632, -25.91297913, -24.65593910, -18.52471161,
        -19.60315895, -22.57310104, -20.06517029, -25.34046173, -25.33380318,
        -24.53552628, -24.87829781, -27.53433037, -21.84314537, -23.18848991,
        -29.85072899, -24.41077042, -25.88162994, -22.05165482, -24.95413971,
        -28.45364761, -21.44952011, -22.57014275, -19.98311615, -25.42497635,
        -25.37195587, -25.24678802, -22.17466164, -24.59158516, -24.56879616,
        -26.47973824, -14.86473942, -25.63059235, -27.82235909, -18.05838585,
        -28.40771294, -21.82400513, -21.97564507, -27.64245605, -24.63951111,
        -24.72178078, -26.72253036, -23.88577843, -23.45792770, -23.02400017,
        -27.67842674, -25.29744530, -22.23927116, -26.99103928, -21.83701897,
        -24.73506165, -22.17910004, -25.56925964, -26.58527374, -22.94060135,
        -24.90999985, -22.69340134, -20.78397179, -24.95394897, -18.27552986,
        -21.26437950, -25.57936478, -20.54845238, -27.06877327, -20.57452774,
        -20.71190834, -25.58555794, -21.51706505, -26.36358070, -19.81485176,
        -25.48723793, -27.37549210, -19.59372711, -22.41186333, -25.28898430,
        -22.34040833, -25.51256943, -20.47057915, -25.36732101, -22.13592529,
        -23.57210350, -21.34057808, -28.05083084, -28.16289139, -25.05997276,
        -29.35955620, -26.86407089, -27.67518616, -27.17582130, -32.07636261,
        -21.32868385, -31.72140312, -28.42454720, -27.30774498, -28.08752441,
        -25.67451859, -27.82442474, -29.26393318, -23.23363876, -26.55901909,
        -27.58800125, -24.79021645, -23.78611183, -25.16866302, -26.62623596],
       device='cuda:0')
build_with_refined_bounds batch [1/1]
setting alpha for layer /input-4 start_node /124 with alignment adjustment
setting alpha for layer /input-12 start_node /124 with alignment adjustment
setting alpha for layer /input-20 start_node /124 with alignment adjustment
setting alpha for layer /input-28 start_node /124 with alignment adjustment
setting alpha for layer /input-36 start_node /124 with alignment adjustment
setting alpha for layer /input-44 start_node /124 with alignment adjustment
setting alpha for layer /input-52 start_node /124 with alignment adjustment
setting alpha for layer /input-60 start_node /124 with alignment adjustment
setting alpha for layer /input-68 start_node /124 with alignment adjustment
setting alpha for layer /123 start_node /124 with alignment adjustment
all alpha initialized
directly get lb and ub from refined bounds
c shape: torch.Size([1, 1, 200])
lA shapes: [torch.Size([1, 1, 64, 27, 27]), torch.Size([1, 1, 128, 14, 14]), torch.Size([1, 1, 128, 14, 14]), torch.Size([1, 1, 128, 14, 14]), torch.Size([1, 1, 128, 14, 14]), torch.Size([1, 1, 128, 7, 7]), torch.Size([1, 1, 128, 7, 7]), torch.Size([1, 1, 128, 7, 7]), torch.Size([1, 1, 128, 7, 7]), torch.Size([1, 1, 200])]
(alpha-)CROWN with fixed intermediate bounds: tensor([[-0.14065456]], device='cuda:0') tensor([[inf]], device='cuda:0')
Intermediate layers: /input,/input-8,/input-16,/input-24,/input-32,/input-40,/input-48,/input-56,/input-64,/input-72,/124
Keeping alphas for these layers: ['/124']
Keeping alphas for these layers: ['/124']
Node /input-4 input 0: size torch.Size([64, 27, 27]) unstable 640
Node /input-12 input 0: size torch.Size([128, 14, 14]) unstable 466
Node /input-20 input 0: size torch.Size([128, 14, 14]) unstable 227
Node /input-28 input 0: size torch.Size([128, 14, 14]) unstable 4
Node /input-36 input 0: size torch.Size([128, 14, 14]) unstable 9
Node /input-44 input 0: size torch.Size([128, 7, 7]) unstable 74
Node /input-52 input 0: size torch.Size([128, 7, 7]) unstable 0
Node /input-60 input 0: size torch.Size([128, 7, 7]) unstable 0
Node /input-68 input 0: size torch.Size([128, 7, 7]) unstable 0
Node /123 input 0: size torch.Size([200]) unstable 38
-----------------
# of unstable neurons: 1458
-----------------

BaB round 1
batch: 1
splitting decisions: 
split level 0: [/input-72, 110] 
split level 1: [/input-72, 144] 
split level 2: [/input-72, 174] 
split level 3: [/input-72, 98] 

all verified at 0th iter
pruning_in_iteration open status: False
ratio of positive domain = 16 / 16 = 1.0
pruning-in-iteration extra time: 3.62396240234375e-05
Time: prepare 0.0004    bound 0.0121    transfer 0.0050    finalize 0.0004    func 0.0180    
Accumulated time: func 0.0180    prepare 0.0008    bound 0.0121    transfer 0.0050    finalize 0.0004    
Length of domains: 0
Time: pickout 0.0006    decision 0.0776    set_bounds 0.0011    solve 0.0180    add 0.0001    
Accumulated time: pickout 0.0006    decision 0.0776    set_bounds 0.0011    solve 0.0180    add 0.0001    
No domains left, verification finished!
Current (lb-rhs): 1.0000000116860974e-07
0 domains visited
Cumulative time: 0.7299983501434326

Result: unsat
Time: 8.234928846359253

------------------------- COMMAND ------------------------------
/data1/Kane/miniconda3/envs/GenBaB/bin/python /data1/Kane/GenBaB/alpha-beta-CROWN/complete_verifier/abcrown.py --config /data1/Kane/GenBaB/alpha-beta-CROWN/complete_verifier/exp_configs/vnncomp24/tinyimagenet.yaml --precompile_jit --onnx_path /data1/Kane/data/vnncomp2025_benchmarks/benchmarks/tinyimagenet_2024/onnx/TinyImageNet_resnet_medium.onnx --vnnlib_path /data1/Kane/data/vnncomp2025_benchmarks/benchmarks/tinyimagenet_2024/vnnlib/TinyImageNet_resnet_medium_prop_idx_4674_sidx_6718_eps_0.0039.vnnlib --results_file /data1/Kane/ACT/audit_results/abcrown_nopgd_20260525/tinyimagenet_2024/0097__TinyImageNet_resnet_medium__TinyImageNet_resnet_medium_prop_idx_4674_sidx_6718_eps_0.0039.result --timeout 100.0 --save_adv_example --pgd_order=skip
----------------------------------------------------------------

