[0;93m2026-05-26 15:00:46.719542003 [W:onnxruntime:Default, device_discovery.cc:325 DiscoverDevicesForPlatform] GPU device discovery failed: device_discovery.cc:92 ReadFileContents Failed to open file: "/sys/class/drm/card0/device/vendor"[m
Configurations:

general:
  device: cuda
  seed: 100
  conv_mode: patches
  deterministic: false
  double_fp: false
  loss_reduction_func: sum
  sparse_alpha: true
  sparse_interm: true
  save_adv_example: true
  verify_onnxruntime_output: false
  eval_adv_example: false
  show_adv_example: false
  precompile_jit: true
  prepare_only: false
  complete_verifier: bab
  enable_incomplete_verification: true
  csv_name: instances.csv
  results_file: /data1/Kane/ACT/audit_results/abcrown_nopgd_20260525/tinyimagenet_2024/0113__TinyImageNet_resnet_medium__TinyImageNet_resnet_medium_prop_idx_6458_sidx_4978_eps_0.0039.result
  root_path: ../../vnncomp2024_benchmarks/benchmarks/tinyimagenet
  deterministic_opt: false
  graph_optimizer: 'Customized("custom_graph_optimizer", "default_optimizer")'
  buffer_has_batchdim: false
  save_output: false
  output_file: out.pkl
  return_optimized_model: false
model:
  name: null
  path: null
  onnx_path: /data1/Kane/data/vnncomp2025_benchmarks/benchmarks/tinyimagenet_2024/onnx/TinyImageNet_resnet_medium.onnx
  onnx_path_prefix: ''
  cache_onnx_conversion: false
  debug_onnx: false
  onnx_quirks: null
  input_shape: null
  onnx_loader: default_onnx_and_vnnlib_loader
  onnx_optimization_flags: [merge_bn]
  onnx_vnnlib_joint_optimization_flags: none
  check_optimized: false
  flatten_final_output: false
  optimize_graph: null
  with_jacobian: false
data:
  start: 0
  end: 10000
  select_instance: null
  num_outputs: 10
  mean: 0.0
  std: 1.0
  pkl_path: null
  dataset: null
  data_filter_path: null
  data_idx_file: null
specification:
  type: lp
  robustness_type: verified-acc
  norm: .inf
  epsilon: null
  epsilon_min: 0.0
  vnnlib_path: /data1/Kane/data/vnncomp2025_benchmarks/benchmarks/tinyimagenet_2024/vnnlib/TinyImageNet_resnet_medium_prop_idx_6458_sidx_4978_eps_0.0039.vnnlib
  vnnlib_path_prefix: ''
  rhs_offset: null
solver:
  batch_size: 256
  auto_enlarge_batch_size: false
  min_batch_size_ratio: 0.1
  use_float64_in_last_iteration: false
  early_stop_patience: 10
  start_save_best: 0.5
  bound_prop_method: alpha-crown
  init_bound_prop_method: same
  prune_after_crown: true
  optimize_disjuncts_separately: false
  crown:
    batch_size: 1000000000
    max_crown_size: 1000000000
    activation_bound_option: adaptive
    compare_crown_with_ibp: false
  alpha-crown:
    alpha: true
    lr_alpha: 0.25
    iteration: 20
    share_alphas: false
    lr_decay: 0.98
    full_conv_alpha: true
    max_coeff_mul: .inf
    matmul_share_alphas: false
    disable_optimization: []
    max_time: 1.0
  invprop:
    apply_output_constraints_to: []
    tighten_input_bounds: false
    best_of_oc_and_no_oc: false
    directly_optimize: []
    oc_lr: 0.1
    share_gammas: false
  beta-crown:
    lr_alpha: 0.1
    lr_beta: 0.15
    lr_decay: 0.98
    optimizer: adam
    iteration: 8
    beta: true
    beta_warmup: true
    enable_opt_interm_bounds: false
    all_node_split_LP: false
  forward:
    refine: false
    max_dim: 10000
    reset_threshold: 1.0
  multi_class:
    label_batch_size: 32
    skip_with_refined_bound: true
  mip:
    unstable_neuron_threshold: 0
    parallel_solvers: null
    solver_threads: 1
    refine_neuron_timeout: 15
    refine_neuron_time_percentage: 0.8
    early_stop: true
    adv_warmup: true
    mip_solver: gurobi
    skip_unsafe: false
    topk_filter: 1.0
    sliding_window: -1
    extra_constraint: false
    refine_neuron_timeout_increasement: 0
    timeout_neuron_percentage: 0.3
    remaining_timeout_threshold: 1
    remove_unstable_neurons: false
    lp_solver: false
bab:
  initial_max_domains: 200
  backing_up_max_domain: null
  max_domains: .inf
  decision_thresh: 0
  timeout: 100.0
  timeout_scale: 1
  max_iterations: -1
  override_timeout: null
  get_upper_bound: false
  pruning_in_iteration: true
  pruning_in_iteration_ratio: 0.2
  sort_targets: false
  batched_domain_list: true
  optimized_interm: ''
  interm_transfer: false
  recompute_interm: false
  sort_domain_interval: -1
  vanilla_crown: false
  tree_traversal: depth_first
  cut:
    enabled: false
    cuts_path: /tmp/abcrown_cuts
    implication: false
    bab_cut: false
    lp_cut: false
    method: null
    lr: 0.01
    lr_decay: 1.0
    iteration: 100
    bab_iteration: -1
    early_stop_patience: -1
    lr_beta: 0.02
    number_cuts: 50
    topk_cuts_in_filter: 1000
    batch_size_primal: 100
    max_num: 1000000000
    patches_cut: false
    cplex_cuts: false
    cplex_cuts_wait: 0
    cplex_cuts_revpickup: true
    cut_reference_bounds: true
    fix_intermediate_bounds: false
    biccos:
      enabled: false
      constraint_strengthening: true
      recursively_strengthening: false
      drop_ratio: 0.5
      verified_bonus: 0.3
      max_infer_iter: 20
      heuristic: neuron_influence_score
      save_biccos_cuts: false
      multi_tree_branching:
        enabled: false
        restore_best_tree: false
        keep_n_best_domains: 1
        k_splits: 1
        iterations: 1
  branching:
    method: kfsb
    candidates: 7
    reduceop: max
    enable_intermediate_bound_opt: false
    branching_input_and_activation: false
    branching_input_and_activation_order: [input, relu]
    branching_input_iterations: 30
    branching_relu_iterations: 50
    nonlinear_split:
      method: bbps
      disable: false
      branching_point_method: uniform
      num_branches: 2
      filter: false
      filter_beta: false
      filter_clamp: false
      filter_batch_size: 10000
      filter_iterations: 25
      relu_only: false
      loose_tanh_threshold: null
      branching_point:
        db_path: branching_points.pt
        num_iterations: 1000
        batch_size: 1000000
        range_l: -5.0
        range_u: 5.0
        log_interval: 100
        step_size_1d: 0.01
        step_size: 0.2
    input_split:
      enable_clip_domains: false
      split_hint: null
      reorder_bab: false
      enable: false
      enhanced_bound_prop_method: alpha-crown
      enhanced_branching_method: naive
      enhanced_bound_patience: 100000000.0
      attack_patience: 100000000.0
      adv_check: 0
      split_partitions: 2
      sb_margin_weight: 1.0
      sb_sum: false
      sb_primary_spec: null
      bf_backup_thresh: -1
      bf_rhs_offset: 0
      bf_iters: 1000000000.0
      bf_batch_size: 100000
      bf_zero_crossing_score: false
      touch_zero_score: 0
      ibp_enhancement: false
      compare_with_old_bounds: false
      update_rhs_with_attack: false
      sb_coeff_thresh: 0.001
      sort_index: null
      sort_descending: true
      show_progress: false
      presplit_domains: null
      skip_getting_worst_domain: false
  attack:
    enabled: false
    beam_candidates: 8
    beam_depth: 7
    max_dive_fix_ratio: 0.8
    min_local_free_ratio: 0.2
    mip_start_iteration: 5
    mip_timeout: 30.0
    adv_pool_threshold: null
    refined_mip_attacker: false
    refined_batch_size: null
attack:
  pgd_order: skip
  pgd_steps: 100
  pgd_restarts: 10
  pgd_batch_size: 100000000
  pgd_early_stop: true
  pgd_lr_decay: 0.99
  pgd_alpha: auto
  pgd_alpha_scale: false
  pgd_loss_mode: null
  pgd_restart_when_stuck: false
  enable_mip_attack: false
  adv_saver: default_adv_saver
  adv_verifier: default_adv_verifier
  early_stop_condition: default_early_stop_condition
  adv_example_finalizer: default_adv_example_finalizer
  pgd_loss: default_pgd_loss
  cex_path: ./test_cex.txt
  attack_mode: PGD
  attack_tolerance: 0.0
  attack_func: attack_with_general_specs
  gama_lambda: 10.0
  gama_decay: 0.9
  check_clean: false
  input_split:
    pgd_steps: 100
    pgd_restarts: 30
    pgd_alpha: auto
  input_split_enhanced:
    pgd_steps: 200
    pgd_restarts: 500000
    pgd_alpha: auto
  input_split_check_adv:
    enabled: auto
    pgd_steps: 5
    pgd_restarts: 5
    pgd_alpha: auto
    max_num_domains: 10
debug:
  view_model: false
  lp_test: null
  rescale_vnnlib_ptb: null
  test_optimized_bounds: false
  test_optimized_bounds_after_n_iterations: 0
  print_verbose_decisions: false
  sanity_check: null
  save_minimal_config: null
  save_minimal_config_omit_keys: []

Experiments at Tue May 26 15:00:47 2026 on dell-pro-max-tower-t2
Pre-compile jit kernels on a toy network.../data1/Kane/miniconda3/envs/GenBaB/lib/python3.11/site-packages/onnx2pytorch/convert/model.py:151: UserWarning: Using experimental implementation that allows 'batch_size > 1'.Batchnorm layers could potentially produce false outputs.
  warnings.warn(
/data1/Kane/miniconda3/envs/GenBaB/lib/python3.11/site-packages/onnx2pytorch/utils.py:21: TracerWarning: Converting a tensor to a Python boolean might cause the trace to be incorrect. We can't record the data flow of Python values, so this value will be treated as a constant in the future. This means that the trace might not generalize to other inputs!
  return value.ndim == 0 or value.shape == torch.Size([1])
/data1/Kane/miniconda3/envs/GenBaB/lib/python3.11/site-packages/onnx2pytorch/operations/add.py:34: TracerWarning: Converting a tensor to a Python boolean might cause the trace to be incorrect. We can't record the data flow of Python values, so this value will be treated as a constant in the future. This means that the trace might not generalize to other inputs!
  elif all(x == 1 for x in input[0].shape):

JIT kernels compiled in 1.1425s.
Internal results will be saved to /data1/Kane/ACT/audit_results/abcrown_nopgd_20260525/tinyimagenet_2024/0113__TinyImageNet_resnet_medium__TinyImageNet_resnet_medium_prop_idx_6458_sidx_4978_eps_0.0039.result.

 %%%%%%%%%%%%%%%%%%%%%%%%%%%%%%%%%%% idx: 0, vnnlib ID: 0 %%%%%%%%%%%%%%%%%%%%%%%%%%%%%%%%%%%
Using onnx /data1/Kane/data/vnncomp2025_benchmarks/benchmarks/tinyimagenet_2024/onnx/TinyImageNet_resnet_medium.onnx
Using vnnlib /data1/Kane/data/vnncomp2025_benchmarks/benchmarks/tinyimagenet_2024/vnnlib/TinyImageNet_resnet_medium_prop_idx_6458_sidx_4978_eps_0.0039.vnnlib
9408 inputs and 200 outputs in vnnlib
Loading onnx /data1/Kane/data/vnncomp2025_benchmarks/benchmarks/tinyimagenet_2024/onnx/TinyImageNet_resnet_medium.onnx with quirks {}
Onnx optimization with flags: ['merge_bn']
Found existed optimized onnx model at /data1/Kane/data/vnncomp2025_benchmarks/benchmarks/tinyimagenet_2024/onnx/TinyImageNet_resnet_medium.onnx.optimized
Finished onnx model loading in 0.0817 seconds
Model: BoundedModule(
  (/input-1): BoundInput(name=/input-1, inputs=[], perturbed=True)
  (/43): BoundParams(name=/43, inputs=[], perturbed=False)
  (/44): BoundParams(name=/44, inputs=[], perturbed=False)
  (/45): BoundParams(name=/45, inputs=[], perturbed=False)
  (/46): BoundParams(name=/46, inputs=[], perturbed=False)
  (/47): BoundParams(name=/47, inputs=[], perturbed=False)
  (/48): BoundParams(name=/48, inputs=[], perturbed=False)
  (/49): BoundParams(name=/49, inputs=[], perturbed=False)
  (/50): BoundParams(name=/50, inputs=[], perturbed=False)
  (/51): BoundParams(name=/51, inputs=[], perturbed=False)
  (/52): BoundParams(name=/52, inputs=[], perturbed=False)
  (/53): BoundParams(name=/53, inputs=[], perturbed=False)
  (/54): BoundParams(name=/54, inputs=[], perturbed=False)
  (/55): BoundParams(name=/55, inputs=[], perturbed=False)
  (/56): BoundParams(name=/56, inputs=[], perturbed=False)
  (/57): BoundParams(name=/57, inputs=[], perturbed=False)
  (/58): BoundParams(name=/58, inputs=[], perturbed=False)
  (/59): BoundParams(name=/59, inputs=[], perturbed=False)
  (/60): BoundParams(name=/60, inputs=[], perturbed=False)
  (/61): BoundParams(name=/61, inputs=[], perturbed=False)
  (/62): BoundParams(name=/62, inputs=[], perturbed=False)
  (/63): BoundParams(name=/63, inputs=[], perturbed=False)
  (/64): BoundParams(name=/64, inputs=[], perturbed=False)
  (/65): BoundParams(name=/65, inputs=[], perturbed=False)
  (/66): BoundParams(name=/66, inputs=[], perturbed=False)
  (/67): BoundParams(name=/67, inputs=[], perturbed=False)
  (/68): BoundParams(name=/68, inputs=[], perturbed=False)
  (/69): BoundParams(name=/69, inputs=[], perturbed=False)
  (/70): BoundParams(name=/70, inputs=[], perturbed=False)
  (/71): BoundParams(name=/71, inputs=[], perturbed=False)
  (/72): BoundParams(name=/72, inputs=[], perturbed=False)
  (/73): BoundParams(name=/73, inputs=[], perturbed=False)
  (/74): BoundParams(name=/74, inputs=[], perturbed=False)
  (/75): BoundParams(name=/75, inputs=[], perturbed=False)
  (/76): BoundParams(name=/76, inputs=[], perturbed=False)
  (/77): BoundParams(name=/77, inputs=[], perturbed=False)
  (/78): BoundParams(name=/78, inputs=[], perturbed=False)
  (/79): BoundParams(name=/79, inputs=[], perturbed=False)
  (/80): BoundParams(name=/80, inputs=[], perturbed=False)
  (/81): BoundParams(name=/81, inputs=[], perturbed=False)
  (/82): BoundParams(name=/82, inputs=[], perturbed=False)
  (/83): BoundParams(name=/83, inputs=[], perturbed=False)
  (/84): BoundParams(name=/84, inputs=[], perturbed=False)
  (/input): BoundConv(name=/input, inputs=[/input-1, /43, /44], perturbed=True)
  (/input-4): BoundRelu(name=/input-4, inputs=[/input], perturbed=True)
  (/input-8): BoundConv(name=/input-8, inputs=[/input-4, /45, /46], perturbed=True)
  (/input-12): BoundRelu(name=/input-12, inputs=[/input-8], perturbed=True)
  (/89): BoundConv(name=/89, inputs=[/input-12, /47, /48], perturbed=True)
  (/90): BoundConv(name=/90, inputs=[/input-4, /49, /50], perturbed=True)
  (/91): BoundAdd(name=/91, inputs=[/89, /90], perturbed=True)
  (/input-16): BoundConv(name=/input-16, inputs=[/91, /51, /52], perturbed=True)
  (/input-20): BoundRelu(name=/input-20, inputs=[/input-16], perturbed=True)
  (/94): BoundConv(name=/94, inputs=[/input-20, /53, /54], perturbed=True)
  (/95): BoundAdd(name=/95, inputs=[/94, /91], perturbed=True)
  (/input-24): BoundConv(name=/input-24, inputs=[/95, /55, /56], perturbed=True)
  (/input-28): BoundRelu(name=/input-28, inputs=[/input-24], perturbed=True)
  (/98): BoundConv(name=/98, inputs=[/input-28, /57, /58], perturbed=True)
  (/99): BoundAdd(name=/99, inputs=[/98, /95], perturbed=True)
  (/input-32): BoundConv(name=/input-32, inputs=[/99, /59, /60], perturbed=True)
  (/input-36): BoundRelu(name=/input-36, inputs=[/input-32], perturbed=True)
  (/102): BoundConv(name=/102, inputs=[/input-36, /61, /62], perturbed=True)
  (/103): BoundAdd(name=/103, inputs=[/102, /99], perturbed=True)
  (/input-40): BoundConv(name=/input-40, inputs=[/103, /63, /64], perturbed=True)
  (/input-44): BoundRelu(name=/input-44, inputs=[/input-40], perturbed=True)
  (/106): BoundConv(name=/106, inputs=[/input-44, /65, /66], perturbed=True)
  (/107): BoundConv(name=/107, inputs=[/103, /67, /68], perturbed=True)
  (/108): BoundAdd(name=/108, inputs=[/106, /107], perturbed=True)
  (/input-48): BoundConv(name=/input-48, inputs=[/108, /69, /70], perturbed=True)
  (/input-52): BoundRelu(name=/input-52, inputs=[/input-48], perturbed=True)
  (/111): BoundConv(name=/111, inputs=[/input-52, /71, /72], perturbed=True)
  (/112): BoundAdd(name=/112, inputs=[/111, /108], perturbed=True)
  (/input-56): BoundConv(name=/input-56, inputs=[/112, /73, /74], perturbed=True)
  (/input-60): BoundRelu(name=/input-60, inputs=[/input-56], perturbed=True)
  (/115): BoundConv(name=/115, inputs=[/input-60, /75, /76], perturbed=True)
  (/116): BoundAdd(name=/116, inputs=[/115, /112], perturbed=True)
  (/input-64): BoundConv(name=/input-64, inputs=[/116, /77, /78], perturbed=True)
  (/input-68): BoundRelu(name=/input-68, inputs=[/input-64], perturbed=True)
  (/119): BoundConv(name=/119, inputs=[/input-68, /79, /80], perturbed=True)
  (/120): BoundAdd(name=/120, inputs=[/119, /116], perturbed=True)
  (/121): BoundFlatten(name=/121, inputs=[/120], perturbed=True)
  (/input-72): BoundLinear(name=/input-72, inputs=[/121, /81, /82], perturbed=True)
  (/123): BoundRelu(name=/123, inputs=[/input-72], perturbed=True)
  (/124): BoundLinear(name=/124, inputs=[/123, /83, /84], perturbed=True)
)
Original output: tensor([[-25.44625282, -15.87944698, -17.76474380, -15.58488560, -18.26015854,
         -21.15800858, -26.23345947, -19.11953163, -20.55464363, -21.05836296,
         -18.46298218, -19.68422127, -27.98383904, -24.98736000, -24.53159332,
         -17.86824799, -19.45330811, -13.79524517, -25.92443085, -24.29202461,
         -16.18282890, -26.46668243, -28.61048698, -34.13597488, -21.87987709,
         -22.40063477, -24.83918762, -23.97311592, -21.93799782, -22.88669777,
         -20.47448730, -27.21072006, -22.16230583, -26.49205780, -24.96825981,
         -28.22195625, -15.21692848, -11.25880718, -10.02073193, -14.30164623,
         -18.68809509, -21.67072868, -17.32744598, -11.62187862, -11.85738945,
         -15.61215878, -26.82963181, -26.32648849, -22.42080498, -24.27957535,
         -27.95698547, -23.35366058, -23.90128136, -26.24796677, -28.72641373,
         -23.83670807, -27.25671768, -31.67265892, -24.58012199, -19.56445694,
         -19.66942787, -24.64427567, -19.77630043, -25.02666664, -24.72775459,
         -27.22098541, -21.06413460, -23.10305023, -20.24983788, -27.55795097,
         -27.73637962, -23.45492363, -23.68693924, -22.60603333, -25.19805527,
         -22.57034111, -18.81004906, -23.91393089, -26.65302658, -22.72784615,
         -18.52113914, -30.66021919, -27.93878746, -21.49309158, -23.52539825,
         -24.76215172, -25.56073570, -31.60927963, -20.01253510, -24.30337524,
         -23.10416603, -32.13206863, -26.28372002, -19.26459885, -28.21544456,
         -22.25404739, -27.80064392, -30.08036041, -22.80901909, -23.52931023,
         -22.46577072, -23.79450035, -18.18582916, -26.88999748, -25.76677132,
         -25.50303268, -21.46287918, -20.56019402, -25.56651115, -24.47955132,
         -27.35435486, -24.66325188, -18.02890015, -18.97741508, -18.92344284,
         -30.39431763, -28.29756927, -25.27971458, -16.14053345, -25.98035431,
         -24.54419518, -26.12117386, -22.12164879, -25.01865959, -29.05900955,
         -22.92093277, -25.23977280, -22.47090912, -21.55760574, -21.60721016,
         -24.88892174, -23.07468796, -21.05536652, -26.11467361, -17.86021042,
         -21.74135208, -26.21192360, -27.72245216, -20.84999275, -20.18647575,
         -33.27672195, -24.08176231, -22.61939240, -19.60561371, -23.76328850,
         -28.47367668, -22.93021584, -22.05885887, -23.78214455, -18.38691711,
         -18.82758141, -24.37327003, -16.23290253, -24.47470856, -26.74064827,
         -17.14458847, -20.73445892, -26.93422890, -18.10073853, -24.56778908,
         -17.53483582, -21.88072014, -27.79185104, -20.79703712, -23.24221230,
         -33.67870331, -29.91937065, -27.88135529, -18.44755173, -21.90949821,
         -25.80034256, -23.00881958, -19.18743324, -27.17889786, -26.55158234,
         -24.66560364, -20.34213066, -26.38042259, -24.19956398, -26.99035263,
         -22.62573433, -24.93108177, -27.40690994, -23.09606552, -22.45732307,
         -21.39559937, -23.33231735, -19.68329239, -20.09514809, -19.00434494,
         -26.66809464, -26.77364922, -28.36393166, -26.51511002, -26.49156952,
         -23.28668785, -22.88928604, -21.69121742, -26.33250046, -19.36117935]],
       device='cuda:0')
Split layers:
Nonlinear functions:
   BoundRelu(name=/input-4, inputs=[/input], perturbed=True)
   BoundRelu(name=/input-12, inputs=[/input-8], perturbed=True)
   BoundRelu(name=/input-20, inputs=[/input-16], perturbed=True)
   BoundRelu(name=/input-28, inputs=[/input-24], perturbed=True)
   BoundRelu(name=/input-36, inputs=[/input-32], perturbed=True)
   BoundRelu(name=/input-44, inputs=[/input-40], perturbed=True)
   BoundRelu(name=/input-52, inputs=[/input-48], perturbed=True)
   BoundRelu(name=/input-60, inputs=[/input-56], perturbed=True)
   BoundRelu(name=/input-68, inputs=[/input-64], perturbed=True)
   BoundRelu(name=/123, inputs=[/input-72], perturbed=True)
layer /input-4 using sparse-features alpha with shape [719]; unstable size 719; total size 46656 ([1, 64, 27, 27])
layer /input-4 start_node /input-8 using sparse-spec alpha [2, 503, 1, 719] with unstable size 502 total_size 25088 output_shape (128, 14, 14)
layer /input-4 start_node /input-16 using sparse-spec alpha [2, 267, 1, 719] with unstable size 266 total_size 25088 output_shape (128, 14, 14)
layer /input-4 start_node /input-24 using sparse-spec alpha [2, 11, 1, 719] with unstable size 10 total_size 25088 output_shape (128, 14, 14)
layer /input-4 start_node /input-32 using sparse-spec alpha [2, 6, 1, 719] with unstable size 5 total_size 25088 output_shape (128, 14, 14)
layer /input-4 start_node /input-40 using sparse-spec alpha [2, 69, 1, 719] with unstable size 68 total_size 6272 output_shape torch.Size([128, 7, 7])
layer /input-4 start_node /input-72 using sparse-spec alpha [2, 37, 1, 719] with unstable size 36 total_size 200 output_shape torch.Size([200])
layer /input-4 start_node /124 using full alpha [2, 199, 1, 719] with unstable size None total_size 199 output_shape 199
layer /input-12 using sparse-features alpha with shape [502]; unstable size 502; total size 25088 ([1, 128, 14, 14])
layer /input-12 start_node /input-16 using sparse-spec alpha [2, 267, 1, 502] with unstable size 266 total_size 25088 output_shape (128, 14, 14)
layer /input-12 start_node /input-24 using sparse-spec alpha [2, 11, 1, 502] with unstable size 10 total_size 25088 output_shape (128, 14, 14)
layer /input-12 start_node /input-32 using sparse-spec alpha [2, 6, 1, 502] with unstable size 5 total_size 25088 output_shape (128, 14, 14)
layer /input-12 start_node /input-40 using sparse-spec alpha [2, 69, 1, 502] with unstable size 68 total_size 6272 output_shape torch.Size([128, 7, 7])
layer /input-12 start_node /input-72 using sparse-spec alpha [2, 37, 1, 502] with unstable size 36 total_size 200 output_shape torch.Size([200])
layer /input-12 start_node /124 using full alpha [2, 199, 1, 502] with unstable size None total_size 199 output_shape 199
layer /input-20 using sparse-features alpha with shape [266]; unstable size 266; total size 25088 ([1, 128, 14, 14])
layer /input-20 start_node /input-24 using sparse-spec alpha [2, 11, 1, 266] with unstable size 10 total_size 25088 output_shape (128, 14, 14)
layer /input-20 start_node /input-32 using sparse-spec alpha [2, 6, 1, 266] with unstable size 5 total_size 25088 output_shape (128, 14, 14)
layer /input-20 start_node /input-40 using sparse-spec alpha [2, 69, 1, 266] with unstable size 68 total_size 6272 output_shape (128, 7, 7)
layer /input-20 start_node /input-72 using sparse-spec alpha [2, 37, 1, 266] with unstable size 36 total_size 200 output_shape torch.Size([200])
layer /input-20 start_node /124 using full alpha [2, 199, 1, 266] with unstable size None total_size 199 output_shape 199
layer /input-28 using sparse-features alpha with shape [10]; unstable size 10; total size 25088 ([1, 128, 14, 14])
layer /input-28 start_node /input-32 using sparse-spec alpha [2, 6, 1, 10] with unstable size 5 total_size 25088 output_shape (128, 14, 14)
layer /input-28 start_node /input-40 using sparse-spec alpha [2, 69, 1, 10] with unstable size 68 total_size 6272 output_shape (128, 7, 7)
layer /input-28 start_node /input-72 using sparse-spec alpha [2, 37, 1, 10] with unstable size 36 total_size 200 output_shape torch.Size([200])
layer /input-28 start_node /124 using full alpha [2, 199, 1, 10] with unstable size None total_size 199 output_shape 199
layer /input-36 using sparse-features alpha with shape [5]; unstable size 5; total size 25088 ([1, 128, 14, 14])
layer /input-36 start_node /input-40 using sparse-spec alpha [2, 69, 1, 5] with unstable size 68 total_size 6272 output_shape (128, 7, 7)
layer /input-36 start_node /input-72 using sparse-spec alpha [2, 37, 1, 5] with unstable size 36 total_size 200 output_shape torch.Size([200])
layer /input-36 start_node /124 using full alpha [2, 199, 1, 5] with unstable size None total_size 199 output_shape 199
layer /input-44 using sparse-features alpha with shape [68]; unstable size 68; total size 6272 ([1, 128, 7, 7])
layer /input-44 start_node /input-72 using sparse-spec alpha [2, 37, 1, 68] with unstable size 36 total_size 200 output_shape torch.Size([200])
layer /input-44 start_node /124 using full alpha [2, 199, 1, 68] with unstable size None total_size 199 output_shape 199
layer /input-52 using sparse-features alpha with shape [0]; unstable size 0; total size 6272 ([1, 128, 7, 7])
layer /input-52 start_node /input-72 using sparse-spec alpha [2, 37, 1, 0] with unstable size 36 total_size 200 output_shape torch.Size([200])
layer /input-52 start_node /124 using full alpha [2, 199, 1, 0] with unstable size None total_size 199 output_shape 199
layer /input-60 using sparse-features alpha with shape [0]; unstable size 0; total size 6272 ([1, 128, 7, 7])
layer /input-60 start_node /input-72 using sparse-spec alpha [2, 37, 1, 0] with unstable size 36 total_size 200 output_shape torch.Size([200])
layer /input-60 start_node /124 using full alpha [2, 199, 1, 0] with unstable size None total_size 199 output_shape 199
layer /input-68 using sparse-features alpha with shape [0]; unstable size 0; total size 6272 ([1, 128, 7, 7])
layer /input-68 start_node /input-72 using sparse-spec alpha [2, 37, 1, 0] with unstable size 36 total_size 200 output_shape torch.Size([200])
layer /input-68 start_node /124 using full alpha [2, 199, 1, 0] with unstable size None total_size 199 output_shape 199
layer /123 using sparse-features alpha with shape [36]; unstable size 36; total size 200 ([1, 200])
layer /123 start_node /124 using full alpha [2, 199, 1, 36] with unstable size None total_size 199 output_shape 199
Optimizable variables initialized.
initial CROWN bounds: tensor([[ 1.34123516e+01,  3.90611625e+00,  5.64294720e+00,  3.89421868e+00,
          6.14150476e+00,  9.11669350e+00,  1.41063766e+01,  7.16808605e+00,
          8.70266724e+00,  9.07441044e+00,  6.54206514e+00,  7.29942131e+00,
          1.55833569e+01,  1.27714005e+01,  1.23022318e+01,  6.07336760e+00,
          7.46935940e+00,  2.07546306e+00,  1.37702856e+01,  1.21896610e+01,
          3.70568585e+00,  1.40444307e+01,  1.60936756e+01,  2.16878433e+01,
          9.56429672e+00,  1.01501598e+01,  1.26906681e+01,  1.16971283e+01,
          9.53315544e+00,  1.07324905e+01,  8.58165550e+00,  1.50813150e+01,
          1.01139135e+01,  1.44433727e+01,  1.29133930e+01,  1.59351397e+01,
          3.47205830e+00, -4.85202909e-01,  2.61367083e+00,  6.75818014e+00,
          9.72984409e+00,  5.54271793e+00,  1.29528046e-02,  6.52306080e-02,
          4.02434254e+00,  1.44685535e+01,  1.37126970e+01,  1.01831789e+01,
          1.19754314e+01,  1.57310152e+01,  1.11171217e+01,  1.18081694e+01,
          1.39500561e+01,  1.63011551e+01,  1.15392294e+01,  1.51109552e+01,
          1.93198738e+01,  1.25507956e+01,  7.24034309e+00,  7.51458311e+00,
          1.24169464e+01,  7.64280701e+00,  1.26824684e+01,  1.23751125e+01,
          1.49938164e+01,  8.79427242e+00,  1.05482693e+01,  7.70922852e+00,
          1.53590260e+01,  1.50370951e+01,  1.09124146e+01,  1.14141655e+01,
          1.02633123e+01,  1.29217663e+01,  1.04015493e+01,  6.90036488e+00,
          1.17208614e+01,  1.43368654e+01,  1.02795935e+01,  6.32045841e+00,
          1.83052406e+01,  1.55977468e+01,  9.26044273e+00,  1.13409510e+01,
          1.25002060e+01,  1.29627266e+01,  1.89271774e+01,  7.58837748e+00,
          1.21539631e+01,  1.05490303e+01,  1.98386803e+01,  1.38178663e+01,
          7.08041811e+00,  1.56952391e+01,  9.75613117e+00,  1.54668789e+01,
          1.74062004e+01,  1.07159910e+01,  1.13904209e+01,  9.95690823e+00,
          1.14828520e+01,  6.52769470e+00,  1.43355122e+01,  1.36616678e+01,
          1.33539047e+01,  9.39845467e+00,  7.99139500e+00,  1.31619282e+01,
          1.21447363e+01,  1.46890907e+01,  1.22606039e+01,  6.13111162e+00,
          7.07756948e+00,  6.07284451e+00,  1.77409840e+01,  1.58130922e+01,
          1.24820728e+01,  4.05821848e+00,  1.36540527e+01,  1.21424742e+01,
          1.34975090e+01,  9.94411850e+00,  1.25898724e+01,  1.67701988e+01,
          1.05219898e+01,  1.28486128e+01,  1.02238512e+01,  9.20934677e+00,
          9.72498894e+00,  1.26800480e+01,  1.07882147e+01,  8.51893520e+00,
          1.33203497e+01,  5.78744221e+00,  9.42715263e+00,  1.38947525e+01,
          1.52731447e+01,  8.63208580e+00,  7.96042061e+00,  2.06192265e+01,
          1.16781368e+01,  1.03661871e+01,  7.02728653e+00,  1.12943192e+01,
          1.60137959e+01,  1.00014610e+01,  9.82448578e+00,  1.14423532e+01,
          6.06959152e+00,  6.47247267e+00,  1.18435783e+01,  4.67251968e+00,
          1.18052664e+01,  1.44095945e+01,  4.75298977e+00,  8.58563995e+00,
          1.46017714e+01,  5.89563560e+00,  1.21280518e+01,  5.53060913e+00,
          9.60316658e+00,  1.53670254e+01,  8.62916660e+00,  1.09524870e+01,
          2.09327030e+01,  1.73148441e+01,  1.54176750e+01,  6.39140081e+00,
          9.49704170e+00,  1.35158291e+01,  1.04592781e+01,  7.17937374e+00,
          1.44311190e+01,  1.41545916e+01,  1.25338621e+01,  7.70315170e+00,
          1.41029110e+01,  1.20419178e+01,  1.48402605e+01,  1.03408623e+01,
          1.25244675e+01,  1.51768866e+01,  1.08784599e+01,  1.00255022e+01,
          9.47974014e+00,  1.09676189e+01,  7.75791264e+00,  7.95808983e+00,
          7.36500406e+00,  1.42826948e+01,  1.44261808e+01,  1.60234222e+01,
          1.43249378e+01,  1.43856144e+01,  1.10724783e+01,  1.06666222e+01,
          9.52594757e+00,  1.41982498e+01,  7.55265808e+00]], device='cuda:0') None
prune_after_crown optimization in use: original label size = 199 pruned label size = 1
best_l after optimization: -0.41500091552734375
alpha/beta optimization time: 3.215543270111084
initial alpha-crown bounds: tensor([[        inf,         inf,         inf,         inf,         inf,
                 inf,         inf,         inf,         inf,         inf,
                 inf,         inf,         inf,         inf,         inf,
                 inf,         inf,         inf,         inf,         inf,
                 inf,         inf,         inf,         inf,         inf,
                 inf,         inf,         inf,         inf,         inf,
                 inf,         inf,         inf,         inf,         inf,
                 inf,         inf, -0.41500092,         inf,         inf,
                 inf,         inf,         inf,         inf,         inf,
                 inf,         inf,         inf,         inf,         inf,
                 inf,         inf,         inf,         inf,         inf,
                 inf,         inf,         inf,         inf,         inf,
                 inf,         inf,         inf,         inf,         inf,
                 inf,         inf,         inf,         inf,         inf,
                 inf,         inf,         inf,         inf,         inf,
                 inf,         inf,         inf,         inf,         inf,
                 inf,         inf,         inf,         inf,         inf,
                 inf,         inf,         inf,         inf,         inf,
                 inf,         inf,         inf,         inf,         inf,
                 inf,         inf,         inf,         inf,         inf,
                 inf,         inf,         inf,         inf,         inf,
                 inf,         inf,         inf,         inf,         inf,
                 inf,         inf,         inf,         inf,         inf,
                 inf,         inf,         inf,         inf,         inf,
                 inf,         inf,         inf,         inf,         inf,
                 inf,         inf,         inf,         inf,         inf,
                 inf,         inf,         inf,         inf,         inf,
                 inf,         inf,         inf,         inf,         inf,
                 inf,         inf,         inf,         inf,         inf,
                 inf,         inf,         inf,         inf,         inf,
                 inf,         inf,         inf,         inf,         inf,
                 inf,         inf,         inf,         inf,         inf,
                 inf,         inf,         inf,         inf,         inf,
                 inf,         inf,         inf,         inf,         inf,
                 inf,         inf,         inf,         inf,         inf,
                 inf,         inf,         inf,         inf,         inf,
                 inf,         inf,         inf,         inf,         inf,
                 inf,         inf,         inf,         inf,         inf,
                 inf,         inf,         inf,         inf,         inf,
                 inf,         inf,         inf,         inf]], device='cuda:0')
Number of class (without rhs): 1 ; Worst class: (+ rhs) -0.41500091552734375
Total VNNLIB file length: 199, max property batch size: 200, total number of batches: 1
lA shape: [torch.Size([199, 1, 64, 27, 27]), torch.Size([199, 1, 128, 14, 14]), torch.Size([199, 1, 128, 14, 14]), torch.Size([199, 1, 128, 14, 14]), torch.Size([199, 1, 128, 14, 14]), torch.Size([199, 1, 128, 7, 7]), torch.Size([199, 1, 128, 7, 7]), torch.Size([199, 1, 128, 7, 7]), torch.Size([199, 1, 128, 7, 7]), torch.Size([199, 1, 200])]

Properties batch 0, size 199
Remaining timeout: 92.78971743583679
Verifying property 0 with 199 instances.
##### Instance 0 first 10 spec matrices: 
tensor([[[-1.,  0.,  0.,  ...,  0.,  0.,  0.]],

        [[ 0., -1.,  0.,  ...,  0.,  0.,  0.]],

        [[ 0.,  0., -1.,  ...,  0.,  0.,  0.]],

        ...,

        [[ 0.,  0.,  0.,  ...,  0.,  0.,  0.]],

        [[ 0.,  0.,  0.,  ...,  0.,  0.,  0.]],

        [[ 0.,  0.,  0.,  ...,  0.,  0.,  0.]]], dtype=torch.float64)
thresholds: tensor([0., 0., 0., 0., 0., 0., 0., 0., 0., 0.], device='cuda:0') ######
Initial alpha-CROWN verified for spec index tensor([  0,   1,   2,   3,   4,   5,   6,   7,   8,   9,  10,  11,  12,  13,
         14,  15,  16,  17,  18,  19,  20,  21,  22,  23,  24,  25,  26,  27,
         28,  29,  30,  31,  32,  33,  34,  35,  36,  38,  39,  40,  41,  42,
         43,  44,  45,  46,  47,  48,  49,  50,  51,  52,  53,  54,  55,  56,
         57,  58,  59,  60,  61,  62,  63,  64,  65,  66,  67,  68,  69,  70,
         71,  72,  73,  74,  75,  76,  77,  78,  79,  80,  81,  82,  83,  84,
         85,  86,  87,  88,  89,  90,  91,  92,  93,  94,  95,  96,  97,  98,
         99, 100, 101, 102, 103, 104, 105, 106, 107, 108, 109, 110, 111, 112,
        113, 114, 115, 116, 117, 118, 119, 120, 121, 122, 123, 124, 125, 126,
        127, 128, 129, 130, 131, 132, 133, 134, 135, 136, 137, 138, 139, 140,
        141, 142, 143, 144, 145, 146, 147, 148, 149, 150, 151, 152, 153, 154,
        155, 156, 157, 158, 159, 160, 161, 162, 163, 164, 165, 166, 167, 168,
        169, 170, 171, 172, 173, 174, 175, 176, 177, 178, 179, 180, 181, 182,
        183, 184, 185, 186, 187, 188, 189, 190, 191, 192, 193, 194, 195, 196,
        197, 198], device='cuda:0') with bound tensor([inf, inf, inf, inf, inf, inf, inf, inf, inf, inf, inf, inf, inf, inf, inf, inf, inf, inf, inf, inf, inf, inf, inf, inf,
        inf, inf, inf, inf, inf, inf, inf, inf, inf, inf, inf, inf, inf, inf, inf, inf, inf, inf, inf, inf, inf, inf, inf, inf,
        inf, inf, inf, inf, inf, inf, inf, inf, inf, inf, inf, inf, inf, inf, inf, inf, inf, inf, inf, inf, inf, inf, inf, inf,
        inf, inf, inf, inf, inf, inf, inf, inf, inf, inf, inf, inf, inf, inf, inf, inf, inf, inf, inf, inf, inf, inf, inf, inf,
        inf, inf, inf, inf, inf, inf, inf, inf, inf, inf, inf, inf, inf, inf, inf, inf, inf, inf, inf, inf, inf, inf, inf, inf,
        inf, inf, inf, inf, inf, inf, inf, inf, inf, inf, inf, inf, inf, inf, inf, inf, inf, inf, inf, inf, inf, inf, inf, inf,
        inf, inf, inf, inf, inf, inf, inf, inf, inf, inf, inf, inf, inf, inf, inf, inf, inf, inf, inf, inf, inf, inf, inf, inf,
        inf, inf, inf, inf, inf, inf, inf, inf, inf, inf, inf, inf, inf, inf, inf, inf, inf, inf, inf, inf, inf, inf, inf, inf,
        inf, inf, inf, inf, inf, inf], device='cuda:0').
Remaining spec index tensor([37], device='cuda:0') with bounds tensor([[-0.41500092]], device='cuda:0') need to verify.
Model prediction is: tensor([-25.44625282, -15.87944698, -17.76474380, -15.58488560, -18.26015854,
        -21.15800858, -26.23345947, -19.11953163, -20.55464363, -21.05836296,
        -18.46298218, -19.68422127, -27.98383904, -24.98736000, -24.53159332,
        -17.86824799, -19.45330811, -13.79524517, -25.92443085, -24.29202461,
        -16.18282890, -26.46668243, -28.61048698, -34.13597488, -21.87987709,
        -22.40063477, -24.83918762, -23.97311592, -21.93799782, -22.88669777,
        -20.47448730, -27.21072006, -22.16230583, -26.49205780, -24.96825981,
        -28.22195625, -15.21692848, -11.25880718, -10.02073193, -14.30164623,
        -18.68809509, -21.67072868, -17.32744598, -11.62187862, -11.85738945,
        -15.61215878, -26.82963181, -26.32648849, -22.42080498, -24.27957535,
        -27.95698547, -23.35366058, -23.90128136, -26.24796677, -28.72641373,
        -23.83670807, -27.25671768, -31.67265892, -24.58012199, -19.56445694,
        -19.66942787, -24.64427567, -19.77630043, -25.02666664, -24.72775459,
        -27.22098541, -21.06413460, -23.10305023, -20.24983788, -27.55795097,
        -27.73637962, -23.45492363, -23.68693924, -22.60603333, -25.19805527,
        -22.57034111, -18.81004906, -23.91393089, -26.65302658, -22.72784615,
        -18.52113914, -30.66021919, -27.93878746, -21.49309158, -23.52539825,
        -24.76215172, -25.56073570, -31.60927963, -20.01253510, -24.30337524,
        -23.10416603, -32.13206863, -26.28372002, -19.26459885, -28.21544456,
        -22.25404739, -27.80064392, -30.08036041, -22.80901909, -23.52931023,
        -22.46577072, -23.79450035, -18.18582916, -26.88999748, -25.76677132,
        -25.50303268, -21.46287918, -20.56019402, -25.56651115, -24.47955132,
        -27.35435486, -24.66325188, -18.02890015, -18.97741508, -18.92344284,
        -30.39431763, -28.29756927, -25.27971458, -16.14053345, -25.98035431,
        -24.54419518, -26.12117386, -22.12164879, -25.01865959, -29.05900955,
        -22.92093277, -25.23977280, -22.47090912, -21.55760574, -21.60721016,
        -24.88892174, -23.07468796, -21.05536652, -26.11467361, -17.86021042,
        -21.74135208, -26.21192360, -27.72245216, -20.84999275, -20.18647575,
        -33.27672195, -24.08176231, -22.61939240, -19.60561371, -23.76328850,
        -28.47367668, -22.93021584, -22.05885887, -23.78214455, -18.38691711,
        -18.82758141, -24.37327003, -16.23290253, -24.47470856, -26.74064827,
        -17.14458847, -20.73445892, -26.93422890, -18.10073853, -24.56778908,
        -17.53483582, -21.88072014, -27.79185104, -20.79703712, -23.24221230,
        -33.67870331, -29.91937065, -27.88135529, -18.44755173, -21.90949821,
        -25.80034256, -23.00881958, -19.18743324, -27.17889786, -26.55158234,
        -24.66560364, -20.34213066, -26.38042259, -24.19956398, -26.99035263,
        -22.62573433, -24.93108177, -27.40690994, -23.09606552, -22.45732307,
        -21.39559937, -23.33231735, -19.68329239, -20.09514809, -19.00434494,
        -26.66809464, -26.77364922, -28.36393166, -26.51511002, -26.49156952,
        -23.28668785, -22.88928604, -21.69121742, -26.33250046, -19.36117935],
       device='cuda:0')
build_with_refined_bounds batch [1/1]
setting alpha for layer /input-4 start_node /124 with alignment adjustment
setting alpha for layer /input-12 start_node /124 with alignment adjustment
setting alpha for layer /input-20 start_node /124 with alignment adjustment
setting alpha for layer /input-28 start_node /124 with alignment adjustment
setting alpha for layer /input-36 start_node /124 with alignment adjustment
setting alpha for layer /input-44 start_node /124 with alignment adjustment
setting alpha for layer /input-52 start_node /124 with alignment adjustment
setting alpha for layer /input-60 start_node /124 with alignment adjustment
setting alpha for layer /input-68 start_node /124 with alignment adjustment
setting alpha for layer /123 start_node /124 with alignment adjustment
all alpha initialized
directly get lb and ub from refined bounds
c shape: torch.Size([1, 1, 200])
lA shapes: [torch.Size([1, 1, 64, 27, 27]), torch.Size([1, 1, 128, 14, 14]), torch.Size([1, 1, 128, 14, 14]), torch.Size([1, 1, 128, 14, 14]), torch.Size([1, 1, 128, 14, 14]), torch.Size([1, 1, 128, 7, 7]), torch.Size([1, 1, 128, 7, 7]), torch.Size([1, 1, 128, 7, 7]), torch.Size([1, 1, 128, 7, 7]), torch.Size([1, 1, 200])]
(alpha-)CROWN with fixed intermediate bounds: tensor([[-0.41500092]], device='cuda:0') tensor([[inf]], device='cuda:0')
Intermediate layers: /input,/input-8,/input-16,/input-24,/input-32,/input-40,/input-48,/input-56,/input-64,/input-72,/124
Keeping alphas for these layers: ['/124']
Keeping alphas for these layers: ['/124']
Node /input-4 input 0: size torch.Size([64, 27, 27]) unstable 719
Node /input-12 input 0: size torch.Size([128, 14, 14]) unstable 496
Node /input-20 input 0: size torch.Size([128, 14, 14]) unstable 257
Node /input-28 input 0: size torch.Size([128, 14, 14]) unstable 10
Node /input-36 input 0: size torch.Size([128, 14, 14]) unstable 5
Node /input-44 input 0: size torch.Size([128, 7, 7]) unstable 65
Node /input-52 input 0: size torch.Size([128, 7, 7]) unstable 0
Node /input-60 input 0: size torch.Size([128, 7, 7]) unstable 0
Node /input-68 input 0: size torch.Size([128, 7, 7]) unstable 0
Node /123 input 0: size torch.Size([200]) unstable 34
-----------------
# of unstable neurons: 1586
-----------------

BaB round 1
batch: 1
splitting decisions: 
split level 0: [/input-72, 57] 
split level 1: [/input-72, 149] 
split level 2: [/input-72, 76] 
split level 3: [/input-72, 2] 
pruning_in_iteration open status: True
ratio of positive domain = 12 / 16 = 0.75
pruning-in-iteration extra time: 0.0061724185943603516
Time: prepare 0.0004    bound 0.2089    transfer 0.0057    finalize 0.0004    func 0.2154    
Accumulated time: func 0.2154    prepare 0.0009    bound 0.2089    transfer 0.0057    finalize 0.0004    
Current worst splitting domains lb-rhs (depth):
-0.18049 (4), -0.17809 (4), -0.10728 (4), -0.10196 (4), 
Length of domains: 4
Time: pickout 0.0007    decision 0.1265    set_bounds 0.0012    solve 0.2155    add 0.0013    
Accumulated time: pickout 0.0007    decision 0.1265    set_bounds 0.0012    solve 0.2155    add 0.0013    
Current (lb-rhs): -0.18049383163452148
4 domains visited
Cumulative time: 0.9974699020385742

BaB round 2
batch: 4
splitting decisions: 
split level 0: [/input-72, 63] [/input-72, 63] [/input-72, 63] [/input-72, 63] 
split level 1: [/input-72, 79] [/input-72, 79] [/input-72, 79] [/input-72, 79] 
pruning_in_iteration open status: True
ratio of positive domain = 12 / 16 = 0.75
pruning-in-iteration extra time: 0.002474546432495117
Time: prepare 0.0008    bound 0.1097    transfer 0.0019    finalize 0.0003    func 0.1126    
Accumulated time: func 0.3281    prepare 0.0020    bound 0.3186    transfer 0.0076    finalize 0.0007    
Current worst splitting domains lb-rhs (depth):
-0.14728 (6), -0.14331 (6), -0.07031 (6), -0.06723 (6), 
Length of domains: 4
Time: pickout 0.0008    decision 0.0474    set_bounds 0.0010    solve 0.1126    add 0.0010    
Accumulated time: pickout 0.0015    decision 0.1739    set_bounds 0.0022    solve 0.3281    add 0.0023    
Current (lb-rhs): -0.14728498458862305
8 domains visited
Cumulative time: 1.1606223583221436

BaB round 3
batch: 4
splitting decisions: 
split level 0: [/input-72, 7] [/input-72, 7] [/input-72, 7] [/input-72, 7] 
split level 1: [/input-72, 21] [/input-72, 21] [/input-72, 21] [/input-72, 21] 
pruning_in_iteration open status: True
ratio of positive domain = 12 / 16 = 0.75
pruning-in-iteration extra time: 0.007203578948974609
Time: prepare 0.0006    bound 0.1446    transfer 0.0026    finalize 0.0003    func 0.1482    
Accumulated time: func 0.4762    prepare 0.0029    bound 0.4632    transfer 0.0102    finalize 0.0010    
Current worst splitting domains lb-rhs (depth):
-0.11465 (8), -0.11138 (8), -0.03891 (8), -0.03519 (8), 
Length of domains: 4
Time: pickout 0.0007    decision 0.0476    set_bounds 0.0010    solve 0.1482    add 0.0012    
Accumulated time: pickout 0.0022    decision 0.2216    set_bounds 0.0033    solve 0.4763    add 0.0035    
Current (lb-rhs): -0.11465394496917725
12 domains visited
Cumulative time: 1.3595798015594482

BaB round 4
batch: 4
splitting decisions: 
split level 0: [/input-72, 67] [/input-72, 67] [/input-72, 67] [/input-72, 67] 
split level 1: [/input-72, 194] [/input-72, 62] [/input-72, 194] [/input-72, 62] 

all verified at 0th iter
pruning_in_iteration open status: False
ratio of positive domain = 16 / 16 = 1.0
pruning-in-iteration extra time: 0.00010776519775390625
Time: prepare 0.0006    bound 0.0145    transfer 0.0015    finalize 0.0089    func 0.0256    
Accumulated time: func 0.5018    prepare 0.0039    bound 0.4777    transfer 0.0117    finalize 0.0099    
Length of domains: 0
Time: pickout 0.0036    decision 0.0814    set_bounds 0.0011    solve 0.0256    add 0.0001    
Accumulated time: pickout 0.0058    decision 0.3030    set_bounds 0.0044    solve 0.5020    add 0.0036    
No domains left, verification finished!
Current (lb-rhs): 1.0000000116860974e-07
12 domains visited
Cumulative time: 1.4715101718902588

Result: unsat
Time: 8.970829248428345

------------------------- COMMAND ------------------------------
/data1/Kane/miniconda3/envs/GenBaB/bin/python /data1/Kane/GenBaB/alpha-beta-CROWN/complete_verifier/abcrown.py --config /data1/Kane/GenBaB/alpha-beta-CROWN/complete_verifier/exp_configs/vnncomp24/tinyimagenet.yaml --precompile_jit --onnx_path /data1/Kane/data/vnncomp2025_benchmarks/benchmarks/tinyimagenet_2024/onnx/TinyImageNet_resnet_medium.onnx --vnnlib_path /data1/Kane/data/vnncomp2025_benchmarks/benchmarks/tinyimagenet_2024/vnnlib/TinyImageNet_resnet_medium_prop_idx_6458_sidx_4978_eps_0.0039.vnnlib --results_file /data1/Kane/ACT/audit_results/abcrown_nopgd_20260525/tinyimagenet_2024/0113__TinyImageNet_resnet_medium__TinyImageNet_resnet_medium_prop_idx_6458_sidx_4978_eps_0.0039.result --timeout 100.0 --save_adv_example --pgd_order=skip
----------------------------------------------------------------

