[0;93m2026-05-26 15:05:20.779304461 [W:onnxruntime:Default, device_discovery.cc:325 DiscoverDevicesForPlatform] GPU device discovery failed: device_discovery.cc:92 ReadFileContents Failed to open file: "/sys/class/drm/card0/device/vendor"[m
Configurations:

general:
  device: cuda
  seed: 100
  conv_mode: patches
  deterministic: false
  double_fp: false
  loss_reduction_func: sum
  sparse_alpha: true
  sparse_interm: true
  save_adv_example: true
  verify_onnxruntime_output: false
  eval_adv_example: false
  show_adv_example: false
  precompile_jit: true
  prepare_only: false
  complete_verifier: bab
  enable_incomplete_verification: true
  csv_name: instances.csv
  results_file: /data1/Kane/ACT/audit_results/abcrown_nopgd_20260525/tinyimagenet_2024/0120__TinyImageNet_resnet_medium__TinyImageNet_resnet_medium_prop_idx_3558_sidx_7280_eps_0.0039.result
  root_path: ../../vnncomp2024_benchmarks/benchmarks/tinyimagenet
  deterministic_opt: false
  graph_optimizer: 'Customized("custom_graph_optimizer", "default_optimizer")'
  buffer_has_batchdim: false
  save_output: false
  output_file: out.pkl
  return_optimized_model: false
model:
  name: null
  path: null
  onnx_path: /data1/Kane/data/vnncomp2025_benchmarks/benchmarks/tinyimagenet_2024/onnx/TinyImageNet_resnet_medium.onnx
  onnx_path_prefix: ''
  cache_onnx_conversion: false
  debug_onnx: false
  onnx_quirks: null
  input_shape: null
  onnx_loader: default_onnx_and_vnnlib_loader
  onnx_optimization_flags: [merge_bn]
  onnx_vnnlib_joint_optimization_flags: none
  check_optimized: false
  flatten_final_output: false
  optimize_graph: null
  with_jacobian: false
data:
  start: 0
  end: 10000
  select_instance: null
  num_outputs: 10
  mean: 0.0
  std: 1.0
  pkl_path: null
  dataset: null
  data_filter_path: null
  data_idx_file: null
specification:
  type: lp
  robustness_type: verified-acc
  norm: .inf
  epsilon: null
  epsilon_min: 0.0
  vnnlib_path: /data1/Kane/data/vnncomp2025_benchmarks/benchmarks/tinyimagenet_2024/vnnlib/TinyImageNet_resnet_medium_prop_idx_3558_sidx_7280_eps_0.0039.vnnlib
  vnnlib_path_prefix: ''
  rhs_offset: null
solver:
  batch_size: 256
  auto_enlarge_batch_size: false
  min_batch_size_ratio: 0.1
  use_float64_in_last_iteration: false
  early_stop_patience: 10
  start_save_best: 0.5
  bound_prop_method: alpha-crown
  init_bound_prop_method: same
  prune_after_crown: true
  optimize_disjuncts_separately: false
  crown:
    batch_size: 1000000000
    max_crown_size: 1000000000
    activation_bound_option: adaptive
    compare_crown_with_ibp: false
  alpha-crown:
    alpha: true
    lr_alpha: 0.25
    iteration: 20
    share_alphas: false
    lr_decay: 0.98
    full_conv_alpha: true
    max_coeff_mul: .inf
    matmul_share_alphas: false
    disable_optimization: []
    max_time: 1.0
  invprop:
    apply_output_constraints_to: []
    tighten_input_bounds: false
    best_of_oc_and_no_oc: false
    directly_optimize: []
    oc_lr: 0.1
    share_gammas: false
  beta-crown:
    lr_alpha: 0.1
    lr_beta: 0.15
    lr_decay: 0.98
    optimizer: adam
    iteration: 8
    beta: true
    beta_warmup: true
    enable_opt_interm_bounds: false
    all_node_split_LP: false
  forward:
    refine: false
    max_dim: 10000
    reset_threshold: 1.0
  multi_class:
    label_batch_size: 32
    skip_with_refined_bound: true
  mip:
    unstable_neuron_threshold: 0
    parallel_solvers: null
    solver_threads: 1
    refine_neuron_timeout: 15
    refine_neuron_time_percentage: 0.8
    early_stop: true
    adv_warmup: true
    mip_solver: gurobi
    skip_unsafe: false
    topk_filter: 1.0
    sliding_window: -1
    extra_constraint: false
    refine_neuron_timeout_increasement: 0
    timeout_neuron_percentage: 0.3
    remaining_timeout_threshold: 1
    remove_unstable_neurons: false
    lp_solver: false
bab:
  initial_max_domains: 200
  backing_up_max_domain: null
  max_domains: .inf
  decision_thresh: 0
  timeout: 100.0
  timeout_scale: 1
  max_iterations: -1
  override_timeout: null
  get_upper_bound: false
  pruning_in_iteration: true
  pruning_in_iteration_ratio: 0.2
  sort_targets: false
  batched_domain_list: true
  optimized_interm: ''
  interm_transfer: false
  recompute_interm: false
  sort_domain_interval: -1
  vanilla_crown: false
  tree_traversal: depth_first
  cut:
    enabled: false
    cuts_path: /tmp/abcrown_cuts
    implication: false
    bab_cut: false
    lp_cut: false
    method: null
    lr: 0.01
    lr_decay: 1.0
    iteration: 100
    bab_iteration: -1
    early_stop_patience: -1
    lr_beta: 0.02
    number_cuts: 50
    topk_cuts_in_filter: 1000
    batch_size_primal: 100
    max_num: 1000000000
    patches_cut: false
    cplex_cuts: false
    cplex_cuts_wait: 0
    cplex_cuts_revpickup: true
    cut_reference_bounds: true
    fix_intermediate_bounds: false
    biccos:
      enabled: false
      constraint_strengthening: true
      recursively_strengthening: false
      drop_ratio: 0.5
      verified_bonus: 0.3
      max_infer_iter: 20
      heuristic: neuron_influence_score
      save_biccos_cuts: false
      multi_tree_branching:
        enabled: false
        restore_best_tree: false
        keep_n_best_domains: 1
        k_splits: 1
        iterations: 1
  branching:
    method: kfsb
    candidates: 7
    reduceop: max
    enable_intermediate_bound_opt: false
    branching_input_and_activation: false
    branching_input_and_activation_order: [input, relu]
    branching_input_iterations: 30
    branching_relu_iterations: 50
    nonlinear_split:
      method: bbps
      disable: false
      branching_point_method: uniform
      num_branches: 2
      filter: false
      filter_beta: false
      filter_clamp: false
      filter_batch_size: 10000
      filter_iterations: 25
      relu_only: false
      loose_tanh_threshold: null
      branching_point:
        db_path: branching_points.pt
        num_iterations: 1000
        batch_size: 1000000
        range_l: -5.0
        range_u: 5.0
        log_interval: 100
        step_size_1d: 0.01
        step_size: 0.2
    input_split:
      enable_clip_domains: false
      split_hint: null
      reorder_bab: false
      enable: false
      enhanced_bound_prop_method: alpha-crown
      enhanced_branching_method: naive
      enhanced_bound_patience: 100000000.0
      attack_patience: 100000000.0
      adv_check: 0
      split_partitions: 2
      sb_margin_weight: 1.0
      sb_sum: false
      sb_primary_spec: null
      bf_backup_thresh: -1
      bf_rhs_offset: 0
      bf_iters: 1000000000.0
      bf_batch_size: 100000
      bf_zero_crossing_score: false
      touch_zero_score: 0
      ibp_enhancement: false
      compare_with_old_bounds: false
      update_rhs_with_attack: false
      sb_coeff_thresh: 0.001
      sort_index: null
      sort_descending: true
      show_progress: false
      presplit_domains: null
      skip_getting_worst_domain: false
  attack:
    enabled: false
    beam_candidates: 8
    beam_depth: 7
    max_dive_fix_ratio: 0.8
    min_local_free_ratio: 0.2
    mip_start_iteration: 5
    mip_timeout: 30.0
    adv_pool_threshold: null
    refined_mip_attacker: false
    refined_batch_size: null
attack:
  pgd_order: skip
  pgd_steps: 100
  pgd_restarts: 10
  pgd_batch_size: 100000000
  pgd_early_stop: true
  pgd_lr_decay: 0.99
  pgd_alpha: auto
  pgd_alpha_scale: false
  pgd_loss_mode: null
  pgd_restart_when_stuck: false
  enable_mip_attack: false
  adv_saver: default_adv_saver
  adv_verifier: default_adv_verifier
  early_stop_condition: default_early_stop_condition
  adv_example_finalizer: default_adv_example_finalizer
  pgd_loss: default_pgd_loss
  cex_path: ./test_cex.txt
  attack_mode: PGD
  attack_tolerance: 0.0
  attack_func: attack_with_general_specs
  gama_lambda: 10.0
  gama_decay: 0.9
  check_clean: false
  input_split:
    pgd_steps: 100
    pgd_restarts: 30
    pgd_alpha: auto
  input_split_enhanced:
    pgd_steps: 200
    pgd_restarts: 500000
    pgd_alpha: auto
  input_split_check_adv:
    enabled: auto
    pgd_steps: 5
    pgd_restarts: 5
    pgd_alpha: auto
    max_num_domains: 10
debug:
  view_model: false
  lp_test: null
  rescale_vnnlib_ptb: null
  test_optimized_bounds: false
  test_optimized_bounds_after_n_iterations: 0
  print_verbose_decisions: false
  sanity_check: null
  save_minimal_config: null
  save_minimal_config_omit_keys: []

Experiments at Tue May 26 15:05:21 2026 on dell-pro-max-tower-t2
Pre-compile jit kernels on a toy network.../data1/Kane/miniconda3/envs/GenBaB/lib/python3.11/site-packages/onnx2pytorch/convert/model.py:151: UserWarning: Using experimental implementation that allows 'batch_size > 1'.Batchnorm layers could potentially produce false outputs.
  warnings.warn(
/data1/Kane/miniconda3/envs/GenBaB/lib/python3.11/site-packages/onnx2pytorch/utils.py:21: TracerWarning: Converting a tensor to a Python boolean might cause the trace to be incorrect. We can't record the data flow of Python values, so this value will be treated as a constant in the future. This means that the trace might not generalize to other inputs!
  return value.ndim == 0 or value.shape == torch.Size([1])
/data1/Kane/miniconda3/envs/GenBaB/lib/python3.11/site-packages/onnx2pytorch/operations/add.py:34: TracerWarning: Converting a tensor to a Python boolean might cause the trace to be incorrect. We can't record the data flow of Python values, so this value will be treated as a constant in the future. This means that the trace might not generalize to other inputs!
  elif all(x == 1 for x in input[0].shape):

JIT kernels compiled in 1.1667s.
Internal results will be saved to /data1/Kane/ACT/audit_results/abcrown_nopgd_20260525/tinyimagenet_2024/0120__TinyImageNet_resnet_medium__TinyImageNet_resnet_medium_prop_idx_3558_sidx_7280_eps_0.0039.result.

 %%%%%%%%%%%%%%%%%%%%%%%%%%%%%%%%%%% idx: 0, vnnlib ID: 0 %%%%%%%%%%%%%%%%%%%%%%%%%%%%%%%%%%%
Using onnx /data1/Kane/data/vnncomp2025_benchmarks/benchmarks/tinyimagenet_2024/onnx/TinyImageNet_resnet_medium.onnx
Using vnnlib /data1/Kane/data/vnncomp2025_benchmarks/benchmarks/tinyimagenet_2024/vnnlib/TinyImageNet_resnet_medium_prop_idx_3558_sidx_7280_eps_0.0039.vnnlib
9408 inputs and 200 outputs in vnnlib
Loading onnx /data1/Kane/data/vnncomp2025_benchmarks/benchmarks/tinyimagenet_2024/onnx/TinyImageNet_resnet_medium.onnx with quirks {}
Onnx optimization with flags: ['merge_bn']
Found existed optimized onnx model at /data1/Kane/data/vnncomp2025_benchmarks/benchmarks/tinyimagenet_2024/onnx/TinyImageNet_resnet_medium.onnx.optimized
Finished onnx model loading in 0.0776 seconds
Model: BoundedModule(
  (/input-1): BoundInput(name=/input-1, inputs=[], perturbed=True)
  (/43): BoundParams(name=/43, inputs=[], perturbed=False)
  (/44): BoundParams(name=/44, inputs=[], perturbed=False)
  (/45): BoundParams(name=/45, inputs=[], perturbed=False)
  (/46): BoundParams(name=/46, inputs=[], perturbed=False)
  (/47): BoundParams(name=/47, inputs=[], perturbed=False)
  (/48): BoundParams(name=/48, inputs=[], perturbed=False)
  (/49): BoundParams(name=/49, inputs=[], perturbed=False)
  (/50): BoundParams(name=/50, inputs=[], perturbed=False)
  (/51): BoundParams(name=/51, inputs=[], perturbed=False)
  (/52): BoundParams(name=/52, inputs=[], perturbed=False)
  (/53): BoundParams(name=/53, inputs=[], perturbed=False)
  (/54): BoundParams(name=/54, inputs=[], perturbed=False)
  (/55): BoundParams(name=/55, inputs=[], perturbed=False)
  (/56): BoundParams(name=/56, inputs=[], perturbed=False)
  (/57): BoundParams(name=/57, inputs=[], perturbed=False)
  (/58): BoundParams(name=/58, inputs=[], perturbed=False)
  (/59): BoundParams(name=/59, inputs=[], perturbed=False)
  (/60): BoundParams(name=/60, inputs=[], perturbed=False)
  (/61): BoundParams(name=/61, inputs=[], perturbed=False)
  (/62): BoundParams(name=/62, inputs=[], perturbed=False)
  (/63): BoundParams(name=/63, inputs=[], perturbed=False)
  (/64): BoundParams(name=/64, inputs=[], perturbed=False)
  (/65): BoundParams(name=/65, inputs=[], perturbed=False)
  (/66): BoundParams(name=/66, inputs=[], perturbed=False)
  (/67): BoundParams(name=/67, inputs=[], perturbed=False)
  (/68): BoundParams(name=/68, inputs=[], perturbed=False)
  (/69): BoundParams(name=/69, inputs=[], perturbed=False)
  (/70): BoundParams(name=/70, inputs=[], perturbed=False)
  (/71): BoundParams(name=/71, inputs=[], perturbed=False)
  (/72): BoundParams(name=/72, inputs=[], perturbed=False)
  (/73): BoundParams(name=/73, inputs=[], perturbed=False)
  (/74): BoundParams(name=/74, inputs=[], perturbed=False)
  (/75): BoundParams(name=/75, inputs=[], perturbed=False)
  (/76): BoundParams(name=/76, inputs=[], perturbed=False)
  (/77): BoundParams(name=/77, inputs=[], perturbed=False)
  (/78): BoundParams(name=/78, inputs=[], perturbed=False)
  (/79): BoundParams(name=/79, inputs=[], perturbed=False)
  (/80): BoundParams(name=/80, inputs=[], perturbed=False)
  (/81): BoundParams(name=/81, inputs=[], perturbed=False)
  (/82): BoundParams(name=/82, inputs=[], perturbed=False)
  (/83): BoundParams(name=/83, inputs=[], perturbed=False)
  (/84): BoundParams(name=/84, inputs=[], perturbed=False)
  (/input): BoundConv(name=/input, inputs=[/input-1, /43, /44], perturbed=True)
  (/input-4): BoundRelu(name=/input-4, inputs=[/input], perturbed=True)
  (/input-8): BoundConv(name=/input-8, inputs=[/input-4, /45, /46], perturbed=True)
  (/input-12): BoundRelu(name=/input-12, inputs=[/input-8], perturbed=True)
  (/89): BoundConv(name=/89, inputs=[/input-12, /47, /48], perturbed=True)
  (/90): BoundConv(name=/90, inputs=[/input-4, /49, /50], perturbed=True)
  (/91): BoundAdd(name=/91, inputs=[/89, /90], perturbed=True)
  (/input-16): BoundConv(name=/input-16, inputs=[/91, /51, /52], perturbed=True)
  (/input-20): BoundRelu(name=/input-20, inputs=[/input-16], perturbed=True)
  (/94): BoundConv(name=/94, inputs=[/input-20, /53, /54], perturbed=True)
  (/95): BoundAdd(name=/95, inputs=[/94, /91], perturbed=True)
  (/input-24): BoundConv(name=/input-24, inputs=[/95, /55, /56], perturbed=True)
  (/input-28): BoundRelu(name=/input-28, inputs=[/input-24], perturbed=True)
  (/98): BoundConv(name=/98, inputs=[/input-28, /57, /58], perturbed=True)
  (/99): BoundAdd(name=/99, inputs=[/98, /95], perturbed=True)
  (/input-32): BoundConv(name=/input-32, inputs=[/99, /59, /60], perturbed=True)
  (/input-36): BoundRelu(name=/input-36, inputs=[/input-32], perturbed=True)
  (/102): BoundConv(name=/102, inputs=[/input-36, /61, /62], perturbed=True)
  (/103): BoundAdd(name=/103, inputs=[/102, /99], perturbed=True)
  (/input-40): BoundConv(name=/input-40, inputs=[/103, /63, /64], perturbed=True)
  (/input-44): BoundRelu(name=/input-44, inputs=[/input-40], perturbed=True)
  (/106): BoundConv(name=/106, inputs=[/input-44, /65, /66], perturbed=True)
  (/107): BoundConv(name=/107, inputs=[/103, /67, /68], perturbed=True)
  (/108): BoundAdd(name=/108, inputs=[/106, /107], perturbed=True)
  (/input-48): BoundConv(name=/input-48, inputs=[/108, /69, /70], perturbed=True)
  (/input-52): BoundRelu(name=/input-52, inputs=[/input-48], perturbed=True)
  (/111): BoundConv(name=/111, inputs=[/input-52, /71, /72], perturbed=True)
  (/112): BoundAdd(name=/112, inputs=[/111, /108], perturbed=True)
  (/input-56): BoundConv(name=/input-56, inputs=[/112, /73, /74], perturbed=True)
  (/input-60): BoundRelu(name=/input-60, inputs=[/input-56], perturbed=True)
  (/115): BoundConv(name=/115, inputs=[/input-60, /75, /76], perturbed=True)
  (/116): BoundAdd(name=/116, inputs=[/115, /112], perturbed=True)
  (/input-64): BoundConv(name=/input-64, inputs=[/116, /77, /78], perturbed=True)
  (/input-68): BoundRelu(name=/input-68, inputs=[/input-64], perturbed=True)
  (/119): BoundConv(name=/119, inputs=[/input-68, /79, /80], perturbed=True)
  (/120): BoundAdd(name=/120, inputs=[/119, /116], perturbed=True)
  (/121): BoundFlatten(name=/121, inputs=[/120], perturbed=True)
  (/input-72): BoundLinear(name=/input-72, inputs=[/121, /81, /82], perturbed=True)
  (/123): BoundRelu(name=/123, inputs=[/input-72], perturbed=True)
  (/124): BoundLinear(name=/124, inputs=[/123, /83, /84], perturbed=True)
)
Original output: tensor([[-27.91917419, -22.96673393, -22.13986397, -25.44736671, -22.50574303,
         -22.18515968, -22.67990494, -22.99917221, -23.21056557, -24.69005203,
         -23.46445847, -20.98421097, -22.00133514, -26.18742943, -24.99686623,
         -23.56021118, -25.85821152, -24.11392593, -23.59372330, -21.48846626,
         -24.05097771, -19.88167000, -22.41471481, -25.02856827, -21.86490822,
         -22.28593445, -21.33695793, -17.29419708, -20.65600586, -19.49269485,
         -21.77825737, -23.30052185, -20.11251640, -20.78508949, -23.28219986,
         -20.08877563, -25.76266098, -22.14230537, -23.24594307, -22.11913300,
         -19.12303925, -24.40696335, -20.35081291, -23.95065498, -27.33026695,
         -24.63248444, -24.24683571, -22.66057587, -20.25817108, -15.66194439,
         -19.39545822, -18.62845039, -20.71077538, -18.09853745, -21.66044617,
         -18.79677200, -19.17145157, -17.92715073, -22.07589531, -19.25129128,
         -19.62136459, -20.61218071, -20.70749092, -16.47511101, -18.78480721,
         -14.79633617, -21.85061836, -18.01534271, -22.01538658, -20.61453819,
         -14.92829514, -20.58116722, -17.43120003, -19.42895126, -20.93196869,
         -18.93485069, -21.33659554, -21.15463638, -18.91297913, -19.81599998,
         -18.84574318, -19.43504906, -18.98179436, -21.42598915, -15.46982002,
         -23.73979568, -18.33414459, -20.98129082, -16.05167389, -20.81255341,
         -22.58235359, -22.83898544, -20.36957359, -20.02637100, -16.63380432,
         -16.38431740, -18.16130829, -17.15888405, -17.05786514, -21.43665504,
         -16.82799339, -20.74807549, -18.02954483, -14.21629906, -20.12870216,
         -20.82439232, -19.04973602, -16.24092674, -20.17480278, -19.82164764,
         -19.78925705, -17.60957146, -18.04570770, -21.80574608, -16.95246696,
         -19.02616501, -13.67518520, -22.92758751, -19.16255951, -16.91354752,
         -19.72192192, -12.18652344, -21.03367424, -21.31129646, -21.75080681,
         -19.18123055, -23.27757263, -15.57270622, -19.82152557, -16.79114723,
         -21.03060150, -20.97099304, -21.19764137, -10.36800194, -24.18160820,
         -18.45973587, -19.96498299, -14.96367073, -18.99009895, -17.68322563,
         -20.28709602, -21.18682671, -19.08600426, -21.01773071, -20.07111359,
         -18.82877922, -17.12497520, -16.66583824, -18.64006805, -20.11557388,
         -19.85012436, -24.86083031, -23.42889786, -16.03071976, -21.42396927,
         -20.30324745, -20.53820992, -19.91876411, -18.81494141, -19.92834663,
         -20.32202148, -20.46877861, -18.56375313, -15.46062279, -16.52932549,
         -20.69943047, -15.65433216, -20.80058289, -19.24576759, -21.38109779,
         -18.81564140, -17.98357964, -18.32412910, -20.08288383, -19.88136292,
         -22.23699951, -22.47200584, -25.87888145, -20.61437607, -23.11048508,
         -20.21987915, -21.85950279, -24.27000237, -22.51909447, -24.42624855,
         -23.39742851, -22.25698280, -22.01739311, -22.51745224, -25.19703293,
         -23.69987488, -27.08736992, -28.23881531, -22.81618500, -20.01754951,
         -21.50133324, -22.12625885, -16.91867256, -19.37501144, -19.43352509]],
       device='cuda:0')
Split layers:
Nonlinear functions:
   BoundRelu(name=/input-4, inputs=[/input], perturbed=True)
   BoundRelu(name=/input-12, inputs=[/input-8], perturbed=True)
   BoundRelu(name=/input-20, inputs=[/input-16], perturbed=True)
   BoundRelu(name=/input-28, inputs=[/input-24], perturbed=True)
   BoundRelu(name=/input-36, inputs=[/input-32], perturbed=True)
   BoundRelu(name=/input-44, inputs=[/input-40], perturbed=True)
   BoundRelu(name=/input-52, inputs=[/input-48], perturbed=True)
   BoundRelu(name=/input-60, inputs=[/input-56], perturbed=True)
   BoundRelu(name=/input-68, inputs=[/input-64], perturbed=True)
   BoundRelu(name=/123, inputs=[/input-72], perturbed=True)
layer /input-4 using sparse-features alpha with shape [795]; unstable size 795; total size 46656 ([1, 64, 27, 27])
layer /input-4 start_node /input-8 using sparse-spec alpha [2, 116, 1, 795] with unstable size 115 total_size 128 output_shape 128
layer /input-4 start_node /input-16 using sparse-spec alpha [2, 264, 1, 795] with unstable size 263 total_size 25088 output_shape (128, 14, 14)
layer /input-4 start_node /input-32 using sparse-spec alpha [2, 7, 1, 795] with unstable size 6 total_size 25088 output_shape (128, 14, 14)
layer /input-4 start_node /input-40 using sparse-spec alpha [2, 88, 1, 795] with unstable size 87 total_size 6272 output_shape torch.Size([128, 7, 7])
layer /input-4 start_node /input-72 using sparse-spec alpha [2, 75, 1, 795] with unstable size 74 total_size 200 output_shape torch.Size([200])
layer /input-4 start_node /124 using full alpha [2, 199, 1, 795] with unstable size None total_size 199 output_shape 199
layer /input-12 using sparse-features alpha with shape [547]; unstable size 547; total size 25088 ([1, 128, 14, 14])
layer /input-12 start_node /input-16 using sparse-spec alpha [2, 264, 1, 547] with unstable size 263 total_size 25088 output_shape (128, 14, 14)
layer /input-12 start_node /input-32 using sparse-spec alpha [2, 7, 1, 547] with unstable size 6 total_size 25088 output_shape (128, 14, 14)
layer /input-12 start_node /input-40 using sparse-spec alpha [2, 88, 1, 547] with unstable size 87 total_size 6272 output_shape torch.Size([128, 7, 7])
layer /input-12 start_node /input-72 using sparse-spec alpha [2, 75, 1, 547] with unstable size 74 total_size 200 output_shape torch.Size([200])
layer /input-12 start_node /124 using full alpha [2, 199, 1, 547] with unstable size None total_size 199 output_shape 199
layer /input-20 using sparse-features alpha with shape [263]; unstable size 263; total size 25088 ([1, 128, 14, 14])
layer /input-20 start_node /input-32 using sparse-spec alpha [2, 7, 1, 263] with unstable size 6 total_size 25088 output_shape (128, 14, 14)
layer /input-20 start_node /input-40 using sparse-spec alpha [2, 88, 1, 263] with unstable size 87 total_size 6272 output_shape (128, 7, 7)
layer /input-20 start_node /input-72 using sparse-spec alpha [2, 75, 1, 263] with unstable size 74 total_size 200 output_shape torch.Size([200])
layer /input-20 start_node /124 using full alpha [2, 199, 1, 263] with unstable size None total_size 199 output_shape 199
layer /input-28 using sparse-features alpha with shape [0]; unstable size 0; total size 25088 ([1, 128, 14, 14])
layer /input-28 start_node /input-32 using sparse-spec alpha [2, 7, 1, 0] with unstable size 6 total_size 25088 output_shape (128, 14, 14)
layer /input-28 start_node /input-40 using sparse-spec alpha [2, 88, 1, 0] with unstable size 87 total_size 6272 output_shape (128, 7, 7)
layer /input-28 start_node /input-72 using sparse-spec alpha [2, 75, 1, 0] with unstable size 74 total_size 200 output_shape torch.Size([200])
layer /input-28 start_node /124 using full alpha [2, 199, 1, 0] with unstable size None total_size 199 output_shape 199
layer /input-36 using sparse-features alpha with shape [6]; unstable size 6; total size 25088 ([1, 128, 14, 14])
layer /input-36 start_node /input-40 using sparse-spec alpha [2, 88, 1, 6] with unstable size 87 total_size 6272 output_shape (128, 7, 7)
layer /input-36 start_node /input-72 using sparse-spec alpha [2, 75, 1, 6] with unstable size 74 total_size 200 output_shape torch.Size([200])
layer /input-36 start_node /124 using full alpha [2, 199, 1, 6] with unstable size None total_size 199 output_shape 199
layer /input-44 using sparse-features alpha with shape [87]; unstable size 87; total size 6272 ([1, 128, 7, 7])
layer /input-44 start_node /input-72 using sparse-spec alpha [2, 75, 1, 87] with unstable size 74 total_size 200 output_shape torch.Size([200])
layer /input-44 start_node /124 using full alpha [2, 199, 1, 87] with unstable size None total_size 199 output_shape 199
layer /input-52 using sparse-features alpha with shape [0]; unstable size 0; total size 6272 ([1, 128, 7, 7])
layer /input-52 start_node /input-72 using sparse-spec alpha [2, 75, 1, 0] with unstable size 74 total_size 200 output_shape torch.Size([200])
layer /input-52 start_node /124 using full alpha [2, 199, 1, 0] with unstable size None total_size 199 output_shape 199
layer /input-60 using sparse-features alpha with shape [0]; unstable size 0; total size 6272 ([1, 128, 7, 7])
layer /input-60 start_node /input-72 using sparse-spec alpha [2, 75, 1, 0] with unstable size 74 total_size 200 output_shape torch.Size([200])
layer /input-60 start_node /124 using full alpha [2, 199, 1, 0] with unstable size None total_size 199 output_shape 199
layer /input-68 using sparse-features alpha with shape [0]; unstable size 0; total size 6272 ([1, 128, 7, 7])
layer /input-68 start_node /input-72 using sparse-spec alpha [2, 75, 1, 0] with unstable size 74 total_size 200 output_shape torch.Size([200])
layer /input-68 start_node /124 using full alpha [2, 199, 1, 0] with unstable size None total_size 199 output_shape 199
layer /123 using sparse-features alpha with shape [74]; unstable size 74; total size 200 ([1, 200])
layer /123 start_node /124 using full alpha [2, 199, 1, 74] with unstable size None total_size 199 output_shape 199
Optimizable variables initialized.
initial CROWN bounds: tensor([[13.64578533,  9.02440071,  8.05752659, 11.16102219,  8.59824753,
          8.30051517,  8.89516449,  9.14403725,  9.33763027, 10.58396149,
          9.52388954,  7.04713917,  8.41366386, 12.43458462, 11.45014191,
          9.64313698, 12.05670547, 10.18022537,  9.77726746,  7.37772512,
          9.78116322,  6.07135391,  8.32910156, 10.84897709,  8.09164906,
          8.38720322,  7.27766371,  3.70663166,  6.98530817,  5.56729507,
          7.90317106,  9.58721066,  6.62578440,  7.18997097,  9.76750374,
          6.17612267, 11.59283543,  7.89899921,  8.92619801,  8.40450191,
          5.72891903, 10.42253494,  6.87412453, 10.03257465, 13.36072922,
         10.61126041, 10.35929871,  9.02161980,  6.67965412,  2.14833164,
          5.76066446,  4.79629612,  6.51637173,  4.48604584,  7.68334961,
          4.96882629,  5.42988014,  4.41754627,  8.21010113,  5.45877075,
          5.59037066,  7.01227379,  7.22927523,  3.62530184,  5.03386497,
          1.41797543,  7.82441521,  4.61409044,  8.32664871,  6.81070805,
          1.73505163,  6.73724508,  3.69080734,  5.84367180,  7.42608452,
          5.36897087,  7.32057858,  7.59306049,  5.23692751,  6.56284428,
          5.47158051,  6.00267601,  5.56971931,  7.51194000,  1.77223873,
          9.99645042,  4.85656834,  7.55038261,  2.40814018,  7.16432381,
          8.79668045,  8.99319267,  6.38901520,  6.57405949,  3.35465550,
          2.77974033,  4.49477911,  3.60984421,  3.19994164,  7.81447697,
          3.44090080,  6.51314020,  4.25551081,  0.81145811,  6.79002666,
          7.37500000,  5.77919340,  2.39528847,  6.49199390,  6.41855717,
          5.94150400,  3.85038948,  4.64367676,  8.26105118,  3.71255064,
          5.64461756,  0.49632263,  8.97759438,  5.36672020,  3.40078402,
          6.24606323, -0.60808086,  7.44580841,  7.63422966,  7.84302902,
          5.58624554,  8.90230751,  2.39445686,  6.54039478,  3.26577091,
          7.45483494,  7.08684635,  7.47025251, 10.85791492,  5.04362869,
          6.38170433,  1.77979660,  5.33002377,  4.13074398,  6.40712833,
          7.31581879,  5.38348389,  7.28090858,  6.24236584,  5.76233101,
          3.08429623,  3.14114666,  5.17919970,  6.57638788,  6.27140713,
         11.22957706,  9.66416931,  2.54615259,  7.66585541,  6.79727745,
          6.66798306,  6.49169445,  5.34507370,  6.20822525,  6.70452309,
          6.69892454,  4.71374607,  2.39530039,  3.24794674,  6.96217442,
          2.64280701,  6.66765785,  5.42790127,  7.82684517,  4.76809120,
          4.20433998,  4.98660278,  6.40121698,  6.33599186,  8.42673302,
          8.80915451, 11.93658066,  7.03381157,  9.29115200,  6.70765400,
          8.07622051, 10.74605179,  8.89375973, 10.73537922,  9.41399193,
          8.63265324,  8.53399277,  8.86639690, 11.43723392,  9.96220970,
         13.41414928, 14.14024353,  9.42766666,  6.34386826,  7.78600121,
          8.60436058,  3.27397680,  5.61126041,  5.74777699]], device='cuda:0') None
prune_after_crown optimization in use: original label size = 199 pruned label size = 1
best_l after optimization: -0.4573664665222168
alpha/beta optimization time: 3.0791099071502686
initial alpha-crown bounds: tensor([[        inf,         inf,         inf,         inf,         inf,
                 inf,         inf,         inf,         inf,         inf,
                 inf,         inf,         inf,         inf,         inf,
                 inf,         inf,         inf,         inf,         inf,
                 inf,         inf,         inf,         inf,         inf,
                 inf,         inf,         inf,         inf,         inf,
                 inf,         inf,         inf,         inf,         inf,
                 inf,         inf,         inf,         inf,         inf,
                 inf,         inf,         inf,         inf,         inf,
                 inf,         inf,         inf,         inf,         inf,
                 inf,         inf,         inf,         inf,         inf,
                 inf,         inf,         inf,         inf,         inf,
                 inf,         inf,         inf,         inf,         inf,
                 inf,         inf,         inf,         inf,         inf,
                 inf,         inf,         inf,         inf,         inf,
                 inf,         inf,         inf,         inf,         inf,
                 inf,         inf,         inf,         inf,         inf,
                 inf,         inf,         inf,         inf,         inf,
                 inf,         inf,         inf,         inf,         inf,
                 inf,         inf,         inf,         inf,         inf,
                 inf,         inf,         inf,         inf,         inf,
                 inf,         inf,         inf,         inf,         inf,
                 inf,         inf,         inf,         inf,         inf,
                 inf,         inf,         inf,         inf,         inf,
                 inf, -0.45736647,         inf,         inf,         inf,
                 inf,         inf,         inf,         inf,         inf,
                 inf,         inf,         inf,         inf,         inf,
                 inf,         inf,         inf,         inf,         inf,
                 inf,         inf,         inf,         inf,         inf,
                 inf,         inf,         inf,         inf,         inf,
                 inf,         inf,         inf,         inf,         inf,
                 inf,         inf,         inf,         inf,         inf,
                 inf,         inf,         inf,         inf,         inf,
                 inf,         inf,         inf,         inf,         inf,
                 inf,         inf,         inf,         inf,         inf,
                 inf,         inf,         inf,         inf,         inf,
                 inf,         inf,         inf,         inf,         inf,
                 inf,         inf,         inf,         inf,         inf,
                 inf,         inf,         inf,         inf,         inf,
                 inf,         inf,         inf,         inf]], device='cuda:0')
Number of class (without rhs): 1 ; Worst class: (+ rhs) -0.4573664665222168
Total VNNLIB file length: 199, max property batch size: 200, total number of batches: 1
lA shape: [torch.Size([199, 1, 64, 27, 27]), torch.Size([199, 1, 128, 14, 14]), torch.Size([199, 1, 128, 14, 14]), torch.Size([199, 1, 128, 14, 14]), torch.Size([199, 1, 128, 14, 14]), torch.Size([199, 1, 128, 7, 7]), torch.Size([199, 1, 128, 7, 7]), torch.Size([199, 1, 128, 7, 7]), torch.Size([199, 1, 128, 7, 7]), torch.Size([199, 1, 200])]

Properties batch 0, size 199
Remaining timeout: 92.8714587688446
Verifying property 0 with 199 instances.
##### Instance 0 first 10 spec matrices: 
tensor([[[-1.,  0.,  0.,  ...,  0.,  0.,  0.]],

        [[ 0., -1.,  0.,  ...,  0.,  0.,  0.]],

        [[ 0.,  0., -1.,  ...,  0.,  0.,  0.]],

        ...,

        [[ 0.,  0.,  0.,  ...,  0.,  0.,  0.]],

        [[ 0.,  0.,  0.,  ...,  0.,  0.,  0.]],

        [[ 0.,  0.,  0.,  ...,  0.,  0.,  0.]]], dtype=torch.float64)
thresholds: tensor([0., 0., 0., 0., 0., 0., 0., 0., 0., 0.], device='cuda:0') ######
Initial alpha-CROWN verified for spec index tensor([  0,   1,   2,   3,   4,   5,   6,   7,   8,   9,  10,  11,  12,  13,
         14,  15,  16,  17,  18,  19,  20,  21,  22,  23,  24,  25,  26,  27,
         28,  29,  30,  31,  32,  33,  34,  35,  36,  37,  38,  39,  40,  41,
         42,  43,  44,  45,  46,  47,  48,  49,  50,  51,  52,  53,  54,  55,
         56,  57,  58,  59,  60,  61,  62,  63,  64,  65,  66,  67,  68,  69,
         70,  71,  72,  73,  74,  75,  76,  77,  78,  79,  80,  81,  82,  83,
         84,  85,  86,  87,  88,  89,  90,  91,  92,  93,  94,  95,  96,  97,
         98,  99, 100, 101, 102, 103, 104, 105, 106, 107, 108, 109, 110, 111,
        112, 113, 114, 115, 116, 117, 118, 119, 120, 122, 123, 124, 125, 126,
        127, 128, 129, 130, 131, 132, 133, 134, 135, 136, 137, 138, 139, 140,
        141, 142, 143, 144, 145, 146, 147, 148, 149, 150, 151, 152, 153, 154,
        155, 156, 157, 158, 159, 160, 161, 162, 163, 164, 165, 166, 167, 168,
        169, 170, 171, 172, 173, 174, 175, 176, 177, 178, 179, 180, 181, 182,
        183, 184, 185, 186, 187, 188, 189, 190, 191, 192, 193, 194, 195, 196,
        197, 198], device='cuda:0') with bound tensor([inf, inf, inf, inf, inf, inf, inf, inf, inf, inf, inf, inf, inf, inf, inf, inf, inf, inf, inf, inf, inf, inf, inf, inf,
        inf, inf, inf, inf, inf, inf, inf, inf, inf, inf, inf, inf, inf, inf, inf, inf, inf, inf, inf, inf, inf, inf, inf, inf,
        inf, inf, inf, inf, inf, inf, inf, inf, inf, inf, inf, inf, inf, inf, inf, inf, inf, inf, inf, inf, inf, inf, inf, inf,
        inf, inf, inf, inf, inf, inf, inf, inf, inf, inf, inf, inf, inf, inf, inf, inf, inf, inf, inf, inf, inf, inf, inf, inf,
        inf, inf, inf, inf, inf, inf, inf, inf, inf, inf, inf, inf, inf, inf, inf, inf, inf, inf, inf, inf, inf, inf, inf, inf,
        inf, inf, inf, inf, inf, inf, inf, inf, inf, inf, inf, inf, inf, inf, inf, inf, inf, inf, inf, inf, inf, inf, inf, inf,
        inf, inf, inf, inf, inf, inf, inf, inf, inf, inf, inf, inf, inf, inf, inf, inf, inf, inf, inf, inf, inf, inf, inf, inf,
        inf, inf, inf, inf, inf, inf, inf, inf, inf, inf, inf, inf, inf, inf, inf, inf, inf, inf, inf, inf, inf, inf, inf, inf,
        inf, inf, inf, inf, inf, inf], device='cuda:0').
Remaining spec index tensor([121], device='cuda:0') with bounds tensor([[-0.45736647]], device='cuda:0') need to verify.
Model prediction is: tensor([-27.91917419, -22.96673393, -22.13986397, -25.44736671, -22.50574303,
        -22.18515968, -22.67990494, -22.99917221, -23.21056557, -24.69005203,
        -23.46445847, -20.98421097, -22.00133514, -26.18742943, -24.99686623,
        -23.56021118, -25.85821152, -24.11392593, -23.59372330, -21.48846626,
        -24.05097771, -19.88167000, -22.41471481, -25.02856827, -21.86490822,
        -22.28593445, -21.33695793, -17.29419708, -20.65600586, -19.49269485,
        -21.77825737, -23.30052185, -20.11251640, -20.78508949, -23.28219986,
        -20.08877563, -25.76266098, -22.14230537, -23.24594307, -22.11913300,
        -19.12303925, -24.40696335, -20.35081291, -23.95065498, -27.33026695,
        -24.63248444, -24.24683571, -22.66057587, -20.25817108, -15.66194439,
        -19.39545822, -18.62845039, -20.71077538, -18.09853745, -21.66044617,
        -18.79677200, -19.17145157, -17.92715073, -22.07589531, -19.25129128,
        -19.62136459, -20.61218071, -20.70749092, -16.47511101, -18.78480721,
        -14.79633617, -21.85061836, -18.01534271, -22.01538658, -20.61453819,
        -14.92829514, -20.58116722, -17.43120003, -19.42895126, -20.93196869,
        -18.93485069, -21.33659554, -21.15463638, -18.91297913, -19.81599998,
        -18.84574318, -19.43504906, -18.98179436, -21.42598915, -15.46982002,
        -23.73979568, -18.33414459, -20.98129082, -16.05167389, -20.81255341,
        -22.58235359, -22.83898544, -20.36957359, -20.02637100, -16.63380432,
        -16.38431740, -18.16130829, -17.15888405, -17.05786514, -21.43665504,
        -16.82799339, -20.74807549, -18.02954483, -14.21629906, -20.12870216,
        -20.82439232, -19.04973602, -16.24092674, -20.17480278, -19.82164764,
        -19.78925705, -17.60957146, -18.04570770, -21.80574608, -16.95246696,
        -19.02616501, -13.67518520, -22.92758751, -19.16255951, -16.91354752,
        -19.72192192, -12.18652344, -21.03367424, -21.31129646, -21.75080681,
        -19.18123055, -23.27757263, -15.57270622, -19.82152557, -16.79114723,
        -21.03060150, -20.97099304, -21.19764137, -10.36800194, -24.18160820,
        -18.45973587, -19.96498299, -14.96367073, -18.99009895, -17.68322563,
        -20.28709602, -21.18682671, -19.08600426, -21.01773071, -20.07111359,
        -18.82877922, -17.12497520, -16.66583824, -18.64006805, -20.11557388,
        -19.85012436, -24.86083031, -23.42889786, -16.03071976, -21.42396927,
        -20.30324745, -20.53820992, -19.91876411, -18.81494141, -19.92834663,
        -20.32202148, -20.46877861, -18.56375313, -15.46062279, -16.52932549,
        -20.69943047, -15.65433216, -20.80058289, -19.24576759, -21.38109779,
        -18.81564140, -17.98357964, -18.32412910, -20.08288383, -19.88136292,
        -22.23699951, -22.47200584, -25.87888145, -20.61437607, -23.11048508,
        -20.21987915, -21.85950279, -24.27000237, -22.51909447, -24.42624855,
        -23.39742851, -22.25698280, -22.01739311, -22.51745224, -25.19703293,
        -23.69987488, -27.08736992, -28.23881531, -22.81618500, -20.01754951,
        -21.50133324, -22.12625885, -16.91867256, -19.37501144, -19.43352509],
       device='cuda:0')
build_with_refined_bounds batch [1/1]
setting alpha for layer /input-4 start_node /124 with alignment adjustment
setting alpha for layer /input-12 start_node /124 with alignment adjustment
setting alpha for layer /input-20 start_node /124 with alignment adjustment
setting alpha for layer /input-28 start_node /124 with alignment adjustment
setting alpha for layer /input-36 start_node /124 with alignment adjustment
setting alpha for layer /input-44 start_node /124 with alignment adjustment
setting alpha for layer /input-52 start_node /124 with alignment adjustment
setting alpha for layer /input-60 start_node /124 with alignment adjustment
setting alpha for layer /input-68 start_node /124 with alignment adjustment
setting alpha for layer /123 start_node /124 with alignment adjustment
all alpha initialized
directly get lb and ub from refined bounds
c shape: torch.Size([1, 1, 200])
lA shapes: [torch.Size([1, 1, 64, 27, 27]), torch.Size([1, 1, 128, 14, 14]), torch.Size([1, 1, 128, 14, 14]), torch.Size([1, 1, 128, 14, 14]), torch.Size([1, 1, 128, 14, 14]), torch.Size([1, 1, 128, 7, 7]), torch.Size([1, 1, 128, 7, 7]), torch.Size([1, 1, 128, 7, 7]), torch.Size([1, 1, 128, 7, 7]), torch.Size([1, 1, 200])]
(alpha-)CROWN with fixed intermediate bounds: tensor([[-0.45736647]], device='cuda:0') tensor([[inf]], device='cuda:0')
Intermediate layers: /input,/input-8,/input-16,/input-24,/input-32,/input-40,/input-48,/input-56,/input-64,/input-72,/124
Keeping alphas for these layers: ['/124']
Keeping alphas for these layers: ['/124']
Node /input-4 input 0: size torch.Size([64, 27, 27]) unstable 795
Node /input-12 input 0: size torch.Size([128, 14, 14]) unstable 544
Node /input-20 input 0: size torch.Size([128, 14, 14]) unstable 253
Node /input-28 input 0: size torch.Size([128, 14, 14]) unstable 0
Node /input-36 input 0: size torch.Size([128, 14, 14]) unstable 6
Node /input-44 input 0: size torch.Size([128, 7, 7]) unstable 82
Node /input-52 input 0: size torch.Size([128, 7, 7]) unstable 0
Node /input-60 input 0: size torch.Size([128, 7, 7]) unstable 0
Node /input-68 input 0: size torch.Size([128, 7, 7]) unstable 0
Node /123 input 0: size torch.Size([200]) unstable 71
-----------------
# of unstable neurons: 1751
-----------------

BaB round 1
batch: 1
splitting decisions: 
split level 0: [/input-72, 97] 
split level 1: [/input-72, 92] 
split level 2: [/input-72, 160] 
split level 3: [/input-72, 185] 
pruning_in_iteration open status: True
ratio of positive domain = 12 / 16 = 0.75
pruning-in-iteration extra time: 0.006415605545043945
Time: prepare 0.0004    bound 0.1963    transfer 0.0155    finalize 0.0076    func 0.2199    
Accumulated time: func 0.2199    prepare 0.0009    bound 0.1963    transfer 0.0155    finalize 0.0076    
Current worst splitting domains lb-rhs (depth):
-0.22283 (4), -0.20968 (4), -0.08571 (4), -0.07987 (4), 
Length of domains: 4
Time: pickout 0.0006    decision 0.1330    set_bounds 0.0012    solve 0.2200    add 0.0020    
Accumulated time: pickout 0.0006    decision 0.1330    set_bounds 0.0012    solve 0.2200    add 0.0020    
Current (lb-rhs): -0.22282958030700684
4 domains visited
Cumulative time: 1.049429178237915

BaB round 2
batch: 4
splitting decisions: 
split level 0: [/input-72, 144] [/input-72, 26] [/input-72, 144] [/input-72, 26] 
split level 1: [/input-72, 26] [/input-72, 144] [/input-72, 26] [/input-72, 144] 
pruning_in_iteration open status: True
ratio of positive domain = 10 / 16 = 0.625
pruning-in-iteration extra time: 0.01115274429321289
Time: prepare 0.0007    bound 0.1632    transfer 0.0053    finalize 0.0037    func 0.1729    
Accumulated time: func 0.3928    prepare 0.0019    bound 0.3595    transfer 0.0208    finalize 0.0113    
Current worst splitting domains lb-rhs (depth):
-0.15258 (6), -0.13924 (6), -0.05909 (6), -0.05843 (6), -0.00985 (6), -0.00202 (6), 
Length of domains: 6
Time: pickout 0.0011    decision 0.0858    set_bounds 0.0011    solve 0.1729    add 0.0033    
Accumulated time: pickout 0.0017    decision 0.2188    set_bounds 0.0023    solve 0.3929    add 0.0053    
Current (lb-rhs): -0.15258216857910156
10 domains visited
Cumulative time: 1.313875675201416

BaB round 3
batch: 6
splitting decisions: 
split level 0: [/input-72, 189] [/input-72, 189] [/input-72, 189] [/input-72, 189] [/input-72, 189] [/input-72, 189] 
split level 1: [/input-72, 120] [/input-72, 120] [/input-72, 120] [/input-72, 120] [/input-72, 120] [/input-72, 120] 
pruning_in_iteration open status: True
ratio of positive domain = 22 / 24 = 0.9166666666666666
pruning-in-iteration extra time: 0.009326934814453125
Time: prepare 0.0008    bound 0.1707    transfer 0.0072    finalize 0.0006    func 0.1793    
Accumulated time: func 0.5721    prepare 0.0031    bound 0.5302    transfer 0.0280    finalize 0.0120    
Current worst splitting domains lb-rhs (depth):
-0.07642 (8), -0.06278 (8), 
Length of domains: 2
Time: pickout 0.0077    decision 0.0938    set_bounds 0.0013    solve 0.1794    add 0.0010    
Accumulated time: pickout 0.0094    decision 0.3126    set_bounds 0.0036    solve 0.5723    add 0.0063    
Current (lb-rhs): -0.0764169692993164
12 domains visited
Cumulative time: 1.5974583625793457

BaB round 4
batch: 2
splitting decisions: 
split level 0: [/input-72, 63] [/input-72, 63] 
split level 1: [/input-72, 41] [/input-72, 41] 
split level 2: [/input-72, 25] [/input-72, 25] 

all verified at 0th iter
pruning_in_iteration open status: False
ratio of positive domain = 16 / 16 = 1.0
pruning-in-iteration extra time: 3.3855438232421875e-05
Time: prepare 0.0006    bound 0.0092    transfer 0.0014    finalize 0.0003    func 0.0116    
Accumulated time: func 0.5837    prepare 0.0040    bound 0.5394    transfer 0.0294    finalize 0.0123    
Length of domains: 0
Time: pickout 0.0008    decision 0.0468    set_bounds 0.0014    solve 0.0116    add 0.0000    
Accumulated time: pickout 0.0102    decision 0.3594    set_bounds 0.0049    solve 0.5839    add 0.0064    
No domains left, verification finished!
Current (lb-rhs): 1.0000000116860974e-07
12 domains visited
Cumulative time: 1.6582353115081787

Result: unsat
Time: 9.095816135406494

------------------------- COMMAND ------------------------------
/data1/Kane/miniconda3/envs/GenBaB/bin/python /data1/Kane/GenBaB/alpha-beta-CROWN/complete_verifier/abcrown.py --config /data1/Kane/GenBaB/alpha-beta-CROWN/complete_verifier/exp_configs/vnncomp24/tinyimagenet.yaml --precompile_jit --onnx_path /data1/Kane/data/vnncomp2025_benchmarks/benchmarks/tinyimagenet_2024/onnx/TinyImageNet_resnet_medium.onnx --vnnlib_path /data1/Kane/data/vnncomp2025_benchmarks/benchmarks/tinyimagenet_2024/vnnlib/TinyImageNet_resnet_medium_prop_idx_3558_sidx_7280_eps_0.0039.vnnlib --results_file /data1/Kane/ACT/audit_results/abcrown_nopgd_20260525/tinyimagenet_2024/0120__TinyImageNet_resnet_medium__TinyImageNet_resnet_medium_prop_idx_3558_sidx_7280_eps_0.0039.result --timeout 100.0 --save_adv_example --pgd_order=skip
----------------------------------------------------------------

