[0;93m2026-05-26 15:41:15.347274511 [W:onnxruntime:Default, device_discovery.cc:325 DiscoverDevicesForPlatform] GPU device discovery failed: device_discovery.cc:92 ReadFileContents Failed to open file: "/sys/class/drm/card0/device/vendor"[m
Configurations:

general:
  device: cuda
  seed: 100
  conv_mode: patches
  deterministic: false
  double_fp: false
  loss_reduction_func: sum
  sparse_alpha: true
  sparse_interm: true
  save_adv_example: true
  verify_onnxruntime_output: false
  eval_adv_example: false
  show_adv_example: false
  precompile_jit: true
  prepare_only: false
  complete_verifier: bab
  enable_incomplete_verification: true
  csv_name: instances.csv
  results_file: /data1/Kane/ACT/audit_results/abcrown_nopgd_20260525/tinyimagenet_2024/0184__TinyImageNet_resnet_medium__TinyImageNet_resnet_medium_prop_idx_8173_sidx_1641_eps_0.0039.result
  root_path: ../../vnncomp2024_benchmarks/benchmarks/tinyimagenet
  deterministic_opt: false
  graph_optimizer: 'Customized("custom_graph_optimizer", "default_optimizer")'
  buffer_has_batchdim: false
  save_output: false
  output_file: out.pkl
  return_optimized_model: false
model:
  name: null
  path: null
  onnx_path: /data1/Kane/data/vnncomp2025_benchmarks/benchmarks/tinyimagenet_2024/onnx/TinyImageNet_resnet_medium.onnx
  onnx_path_prefix: ''
  cache_onnx_conversion: false
  debug_onnx: false
  onnx_quirks: null
  input_shape: null
  onnx_loader: default_onnx_and_vnnlib_loader
  onnx_optimization_flags: [merge_bn]
  onnx_vnnlib_joint_optimization_flags: none
  check_optimized: false
  flatten_final_output: false
  optimize_graph: null
  with_jacobian: false
data:
  start: 0
  end: 10000
  select_instance: null
  num_outputs: 10
  mean: 0.0
  std: 1.0
  pkl_path: null
  dataset: null
  data_filter_path: null
  data_idx_file: null
specification:
  type: lp
  robustness_type: verified-acc
  norm: .inf
  epsilon: null
  epsilon_min: 0.0
  vnnlib_path: /data1/Kane/data/vnncomp2025_benchmarks/benchmarks/tinyimagenet_2024/vnnlib/TinyImageNet_resnet_medium_prop_idx_8173_sidx_1641_eps_0.0039.vnnlib
  vnnlib_path_prefix: ''
  rhs_offset: null
solver:
  batch_size: 256
  auto_enlarge_batch_size: false
  min_batch_size_ratio: 0.1
  use_float64_in_last_iteration: false
  early_stop_patience: 10
  start_save_best: 0.5
  bound_prop_method: alpha-crown
  init_bound_prop_method: same
  prune_after_crown: true
  optimize_disjuncts_separately: false
  crown:
    batch_size: 1000000000
    max_crown_size: 1000000000
    activation_bound_option: adaptive
    compare_crown_with_ibp: false
  alpha-crown:
    alpha: true
    lr_alpha: 0.25
    iteration: 20
    share_alphas: false
    lr_decay: 0.98
    full_conv_alpha: true
    max_coeff_mul: .inf
    matmul_share_alphas: false
    disable_optimization: []
    max_time: 1.0
  invprop:
    apply_output_constraints_to: []
    tighten_input_bounds: false
    best_of_oc_and_no_oc: false
    directly_optimize: []
    oc_lr: 0.1
    share_gammas: false
  beta-crown:
    lr_alpha: 0.1
    lr_beta: 0.15
    lr_decay: 0.98
    optimizer: adam
    iteration: 8
    beta: true
    beta_warmup: true
    enable_opt_interm_bounds: false
    all_node_split_LP: false
  forward:
    refine: false
    max_dim: 10000
    reset_threshold: 1.0
  multi_class:
    label_batch_size: 32
    skip_with_refined_bound: true
  mip:
    unstable_neuron_threshold: 0
    parallel_solvers: null
    solver_threads: 1
    refine_neuron_timeout: 15
    refine_neuron_time_percentage: 0.8
    early_stop: true
    adv_warmup: true
    mip_solver: gurobi
    skip_unsafe: false
    topk_filter: 1.0
    sliding_window: -1
    extra_constraint: false
    refine_neuron_timeout_increasement: 0
    timeout_neuron_percentage: 0.3
    remaining_timeout_threshold: 1
    remove_unstable_neurons: false
    lp_solver: false
bab:
  initial_max_domains: 200
  backing_up_max_domain: null
  max_domains: .inf
  decision_thresh: 0
  timeout: 100.0
  timeout_scale: 1
  max_iterations: -1
  override_timeout: null
  get_upper_bound: false
  pruning_in_iteration: true
  pruning_in_iteration_ratio: 0.2
  sort_targets: false
  batched_domain_list: true
  optimized_interm: ''
  interm_transfer: false
  recompute_interm: false
  sort_domain_interval: -1
  vanilla_crown: false
  tree_traversal: depth_first
  cut:
    enabled: false
    cuts_path: /tmp/abcrown_cuts
    implication: false
    bab_cut: false
    lp_cut: false
    method: null
    lr: 0.01
    lr_decay: 1.0
    iteration: 100
    bab_iteration: -1
    early_stop_patience: -1
    lr_beta: 0.02
    number_cuts: 50
    topk_cuts_in_filter: 1000
    batch_size_primal: 100
    max_num: 1000000000
    patches_cut: false
    cplex_cuts: false
    cplex_cuts_wait: 0
    cplex_cuts_revpickup: true
    cut_reference_bounds: true
    fix_intermediate_bounds: false
    biccos:
      enabled: false
      constraint_strengthening: true
      recursively_strengthening: false
      drop_ratio: 0.5
      verified_bonus: 0.3
      max_infer_iter: 20
      heuristic: neuron_influence_score
      save_biccos_cuts: false
      multi_tree_branching:
        enabled: false
        restore_best_tree: false
        keep_n_best_domains: 1
        k_splits: 1
        iterations: 1
  branching:
    method: kfsb
    candidates: 7
    reduceop: max
    enable_intermediate_bound_opt: false
    branching_input_and_activation: false
    branching_input_and_activation_order: [input, relu]
    branching_input_iterations: 30
    branching_relu_iterations: 50
    nonlinear_split:
      method: bbps
      disable: false
      branching_point_method: uniform
      num_branches: 2
      filter: false
      filter_beta: false
      filter_clamp: false
      filter_batch_size: 10000
      filter_iterations: 25
      relu_only: false
      loose_tanh_threshold: null
      branching_point:
        db_path: branching_points.pt
        num_iterations: 1000
        batch_size: 1000000
        range_l: -5.0
        range_u: 5.0
        log_interval: 100
        step_size_1d: 0.01
        step_size: 0.2
    input_split:
      enable_clip_domains: false
      split_hint: null
      reorder_bab: false
      enable: false
      enhanced_bound_prop_method: alpha-crown
      enhanced_branching_method: naive
      enhanced_bound_patience: 100000000.0
      attack_patience: 100000000.0
      adv_check: 0
      split_partitions: 2
      sb_margin_weight: 1.0
      sb_sum: false
      sb_primary_spec: null
      bf_backup_thresh: -1
      bf_rhs_offset: 0
      bf_iters: 1000000000.0
      bf_batch_size: 100000
      bf_zero_crossing_score: false
      touch_zero_score: 0
      ibp_enhancement: false
      compare_with_old_bounds: false
      update_rhs_with_attack: false
      sb_coeff_thresh: 0.001
      sort_index: null
      sort_descending: true
      show_progress: false
      presplit_domains: null
      skip_getting_worst_domain: false
  attack:
    enabled: false
    beam_candidates: 8
    beam_depth: 7
    max_dive_fix_ratio: 0.8
    min_local_free_ratio: 0.2
    mip_start_iteration: 5
    mip_timeout: 30.0
    adv_pool_threshold: null
    refined_mip_attacker: false
    refined_batch_size: null
attack:
  pgd_order: skip
  pgd_steps: 100
  pgd_restarts: 10
  pgd_batch_size: 100000000
  pgd_early_stop: true
  pgd_lr_decay: 0.99
  pgd_alpha: auto
  pgd_alpha_scale: false
  pgd_loss_mode: null
  pgd_restart_when_stuck: false
  enable_mip_attack: false
  adv_saver: default_adv_saver
  adv_verifier: default_adv_verifier
  early_stop_condition: default_early_stop_condition
  adv_example_finalizer: default_adv_example_finalizer
  pgd_loss: default_pgd_loss
  cex_path: ./test_cex.txt
  attack_mode: PGD
  attack_tolerance: 0.0
  attack_func: attack_with_general_specs
  gama_lambda: 10.0
  gama_decay: 0.9
  check_clean: false
  input_split:
    pgd_steps: 100
    pgd_restarts: 30
    pgd_alpha: auto
  input_split_enhanced:
    pgd_steps: 200
    pgd_restarts: 500000
    pgd_alpha: auto
  input_split_check_adv:
    enabled: auto
    pgd_steps: 5
    pgd_restarts: 5
    pgd_alpha: auto
    max_num_domains: 10
debug:
  view_model: false
  lp_test: null
  rescale_vnnlib_ptb: null
  test_optimized_bounds: false
  test_optimized_bounds_after_n_iterations: 0
  print_verbose_decisions: false
  sanity_check: null
  save_minimal_config: null
  save_minimal_config_omit_keys: []

Experiments at Tue May 26 15:41:16 2026 on dell-pro-max-tower-t2
Pre-compile jit kernels on a toy network.../data1/Kane/miniconda3/envs/GenBaB/lib/python3.11/site-packages/onnx2pytorch/convert/model.py:151: UserWarning: Using experimental implementation that allows 'batch_size > 1'.Batchnorm layers could potentially produce false outputs.
  warnings.warn(
/data1/Kane/miniconda3/envs/GenBaB/lib/python3.11/site-packages/onnx2pytorch/utils.py:21: TracerWarning: Converting a tensor to a Python boolean might cause the trace to be incorrect. We can't record the data flow of Python values, so this value will be treated as a constant in the future. This means that the trace might not generalize to other inputs!
  return value.ndim == 0 or value.shape == torch.Size([1])
/data1/Kane/miniconda3/envs/GenBaB/lib/python3.11/site-packages/onnx2pytorch/operations/add.py:34: TracerWarning: Converting a tensor to a Python boolean might cause the trace to be incorrect. We can't record the data flow of Python values, so this value will be treated as a constant in the future. This means that the trace might not generalize to other inputs!
  elif all(x == 1 for x in input[0].shape):

JIT kernels compiled in 1.0704s.
Internal results will be saved to /data1/Kane/ACT/audit_results/abcrown_nopgd_20260525/tinyimagenet_2024/0184__TinyImageNet_resnet_medium__TinyImageNet_resnet_medium_prop_idx_8173_sidx_1641_eps_0.0039.result.

 %%%%%%%%%%%%%%%%%%%%%%%%%%%%%%%%%%% idx: 0, vnnlib ID: 0 %%%%%%%%%%%%%%%%%%%%%%%%%%%%%%%%%%%
Using onnx /data1/Kane/data/vnncomp2025_benchmarks/benchmarks/tinyimagenet_2024/onnx/TinyImageNet_resnet_medium.onnx
Using vnnlib /data1/Kane/data/vnncomp2025_benchmarks/benchmarks/tinyimagenet_2024/vnnlib/TinyImageNet_resnet_medium_prop_idx_8173_sidx_1641_eps_0.0039.vnnlib
9408 inputs and 200 outputs in vnnlib
Loading onnx /data1/Kane/data/vnncomp2025_benchmarks/benchmarks/tinyimagenet_2024/onnx/TinyImageNet_resnet_medium.onnx with quirks {}
Onnx optimization with flags: ['merge_bn']
Found existed optimized onnx model at /data1/Kane/data/vnncomp2025_benchmarks/benchmarks/tinyimagenet_2024/onnx/TinyImageNet_resnet_medium.onnx.optimized
Finished onnx model loading in 0.0794 seconds
Model: BoundedModule(
  (/input-1): BoundInput(name=/input-1, inputs=[], perturbed=True)
  (/43): BoundParams(name=/43, inputs=[], perturbed=False)
  (/44): BoundParams(name=/44, inputs=[], perturbed=False)
  (/45): BoundParams(name=/45, inputs=[], perturbed=False)
  (/46): BoundParams(name=/46, inputs=[], perturbed=False)
  (/47): BoundParams(name=/47, inputs=[], perturbed=False)
  (/48): BoundParams(name=/48, inputs=[], perturbed=False)
  (/49): BoundParams(name=/49, inputs=[], perturbed=False)
  (/50): BoundParams(name=/50, inputs=[], perturbed=False)
  (/51): BoundParams(name=/51, inputs=[], perturbed=False)
  (/52): BoundParams(name=/52, inputs=[], perturbed=False)
  (/53): BoundParams(name=/53, inputs=[], perturbed=False)
  (/54): BoundParams(name=/54, inputs=[], perturbed=False)
  (/55): BoundParams(name=/55, inputs=[], perturbed=False)
  (/56): BoundParams(name=/56, inputs=[], perturbed=False)
  (/57): BoundParams(name=/57, inputs=[], perturbed=False)
  (/58): BoundParams(name=/58, inputs=[], perturbed=False)
  (/59): BoundParams(name=/59, inputs=[], perturbed=False)
  (/60): BoundParams(name=/60, inputs=[], perturbed=False)
  (/61): BoundParams(name=/61, inputs=[], perturbed=False)
  (/62): BoundParams(name=/62, inputs=[], perturbed=False)
  (/63): BoundParams(name=/63, inputs=[], perturbed=False)
  (/64): BoundParams(name=/64, inputs=[], perturbed=False)
  (/65): BoundParams(name=/65, inputs=[], perturbed=False)
  (/66): BoundParams(name=/66, inputs=[], perturbed=False)
  (/67): BoundParams(name=/67, inputs=[], perturbed=False)
  (/68): BoundParams(name=/68, inputs=[], perturbed=False)
  (/69): BoundParams(name=/69, inputs=[], perturbed=False)
  (/70): BoundParams(name=/70, inputs=[], perturbed=False)
  (/71): BoundParams(name=/71, inputs=[], perturbed=False)
  (/72): BoundParams(name=/72, inputs=[], perturbed=False)
  (/73): BoundParams(name=/73, inputs=[], perturbed=False)
  (/74): BoundParams(name=/74, inputs=[], perturbed=False)
  (/75): BoundParams(name=/75, inputs=[], perturbed=False)
  (/76): BoundParams(name=/76, inputs=[], perturbed=False)
  (/77): BoundParams(name=/77, inputs=[], perturbed=False)
  (/78): BoundParams(name=/78, inputs=[], perturbed=False)
  (/79): BoundParams(name=/79, inputs=[], perturbed=False)
  (/80): BoundParams(name=/80, inputs=[], perturbed=False)
  (/81): BoundParams(name=/81, inputs=[], perturbed=False)
  (/82): BoundParams(name=/82, inputs=[], perturbed=False)
  (/83): BoundParams(name=/83, inputs=[], perturbed=False)
  (/84): BoundParams(name=/84, inputs=[], perturbed=False)
  (/input): BoundConv(name=/input, inputs=[/input-1, /43, /44], perturbed=True)
  (/input-4): BoundRelu(name=/input-4, inputs=[/input], perturbed=True)
  (/input-8): BoundConv(name=/input-8, inputs=[/input-4, /45, /46], perturbed=True)
  (/input-12): BoundRelu(name=/input-12, inputs=[/input-8], perturbed=True)
  (/89): BoundConv(name=/89, inputs=[/input-12, /47, /48], perturbed=True)
  (/90): BoundConv(name=/90, inputs=[/input-4, /49, /50], perturbed=True)
  (/91): BoundAdd(name=/91, inputs=[/89, /90], perturbed=True)
  (/input-16): BoundConv(name=/input-16, inputs=[/91, /51, /52], perturbed=True)
  (/input-20): BoundRelu(name=/input-20, inputs=[/input-16], perturbed=True)
  (/94): BoundConv(name=/94, inputs=[/input-20, /53, /54], perturbed=True)
  (/95): BoundAdd(name=/95, inputs=[/94, /91], perturbed=True)
  (/input-24): BoundConv(name=/input-24, inputs=[/95, /55, /56], perturbed=True)
  (/input-28): BoundRelu(name=/input-28, inputs=[/input-24], perturbed=True)
  (/98): BoundConv(name=/98, inputs=[/input-28, /57, /58], perturbed=True)
  (/99): BoundAdd(name=/99, inputs=[/98, /95], perturbed=True)
  (/input-32): BoundConv(name=/input-32, inputs=[/99, /59, /60], perturbed=True)
  (/input-36): BoundRelu(name=/input-36, inputs=[/input-32], perturbed=True)
  (/102): BoundConv(name=/102, inputs=[/input-36, /61, /62], perturbed=True)
  (/103): BoundAdd(name=/103, inputs=[/102, /99], perturbed=True)
  (/input-40): BoundConv(name=/input-40, inputs=[/103, /63, /64], perturbed=True)
  (/input-44): BoundRelu(name=/input-44, inputs=[/input-40], perturbed=True)
  (/106): BoundConv(name=/106, inputs=[/input-44, /65, /66], perturbed=True)
  (/107): BoundConv(name=/107, inputs=[/103, /67, /68], perturbed=True)
  (/108): BoundAdd(name=/108, inputs=[/106, /107], perturbed=True)
  (/input-48): BoundConv(name=/input-48, inputs=[/108, /69, /70], perturbed=True)
  (/input-52): BoundRelu(name=/input-52, inputs=[/input-48], perturbed=True)
  (/111): BoundConv(name=/111, inputs=[/input-52, /71, /72], perturbed=True)
  (/112): BoundAdd(name=/112, inputs=[/111, /108], perturbed=True)
  (/input-56): BoundConv(name=/input-56, inputs=[/112, /73, /74], perturbed=True)
  (/input-60): BoundRelu(name=/input-60, inputs=[/input-56], perturbed=True)
  (/115): BoundConv(name=/115, inputs=[/input-60, /75, /76], perturbed=True)
  (/116): BoundAdd(name=/116, inputs=[/115, /112], perturbed=True)
  (/input-64): BoundConv(name=/input-64, inputs=[/116, /77, /78], perturbed=True)
  (/input-68): BoundRelu(name=/input-68, inputs=[/input-64], perturbed=True)
  (/119): BoundConv(name=/119, inputs=[/input-68, /79, /80], perturbed=True)
  (/120): BoundAdd(name=/120, inputs=[/119, /116], perturbed=True)
  (/121): BoundFlatten(name=/121, inputs=[/120], perturbed=True)
  (/input-72): BoundLinear(name=/input-72, inputs=[/121, /81, /82], perturbed=True)
  (/123): BoundRelu(name=/123, inputs=[/input-72], perturbed=True)
  (/124): BoundLinear(name=/124, inputs=[/123, /83, /84], perturbed=True)
)
Original output: tensor([[-21.49145699, -22.34859657, -22.62433052, -20.73897934, -21.21544456,
         -19.73071480, -19.48455048, -19.09937859, -19.35098839, -19.72817421,
         -19.59427261, -21.83090019, -19.86105728, -22.38582420, -18.05821800,
         -17.58794403, -19.57757568, -19.84849167, -20.75172234, -17.76065636,
         -19.81135368, -18.84669304, -22.86480904, -22.96170998, -18.34513474,
         -17.12505722, -18.61721611, -16.62339020, -19.86657715, -14.61086845,
         -18.52883720, -17.80055618, -19.03256035, -18.39711571, -18.94028091,
         -15.63449574, -21.46210480, -21.70269394, -18.96050835, -22.91945457,
         -21.11719894, -18.12229156, -22.18440819, -24.39907265, -25.01218987,
         -23.48986435, -16.53778458, -17.10503387, -14.10328197, -14.51228046,
         -12.34714890, -20.36328125, -23.64047623, -17.72242928, -14.83005810,
         -14.95862103, -16.55692101, -17.52772331, -18.81174278, -19.40231895,
         -20.78887367, -21.67966270, -23.81015968, -21.38122940, -22.18257904,
         -19.11607742, -25.47383690, -18.98115540, -20.62744522, -20.64981651,
         -24.16230011, -24.11911964, -20.25347137, -20.67297173, -21.12976074,
         -17.20595741, -20.00686264, -16.92337418, -23.78471947, -21.07159042,
         -20.26600647, -26.51457596, -19.58818436, -18.94488525, -20.75626945,
         -18.14447403, -21.60802460, -22.48639679, -20.09802437, -17.37070465,
         -22.08328438, -15.93615818, -20.31805801, -21.44917297, -26.62211800,
         -24.95287132, -20.82942200, -24.90812492, -22.77257729, -22.02574348,
         -19.86676025, -23.63462830, -21.98474884, -22.67828369, -19.11505318,
         -17.05011749, -19.83929062, -25.53365517, -23.86228371, -20.41783714,
         -22.07968521, -25.22398376, -22.16147995, -20.96755791, -25.17329407,
         -25.90495110, -21.78711319, -22.07812500, -24.46045303, -19.87692261,
         -21.15302849, -22.79169464, -19.19992828, -18.78446388, -23.57763100,
         -21.06883430, -22.50682449, -22.24984932, -23.75796700, -21.97683525,
         -20.03332329, -18.28562546, -23.07744980, -25.77867126, -19.48889923,
         -21.51196671, -20.34152031, -21.68155861, -20.87622643, -24.05258369,
         -22.92299652, -20.55813599, -25.10842896, -23.57036209, -21.62140465,
         -24.00516891, -28.75373077, -20.40566254, -21.15810966, -18.02312851,
         -18.03759193, -20.91948509, -21.91302490, -28.18839264, -26.77217865,
         -22.82346916, -18.12191200, -23.40309715, -20.20282745, -21.68350220,
         -19.80299950, -18.07205391, -17.89298439, -17.82714462, -23.78088951,
         -21.39243507, -27.56202698, -20.87389755, -17.85404968, -20.21929359,
         -22.86196136, -20.36903763, -21.27789497, -24.46624184, -18.69600487,
         -19.87616920, -23.26078224, -20.12336540, -22.62315369, -20.78605080,
         -18.68917847, -20.00539017, -18.55965614, -18.26535988, -20.12902451,
         -20.87010002, -21.79827881, -23.16377831, -21.35780525, -20.67999268,
         -19.00737381, -22.19970512, -22.85211182, -21.72652435, -25.96308517,
         -22.38136101, -19.68070221, -23.97767448, -25.59445572, -15.78546143]],
       device='cuda:0')
Split layers:
Nonlinear functions:
   BoundRelu(name=/input-4, inputs=[/input], perturbed=True)
   BoundRelu(name=/input-12, inputs=[/input-8], perturbed=True)
   BoundRelu(name=/input-20, inputs=[/input-16], perturbed=True)
   BoundRelu(name=/input-28, inputs=[/input-24], perturbed=True)
   BoundRelu(name=/input-36, inputs=[/input-32], perturbed=True)
   BoundRelu(name=/input-44, inputs=[/input-40], perturbed=True)
   BoundRelu(name=/input-52, inputs=[/input-48], perturbed=True)
   BoundRelu(name=/input-60, inputs=[/input-56], perturbed=True)
   BoundRelu(name=/input-68, inputs=[/input-64], perturbed=True)
   BoundRelu(name=/123, inputs=[/input-72], perturbed=True)
layer /input-4 using sparse-features alpha with shape [715]; unstable size 715; total size 46656 ([1, 64, 27, 27])
layer /input-4 start_node /input-8 using sparse-spec alpha [2, 107, 1, 715] with unstable size 106 total_size 128 output_shape 128
layer /input-4 start_node /input-16 using sparse-spec alpha [2, 302, 1, 715] with unstable size 301 total_size 25088 output_shape (128, 14, 14)
layer /input-4 start_node /input-32 using sparse-spec alpha [2, 19, 1, 715] with unstable size 18 total_size 25088 output_shape (128, 14, 14)
layer /input-4 start_node /input-40 using sparse-spec alpha [2, 110, 1, 715] with unstable size 109 total_size 6272 output_shape torch.Size([128, 7, 7])
layer /input-4 start_node /input-72 using sparse-spec alpha [2, 79, 1, 715] with unstable size 78 total_size 200 output_shape torch.Size([200])
layer /input-4 start_node /124 using full alpha [2, 199, 1, 715] with unstable size None total_size 199 output_shape 199
layer /input-12 using sparse-features alpha with shape [602]; unstable size 602; total size 25088 ([1, 128, 14, 14])
layer /input-12 start_node /input-16 using sparse-spec alpha [2, 302, 1, 602] with unstable size 301 total_size 25088 output_shape (128, 14, 14)
layer /input-12 start_node /input-32 using sparse-spec alpha [2, 19, 1, 602] with unstable size 18 total_size 25088 output_shape (128, 14, 14)
layer /input-12 start_node /input-40 using sparse-spec alpha [2, 110, 1, 602] with unstable size 109 total_size 6272 output_shape torch.Size([128, 7, 7])
layer /input-12 start_node /input-72 using sparse-spec alpha [2, 79, 1, 602] with unstable size 78 total_size 200 output_shape torch.Size([200])
layer /input-12 start_node /124 using full alpha [2, 199, 1, 602] with unstable size None total_size 199 output_shape 199
layer /input-20 using sparse-features alpha with shape [301]; unstable size 301; total size 25088 ([1, 128, 14, 14])
layer /input-20 start_node /input-32 using sparse-spec alpha [2, 19, 1, 301] with unstable size 18 total_size 25088 output_shape (128, 14, 14)
layer /input-20 start_node /input-40 using sparse-spec alpha [2, 110, 1, 301] with unstable size 109 total_size 6272 output_shape (128, 7, 7)
layer /input-20 start_node /input-72 using sparse-spec alpha [2, 79, 1, 301] with unstable size 78 total_size 200 output_shape torch.Size([200])
layer /input-20 start_node /124 using full alpha [2, 199, 1, 301] with unstable size None total_size 199 output_shape 199
layer /input-28 using sparse-features alpha with shape [0]; unstable size 0; total size 25088 ([1, 128, 14, 14])
layer /input-28 start_node /input-32 using sparse-spec alpha [2, 19, 1, 0] with unstable size 18 total_size 25088 output_shape (128, 14, 14)
layer /input-28 start_node /input-40 using sparse-spec alpha [2, 110, 1, 0] with unstable size 109 total_size 6272 output_shape (128, 7, 7)
layer /input-28 start_node /input-72 using sparse-spec alpha [2, 79, 1, 0] with unstable size 78 total_size 200 output_shape torch.Size([200])
layer /input-28 start_node /124 using full alpha [2, 199, 1, 0] with unstable size None total_size 199 output_shape 199
layer /input-36 using sparse-features alpha with shape [18]; unstable size 18; total size 25088 ([1, 128, 14, 14])
layer /input-36 start_node /input-40 using sparse-spec alpha [2, 110, 1, 18] with unstable size 109 total_size 6272 output_shape (128, 7, 7)
layer /input-36 start_node /input-72 using sparse-spec alpha [2, 79, 1, 18] with unstable size 78 total_size 200 output_shape torch.Size([200])
layer /input-36 start_node /124 using full alpha [2, 199, 1, 18] with unstable size None total_size 199 output_shape 199
layer /input-44 using sparse-features alpha with shape [109]; unstable size 109; total size 6272 ([1, 128, 7, 7])
layer /input-44 start_node /input-72 using sparse-spec alpha [2, 79, 1, 109] with unstable size 78 total_size 200 output_shape torch.Size([200])
layer /input-44 start_node /124 using full alpha [2, 199, 1, 109] with unstable size None total_size 199 output_shape 199
layer /input-52 using sparse-features alpha with shape [0]; unstable size 0; total size 6272 ([1, 128, 7, 7])
layer /input-52 start_node /input-72 using sparse-spec alpha [2, 79, 1, 0] with unstable size 78 total_size 200 output_shape torch.Size([200])
layer /input-52 start_node /124 using full alpha [2, 199, 1, 0] with unstable size None total_size 199 output_shape 199
layer /input-60 using sparse-features alpha with shape [0]; unstable size 0; total size 6272 ([1, 128, 7, 7])
layer /input-60 start_node /input-72 using sparse-spec alpha [2, 79, 1, 0] with unstable size 78 total_size 200 output_shape torch.Size([200])
layer /input-60 start_node /124 using full alpha [2, 199, 1, 0] with unstable size None total_size 199 output_shape 199
layer /input-68 using sparse-features alpha with shape [0]; unstable size 0; total size 6272 ([1, 128, 7, 7])
layer /input-68 start_node /input-72 using sparse-spec alpha [2, 79, 1, 0] with unstable size 78 total_size 200 output_shape torch.Size([200])
layer /input-68 start_node /124 using full alpha [2, 199, 1, 0] with unstable size None total_size 199 output_shape 199
layer /123 using sparse-features alpha with shape [78]; unstable size 78; total size 200 ([1, 200])
layer /123 start_node /124 using full alpha [2, 199, 1, 78] with unstable size None total_size 199 output_shape 199
Optimizable variables initialized.
initial CROWN bounds: tensor([[ 4.73882914,  5.02161026,  5.47419214,  3.80403233,  4.73381805,
          3.08678532,  2.99598551,  2.41645479,  2.88898993,  3.38273025,
          3.07132936,  5.26101685,  3.42626762,  5.76340246,  1.75598943,
          0.97765493,  3.13032150,  2.72468472,  4.38117790,  1.61582041,
          3.52983594,  2.48978233,  6.56834745,  6.86480618,  1.75543451,
          0.58454418,  2.51767349,  0.40686512,  3.14172935, -1.35426950,
          2.05859232,  1.35023308,  2.33697844,  2.51462889,  2.90218449,
          0.19378519,  4.54424953,  5.10326195,  2.43168402,  6.04129314,
          4.34597683,  1.39672089,  4.90455437,  7.18488646,  7.86642218,
          6.77233601,  0.47560799,  0.43405473, -1.44791460, -0.55946088,
          4.96777821,  7.76267099,  2.07816029, -1.40687132, -1.29309750,
          0.85690022,  2.48505878,  2.27813363,  2.50295639,  4.17853260,
          5.46953487,  6.79211044,  4.45924473,  5.24131393,  2.00525379,
          8.64905071,  2.19145107,  3.91167545,  3.59479570,  7.31121969,
          6.53496647,  3.51878071,  3.56164694,  4.23725891,  0.14050937,
          3.01765013, -0.13888824,  6.98130798,  4.68493700,  3.34655333,
          9.41647720,  2.85917807,  1.76618052,  4.02559757,  1.48656011,
          4.45055580,  5.38844299,  3.54449892,  0.87910676,  5.12754822,
          0.06048220,  3.37646198,  4.40634632,  9.47994614,  7.24818230,
          4.09344864,  7.03511238,  5.60705137,  4.91960859,  2.99245548,
          6.96644211,  5.05097961,  5.74452114,  2.41730404,  0.44652319,
          3.50201702,  8.21064758,  5.81325436,  3.26712465,  4.82728577,
          8.49024391,  5.31009102,  4.22877216,  8.17332458,  8.50574112,
          4.81583595,  5.30985928,  7.95444250,  3.44237781,  3.90632343,
          6.30048180,  2.56794834,  1.77010965,  6.87825251,  4.15789652,
          5.27270937,  5.15795755,  6.62469673,  5.47620678,  2.96761203,
          1.32864666,  6.10236406,  8.90439606,  2.84106445,  4.19307423,
          3.02978182,  4.97743320,  3.93890667,  6.84880447,  5.79886150,
          3.59301305,  7.94134712,  6.95923853,  4.91640282,  7.17261839,
         11.31105614,  3.51735306,  4.11849642,  1.61977756,  1.20424557,
          3.67643404,  5.42280006, 10.93861961,  9.69316864,  5.34693575,
          1.02375698,  6.17116356,  2.74946308,  4.39263630,  2.56434727,
          1.72877359,  1.78071880,  0.38695049,  6.98050547,  5.19766140,
         10.40261269,  4.21469688,  1.11513233,  3.33462858,  6.50816011,
          3.36935472,  4.38751411,  8.12256908,  1.56747580,  3.08504486,
          6.66619825,  3.42242193,  5.75534821,  4.04620934,  1.58542705,
          3.13559628,  2.16789722,  1.34684920,  3.21551991,  4.43620682,
          4.44616795,  6.08119631,  4.45224190,  3.57195044,  2.48125911,
          5.50708961,  6.14271259,  4.67070484,  9.92500114,  6.59832382,
          3.25707293,  7.39744091,  8.81839848, -0.47421145]], device='cuda:0') None
prune_after_crown optimization in use: original label size = 199 pruned label size = 7
best_l after optimization: -4.033090591430664
alpha/beta optimization time: 2.320607900619507
initial alpha-crown bounds: tensor([[        inf,         inf,         inf,         inf,         inf,
                 inf,         inf,         inf,         inf,         inf,
                 inf,         inf,         inf,         inf,         inf,
                 inf,         inf,         inf,         inf,         inf,
                 inf,         inf,         inf,         inf,         inf,
                 inf,         inf,         inf,         inf, -1.01100135,
                 inf,         inf,         inf,         inf,         inf,
                 inf,         inf,         inf,         inf,         inf,
                 inf,         inf,         inf,         inf,         inf,
                 inf,         inf,         inf, -1.07037985, -0.26667237,
                 inf,         inf,         inf, -1.06810522, -0.86641014,
                 inf,         inf,         inf,         inf,         inf,
                 inf,         inf,         inf,         inf,         inf,
                 inf,         inf,         inf,         inf,         inf,
                 inf,         inf,         inf,         inf,         inf,
                 inf,  0.33959460,         inf,         inf,         inf,
                 inf,         inf,         inf,         inf,         inf,
                 inf,         inf,         inf,         inf,         inf,
                 inf,         inf,         inf,         inf,         inf,
                 inf,         inf,         inf,         inf,         inf,
                 inf,         inf,         inf,         inf,         inf,
                 inf,         inf,         inf,         inf,         inf,
                 inf,         inf,         inf,         inf,         inf,
                 inf,         inf,         inf,         inf,         inf,
                 inf,         inf,         inf,         inf,         inf,
                 inf,         inf,         inf,         inf,         inf,
                 inf,         inf,         inf,         inf,         inf,
                 inf,         inf,         inf,         inf,         inf,
                 inf,         inf,         inf,         inf,         inf,
                 inf,         inf,         inf,         inf,         inf,
                 inf,         inf,         inf,         inf,         inf,
                 inf,         inf,         inf,         inf,         inf,
                 inf,         inf,         inf,         inf,         inf,
                 inf,         inf,         inf,         inf,         inf,
                 inf,         inf,         inf,         inf,         inf,
                 inf,         inf,         inf,         inf,         inf,
                 inf,         inf,         inf,         inf,         inf,
                 inf,         inf,         inf,         inf,         inf,
                 inf,         inf,         inf,         inf,         inf,
                 inf,         inf,         inf, -0.09011602]], device='cuda:0')
Number of class (without rhs): 6 ; Worst class: (+ rhs) -1.0703798532485962
Total VNNLIB file length: 199, max property batch size: 200, total number of batches: 1
lA shape: [torch.Size([199, 1, 64, 27, 27]), torch.Size([199, 1, 128, 14, 14]), torch.Size([199, 1, 128, 14, 14]), torch.Size([199, 1, 128, 14, 14]), torch.Size([199, 1, 128, 14, 14]), torch.Size([199, 1, 128, 7, 7]), torch.Size([199, 1, 128, 7, 7]), torch.Size([199, 1, 128, 7, 7]), torch.Size([199, 1, 128, 7, 7]), torch.Size([199, 1, 200])]

Properties batch 0, size 199
Remaining timeout: 93.70285892486572
Verifying property 0 with 199 instances.
##### Instance 0 first 10 spec matrices: 
tensor([[[-1.,  0.,  0.,  ...,  0.,  0.,  0.]],

        [[ 0., -1.,  0.,  ...,  0.,  0.,  0.]],

        [[ 0.,  0., -1.,  ...,  0.,  0.,  0.]],

        ...,

        [[ 0.,  0.,  0.,  ...,  0.,  0.,  0.]],

        [[ 0.,  0.,  0.,  ...,  0.,  0.,  0.]],

        [[ 0.,  0.,  0.,  ...,  0.,  0.,  0.]]], dtype=torch.float64)
thresholds: tensor([0., 0., 0., 0., 0., 0., 0., 0., 0., 0.], device='cuda:0') ######
Initial alpha-CROWN verified for spec index tensor([  0,   1,   2,   3,   4,   5,   6,   7,   8,   9,  10,  11,  12,  13,
         14,  15,  16,  17,  18,  19,  20,  21,  22,  23,  24,  25,  26,  27,
         28,  30,  31,  32,  33,  34,  35,  36,  37,  38,  39,  40,  41,  42,
         43,  44,  45,  46,  47,  50,  51,  52,  55,  56,  57,  58,  59,  60,
         61,  62,  63,  64,  65,  66,  67,  68,  69,  70,  71,  72,  73,  74,
         75,  76,  77,  78,  79,  80,  81,  82,  83,  84,  85,  86,  87,  88,
         89,  90,  91,  92,  93,  94,  95,  96,  97,  98,  99, 100, 101, 102,
        103, 104, 105, 106, 107, 108, 109, 110, 111, 112, 113, 114, 115, 116,
        117, 118, 119, 120, 121, 122, 123, 124, 125, 126, 127, 128, 129, 130,
        131, 132, 133, 134, 135, 136, 137, 138, 139, 140, 141, 142, 143, 144,
        145, 146, 147, 148, 149, 150, 151, 152, 153, 154, 155, 156, 157, 158,
        159, 160, 161, 162, 163, 164, 165, 166, 167, 168, 169, 170, 171, 172,
        173, 174, 175, 176, 177, 178, 179, 180, 181, 182, 183, 184, 185, 186,
        187, 188, 189, 190, 191, 192, 193, 194, 195, 196, 197],
       device='cuda:0') with bound tensor([       inf,        inf,        inf,        inf,        inf,        inf,
               inf,        inf,        inf,        inf,        inf,        inf,
               inf,        inf,        inf,        inf,        inf,        inf,
               inf,        inf,        inf,        inf,        inf,        inf,
               inf,        inf,        inf,        inf,        inf,        inf,
               inf,        inf,        inf,        inf,        inf,        inf,
               inf,        inf,        inf,        inf,        inf,        inf,
               inf,        inf,        inf,        inf,        inf,        inf,
               inf,        inf,        inf,        inf,        inf,        inf,
               inf,        inf,        inf,        inf,        inf,        inf,
               inf,        inf,        inf,        inf,        inf,        inf,
               inf,        inf,        inf,        inf,        inf, 0.33959460,
               inf,        inf,        inf,        inf,        inf,        inf,
               inf,        inf,        inf,        inf,        inf,        inf,
               inf,        inf,        inf,        inf,        inf,        inf,
               inf,        inf,        inf,        inf,        inf,        inf,
               inf,        inf,        inf,        inf,        inf,        inf,
               inf,        inf,        inf,        inf,        inf,        inf,
               inf,        inf,        inf,        inf,        inf,        inf,
               inf,        inf,        inf,        inf,        inf,        inf,
               inf,        inf,        inf,        inf,        inf,        inf,
               inf,        inf,        inf,        inf,        inf,        inf,
               inf,        inf,        inf,        inf,        inf,        inf,
               inf,        inf,        inf,        inf,        inf,        inf,
               inf,        inf,        inf,        inf,        inf,        inf,
               inf,        inf,        inf,        inf,        inf,        inf,
               inf,        inf,        inf,        inf,        inf,        inf,
               inf,        inf,        inf,        inf,        inf,        inf,
               inf,        inf,        inf,        inf,        inf,        inf,
               inf,        inf,        inf,        inf,        inf,        inf,
               inf,        inf,        inf,        inf,        inf,        inf,
               inf,        inf,        inf,        inf,        inf,        inf,
               inf], device='cuda:0').
Remaining spec index tensor([ 29,  48,  49,  53,  54, 198], device='cuda:0') with bounds tensor([[-1.01100135],
        [-1.07037985],
        [-0.26667237],
        [-1.06810522],
        [-0.86641014],
        [-0.09011602]], device='cuda:0') need to verify.
Model prediction is: tensor([-21.49145699, -22.34859657, -22.62433052, -20.73897934, -21.21544456,
        -19.73071480, -19.48455048, -19.09937859, -19.35098839, -19.72817421,
        -19.59427261, -21.83090019, -19.86105728, -22.38582420, -18.05821800,
        -17.58794403, -19.57757568, -19.84849167, -20.75172234, -17.76065636,
        -19.81135368, -18.84669304, -22.86480904, -22.96170998, -18.34513474,
        -17.12505722, -18.61721611, -16.62339020, -19.86657715, -14.61086845,
        -18.52883720, -17.80055618, -19.03256035, -18.39711571, -18.94028091,
        -15.63449574, -21.46210480, -21.70269394, -18.96050835, -22.91945457,
        -21.11719894, -18.12229156, -22.18440819, -24.39907265, -25.01218987,
        -23.48986435, -16.53778458, -17.10503387, -14.10328197, -14.51228046,
        -12.34714890, -20.36328125, -23.64047623, -17.72242928, -14.83005810,
        -14.95862103, -16.55692101, -17.52772331, -18.81174278, -19.40231895,
        -20.78887367, -21.67966270, -23.81015968, -21.38122940, -22.18257904,
        -19.11607742, -25.47383690, -18.98115540, -20.62744522, -20.64981651,
        -24.16230011, -24.11911964, -20.25347137, -20.67297173, -21.12976074,
        -17.20595741, -20.00686264, -16.92337418, -23.78471947, -21.07159042,
        -20.26600647, -26.51457596, -19.58818436, -18.94488525, -20.75626945,
        -18.14447403, -21.60802460, -22.48639679, -20.09802437, -17.37070465,
        -22.08328438, -15.93615818, -20.31805801, -21.44917297, -26.62211800,
        -24.95287132, -20.82942200, -24.90812492, -22.77257729, -22.02574348,
        -19.86676025, -23.63462830, -21.98474884, -22.67828369, -19.11505318,
        -17.05011749, -19.83929062, -25.53365517, -23.86228371, -20.41783714,
        -22.07968521, -25.22398376, -22.16147995, -20.96755791, -25.17329407,
        -25.90495110, -21.78711319, -22.07812500, -24.46045303, -19.87692261,
        -21.15302849, -22.79169464, -19.19992828, -18.78446388, -23.57763100,
        -21.06883430, -22.50682449, -22.24984932, -23.75796700, -21.97683525,
        -20.03332329, -18.28562546, -23.07744980, -25.77867126, -19.48889923,
        -21.51196671, -20.34152031, -21.68155861, -20.87622643, -24.05258369,
        -22.92299652, -20.55813599, -25.10842896, -23.57036209, -21.62140465,
        -24.00516891, -28.75373077, -20.40566254, -21.15810966, -18.02312851,
        -18.03759193, -20.91948509, -21.91302490, -28.18839264, -26.77217865,
        -22.82346916, -18.12191200, -23.40309715, -20.20282745, -21.68350220,
        -19.80299950, -18.07205391, -17.89298439, -17.82714462, -23.78088951,
        -21.39243507, -27.56202698, -20.87389755, -17.85404968, -20.21929359,
        -22.86196136, -20.36903763, -21.27789497, -24.46624184, -18.69600487,
        -19.87616920, -23.26078224, -20.12336540, -22.62315369, -20.78605080,
        -18.68917847, -20.00539017, -18.55965614, -18.26535988, -20.12902451,
        -20.87010002, -21.79827881, -23.16377831, -21.35780525, -20.67999268,
        -19.00737381, -22.19970512, -22.85211182, -21.72652435, -25.96308517,
        -22.38136101, -19.68070221, -23.97767448, -25.59445572, -15.78546143],
       device='cuda:0')
build_with_refined_bounds batch [1/1]
setting alpha for layer /input-4 start_node /124 with alignment adjustment
setting alpha for layer /input-12 start_node /124 with alignment adjustment
setting alpha for layer /input-20 start_node /124 with alignment adjustment
setting alpha for layer /input-28 start_node /124 with alignment adjustment
setting alpha for layer /input-36 start_node /124 with alignment adjustment
setting alpha for layer /input-44 start_node /124 with alignment adjustment
setting alpha for layer /input-52 start_node /124 with alignment adjustment
setting alpha for layer /input-60 start_node /124 with alignment adjustment
setting alpha for layer /input-68 start_node /124 with alignment adjustment
setting alpha for layer /123 start_node /124 with alignment adjustment
all alpha initialized
directly get lb and ub from refined bounds
c shape: torch.Size([6, 1, 200])
lA shapes: [torch.Size([6, 1, 64, 27, 27]), torch.Size([6, 1, 128, 14, 14]), torch.Size([6, 1, 128, 14, 14]), torch.Size([6, 1, 128, 14, 14]), torch.Size([6, 1, 128, 14, 14]), torch.Size([6, 1, 128, 7, 7]), torch.Size([6, 1, 128, 7, 7]), torch.Size([6, 1, 128, 7, 7]), torch.Size([6, 1, 128, 7, 7]), torch.Size([6, 1, 200])]
(alpha-)CROWN with fixed intermediate bounds: tensor([[-1.01100135],
        [-1.07037985],
        [-0.26667237],
        [-1.06810522],
        [-0.86641014],
        [-0.09011602]], device='cuda:0') tensor([[inf],
        [inf],
        [inf],
        [inf],
        [inf],
        [inf]], device='cuda:0')
Intermediate layers: /input,/input-8,/input-16,/input-24,/input-32,/input-40,/input-48,/input-56,/input-64,/input-72,/124
Keeping alphas for these layers: ['/124']
Keeping alphas for these layers: ['/124']
Node /input-4 input 0: size torch.Size([64, 27, 27]) unstable 715
Node /input-12 input 0: size torch.Size([128, 14, 14]) unstable 598
Node /input-20 input 0: size torch.Size([128, 14, 14]) unstable 289
Node /input-28 input 0: size torch.Size([128, 14, 14]) unstable 0
Node /input-36 input 0: size torch.Size([128, 14, 14]) unstable 17
Node /input-44 input 0: size torch.Size([128, 7, 7]) unstable 105
Node /input-52 input 0: size torch.Size([128, 7, 7]) unstable 0
Node /input-60 input 0: size torch.Size([128, 7, 7]) unstable 0
Node /input-68 input 0: size torch.Size([128, 7, 7]) unstable 0
Node /123 input 0: size torch.Size([200]) unstable 76
-----------------
# of unstable neurons: 1800
-----------------

BaB round 1
batch: 6
splitting decisions: 
split level 0: [/input-72, 171] [/input-72, 105] [/input-72, 193] [/input-72, 193] [/input-72, 174] [/input-72, 171] 
split level 1: [/input-72, 164] [/input-72, 164] [/input-72, 164] [/input-72, 171] [/input-72, 171] [/input-72, 164] 
pruning_in_iteration open status: True
ratio of positive domain = 8 / 24 = 0.33333333333333337
pruning-in-iteration extra time: 0.0027811527252197266
Time: prepare 0.0004    bound 0.2154    transfer 0.0051    finalize 0.0005    func 0.2215    
Accumulated time: func 0.2215    prepare 0.0008    bound 0.2154    transfer 0.0051    finalize 0.0005    
Current worst splitting domains lb-rhs (depth):
-0.95624 (2), -0.85435 (2), -0.79210 (2), -0.77328 (2), -0.72166 (2), -0.65651 (2), -0.62255 (2), -0.58682 (2), -0.52894 (2), -0.36251 (2), -0.23783 (2), -0.23620 (2), -0.12183 (2), -0.09752 (2), -0.05539 (2), -0.02241 (2), 
Length of domains: 16
Time: pickout 0.0009    decision 0.1294    set_bounds 0.0011    solve 0.2216    add 0.0040    
Accumulated time: pickout 0.0009    decision 0.1294    set_bounds 0.0011    solve 0.2216    add 0.0040    
Current (lb-rhs): -0.9562397003173828
16 domains visited
Cumulative time: 1.0373079776763916

BaB round 2
batch: 16
splitting decisions: 
split level 0: [/input-72, 159] [/input-72, 195] [/input-72, 105] [/input-72, 193] [/input-72, 195] [/input-72, 105] [/input-72, 194] [/input-72, 159] [/input-72, 195] [/input-72, 105] 
pruning_in_iteration open status: True
ratio of positive domain = 10 / 32 = 0.3125
pruning-in-iteration extra time: 0.002258777618408203
Time: prepare 0.0009    bound 0.1089    transfer 0.0037    finalize 0.0004    func 0.1141    
Accumulated time: func 0.3356    prepare 0.0021    bound 0.3244    transfer 0.0089    finalize 0.0009    
Current worst splitting domains lb-rhs (depth):
-0.90224 (3), -0.71489 (3), -0.69865 (3), -0.68399 (3), -0.65472 (3), -0.63558 (3), -0.62827 (3), -0.56592 (3), -0.49928 (3), -0.47584 (3), -0.45790 (3), -0.45291 (3), -0.43050 (3), -0.42003 (3), -0.40932 (3), -0.31927 (3), -0.26433 (3), -0.22061 (3), -0.15595 (3), -0.13409 (3), 
Length of domains: 22
Time: pickout 0.0010    decision 0.0528    set_bounds 0.0012    solve 0.1141    add 0.0057    
Accumulated time: pickout 0.0019    decision 0.1822    set_bounds 0.0023    solve 0.3357    add 0.0098    
Current (lb-rhs): -0.9022421836853027
38 domains visited
Cumulative time: 1.21242094039917

BaB round 3
batch: 22
splitting decisions: 
split level 0: [/input-72, 193] [/input-72, 171] [/input-72, 159] [/input-72, 159] [/input-72, 171] [/input-72, 193] [/input-72, 171] [/input-72, 159] [/input-72, 159] [/input-72, 171] 
pruning_in_iteration open status: False
ratio of positive domain = 7 / 44 = 0.15909090909090906
pruning-in-iteration extra time: 4.458427429199219e-05
Time: prepare 0.0012    bound 0.1053    transfer 0.0046    finalize 0.0006    func 0.1117    
Accumulated time: func 0.4473    prepare 0.0037    bound 0.4297    transfer 0.0134    finalize 0.0015    
Current worst splitting domains lb-rhs (depth):
-0.81488 (4), -0.67356 (4), -0.66530 (4), -0.65101 (4), -0.60853 (4), -0.60359 (4), -0.59369 (4), -0.50414 (4), -0.49632 (4), -0.46531 (4), -0.45806 (4), -0.43274 (4), -0.43225 (4), -0.38731 (4), -0.37319 (4), -0.36642 (4), -0.33478 (4), -0.31695 (4), -0.29298 (4), -0.28634 (4), 
Length of domains: 37
Time: pickout 0.0011    decision 0.0534    set_bounds 0.0014    solve 0.1117    add 0.0080    
Accumulated time: pickout 0.0031    decision 0.2356    set_bounds 0.0037    solve 0.4474    add 0.0177    
Current (lb-rhs): -0.8148784637451172
75 domains visited
Cumulative time: 1.389394760131836

BaB round 4
batch: 37
splitting decisions: 
split level 0: [/input-72, 193] [/input-72, 164] [/input-72, 46] [/input-72, 193] [/input-72, 12] [/input-72, 164] [/input-72, 46] [/input-72, 12] [/input-72, 105] [/input-72, 12] 
pruning_in_iteration open status: True
ratio of positive domain = 23 / 74 = 0.31081081081081086
pruning-in-iteration extra time: 0.002099275588989258
Time: prepare 0.0019    bound 0.1235    transfer 0.0216    finalize 0.0010    func 0.1479    
Accumulated time: func 0.5952    prepare 0.0060    bound 0.5531    transfer 0.0350    finalize 0.0025    
Current worst splitting domains lb-rhs (depth):
-0.67079 (5), -0.65847 (5), -0.63828 (5), -0.62306 (5), -0.57963 (5), -0.57315 (5), -0.55342 (5), -0.52552 (5), -0.51366 (5), -0.46303 (5), -0.45263 (5), -0.43406 (5), -0.43048 (5), -0.40497 (5), -0.38187 (5), -0.35782 (5), -0.33650 (5), -0.32351 (5), -0.30037 (5), -0.28415 (5), 
Length of domains: 51
Time: pickout 0.0017    decision 0.0588    set_bounds 0.0020    solve 0.1480    add 0.0111    
Accumulated time: pickout 0.0048    decision 0.2944    set_bounds 0.0057    solve 0.5954    add 0.0288    
Current (lb-rhs): -0.6707940101623535
126 domains visited
Cumulative time: 1.6130890846252441

BaB round 5
batch: 51
splitting decisions: 
split level 0: [/input-72, 12] [/input-72, 168] [/input-72, 12] [/input-72, 193] [/input-72, 168] [/input-72, 168] [/input-72, 118] [/input-72, 193] [/input-72, 168] [/input-72, 168] 
pruning_in_iteration open status: True
ratio of positive domain = 45 / 102 = 0.4411764705882353
pruning-in-iteration extra time: 0.0023555755615234375
Time: prepare 0.0024    bound 0.1266    transfer 0.0295    finalize 0.0016    func 0.1601    
Accumulated time: func 0.7553    prepare 0.0088    bound 0.6797    transfer 0.0645    finalize 0.0042    
Current worst splitting domains lb-rhs (depth):
-0.63811 (6), -0.62554 (6), -0.59479 (6), -0.58086 (6), -0.54537 (6), -0.53175 (6), -0.52343 (6), -0.49365 (6), -0.48173 (6), -0.45306 (6), -0.42976 (6), -0.40066 (6), -0.39227 (6), -0.38330 (6), -0.37032 (6), -0.36531 (6), -0.36229 (6), -0.32131 (6), -0.31150 (6), -0.29465 (6), 
Length of domains: 57
Time: pickout 0.0020    decision 0.0658    set_bounds 0.0025    solve 0.1602    add 0.0161    
Accumulated time: pickout 0.0067    decision 0.3603    set_bounds 0.0081    solve 0.7556    add 0.0449    
Current (lb-rhs): -0.6381065845489502
183 domains visited
Cumulative time: 1.8624401092529297

BaB round 6
batch: 57
splitting decisions: 
split level 0: [/input-72, 118] [/input-72, 118] [/input-72, 118] [/input-72, 193] [/input-72, 118] [/input-72, 193] [/input-72, 118] [/input-72, 105] [/input-72, 193] [/input-72, 118] 
pruning_in_iteration open status: True
ratio of positive domain = 43 / 114 = 0.3771929824561403
pruning-in-iteration extra time: 0.002437114715576172
Time: prepare 0.0032    bound 0.1281    transfer 0.0313    finalize 0.0016    func 0.1643    
Accumulated time: func 0.9196    prepare 0.0126    bound 0.8079    transfer 0.0958    finalize 0.0058    
Current worst splitting domains lb-rhs (depth):
-0.60924 (7), -0.59618 (7), -0.54056 (7), -0.53245 (7), -0.49353 (7), -0.47941 (7), -0.47670 (7), -0.47344 (7), -0.47024 (7), -0.46133 (7), -0.44938 (7), -0.44161 (7), -0.38963 (7), -0.38795 (7), -0.38475 (7), -0.35773 (7), -0.35663 (7), -0.33677 (7), -0.33544 (7), -0.33087 (7), 
Length of domains: 71
Time: pickout 0.0025    decision 0.0771    set_bounds 0.0034    solve 0.1644    add 0.0162    
Accumulated time: pickout 0.0092    decision 0.4373    set_bounds 0.0115    solve 0.9199    add 0.0611    
Current (lb-rhs): -0.6092443466186523
254 domains visited
Cumulative time: 2.1272213459014893

BaB round 7
batch: 71
splitting decisions: 
split level 0: [/input-72, 159] [/input-72, 159] [/input-72, 159] [/input-72, 159] [/input-72, 159] [/input-72, 159] [/input-72, 159] [/input-72, 159] [/input-72, 159] [/input-72, 159] 
pruning_in_iteration open status: True
ratio of positive domain = 47 / 142 = 0.33098591549295775
pruning-in-iteration extra time: 0.0023064613342285156
Time: prepare 0.0035    bound 0.1142    transfer 0.0182    finalize 0.0016    func 0.1375    
Accumulated time: func 1.0571    prepare 0.0165    bound 0.9221    transfer 0.1140    finalize 0.0074    
Current worst splitting domains lb-rhs (depth):
-0.54613 (8), -0.53062 (8), -0.47820 (8), -0.47074 (8), -0.43626 (8), -0.43468 (8), -0.42701 (8), -0.42697 (8), -0.41875 (8), -0.41662 (8), -0.40935 (8), -0.40009 (8), -0.39824 (8), -0.39462 (8), -0.38048 (8), -0.37294 (8), -0.35649 (8), -0.34584 (8), -0.32695 (8), -0.32474 (8), 
Length of domains: 95
Time: pickout 0.0026    decision 0.1079    set_bounds 0.0035    solve 0.1376    add 0.0196    
Accumulated time: pickout 0.0118    decision 0.5452    set_bounds 0.0150    solve 1.0575    add 0.0807    
Current (lb-rhs): -0.5461270809173584
349 domains visited
Cumulative time: 2.4006869792938232

BaB round 8
batch: 95
splitting decisions: 
split level 0: [/input-72, 168] [/input-72, 168] [/input-72, 197] [/input-72, 168] [/input-72, 197] [/input-72, 168] [/input-72, 197] [/input-72, 168] [/input-72, 197] [/input-72, 197] 
pruning_in_iteration open status: True
ratio of positive domain = 80 / 190 = 0.42105263157894735
pruning-in-iteration extra time: 0.002341032028198242
Time: prepare 0.0046    bound 0.1269    transfer 0.0360    finalize 0.0023    func 0.1700    
Accumulated time: func 1.2271    prepare 0.0217    bound 1.0490    transfer 0.1500    finalize 0.0097    
Current worst splitting domains lb-rhs (depth):
-0.52242 (9), -0.48835 (9), -0.45068 (9), -0.44309 (9), -0.42303 (9), -0.39797 (9), -0.39139 (9), -0.38926 (9), -0.38011 (9), -0.37912 (9), -0.37163 (9), -0.36867 (9), -0.36250 (9), -0.34499 (9), -0.33632 (9), -0.33259 (9), -0.33116 (9), -0.32616 (9), -0.32383 (9), -0.31566 (9), 
Length of domains: 110
Time: pickout 0.0033    decision 0.1363    set_bounds 0.0044    solve 0.1701    add 0.0230    
Accumulated time: pickout 0.0151    decision 0.6815    set_bounds 0.0194    solve 1.2276    add 0.1037    
Current (lb-rhs): -0.5224218368530273
459 domains visited
Cumulative time: 2.7387983798980713

BaB round 9
batch: 110
splitting decisions: 
split level 0: [/input-72, 168] [/input-72, 168] [/input-72, 168] [/input-72, 168] [/input-72, 125] [/input-72, 125] [/input-72, 197] [/input-72, 168] [/input-72, 168] [/input-72, 168] 
pruning_in_iteration open status: True
ratio of positive domain = 96 / 220 = 0.4363636363636364
pruning-in-iteration extra time: 0.0024318695068359375
Time: prepare 0.0053    bound 0.1355    transfer 0.0213    finalize 0.0030    func 0.1652    
Accumulated time: func 1.3923    prepare 0.0275    bound 1.1845    transfer 0.1713    finalize 0.0127    
Current worst splitting domains lb-rhs (depth):
-0.46403 (10), -0.45612 (10), -0.43044 (10), -0.42230 (10), -0.37677 (10), -0.37517 (10), -0.36773 (10), -0.35958 (10), -0.35767 (10), -0.35197 (10), -0.34058 (10), -0.33398 (10), -0.32999 (10), -0.32399 (10), -0.30879 (10), -0.30253 (10), -0.30249 (10), -0.30034 (10), -0.28676 (10), -0.27640 (10), 
Length of domains: 124
Time: pickout 0.0035    decision 0.1553    set_bounds 0.0051    solve 0.1653    add 0.0302    
Accumulated time: pickout 0.0186    decision 0.8368    set_bounds 0.0245    solve 1.3928    add 0.1338    
Current (lb-rhs): -0.4640312194824219
583 domains visited
Cumulative time: 3.0998284816741943

BaB round 10
batch: 124
splitting decisions: 
split level 0: [/input-72, 174] [/input-72, 174] [/input-72, 125] [/input-72, 125] [/input-72, 125] [/input-72, 118] [/input-72, 195] [/input-72, 174] [/input-72, 195] [/input-72, 174] 
pruning_in_iteration open status: True
ratio of positive domain = 129 / 248 = 0.5201612903225806
pruning-in-iteration extra time: 0.0024237632751464844
Time: prepare 0.0066    bound 0.1326    transfer 0.0306    finalize 0.0032    func 0.1730    
Accumulated time: func 1.5653    prepare 0.0346    bound 1.3171    transfer 0.2020    finalize 0.0158    
Current worst splitting domains lb-rhs (depth):
-0.43326 (11), -0.43123 (11), -0.40604 (11), -0.39661 (11), -0.35140 (11), -0.34210 (11), -0.33208 (11), -0.33080 (11), -0.33031 (11), -0.32434 (11), -0.31524 (11), -0.30962 (11), -0.30720 (11), -0.30123 (11), -0.27848 (11), -0.27795 (11), -0.27562 (11), -0.26375 (11), -0.26210 (11), -0.25306 (11), 
Length of domains: 119
Time: pickout 0.0042    decision 0.1759    set_bounds 0.0060    solve 0.1730    add 0.0209    
Accumulated time: pickout 0.0229    decision 1.0127    set_bounds 0.0305    solve 1.5659    add 0.1548    
Current (lb-rhs): -0.4332561492919922
702 domains visited
Cumulative time: 3.4824140071868896

BaB round 11
batch: 119
splitting decisions: 
split level 0: [/input-32, 22098] [/input-72, 197] [/input-72, 174] [/input-72, 174] [/input-72, 197] [/input-72, 5] [/input-72, 72] [/input-72, 72] [/input-72, 151] [/input-72, 70] 
pruning_in_iteration open status: True
ratio of positive domain = 117 / 238 = 0.4915966386554622
pruning-in-iteration extra time: 0.0025277137756347656
Time: prepare 0.0061    bound 0.1301    transfer 0.0241    finalize 0.0032    func 0.1635    
Accumulated time: func 1.7288    prepare 0.0411    bound 1.4471    transfer 0.2261    finalize 0.0190    
Current worst splitting domains lb-rhs (depth):
-0.42565 (12), -0.40721 (12), -0.36342 (12), -0.35266 (12), -0.30962 (12), -0.30632 (12), -0.30569 (12), -0.30047 (12), -0.29851 (12), -0.28728 (12), -0.26611 (12), -0.25984 (12), -0.25961 (12), -0.25533 (12), -0.25205 (12), -0.24403 (12), -0.24367 (12), -0.24342 (12), -0.23886 (12), -0.23494 (12), 
Length of domains: 121
Time: pickout 0.0040    decision 0.1659    set_bounds 0.0056    solve 0.1636    add 0.0286    
Accumulated time: pickout 0.0269    decision 1.1786    set_bounds 0.0360    solve 1.7295    add 0.1834    
Current (lb-rhs): -0.42565441131591797
823 domains visited
Cumulative time: 3.852928638458252

BaB round 12
batch: 121
splitting decisions: 
split level 0: [/input-72, 197] [/input-32, 22098] [/input-72, 197] [/input-72, 197] [/input-72, 70] [/input-72, 70] [/input-72, 197] [/input-72, 72] [/input-32, 22098] [/input-32, 22098] 
pruning_in_iteration open status: True
ratio of positive domain = 95 / 242 = 0.3925619834710744
pruning-in-iteration extra time: 0.002410411834716797
Time: prepare 0.0062    bound 0.1351    transfer 0.0334    finalize 0.0027    func 0.1779    
Accumulated time: func 1.9067    prepare 0.0479    bound 1.5822    transfer 0.2595    finalize 0.0217    
Current worst splitting domains lb-rhs (depth):
-0.36345 (13), -0.34490 (13), -0.31182 (13), -0.30301 (13), -0.29574 (13), -0.27748 (13), -0.27281 (13), -0.26957 (13), -0.26220 (13), -0.26142 (13), -0.25456 (13), -0.24912 (13), -0.24483 (13), -0.24114 (13), -0.23999 (13), -0.23526 (13), -0.23302 (13), -0.21668 (13), -0.21632 (13), -0.21214 (13), 
Length of domains: 147
Time: pickout 0.0041    decision 0.1725    set_bounds 0.1130    solve 0.1780    add 0.0399    
Accumulated time: pickout 0.0310    decision 1.3511    set_bounds 0.1491    solve 1.9075    add 0.2233    
Current (lb-rhs): -0.3634505271911621
970 domains visited
Cumulative time: 4.363096714019775

BaB round 13
batch: 147
splitting decisions: 
split level 0: [/input-72, 70] [/input-72, 70] [/input-72, 70] [/input-72, 70] [/input-72, 25] [/input-72, 195] [/input-72, 70] [/input-72, 25] [/input-72, 70] [/input-72, 70] 
pruning_in_iteration open status: True
ratio of positive domain = 155 / 294 = 0.5272108843537415
pruning-in-iteration extra time: 0.002348184585571289
Time: prepare 0.0080    bound 0.1327    transfer 0.0456    finalize 0.0030    func 0.1894    
Accumulated time: func 2.0961    prepare 0.0565    bound 1.7149    transfer 0.3051    finalize 0.0247    
Current worst splitting domains lb-rhs (depth):
-0.29651 (14), -0.29586 (14), -0.28708 (14), -0.27864 (14), -0.25726 (14), -0.25506 (14), -0.25231 (14), -0.24536 (14), -0.24479 (14), -0.23653 (14), -0.23557 (14), -0.22592 (14), -0.22425 (14), -0.20822 (14), -0.19994 (14), -0.19872 (14), -0.19600 (14), -0.19331 (14), -0.18489 (14), -0.18430 (14), 
Length of domains: 139
Time: pickout 0.0051    decision 0.2093    set_bounds 0.0069    solve 0.1895    add 0.0315    
Accumulated time: pickout 0.0360    decision 1.5604    set_bounds 0.1560    solve 2.0970    add 0.2548    
Current (lb-rhs): -0.2965097427368164
1109 domains visited
Cumulative time: 4.80916428565979

BaB round 14
batch: 139
splitting decisions: 
split level 0: [/input-72, 25] [/input-72, 25] [/input-72, 195] [/input-72, 195] [/input-72, 25] [/input-72, 195] [/input-72, 195] [/input-72, 25] [/input-72, 25] [/input-72, 25] 
pruning_in_iteration open status: True
ratio of positive domain = 143 / 278 = 0.5143884892086331
pruning-in-iteration extra time: 0.002496480941772461
Time: prepare 0.0070    bound 0.1296    transfer 0.0329    finalize 0.0029    func 0.1725    
Accumulated time: func 2.2686    prepare 0.0640    bound 1.8445    transfer 0.3380    finalize 0.0276    
Current worst splitting domains lb-rhs (depth):
-0.27279 (15), -0.25276 (15), -0.25118 (15), -0.23137 (15), -0.21136 (15), -0.20813 (15), -0.20387 (15), -0.20206 (15), -0.20162 (15), -0.20153 (15), -0.19764 (15), -0.19228 (15), -0.18853 (15), -0.18722 (15), -0.18349 (15), -0.16550 (15), -0.16115 (15), -0.16027 (15), -0.15901 (15), -0.15885 (15), 
Length of domains: 135
Time: pickout 0.0048    decision 0.1966    set_bounds 0.0067    solve 0.1726    add 0.0286    
Accumulated time: pickout 0.0408    decision 1.7571    set_bounds 0.1627    solve 2.2696    add 0.2834    
Current (lb-rhs): -0.27278923988342285
1244 domains visited
Cumulative time: 5.222652196884155

BaB round 15
batch: 135
splitting decisions: 
split level 0: [/input-72, 25] [/input-72, 25] [/input-72, 77] [/input-72, 81] [/input-72, 81] [/input-72, 77] [/input-72, 81] [/input-72, 81] [/input-72, 81] [/input-72, 81] 
pruning_in_iteration open status: True
ratio of positive domain = 143 / 270 = 0.5296296296296297
pruning-in-iteration extra time: 0.0024039745330810547
Time: prepare 0.0068    bound 0.1345    transfer 0.0378    finalize 0.0029    func 0.1821    
Accumulated time: func 2.4507    prepare 0.0713    bound 1.9789    transfer 0.3758    finalize 0.0305    
Current worst splitting domains lb-rhs (depth):
-0.21773 (16), -0.21592 (16), -0.19614 (16), -0.18365 (16), -0.17888 (16), -0.17338 (16), -0.17121 (16), -0.16664 (16), -0.16619 (16), -0.16248 (16), -0.15954 (16), -0.15877 (16), -0.15595 (16), -0.15301 (16), -0.13614 (16), -0.13519 (16), -0.12850 (16), -0.12281 (16), -0.12022 (16), -0.11938 (16), 
Length of domains: 127
Time: pickout 0.0045    decision 0.1894    set_bounds 0.0067    solve 0.1822    add 0.0274    
Accumulated time: pickout 0.0453    decision 1.9465    set_bounds 0.1694    solve 2.4518    add 0.3108    
Current (lb-rhs): -0.21773135662078857
1371 domains visited
Cumulative time: 5.636466026306152

BaB round 16
batch: 127
splitting decisions: 
split level 0: [/input-72, 77] [/input-72, 106] [/input-72, 106] [/input-72, 106] [/input-72, 106] [/input-72, 106] [/input-72, 81] [/input-72, 81] [/input-72, 77] [/input-72, 77] 
pruning_in_iteration open status: True
ratio of positive domain = 152 / 254 = 0.5984251968503937
pruning-in-iteration extra time: 0.0023336410522460938
Time: prepare 0.0065    bound 0.1335    transfer 0.0360    finalize 0.0028    func 0.1789    
Accumulated time: func 2.6296    prepare 0.0784    bound 2.1125    transfer 0.4119    finalize 0.0333    
Current worst splitting domains lb-rhs (depth):
-0.17847 (17), -0.17249 (17), -0.17074 (17), -0.16039 (17), -0.15505 (17), -0.13965 (17), -0.13932 (17), -0.13500 (17), -0.13370 (17), -0.13291 (17), -0.12734 (17), -0.12427 (17), -0.12071 (17), -0.11511 (17), -0.11322 (17), -0.11216 (17), -0.10676 (17), -0.10405 (17), -0.09965 (17), -0.09598 (17), 
Length of domains: 102
Time: pickout 0.0042    decision 0.1781    set_bounds 0.0060    solve 0.1791    add 0.0217    
Accumulated time: pickout 0.0495    decision 2.1245    set_bounds 0.1754    solve 2.6309    add 0.3324    
Current (lb-rhs): -0.17846888303756714
1473 domains visited
Cumulative time: 6.029170274734497

BaB round 17
batch: 102
splitting decisions: 
split level 0: [/input-72, 141] [/input-72, 141] [/input-72, 141] [/input-72, 141] [/input-72, 141] [/input-72, 141] [/input-72, 141] [/input-72, 141] [/input-72, 141] [/input-72, 141] 
pruning_in_iteration open status: True
ratio of positive domain = 133 / 204 = 0.6519607843137255
pruning-in-iteration extra time: 0.0023157596588134766
Time: prepare 0.0054    bound 0.1142    transfer 0.0224    finalize 0.0023    func 0.1443    
Accumulated time: func 2.7739    prepare 0.0842    bound 2.2267    transfer 0.4343    finalize 0.0356    
Current worst splitting domains lb-rhs (depth):
-0.16290 (18), -0.15535 (18), -0.13607 (18), -0.12347 (18), -0.11976 (18), -0.11889 (18), -0.11739 (18), -0.11683 (18), -0.11242 (18), -0.10854 (18), -0.10788 (18), -0.10526 (18), -0.09918 (18), -0.09232 (18), -0.08609 (18), -0.08226 (18), -0.08064 (18), -0.07590 (18), -0.07358 (18), -0.07140 (18), 
Length of domains: 71
Time: pickout 0.0036    decision 0.1441    set_bounds 0.0051    solve 0.1444    add 0.0151    
Accumulated time: pickout 0.0531    decision 2.2687    set_bounds 0.1805    solve 2.7753    add 0.3475    
Current (lb-rhs): -0.16289585828781128
1544 domains visited
Cumulative time: 6.342963933944702

BaB round 18
batch: 71
splitting decisions: 
split level 0: [/input-72, 17] [/input-72, 17] [/input-72, 17] [/input-72, 17] [/input-72, 118] [/input-72, 118] [/input-72, 118] [/input-72, 95] [/input-72, 17] [/input-72, 17] 
pruning_in_iteration open status: True
ratio of positive domain = 85 / 142 = 0.5985915492957746
pruning-in-iteration extra time: 0.002411365509033203
Time: prepare 0.0038    bound 0.1230    transfer 0.0099    finalize 0.0018    func 0.1384    
Accumulated time: func 2.9123    prepare 0.0884    bound 2.3496    transfer 0.4441    finalize 0.0373    
Current worst splitting domains lb-rhs (depth):
-0.11422 (19), -0.10484 (19), -0.10453 (19), -0.10209 (19), -0.10195 (19), -0.10150 (19), -0.09919 (19), -0.09152 (19), -0.09046 (19), -0.07255 (19), -0.06883 (19), -0.06850 (19), -0.06839 (19), -0.06412 (19), -0.06387 (19), -0.06318 (19), -0.05942 (19), -0.05763 (19), -0.05743 (19), -0.05533 (19), 
Length of domains: 57
Time: pickout 0.0026    decision 0.1053    set_bounds 0.0038    solve 0.1385    add 0.0094    
Accumulated time: pickout 0.0557    decision 2.3739    set_bounds 0.1843    solve 2.9138    add 0.3569    
Current (lb-rhs): -0.11422324180603027
1601 domains visited
Cumulative time: 6.603676080703735

BaB round 19
batch: 57
splitting decisions: 
split level 0: [/input-72, 17] [/input-72, 95] [/input-72, 17] [/input-72, 17] [/input-72, 160] [/input-72, 160] [/input-72, 160] [/input-72, 0] [/input-72, 160] [/input-72, 160] 
pruning_in_iteration open status: True
ratio of positive domain = 79 / 114 = 0.6929824561403508
pruning-in-iteration extra time: 0.002340555191040039
Time: prepare 0.0032    bound 0.1271    transfer 0.0075    finalize 0.0014    func 0.1392    
Accumulated time: func 3.0515    prepare 0.0920    bound 2.4767    transfer 0.4516    finalize 0.0387    
Current worst splitting domains lb-rhs (depth):
-0.08647 (20), -0.07812 (20), -0.07741 (20), -0.07488 (20), -0.07411 (20), -0.06927 (20), -0.05636 (20), -0.05155 (20), -0.04935 (20), -0.04718 (20), -0.04598 (20), -0.04266 (20), -0.04239 (20), -0.04172 (20), -0.03979 (20), -0.03792 (20), -0.03789 (20), -0.03289 (20), -0.03196 (20), -0.03135 (20), 
Length of domains: 35
Time: pickout 0.0024    decision 0.0675    set_bounds 0.0033    solve 0.1392    add 0.0057    
Accumulated time: pickout 0.0582    decision 2.4414    set_bounds 0.1876    solve 3.0531    add 0.3626    
Current (lb-rhs): -0.0864669680595398
1636 domains visited
Cumulative time: 6.822704076766968

BaB round 20
batch: 35
splitting decisions: 
split level 0: [/input-72, 17] [/input-72, 68] [/input-72, 160] [/input-72, 68] [/input-72, 68] [/input-72, 68] [/input-72, 68] [/input-72, 68] [/input-72, 68] [/input-72, 68] 
pruning_in_iteration open status: True
ratio of positive domain = 44 / 70 = 0.6285714285714286
pruning-in-iteration extra time: 0.002402067184448242
Time: prepare 0.0021    bound 0.1306    transfer 0.0048    finalize 0.0009    func 0.1384    
Accumulated time: func 3.1898    prepare 0.0944    bound 2.6073    transfer 0.4564    finalize 0.0396    
Current worst splitting domains lb-rhs (depth):
-0.05901 (21), -0.05318 (21), -0.05264 (21), -0.05084 (21), -0.04991 (21), -0.04777 (21), -0.03969 (21), -0.03054 (21), -0.02616 (21), -0.02596 (21), -0.02341 (21), -0.02295 (21), -0.01936 (21), -0.01620 (21), -0.01566 (21), -0.01504 (21), -0.01404 (21), -0.01116 (21), -0.01016 (21), -0.00646 (21), 
Length of domains: 26
Time: pickout 0.0017    decision 0.0541    set_bounds 0.0020    solve 0.1384    add 0.0042    
Accumulated time: pickout 0.0598    decision 2.4954    set_bounds 0.1897    solve 3.1915    add 0.3668    
Current (lb-rhs): -0.05901139974594116
1662 domains visited
Cumulative time: 7.023670434951782

BaB round 21
batch: 26
splitting decisions: 
split level 0: [/input-72, 68] [/input-72, 5] [/input-72, 95] [/input-72, 118] [/input-72, 180] [/input-72, 95] [/input-72, 180] [/input-72, 5] [/input-72, 5] [/input-72, 57] 
pruning_in_iteration open status: True
ratio of positive domain = 43 / 52 = 0.8269230769230769
pruning-in-iteration extra time: 0.00817108154296875
Time: prepare 0.0018    bound 0.1549    transfer 0.0155    finalize 0.0080    func 0.1803    
Accumulated time: func 3.3701    prepare 0.0965    bound 2.7622    transfer 0.4719    finalize 0.0477    
Current worst splitting domains lb-rhs (depth):
-0.03657 (22), -0.03079 (22), -0.02282 (22), -0.02199 (22), -0.02000 (22), -0.01901 (22), -0.01265 (22), -0.01001 (22), -0.00246 (22), 
Length of domains: 9
Time: pickout 0.0013    decision 0.0507    set_bounds 0.1139    solve 0.1804    add 0.0020    
Accumulated time: pickout 0.0611    decision 2.5461    set_bounds 0.3036    solve 3.3719    add 0.3688    
Current (lb-rhs): -0.03656625747680664
1671 domains visited
Cumulative time: 7.372446060180664

BaB round 22
batch: 9
splitting decisions: 
split level 0: [/input-72, 155] [/input-72, 155] [/input-72, 180] [/input-72, 5] [/input-72, 17] [/input-72, 17] [/input-72, 17] [/input-72, 17] [/input-72, 17] 
pruning_in_iteration open status: True
ratio of positive domain = 13 / 18 = 0.7222222222222222
pruning-in-iteration extra time: 0.007909297943115234
Time: prepare 0.0009    bound 0.1727    transfer 0.0085    finalize 0.0014    func 0.1835    
Accumulated time: func 3.5537    prepare 0.0979    bound 2.9350    transfer 0.4804    finalize 0.0490    
Current worst splitting domains lb-rhs (depth):
-0.01904 (23), -0.01095 (23), -0.01031 (23), -0.00818 (23), -0.00443 (23), 
Length of domains: 5
Time: pickout 0.0059    decision 0.0967    set_bounds 0.0012    solve 0.1836    add 0.0051    
Accumulated time: pickout 0.0670    decision 2.6428    set_bounds 0.3048    solve 3.5554    add 0.3739    
Current (lb-rhs): -0.019040286540985107
1676 domains visited
Cumulative time: 7.665339469909668

BaB round 23
batch: 5
splitting decisions: 
split level 0: [/input-72, 160] [/input-72, 109] [/input-72, 109] [/input-72, 109] [/input-72, 109] 
split level 1: [/input-72, 68] [/input-72, 72] [/input-40, 5820] [/input-72, 72] [/input-72, 32] 

all verified at 0th iter
pruning_in_iteration open status: False
ratio of positive domain = 20 / 20 = 1.0
pruning-in-iteration extra time: 0.00045990943908691406
Time: prepare 0.0009    bound 0.0188    transfer 0.0023    finalize 0.0029    func 0.0248    
Accumulated time: func 3.5785    prepare 0.0993    bound 2.9537    transfer 0.4827    finalize 0.0519    
Length of domains: 0
Time: pickout 0.0058    decision 0.1110    set_bounds 0.0014    solve 0.0249    add 0.0001    
Accumulated time: pickout 0.0728    decision 2.7538    set_bounds 0.3062    solve 3.5803    add 0.3740    
No domains left, verification finished!
Current (lb-rhs): 1.0000000116860974e-07
1676 domains visited
Cumulative time: 7.808733701705933

Result: unsat
Time: 14.3670814037323

------------------------- COMMAND ------------------------------
/data1/Kane/miniconda3/envs/GenBaB/bin/python /data1/Kane/GenBaB/alpha-beta-CROWN/complete_verifier/abcrown.py --config /data1/Kane/GenBaB/alpha-beta-CROWN/complete_verifier/exp_configs/vnncomp24/tinyimagenet.yaml --precompile_jit --onnx_path /data1/Kane/data/vnncomp2025_benchmarks/benchmarks/tinyimagenet_2024/onnx/TinyImageNet_resnet_medium.onnx --vnnlib_path /data1/Kane/data/vnncomp2025_benchmarks/benchmarks/tinyimagenet_2024/vnnlib/TinyImageNet_resnet_medium_prop_idx_8173_sidx_1641_eps_0.0039.vnnlib --results_file /data1/Kane/ACT/audit_results/abcrown_nopgd_20260525/tinyimagenet_2024/0184__TinyImageNet_resnet_medium__TinyImageNet_resnet_medium_prop_idx_8173_sidx_1641_eps_0.0039.result --timeout 100.0 --save_adv_example --pgd_order=skip
----------------------------------------------------------------

