[0;93m2026-05-26 15:51:36.303719086 [W:onnxruntime:Default, device_discovery.cc:325 DiscoverDevicesForPlatform] GPU device discovery failed: device_discovery.cc:92 ReadFileContents Failed to open file: "/sys/class/drm/card0/device/vendor"[m
Configurations:

general:
  device: cuda
  seed: 100
  conv_mode: patches
  deterministic: false
  double_fp: false
  loss_reduction_func: sum
  sparse_alpha: true
  sparse_interm: true
  save_adv_example: true
  verify_onnxruntime_output: false
  eval_adv_example: false
  show_adv_example: false
  precompile_jit: true
  prepare_only: false
  complete_verifier: bab
  enable_incomplete_verification: true
  csv_name: instances.csv
  results_file: /data1/Kane/ACT/audit_results/abcrown_nopgd_20260525/tinyimagenet_2024/0196__TinyImageNet_resnet_medium__TinyImageNet_resnet_medium_prop_idx_723_sidx_7730_eps_0.0039.result
  root_path: ../../vnncomp2024_benchmarks/benchmarks/tinyimagenet
  deterministic_opt: false
  graph_optimizer: 'Customized("custom_graph_optimizer", "default_optimizer")'
  buffer_has_batchdim: false
  save_output: false
  output_file: out.pkl
  return_optimized_model: false
model:
  name: null
  path: null
  onnx_path: /data1/Kane/data/vnncomp2025_benchmarks/benchmarks/tinyimagenet_2024/onnx/TinyImageNet_resnet_medium.onnx
  onnx_path_prefix: ''
  cache_onnx_conversion: false
  debug_onnx: false
  onnx_quirks: null
  input_shape: null
  onnx_loader: default_onnx_and_vnnlib_loader
  onnx_optimization_flags: [merge_bn]
  onnx_vnnlib_joint_optimization_flags: none
  check_optimized: false
  flatten_final_output: false
  optimize_graph: null
  with_jacobian: false
data:
  start: 0
  end: 10000
  select_instance: null
  num_outputs: 10
  mean: 0.0
  std: 1.0
  pkl_path: null
  dataset: null
  data_filter_path: null
  data_idx_file: null
specification:
  type: lp
  robustness_type: verified-acc
  norm: .inf
  epsilon: null
  epsilon_min: 0.0
  vnnlib_path: /data1/Kane/data/vnncomp2025_benchmarks/benchmarks/tinyimagenet_2024/vnnlib/TinyImageNet_resnet_medium_prop_idx_723_sidx_7730_eps_0.0039.vnnlib
  vnnlib_path_prefix: ''
  rhs_offset: null
solver:
  batch_size: 256
  auto_enlarge_batch_size: false
  min_batch_size_ratio: 0.1
  use_float64_in_last_iteration: false
  early_stop_patience: 10
  start_save_best: 0.5
  bound_prop_method: alpha-crown
  init_bound_prop_method: same
  prune_after_crown: true
  optimize_disjuncts_separately: false
  crown:
    batch_size: 1000000000
    max_crown_size: 1000000000
    activation_bound_option: adaptive
    compare_crown_with_ibp: false
  alpha-crown:
    alpha: true
    lr_alpha: 0.25
    iteration: 20
    share_alphas: false
    lr_decay: 0.98
    full_conv_alpha: true
    max_coeff_mul: .inf
    matmul_share_alphas: false
    disable_optimization: []
    max_time: 1.0
  invprop:
    apply_output_constraints_to: []
    tighten_input_bounds: false
    best_of_oc_and_no_oc: false
    directly_optimize: []
    oc_lr: 0.1
    share_gammas: false
  beta-crown:
    lr_alpha: 0.1
    lr_beta: 0.15
    lr_decay: 0.98
    optimizer: adam
    iteration: 8
    beta: true
    beta_warmup: true
    enable_opt_interm_bounds: false
    all_node_split_LP: false
  forward:
    refine: false
    max_dim: 10000
    reset_threshold: 1.0
  multi_class:
    label_batch_size: 32
    skip_with_refined_bound: true
  mip:
    unstable_neuron_threshold: 0
    parallel_solvers: null
    solver_threads: 1
    refine_neuron_timeout: 15
    refine_neuron_time_percentage: 0.8
    early_stop: true
    adv_warmup: true
    mip_solver: gurobi
    skip_unsafe: false
    topk_filter: 1.0
    sliding_window: -1
    extra_constraint: false
    refine_neuron_timeout_increasement: 0
    timeout_neuron_percentage: 0.3
    remaining_timeout_threshold: 1
    remove_unstable_neurons: false
    lp_solver: false
bab:
  initial_max_domains: 200
  backing_up_max_domain: null
  max_domains: .inf
  decision_thresh: 0
  timeout: 100.0
  timeout_scale: 1
  max_iterations: -1
  override_timeout: null
  get_upper_bound: false
  pruning_in_iteration: true
  pruning_in_iteration_ratio: 0.2
  sort_targets: false
  batched_domain_list: true
  optimized_interm: ''
  interm_transfer: false
  recompute_interm: false
  sort_domain_interval: -1
  vanilla_crown: false
  tree_traversal: depth_first
  cut:
    enabled: false
    cuts_path: /tmp/abcrown_cuts
    implication: false
    bab_cut: false
    lp_cut: false
    method: null
    lr: 0.01
    lr_decay: 1.0
    iteration: 100
    bab_iteration: -1
    early_stop_patience: -1
    lr_beta: 0.02
    number_cuts: 50
    topk_cuts_in_filter: 1000
    batch_size_primal: 100
    max_num: 1000000000
    patches_cut: false
    cplex_cuts: false
    cplex_cuts_wait: 0
    cplex_cuts_revpickup: true
    cut_reference_bounds: true
    fix_intermediate_bounds: false
    biccos:
      enabled: false
      constraint_strengthening: true
      recursively_strengthening: false
      drop_ratio: 0.5
      verified_bonus: 0.3
      max_infer_iter: 20
      heuristic: neuron_influence_score
      save_biccos_cuts: false
      multi_tree_branching:
        enabled: false
        restore_best_tree: false
        keep_n_best_domains: 1
        k_splits: 1
        iterations: 1
  branching:
    method: kfsb
    candidates: 7
    reduceop: max
    enable_intermediate_bound_opt: false
    branching_input_and_activation: false
    branching_input_and_activation_order: [input, relu]
    branching_input_iterations: 30
    branching_relu_iterations: 50
    nonlinear_split:
      method: bbps
      disable: false
      branching_point_method: uniform
      num_branches: 2
      filter: false
      filter_beta: false
      filter_clamp: false
      filter_batch_size: 10000
      filter_iterations: 25
      relu_only: false
      loose_tanh_threshold: null
      branching_point:
        db_path: branching_points.pt
        num_iterations: 1000
        batch_size: 1000000
        range_l: -5.0
        range_u: 5.0
        log_interval: 100
        step_size_1d: 0.01
        step_size: 0.2
    input_split:
      enable_clip_domains: false
      split_hint: null
      reorder_bab: false
      enable: false
      enhanced_bound_prop_method: alpha-crown
      enhanced_branching_method: naive
      enhanced_bound_patience: 100000000.0
      attack_patience: 100000000.0
      adv_check: 0
      split_partitions: 2
      sb_margin_weight: 1.0
      sb_sum: false
      sb_primary_spec: null
      bf_backup_thresh: -1
      bf_rhs_offset: 0
      bf_iters: 1000000000.0
      bf_batch_size: 100000
      bf_zero_crossing_score: false
      touch_zero_score: 0
      ibp_enhancement: false
      compare_with_old_bounds: false
      update_rhs_with_attack: false
      sb_coeff_thresh: 0.001
      sort_index: null
      sort_descending: true
      show_progress: false
      presplit_domains: null
      skip_getting_worst_domain: false
  attack:
    enabled: false
    beam_candidates: 8
    beam_depth: 7
    max_dive_fix_ratio: 0.8
    min_local_free_ratio: 0.2
    mip_start_iteration: 5
    mip_timeout: 30.0
    adv_pool_threshold: null
    refined_mip_attacker: false
    refined_batch_size: null
attack:
  pgd_order: skip
  pgd_steps: 100
  pgd_restarts: 10
  pgd_batch_size: 100000000
  pgd_early_stop: true
  pgd_lr_decay: 0.99
  pgd_alpha: auto
  pgd_alpha_scale: false
  pgd_loss_mode: null
  pgd_restart_when_stuck: false
  enable_mip_attack: false
  adv_saver: default_adv_saver
  adv_verifier: default_adv_verifier
  early_stop_condition: default_early_stop_condition
  adv_example_finalizer: default_adv_example_finalizer
  pgd_loss: default_pgd_loss
  cex_path: ./test_cex.txt
  attack_mode: PGD
  attack_tolerance: 0.0
  attack_func: attack_with_general_specs
  gama_lambda: 10.0
  gama_decay: 0.9
  check_clean: false
  input_split:
    pgd_steps: 100
    pgd_restarts: 30
    pgd_alpha: auto
  input_split_enhanced:
    pgd_steps: 200
    pgd_restarts: 500000
    pgd_alpha: auto
  input_split_check_adv:
    enabled: auto
    pgd_steps: 5
    pgd_restarts: 5
    pgd_alpha: auto
    max_num_domains: 10
debug:
  view_model: false
  lp_test: null
  rescale_vnnlib_ptb: null
  test_optimized_bounds: false
  test_optimized_bounds_after_n_iterations: 0
  print_verbose_decisions: false
  sanity_check: null
  save_minimal_config: null
  save_minimal_config_omit_keys: []

Experiments at Tue May 26 15:51:37 2026 on dell-pro-max-tower-t2
Pre-compile jit kernels on a toy network.../data1/Kane/miniconda3/envs/GenBaB/lib/python3.11/site-packages/onnx2pytorch/convert/model.py:151: UserWarning: Using experimental implementation that allows 'batch_size > 1'.Batchnorm layers could potentially produce false outputs.
  warnings.warn(
/data1/Kane/miniconda3/envs/GenBaB/lib/python3.11/site-packages/onnx2pytorch/utils.py:21: TracerWarning: Converting a tensor to a Python boolean might cause the trace to be incorrect. We can't record the data flow of Python values, so this value will be treated as a constant in the future. This means that the trace might not generalize to other inputs!
  return value.ndim == 0 or value.shape == torch.Size([1])
/data1/Kane/miniconda3/envs/GenBaB/lib/python3.11/site-packages/onnx2pytorch/operations/add.py:34: TracerWarning: Converting a tensor to a Python boolean might cause the trace to be incorrect. We can't record the data flow of Python values, so this value will be treated as a constant in the future. This means that the trace might not generalize to other inputs!
  elif all(x == 1 for x in input[0].shape):

JIT kernels compiled in 1.1297s.
Internal results will be saved to /data1/Kane/ACT/audit_results/abcrown_nopgd_20260525/tinyimagenet_2024/0196__TinyImageNet_resnet_medium__TinyImageNet_resnet_medium_prop_idx_723_sidx_7730_eps_0.0039.result.

 %%%%%%%%%%%%%%%%%%%%%%%%%%%%%%%%%%% idx: 0, vnnlib ID: 0 %%%%%%%%%%%%%%%%%%%%%%%%%%%%%%%%%%%
Using onnx /data1/Kane/data/vnncomp2025_benchmarks/benchmarks/tinyimagenet_2024/onnx/TinyImageNet_resnet_medium.onnx
Using vnnlib /data1/Kane/data/vnncomp2025_benchmarks/benchmarks/tinyimagenet_2024/vnnlib/TinyImageNet_resnet_medium_prop_idx_723_sidx_7730_eps_0.0039.vnnlib
9408 inputs and 200 outputs in vnnlib
Loading onnx /data1/Kane/data/vnncomp2025_benchmarks/benchmarks/tinyimagenet_2024/onnx/TinyImageNet_resnet_medium.onnx with quirks {}
Onnx optimization with flags: ['merge_bn']
Found existed optimized onnx model at /data1/Kane/data/vnncomp2025_benchmarks/benchmarks/tinyimagenet_2024/onnx/TinyImageNet_resnet_medium.onnx.optimized
Finished onnx model loading in 0.0836 seconds
Model: BoundedModule(
  (/input-1): BoundInput(name=/input-1, inputs=[], perturbed=True)
  (/43): BoundParams(name=/43, inputs=[], perturbed=False)
  (/44): BoundParams(name=/44, inputs=[], perturbed=False)
  (/45): BoundParams(name=/45, inputs=[], perturbed=False)
  (/46): BoundParams(name=/46, inputs=[], perturbed=False)
  (/47): BoundParams(name=/47, inputs=[], perturbed=False)
  (/48): BoundParams(name=/48, inputs=[], perturbed=False)
  (/49): BoundParams(name=/49, inputs=[], perturbed=False)
  (/50): BoundParams(name=/50, inputs=[], perturbed=False)
  (/51): BoundParams(name=/51, inputs=[], perturbed=False)
  (/52): BoundParams(name=/52, inputs=[], perturbed=False)
  (/53): BoundParams(name=/53, inputs=[], perturbed=False)
  (/54): BoundParams(name=/54, inputs=[], perturbed=False)
  (/55): BoundParams(name=/55, inputs=[], perturbed=False)
  (/56): BoundParams(name=/56, inputs=[], perturbed=False)
  (/57): BoundParams(name=/57, inputs=[], perturbed=False)
  (/58): BoundParams(name=/58, inputs=[], perturbed=False)
  (/59): BoundParams(name=/59, inputs=[], perturbed=False)
  (/60): BoundParams(name=/60, inputs=[], perturbed=False)
  (/61): BoundParams(name=/61, inputs=[], perturbed=False)
  (/62): BoundParams(name=/62, inputs=[], perturbed=False)
  (/63): BoundParams(name=/63, inputs=[], perturbed=False)
  (/64): BoundParams(name=/64, inputs=[], perturbed=False)
  (/65): BoundParams(name=/65, inputs=[], perturbed=False)
  (/66): BoundParams(name=/66, inputs=[], perturbed=False)
  (/67): BoundParams(name=/67, inputs=[], perturbed=False)
  (/68): BoundParams(name=/68, inputs=[], perturbed=False)
  (/69): BoundParams(name=/69, inputs=[], perturbed=False)
  (/70): BoundParams(name=/70, inputs=[], perturbed=False)
  (/71): BoundParams(name=/71, inputs=[], perturbed=False)
  (/72): BoundParams(name=/72, inputs=[], perturbed=False)
  (/73): BoundParams(name=/73, inputs=[], perturbed=False)
  (/74): BoundParams(name=/74, inputs=[], perturbed=False)
  (/75): BoundParams(name=/75, inputs=[], perturbed=False)
  (/76): BoundParams(name=/76, inputs=[], perturbed=False)
  (/77): BoundParams(name=/77, inputs=[], perturbed=False)
  (/78): BoundParams(name=/78, inputs=[], perturbed=False)
  (/79): BoundParams(name=/79, inputs=[], perturbed=False)
  (/80): BoundParams(name=/80, inputs=[], perturbed=False)
  (/81): BoundParams(name=/81, inputs=[], perturbed=False)
  (/82): BoundParams(name=/82, inputs=[], perturbed=False)
  (/83): BoundParams(name=/83, inputs=[], perturbed=False)
  (/84): BoundParams(name=/84, inputs=[], perturbed=False)
  (/input): BoundConv(name=/input, inputs=[/input-1, /43, /44], perturbed=True)
  (/input-4): BoundRelu(name=/input-4, inputs=[/input], perturbed=True)
  (/input-8): BoundConv(name=/input-8, inputs=[/input-4, /45, /46], perturbed=True)
  (/input-12): BoundRelu(name=/input-12, inputs=[/input-8], perturbed=True)
  (/89): BoundConv(name=/89, inputs=[/input-12, /47, /48], perturbed=True)
  (/90): BoundConv(name=/90, inputs=[/input-4, /49, /50], perturbed=True)
  (/91): BoundAdd(name=/91, inputs=[/89, /90], perturbed=True)
  (/input-16): BoundConv(name=/input-16, inputs=[/91, /51, /52], perturbed=True)
  (/input-20): BoundRelu(name=/input-20, inputs=[/input-16], perturbed=True)
  (/94): BoundConv(name=/94, inputs=[/input-20, /53, /54], perturbed=True)
  (/95): BoundAdd(name=/95, inputs=[/94, /91], perturbed=True)
  (/input-24): BoundConv(name=/input-24, inputs=[/95, /55, /56], perturbed=True)
  (/input-28): BoundRelu(name=/input-28, inputs=[/input-24], perturbed=True)
  (/98): BoundConv(name=/98, inputs=[/input-28, /57, /58], perturbed=True)
  (/99): BoundAdd(name=/99, inputs=[/98, /95], perturbed=True)
  (/input-32): BoundConv(name=/input-32, inputs=[/99, /59, /60], perturbed=True)
  (/input-36): BoundRelu(name=/input-36, inputs=[/input-32], perturbed=True)
  (/102): BoundConv(name=/102, inputs=[/input-36, /61, /62], perturbed=True)
  (/103): BoundAdd(name=/103, inputs=[/102, /99], perturbed=True)
  (/input-40): BoundConv(name=/input-40, inputs=[/103, /63, /64], perturbed=True)
  (/input-44): BoundRelu(name=/input-44, inputs=[/input-40], perturbed=True)
  (/106): BoundConv(name=/106, inputs=[/input-44, /65, /66], perturbed=True)
  (/107): BoundConv(name=/107, inputs=[/103, /67, /68], perturbed=True)
  (/108): BoundAdd(name=/108, inputs=[/106, /107], perturbed=True)
  (/input-48): BoundConv(name=/input-48, inputs=[/108, /69, /70], perturbed=True)
  (/input-52): BoundRelu(name=/input-52, inputs=[/input-48], perturbed=True)
  (/111): BoundConv(name=/111, inputs=[/input-52, /71, /72], perturbed=True)
  (/112): BoundAdd(name=/112, inputs=[/111, /108], perturbed=True)
  (/input-56): BoundConv(name=/input-56, inputs=[/112, /73, /74], perturbed=True)
  (/input-60): BoundRelu(name=/input-60, inputs=[/input-56], perturbed=True)
  (/115): BoundConv(name=/115, inputs=[/input-60, /75, /76], perturbed=True)
  (/116): BoundAdd(name=/116, inputs=[/115, /112], perturbed=True)
  (/input-64): BoundConv(name=/input-64, inputs=[/116, /77, /78], perturbed=True)
  (/input-68): BoundRelu(name=/input-68, inputs=[/input-64], perturbed=True)
  (/119): BoundConv(name=/119, inputs=[/input-68, /79, /80], perturbed=True)
  (/120): BoundAdd(name=/120, inputs=[/119, /116], perturbed=True)
  (/121): BoundFlatten(name=/121, inputs=[/120], perturbed=True)
  (/input-72): BoundLinear(name=/input-72, inputs=[/121, /81, /82], perturbed=True)
  (/123): BoundRelu(name=/123, inputs=[/input-72], perturbed=True)
  (/124): BoundLinear(name=/124, inputs=[/123, /83, /84], perturbed=True)
)
Original output: tensor([[-25.04997444, -22.32870293, -17.04808235, -21.07969093, -19.69302559,
         -19.42936707, -18.91268921, -18.25420380, -20.07720947, -20.79666901,
         -22.29652023, -16.08365631, -18.80456734, -18.60181236, -22.38731575,
         -21.20740128, -20.49920273, -22.24951744, -20.93112755, -21.62598801,
         -22.52681351, -20.08308220, -18.17451859, -23.94937515, -21.19202995,
         -21.56734848, -21.33434677, -17.81467247, -21.95692635, -17.54769516,
         -19.68701363, -18.82736969, -20.37455559, -18.91442108, -20.21098709,
         -20.46164322, -24.70700264, -21.40563393, -23.01638222, -19.73195267,
         -20.23320770, -20.83027649, -21.54852486, -19.95717812, -23.48290443,
         -22.19310760, -24.73444939, -21.10424232, -17.09975815, -19.56252289,
         -20.48524094, -20.88144875, -23.14851952, -21.33558464, -20.44749260,
         -17.13801575, -17.27536392, -18.98775101, -21.31756401, -20.50424004,
         -18.72598457, -23.06918716, -19.84818840, -15.18828583, -18.71688843,
         -18.11943436, -20.25139809, -16.71411324, -19.69620895, -15.60419750,
         -10.81604958, -18.90817833, -16.97259903, -18.93766594, -18.82065010,
         -16.99288368, -17.37391090, -19.94793701, -18.02897263, -19.62347412,
         -13.48918819, -14.31820011, -19.25018120, -19.99103737, -17.65569305,
         -21.13368797, -19.07766914, -13.79825497, -17.66289902, -17.05993652,
         -21.49829483, -21.23409271, -19.11294556, -22.33209991, -13.55489731,
         -17.93351555, -15.47902203, -15.63658142, -20.17806435, -16.78862572,
         -17.38033676, -19.70879936, -19.19038773, -19.66116524, -16.69802666,
         -20.76770210, -18.60958290, -15.62672710, -19.16044235, -18.81127357,
         -14.85627270, -18.44882584, -20.36414719, -21.28460884, -16.58662415,
         -18.32641792, -15.04395485, -19.36566734, -20.67544937, -17.36270523,
         -17.62372971, -16.66874123, -18.08041573, -17.45663071, -25.62826538,
         -17.33876419, -19.38385773, -17.23073959, -19.63091278, -21.46413994,
         -18.87495613, -19.67519188, -20.38467789, -14.44292545, -18.49803543,
         -19.34613228, -17.35282898, -16.73600960, -18.83650780, -15.75464535,
         -17.29654503, -20.34567833, -19.41479111, -17.79943848, -20.06907654,
         -19.94514847, -22.20500374, -17.84869766, -18.92043304, -20.36162567,
         -18.74283981, -18.92111206, -21.54232025, -13.74634743, -20.05190849,
         -16.94790077, -16.09419441, -22.01049042, -16.19656563, -18.07868576,
         -16.53199577, -20.34289360, -20.42112923, -21.02280617, -19.25897408,
         -21.59340477, -16.85044289, -20.01991653, -17.02859306, -21.75032997,
         -24.49998856, -17.71874619, -15.18385696, -21.49974632, -15.59377480,
         -19.26693153, -20.05948067, -20.79622459, -21.17539024, -19.33151817,
         -18.67041206, -19.13859749, -20.38068199, -21.05650139, -25.26687813,
         -19.84595299, -25.95072556, -22.81074142, -22.93084526, -25.86577225,
         -21.22543716, -24.05636024, -21.96027756, -17.10314941, -20.75928879,
         -19.18490028, -23.36051178, -18.06192780, -16.57347107, -20.01335907]],
       device='cuda:0')
Split layers:
Nonlinear functions:
   BoundRelu(name=/input-4, inputs=[/input], perturbed=True)
   BoundRelu(name=/input-12, inputs=[/input-8], perturbed=True)
   BoundRelu(name=/input-20, inputs=[/input-16], perturbed=True)
   BoundRelu(name=/input-28, inputs=[/input-24], perturbed=True)
   BoundRelu(name=/input-36, inputs=[/input-32], perturbed=True)
   BoundRelu(name=/input-44, inputs=[/input-40], perturbed=True)
   BoundRelu(name=/input-52, inputs=[/input-48], perturbed=True)
   BoundRelu(name=/input-60, inputs=[/input-56], perturbed=True)
   BoundRelu(name=/input-68, inputs=[/input-64], perturbed=True)
   BoundRelu(name=/123, inputs=[/input-72], perturbed=True)
layer /input-4 using sparse-features alpha with shape [811]; unstable size 811; total size 46656 ([1, 64, 27, 27])
layer /input-4 start_node /input-8 using full alpha [2, 128, 1, 811] with unstable size 118 total_size 128 output_shape 128
layer /input-4 start_node /input-16 using sparse-spec alpha [2, 279, 1, 811] with unstable size 278 total_size 25088 output_shape (128, 14, 14)
layer /input-4 start_node /input-32 using sparse-spec alpha [2, 24, 1, 811] with unstable size 23 total_size 25088 output_shape (128, 14, 14)
layer /input-4 start_node /input-40 using sparse-spec alpha [2, 84, 1, 811] with unstable size 83 total_size 6272 output_shape torch.Size([128, 7, 7])
layer /input-4 start_node /input-72 using sparse-spec alpha [2, 57, 1, 811] with unstable size 56 total_size 200 output_shape torch.Size([200])
layer /input-4 start_node /124 using full alpha [2, 199, 1, 811] with unstable size None total_size 199 output_shape 199
layer /input-12 using sparse-features alpha with shape [568]; unstable size 568; total size 25088 ([1, 128, 14, 14])
layer /input-12 start_node /input-16 using sparse-spec alpha [2, 279, 1, 568] with unstable size 278 total_size 25088 output_shape (128, 14, 14)
layer /input-12 start_node /input-32 using sparse-spec alpha [2, 24, 1, 568] with unstable size 23 total_size 25088 output_shape (128, 14, 14)
layer /input-12 start_node /input-40 using sparse-spec alpha [2, 84, 1, 568] with unstable size 83 total_size 6272 output_shape torch.Size([128, 7, 7])
layer /input-12 start_node /input-72 using sparse-spec alpha [2, 57, 1, 568] with unstable size 56 total_size 200 output_shape torch.Size([200])
layer /input-12 start_node /124 using full alpha [2, 199, 1, 568] with unstable size None total_size 199 output_shape 199
layer /input-20 using sparse-features alpha with shape [278]; unstable size 278; total size 25088 ([1, 128, 14, 14])
layer /input-20 start_node /input-32 using sparse-spec alpha [2, 24, 1, 278] with unstable size 23 total_size 25088 output_shape (128, 14, 14)
layer /input-20 start_node /input-40 using sparse-spec alpha [2, 84, 1, 278] with unstable size 83 total_size 6272 output_shape (128, 7, 7)
layer /input-20 start_node /input-72 using sparse-spec alpha [2, 57, 1, 278] with unstable size 56 total_size 200 output_shape torch.Size([200])
layer /input-20 start_node /124 using full alpha [2, 199, 1, 278] with unstable size None total_size 199 output_shape 199
layer /input-28 using sparse-features alpha with shape [0]; unstable size 0; total size 25088 ([1, 128, 14, 14])
layer /input-28 start_node /input-32 using sparse-spec alpha [2, 24, 1, 0] with unstable size 23 total_size 25088 output_shape (128, 14, 14)
layer /input-28 start_node /input-40 using sparse-spec alpha [2, 84, 1, 0] with unstable size 83 total_size 6272 output_shape (128, 7, 7)
layer /input-28 start_node /input-72 using sparse-spec alpha [2, 57, 1, 0] with unstable size 56 total_size 200 output_shape torch.Size([200])
layer /input-28 start_node /124 using full alpha [2, 199, 1, 0] with unstable size None total_size 199 output_shape 199
layer /input-36 using sparse-features alpha with shape [23]; unstable size 23; total size 25088 ([1, 128, 14, 14])
layer /input-36 start_node /input-40 using sparse-spec alpha [2, 84, 1, 23] with unstable size 83 total_size 6272 output_shape (128, 7, 7)
layer /input-36 start_node /input-72 using sparse-spec alpha [2, 57, 1, 23] with unstable size 56 total_size 200 output_shape torch.Size([200])
layer /input-36 start_node /124 using full alpha [2, 199, 1, 23] with unstable size None total_size 199 output_shape 199
layer /input-44 using sparse-features alpha with shape [83]; unstable size 83; total size 6272 ([1, 128, 7, 7])
layer /input-44 start_node /input-72 using sparse-spec alpha [2, 57, 1, 83] with unstable size 56 total_size 200 output_shape torch.Size([200])
layer /input-44 start_node /124 using full alpha [2, 199, 1, 83] with unstable size None total_size 199 output_shape 199
layer /input-52 using sparse-features alpha with shape [0]; unstable size 0; total size 6272 ([1, 128, 7, 7])
layer /input-52 start_node /input-72 using sparse-spec alpha [2, 57, 1, 0] with unstable size 56 total_size 200 output_shape torch.Size([200])
layer /input-52 start_node /124 using full alpha [2, 199, 1, 0] with unstable size None total_size 199 output_shape 199
layer /input-60 using sparse-features alpha with shape [0]; unstable size 0; total size 6272 ([1, 128, 7, 7])
layer /input-60 start_node /input-72 using sparse-spec alpha [2, 57, 1, 0] with unstable size 56 total_size 200 output_shape torch.Size([200])
layer /input-60 start_node /124 using full alpha [2, 199, 1, 0] with unstable size None total_size 199 output_shape 199
layer /input-68 using sparse-features alpha with shape [0]; unstable size 0; total size 6272 ([1, 128, 7, 7])
layer /input-68 start_node /input-72 using sparse-spec alpha [2, 57, 1, 0] with unstable size 56 total_size 200 output_shape torch.Size([200])
layer /input-68 start_node /124 using full alpha [2, 199, 1, 0] with unstable size None total_size 199 output_shape 199
layer /123 using sparse-features alpha with shape [56]; unstable size 56; total size 200 ([1, 200])
layer /123 start_node /124 using full alpha [2, 199, 1, 56] with unstable size None total_size 199 output_shape 199
Optimizable variables initialized.
initial CROWN bounds: tensor([[10.92122841,  8.00914764,  2.90436268,  6.85055637,  5.52936411,
          5.18826675,  4.68032694,  4.01320553,  5.74162436,  6.76286316,
          7.92331696,  1.67681026,  4.53086281,  4.80577374,  8.09282875,
          6.86705589,  5.95639706,  8.09574986,  6.96040344,  7.76817608,
          8.15860558,  5.33980465,  3.64817572,  9.84641838,  6.60735321,
          7.36914492,  6.85849285,  3.48963261,  7.32559299,  3.60451269,
          5.29637146,  5.07810450,  5.92204332,  4.78048944,  6.08024263,
          6.07955837, 10.43165207,  7.61596394,  8.80286503,  5.69527292,
          6.01302433,  7.01980925,  7.29220581,  5.76528883,  9.21990108,
          7.84084702, 10.26127529,  6.97514534,  3.43967485,  5.64433289,
          6.45837688,  6.27034616,  8.56066036,  6.85392284,  5.93638659,
          2.97733974,  3.04512501,  4.85781956,  6.79505348,  6.01912975,
          4.45716810,  8.91240692,  5.70764828,  1.02766323,  4.54283905,
          4.03489876,  6.18031597,  2.75705338,  5.12211800,  1.86581230,
          4.27890205,  2.97228718,  4.79932404,  4.28984928,  3.17042065,
          3.03966999,  5.50864124,  3.90443707,  5.74454546, -0.76474571,
          0.70578194,  5.23674870,  5.61143875,  3.74673891,  7.14638662,
          4.87604427, -0.13473415,  3.50362062,  3.04222822,  7.01931095,
          6.88655090,  4.17434597,  7.95501423,  0.74044943,  3.77033067,
          1.76341629,  1.60780895,  5.63673973,  2.67715454,  2.99119473,
          5.67758942,  5.35269880,  5.85837030,  2.66135025,  6.63319683,
          4.23449039,  1.60464430,  5.16045094,  4.79402208,  0.62163639,
          4.39515352,  6.00958920,  6.83935738,  2.49230719,  4.69001484,
          1.96249533,  4.92399883,  6.52060652,  3.06089592,  3.22100687,
          3.22954464,  3.95719814,  3.25672531, 10.73414040,  3.58201790,
          5.74582148,  3.17428303,  5.63202953,  7.54614782,  4.21139240,
          5.10724163,  6.13199997,  1.09831476,  4.76219940,  5.30939388,
          3.00265598,  2.74923658,  4.54405499,  1.68029690,  3.15209293,
          5.81726170,  4.89584064,  3.52211761,  5.61620569,  6.01245689,
          7.64609051,  3.75289059,  4.20220852,  6.20148373,  4.46281099,
          4.82958794,  7.18510437,  0.46042633,  5.94964409,  2.72686577,
          2.31350756,  7.46000385,  1.84019279,  4.13345337,  2.40336609,
          5.95482063,  6.08127308,  6.71856880,  5.43406534,  7.28592110,
          3.29936552,  6.00784779,  2.91968727,  7.56145000,  9.85264969,
          3.65526199,  1.40789127,  7.22865295,  1.61576986,  5.27093983,
          5.79013920,  6.49945688,  6.68889427,  4.96327353,  4.25760174,
          4.99889278,  5.89162636,  6.55086613, 10.62233448,  5.43194342,
         11.06452656,  7.78554726,  8.00188065, 11.12095451,  6.74823856,
          9.70333099,  7.51907921,  2.94684029,  6.36704016,  5.09780502,
          9.22915840,  3.89614296,  2.22026634,  5.59140635]], device='cuda:0') None
prune_after_crown optimization in use: original label size = 199 pruned label size = 2
best_l after optimization: -0.36459827423095703
alpha/beta optimization time: 3.176506519317627
initial alpha-crown bounds: tensor([[        inf,         inf,         inf,         inf,         inf,
                 inf,         inf,         inf,         inf,         inf,
                 inf,         inf,         inf,         inf,         inf,
                 inf,         inf,         inf,         inf,         inf,
                 inf,         inf,         inf,         inf,         inf,
                 inf,         inf,         inf,         inf,         inf,
                 inf,         inf,         inf,         inf,         inf,
                 inf,         inf,         inf,         inf,         inf,
                 inf,         inf,         inf,         inf,         inf,
                 inf,         inf,         inf,         inf,         inf,
                 inf,         inf,         inf,         inf,         inf,
                 inf,         inf,         inf,         inf,         inf,
                 inf,         inf,         inf,         inf,         inf,
                 inf,         inf,         inf,         inf,         inf,
                 inf,         inf,         inf,         inf,         inf,
                 inf,         inf,         inf,         inf, -0.45919991,
                 inf,         inf,         inf,         inf,         inf,
                 inf,  0.09460163,         inf,         inf,         inf,
                 inf,         inf,         inf,         inf,         inf,
                 inf,         inf,         inf,         inf,         inf,
                 inf,         inf,         inf,         inf,         inf,
                 inf,         inf,         inf,         inf,         inf,
                 inf,         inf,         inf,         inf,         inf,
                 inf,         inf,         inf,         inf,         inf,
                 inf,         inf,         inf,         inf,         inf,
                 inf,         inf,         inf,         inf,         inf,
                 inf,         inf,         inf,         inf,         inf,
                 inf,         inf,         inf,         inf,         inf,
                 inf,         inf,         inf,         inf,         inf,
                 inf,         inf,         inf,         inf,         inf,
                 inf,         inf,         inf,         inf,         inf,
                 inf,         inf,         inf,         inf,         inf,
                 inf,         inf,         inf,         inf,         inf,
                 inf,         inf,         inf,         inf,         inf,
                 inf,         inf,         inf,         inf,         inf,
                 inf,         inf,         inf,         inf,         inf,
                 inf,         inf,         inf,         inf,         inf,
                 inf,         inf,         inf,         inf,         inf,
                 inf,         inf,         inf,         inf,         inf,
                 inf,         inf,         inf,         inf]], device='cuda:0')
Number of class (without rhs): 1 ; Worst class: (+ rhs) -0.4591999053955078
Total VNNLIB file length: 199, max property batch size: 200, total number of batches: 1
lA shape: [torch.Size([199, 1, 64, 27, 27]), torch.Size([199, 1, 128, 14, 14]), torch.Size([199, 1, 128, 14, 14]), torch.Size([199, 1, 128, 14, 14]), torch.Size([199, 1, 128, 14, 14]), torch.Size([199, 1, 128, 7, 7]), torch.Size([199, 1, 128, 7, 7]), torch.Size([199, 1, 128, 7, 7]), torch.Size([199, 1, 128, 7, 7]), torch.Size([199, 1, 200])]

Properties batch 0, size 199
Remaining timeout: 92.70921754837036
Verifying property 0 with 199 instances.
##### Instance 0 first 10 spec matrices: 
tensor([[[-1.,  0.,  0.,  ...,  0.,  0.,  0.]],

        [[ 0., -1.,  0.,  ...,  0.,  0.,  0.]],

        [[ 0.,  0., -1.,  ...,  0.,  0.,  0.]],

        ...,

        [[ 0.,  0.,  0.,  ...,  0.,  0.,  0.]],

        [[ 0.,  0.,  0.,  ...,  0.,  0.,  0.]],

        [[ 0.,  0.,  0.,  ...,  0.,  0.,  0.]]], dtype=torch.float64)
thresholds: tensor([0., 0., 0., 0., 0., 0., 0., 0., 0., 0.], device='cuda:0') ######
Initial alpha-CROWN verified for spec index tensor([  0,   1,   2,   3,   4,   5,   6,   7,   8,   9,  10,  11,  12,  13,
         14,  15,  16,  17,  18,  19,  20,  21,  22,  23,  24,  25,  26,  27,
         28,  29,  30,  31,  32,  33,  34,  35,  36,  37,  38,  39,  40,  41,
         42,  43,  44,  45,  46,  47,  48,  49,  50,  51,  52,  53,  54,  55,
         56,  57,  58,  59,  60,  61,  62,  63,  64,  65,  66,  67,  68,  69,
         70,  71,  72,  73,  74,  75,  76,  77,  78,  80,  81,  82,  83,  84,
         85,  86,  87,  88,  89,  90,  91,  92,  93,  94,  95,  96,  97,  98,
         99, 100, 101, 102, 103, 104, 105, 106, 107, 108, 109, 110, 111, 112,
        113, 114, 115, 116, 117, 118, 119, 120, 121, 122, 123, 124, 125, 126,
        127, 128, 129, 130, 131, 132, 133, 134, 135, 136, 137, 138, 139, 140,
        141, 142, 143, 144, 145, 146, 147, 148, 149, 150, 151, 152, 153, 154,
        155, 156, 157, 158, 159, 160, 161, 162, 163, 164, 165, 166, 167, 168,
        169, 170, 171, 172, 173, 174, 175, 176, 177, 178, 179, 180, 181, 182,
        183, 184, 185, 186, 187, 188, 189, 190, 191, 192, 193, 194, 195, 196,
        197, 198], device='cuda:0') with bound tensor([       inf,        inf,        inf,        inf,        inf,        inf,
               inf,        inf,        inf,        inf,        inf,        inf,
               inf,        inf,        inf,        inf,        inf,        inf,
               inf,        inf,        inf,        inf,        inf,        inf,
               inf,        inf,        inf,        inf,        inf,        inf,
               inf,        inf,        inf,        inf,        inf,        inf,
               inf,        inf,        inf,        inf,        inf,        inf,
               inf,        inf,        inf,        inf,        inf,        inf,
               inf,        inf,        inf,        inf,        inf,        inf,
               inf,        inf,        inf,        inf,        inf,        inf,
               inf,        inf,        inf,        inf,        inf,        inf,
               inf,        inf,        inf,        inf,        inf,        inf,
               inf,        inf,        inf,        inf,        inf,        inf,
               inf,        inf,        inf,        inf,        inf,        inf,
               inf, 0.09460163,        inf,        inf,        inf,        inf,
               inf,        inf,        inf,        inf,        inf,        inf,
               inf,        inf,        inf,        inf,        inf,        inf,
               inf,        inf,        inf,        inf,        inf,        inf,
               inf,        inf,        inf,        inf,        inf,        inf,
               inf,        inf,        inf,        inf,        inf,        inf,
               inf,        inf,        inf,        inf,        inf,        inf,
               inf,        inf,        inf,        inf,        inf,        inf,
               inf,        inf,        inf,        inf,        inf,        inf,
               inf,        inf,        inf,        inf,        inf,        inf,
               inf,        inf,        inf,        inf,        inf,        inf,
               inf,        inf,        inf,        inf,        inf,        inf,
               inf,        inf,        inf,        inf,        inf,        inf,
               inf,        inf,        inf,        inf,        inf,        inf,
               inf,        inf,        inf,        inf,        inf,        inf,
               inf,        inf,        inf,        inf,        inf,        inf,
               inf,        inf,        inf,        inf,        inf,        inf,
               inf,        inf,        inf,        inf,        inf,        inf,
               inf,        inf,        inf,        inf,        inf,        inf],
       device='cuda:0').
Remaining spec index tensor([79], device='cuda:0') with bounds tensor([[-0.45919991]], device='cuda:0') need to verify.
Model prediction is: tensor([-25.04997444, -22.32870293, -17.04808235, -21.07969093, -19.69302559,
        -19.42936707, -18.91268921, -18.25420380, -20.07720947, -20.79666901,
        -22.29652023, -16.08365631, -18.80456734, -18.60181236, -22.38731575,
        -21.20740128, -20.49920273, -22.24951744, -20.93112755, -21.62598801,
        -22.52681351, -20.08308220, -18.17451859, -23.94937515, -21.19202995,
        -21.56734848, -21.33434677, -17.81467247, -21.95692635, -17.54769516,
        -19.68701363, -18.82736969, -20.37455559, -18.91442108, -20.21098709,
        -20.46164322, -24.70700264, -21.40563393, -23.01638222, -19.73195267,
        -20.23320770, -20.83027649, -21.54852486, -19.95717812, -23.48290443,
        -22.19310760, -24.73444939, -21.10424232, -17.09975815, -19.56252289,
        -20.48524094, -20.88144875, -23.14851952, -21.33558464, -20.44749260,
        -17.13801575, -17.27536392, -18.98775101, -21.31756401, -20.50424004,
        -18.72598457, -23.06918716, -19.84818840, -15.18828583, -18.71688843,
        -18.11943436, -20.25139809, -16.71411324, -19.69620895, -15.60419750,
        -10.81604958, -18.90817833, -16.97259903, -18.93766594, -18.82065010,
        -16.99288368, -17.37391090, -19.94793701, -18.02897263, -19.62347412,
        -13.48918819, -14.31820011, -19.25018120, -19.99103737, -17.65569305,
        -21.13368797, -19.07766914, -13.79825497, -17.66289902, -17.05993652,
        -21.49829483, -21.23409271, -19.11294556, -22.33209991, -13.55489731,
        -17.93351555, -15.47902203, -15.63658142, -20.17806435, -16.78862572,
        -17.38033676, -19.70879936, -19.19038773, -19.66116524, -16.69802666,
        -20.76770210, -18.60958290, -15.62672710, -19.16044235, -18.81127357,
        -14.85627270, -18.44882584, -20.36414719, -21.28460884, -16.58662415,
        -18.32641792, -15.04395485, -19.36566734, -20.67544937, -17.36270523,
        -17.62372971, -16.66874123, -18.08041573, -17.45663071, -25.62826538,
        -17.33876419, -19.38385773, -17.23073959, -19.63091278, -21.46413994,
        -18.87495613, -19.67519188, -20.38467789, -14.44292545, -18.49803543,
        -19.34613228, -17.35282898, -16.73600960, -18.83650780, -15.75464535,
        -17.29654503, -20.34567833, -19.41479111, -17.79943848, -20.06907654,
        -19.94514847, -22.20500374, -17.84869766, -18.92043304, -20.36162567,
        -18.74283981, -18.92111206, -21.54232025, -13.74634743, -20.05190849,
        -16.94790077, -16.09419441, -22.01049042, -16.19656563, -18.07868576,
        -16.53199577, -20.34289360, -20.42112923, -21.02280617, -19.25897408,
        -21.59340477, -16.85044289, -20.01991653, -17.02859306, -21.75032997,
        -24.49998856, -17.71874619, -15.18385696, -21.49974632, -15.59377480,
        -19.26693153, -20.05948067, -20.79622459, -21.17539024, -19.33151817,
        -18.67041206, -19.13859749, -20.38068199, -21.05650139, -25.26687813,
        -19.84595299, -25.95072556, -22.81074142, -22.93084526, -25.86577225,
        -21.22543716, -24.05636024, -21.96027756, -17.10314941, -20.75928879,
        -19.18490028, -23.36051178, -18.06192780, -16.57347107, -20.01335907],
       device='cuda:0')
build_with_refined_bounds batch [1/1]
setting alpha for layer /input-4 start_node /124 with alignment adjustment
setting alpha for layer /input-12 start_node /124 with alignment adjustment
setting alpha for layer /input-20 start_node /124 with alignment adjustment
setting alpha for layer /input-28 start_node /124 with alignment adjustment
setting alpha for layer /input-36 start_node /124 with alignment adjustment
setting alpha for layer /input-44 start_node /124 with alignment adjustment
setting alpha for layer /input-52 start_node /124 with alignment adjustment
setting alpha for layer /input-60 start_node /124 with alignment adjustment
setting alpha for layer /input-68 start_node /124 with alignment adjustment
setting alpha for layer /123 start_node /124 with alignment adjustment
all alpha initialized
directly get lb and ub from refined bounds
c shape: torch.Size([1, 1, 200])
lA shapes: [torch.Size([1, 1, 64, 27, 27]), torch.Size([1, 1, 128, 14, 14]), torch.Size([1, 1, 128, 14, 14]), torch.Size([1, 1, 128, 14, 14]), torch.Size([1, 1, 128, 14, 14]), torch.Size([1, 1, 128, 7, 7]), torch.Size([1, 1, 128, 7, 7]), torch.Size([1, 1, 128, 7, 7]), torch.Size([1, 1, 128, 7, 7]), torch.Size([1, 1, 200])]
(alpha-)CROWN with fixed intermediate bounds: tensor([[-0.45919991]], device='cuda:0') tensor([[inf]], device='cuda:0')
Intermediate layers: /input,/input-8,/input-16,/input-24,/input-32,/input-40,/input-48,/input-56,/input-64,/input-72,/124
Keeping alphas for these layers: ['/124']
Keeping alphas for these layers: ['/124']
Node /input-4 input 0: size torch.Size([64, 27, 27]) unstable 811
Node /input-12 input 0: size torch.Size([128, 14, 14]) unstable 562
Node /input-20 input 0: size torch.Size([128, 14, 14]) unstable 270
Node /input-28 input 0: size torch.Size([128, 14, 14]) unstable 0
Node /input-36 input 0: size torch.Size([128, 14, 14]) unstable 23
Node /input-44 input 0: size torch.Size([128, 7, 7]) unstable 80
Node /input-52 input 0: size torch.Size([128, 7, 7]) unstable 0
Node /input-60 input 0: size torch.Size([128, 7, 7]) unstable 0
Node /input-68 input 0: size torch.Size([128, 7, 7]) unstable 0
Node /123 input 0: size torch.Size([200]) unstable 55
-----------------
# of unstable neurons: 1801
-----------------

BaB round 1
batch: 1
splitting decisions: 
split level 0: [/input-72, 190] 
split level 1: [/input-72, 39] 
split level 2: [/input-72, 125] 
split level 3: [/input-72, 122] 
pruning_in_iteration open status: True
ratio of positive domain = 15 / 16 = 0.9375
pruning-in-iteration extra time: 0.002653360366821289
Time: prepare 0.0004    bound 0.2195    transfer 0.0028    finalize 0.0004    func 0.2231    
Accumulated time: func 0.2231    prepare 0.0008    bound 0.2195    transfer 0.0028    finalize 0.0004    
Current worst splitting domains lb-rhs (depth):
-0.06246 (4), 
Length of domains: 1
Time: pickout 0.0007    decision 0.1854    set_bounds 0.0014    solve 0.2231    add 0.0006    
Accumulated time: pickout 0.0007    decision 0.1854    set_bounds 0.0014    solve 0.2231    add 0.0006    
Current (lb-rhs): -0.062458038330078125
1 domains visited
Cumulative time: 1.1137866973876953

BaB round 2
batch: 1
splitting decisions: 
split level 0: [/input-72, 128] 
split level 1: [/input-72, 74] 
split level 2: [/input-72, 157] 
split level 3: [/input-72, 179] 

all verified at 0th iter
pruning_in_iteration open status: False
ratio of positive domain = 16 / 16 = 1.0
pruning-in-iteration extra time: 3.552436828613281e-05
Time: prepare 0.0006    bound 0.0089    transfer 0.0014    finalize 0.0003    func 0.0112    
Accumulated time: func 0.2343    prepare 0.0018    bound 0.2284    transfer 0.0042    finalize 0.0006    
Length of domains: 0
Time: pickout 0.0007    decision 0.0469    set_bounds 0.0012    solve 0.0112    add 0.0000    
Accumulated time: pickout 0.0013    decision 0.2323    set_bounds 0.0025    solve 0.2344    add 0.0007    
No domains left, verification finished!
Current (lb-rhs): 1.0000000116860974e-07
1 domains visited
Cumulative time: 1.1739716529846191

Result: unsat
Time: 8.725074291229248

------------------------- COMMAND ------------------------------
/data1/Kane/miniconda3/envs/GenBaB/bin/python /data1/Kane/GenBaB/alpha-beta-CROWN/complete_verifier/abcrown.py --config /data1/Kane/GenBaB/alpha-beta-CROWN/complete_verifier/exp_configs/vnncomp24/tinyimagenet.yaml --precompile_jit --onnx_path /data1/Kane/data/vnncomp2025_benchmarks/benchmarks/tinyimagenet_2024/onnx/TinyImageNet_resnet_medium.onnx --vnnlib_path /data1/Kane/data/vnncomp2025_benchmarks/benchmarks/tinyimagenet_2024/vnnlib/TinyImageNet_resnet_medium_prop_idx_723_sidx_7730_eps_0.0039.vnnlib --results_file /data1/Kane/ACT/audit_results/abcrown_nopgd_20260525/tinyimagenet_2024/0196__TinyImageNet_resnet_medium__TinyImageNet_resnet_medium_prop_idx_723_sidx_7730_eps_0.0039.result --timeout 100.0 --save_adv_example --pgd_order=skip
----------------------------------------------------------------

