Warning: Gurobi not available. Some operations will use alternative solvers.
[ACT] Auto-detecting project root: .
[ACT] Gurobi license found: modules/gurobi/gurobi.lic
======================================================================
RNN/GRU/LSTM/Embedding Validation Test Suite
======================================================================

[TEST] LSTM: Single Layer, Unidirectional
  ✓ PASSED: All samples within bounds

[TEST] LSTM: Multi-Layer (2 layers)
  ✓ PASSED: All samples within bounds

[TEST] LSTM: Three Layers
  ✓ PASSED: All samples within bounds

[TEST] LSTM: Bidirectional
  ✓ PASSED: All samples within bounds

[TEST] GRU: Single Layer
  ✓ PASSED: All samples within bounds

[TEST] RNN: Single Layer (tanh)
  ✓ PASSED: All samples within bounds

[TEST] RNN: Single Layer (relu)
  ✓ PASSED: All samples within bounds

[TEST] Embedding
  ✓ PASSED: Embedding bounds cover all possible embeddings

[TEST] Metadata Validation
  ✓ PASSED: Correctly raises error for missing metadata

[TEST] Weight Validation
  ✓ PASSED: Correctly raises error for missing weights

======================================================================
Test Results: 10/10 passed
======================================================================

✓ All tests passed!
