[ACT] Auto-detecting project root: .
[ACT] Gurobi license found: modules/gurobi/gurobi.lic
{
  "benchmark": "lsnc_relu",
  "instance_id": 5,
  "status": "OK",
  "cli_normalized": "OK",
  "wall_s": 10.506204486009665,
  "peak_rss_mb": 1642.08984375,
  "returncode": 0,
  "per_instance_json": "/data1/Kane/ACT/audit_results/lsnc_multicand_sample_20260529T144747Z/b/per_instance_lsnc_relu_20260529T144759250983Z.json",
  "out_dir": "/data1/Kane/ACT/audit_results/lsnc_multicand_sample_20260529T144747Z/b",
  "stdout_tail": "r:Extracted input shape: [1, 6]\nINFO:act.front_end.vnnlib_loader.data_model_loader:  \u2713 Input shape: (1, 6)\nINFO:act.front_end.vnnlib_loader.data_model_loader:[3/3] Parsing VNNLIB specification...\nINFO:act.front_end.vnnlib_loader.vnnlib_parser:Parsed VNNLIB: 6 inputs, 8 outputs, type=unknown\nINFO:act.front_end.vnnlib_loader.data_model_loader:  \u2713 Parsed VNNLIB: 6 inputs, 8 outputs\nINFO:act.front_end.vnnlib_loader.data_model_loader:Successfully loaded VNNLIB instance from 'lsnc_relu'\nINFO:act.front_end.vnnlib_loader.vnnlib_parser:Parsed quadrotor2d_state_5.vnnlib: 13 query(ies)\n[ACT] Using existing Gurobi license: modules/gurobi/gurobi.lic\n\u2705 Device Manager Initialized: device=cuda:0, dtype=torch.float64\n\n================================================================================\nACT: Abstract Constraint Transformer\nInference-based whitebox fuzzing for neural network verification\n================================================================================\n\n\n================================================================================\nVERIFICATION TEST: VNNLIB \u2192 VerifiableModel \u2192 verify_once\n================================================================================\n\n[vnnlib] category=lsnc_relu max_instances=1 mode=hybridz (full TOP1_ROBUST via labeled_tensor collapse; device=cuda, timeout=120.0s)\n  [  1/1] lsnc_relu/onnx/relu_quadrotor2d_state.onnx@vnnlib/quadrotor2d_state_5.vnnlib: UNKNOWN (7.5s)  V=0 A=0 U=1 E=0  R=0\n\n[vnnlib/hybridz] FINAL \u2014 total=1 wall=0.1 min\n  UNKNOWN      1\n  [structured] per-instance log \u2192 /data1/Kane/ACT/audit_results/lsnc_multicand_sample_20260529T144747Z/b/per_instance_lsnc_relu_20260529T144759250983Z.json\n\n================================================================================\nVERIFICATION TEST SUMMARY\n================================================================================\n  \u2705 vnnlib                    PASSED\n================================================================================\n\n"
}
{
  "benchmark": "lsnc_relu",
  "instance_id": 6,
  "status": "OK",
  "cli_normalized": "OK",
  "wall_s": 10.505157020990737,
  "peak_rss_mb": 1622.2890625,
  "returncode": 0,
  "per_instance_json": "/data1/Kane/ACT/audit_results/lsnc_multicand_sample_20260529T144747Z/b/per_instance_lsnc_relu_20260529T144809686036Z.json",
  "out_dir": "/data1/Kane/ACT/audit_results/lsnc_multicand_sample_20260529T144747Z/b",
  "stdout_tail": "r:Extracted input shape: [1, 6]\nINFO:act.front_end.vnnlib_loader.data_model_loader:  \u2713 Input shape: (1, 6)\nINFO:act.front_end.vnnlib_loader.data_model_loader:[3/3] Parsing VNNLIB specification...\nINFO:act.front_end.vnnlib_loader.vnnlib_parser:Parsed VNNLIB: 6 inputs, 8 outputs, type=unknown\nINFO:act.front_end.vnnlib_loader.data_model_loader:  \u2713 Parsed VNNLIB: 6 inputs, 8 outputs\nINFO:act.front_end.vnnlib_loader.data_model_loader:Successfully loaded VNNLIB instance from 'lsnc_relu'\nINFO:act.front_end.vnnlib_loader.vnnlib_parser:Parsed quadrotor2d_state_6.vnnlib: 13 query(ies)\n[ACT] Using existing Gurobi license: modules/gurobi/gurobi.lic\n\u2705 Device Manager Initialized: device=cuda:0, dtype=torch.float64\n\n================================================================================\nACT: Abstract Constraint Transformer\nInference-based whitebox fuzzing for neural network verification\n================================================================================\n\n\n================================================================================\nVERIFICATION TEST: VNNLIB \u2192 VerifiableModel \u2192 verify_once\n================================================================================\n\n[vnnlib] category=lsnc_relu max_instances=1 mode=hybridz (full TOP1_ROBUST via labeled_tensor collapse; device=cuda, timeout=120.0s)\n  [  1/1] lsnc_relu/onnx/relu_quadrotor2d_state.onnx@vnnlib/quadrotor2d_state_6.vnnlib: UNKNOWN (7.5s)  V=0 A=0 U=1 E=0  R=0\n\n[vnnlib/hybridz] FINAL \u2014 total=1 wall=0.1 min\n  UNKNOWN      1\n  [structured] per-instance log \u2192 /data1/Kane/ACT/audit_results/lsnc_multicand_sample_20260529T144747Z/b/per_instance_lsnc_relu_20260529T144809686036Z.json\n\n================================================================================\nVERIFICATION TEST SUMMARY\n================================================================================\n  \u2705 vnnlib                    PASSED\n================================================================================\n\n"
}
{
  "benchmark": "lsnc_relu",
  "instance_id": 7,
  "status": "OK",
  "cli_normalized": "OK",
  "wall_s": 10.505641413037665,
  "peak_rss_mb": 1627.6640625,
  "returncode": 0,
  "per_instance_json": "/data1/Kane/ACT/audit_results/lsnc_multicand_sample_20260529T144747Z/b/per_instance_lsnc_relu_20260529T144820180947Z.json",
  "out_dir": "/data1/Kane/ACT/audit_results/lsnc_multicand_sample_20260529T144747Z/b",
  "stdout_tail": "r:Extracted input shape: [1, 6]\nINFO:act.front_end.vnnlib_loader.data_model_loader:  \u2713 Input shape: (1, 6)\nINFO:act.front_end.vnnlib_loader.data_model_loader:[3/3] Parsing VNNLIB specification...\nINFO:act.front_end.vnnlib_loader.vnnlib_parser:Parsed VNNLIB: 6 inputs, 8 outputs, type=unknown\nINFO:act.front_end.vnnlib_loader.data_model_loader:  \u2713 Parsed VNNLIB: 6 inputs, 8 outputs\nINFO:act.front_end.vnnlib_loader.data_model_loader:Successfully loaded VNNLIB instance from 'lsnc_relu'\nINFO:act.front_end.vnnlib_loader.vnnlib_parser:Parsed quadrotor2d_state_7.vnnlib: 13 query(ies)\n[ACT] Using existing Gurobi license: modules/gurobi/gurobi.lic\n\u2705 Device Manager Initialized: device=cuda:0, dtype=torch.float64\n\n================================================================================\nACT: Abstract Constraint Transformer\nInference-based whitebox fuzzing for neural network verification\n================================================================================\n\n\n================================================================================\nVERIFICATION TEST: VNNLIB \u2192 VerifiableModel \u2192 verify_once\n================================================================================\n\n[vnnlib] category=lsnc_relu max_instances=1 mode=hybridz (full TOP1_ROBUST via labeled_tensor collapse; device=cuda, timeout=120.0s)\n  [  1/1] lsnc_relu/onnx/relu_quadrotor2d_state.onnx@vnnlib/quadrotor2d_state_7.vnnlib: UNKNOWN (7.5s)  V=0 A=0 U=1 E=0  R=0\n\n[vnnlib/hybridz] FINAL \u2014 total=1 wall=0.1 min\n  UNKNOWN      1\n  [structured] per-instance log \u2192 /data1/Kane/ACT/audit_results/lsnc_multicand_sample_20260529T144747Z/b/per_instance_lsnc_relu_20260529T144820180947Z.json\n\n================================================================================\nVERIFICATION TEST SUMMARY\n================================================================================\n  \u2705 vnnlib                    PASSED\n================================================================================\n\n"
}
{
  "benchmark": "lsnc_relu",
  "instance_id": 8,
  "status": "OK",
  "cli_normalized": "OK",
  "wall_s": 10.505069837905467,
  "peak_rss_mb": 1645.29296875,
  "returncode": 0,
  "per_instance_json": "/data1/Kane/ACT/audit_results/lsnc_multicand_sample_20260529T144747Z/b/per_instance_lsnc_relu_20260529T144830617650Z.json",
  "out_dir": "/data1/Kane/ACT/audit_results/lsnc_multicand_sample_20260529T144747Z/b",
  "stdout_tail": "r:Extracted input shape: [1, 6]\nINFO:act.front_end.vnnlib_loader.data_model_loader:  \u2713 Input shape: (1, 6)\nINFO:act.front_end.vnnlib_loader.data_model_loader:[3/3] Parsing VNNLIB specification...\nINFO:act.front_end.vnnlib_loader.vnnlib_parser:Parsed VNNLIB: 6 inputs, 8 outputs, type=unknown\nINFO:act.front_end.vnnlib_loader.data_model_loader:  \u2713 Parsed VNNLIB: 6 inputs, 8 outputs\nINFO:act.front_end.vnnlib_loader.data_model_loader:Successfully loaded VNNLIB instance from 'lsnc_relu'\nINFO:act.front_end.vnnlib_loader.vnnlib_parser:Parsed quadrotor2d_state_8.vnnlib: 13 query(ies)\n[ACT] Using existing Gurobi license: modules/gurobi/gurobi.lic\n\u2705 Device Manager Initialized: device=cuda:0, dtype=torch.float64\n\n================================================================================\nACT: Abstract Constraint Transformer\nInference-based whitebox fuzzing for neural network verification\n================================================================================\n\n\n================================================================================\nVERIFICATION TEST: VNNLIB \u2192 VerifiableModel \u2192 verify_once\n================================================================================\n\n[vnnlib] category=lsnc_relu max_instances=1 mode=hybridz (full TOP1_ROBUST via labeled_tensor collapse; device=cuda, timeout=120.0s)\n  [  1/1] lsnc_relu/onnx/relu_quadrotor2d_state.onnx@vnnlib/quadrotor2d_state_8.vnnlib: UNKNOWN (7.4s)  V=0 A=0 U=1 E=0  R=0\n\n[vnnlib/hybridz] FINAL \u2014 total=1 wall=0.1 min\n  UNKNOWN      1\n  [structured] per-instance log \u2192 /data1/Kane/ACT/audit_results/lsnc_multicand_sample_20260529T144747Z/b/per_instance_lsnc_relu_20260529T144830617650Z.json\n\n================================================================================\nVERIFICATION TEST SUMMARY\n================================================================================\n  \u2705 vnnlib                    PASSED\n================================================================================\n\n"
}
{
  "benchmark": "lsnc_relu",
  "instance_id": 9,
  "status": "OK",
  "cli_normalized": "OK",
  "wall_s": 10.505463131936267,
  "peak_rss_mb": 1625.43359375,
  "returncode": 0,
  "per_instance_json": "/data1/Kane/ACT/audit_results/lsnc_multicand_sample_20260529T144747Z/b/per_instance_lsnc_relu_20260529T144841215461Z.json",
  "out_dir": "/data1/Kane/ACT/audit_results/lsnc_multicand_sample_20260529T144747Z/b",
  "stdout_tail": "r:Extracted input shape: [1, 6]\nINFO:act.front_end.vnnlib_loader.data_model_loader:  \u2713 Input shape: (1, 6)\nINFO:act.front_end.vnnlib_loader.data_model_loader:[3/3] Parsing VNNLIB specification...\nINFO:act.front_end.vnnlib_loader.vnnlib_parser:Parsed VNNLIB: 6 inputs, 8 outputs, type=unknown\nINFO:act.front_end.vnnlib_loader.data_model_loader:  \u2713 Parsed VNNLIB: 6 inputs, 8 outputs\nINFO:act.front_end.vnnlib_loader.data_model_loader:Successfully loaded VNNLIB instance from 'lsnc_relu'\nINFO:act.front_end.vnnlib_loader.vnnlib_parser:Parsed quadrotor2d_state_9.vnnlib: 13 query(ies)\n[ACT] Using existing Gurobi license: modules/gurobi/gurobi.lic\n\u2705 Device Manager Initialized: device=cuda:0, dtype=torch.float64\n\n================================================================================\nACT: Abstract Constraint Transformer\nInference-based whitebox fuzzing for neural network verification\n================================================================================\n\n\n================================================================================\nVERIFICATION TEST: VNNLIB \u2192 VerifiableModel \u2192 verify_once\n================================================================================\n\n[vnnlib] category=lsnc_relu max_instances=1 mode=hybridz (full TOP1_ROBUST via labeled_tensor collapse; device=cuda, timeout=120.0s)\n  [  1/1] lsnc_relu/onnx/relu_quadrotor2d_state.onnx@vnnlib/quadrotor2d_state_9.vnnlib: UNKNOWN (7.5s)  V=0 A=0 U=1 E=0  R=0\n\n[vnnlib/hybridz] FINAL \u2014 total=1 wall=0.1 min\n  UNKNOWN      1\n  [structured] per-instance log \u2192 /data1/Kane/ACT/audit_results/lsnc_multicand_sample_20260529T144747Z/b/per_instance_lsnc_relu_20260529T144841215461Z.json\n\n================================================================================\nVERIFICATION TEST SUMMARY\n================================================================================\n  \u2705 vnnlib                    PASSED\n================================================================================\n\n"
}
[watchdog] summary written: /data1/Kane/ACT/audit_results/lsnc_multicand_sample_20260529T144747Z/b/watchdog_summary.json
