=== CORA STRICT: bench=acasxu_2023 idx=40  timeout=116  start=2026-05-27 00:56:14
=== onnx=onnx/ACASXU_run2a_5_4_batch_2000.onnx
=== vnnlib=vnnlib/prop_1.vnnlib
prepare_instance(acasxu_2023,/data1/Kane/data/vnncomp2025_benchmarks/benchmarks/acasxu_2023/onnx/ACASXU_run2a_5_4_batch_2000.onnx,/data1/Kane/data/vnncomp2025_benchmarks/benchmarks/acasxu_2023/vnnlib/prop_1.vnnlib)...
--- Loading network... done
--- GPU available: true
--- Loading specification... done
--- Storing MATLAB file... done
______________________________
 neuralNetwork/verify options 
------------------------------
 - GPU: true                                                                                                                                                                                                                                                                                                  
 - Poly. Method: bounds                                     
 - Batchsize: 1024                                                                                                                          
 - Interval Center: false                 
 - Num. init. Generators: Inf 
 - Num. approx. Error (per nonl. Layer): Inf 
 - approx. Error Heuristic: sensitivity*length 
 - Falsification Method: center 
 - Refinement Method: naive     
 - Num. of Splits: 2                                                                                  
 - Num. of Dimensions: 1                          
 - Num. of Neuron-Splits: 0     
 - Num. of ReLU-Tightening Constraints: 0 
______________________________

run_instance(acasxu_2023,/data1/Kane/data/vnncomp2025_benchmarks/benchmarks/acasxu_2023/onnx/ACASXU_run2a_5_4_batch_2000.onnx,/data1/Kane/data/vnncomp2025_benchmarks/benchmarks/acasxu_2023/vnnlib/prop_1.vnnlib,/data1/Kane/ACT/audit_results/cora_strict_20260526/acasxu_2023/0040__ACASXU_run2a_5_4_batch_2000__prop_1.result,116,0)...
--- Loading MATLAB file... done
--- Deleting MATLAB file... done
--- GPU available: true
--- Running verification... done
Writing results...
--- opening results file ... done
--- writing file ...=== CORA STRICT: verdict=unknown wall=3.275s
[2026-05-27 00:56:17] [acasxu_2023] 40/186 sat=0 unsat=0 timeout=40 err=0 resumed=0
