INFO:act.front_end.vnnlib_loader.data_model_loader:Loading VNNLIB instance: ml4acopf_2024/./onnx/14_ieee_ml4acopf-linear-residual.onnx
INFO:act.front_end.vnnlib_loader.data_model_loader:[1/3] Converting ONNX model to PyTorch...
INFO:act.front_end.vnnlib_loader.onnx_converter:Loading ONNX model from /data1/Kane/data/vnncomp2025_benchmarks/benchmarks/ml4acopf_2024/onnx/14_ieee_ml4acopf-linear-residual.onnx
INFO:act.front_end.vnnlib_loader.onnx_converter:Converting ONNX to PyTorch (simplify-first; raw fallback)
INFO:act.front_end.vnnlib_loader.onnx_converter:Simplifying ONNX model
INFO:act.front_end.vnnlib_loader.onnx_converter:Converted model to device=cuda:0, dtype=torch.float64
INFO:act.front_end.vnnlib_loader.onnx_converter:Successfully converted ONNX model: 14_ieee_ml4acopf-linear-residual.onnx
INFO:act.front_end.vnnlib_loader.data_model_loader:  ✓ Model converted successfully
INFO:act.front_end.vnnlib_loader.data_model_loader:[2/3] Extracting input shape...
INFO:act.front_end.vnnlib_loader.onnx_converter:Extracted input shape: [1, 22]
INFO:act.front_end.vnnlib_loader.data_model_loader:  ✓ Input shape: (1, 22)
INFO:act.front_end.vnnlib_loader.data_model_loader:[3/3] Parsing VNNLIB specification...
INFO:act.front_end.vnnlib_loader.vnnlib_parser:Parsed VNNLIB: 22 inputs, 186 outputs, type=unknown
INFO:act.front_end.vnnlib_loader.data_model_loader:  ✓ Parsed VNNLIB: 22 inputs, 186 outputs
INFO:act.front_end.vnnlib_loader.data_model_loader:Successfully loaded VNNLIB instance from 'ml4acopf_2024'
INFO:act.front_end.vnnlib_loader.vnnlib_parser:Parsed 14_ieee_prop3.vnnlib: 20 query(ies)
WARNING:act.back_end.solver.solver_hz:L82 FALLBACK (OutOfMemoryError): CUDA out of memory. Tried to allocate 2.00 MiB. GPU 0 has a total capacity of 94.96 GiB of which 12.44 MiB is free. Process 2687037 has 690.00 MiB memory in use. Process 3523176 has 81.72 GiB memory in use. Process 3526835 has 676.00 MiB memory in use. Process 3526836 has 910.00 MiB memory in use. Process 3526844 has 676.00 MiB memory in use. Process 3526973 has 830.00 MiB memory in use. Including non-PyTorch memory, this process has 876.00 MiB memory in use. Process 3526979 has 796.00 MiB memory in use. Process 3526993 has 830.00 MiB memory in use. Process 3526996 has 676.00 MiB memory in use. Process 3527003 has 676.00 MiB memory in use. Process 3527031 has 676.00 MiB memory in use. Process 3527291 has 802.00 MiB memory in use. Process 3527318 has 802.00 MiB memory in use. Process 3527462 has 874.00 MiB memory in use. Process 3527461 has 802.00 MiB memory in use. Process 3527551 has 950.00 MiB memory in use. Process 3527655 has 646.00 MiB memory in use. Of the allocated memory 198.60 MiB is allocated by PyTorch, and 25.40 MiB is reserved by PyTorch but unallocated. If reserved but unallocated memory is large try setting PYTORCH_CUDA_ALLOC_CONF=expandable_segments:True to avoid fragmentation.  See documentation for Memory Management  (https://pytorch.org/docs/stable/notes/cuda.html#environment-variables)
[ACT] Using existing Gurobi license: ../ACT/modules/gurobi/gurobi.lic
✅ Device Manager Initialized: device=cuda:0, dtype=torch.float64

================================================================================
ACT: Abstract Constraint Transformer
Inference-based whitebox fuzzing for neural network verification
================================================================================


================================================================================
VERIFICATION TEST: VNNLIB → VerifiableModel → verify_once
================================================================================

[vnnlib] category=ml4acopf_2024 max_instances=1 mode=hybridz (full TOP1_ROBUST via labeled_tensor collapse; device=cuda, timeout=180.0s)
  [  1/1] ml4acopf_2024/./onnx/14_ieee_ml4acopf-linear-residual.onnx@./vnnlib/14_ieee_prop3.vnnlib: UNKNOWN (126.9s)  V=0 A=0 U=1 E=0  R=0

[vnnlib/hybridz] FINAL — total=1 wall=2.1 min
  UNKNOWN      1
  [structured] per-instance log → /data1/Kane/ACT/audit_results/eq_layers_ablation_20260530T015205Z/ml4acopf_2024_eq1/per_instance_ml4acopf_2024_20260530T015437492193Z.json

================================================================================
VERIFICATION TEST SUMMARY
================================================================================
  ✅ vnnlib                    PASSED
================================================================================

