=== CORA STRICT: bench=soundnessbench idx=15  timeout=150  start=2026-05-27 12:54:12
=== onnx=onnx/model.onnx
=== vnnlib=vnnlib/model_14.vnnlib
prepare_instance(soundnessbench,/data1/Kane/data/vnncomp2025_benchmarks/benchmarks/soundnessbench/onnx/model.onnx,/data1/Kane/data/vnncomp2025_benchmarks/benchmarks/soundnessbench/vnnlib/model_14.vnnlib)...
--- Loading network... done
--- GPU available: true
--- Loading specification... done
--- Storing MATLAB file... done
______________________________
 neuralNetwork/verify options 
------------------------------
 - GPU: true                                                                                                                                                                                                                                                                                                  
 - Poly. Method: bounds                                     
 - Batchsize: 32                                                                                                                                                                          
 - Interval Center: true                          
 - Num. init. Generators: Inf 
 - Num. approx. Error (per nonl. Layer): 50 
 - approx. Error Heuristic: sensitivity*length 
 - Falsification Method: none 
 - Refinement Method: naive     
 - Num. of Splits: 2                                                                                  
 - Num. of Dimensions: 1                          
 - Num. of Neuron-Splits: 1     
 - Num. of ReLU-Tightening Constraints: 0 
______________________________

run_instance(soundnessbench,/data1/Kane/data/vnncomp2025_benchmarks/benchmarks/soundnessbench/onnx/model.onnx,/data1/Kane/data/vnncomp2025_benchmarks/benchmarks/soundnessbench/vnnlib/model_14.vnnlib,/data1/Kane/ACT/audit_results/cora_truestrict_20260527/soundnessbench/0015__model__model_14.result,150,0)...
--- Loading MATLAB file... done
--- Deleting MATLAB file... done
--- GPU available: true
--- Running verification... done
Writing results...
--- opening results file ... done
--- writing file ...=== CORA STRICT: verdict=unknown wall=8.632s
[2026-05-27 12:54:21] [soundnessbench] 15/50 sat=0 unsat=0 timeout=15 err=0 resumed=0
