INFO:act.front_end.vnnlib_loader.data_model_loader:Loading VNNLIB instance: tinyimagenet_2024/onnx/TinyImageNet_resnet_medium.onnx
INFO:act.front_end.vnnlib_loader.data_model_loader:[1/3] Converting ONNX model to PyTorch...
INFO:act.front_end.vnnlib_loader.onnx_converter:Loading ONNX model from /data1/Kane/data/vnncomp2025_benchmarks/benchmarks/tinyimagenet_2024/onnx/TinyImageNet_resnet_medium.onnx
INFO:act.front_end.vnnlib_loader.onnx_converter:Converting ONNX to PyTorch (simplify-first; raw fallback)
INFO:act.front_end.vnnlib_loader.onnx_converter:Upgrading ONNX opset 12 → 13
INFO:act.front_end.vnnlib_loader.onnx_converter:Simplifying ONNX model
INFO:act.front_end.vnnlib_loader.onnx_converter:Converted model to device=cuda:0, dtype=torch.float64
INFO:act.front_end.vnnlib_loader.onnx_converter:Successfully converted ONNX model: TinyImageNet_resnet_medium.onnx
INFO:act.front_end.vnnlib_loader.data_model_loader:  ✓ Model converted successfully
INFO:act.front_end.vnnlib_loader.data_model_loader:[2/3] Extracting input shape...
INFO:act.front_end.vnnlib_loader.onnx_converter:Normalized dynamic batch to 1: (1, 3, 56, 56)
INFO:act.front_end.vnnlib_loader.data_model_loader:  ✓ Input shape: (1, 3, 56, 56)
INFO:act.front_end.vnnlib_loader.data_model_loader:[3/3] Parsing VNNLIB specification...
INFO:act.front_end.vnnlib_loader.vnnlib_parser:Parsed VNNLIB: 9408 inputs, 200 outputs, type=unknown
INFO:act.front_end.vnnlib_loader.data_model_loader:  ✓ Parsed VNNLIB: 9408 inputs, 200 outputs
INFO:act.front_end.vnnlib_loader.data_model_loader:  ✓ Ground truth label: 170
INFO:act.front_end.vnnlib_loader.data_model_loader:Successfully loaded VNNLIB instance from 'tinyimagenet_2024'
INFO:act.front_end.vnnlib_loader.vnnlib_parser:Parsed TinyImageNet_resnet_medium_prop_idx_6252_sidx_9972_eps_0.0039.vnnlib: 1 query(ies)
INFO:act.back_end.solver.solver_hz:large_cls_proof_mode ACTIVE: conv=19 out_dim=200 relus=10 (triangle for relu 1..-989, eq_lagr_v8 for last 999)
WARNING:act.back_end.solver.solver_hz:L4 FALLBACK (OutOfMemoryError): CUDA out of memory. Tried to allocate 3.56 GiB. GPU 0 has a total capacity of 94.96 GiB of which 424.19 MiB is free. Process 2687037 has 690.00 MiB memory in use. Process 3434660 has 81.71 GiB memory in use. Process 3470562 has 1.34 GiB memory in use. Process 3479703 has 9.09 GiB memory in use. Including non-PyTorch memory, this process has 812.00 MiB memory in use. Process 3483487 has 674.00 MiB memory in use. Of the allocated memory 106.83 MiB is allocated by PyTorch, and 45.17 MiB is reserved by PyTorch but unallocated. If reserved but unallocated memory is large try setting PYTORCH_CUDA_ALLOC_CONF=expandable_segments:True to avoid fragmentation.  See documentation for Memory Management  (https://pytorch.org/docs/stable/notes/cuda.html#environment-variables)
WARNING:act.back_end.solver.solver_hz:L8 FALLBACK (AttributeError): 'SparseGcZ' object has no attribute 'Gc'
WARNING:act.back_end.solver.solver_hz:L25 FALLBACK (AttributeError): 'SparseGcZ' object has no attribute 'Gc'
[ACT] Using existing Gurobi license: ../ACT/modules/gurobi/gurobi.lic
✅ Device Manager Initialized: device=cuda:0, dtype=torch.float64

================================================================================
ACT: Abstract Constraint Transformer
Inference-based whitebox fuzzing for neural network verification
================================================================================


================================================================================
VERIFICATION TEST: VNNLIB → VerifiableModel → verify_once
================================================================================

[vnnlib] category=tinyimagenet_2024 max_instances=1 mode=hybridz (full TOP1_ROBUST via labeled_tensor collapse; device=cuda, timeout=300.0s)
  [  1/1] tinyimagenet_2024/onnx/TinyImageNet_resnet_medium.onnx@vnnlib/TinyImageNet_resnet_medium_prop_idx_6252_sidx_9972_eps_0.0039.vnnlib: UNKNOWN (7.9s)  V=0 A=0 U=1 E=0  R=0

[vnnlib/hybridz] FINAL — total=1 wall=0.1 min
  UNKNOWN      1
  [structured] per-instance log → /data1/Kane/ACT/audit_results/all_eq_probe_20260530T013817Z/tinyimagenet_2024/per_instance_tinyimagenet_2024_20260530T014004908757Z.json

================================================================================
VERIFICATION TEST SUMMARY
================================================================================
  ✅ vnnlib                    PASSED
================================================================================

