[ACT] Auto-detecting project root: ../ACT
[ACT] Gurobi license found: ../ACT/modules/gurobi/gurobi.lic
{
  "benchmark": "cifar100_2024",
  "instance_id": 100,
  "status": "UNKNOWN_RESOURCE_LIMIT",
  "cli_normalized": "UNKNOWN_RESOURCE_LIMIT",
  "wall_s": 22.725072390050627,
  "peak_rss_mb": 25218.16796875,
  "returncode": -15,
  "per_instance_json": "/data1/Kane/ACT/audit_results/t2b_sweep_large_baseline_20260527T104747Z/per_instance_cifar100_2024_watchdog_iid100_20260527T104813634048Z.json",
  "out_dir": "/data1/Kane/ACT/audit_results/t2b_sweep_large_baseline_20260527T104747Z",
  "stdout_tail": "INFO:act.front_end.vnnlib_loader.data_model_loader:Loading VNNLIB instance: cifar100_2024/onnx/CIFAR100_resnet_large.onnx\nINFO:act.front_end.vnnlib_loader.data_model_loader:[1/3] Converting ONNX model to PyTorch...\nINFO:act.front_end.vnnlib_loader.onnx_converter:Loading ONNX model from /data1/Kane/data/vnncomp2025_benchmarks/benchmarks/cifar100_2024/onnx/CIFAR100_resnet_large.onnx\nINFO:act.front_end.vnnlib_loader.onnx_converter:Converting ONNX to PyTorch (simplify-first; raw fallback)\nINFO:act.front_end.vnnlib_loader.onnx_converter:Upgrading ONNX opset 12 \u2192 13\nINFO:act.front_end.vnnlib_loader.onnx_converter:Simplifying ONNX model\nINFO:act.front_end.vnnlib_loader.onnx_converter:Converted model to device=cpu, dtype=torch.float64\nINFO:act.front_end.vnnlib_loader.onnx_converter:Successfully converted ONNX model: CIFAR100_resnet_large.onnx\nINFO:act.front_end.vnnlib_loader.data_model_loader:  \u2713 Model converted successfully\nINFO:act.front_end.vnnlib_loader.data_model_loader:[2/3] Extracting input shape...\nINFO:act.front_end.vnnlib_loader.onnx_converter:Normalized dynamic batch to 1: (1, 3, 32, 32)\nINFO:act.front_end.vnnlib_loader.data_model_loader:  \u2713 Input shape: (1, 3, 32, 32)\nINFO:act.front_end.vnnlib_loader.data_model_loader:[3/3] Parsing VNNLIB specification...\nINFO:act.front_end.vnnlib_loader.vnnlib_parser:Parsed VNNLIB: 3072 inputs, 100 outputs, type=unknown\nINFO:act.front_end.vnnlib_loader.data_model_loader:  \u2713 Parsed VNNLIB: 3072 inputs, 100 outputs\nINFO:act.front_end.vnnlib_loader.data_model_loader:  \u2713 Ground truth label: 91\nINFO:act.front_end.vnnlib_loader.data_model_loader:Successfully loaded VNNLIB instance from 'cifar100_2024'\nINFO:act.front_end.vnnlib_loader.vnnlib_parser:Parsed CIFAR100_resnet_large_prop_idx_496_sidx_1194_eps_0.0039.vnnlib: 1 query(ies)\nINFO:act.back_end.solver.solver_hz:large_cls_proof_mode ACTIVE: conv=20 out_dim=100 relus=10 (triangle for relu 1..7, eq_lagr_v8 for last 3)\n"
}
{
  "benchmark": "cifar100_2024",
  "instance_id": 110,
  "status": "UNKNOWN_RESOURCE_LIMIT",
  "cli_normalized": "UNKNOWN_RESOURCE_LIMIT",
  "wall_s": 24.3321137430612,
  "peak_rss_mb": 25106.6484375,
  "returncode": -15,
  "per_instance_json": "/data1/Kane/ACT/audit_results/t2b_sweep_large_baseline_20260527T104747Z/per_instance_cifar100_2024_watchdog_iid110_20260527T104837966745Z.json",
  "out_dir": "/data1/Kane/ACT/audit_results/t2b_sweep_large_baseline_20260527T104747Z",
  "stdout_tail": "INFO:act.front_end.vnnlib_loader.data_model_loader:Loading VNNLIB instance: cifar100_2024/onnx/CIFAR100_resnet_large.onnx\nINFO:act.front_end.vnnlib_loader.data_model_loader:[1/3] Converting ONNX model to PyTorch...\nINFO:act.front_end.vnnlib_loader.onnx_converter:Loading ONNX model from /data1/Kane/data/vnncomp2025_benchmarks/benchmarks/cifar100_2024/onnx/CIFAR100_resnet_large.onnx\nINFO:act.front_end.vnnlib_loader.onnx_converter:Converting ONNX to PyTorch (simplify-first; raw fallback)\nINFO:act.front_end.vnnlib_loader.onnx_converter:Upgrading ONNX opset 12 \u2192 13\nINFO:act.front_end.vnnlib_loader.onnx_converter:Simplifying ONNX model\nINFO:act.front_end.vnnlib_loader.onnx_converter:Converted model to device=cpu, dtype=torch.float64\nINFO:act.front_end.vnnlib_loader.onnx_converter:Successfully converted ONNX model: CIFAR100_resnet_large.onnx\nINFO:act.front_end.vnnlib_loader.data_model_loader:  \u2713 Model converted successfully\nINFO:act.front_end.vnnlib_loader.data_model_loader:[2/3] Extracting input shape...\nINFO:act.front_end.vnnlib_loader.onnx_converter:Normalized dynamic batch to 1: (1, 3, 32, 32)\nINFO:act.front_end.vnnlib_loader.data_model_loader:  \u2713 Input shape: (1, 3, 32, 32)\nINFO:act.front_end.vnnlib_loader.data_model_loader:[3/3] Parsing VNNLIB specification...\nINFO:act.front_end.vnnlib_loader.vnnlib_parser:Parsed VNNLIB: 3072 inputs, 100 outputs, type=unknown\nINFO:act.front_end.vnnlib_loader.data_model_loader:  \u2713 Parsed VNNLIB: 3072 inputs, 100 outputs\nINFO:act.front_end.vnnlib_loader.data_model_loader:  \u2713 Ground truth label: 83\nINFO:act.front_end.vnnlib_loader.data_model_loader:Successfully loaded VNNLIB instance from 'cifar100_2024'\nINFO:act.front_end.vnnlib_loader.vnnlib_parser:Parsed CIFAR100_resnet_large_prop_idx_1063_sidx_7948_eps_0.0039.vnnlib: 1 query(ies)\nINFO:act.back_end.solver.solver_hz:large_cls_proof_mode ACTIVE: conv=20 out_dim=100 relus=10 (triangle for relu 1..7, eq_lagr_v8 for last 3)\n"
}
{
  "benchmark": "cifar100_2024",
  "instance_id": 120,
  "status": "UNKNOWN_RESOURCE_LIMIT",
  "cli_normalized": "UNKNOWN_RESOURCE_LIMIT",
  "wall_s": 25.232458021026105,
  "peak_rss_mb": 25189.73046875,
  "returncode": -15,
  "per_instance_json": "/data1/Kane/ACT/audit_results/t2b_sweep_large_baseline_20260527T104747Z/per_instance_cifar100_2024_watchdog_iid120_20260527T104903199785Z.json",
  "out_dir": "/data1/Kane/ACT/audit_results/t2b_sweep_large_baseline_20260527T104747Z",
  "stdout_tail": "INFO:act.front_end.vnnlib_loader.data_model_loader:Loading VNNLIB instance: cifar100_2024/onnx/CIFAR100_resnet_large.onnx\nINFO:act.front_end.vnnlib_loader.data_model_loader:[1/3] Converting ONNX model to PyTorch...\nINFO:act.front_end.vnnlib_loader.onnx_converter:Loading ONNX model from /data1/Kane/data/vnncomp2025_benchmarks/benchmarks/cifar100_2024/onnx/CIFAR100_resnet_large.onnx\nINFO:act.front_end.vnnlib_loader.onnx_converter:Converting ONNX to PyTorch (simplify-first; raw fallback)\nINFO:act.front_end.vnnlib_loader.onnx_converter:Upgrading ONNX opset 12 \u2192 13\nINFO:act.front_end.vnnlib_loader.onnx_converter:Simplifying ONNX model\nINFO:act.front_end.vnnlib_loader.onnx_converter:Converted model to device=cpu, dtype=torch.float64\nINFO:act.front_end.vnnlib_loader.onnx_converter:Successfully converted ONNX model: CIFAR100_resnet_large.onnx\nINFO:act.front_end.vnnlib_loader.data_model_loader:  \u2713 Model converted successfully\nINFO:act.front_end.vnnlib_loader.data_model_loader:[2/3] Extracting input shape...\nINFO:act.front_end.vnnlib_loader.onnx_converter:Normalized dynamic batch to 1: (1, 3, 32, 32)\nINFO:act.front_end.vnnlib_loader.data_model_loader:  \u2713 Input shape: (1, 3, 32, 32)\nINFO:act.front_end.vnnlib_loader.data_model_loader:[3/3] Parsing VNNLIB specification...\nINFO:act.front_end.vnnlib_loader.vnnlib_parser:Parsed VNNLIB: 3072 inputs, 100 outputs, type=unknown\nINFO:act.front_end.vnnlib_loader.data_model_loader:  \u2713 Parsed VNNLIB: 3072 inputs, 100 outputs\nINFO:act.front_end.vnnlib_loader.data_model_loader:  \u2713 Ground truth label: 68\nINFO:act.front_end.vnnlib_loader.data_model_loader:Successfully loaded VNNLIB instance from 'cifar100_2024'\nINFO:act.front_end.vnnlib_loader.vnnlib_parser:Parsed CIFAR100_resnet_large_prop_idx_2993_sidx_2485_eps_0.0039.vnnlib: 1 query(ies)\nINFO:act.back_end.solver.solver_hz:large_cls_proof_mode ACTIVE: conv=20 out_dim=100 relus=10 (triangle for relu 1..7, eq_lagr_v8 for last 3)\n"
}
{
  "benchmark": "cifar100_2024",
  "instance_id": 130,
  "status": "UNKNOWN_RESOURCE_LIMIT",
  "cli_normalized": "UNKNOWN_RESOURCE_LIMIT",
  "wall_s": 22.22501170996111,
  "peak_rss_mb": 24582.1328125,
  "returncode": -15,
  "per_instance_json": "/data1/Kane/ACT/audit_results/t2b_sweep_large_baseline_20260527T104747Z/per_instance_cifar100_2024_watchdog_iid130_20260527T104925425271Z.json",
  "out_dir": "/data1/Kane/ACT/audit_results/t2b_sweep_large_baseline_20260527T104747Z",
  "stdout_tail": "INFO:act.front_end.vnnlib_loader.data_model_loader:Loading VNNLIB instance: cifar100_2024/onnx/CIFAR100_resnet_large.onnx\nINFO:act.front_end.vnnlib_loader.data_model_loader:[1/3] Converting ONNX model to PyTorch...\nINFO:act.front_end.vnnlib_loader.onnx_converter:Loading ONNX model from /data1/Kane/data/vnncomp2025_benchmarks/benchmarks/cifar100_2024/onnx/CIFAR100_resnet_large.onnx\nINFO:act.front_end.vnnlib_loader.onnx_converter:Converting ONNX to PyTorch (simplify-first; raw fallback)\nINFO:act.front_end.vnnlib_loader.onnx_converter:Upgrading ONNX opset 12 \u2192 13\nINFO:act.front_end.vnnlib_loader.onnx_converter:Simplifying ONNX model\nINFO:act.front_end.vnnlib_loader.onnx_converter:Converted model to device=cpu, dtype=torch.float64\nINFO:act.front_end.vnnlib_loader.onnx_converter:Successfully converted ONNX model: CIFAR100_resnet_large.onnx\nINFO:act.front_end.vnnlib_loader.data_model_loader:  \u2713 Model converted successfully\nINFO:act.front_end.vnnlib_loader.data_model_loader:[2/3] Extracting input shape...\nINFO:act.front_end.vnnlib_loader.onnx_converter:Normalized dynamic batch to 1: (1, 3, 32, 32)\nINFO:act.front_end.vnnlib_loader.data_model_loader:  \u2713 Input shape: (1, 3, 32, 32)\nINFO:act.front_end.vnnlib_loader.data_model_loader:[3/3] Parsing VNNLIB specification...\nINFO:act.front_end.vnnlib_loader.vnnlib_parser:Parsed VNNLIB: 3072 inputs, 100 outputs, type=unknown\nINFO:act.front_end.vnnlib_loader.data_model_loader:  \u2713 Parsed VNNLIB: 3072 inputs, 100 outputs\nINFO:act.front_end.vnnlib_loader.data_model_loader:  \u2713 Ground truth label: 94\nINFO:act.front_end.vnnlib_loader.data_model_loader:Successfully loaded VNNLIB instance from 'cifar100_2024'\nINFO:act.front_end.vnnlib_loader.vnnlib_parser:Parsed CIFAR100_resnet_large_prop_idx_3703_sidx_3842_eps_0.0039.vnnlib: 1 query(ies)\nINFO:act.back_end.solver.solver_hz:large_cls_proof_mode ACTIVE: conv=20 out_dim=100 relus=10 (triangle for relu 1..7, eq_lagr_v8 for last 3)\n"
}
{
  "benchmark": "cifar100_2024",
  "instance_id": 140,
  "status": "UNKNOWN_RESOURCE_LIMIT",
  "cli_normalized": "UNKNOWN_RESOURCE_LIMIT",
  "wall_s": 21.62091232999228,
  "peak_rss_mb": 25537.4921875,
  "returncode": -15,
  "per_instance_json": "/data1/Kane/ACT/audit_results/t2b_sweep_large_baseline_20260527T104747Z/per_instance_cifar100_2024_watchdog_iid140_20260527T104947046819Z.json",
  "out_dir": "/data1/Kane/ACT/audit_results/t2b_sweep_large_baseline_20260527T104747Z",
  "stdout_tail": "INFO:act.front_end.vnnlib_loader.data_model_loader:Loading VNNLIB instance: cifar100_2024/onnx/CIFAR100_resnet_large.onnx\nINFO:act.front_end.vnnlib_loader.data_model_loader:[1/3] Converting ONNX model to PyTorch...\nINFO:act.front_end.vnnlib_loader.onnx_converter:Loading ONNX model from /data1/Kane/data/vnncomp2025_benchmarks/benchmarks/cifar100_2024/onnx/CIFAR100_resnet_large.onnx\nINFO:act.front_end.vnnlib_loader.onnx_converter:Converting ONNX to PyTorch (simplify-first; raw fallback)\nINFO:act.front_end.vnnlib_loader.onnx_converter:Upgrading ONNX opset 12 \u2192 13\nINFO:act.front_end.vnnlib_loader.onnx_converter:Simplifying ONNX model\nINFO:act.front_end.vnnlib_loader.onnx_converter:Converted model to device=cpu, dtype=torch.float64\nINFO:act.front_end.vnnlib_loader.onnx_converter:Successfully converted ONNX model: CIFAR100_resnet_large.onnx\nINFO:act.front_end.vnnlib_loader.data_model_loader:  \u2713 Model converted successfully\nINFO:act.front_end.vnnlib_loader.data_model_loader:[2/3] Extracting input shape...\nINFO:act.front_end.vnnlib_loader.onnx_converter:Normalized dynamic batch to 1: (1, 3, 32, 32)\nINFO:act.front_end.vnnlib_loader.data_model_loader:  \u2713 Input shape: (1, 3, 32, 32)\nINFO:act.front_end.vnnlib_loader.data_model_loader:[3/3] Parsing VNNLIB specification...\nINFO:act.front_end.vnnlib_loader.vnnlib_parser:Parsed VNNLIB: 3072 inputs, 100 outputs, type=unknown\nINFO:act.front_end.vnnlib_loader.data_model_loader:  \u2713 Parsed VNNLIB: 3072 inputs, 100 outputs\nINFO:act.front_end.vnnlib_loader.data_model_loader:  \u2713 Ground truth label: 51\nINFO:act.front_end.vnnlib_loader.data_model_loader:Successfully loaded VNNLIB instance from 'cifar100_2024'\nINFO:act.front_end.vnnlib_loader.vnnlib_parser:Parsed CIFAR100_resnet_large_prop_idx_8005_sidx_2582_eps_0.0039.vnnlib: 1 query(ies)\nINFO:act.back_end.solver.solver_hz:large_cls_proof_mode ACTIVE: conv=20 out_dim=100 relus=10 (triangle for relu 1..7, eq_lagr_v8 for last 3)\n"
}
[watchdog] summary written: /data1/Kane/ACT/audit_results/t2b_sweep_large_baseline_20260527T104747Z/watchdog_summary.json
