INFO:act.front_end.vnnlib_loader.data_model_loader:Loading VNNLIB instance: cifar100_2024/onnx/CIFAR100_resnet_medium.onnx
INFO:act.front_end.vnnlib_loader.data_model_loader:[1/3] Converting ONNX model to PyTorch...
INFO:act.front_end.vnnlib_loader.onnx_converter:Loading ONNX model from /data1/Kane/data/vnncomp2025_benchmarks/benchmarks/cifar100_2024/onnx/CIFAR100_resnet_medium.onnx
INFO:act.front_end.vnnlib_loader.onnx_converter:Converting ONNX to PyTorch (simplify-first; raw fallback)
INFO:act.front_end.vnnlib_loader.onnx_converter:Upgrading ONNX opset 12 → 13
INFO:act.front_end.vnnlib_loader.onnx_converter:Simplifying ONNX model
INFO:act.front_end.vnnlib_loader.onnx_converter:Converted model to device=cuda:0, dtype=torch.float64
INFO:act.front_end.vnnlib_loader.onnx_converter:Successfully converted ONNX model: CIFAR100_resnet_medium.onnx
INFO:act.front_end.vnnlib_loader.data_model_loader:  ✓ Model converted successfully
INFO:act.front_end.vnnlib_loader.data_model_loader:[2/3] Extracting input shape...
INFO:act.front_end.vnnlib_loader.onnx_converter:Normalized dynamic batch to 1: (1, 3, 32, 32)
INFO:act.front_end.vnnlib_loader.data_model_loader:  ✓ Input shape: (1, 3, 32, 32)
INFO:act.front_end.vnnlib_loader.data_model_loader:[3/3] Parsing VNNLIB specification...
INFO:act.front_end.vnnlib_loader.vnnlib_parser:Parsed VNNLIB: 3072 inputs, 100 outputs, type=unknown
INFO:act.front_end.vnnlib_loader.data_model_loader:  ✓ Parsed VNNLIB: 3072 inputs, 100 outputs
INFO:act.front_end.vnnlib_loader.data_model_loader:  ✓ Ground truth label: 27
INFO:act.front_end.vnnlib_loader.data_model_loader:Successfully loaded VNNLIB instance from 'cifar100_2024'
INFO:act.front_end.vnnlib_loader.vnnlib_parser:Parsed CIFAR100_resnet_medium_prop_idx_6232_sidx_3020_eps_0.0039.vnnlib: 1 query(ies)
INFO:act.back_end.solver.solver_hz:large_cls_proof_mode ACTIVE: conv=19 out_dim=100 relus=10 (triangle for relu 1..-989, eq_lagr_v8 for last 999)
WARNING:act.back_end.solver.solver_hz:L19 FALLBACK (OutOfMemoryError): CUDA out of memory. Tried to allocate 336.00 MiB. GPU 0 has a total capacity of 94.96 GiB of which 76.25 MiB is free. Process 2687037 has 690.00 MiB memory in use. Process 3434660 has 642.00 MiB memory in use. Process 3434657 has 1.34 GiB memory in use. Process 3445525 has 44.45 GiB memory in use. Including non-PyTorch memory, this process has 6.40 GiB memory in use. Process 3449626 has 674.00 MiB memory in use. Process 3449627 has 35.94 GiB memory in use. Process 3449634 has 4.39 GiB memory in use. Process 3453040 has 112.00 MiB memory in use. Of the allocated memory 5.49 GiB is allocated by PyTorch, and 270.45 MiB is reserved by PyTorch but unallocated. If reserved but unallocated memory is large try setting PYTORCH_CUDA_ALLOC_CONF=expandable_segments:True to avoid fragmentation.  See documentation for Memory Management  (https://pytorch.org/docs/stable/notes/cuda.html#environment-variables)
WARNING:act.back_end.solver.solver_hz:L24 FALLBACK (OutOfMemoryError): CUDA out of memory. Tried to allocate 84.00 MiB. GPU 0 has a total capacity of 94.96 GiB of which 23.56 MiB is free. Process 2687037 has 690.00 MiB memory in use. Process 3434660 has 642.00 MiB memory in use. Process 3434657 has 1.34 GiB memory in use. Process 3445525 has 44.45 GiB memory in use. Including non-PyTorch memory, this process has 6.56 GiB memory in use. Process 3449626 has 674.00 MiB memory in use. Process 3449627 has 35.94 GiB memory in use. Process 3449634 has 4.39 GiB memory in use. Of the allocated memory 5.82 GiB is allocated by PyTorch, and 101.28 MiB is reserved by PyTorch but unallocated. If reserved but unallocated memory is large try setting PYTORCH_CUDA_ALLOC_CONF=expandable_segments:True to avoid fragmentation.  See documentation for Memory Management  (https://pytorch.org/docs/stable/notes/cuda.html#environment-variables)
WARNING:act.back_end.solver.solver_hz:L29 FALLBACK (OutOfMemoryError): CUDA out of memory. Tried to allocate 86.00 MiB. GPU 0 has a total capacity of 94.96 GiB of which 21.56 MiB is free. Process 2687037 has 690.00 MiB memory in use. Process 3434660 has 642.00 MiB memory in use. Process 3434657 has 1.34 GiB memory in use. Process 3445525 has 44.45 GiB memory in use. Including non-PyTorch memory, this process has 6.56 GiB memory in use. Process 3449626 has 674.00 MiB memory in use. Process 3449627 has 35.94 GiB memory in use. Process 3449634 has 4.39 GiB memory in use. Of the allocated memory 5.69 GiB is allocated by PyTorch, and 233.36 MiB is reserved by PyTorch but unallocated. If reserved but unallocated memory is large try setting PYTORCH_CUDA_ALLOC_CONF=expandable_segments:True to avoid fragmentation.  See documentation for Memory Management  (https://pytorch.org/docs/stable/notes/cuda.html#environment-variables)
WARNING:act.back_end.solver.solver_hz:L32 FALLBACK (OutOfMemoryError): CUDA out of memory. Tried to allocate 32.00 MiB. GPU 0 has a total capacity of 94.96 GiB of which 21.56 MiB is free. Process 2687037 has 690.00 MiB memory in use. Process 3434660 has 642.00 MiB memory in use. Process 3434657 has 1.34 GiB memory in use. Process 3445525 has 44.45 GiB memory in use. Including non-PyTorch memory, this process has 6.56 GiB memory in use. Process 3449626 has 674.00 MiB memory in use. Process 3449627 has 35.94 GiB memory in use. Process 3449634 has 4.39 GiB memory in use. Of the allocated memory 5.85 GiB is allocated by PyTorch, and 73.30 MiB is reserved by PyTorch but unallocated. If reserved but unallocated memory is large try setting PYTORCH_CUDA_ALLOC_CONF=expandable_segments:True to avoid fragmentation.  See documentation for Memory Management  (https://pytorch.org/docs/stable/notes/cuda.html#environment-variables)
[ACT] Using existing Gurobi license: ../ACT/modules/gurobi/gurobi.lic
✅ Device Manager Initialized: device=cuda:0, dtype=torch.float64

================================================================================
ACT: Abstract Constraint Transformer
Inference-based whitebox fuzzing for neural network verification
================================================================================


================================================================================
VERIFICATION TEST: VNNLIB → VerifiableModel → verify_once
================================================================================

[vnnlib] category=cifar100_2024 max_instances=1 mode=hybridz (full TOP1_ROBUST via labeled_tensor collapse; device=cuda, timeout=300.0s)
  [  1/1] cifar100_2024/onnx/CIFAR100_resnet_medium.onnx@vnnlib/CIFAR100_resnet_medium_prop_idx_6232_sidx_3020_eps_0.0039.vnnlib: ERROR_OutOfMemoryError (6.6s)  V=0 A=0 U=0 E=1  R=0
Traceback (most recent call last):
  File "/data1/Kane/ACT/act/pipeline/cli.py", line 1362, in cmd_verify
    _run_vnnlib_verify(args)
  File "/data1/Kane/ACT/act/pipeline/cli.py", line 549, in _run_vnnlib_verify
    return _run_vnnlib_verify_hybridz(args)
           ^^^^^^^^^^^^^^^^^^^^^^^^^^^^^^^^
  File "/data1/Kane/ACT/act/pipeline/cli.py", line 1247, in _run_vnnlib_verify_hybridz
    raise RuntimeError(
RuntimeError: VERIFICATION_RUN_FAILED: ERROR=1. Per-instance log preserved; inspect instance error fields.

[vnnlib/hybridz] FINAL — total=1 wall=0.1 min
  ERROR        1
  [structured] per-instance log → /data1/Kane/ACT/audit_results/all_eq_probe_20260530T013817Z/cifar100_2024/per_instance_cifar100_2024_20260530T013853650494Z.json

❌ Test failed: VERIFICATION_RUN_FAILED: ERROR=1. Per-instance log preserved; inspect instance error fields.

================================================================================
VERIFICATION TEST SUMMARY
================================================================================
  ❌ vnnlib                    FAILED
================================================================================

