INFO:act.front_end.vnnlib_loader.data_model_loader:Loading VNNLIB instance: safenlp_2024/onnx/medical/perturbations_0.onnx
INFO:act.front_end.vnnlib_loader.data_model_loader:[1/3] Converting ONNX model to PyTorch...
INFO:act.front_end.vnnlib_loader.onnx_converter:Loading ONNX model from /data1/Kane/data/vnncomp2025_benchmarks/benchmarks/safenlp_2024/onnx/medical/perturbations_0.onnx
INFO:act.front_end.vnnlib_loader.onnx_converter:Converting ONNX to PyTorch (raw-first strategy)
INFO:act.front_end.vnnlib_loader.onnx_converter:Converted model to device=cuda:0, dtype=torch.float64
INFO:act.front_end.vnnlib_loader.onnx_converter:Successfully converted ONNX model: perturbations_0.onnx
INFO:act.front_end.vnnlib_loader.data_model_loader:  ✓ Model converted successfully
INFO:act.front_end.vnnlib_loader.data_model_loader:[2/3] Extracting input shape...
INFO:act.front_end.vnnlib_loader.onnx_converter:Normalized dynamic batch to 1: (1, 30)
INFO:act.front_end.vnnlib_loader.data_model_loader:  ✓ Input shape: (1, 30)
INFO:act.front_end.vnnlib_loader.data_model_loader:[3/3] Parsing VNNLIB specification...
INFO:act.front_end.vnnlib_loader.vnnlib_parser:Parsed VNNLIB: 30 inputs, 2 outputs, type=unknown
INFO:act.front_end.vnnlib_loader.data_model_loader:  ✓ Parsed VNNLIB: 30 inputs, 2 outputs
INFO:act.front_end.vnnlib_loader.data_model_loader:Successfully loaded VNNLIB instance from 'safenlp_2024'
INFO:act.front_end.vnnlib_loader.vnnlib_parser:Parsed hyperrectangle_824.vnnlib: 1 query(ies)
[ACT] Using existing Gurobi license: modules/gurobi/gurobi.lic
✅ Device Manager Initialized: device=cuda:0, dtype=torch.float64

================================================================================
ACT: Abstract Constraint Transformer
Inference-based whitebox fuzzing for neural network verification
================================================================================


================================================================================
VERIFICATION TEST: VNNLIB → VerifiableModel → verify_once
================================================================================

[vnnlib] category=safenlp_2024 max_instances=1 mode=hybridz (full TOP1_ROBUST via labeled_tensor collapse; device=cuda, timeout=60.0s)
  [  1/1] safenlp_2024/onnx/medical/perturbations_0.onnx@vnnlib/medical/hyperrectangle_824.vnnlib: CERTIFIED (0.4s)  V=1 A=0 U=0 E=0  R=0

[vnnlib/hybridz] FINAL — total=1 wall=0.0 min
  CERTIFIED    1
  [structured] per-instance log → /data1/Kane/ACT/audit_results/r93_rerun_20260525T083118Z/gpu_stream2_20260526T132419Z/safenlp_2024/per_instance_safenlp_2024_20260526T200749547079Z.json

================================================================================
VERIFICATION TEST SUMMARY
================================================================================
  ✅ vnnlib                    PASSED
================================================================================

