INFO:act.front_end.vnnlib_loader.data_model_loader:Loading VNNLIB instance: cgan_2023/onnx/cGAN_imgSz32_nCh_3.onnx
INFO:act.front_end.vnnlib_loader.data_model_loader:[1/3] Converting ONNX model to PyTorch...
INFO:act.front_end.vnnlib_loader.onnx_converter:Loading ONNX model from /data1/Kane/data/vnncomp2025_benchmarks/benchmarks/cgan_2023/onnx/cGAN_imgSz32_nCh_3.onnx
INFO:act.front_end.vnnlib_loader.onnx_converter:Converting ONNX to PyTorch (simplify-first; raw fallback)
INFO:act.front_end.vnnlib_loader.onnx_converter:Upgrading ONNX opset 9 → 13
INFO:act.front_end.vnnlib_loader.onnx_converter:Simplifying ONNX model
INFO:act.front_end.vnnlib_loader.onnx_converter:Converted model to device=cuda:0, dtype=torch.float64
INFO:act.front_end.vnnlib_loader.onnx_converter:Successfully converted ONNX model: cGAN_imgSz32_nCh_3.onnx
INFO:act.front_end.vnnlib_loader.data_model_loader:  ✓ Model converted successfully
INFO:act.front_end.vnnlib_loader.data_model_loader:[2/3] Extracting input shape...
INFO:act.front_end.vnnlib_loader.onnx_converter:Extracted input shape: [1, 5]
INFO:act.front_end.vnnlib_loader.data_model_loader:  ✓ Input shape: (1, 5)
INFO:act.front_end.vnnlib_loader.data_model_loader:[3/3] Parsing VNNLIB specification...
INFO:act.front_end.vnnlib_loader.vnnlib_parser:Parsed VNNLIB: 5 inputs, 1 outputs, type=safety
INFO:act.front_end.vnnlib_loader.data_model_loader:  ✓ Parsed VNNLIB: 5 inputs, 1 outputs
INFO:act.front_end.vnnlib_loader.data_model_loader:Successfully loaded VNNLIB instance from 'cgan_2023'
INFO:act.front_end.vnnlib_loader.vnnlib_parser:Parsed cGAN_imgSz32_nCh_3_prop_2_input_eps_0.015_output_eps_0.020.vnnlib: 2 query(ies)
INFO:act.back_end.solver.solver_hz:convtranspose_triangle_profile ACTIVE: convtranspose=4 relus=7 (ReLUs use triangle unless ACT_HZ_AUTO_CONVTRANSPOSE_TRIANGLE=0)
INFO:act.back_end.solver.solver_hz:convtranspose_triangle_profile ACTIVE: convtranspose=4 relus=7 (ReLUs use triangle unless ACT_HZ_AUTO_CONVTRANSPOSE_TRIANGLE=0)
[ACT] Using existing Gurobi license: modules/gurobi/gurobi.lic
✅ Device Manager Initialized: device=cuda:0, dtype=torch.float64

================================================================================
ACT: Abstract Constraint Transformer
Inference-based whitebox fuzzing for neural network verification
================================================================================


================================================================================
VERIFICATION TEST: VNNLIB → VerifiableModel → verify_once
================================================================================

[vnnlib] category=cgan_2023 max_instances=1 mode=hybridz (full TOP1_ROBUST via labeled_tensor collapse; device=cuda, timeout=240.0s)
  [  1/1] cgan_2023/onnx/cGAN_imgSz32_nCh_3.onnx@vnnlib/cGAN_imgSz32_nCh_3_prop_2_input_eps_0.015_output_eps_0.020.vnnlib: UNKNOWN (5.4s)  V=0 A=0 U=1 E=0  R=0

[vnnlib/hybridz] FINAL — total=1 wall=0.1 min
  UNKNOWN      1
  [structured] per-instance log → /data1/Kane/ACT/audit_results/cgan_unknown_multicand_20260529T143026Z/a/per_instance_cgan_2023_20260529T143117479957Z.json

================================================================================
VERIFICATION TEST SUMMARY
================================================================================
  ✅ vnnlib                    PASSED
================================================================================

