=== CORA STRICT: bench=cora_2024 idx=37  timeout=30  start=2026-05-27 00:43:25
=== onnx=./onnx/mnist-point.onnx
=== vnnlib=vnnlib/mnist-img13.vnnlib
prepare_instance(cora_2024,/data1/Kane/data/vnncomp2025_benchmarks/benchmarks/cora_2024/onnx/mnist-point.onnx,/data1/Kane/data/vnncomp2025_benchmarks/benchmarks/cora_2024/vnnlib/mnist-img13.vnnlib)...
--- Loading network... done
--- GPU available: true
--- Loading specification... done
--- Storing MATLAB file... done
______________________________
 neuralNetwork/verify options 
------------------------------
 - GPU: true                                                                                                                                                                                                                                                                                                  
 - Poly. Method: bounds                                     
 - Batchsize: 1024                                                                                                                          
 - Interval Center: false                 
 - Num. init. Generators: Inf 
 - Num. approx. Error (per nonl. Layer): Inf 
 - approx. Error Heuristic: sensitivity*length 
 - Falsification Method: center 
 - Refinement Method: naive     
 - Num. of Splits: 2                                                                                  
 - Num. of Dimensions: 1                          
 - Num. of Neuron-Splits: 0     
 - Num. of ReLU-Tightening Constraints: 0 
______________________________

run_instance(cora_2024,/data1/Kane/data/vnncomp2025_benchmarks/benchmarks/cora_2024/onnx/mnist-point.onnx,/data1/Kane/data/vnncomp2025_benchmarks/benchmarks/cora_2024/vnnlib/mnist-img13.vnnlib,/data1/Kane/ACT/audit_results/cora_strict_20260526/cora_2024/0037__mnist-point__mnist-img13.result,30,0)...
--- Loading MATLAB file... done
--- Deleting MATLAB file... done
--- GPU available: true
--- Running verification... done
Writing results...
--- opening results file ... done
--- writing file ...=== CORA STRICT: verdict=unknown wall=3.120s
