[0;93m2026-05-27 13:53:19.512103986 [W:onnxruntime:Default, device_discovery.cc:283 GetGpuDevices] Failed to detect devices under "/sys/class/drm/card0": device_discovery.cc:93 ReadFileContents Failed to open file: "/sys/class/drm/card0/device/vendor"[m
Set parameter WLSAccessID
Set parameter WLSSecret
Set parameter LicenseID to value 2542227
Academic license 2542227 - for non-commercial use only - registered to ka___@unsw.edu.au

 [!] GlobalSettings:
	- use_restart                             : True
	- use_mip_tightening                      : True
	- use_attack                              : False
	- attack_interval                         : 10
	- use_mip_verify                          : True
	- input_splitting_threshold               : 0.5
	- hidden_splitting_threshold              : 0.01
	- safety_num_input_perturbed              : 200
	- skip_preprocess                         : False
	- use_save_reasoning_step                 : False
	- max_iterations                          : 1000000000.0
	- skip_initial_worst_bound                : -1000000.0
	- max_domains                             : 1000000000.0
	- use_decompose                           : False
	- restart_current_hidden_branches         : 2000
	- restart_visited_hidden_branches         : 20000
	- restart_current_input_branches          : 20000
	- restart_visited_input_branches          : 200000
	- restart_max_runtime                     : 60.0
	- restart_max_runtime_percentage          : 0.4
	- mip_tightening_patience                 : 10
	- mip_tightening_timeout_per_neuron       : 15.0
	- mip_tightening_topk                     : 64
	- use_gpu_tightening                      : False
	- gpu_tightening_current_hidden_branches  : 1000
	- gpu_tightening_visited_hidden_branches  : 5000
	- gpu_tightening_timeout                  : 10.0
	- gpu_tightening_patience                 : 10
	- gpu_tightening_topk                     : 500
	- use_mip_attack                          : False
	- mip_verify_threshold                    : 2
	- share_alphas                            : False
	- backward_batch_size                     : inf
	- forward_max_dim                         : 10000
	- forward_dynamic                         : False
	- use_decompose_incomplete                : False
	- init_abstraction_method                 : crown-optimized
	- subverifier_decision_method             : smart
	- verify_candidate_batch                  : 3
	- verify_last_timeout                     : 200.0
	- verify_interm_timeout                   : 20.0
	- sequential_batch                        : 100
	- use_sequential_abstract_forward         : False
	- verify_extra_opts                       : {'sparse_intermediate_bounds': True}
	- verify_splitting_strategy               : hidden
	- use_extra_substitution                  : False
	- verify_max_iteration                    : 4
	- verify_candidate_num                    : 128
	- verify_interpolate_factor               : 0.5

ConvertModel(
  (Gemm_/main/main.0/Gemm_output_0): Linear(in_features=4, out_features=256, bias=True)
  (Relu_/main/main.1/Relu_output_0): ReLU()
  (Gemm_/main/main.2/Gemm_output_0): Linear(in_features=256, out_features=256, bias=True)
  (Relu_/main/main.3/Relu_output_0): ReLU()
  (Gemm_/main/main.4/Gemm_output_0): Linear(in_features=256, out_features=256, bias=True)
  (Relu_/main/main.5/Relu_output_0): ReLU()
  (Gemm_/main/main.6/Gemm_output_0): Linear(in_features=256, out_features=256, bias=True)
  (Relu_/main/main.7/Relu_output_0): ReLU()
  (Gemm_/main/main.8/Gemm_output_0): Linear(in_features=256, out_features=16, bias=True)
  (Relu_/main/main.9/Relu_output_0): ReLU()
  (Gemm_/main/main.10/Gemm_output_0): Linear(in_features=16, out_features=8, bias=True)
  (Relu_/main/main.11/Relu_output_0): ReLU()
  (Gemm_/main/main.12/Gemm_output_0): Linear(in_features=8, out_features=8, bias=True)
  (Relu_/main/main.13/Relu_output_0): ReLU()
  (Gemm_/main/main.14/Gemm_output_0): Linear(in_features=8, out_features=2, bias=True)
  (MatMul_/controller/MatMul_output_0): Linear(in_features=2, out_features=1, bias=False)
  (Constant_/Constant_output_0): Constant(constant=tensor([1], device='cuda:0'))
  (Constant_/Constant_1_output_0): Constant(constant=tensor([2], device='cuda:0'))
  (Constant_/Constant_2_output_0): Constant(constant=tensor([9223372036854775807], device='cuda:0'))
  (Constant_/Constant_3_output_0): Constant(constant=tensor([1], device='cuda:0'))
  (Slice_/Slice_output_0): Slice()
  (MatMul_/linear_weight/MatMul_output_0): Linear(in_features=2, out_features=1, bias=False)
  (MatMul_output): Linear(in_features=2, out_features=2, bias=False)
)
INFO     13:53:22     [!] Input shape: (1, 4)
INFO     13:53:22     [!] Output shape: (1, 2)
INFO     13:53:22     [!] VNNLIB: 4 inputs, 2 outputs
INFO     13:53:22     [!] eps=1.600000, perturbed=4
[!] Found unsupported layer: <class 'helper.network.onnx2pytorch.operations.constant.Constant'>
INFO     13:53:22     Params of 1-th run: {'input_split': True, 'abstract_method': 'forward+backward', 'decision_method': 'naive', 'decision_topk': 1}
INFO     13:53:22     [_setup_restart] _init_abstractor
DEBUG    13:53:22     [select_params] Try self.input_split=True Settings.backward_batch_size=inf extra_opts={} mode='patches' method='forward+backward'
DEBUG    13:53:22     [_init_module] Try bound_opts={'conv_mode': 'patches', 'verbosity': 0}
INFO     13:53:23     [select_params] Success: self.input_split=True Settings.backward_batch_size=inf extra_opts={} mode='patches' method='forward+backward'
INFO     13:53:23     Try batch size 1000
INFO     13:53:23     Initial bounds (first 10): tensor([-5398.3481])
INFO     13:53:23     [Input splitting]     Iteration: 1          Remaining: 2          Visited: 2          Bound: -3320.548340    Time elapsed (s): 0.69       Iteration elapsed (s): 0.02       GPU Mem (%): 2.79      Batch: 1000      Restart: 1         
INFO     13:53:23     [Input splitting]     Iteration: 2          Remaining: 4          Visited: 4          Bound: -2267.661865    Time elapsed (s): 0.70       Iteration elapsed (s): 0.01       GPU Mem (%): 2.79      Batch: 1000      Restart: 1         
INFO     13:53:23     [Input splitting]     Iteration: 3          Remaining: 8          Visited: 8          Bound: -1622.687744    Time elapsed (s): 0.72       Iteration elapsed (s): 0.02       GPU Mem (%): 2.79      Batch: 1000      Restart: 1         
INFO     13:53:23     [Input splitting]     Iteration: 4          Remaining: 16         Visited: 16         Bound: -1021.065308    Time elapsed (s): 0.75       Iteration elapsed (s): 0.03       GPU Mem (%): 2.79      Batch: 1000      Restart: 1         
INFO     13:53:23     [Input splitting]     Iteration: 5          Remaining: 20         Visited: 32         Bound: -847.470520     Time elapsed (s): 0.78       Iteration elapsed (s): 0.02       GPU Mem (%): 2.79      Batch: 1000      Restart: 1         
INFO     13:53:23     [Input splitting]     Iteration: 6          Remaining: 38         Visited: 52         Bound: -492.464355     Time elapsed (s): 0.80       Iteration elapsed (s): 0.02       GPU Mem (%): 2.80      Batch: 1000      Restart: 1         
INFO     13:53:23     [Input splitting]     Iteration: 7          Remaining: 47         Visited: 90         Bound: -257.891968     Time elapsed (s): 0.83       Iteration elapsed (s): 0.04       GPU Mem (%): 2.80      Batch: 1000      Restart: 1         
INFO     13:53:23     [Input splitting]     Iteration: 8          Remaining: 42         Visited: 137        Bound: -135.369125     Time elapsed (s): 0.84       Iteration elapsed (s): 0.01       GPU Mem (%): 2.80      Batch: 1000      Restart: 1         
INFO     13:53:23     [Input splitting]     Iteration: 9          Remaining: 35         Visited: 179        Bound: -46.162899      Time elapsed (s): 0.86       Iteration elapsed (s): 0.01       GPU Mem (%): 2.80      Batch: 1000      Restart: 1         
INFO     13:53:23     [Input splitting]     Iteration: 10         Remaining: 19         Visited: 214        Bound: -57.256409      Time elapsed (s): 0.87       Iteration elapsed (s): 0.01       GPU Mem (%): 2.80      Batch: 1000      Restart: 1         
INFO     13:53:23     [Input splitting]     Iteration: 11         Remaining: 18         Visited: 233        Bound: -17.062996      Time elapsed (s): 0.88       Iteration elapsed (s): 0.01       GPU Mem (%): 2.80      Batch: 1000      Restart: 1         
INFO     13:53:23     [Input splitting]     Iteration: 12         Remaining: 19         Visited: 251        Bound: -13.230681      Time elapsed (s): 0.89       Iteration elapsed (s): 0.01       GPU Mem (%): 2.80      Batch: 1000      Restart: 1         
INFO     13:53:23     [Input splitting]     Iteration: 13         Remaining: 25         Visited: 270        Bound: -10.592307      Time elapsed (s): 0.90       Iteration elapsed (s): 0.01       GPU Mem (%): 2.80      Batch: 1000      Restart: 1         
INFO     13:53:23     [Input splitting]     Iteration: 14         Remaining: 9          Visited: 295        Bound: -4.861773       Time elapsed (s): 0.91       Iteration elapsed (s): 0.01       GPU Mem (%): 2.80      Batch: 1000      Restart: 1         
INFO     13:53:23     [Input splitting]     Iteration: 15         Remaining: 0          Visited: 304        Bound: 0.000001        Time elapsed (s): 0.92       Iteration elapsed (s): 0.01       GPU Mem (%): 2.80      Batch: 1000      Restart: 1         
INFO     13:53:23     Verified: 1 	 Remain: 1
INFO     13:53:23     Params of 1-th run: {'input_split': True, 'abstract_method': 'forward+backward', 'decision_method': 'naive', 'decision_topk': 1}
INFO     13:53:23     Try batch size 1000
INFO     13:53:23     Initial bounds (first 10): tensor([-5551.8062])
INFO     13:53:23     [Input splitting]     Iteration: 16         Remaining: 2          Visited: 2          Bound: -2037.491699    Time elapsed (s): 1.19       Iteration elapsed (s): 0.04       GPU Mem (%): 2.81      Batch: 1000      Restart: 1         
INFO     13:53:23     [Input splitting]     Iteration: 17         Remaining: 4          Visited: 4          Bound: -1392.824829    Time elapsed (s): 1.26       Iteration elapsed (s): 0.08       GPU Mem (%): 2.81      Batch: 1000      Restart: 1         
INFO     13:53:23     [Input splitting]     Iteration: 18         Remaining: 8          Visited: 8          Bound: -1663.149414    Time elapsed (s): 1.31       Iteration elapsed (s): 0.04       GPU Mem (%): 2.81      Batch: 1000      Restart: 1         
INFO     13:53:24     [Input splitting]     Iteration: 19         Remaining: 16         Visited: 16         Bound: -630.663940     Time elapsed (s): 1.35       Iteration elapsed (s): 0.04       GPU Mem (%): 2.81      Batch: 1000      Restart: 1         
INFO     13:53:24     [Input splitting]     Iteration: 20         Remaining: 23         Visited: 32         Bound: -525.403198     Time elapsed (s): 1.44       Iteration elapsed (s): 0.08       GPU Mem (%): 2.81      Batch: 1000      Restart: 1         
INFO     13:53:24     [Input splitting]     Iteration: 21         Remaining: 39         Visited: 55         Bound: -438.953857     Time elapsed (s): 1.51       Iteration elapsed (s): 0.08       GPU Mem (%): 2.81      Batch: 1000      Restart: 1         
INFO     13:53:24     [Input splitting]     Iteration: 22         Remaining: 45         Visited: 94         Bound: -240.736282     Time elapsed (s): 1.62       Iteration elapsed (s): 0.09       GPU Mem (%): 2.82      Batch: 1000      Restart: 1         
INFO     13:53:24     [Input splitting]     Iteration: 23         Remaining: 41         Visited: 139        Bound: -120.611206     Time elapsed (s): 1.74       Iteration elapsed (s): 0.12       GPU Mem (%): 2.82      Batch: 1000      Restart: 1         
INFO     13:53:24     [Input splitting]     Iteration: 24         Remaining: 38         Visited: 180        Bound: -36.418884      Time elapsed (s): 1.84       Iteration elapsed (s): 0.11       GPU Mem (%): 2.82      Batch: 1000      Restart: 1         
INFO     13:53:24     [Input splitting]     Iteration: 25         Remaining: 25         Visited: 218        Bound: -44.102909      Time elapsed (s): 1.93       Iteration elapsed (s): 0.09       GPU Mem (%): 2.82      Batch: 1000      Restart: 1         
INFO     13:53:24     [Input splitting]     Iteration: 26         Remaining: 17         Visited: 243        Bound: -14.595594      Time elapsed (s): 1.98       Iteration elapsed (s): 0.04       GPU Mem (%): 2.82      Batch: 1000      Restart: 1         
INFO     13:53:24     [Input splitting]     Iteration: 27         Remaining: 7          Visited: 260        Bound: -11.185589      Time elapsed (s): 2.04       Iteration elapsed (s): 0.06       GPU Mem (%): 2.81      Batch: 1000      Restart: 1         
INFO     13:53:24     [Input splitting]     Iteration: 28         Remaining: 4          Visited: 267        Bound: -9.176817       Time elapsed (s): 2.11       Iteration elapsed (s): 0.07       GPU Mem (%): 2.81      Batch: 1000      Restart: 1         
INFO     13:53:24     [Input splitting]     Iteration: 29         Remaining: 1          Visited: 271        Bound: -2.976216       Time elapsed (s): 2.16       Iteration elapsed (s): 0.05       GPU Mem (%): 2.81      Batch: 1000      Restart: 1         
INFO     13:53:24     [Input splitting]     Iteration: 30         Remaining: 0          Visited: 272        Bound: 0.000001        Time elapsed (s): 2.18       Iteration elapsed (s): 0.02       GPU Mem (%): 2.81      Batch: 1000      Restart: 1         
INFO     13:53:25     Verified: 1 	 Remain: 0
INFO     13:53:25     [!] Iterations: 30
INFO     13:53:25     [!] Result: unsat
INFO     13:53:25     [!] Runtime: 3.1459
unsat,3.1459
