[0;93m2026-05-27 14:00:00.167873044 [W:onnxruntime:Default, device_discovery.cc:283 GetGpuDevices] Failed to detect devices under "/sys/class/drm/card0": device_discovery.cc:93 ReadFileContents Failed to open file: "/sys/class/drm/card0/device/vendor"[m
Set parameter WLSAccessID
Set parameter WLSSecret
Set parameter LicenseID to value 2542227
Academic license 2542227 - for non-commercial use only - registered to ka___@unsw.edu.au

 [!] GlobalSettings:
	- use_restart                             : True
	- use_mip_tightening                      : True
	- use_attack                              : False
	- attack_interval                         : 10
	- use_mip_verify                          : True
	- input_splitting_threshold               : 0.5
	- hidden_splitting_threshold              : 0.01
	- safety_num_input_perturbed              : 200
	- skip_preprocess                         : False
	- use_save_reasoning_step                 : False
	- max_iterations                          : 1000000000.0
	- skip_initial_worst_bound                : -1000000.0
	- max_domains                             : 1000000000.0
	- use_decompose                           : False
	- restart_current_hidden_branches         : 2000
	- restart_visited_hidden_branches         : 20000
	- restart_current_input_branches          : 20000
	- restart_visited_input_branches          : 200000
	- restart_max_runtime                     : 60.0
	- restart_max_runtime_percentage          : 0.4
	- mip_tightening_patience                 : 10
	- mip_tightening_timeout_per_neuron       : 15.0
	- mip_tightening_topk                     : 64
	- use_gpu_tightening                      : False
	- gpu_tightening_current_hidden_branches  : 1000
	- gpu_tightening_visited_hidden_branches  : 5000
	- gpu_tightening_timeout                  : 10.0
	- gpu_tightening_patience                 : 10
	- gpu_tightening_topk                     : 500
	- use_mip_attack                          : False
	- mip_verify_threshold                    : 2
	- share_alphas                            : False
	- backward_batch_size                     : inf
	- forward_max_dim                         : 10000
	- forward_dynamic                         : False
	- use_decompose_incomplete                : False
	- init_abstraction_method                 : crown-optimized
	- subverifier_decision_method             : smart
	- verify_candidate_batch                  : 3
	- verify_last_timeout                     : 200.0
	- verify_interm_timeout                   : 20.0
	- sequential_batch                        : 100
	- use_sequential_abstract_forward         : False
	- verify_extra_opts                       : {'sparse_intermediate_bounds': True}
	- verify_splitting_strategy               : hidden
	- use_extra_substitution                  : False
	- verify_max_iteration                    : 4
	- verify_candidate_num                    : 128
	- verify_interpolate_factor               : 0.5

ConvertModel(
  (Gemm_/main/main.0/Gemm_output_0): Linear(in_features=4, out_features=256, bias=True)
  (Relu_/main/main.1/Relu_output_0): ReLU()
  (Gemm_/main/main.2/Gemm_output_0): Linear(in_features=256, out_features=256, bias=True)
  (Relu_/main/main.3/Relu_output_0): ReLU()
  (Gemm_/main/main.4/Gemm_output_0): Linear(in_features=256, out_features=256, bias=True)
  (Relu_/main/main.5/Relu_output_0): ReLU()
  (Gemm_/main/main.6/Gemm_output_0): Linear(in_features=256, out_features=256, bias=True)
  (Relu_/main/main.7/Relu_output_0): ReLU()
  (Gemm_/main/main.8/Gemm_output_0): Linear(in_features=256, out_features=16, bias=True)
  (Relu_/main/main.9/Relu_output_0): ReLU()
  (Gemm_/main/main.10/Gemm_output_0): Linear(in_features=16, out_features=8, bias=True)
  (Relu_/main/main.11/Relu_output_0): ReLU()
  (Gemm_/main/main.12/Gemm_output_0): Linear(in_features=8, out_features=8, bias=True)
  (Relu_/main/main.13/Relu_output_0): ReLU()
  (Gemm_/main/main.14/Gemm_output_0): Linear(in_features=8, out_features=2, bias=True)
  (MatMul_/controller/MatMul_output_0): Linear(in_features=2, out_features=1, bias=False)
  (Constant_/Constant_output_0): Constant(constant=tensor([1], device='cuda:0'))
  (Constant_/Constant_1_output_0): Constant(constant=tensor([2], device='cuda:0'))
  (Constant_/Constant_2_output_0): Constant(constant=tensor([9223372036854775807], device='cuda:0'))
  (Constant_/Constant_3_output_0): Constant(constant=tensor([1], device='cuda:0'))
  (Slice_/Slice_output_0): Slice()
  (MatMul_/linear_weight/MatMul_output_0): Linear(in_features=2, out_features=1, bias=False)
  (MatMul_output): Linear(in_features=2, out_features=2, bias=False)
)
INFO     14:00:03     [!] Input shape: (1, 4)
INFO     14:00:03     [!] Output shape: (1, 2)
INFO     14:00:03     [!] VNNLIB: 4 inputs, 2 outputs
INFO     14:00:03     [!] eps=1.239213, perturbed=4
[!] Found unsupported layer: <class 'helper.network.onnx2pytorch.operations.constant.Constant'>
INFO     14:00:03     Params of 1-th run: {'input_split': True, 'abstract_method': 'forward+backward', 'decision_method': 'naive', 'decision_topk': 1}
INFO     14:00:03     [_setup_restart] _init_abstractor
DEBUG    14:00:04     [select_params] Try self.input_split=True Settings.backward_batch_size=inf extra_opts={} mode='patches' method='forward+backward'
DEBUG    14:00:04     [_init_module] Try bound_opts={'conv_mode': 'patches', 'verbosity': 0}
INFO     14:00:05     [select_params] Success: self.input_split=True Settings.backward_batch_size=inf extra_opts={} mode='patches' method='forward+backward'
INFO     14:00:05     Try batch size 1000
INFO     14:00:05     Initial bounds (first 10): tensor([-877.7419])
INFO     14:00:05     [Input splitting]     Iteration: 1          Remaining: 2          Visited: 2          Bound: -754.456299     Time elapsed (s): 1.72       Iteration elapsed (s): 0.03       GPU Mem (%): 6.76      Batch: 1000      Restart: 1         
INFO     14:00:05     [Input splitting]     Iteration: 2          Remaining: 4          Visited: 4          Bound: -298.244110     Time elapsed (s): 1.78       Iteration elapsed (s): 0.05       GPU Mem (%): 6.76      Batch: 1000      Restart: 1         
INFO     14:00:05     [Input splitting]     Iteration: 3          Remaining: 8          Visited: 8          Bound: -294.517090     Time elapsed (s): 1.81       Iteration elapsed (s): 0.04       GPU Mem (%): 6.76      Batch: 1000      Restart: 1         
INFO     14:00:05     [Input splitting]     Iteration: 4          Remaining: 11         Visited: 16         Bound: -287.201324     Time elapsed (s): 1.84       Iteration elapsed (s): 0.03       GPU Mem (%): 6.76      Batch: 1000      Restart: 1         
INFO     14:00:05     [Input splitting]     Iteration: 5          Remaining: 20         Visited: 27         Bound: -285.839691     Time elapsed (s): 1.86       Iteration elapsed (s): 0.02       GPU Mem (%): 6.77      Batch: 1000      Restart: 1         
INFO     14:00:05     [Input splitting]     Iteration: 6          Remaining: 19         Visited: 47         Bound: -137.460846     Time elapsed (s): 1.87       Iteration elapsed (s): 0.01       GPU Mem (%): 6.77      Batch: 1000      Restart: 1         
INFO     14:00:05     [Input splitting]     Iteration: 7          Remaining: 37         Visited: 66         Bound: -133.095337     Time elapsed (s): 1.89       Iteration elapsed (s): 0.01       GPU Mem (%): 6.77      Batch: 1000      Restart: 1         
INFO     14:00:05     [Input splitting]     Iteration: 8          Remaining: 43         Visited: 103        Bound: -56.493347      Time elapsed (s): 1.90       Iteration elapsed (s): 0.01       GPU Mem (%): 6.77      Batch: 1000      Restart: 1         
INFO     14:00:05     [Input splitting]     Iteration: 9          Remaining: 71         Visited: 146        Bound: -47.660564      Time elapsed (s): 1.91       Iteration elapsed (s): 0.01       GPU Mem (%): 6.78      Batch: 1000      Restart: 1         
INFO     14:00:05     [Input splitting]     Iteration: 10         Remaining: 71         Visited: 217        Bound: -16.412146      Time elapsed (s): 1.97       Iteration elapsed (s): 0.06       GPU Mem (%): 5.50      Batch: 1000      Restart: 1         
INFO     14:00:06     [Input splitting]     Iteration: 11         Remaining: 108        Visited: 288        Bound: -15.540264      Time elapsed (s): 2.09       Iteration elapsed (s): 0.11       GPU Mem (%): 5.50      Batch: 1000      Restart: 1         
INFO     14:00:06     [Input splitting]     Iteration: 12         Remaining: 67         Visited: 396        Bound: -4.563570       Time elapsed (s): 2.17       Iteration elapsed (s): 0.08       GPU Mem (%): 4.04      Batch: 1000      Restart: 1         
INFO     14:00:06     [Input splitting]     Iteration: 13         Remaining: 48         Visited: 463        Bound: -4.302468       Time elapsed (s): 2.27       Iteration elapsed (s): 0.09       GPU Mem (%): 4.05      Batch: 1000      Restart: 1         
INFO     14:00:06     [Input splitting]     Iteration: 14         Remaining: 78         Visited: 511        Bound: -3.182907       Time elapsed (s): 2.36       Iteration elapsed (s): 0.09       GPU Mem (%): 4.04      Batch: 1000      Restart: 1         
INFO     14:00:06     [Input splitting]     Iteration: 15         Remaining: 125        Visited: 589        Bound: -2.995258       Time elapsed (s): 2.42       Iteration elapsed (s): 0.06       GPU Mem (%): 4.04      Batch: 1000      Restart: 1         
INFO     14:00:06     [Input splitting]     Iteration: 16         Remaining: 0          Visited: 714        Bound: 0.000001        Time elapsed (s): 2.52       Iteration elapsed (s): 0.09       GPU Mem (%): 4.05      Batch: 1000      Restart: 1         
INFO     14:00:07     Verified: 1 	 Remain: 1
INFO     14:00:07     Params of 1-th run: {'input_split': True, 'abstract_method': 'forward+backward', 'decision_method': 'naive', 'decision_topk': 1}
INFO     14:00:07     Try batch size 1000
INFO     14:00:07     Initial bounds (first 10): tensor([-837.3009])
INFO     14:00:07     [Input splitting]     Iteration: 17         Remaining: 2          Visited: 2          Bound: -714.137878     Time elapsed (s): 3.20       Iteration elapsed (s): 0.02       GPU Mem (%): 5.15      Batch: 1000      Restart: 1         
INFO     14:00:07     [Input splitting]     Iteration: 18         Remaining: 4          Visited: 4          Bound: -178.240494     Time elapsed (s): 3.22       Iteration elapsed (s): 0.01       GPU Mem (%): 5.14      Batch: 1000      Restart: 1         
INFO     14:00:07     [Input splitting]     Iteration: 19         Remaining: 8          Visited: 8          Bound: -175.988419     Time elapsed (s): 3.24       Iteration elapsed (s): 0.02       GPU Mem (%): 5.14      Batch: 1000      Restart: 1         
INFO     14:00:07     [Input splitting]     Iteration: 20         Remaining: 10         Visited: 16         Bound: -171.406769     Time elapsed (s): 3.32       Iteration elapsed (s): 0.08       GPU Mem (%): 5.16      Batch: 1000      Restart: 1         
INFO     14:00:07     [Input splitting]     Iteration: 21         Remaining: 20         Visited: 26         Bound: -170.587189     Time elapsed (s): 3.36       Iteration elapsed (s): 0.03       GPU Mem (%): 5.16      Batch: 1000      Restart: 1         
INFO     14:00:07     [Input splitting]     Iteration: 22         Remaining: 18         Visited: 46         Bound: -79.351982      Time elapsed (s): 3.41       Iteration elapsed (s): 0.04       GPU Mem (%): 5.16      Batch: 1000      Restart: 1         
INFO     14:00:07     [Input splitting]     Iteration: 23         Remaining: 32         Visited: 64         Bound: -76.660110      Time elapsed (s): 3.48       Iteration elapsed (s): 0.07       GPU Mem (%): 5.18      Batch: 1000      Restart: 1         
INFO     14:00:07     [Input splitting]     Iteration: 24         Remaining: 33         Visited: 96         Bound: -29.957142      Time elapsed (s): 3.57       Iteration elapsed (s): 0.08       GPU Mem (%): 5.18      Batch: 1000      Restart: 1         
INFO     14:00:07     [Input splitting]     Iteration: 25         Remaining: 59         Visited: 129        Bound: -24.625181      Time elapsed (s): 3.64       Iteration elapsed (s): 0.07       GPU Mem (%): 5.18      Batch: 1000      Restart: 1         
INFO     14:00:07     [Input splitting]     Iteration: 26         Remaining: 47         Visited: 188        Bound: -6.027914       Time elapsed (s): 3.71       Iteration elapsed (s): 0.07       GPU Mem (%): 5.20      Batch: 1000      Restart: 1         
INFO     14:00:07     [Input splitting]     Iteration: 27         Remaining: 75         Visited: 235        Bound: -5.559946       Time elapsed (s): 3.80       Iteration elapsed (s): 0.09       GPU Mem (%): 5.22      Batch: 1000      Restart: 1         
INFO     14:00:07     [Input splitting]     Iteration: 28         Remaining: 56         Visited: 310        Bound: -1.299086       Time elapsed (s): 3.83       Iteration elapsed (s): 0.03       GPU Mem (%): 5.76      Batch: 1000      Restart: 1         
INFO     14:00:07     [Input splitting]     Iteration: 29         Remaining: 37         Visited: 366        Bound: -1.172018       Time elapsed (s): 3.85       Iteration elapsed (s): 0.02       GPU Mem (%): 5.75      Batch: 1000      Restart: 1         
INFO     14:00:07     [Input splitting]     Iteration: 30         Remaining: 32         Visited: 403        Bound: -0.709663       Time elapsed (s): 3.91       Iteration elapsed (s): 0.05       GPU Mem (%): 5.66      Batch: 1000      Restart: 1         
INFO     14:00:07     [Input splitting]     Iteration: 31         Remaining: 36         Visited: 435        Bound: -0.606672       Time elapsed (s): 3.99       Iteration elapsed (s): 0.09       GPU Mem (%): 5.66      Batch: 1000      Restart: 1         
INFO     14:00:08     [Input splitting]     Iteration: 32         Remaining: 0          Visited: 471        Bound: 0.000001        Time elapsed (s): 4.09       Iteration elapsed (s): 0.09       GPU Mem (%): 5.68      Batch: 1000      Restart: 1         
INFO     14:00:08     Verified: 1 	 Remain: 0
INFO     14:00:08     [!] Iterations: 32
INFO     14:00:08     [!] Result: unsat
INFO     14:00:08     [!] Runtime: 5.2440
unsat,5.2440
