[0;93m2026-05-27 14:01:08.949825587 [W:onnxruntime:Default, device_discovery.cc:283 GetGpuDevices] Failed to detect devices under "/sys/class/drm/card0": device_discovery.cc:93 ReadFileContents Failed to open file: "/sys/class/drm/card0/device/vendor"[m
Set parameter WLSAccessID
Set parameter WLSSecret
Set parameter LicenseID to value 2542227
Academic license 2542227 - for non-commercial use only - registered to ka___@unsw.edu.au

 [!] GlobalSettings:
	- use_restart                             : True
	- use_mip_tightening                      : True
	- use_attack                              : False
	- attack_interval                         : 10
	- use_mip_verify                          : True
	- input_splitting_threshold               : 0.5
	- hidden_splitting_threshold              : 0.01
	- safety_num_input_perturbed              : 200
	- skip_preprocess                         : False
	- use_save_reasoning_step                 : False
	- max_iterations                          : 1000000000.0
	- skip_initial_worst_bound                : -1000000.0
	- max_domains                             : 1000000000.0
	- use_decompose                           : False
	- restart_current_hidden_branches         : 2000
	- restart_visited_hidden_branches         : 20000
	- restart_current_input_branches          : 20000
	- restart_visited_input_branches          : 200000
	- restart_max_runtime                     : 60.0
	- restart_max_runtime_percentage          : 0.4
	- mip_tightening_patience                 : 10
	- mip_tightening_timeout_per_neuron       : 15.0
	- mip_tightening_topk                     : 64
	- use_gpu_tightening                      : False
	- gpu_tightening_current_hidden_branches  : 1000
	- gpu_tightening_visited_hidden_branches  : 5000
	- gpu_tightening_timeout                  : 10.0
	- gpu_tightening_patience                 : 10
	- gpu_tightening_topk                     : 500
	- use_mip_attack                          : False
	- mip_verify_threshold                    : 2
	- share_alphas                            : False
	- backward_batch_size                     : inf
	- forward_max_dim                         : 10000
	- forward_dynamic                         : False
	- use_decompose_incomplete                : False
	- init_abstraction_method                 : crown-optimized
	- subverifier_decision_method             : smart
	- verify_candidate_batch                  : 3
	- verify_last_timeout                     : 200.0
	- verify_interm_timeout                   : 20.0
	- sequential_batch                        : 100
	- use_sequential_abstract_forward         : False
	- verify_extra_opts                       : {'sparse_intermediate_bounds': True}
	- verify_splitting_strategy               : hidden
	- use_extra_substitution                  : False
	- verify_max_iteration                    : 4
	- verify_candidate_num                    : 128
	- verify_interpolate_factor               : 0.5

ConvertModel(
  (Gemm_/main/main.0/Gemm_output_0): Linear(in_features=4, out_features=256, bias=True)
  (Relu_/main/main.1/Relu_output_0): ReLU()
  (Gemm_/main/main.2/Gemm_output_0): Linear(in_features=256, out_features=256, bias=True)
  (Relu_/main/main.3/Relu_output_0): ReLU()
  (Gemm_/main/main.4/Gemm_output_0): Linear(in_features=256, out_features=256, bias=True)
  (Relu_/main/main.5/Relu_output_0): ReLU()
  (Gemm_/main/main.6/Gemm_output_0): Linear(in_features=256, out_features=256, bias=True)
  (Relu_/main/main.7/Relu_output_0): ReLU()
  (Gemm_/main/main.8/Gemm_output_0): Linear(in_features=256, out_features=16, bias=True)
  (Relu_/main/main.9/Relu_output_0): ReLU()
  (Gemm_/main/main.10/Gemm_output_0): Linear(in_features=16, out_features=8, bias=True)
  (Relu_/main/main.11/Relu_output_0): ReLU()
  (Gemm_/main/main.12/Gemm_output_0): Linear(in_features=8, out_features=8, bias=True)
  (Relu_/main/main.13/Relu_output_0): ReLU()
  (Gemm_/main/main.14/Gemm_output_0): Linear(in_features=8, out_features=2, bias=True)
  (MatMul_/controller/MatMul_output_0): Linear(in_features=2, out_features=1, bias=False)
  (Constant_/Constant_output_0): Constant(constant=tensor([1], device='cuda:0'))
  (Constant_/Constant_1_output_0): Constant(constant=tensor([2], device='cuda:0'))
  (Constant_/Constant_2_output_0): Constant(constant=tensor([9223372036854775807], device='cuda:0'))
  (Constant_/Constant_3_output_0): Constant(constant=tensor([1], device='cuda:0'))
  (Slice_/Slice_output_0): Slice()
  (MatMul_/linear_weight/MatMul_output_0): Linear(in_features=2, out_features=1, bias=False)
  (MatMul_output): Linear(in_features=2, out_features=2, bias=False)
)
INFO     14:01:10     [!] Input shape: (1, 4)
INFO     14:01:10     [!] Output shape: (1, 2)
INFO     14:01:10     [!] VNNLIB: 4 inputs, 2 outputs
INFO     14:01:10     [!] eps=1.249461, perturbed=4
[!] Found unsupported layer: <class 'helper.network.onnx2pytorch.operations.constant.Constant'>
INFO     14:01:10     Params of 1-th run: {'input_split': True, 'abstract_method': 'forward+backward', 'decision_method': 'naive', 'decision_topk': 1}
INFO     14:01:10     [_setup_restart] _init_abstractor
DEBUG    14:01:10     [select_params] Try self.input_split=True Settings.backward_batch_size=inf extra_opts={} mode='patches' method='forward+backward'
DEBUG    14:01:10     [_init_module] Try bound_opts={'conv_mode': 'patches', 'verbosity': 0}
INFO     14:01:10     [select_params] Success: self.input_split=True Settings.backward_batch_size=inf extra_opts={} mode='patches' method='forward+backward'
INFO     14:01:10     Try batch size 1000
INFO     14:01:10     Initial bounds (first 10): tensor([-2098.9028])
INFO     14:01:11     [Input splitting]     Iteration: 1          Remaining: 2          Visited: 2          Bound: -1480.227661    Time elapsed (s): 0.79       Iteration elapsed (s): 0.03       GPU Mem (%): 4.71      Batch: 1000      Restart: 1         
INFO     14:01:11     [Input splitting]     Iteration: 2          Remaining: 4          Visited: 4          Bound: -788.944580     Time elapsed (s): 0.80       Iteration elapsed (s): 0.01       GPU Mem (%): 4.47      Batch: 1000      Restart: 1         
INFO     14:01:11     [Input splitting]     Iteration: 3          Remaining: 8          Visited: 8          Bound: -344.943878     Time elapsed (s): 0.82       Iteration elapsed (s): 0.03       GPU Mem (%): 3.99      Batch: 1000      Restart: 1         
INFO     14:01:11     [Input splitting]     Iteration: 4          Remaining: 16         Visited: 16         Bound: -273.033966     Time elapsed (s): 0.88       Iteration elapsed (s): 0.05       GPU Mem (%): 4.01      Batch: 1000      Restart: 1         
INFO     14:01:11     [Input splitting]     Iteration: 5          Remaining: 20         Visited: 32         Bound: -63.694965      Time elapsed (s): 0.89       Iteration elapsed (s): 0.01       GPU Mem (%): 4.11      Batch: 1000      Restart: 1         
INFO     14:01:11     [Input splitting]     Iteration: 6          Remaining: 38         Visited: 52         Bound: -57.509552      Time elapsed (s): 0.91       Iteration elapsed (s): 0.01       GPU Mem (%): 4.12      Batch: 1000      Restart: 1         
INFO     14:01:11     [Input splitting]     Iteration: 7          Remaining: 35         Visited: 90         Bound: -20.168024      Time elapsed (s): 0.92       Iteration elapsed (s): 0.02       GPU Mem (%): 4.12      Batch: 1000      Restart: 1         
INFO     14:01:11     [Input splitting]     Iteration: 8          Remaining: 50         Visited: 125        Bound: -12.501413      Time elapsed (s): 0.94       Iteration elapsed (s): 0.01       GPU Mem (%): 4.13      Batch: 1000      Restart: 1         
INFO     14:01:11     [Input splitting]     Iteration: 9          Remaining: 8          Visited: 175        Bound: -1.020516       Time elapsed (s): 0.96       Iteration elapsed (s): 0.02       GPU Mem (%): 4.13      Batch: 1000      Restart: 1         
INFO     14:01:11     [Input splitting]     Iteration: 10         Remaining: 7          Visited: 183        Bound: -1.864397       Time elapsed (s): 0.97       Iteration elapsed (s): 0.02       GPU Mem (%): 4.14      Batch: 1000      Restart: 1         
INFO     14:01:11     [Input splitting]     Iteration: 11         Remaining: 1          Visited: 190        Bound: -0.087006       Time elapsed (s): 0.99       Iteration elapsed (s): 0.02       GPU Mem (%): 4.67      Batch: 1000      Restart: 1         
INFO     14:01:11     [Input splitting]     Iteration: 12         Remaining: 0          Visited: 191        Bound: 0.000001        Time elapsed (s): 1.02       Iteration elapsed (s): 0.02       GPU Mem (%): 4.59      Batch: 1000      Restart: 1         
INFO     14:01:11     Verified: 1 	 Remain: 1
INFO     14:01:11     Params of 1-th run: {'input_split': True, 'abstract_method': 'forward+backward', 'decision_method': 'naive', 'decision_topk': 1}
INFO     14:01:11     Try batch size 1000
INFO     14:01:11     Initial bounds (first 10): tensor([-1290.0724])
INFO     14:01:11     [Input splitting]     Iteration: 13         Remaining: 2          Visited: 2          Bound: -910.868835     Time elapsed (s): 1.20       Iteration elapsed (s): 0.06       GPU Mem (%): 5.25      Batch: 1000      Restart: 1         
INFO     14:01:11     [Input splitting]     Iteration: 14         Remaining: 4          Visited: 4          Bound: -648.154968     Time elapsed (s): 1.25       Iteration elapsed (s): 0.04       GPU Mem (%): 5.26      Batch: 1000      Restart: 1         
INFO     14:01:11     [Input splitting]     Iteration: 15         Remaining: 8          Visited: 8          Bound: -305.479492     Time elapsed (s): 1.31       Iteration elapsed (s): 0.06       GPU Mem (%): 5.28      Batch: 1000      Restart: 1         
INFO     14:01:11     [Input splitting]     Iteration: 16         Remaining: 16         Visited: 16         Bound: -252.354004     Time elapsed (s): 1.34       Iteration elapsed (s): 0.03       GPU Mem (%): 5.82      Batch: 1000      Restart: 1         
INFO     14:01:11     [Input splitting]     Iteration: 17         Remaining: 22         Visited: 32         Bound: -56.272964      Time elapsed (s): 1.35       Iteration elapsed (s): 0.01       GPU Mem (%): 5.74      Batch: 1000      Restart: 1         
INFO     14:01:11     [Input splitting]     Iteration: 18         Remaining: 41         Visited: 54         Bound: -50.358688      Time elapsed (s): 1.37       Iteration elapsed (s): 0.02       GPU Mem (%): 5.73      Batch: 1000      Restart: 1         
INFO     14:01:11     [Input splitting]     Iteration: 19         Remaining: 49         Visited: 95         Bound: -19.782310      Time elapsed (s): 1.39       Iteration elapsed (s): 0.02       GPU Mem (%): 5.73      Batch: 1000      Restart: 1         
INFO     14:01:11     [Input splitting]     Iteration: 20         Remaining: 65         Visited: 144        Bound: -12.316273      Time elapsed (s): 1.41       Iteration elapsed (s): 0.01       GPU Mem (%): 5.73      Batch: 1000      Restart: 1         
INFO     14:01:11     [Input splitting]     Iteration: 21         Remaining: 30         Visited: 209        Bound: -3.178569       Time elapsed (s): 1.43       Iteration elapsed (s): 0.02       GPU Mem (%): 5.73      Batch: 1000      Restart: 1         
INFO     14:01:11     [Input splitting]     Iteration: 22         Remaining: 40         Visited: 239        Bound: -3.078983       Time elapsed (s): 1.49       Iteration elapsed (s): 0.06       GPU Mem (%): 5.26      Batch: 1000      Restart: 1         
INFO     14:01:11     [Input splitting]     Iteration: 23         Remaining: 11         Visited: 279        Bound: -0.794919       Time elapsed (s): 1.54       Iteration elapsed (s): 0.05       GPU Mem (%): 5.28      Batch: 1000      Restart: 1         
INFO     14:01:11     [Input splitting]     Iteration: 24         Remaining: 4          Visited: 290        Bound: -0.190193       Time elapsed (s): 1.61       Iteration elapsed (s): 0.07       GPU Mem (%): 5.28      Batch: 1000      Restart: 1         
INFO     14:01:11     [Input splitting]     Iteration: 25         Remaining: 3          Visited: 294        Bound: -0.113773       Time elapsed (s): 1.67       Iteration elapsed (s): 0.06       GPU Mem (%): 5.30      Batch: 1000      Restart: 1         
INFO     14:01:11     [Input splitting]     Iteration: 26         Remaining: 0          Visited: 297        Bound: 0.000001        Time elapsed (s): 1.71       Iteration elapsed (s): 0.04       GPU Mem (%): 5.83      Batch: 1000      Restart: 1         
INFO     14:01:12     Verified: 1 	 Remain: 0
INFO     14:01:12     [!] Iterations: 26
INFO     14:01:12     [!] Result: unsat
INFO     14:01:12     [!] Runtime: 2.3496
unsat,2.3496
