[ACT] Auto-detecting project root: ../ACT
[ACT] Gurobi license found: ../ACT/modules/gurobi/gurobi.lic
{
  "benchmark": "cersyve",
  "instance_id": 0,
  "status": "OK",
  "cli_normalized": "OK",
  "wall_s": 4.501963000977412,
  "peak_rss_mb": 1530.06640625,
  "returncode": 0,
  "per_instance_json": "/data1/Kane/ACT/audit_results/full_vnncomp_20260530T092003Z/cersyve_w0/per_instance_cersyve_20260530T120136157365Z.json",
  "out_dir": "/data1/Kane/ACT/audit_results/full_vnncomp_20260530T092003Z/cersyve_w0",
  "stdout_tail": "nnx_converter:Extracted input shape: [1, 4]\nINFO:act.front_end.vnnlib_loader.data_model_loader:  \u2713 Input shape: (1, 4)\nINFO:act.front_end.vnnlib_loader.data_model_loader:[3/3] Parsing VNNLIB specification...\nINFO:act.front_end.vnnlib_loader.vnnlib_parser:Parsed VNNLIB: 4 inputs, 2 outputs, type=unknown\nINFO:act.front_end.vnnlib_loader.data_model_loader:  \u2713 Parsed VNNLIB: 4 inputs, 2 outputs\nINFO:act.front_end.vnnlib_loader.data_model_loader:Successfully loaded VNNLIB instance from 'cersyve'\nINFO:act.front_end.vnnlib_loader.vnnlib_parser:Parsed prop_lane_keep.vnnlib: 1 query(ies)\n[ACT] Using existing Gurobi license: ../ACT/modules/gurobi/gurobi.lic\n\u2705 Device Manager Initialized: device=cuda:0, dtype=torch.float64\n\n================================================================================\nACT: Abstract Constraint Transformer\nInference-based whitebox fuzzing for neural network verification\n================================================================================\n\n\n================================================================================\nVERIFICATION TEST: VNNLIB \u2192 VerifiableModel \u2192 verify_once\n================================================================================\n\n[vnnlib] category=cersyve max_instances=1 mode=hybridz (full TOP1_ROBUST via labeled_tensor collapse; device=cuda, timeout=120.0s)\n  [  1/1] cersyve/onnx/lane_keep_pretrain_con.onnx@vnnlib/prop_lane_keep.vnnlib: UNKNOWN (1.2s)  V=0 A=0 U=1 E=0  R=0\n\n[vnnlib/hybridz] FINAL \u2014 total=1 wall=0.0 min\n  UNKNOWN      1\n  [structured] per-instance log \u2192 /data1/Kane/ACT/audit_results/full_vnncomp_20260530T092003Z/cersyve_w0/per_instance_cersyve_20260530T120136157365Z.json\n\n================================================================================\nVERIFICATION TEST SUMMARY\n================================================================================\n  \u2705 vnnlib                    PASSED\n================================================================================\n\n"
}
{
  "benchmark": "cersyve",
  "instance_id": 1,
  "status": "OK",
  "cli_normalized": "OK",
  "wall_s": 6.002633934025653,
  "peak_rss_mb": 1573.3203125,
  "returncode": 0,
  "per_instance_json": "/data1/Kane/ACT/audit_results/full_vnncomp_20260530T092003Z/cersyve_w0/per_instance_cersyve_20260530T120141905395Z.json",
  "out_dir": "/data1/Kane/ACT/audit_results/full_vnncomp_20260530T092003Z/cersyve_w0",
  "stdout_tail": "nnx_converter:Extracted input shape: [1, 4]\nINFO:act.front_end.vnnlib_loader.data_model_loader:  \u2713 Input shape: (1, 4)\nINFO:act.front_end.vnnlib_loader.data_model_loader:[3/3] Parsing VNNLIB specification...\nINFO:act.front_end.vnnlib_loader.vnnlib_parser:Parsed VNNLIB: 4 inputs, 2 outputs, type=unknown\nINFO:act.front_end.vnnlib_loader.data_model_loader:  \u2713 Parsed VNNLIB: 4 inputs, 2 outputs\nINFO:act.front_end.vnnlib_loader.data_model_loader:Successfully loaded VNNLIB instance from 'cersyve'\nINFO:act.front_end.vnnlib_loader.vnnlib_parser:Parsed prop_lane_keep.vnnlib: 1 query(ies)\n[ACT] Using existing Gurobi license: ../ACT/modules/gurobi/gurobi.lic\n\u2705 Device Manager Initialized: device=cuda:0, dtype=torch.float64\n\n================================================================================\nACT: Abstract Constraint Transformer\nInference-based whitebox fuzzing for neural network verification\n================================================================================\n\n\n================================================================================\nVERIFICATION TEST: VNNLIB \u2192 VerifiableModel \u2192 verify_once\n================================================================================\n\n[vnnlib] category=cersyve max_instances=1 mode=hybridz (full TOP1_ROBUST via labeled_tensor collapse; device=cuda, timeout=120.0s)\n  [  1/1] cersyve/onnx/lane_keep_pretrain_inv.onnx@vnnlib/prop_lane_keep.vnnlib: UNKNOWN (2.4s)  V=0 A=0 U=1 E=0  R=0\n\n[vnnlib/hybridz] FINAL \u2014 total=1 wall=0.0 min\n  UNKNOWN      1\n  [structured] per-instance log \u2192 /data1/Kane/ACT/audit_results/full_vnncomp_20260530T092003Z/cersyve_w0/per_instance_cersyve_20260530T120141905395Z.json\n\n================================================================================\nVERIFICATION TEST SUMMARY\n================================================================================\n  \u2705 vnnlib                    PASSED\n================================================================================\n\n"
}
{
  "benchmark": "cersyve",
  "instance_id": 2,
  "status": "OK",
  "cli_normalized": "OK",
  "wall_s": 5.002250747056678,
  "peak_rss_mb": 1529.02734375,
  "returncode": 0,
  "per_instance_json": "/data1/Kane/ACT/audit_results/full_vnncomp_20260530T092003Z/cersyve_w0/per_instance_cersyve_20260530T120147184895Z.json",
  "out_dir": "/data1/Kane/ACT/audit_results/full_vnncomp_20260530T092003Z/cersyve_w0",
  "stdout_tail": "nnx_converter:Extracted input shape: [1, 4]\nINFO:act.front_end.vnnlib_loader.data_model_loader:  \u2713 Input shape: (1, 4)\nINFO:act.front_end.vnnlib_loader.data_model_loader:[3/3] Parsing VNNLIB specification...\nINFO:act.front_end.vnnlib_loader.vnnlib_parser:Parsed VNNLIB: 4 inputs, 2 outputs, type=unknown\nINFO:act.front_end.vnnlib_loader.data_model_loader:  \u2713 Parsed VNNLIB: 4 inputs, 2 outputs\nINFO:act.front_end.vnnlib_loader.data_model_loader:Successfully loaded VNNLIB instance from 'cersyve'\nINFO:act.front_end.vnnlib_loader.vnnlib_parser:Parsed prop_lane_keep.vnnlib: 1 query(ies)\n[ACT] Using existing Gurobi license: ../ACT/modules/gurobi/gurobi.lic\n\u2705 Device Manager Initialized: device=cuda:0, dtype=torch.float64\n\n================================================================================\nACT: Abstract Constraint Transformer\nInference-based whitebox fuzzing for neural network verification\n================================================================================\n\n\n================================================================================\nVERIFICATION TEST: VNNLIB \u2192 VerifiableModel \u2192 verify_once\n================================================================================\n\n[vnnlib] category=cersyve max_instances=1 mode=hybridz (full TOP1_ROBUST via labeled_tensor collapse; device=cuda, timeout=120.0s)\n  [  1/1] cersyve/onnx/lane_keep_finetune_con.onnx@vnnlib/prop_lane_keep.vnnlib: UNKNOWN (1.6s)  V=0 A=0 U=1 E=0  R=0\n\n[vnnlib/hybridz] FINAL \u2014 total=1 wall=0.0 min\n  UNKNOWN      1\n  [structured] per-instance log \u2192 /data1/Kane/ACT/audit_results/full_vnncomp_20260530T092003Z/cersyve_w0/per_instance_cersyve_20260530T120147184895Z.json\n\n================================================================================\nVERIFICATION TEST SUMMARY\n================================================================================\n  \u2705 vnnlib                    PASSED\n================================================================================\n\n"
}
{
  "benchmark": "cersyve",
  "instance_id": 3,
  "status": "OK",
  "cli_normalized": "OK",
  "wall_s": 6.502770267077722,
  "peak_rss_mb": 1575.671875,
  "returncode": 0,
  "per_instance_json": "/data1/Kane/ACT/audit_results/full_vnncomp_20260530T092003Z/cersyve_w0/per_instance_cersyve_20260530T120153309591Z.json",
  "out_dir": "/data1/Kane/ACT/audit_results/full_vnncomp_20260530T092003Z/cersyve_w0",
  "stdout_tail": "nnx_converter:Extracted input shape: [1, 4]\nINFO:act.front_end.vnnlib_loader.data_model_loader:  \u2713 Input shape: (1, 4)\nINFO:act.front_end.vnnlib_loader.data_model_loader:[3/3] Parsing VNNLIB specification...\nINFO:act.front_end.vnnlib_loader.vnnlib_parser:Parsed VNNLIB: 4 inputs, 2 outputs, type=unknown\nINFO:act.front_end.vnnlib_loader.data_model_loader:  \u2713 Parsed VNNLIB: 4 inputs, 2 outputs\nINFO:act.front_end.vnnlib_loader.data_model_loader:Successfully loaded VNNLIB instance from 'cersyve'\nINFO:act.front_end.vnnlib_loader.vnnlib_parser:Parsed prop_lane_keep.vnnlib: 1 query(ies)\n[ACT] Using existing Gurobi license: ../ACT/modules/gurobi/gurobi.lic\n\u2705 Device Manager Initialized: device=cuda:0, dtype=torch.float64\n\n================================================================================\nACT: Abstract Constraint Transformer\nInference-based whitebox fuzzing for neural network verification\n================================================================================\n\n\n================================================================================\nVERIFICATION TEST: VNNLIB \u2192 VerifiableModel \u2192 verify_once\n================================================================================\n\n[vnnlib] category=cersyve max_instances=1 mode=hybridz (full TOP1_ROBUST via labeled_tensor collapse; device=cuda, timeout=120.0s)\n  [  1/1] cersyve/onnx/lane_keep_finetune_inv.onnx@vnnlib/prop_lane_keep.vnnlib: UNKNOWN (2.3s)  V=0 A=0 U=1 E=0  R=0\n\n[vnnlib/hybridz] FINAL \u2014 total=1 wall=0.0 min\n  UNKNOWN      1\n  [structured] per-instance log \u2192 /data1/Kane/ACT/audit_results/full_vnncomp_20260530T092003Z/cersyve_w0/per_instance_cersyve_20260530T120153309591Z.json\n\n================================================================================\nVERIFICATION TEST SUMMARY\n================================================================================\n  \u2705 vnnlib                    PASSED\n================================================================================\n\n"
}
{
  "benchmark": "cersyve",
  "instance_id": 4,
  "status": "OK",
  "cli_normalized": "OK",
  "wall_s": 5.502975050010718,
  "peak_rss_mb": 1500.66796875,
  "returncode": 0,
  "per_instance_json": "/data1/Kane/ACT/audit_results/full_vnncomp_20260530T092003Z/cersyve_w0/per_instance_cersyve_20260530T120158804235Z.json",
  "out_dir": "/data1/Kane/ACT/audit_results/full_vnncomp_20260530T092003Z/cersyve_w0",
  "stdout_tail": "r.onnx_converter:Extracted input shape: [1, 2]\nINFO:act.front_end.vnnlib_loader.data_model_loader:  \u2713 Input shape: (1, 2)\nINFO:act.front_end.vnnlib_loader.data_model_loader:[3/3] Parsing VNNLIB specification...\nINFO:act.front_end.vnnlib_loader.vnnlib_parser:Parsed VNNLIB: 2 inputs, 2 outputs, type=unknown\nINFO:act.front_end.vnnlib_loader.data_model_loader:  \u2713 Parsed VNNLIB: 2 inputs, 2 outputs\nINFO:act.front_end.vnnlib_loader.data_model_loader:Successfully loaded VNNLIB instance from 'cersyve'\nINFO:act.front_end.vnnlib_loader.vnnlib_parser:Parsed prop_pendulum.vnnlib: 1 query(ies)\n[ACT] Using existing Gurobi license: ../ACT/modules/gurobi/gurobi.lic\n\u2705 Device Manager Initialized: device=cuda:0, dtype=torch.float64\n\n================================================================================\nACT: Abstract Constraint Transformer\nInference-based whitebox fuzzing for neural network verification\n================================================================================\n\n\n================================================================================\nVERIFICATION TEST: VNNLIB \u2192 VerifiableModel \u2192 verify_once\n================================================================================\n\n[vnnlib] category=cersyve max_instances=1 mode=hybridz (full TOP1_ROBUST via labeled_tensor collapse; device=cuda, timeout=120.0s)\n  [  1/1] cersyve/onnx/pendulum_pretrain_con.onnx@vnnlib/prop_pendulum.vnnlib: UNKNOWN (1.3s)  V=0 A=0 U=1 E=0  R=0\n\n[vnnlib/hybridz] FINAL \u2014 total=1 wall=0.0 min\n  UNKNOWN      1\n  [structured] per-instance log \u2192 /data1/Kane/ACT/audit_results/full_vnncomp_20260530T092003Z/cersyve_w0/per_instance_cersyve_20260530T120158804235Z.json\n\n================================================================================\nVERIFICATION TEST SUMMARY\n================================================================================\n  \u2705 vnnlib                    PASSED\n================================================================================\n\n"
}
{
  "benchmark": "cersyve",
  "instance_id": 5,
  "status": "OK",
  "cli_normalized": "OK",
  "wall_s": 6.502888030954637,
  "peak_rss_mb": 1607.88671875,
  "returncode": 0,
  "per_instance_json": "/data1/Kane/ACT/audit_results/full_vnncomp_20260530T092003Z/cersyve_w0/per_instance_cersyve_20260530T120205560846Z.json",
  "out_dir": "/data1/Kane/ACT/audit_results/full_vnncomp_20260530T092003Z/cersyve_w0",
  "stdout_tail": "r.onnx_converter:Extracted input shape: [1, 2]\nINFO:act.front_end.vnnlib_loader.data_model_loader:  \u2713 Input shape: (1, 2)\nINFO:act.front_end.vnnlib_loader.data_model_loader:[3/3] Parsing VNNLIB specification...\nINFO:act.front_end.vnnlib_loader.vnnlib_parser:Parsed VNNLIB: 2 inputs, 2 outputs, type=unknown\nINFO:act.front_end.vnnlib_loader.data_model_loader:  \u2713 Parsed VNNLIB: 2 inputs, 2 outputs\nINFO:act.front_end.vnnlib_loader.data_model_loader:Successfully loaded VNNLIB instance from 'cersyve'\nINFO:act.front_end.vnnlib_loader.vnnlib_parser:Parsed prop_pendulum.vnnlib: 1 query(ies)\n[ACT] Using existing Gurobi license: ../ACT/modules/gurobi/gurobi.lic\n\u2705 Device Manager Initialized: device=cuda:0, dtype=torch.float64\n\n================================================================================\nACT: Abstract Constraint Transformer\nInference-based whitebox fuzzing for neural network verification\n================================================================================\n\n\n================================================================================\nVERIFICATION TEST: VNNLIB \u2192 VerifiableModel \u2192 verify_once\n================================================================================\n\n[vnnlib] category=cersyve max_instances=1 mode=hybridz (full TOP1_ROBUST via labeled_tensor collapse; device=cuda, timeout=120.0s)\n  [  1/1] cersyve/onnx/pendulum_pretrain_inv.onnx@vnnlib/prop_pendulum.vnnlib: UNKNOWN (2.7s)  V=0 A=0 U=1 E=0  R=0\n\n[vnnlib/hybridz] FINAL \u2014 total=1 wall=0.0 min\n  UNKNOWN      1\n  [structured] per-instance log \u2192 /data1/Kane/ACT/audit_results/full_vnncomp_20260530T092003Z/cersyve_w0/per_instance_cersyve_20260530T120205560846Z.json\n\n================================================================================\nVERIFICATION TEST SUMMARY\n================================================================================\n  \u2705 vnnlib                    PASSED\n================================================================================\n\n"
}
{
  "benchmark": "cersyve",
  "instance_id": 6,
  "status": "OK",
  "cli_normalized": "OK",
  "wall_s": 5.00222725700587,
  "peak_rss_mb": 1499.85546875,
  "returncode": 0,
  "per_instance_json": "/data1/Kane/ACT/audit_results/full_vnncomp_20260530T092003Z/cersyve_w0/per_instance_cersyve_20260530T120210552096Z.json",
  "out_dir": "/data1/Kane/ACT/audit_results/full_vnncomp_20260530T092003Z/cersyve_w0",
  "stdout_tail": "r.onnx_converter:Extracted input shape: [1, 2]\nINFO:act.front_end.vnnlib_loader.data_model_loader:  \u2713 Input shape: (1, 2)\nINFO:act.front_end.vnnlib_loader.data_model_loader:[3/3] Parsing VNNLIB specification...\nINFO:act.front_end.vnnlib_loader.vnnlib_parser:Parsed VNNLIB: 2 inputs, 2 outputs, type=unknown\nINFO:act.front_end.vnnlib_loader.data_model_loader:  \u2713 Parsed VNNLIB: 2 inputs, 2 outputs\nINFO:act.front_end.vnnlib_loader.data_model_loader:Successfully loaded VNNLIB instance from 'cersyve'\nINFO:act.front_end.vnnlib_loader.vnnlib_parser:Parsed prop_pendulum.vnnlib: 1 query(ies)\n[ACT] Using existing Gurobi license: ../ACT/modules/gurobi/gurobi.lic\n\u2705 Device Manager Initialized: device=cuda:0, dtype=torch.float64\n\n================================================================================\nACT: Abstract Constraint Transformer\nInference-based whitebox fuzzing for neural network verification\n================================================================================\n\n\n================================================================================\nVERIFICATION TEST: VNNLIB \u2192 VerifiableModel \u2192 verify_once\n================================================================================\n\n[vnnlib] category=cersyve max_instances=1 mode=hybridz (full TOP1_ROBUST via labeled_tensor collapse; device=cuda, timeout=120.0s)\n  [  1/1] cersyve/onnx/pendulum_finetune_con.onnx@vnnlib/prop_pendulum.vnnlib: UNKNOWN (1.2s)  V=0 A=0 U=1 E=0  R=0\n\n[vnnlib/hybridz] FINAL \u2014 total=1 wall=0.0 min\n  UNKNOWN      1\n  [structured] per-instance log \u2192 /data1/Kane/ACT/audit_results/full_vnncomp_20260530T092003Z/cersyve_w0/per_instance_cersyve_20260530T120210552096Z.json\n\n================================================================================\nVERIFICATION TEST SUMMARY\n================================================================================\n  \u2705 vnnlib                    PASSED\n================================================================================\n\n"
}
{
  "benchmark": "cersyve",
  "instance_id": 7,
  "status": "OK",
  "cli_normalized": "OK",
  "wall_s": 6.003004999947734,
  "peak_rss_mb": 1574.26171875,
  "returncode": 0,
  "per_instance_json": "/data1/Kane/ACT/audit_results/full_vnncomp_20260530T092003Z/cersyve_w0/per_instance_cersyve_20260530T120216461963Z.json",
  "out_dir": "/data1/Kane/ACT/audit_results/full_vnncomp_20260530T092003Z/cersyve_w0",
  "stdout_tail": "r.onnx_converter:Extracted input shape: [1, 2]\nINFO:act.front_end.vnnlib_loader.data_model_loader:  \u2713 Input shape: (1, 2)\nINFO:act.front_end.vnnlib_loader.data_model_loader:[3/3] Parsing VNNLIB specification...\nINFO:act.front_end.vnnlib_loader.vnnlib_parser:Parsed VNNLIB: 2 inputs, 2 outputs, type=unknown\nINFO:act.front_end.vnnlib_loader.data_model_loader:  \u2713 Parsed VNNLIB: 2 inputs, 2 outputs\nINFO:act.front_end.vnnlib_loader.data_model_loader:Successfully loaded VNNLIB instance from 'cersyve'\nINFO:act.front_end.vnnlib_loader.vnnlib_parser:Parsed prop_pendulum.vnnlib: 1 query(ies)\n[ACT] Using existing Gurobi license: ../ACT/modules/gurobi/gurobi.lic\n\u2705 Device Manager Initialized: device=cuda:0, dtype=torch.float64\n\n================================================================================\nACT: Abstract Constraint Transformer\nInference-based whitebox fuzzing for neural network verification\n================================================================================\n\n\n================================================================================\nVERIFICATION TEST: VNNLIB \u2192 VerifiableModel \u2192 verify_once\n================================================================================\n\n[vnnlib] category=cersyve max_instances=1 mode=hybridz (full TOP1_ROBUST via labeled_tensor collapse; device=cuda, timeout=120.0s)\n  [  1/1] cersyve/onnx/pendulum_finetune_inv.onnx@vnnlib/prop_pendulum.vnnlib: UNKNOWN (2.2s)  V=0 A=0 U=1 E=0  R=0\n\n[vnnlib/hybridz] FINAL \u2014 total=1 wall=0.0 min\n  UNKNOWN      1\n  [structured] per-instance log \u2192 /data1/Kane/ACT/audit_results/full_vnncomp_20260530T092003Z/cersyve_w0/per_instance_cersyve_20260530T120216461963Z.json\n\n================================================================================\nVERIFICATION TEST SUMMARY\n================================================================================\n  \u2705 vnnlib                    PASSED\n================================================================================\n\n"
}
{
  "benchmark": "cersyve",
  "instance_id": 8,
  "status": "OK",
  "cli_normalized": "OK",
  "wall_s": 6.00270964007359,
  "peak_rss_mb": 1526.80859375,
  "returncode": 0,
  "per_instance_json": "/data1/Kane/ACT/audit_results/full_vnncomp_20260530T092003Z/cersyve_w0/per_instance_cersyve_20260530T120222439120Z.json",
  "out_dir": "/data1/Kane/ACT/audit_results/full_vnncomp_20260530T092003Z/cersyve_w0",
  "stdout_tail": "_converter:Extracted input shape: [1, 4]\nINFO:act.front_end.vnnlib_loader.data_model_loader:  \u2713 Input shape: (1, 4)\nINFO:act.front_end.vnnlib_loader.data_model_loader:[3/3] Parsing VNNLIB specification...\nINFO:act.front_end.vnnlib_loader.vnnlib_parser:Parsed VNNLIB: 4 inputs, 2 outputs, type=unknown\nINFO:act.front_end.vnnlib_loader.data_model_loader:  \u2713 Parsed VNNLIB: 4 inputs, 2 outputs\nINFO:act.front_end.vnnlib_loader.data_model_loader:Successfully loaded VNNLIB instance from 'cersyve'\nINFO:act.front_end.vnnlib_loader.vnnlib_parser:Parsed prop_point_mass.vnnlib: 1 query(ies)\n[ACT] Using existing Gurobi license: ../ACT/modules/gurobi/gurobi.lic\n\u2705 Device Manager Initialized: device=cuda:0, dtype=torch.float64\n\n================================================================================\nACT: Abstract Constraint Transformer\nInference-based whitebox fuzzing for neural network verification\n================================================================================\n\n\n================================================================================\nVERIFICATION TEST: VNNLIB \u2192 VerifiableModel \u2192 verify_once\n================================================================================\n\n[vnnlib] category=cersyve max_instances=1 mode=hybridz (full TOP1_ROBUST via labeled_tensor collapse; device=cuda, timeout=120.0s)\n  [  1/1] cersyve/onnx/point_mass_pretrain_con.onnx@vnnlib/prop_point_mass.vnnlib: UNKNOWN (2.0s)  V=0 A=0 U=1 E=0  R=0\n\n[vnnlib/hybridz] FINAL \u2014 total=1 wall=0.0 min\n  UNKNOWN      1\n  [structured] per-instance log \u2192 /data1/Kane/ACT/audit_results/full_vnncomp_20260530T092003Z/cersyve_w0/per_instance_cersyve_20260530T120222439120Z.json\n\n================================================================================\nVERIFICATION TEST SUMMARY\n================================================================================\n  \u2705 vnnlib                    PASSED\n================================================================================\n\n"
}
{
  "benchmark": "cersyve",
  "instance_id": 9,
  "status": "OK",
  "cli_normalized": "OK",
  "wall_s": 5.502571122022346,
  "peak_rss_mb": 1568.41015625,
  "returncode": 0,
  "per_instance_json": "/data1/Kane/ACT/audit_results/full_vnncomp_20260530T092003Z/cersyve_w0/per_instance_cersyve_20260530T120227628505Z.json",
  "out_dir": "/data1/Kane/ACT/audit_results/full_vnncomp_20260530T092003Z/cersyve_w0",
  "stdout_tail": "_converter:Extracted input shape: [1, 4]\nINFO:act.front_end.vnnlib_loader.data_model_loader:  \u2713 Input shape: (1, 4)\nINFO:act.front_end.vnnlib_loader.data_model_loader:[3/3] Parsing VNNLIB specification...\nINFO:act.front_end.vnnlib_loader.vnnlib_parser:Parsed VNNLIB: 4 inputs, 2 outputs, type=unknown\nINFO:act.front_end.vnnlib_loader.data_model_loader:  \u2713 Parsed VNNLIB: 4 inputs, 2 outputs\nINFO:act.front_end.vnnlib_loader.data_model_loader:Successfully loaded VNNLIB instance from 'cersyve'\nINFO:act.front_end.vnnlib_loader.vnnlib_parser:Parsed prop_point_mass.vnnlib: 1 query(ies)\n[ACT] Using existing Gurobi license: ../ACT/modules/gurobi/gurobi.lic\n\u2705 Device Manager Initialized: device=cuda:0, dtype=torch.float64\n\n================================================================================\nACT: Abstract Constraint Transformer\nInference-based whitebox fuzzing for neural network verification\n================================================================================\n\n\n================================================================================\nVERIFICATION TEST: VNNLIB \u2192 VerifiableModel \u2192 verify_once\n================================================================================\n\n[vnnlib] category=cersyve max_instances=1 mode=hybridz (full TOP1_ROBUST via labeled_tensor collapse; device=cuda, timeout=120.0s)\n  [  1/1] cersyve/onnx/point_mass_pretrain_inv.onnx@vnnlib/prop_point_mass.vnnlib: UNKNOWN (1.3s)  V=0 A=0 U=1 E=0  R=0\n\n[vnnlib/hybridz] FINAL \u2014 total=1 wall=0.0 min\n  UNKNOWN      1\n  [structured] per-instance log \u2192 /data1/Kane/ACT/audit_results/full_vnncomp_20260530T092003Z/cersyve_w0/per_instance_cersyve_20260530T120227628505Z.json\n\n================================================================================\nVERIFICATION TEST SUMMARY\n================================================================================\n  \u2705 vnnlib                    PASSED\n================================================================================\n\n"
}
{
  "benchmark": "cersyve",
  "instance_id": 10,
  "status": "OK",
  "cli_normalized": "OK",
  "wall_s": 5.502657938981429,
  "peak_rss_mb": 1530.34765625,
  "returncode": 0,
  "per_instance_json": "/data1/Kane/ACT/audit_results/full_vnncomp_20260530T092003Z/cersyve_w0/per_instance_cersyve_20260530T120233191413Z.json",
  "out_dir": "/data1/Kane/ACT/audit_results/full_vnncomp_20260530T092003Z/cersyve_w0",
  "stdout_tail": "_converter:Extracted input shape: [1, 4]\nINFO:act.front_end.vnnlib_loader.data_model_loader:  \u2713 Input shape: (1, 4)\nINFO:act.front_end.vnnlib_loader.data_model_loader:[3/3] Parsing VNNLIB specification...\nINFO:act.front_end.vnnlib_loader.vnnlib_parser:Parsed VNNLIB: 4 inputs, 2 outputs, type=unknown\nINFO:act.front_end.vnnlib_loader.data_model_loader:  \u2713 Parsed VNNLIB: 4 inputs, 2 outputs\nINFO:act.front_end.vnnlib_loader.data_model_loader:Successfully loaded VNNLIB instance from 'cersyve'\nINFO:act.front_end.vnnlib_loader.vnnlib_parser:Parsed prop_point_mass.vnnlib: 1 query(ies)\n[ACT] Using existing Gurobi license: ../ACT/modules/gurobi/gurobi.lic\n\u2705 Device Manager Initialized: device=cuda:0, dtype=torch.float64\n\n================================================================================\nACT: Abstract Constraint Transformer\nInference-based whitebox fuzzing for neural network verification\n================================================================================\n\n\n================================================================================\nVERIFICATION TEST: VNNLIB \u2192 VerifiableModel \u2192 verify_once\n================================================================================\n\n[vnnlib] category=cersyve max_instances=1 mode=hybridz (full TOP1_ROBUST via labeled_tensor collapse; device=cuda, timeout=120.0s)\n  [  1/1] cersyve/onnx/point_mass_finetune_con.onnx@vnnlib/prop_point_mass.vnnlib: UNKNOWN (1.0s)  V=0 A=0 U=1 E=0  R=0\n\n[vnnlib/hybridz] FINAL \u2014 total=1 wall=0.0 min\n  UNKNOWN      1\n  [structured] per-instance log \u2192 /data1/Kane/ACT/audit_results/full_vnncomp_20260530T092003Z/cersyve_w0/per_instance_cersyve_20260530T120233191413Z.json\n\n================================================================================\nVERIFICATION TEST SUMMARY\n================================================================================\n  \u2705 vnnlib                    PASSED\n================================================================================\n\n"
}
{
  "benchmark": "cersyve",
  "instance_id": 11,
  "status": "OK",
  "cli_normalized": "OK",
  "wall_s": 6.00281736406032,
  "peak_rss_mb": 1567.55859375,
  "returncode": 0,
  "per_instance_json": "/data1/Kane/ACT/audit_results/full_vnncomp_20260530T092003Z/cersyve_w0/per_instance_cersyve_20260530T120239622371Z.json",
  "out_dir": "/data1/Kane/ACT/audit_results/full_vnncomp_20260530T092003Z/cersyve_w0",
  "stdout_tail": "_converter:Extracted input shape: [1, 4]\nINFO:act.front_end.vnnlib_loader.data_model_loader:  \u2713 Input shape: (1, 4)\nINFO:act.front_end.vnnlib_loader.data_model_loader:[3/3] Parsing VNNLIB specification...\nINFO:act.front_end.vnnlib_loader.vnnlib_parser:Parsed VNNLIB: 4 inputs, 2 outputs, type=unknown\nINFO:act.front_end.vnnlib_loader.data_model_loader:  \u2713 Parsed VNNLIB: 4 inputs, 2 outputs\nINFO:act.front_end.vnnlib_loader.data_model_loader:Successfully loaded VNNLIB instance from 'cersyve'\nINFO:act.front_end.vnnlib_loader.vnnlib_parser:Parsed prop_point_mass.vnnlib: 1 query(ies)\n[ACT] Using existing Gurobi license: ../ACT/modules/gurobi/gurobi.lic\n\u2705 Device Manager Initialized: device=cuda:0, dtype=torch.float64\n\n================================================================================\nACT: Abstract Constraint Transformer\nInference-based whitebox fuzzing for neural network verification\n================================================================================\n\n\n================================================================================\nVERIFICATION TEST: VNNLIB \u2192 VerifiableModel \u2192 verify_once\n================================================================================\n\n[vnnlib] category=cersyve max_instances=1 mode=hybridz (full TOP1_ROBUST via labeled_tensor collapse; device=cuda, timeout=120.0s)\n  [  1/1] cersyve/onnx/point_mass_finetune_inv.onnx@vnnlib/prop_point_mass.vnnlib: UNKNOWN (2.3s)  V=0 A=0 U=1 E=0  R=0\n\n[vnnlib/hybridz] FINAL \u2014 total=1 wall=0.0 min\n  UNKNOWN      1\n  [structured] per-instance log \u2192 /data1/Kane/ACT/audit_results/full_vnncomp_20260530T092003Z/cersyve_w0/per_instance_cersyve_20260530T120239622371Z.json\n\n================================================================================\nVERIFICATION TEST SUMMARY\n================================================================================\n  \u2705 vnnlib                    PASSED\n================================================================================\n\n"
}
[watchdog] summary written: /data1/Kane/ACT/audit_results/full_vnncomp_20260530T092003Z/cersyve_w0/watchdog_summary.json
