[ACT] Auto-detecting project root: ../ACT
[ACT] Gurobi license found: ../ACT/modules/gurobi/gurobi.lic
{
  "benchmark": "tinyimagenet_2024",
  "instance_id": 0,
  "status": "OK",
  "cli_normalized": "OK",
  "wall_s": 23.033036689041182,
  "peak_rss_mb": 2484.84375,
  "returncode": 0,
  "per_instance_json": "/data1/Kane/ACT/audit_results/d_gpu_parallel_20260528T045429Z/tinyimagenet_2024_baseline/per_instance_tinyimagenet_2024_20260528T045453499689Z.json",
  "out_dir": "/data1/Kane/ACT/audit_results/d_gpu_parallel_20260528T045429Z/tinyimagenet_2024_baseline",
  "stdout_tail": "nputs, 200 outputs\nINFO:act.front_end.vnnlib_loader.data_model_loader:  \u2713 Ground truth label: 142\nINFO:act.front_end.vnnlib_loader.data_model_loader:Successfully loaded VNNLIB instance from 'tinyimagenet_2024'\nINFO:act.front_end.vnnlib_loader.vnnlib_parser:Parsed TinyImageNet_resnet_medium_prop_idx_1126_sidx_4974_eps_0.0039.vnnlib: 1 query(ies)\nINFO:act.back_end.solver.solver_hz:large_cls_proof_mode ACTIVE: conv=19 out_dim=200 relus=10 (triangle for relu 1..7, eq_lagr_v8 for last 3)\n[ACT] Using existing Gurobi license: ../ACT/modules/gurobi/gurobi.lic\n\u2705 Device Manager Initialized: device=cuda:0, dtype=torch.float64\n\n================================================================================\nACT: Abstract Constraint Transformer\nInference-based whitebox fuzzing for neural network verification\n================================================================================\n\n\n================================================================================\nVERIFICATION TEST: VNNLIB \u2192 VerifiableModel \u2192 verify_once\n================================================================================\n\n[vnnlib] category=tinyimagenet_2024 max_instances=1 mode=hybridz (full TOP1_ROBUST via labeled_tensor collapse; device=cuda, timeout=240.0s)\n  [  1/1] tinyimagenet_2024/onnx/TinyImageNet_resnet_medium.onnx@vnnlib/TinyImageNet_resnet_medium_prop_idx_1126_sidx_4974_eps_0.0039.vnnlib: UNKNOWN (17.7s)  V=0 A=0 U=1 E=0  R=0\n\n[vnnlib/hybridz] FINAL \u2014 total=1 wall=0.3 min\n  UNKNOWN      1\n  [structured] per-instance log \u2192 /data1/Kane/ACT/audit_results/d_gpu_parallel_20260528T045429Z/tinyimagenet_2024_baseline/per_instance_tinyimagenet_2024_20260528T045453499689Z.json\n\n================================================================================\nVERIFICATION TEST SUMMARY\n================================================================================\n  \u2705 vnnlib                    PASSED\n================================================================================\n\n"
}
{
  "benchmark": "tinyimagenet_2024",
  "instance_id": 40,
  "status": "OK",
  "cli_normalized": "OK",
  "wall_s": 24.528162328060716,
  "peak_rss_mb": 2473.26171875,
  "returncode": 0,
  "per_instance_json": "/data1/Kane/ACT/audit_results/d_gpu_parallel_20260528T045429Z/tinyimagenet_2024_baseline/per_instance_tinyimagenet_2024_20260528T045517731802Z.json",
  "out_dir": "/data1/Kane/ACT/audit_results/d_gpu_parallel_20260528T045429Z/tinyimagenet_2024_baseline",
  "stdout_tail": "nputs, 200 outputs\nINFO:act.front_end.vnnlib_loader.data_model_loader:  \u2713 Ground truth label: 190\nINFO:act.front_end.vnnlib_loader.data_model_loader:Successfully loaded VNNLIB instance from 'tinyimagenet_2024'\nINFO:act.front_end.vnnlib_loader.vnnlib_parser:Parsed TinyImageNet_resnet_medium_prop_idx_4438_sidx_6486_eps_0.0039.vnnlib: 1 query(ies)\nINFO:act.back_end.solver.solver_hz:large_cls_proof_mode ACTIVE: conv=19 out_dim=200 relus=10 (triangle for relu 1..7, eq_lagr_v8 for last 3)\n[ACT] Using existing Gurobi license: ../ACT/modules/gurobi/gurobi.lic\n\u2705 Device Manager Initialized: device=cuda:0, dtype=torch.float64\n\n================================================================================\nACT: Abstract Constraint Transformer\nInference-based whitebox fuzzing for neural network verification\n================================================================================\n\n\n================================================================================\nVERIFICATION TEST: VNNLIB \u2192 VerifiableModel \u2192 verify_once\n================================================================================\n\n[vnnlib] category=tinyimagenet_2024 max_instances=1 mode=hybridz (full TOP1_ROBUST via labeled_tensor collapse; device=cuda, timeout=240.0s)\n  [  1/1] tinyimagenet_2024/onnx/TinyImageNet_resnet_medium.onnx@vnnlib/TinyImageNet_resnet_medium_prop_idx_4438_sidx_6486_eps_0.0039.vnnlib: UNKNOWN (18.5s)  V=0 A=0 U=1 E=0  R=0\n\n[vnnlib/hybridz] FINAL \u2014 total=1 wall=0.3 min\n  UNKNOWN      1\n  [structured] per-instance log \u2192 /data1/Kane/ACT/audit_results/d_gpu_parallel_20260528T045429Z/tinyimagenet_2024_baseline/per_instance_tinyimagenet_2024_20260528T045517731802Z.json\n\n================================================================================\nVERIFICATION TEST SUMMARY\n================================================================================\n  \u2705 vnnlib                    PASSED\n================================================================================\n\n"
}
{
  "benchmark": "tinyimagenet_2024",
  "instance_id": 80,
  "status": "OK",
  "cli_normalized": "OK",
  "wall_s": 21.030548835988156,
  "peak_rss_mb": 2465.33984375,
  "returncode": 0,
  "per_instance_json": "/data1/Kane/ACT/audit_results/d_gpu_parallel_20260528T045429Z/tinyimagenet_2024_baseline/per_instance_tinyimagenet_2024_20260528T045538524809Z.json",
  "out_dir": "/data1/Kane/ACT/audit_results/d_gpu_parallel_20260528T045429Z/tinyimagenet_2024_baseline",
  "stdout_tail": " Process 855215 has 51.96 GiB memory in use. Process 859366 has 716.00 MiB memory in use. Process 859492 has 762.00 MiB memory in use. Of the allocated memory 28.26 GiB is allocated by PyTorch, and 3.91 GiB is reserved by PyTorch but unallocated. If reserved but unallocated memory is large try setting PYTORCH_CUDA_ALLOC_CONF=expandable_segments:True to avoid fragmentation.  See documentation for Memory Management  (https://pytorch.org/docs/stable/notes/cuda.html#environment-variables)\n[ACT] Using existing Gurobi license: ../ACT/modules/gurobi/gurobi.lic\n\u2705 Device Manager Initialized: device=cuda:0, dtype=torch.float64\n\n================================================================================\nACT: Abstract Constraint Transformer\nInference-based whitebox fuzzing for neural network verification\n================================================================================\n\n\n================================================================================\nVERIFICATION TEST: VNNLIB \u2192 VerifiableModel \u2192 verify_once\n================================================================================\n\n[vnnlib] category=tinyimagenet_2024 max_instances=1 mode=hybridz (full TOP1_ROBUST via labeled_tensor collapse; device=cuda, timeout=240.0s)\n  [  1/1] tinyimagenet_2024/onnx/TinyImageNet_resnet_medium.onnx@vnnlib/TinyImageNet_resnet_medium_prop_idx_7152_sidx_4185_eps_0.0039.vnnlib: UNKNOWN (15.5s)  V=0 A=0 U=1 E=0  R=0\n\n[vnnlib/hybridz] FINAL \u2014 total=1 wall=0.3 min\n  UNKNOWN      1\n  [structured] per-instance log \u2192 /data1/Kane/ACT/audit_results/d_gpu_parallel_20260528T045429Z/tinyimagenet_2024_baseline/per_instance_tinyimagenet_2024_20260528T045538524809Z.json\n\n================================================================================\nVERIFICATION TEST SUMMARY\n================================================================================\n  \u2705 vnnlib                    PASSED\n================================================================================\n\n"
}
{
  "benchmark": "tinyimagenet_2024",
  "instance_id": 120,
  "status": "OK",
  "cli_normalized": "OK",
  "wall_s": 22.03980548400432,
  "peak_rss_mb": 2510.578125,
  "returncode": 0,
  "per_instance_json": "/data1/Kane/ACT/audit_results/d_gpu_parallel_20260528T045429Z/tinyimagenet_2024_baseline/per_instance_tinyimagenet_2024_20260528T045601210072Z.json",
  "out_dir": "/data1/Kane/ACT/audit_results/d_gpu_parallel_20260528T045429Z/tinyimagenet_2024_baseline",
  "stdout_tail": "5.29 GiB memory in use. Of the allocated memory 806.07 MiB is allocated by PyTorch, and 3.86 GiB is reserved by PyTorch but unallocated. If reserved but unallocated memory is large try setting PYTORCH_CUDA_ALLOC_CONF=expandable_segments:True to avoid fragmentation.  See documentation for Memory Management  (https://pytorch.org/docs/stable/notes/cuda.html#environment-variables)\nWARNING:act.back_end.solver.solver_hz:L25 FALLBACK (AttributeError): 'SparseGcZ' object has no attribute 'Gc'\n[ACT] Using existing Gurobi license: ../ACT/modules/gurobi/gurobi.lic\n\u2705 Device Manager Initialized: device=cuda:0, dtype=torch.float64\n\n================================================================================\nACT: Abstract Constraint Transformer\nInference-based whitebox fuzzing for neural network verification\n================================================================================\n\n\n================================================================================\nVERIFICATION TEST: VNNLIB \u2192 VerifiableModel \u2192 verify_once\n================================================================================\n\n[vnnlib] category=tinyimagenet_2024 max_instances=1 mode=hybridz (full TOP1_ROBUST via labeled_tensor collapse; device=cuda, timeout=240.0s)\n  [  1/1] tinyimagenet_2024/onnx/TinyImageNet_resnet_medium.onnx@vnnlib/TinyImageNet_resnet_medium_prop_idx_7277_sidx_8835_eps_0.0039.vnnlib: UNKNOWN (16.6s)  V=0 A=0 U=1 E=0  R=0\n\n[vnnlib/hybridz] FINAL \u2014 total=1 wall=0.3 min\n  UNKNOWN      1\n  [structured] per-instance log \u2192 /data1/Kane/ACT/audit_results/d_gpu_parallel_20260528T045429Z/tinyimagenet_2024_baseline/per_instance_tinyimagenet_2024_20260528T045601210072Z.json\n\n================================================================================\nVERIFICATION TEST SUMMARY\n================================================================================\n  \u2705 vnnlib                    PASSED\n================================================================================\n\n"
}
{
  "benchmark": "tinyimagenet_2024",
  "instance_id": 160,
  "status": "OK",
  "cli_normalized": "OK",
  "wall_s": 18.522277254029177,
  "peak_rss_mb": 2483.68359375,
  "returncode": 0,
  "per_instance_json": "/data1/Kane/ACT/audit_results/d_gpu_parallel_20260528T045429Z/tinyimagenet_2024_baseline/per_instance_tinyimagenet_2024_20260528T045620010939Z.json",
  "out_dir": "/data1/Kane/ACT/audit_results/d_gpu_parallel_20260528T045429Z/tinyimagenet_2024_baseline",
  "stdout_tail": "60.50 GiB memory in use. Of the allocated memory 18.15 GiB is allocated by PyTorch, and 6.28 GiB is reserved by PyTorch but unallocated. If reserved but unallocated memory is large try setting PYTORCH_CUDA_ALLOC_CONF=expandable_segments:True to avoid fragmentation.  See documentation for Memory Management  (https://pytorch.org/docs/stable/notes/cuda.html#environment-variables)\nWARNING:act.back_end.solver.solver_hz:L25 FALLBACK (AttributeError): 'SparseGcZ' object has no attribute 'Gc'\n[ACT] Using existing Gurobi license: ../ACT/modules/gurobi/gurobi.lic\n\u2705 Device Manager Initialized: device=cuda:0, dtype=torch.float64\n\n================================================================================\nACT: Abstract Constraint Transformer\nInference-based whitebox fuzzing for neural network verification\n================================================================================\n\n\n================================================================================\nVERIFICATION TEST: VNNLIB \u2192 VerifiableModel \u2192 verify_once\n================================================================================\n\n[vnnlib] category=tinyimagenet_2024 max_instances=1 mode=hybridz (full TOP1_ROBUST via labeled_tensor collapse; device=cuda, timeout=240.0s)\n  [  1/1] tinyimagenet_2024/onnx/TinyImageNet_resnet_medium.onnx@vnnlib/TinyImageNet_resnet_medium_prop_idx_5676_sidx_9851_eps_0.0039.vnnlib: UNKNOWN (14.6s)  V=0 A=0 U=1 E=0  R=0\n\n[vnnlib/hybridz] FINAL \u2014 total=1 wall=0.2 min\n  UNKNOWN      1\n  [structured] per-instance log \u2192 /data1/Kane/ACT/audit_results/d_gpu_parallel_20260528T045429Z/tinyimagenet_2024_baseline/per_instance_tinyimagenet_2024_20260528T045620010939Z.json\n\n================================================================================\nVERIFICATION TEST SUMMARY\n================================================================================\n  \u2705 vnnlib                    PASSED\n================================================================================\n\n"
}
[watchdog] summary written: /data1/Kane/ACT/audit_results/d_gpu_parallel_20260528T045429Z/tinyimagenet_2024_baseline/watchdog_summary.json
