[0;93m2026-05-26 08:03:49.255422269 [W:onnxruntime:Default, device_discovery.cc:325 DiscoverDevicesForPlatform] GPU device discovery failed: device_discovery.cc:92 ReadFileContents Failed to open file: "/sys/class/drm/card0/device/vendor"[m
Configurations:

general:
  device: cuda
  seed: 100
  conv_mode: patches
  deterministic: false
  double_fp: false
  loss_reduction_func: sum
  sparse_alpha: true
  sparse_interm: true
  save_adv_example: true
  verify_onnxruntime_output: false
  eval_adv_example: false
  show_adv_example: false
  precompile_jit: true
  prepare_only: false
  complete_verifier: bab
  enable_incomplete_verification: true
  csv_name: instances.csv
  results_file: /data1/Kane/ACT/audit_results/abcrown_nopgd_20260525/cora_2024/0050__mnist-trades__mnist-img17.result
  root_path: ../../vnncomp2024_benchmarks/benchmarks/cora
  deterministic_opt: false
  graph_optimizer: 'Customized("custom_graph_optimizer", "default_optimizer")'
  buffer_has_batchdim: false
  save_output: false
  output_file: out.pkl
  return_optimized_model: false
model:
  name: null
  path: null
  onnx_path: /data1/Kane/data/vnncomp2025_benchmarks/benchmarks/cora_2024/./onnx/mnist-trades.onnx
  onnx_path_prefix: ''
  cache_onnx_conversion: false
  debug_onnx: false
  onnx_quirks: null
  input_shape: null
  onnx_loader: default_onnx_and_vnnlib_loader
  onnx_optimization_flags: []
  onnx_vnnlib_joint_optimization_flags: none
  check_optimized: false
  flatten_final_output: false
  optimize_graph: null
  with_jacobian: false
data:
  start: 0
  end: 10000
  select_instance: null
  num_outputs: 10
  mean: 0.0
  std: 1.0
  pkl_path: null
  dataset: null
  data_filter_path: null
  data_idx_file: null
specification:
  type: lp
  robustness_type: verified-acc
  norm: .inf
  epsilon: null
  epsilon_min: 0.0
  vnnlib_path: /data1/Kane/data/vnncomp2025_benchmarks/benchmarks/cora_2024/vnnlib/mnist-img17.vnnlib
  vnnlib_path_prefix: ''
  rhs_offset: null
solver:
  batch_size: 10240
  auto_enlarge_batch_size: false
  min_batch_size_ratio: 0.1
  use_float64_in_last_iteration: false
  early_stop_patience: 10
  start_save_best: 0.5
  bound_prop_method: alpha-crown
  init_bound_prop_method: same
  prune_after_crown: true
  optimize_disjuncts_separately: false
  crown:
    batch_size: 1000000000
    max_crown_size: 1000000000
    activation_bound_option: adaptive
    compare_crown_with_ibp: false
  alpha-crown:
    alpha: true
    lr_alpha: 0.3
    iteration: 20
    share_alphas: false
    lr_decay: 0.98
    full_conv_alpha: true
    max_coeff_mul: .inf
    matmul_share_alphas: false
    disable_optimization: []
    max_time: 1.0
  invprop:
    apply_output_constraints_to: []
    tighten_input_bounds: false
    best_of_oc_and_no_oc: false
    directly_optimize: []
    oc_lr: 0.1
    share_gammas: false
  beta-crown:
    lr_alpha: 0.03
    lr_beta: 0.1
    lr_decay: 0.98
    optimizer: adam
    iteration: 5
    beta: true
    beta_warmup: true
    enable_opt_interm_bounds: false
    all_node_split_LP: false
  forward:
    refine: false
    max_dim: 10000
    reset_threshold: 1.0
  multi_class:
    label_batch_size: 32
    skip_with_refined_bound: true
  mip:
    unstable_neuron_threshold: 0
    parallel_solvers: null
    solver_threads: 1
    refine_neuron_timeout: 15
    refine_neuron_time_percentage: 0.8
    early_stop: true
    adv_warmup: true
    mip_solver: gurobi
    skip_unsafe: false
    topk_filter: 1.0
    sliding_window: -1
    extra_constraint: false
    refine_neuron_timeout_increasement: 0
    timeout_neuron_percentage: 0.3
    remaining_timeout_threshold: 1
    remove_unstable_neurons: false
    lp_solver: false
bab:
  initial_max_domains: 100
  backing_up_max_domain: null
  max_domains: .inf
  decision_thresh: 0
  timeout: 30.0
  timeout_scale: 1
  max_iterations: -1
  override_timeout: null
  get_upper_bound: false
  pruning_in_iteration: true
  pruning_in_iteration_ratio: 0.2
  sort_targets: false
  batched_domain_list: true
  optimized_interm: ''
  interm_transfer: false
  recompute_interm: false
  sort_domain_interval: -1
  vanilla_crown: false
  tree_traversal: depth_first
  cut:
    enabled: false
    cuts_path: /tmp/abcrown_cuts
    implication: false
    bab_cut: false
    lp_cut: false
    method: null
    lr: 0.01
    lr_decay: 1.0
    iteration: 100
    bab_iteration: -1
    early_stop_patience: -1
    lr_beta: 0.02
    number_cuts: 50
    topk_cuts_in_filter: 1000
    batch_size_primal: 100
    max_num: 1000000000
    patches_cut: false
    cplex_cuts: false
    cplex_cuts_wait: 0
    cplex_cuts_revpickup: true
    cut_reference_bounds: true
    fix_intermediate_bounds: false
    biccos:
      enabled: false
      constraint_strengthening: true
      recursively_strengthening: false
      drop_ratio: 0.5
      verified_bonus: 0.3
      max_infer_iter: 20
      heuristic: neuron_influence_score
      save_biccos_cuts: false
      multi_tree_branching:
        enabled: false
        restore_best_tree: false
        keep_n_best_domains: 1
        k_splits: 1
        iterations: 1
  branching:
    method: kfsb
    candidates: 3
    reduceop: max
    enable_intermediate_bound_opt: false
    branching_input_and_activation: false
    branching_input_and_activation_order: [input, relu]
    branching_input_iterations: 30
    branching_relu_iterations: 50
    nonlinear_split:
      method: bbps
      disable: false
      branching_point_method: uniform
      num_branches: 2
      filter: false
      filter_beta: false
      filter_clamp: false
      filter_batch_size: 10000
      filter_iterations: 25
      relu_only: false
      loose_tanh_threshold: null
      branching_point:
        db_path: branching_points.pt
        num_iterations: 1000
        batch_size: 1000000
        range_l: -5.0
        range_u: 5.0
        log_interval: 100
        step_size_1d: 0.01
        step_size: 0.2
    input_split:
      enable_clip_domains: false
      split_hint: null
      reorder_bab: false
      enable: false
      enhanced_bound_prop_method: alpha-crown
      enhanced_branching_method: naive
      enhanced_bound_patience: 100000000.0
      attack_patience: 100000000.0
      adv_check: 0
      split_partitions: 2
      sb_margin_weight: 1.0
      sb_sum: false
      sb_primary_spec: null
      bf_backup_thresh: -1
      bf_rhs_offset: 0
      bf_iters: 1000000000.0
      bf_batch_size: 100000
      bf_zero_crossing_score: false
      touch_zero_score: 0
      ibp_enhancement: false
      compare_with_old_bounds: false
      update_rhs_with_attack: false
      sb_coeff_thresh: 0.001
      sort_index: null
      sort_descending: true
      show_progress: false
      presplit_domains: null
      skip_getting_worst_domain: false
  attack:
    enabled: false
    beam_candidates: 8
    beam_depth: 7
    max_dive_fix_ratio: 0.8
    min_local_free_ratio: 0.2
    mip_start_iteration: 5
    mip_timeout: 30.0
    adv_pool_threshold: null
    refined_mip_attacker: false
    refined_batch_size: null
attack:
  pgd_order: skip
  pgd_steps: 100
  pgd_restarts: 30
  pgd_batch_size: 100000000
  pgd_early_stop: true
  pgd_lr_decay: 0.99
  pgd_alpha: auto
  pgd_alpha_scale: false
  pgd_loss_mode: null
  pgd_restart_when_stuck: false
  enable_mip_attack: false
  adv_saver: default_adv_saver
  adv_verifier: default_adv_verifier
  early_stop_condition: default_early_stop_condition
  adv_example_finalizer: default_adv_example_finalizer
  pgd_loss: default_pgd_loss
  cex_path: ./test_cex.txt
  attack_mode: PGD
  attack_tolerance: 0.0
  attack_func: attack_with_general_specs
  gama_lambda: 10.0
  gama_decay: 0.9
  check_clean: false
  input_split:
    pgd_steps: 100
    pgd_restarts: 30
    pgd_alpha: auto
  input_split_enhanced:
    pgd_steps: 200
    pgd_restarts: 500000
    pgd_alpha: auto
  input_split_check_adv:
    enabled: auto
    pgd_steps: 5
    pgd_restarts: 5
    pgd_alpha: auto
    max_num_domains: 10
debug:
  view_model: false
  lp_test: null
  rescale_vnnlib_ptb: null
  test_optimized_bounds: false
  test_optimized_bounds_after_n_iterations: 0
  print_verbose_decisions: false
  sanity_check: null
  save_minimal_config: null
  save_minimal_config_omit_keys: []

Experiments at Tue May 26 08:03:50 2026 on dell-pro-max-tower-t2
Pre-compile jit kernels on a toy network...
JIT kernels compiled in 0.8867s.
Internal results will be saved to /data1/Kane/ACT/audit_results/abcrown_nopgd_20260525/cora_2024/0050__mnist-trades__mnist-img17.result./data1/Kane/miniconda3/envs/GenBaB/lib/python3.11/site-packages/onnx2pytorch/convert/operations.py:154: UserWarning: The given NumPy array is not writable, and PyTorch does not support non-writable tensors. This means writing to this tensor will result in undefined behavior. You may want to copy the array to protect its data or make it writable before converting it to a tensor. This type of warning will be suppressed for the rest of this program. (Triggered internally at /pytorch/torch/csrc/utils/tensor_numpy.cpp:206.)
  weight = torch.from_numpy(numpy_helper.to_array(params[0]))
/data1/Kane/miniconda3/envs/GenBaB/lib/python3.11/site-packages/onnx2pytorch/convert/model.py:151: UserWarning: Using experimental implementation that allows 'batch_size > 1'.Batchnorm layers could potentially produce false outputs.
  warnings.warn(


 %%%%%%%%%%%%%%%%%%%%%%%%%%%%%%%%%%% idx: 0, vnnlib ID: 0 %%%%%%%%%%%%%%%%%%%%%%%%%%%%%%%%%%%
Using onnx /data1/Kane/data/vnncomp2025_benchmarks/benchmarks/cora_2024/./onnx/mnist-trades.onnx
Using vnnlib /data1/Kane/data/vnncomp2025_benchmarks/benchmarks/cora_2024/vnnlib/mnist-img17.vnnlib
Precompiled vnnlib file found at /data1/Kane/data/vnncomp2025_benchmarks/benchmarks/cora_2024/vnnlib/mnist-img17.vnnlib.compiled
Loading onnx /data1/Kane/data/vnncomp2025_benchmarks/benchmarks/cora_2024/./onnx/mnist-trades.onnx with quirks {}
Finished onnx model loading in 0.0137 seconds
Model: BoundedModule(
  (/0): BoundInput(name=/0, inputs=[], perturbed=True)
  (/17): BoundParams(name=/17, inputs=[], perturbed=False)
  (/18): BoundParams(name=/18, inputs=[], perturbed=False)
  (/19): BoundParams(name=/19, inputs=[], perturbed=False)
  (/20): BoundParams(name=/20, inputs=[], perturbed=False)
  (/21): BoundParams(name=/21, inputs=[], perturbed=False)
  (/22): BoundParams(name=/22, inputs=[], perturbed=False)
  (/23): BoundParams(name=/23, inputs=[], perturbed=False)
  (/24): BoundParams(name=/24, inputs=[], perturbed=False)
  (/25): BoundParams(name=/25, inputs=[], perturbed=False)
  (/26): BoundParams(name=/26, inputs=[], perturbed=False)
  (/27): BoundParams(name=/27, inputs=[], perturbed=False)
  (/28): BoundParams(name=/28, inputs=[], perturbed=False)
  (/29): BoundParams(name=/29, inputs=[], perturbed=False)
  (/30): BoundParams(name=/30, inputs=[], perturbed=False)
  (/31): BoundParams(name=/31, inputs=[], perturbed=False)
  (/32): BoundParams(name=/32, inputs=[], perturbed=False)
  (/input): BoundLinear(name=/input, inputs=[/0, /17, /18], perturbed=True)
  (/34): BoundRelu(name=/34, inputs=[/input], perturbed=True)
  (/input-3): BoundLinear(name=/input-3, inputs=[/34, /19, /20], perturbed=True)
  (/36): BoundRelu(name=/36, inputs=[/input-3], perturbed=True)
  (/input-7): BoundLinear(name=/input-7, inputs=[/36, /21, /22], perturbed=True)
  (/38): BoundRelu(name=/38, inputs=[/input-7], perturbed=True)
  (/input-11): BoundLinear(name=/input-11, inputs=[/38, /23, /24], perturbed=True)
  (/40): BoundRelu(name=/40, inputs=[/input-11], perturbed=True)
  (/input-15): BoundLinear(name=/input-15, inputs=[/40, /25, /26], perturbed=True)
  (/42): BoundRelu(name=/42, inputs=[/input-15], perturbed=True)
  (/input-19): BoundLinear(name=/input-19, inputs=[/42, /27, /28], perturbed=True)
  (/44): BoundRelu(name=/44, inputs=[/input-19], perturbed=True)
  (/input-23): BoundLinear(name=/input-23, inputs=[/44, /29, /30], perturbed=True)
  (/46): BoundRelu(name=/46, inputs=[/input-23], perturbed=True)
  (/47): BoundLinear(name=/47, inputs=[/46, /31, /32], perturbed=True)
)
Original output: tensor([[-23.77245712,  -7.75031471, -10.12090874,  -6.45136595,  -3.97300720,
         -12.72919750, -23.60753441,  -7.25308657,  -9.44960117,   8.32802773]],
       device='cuda:0')
Split layers:
Nonlinear functions:
   BoundRelu(name=/34, inputs=[/input], perturbed=True)
   BoundRelu(name=/36, inputs=[/input-3], perturbed=True)
   BoundRelu(name=/38, inputs=[/input-7], perturbed=True)
   BoundRelu(name=/40, inputs=[/input-11], perturbed=True)
   BoundRelu(name=/42, inputs=[/input-15], perturbed=True)
   BoundRelu(name=/44, inputs=[/input-19], perturbed=True)
   BoundRelu(name=/46, inputs=[/input-23], perturbed=True)
layer /34 using sparse-features alpha with shape [110]; unstable size 110; total size 250 ([1, 250])
layer /34 start_node /input-3 using sparse-spec alpha [2, 219, 1, 110] with unstable size 218 total_size 250 output_shape torch.Size([250])
layer /34 start_node /input-7 using full alpha [2, 250, 1, 110] with unstable size 250 total_size 250 output_shape torch.Size([250])
layer /34 start_node /input-11 using full alpha [2, 250, 1, 110] with unstable size 250 total_size 250 output_shape torch.Size([250])
layer /34 start_node /input-15 using full alpha [2, 250, 1, 110] with unstable size 250 total_size 250 output_shape torch.Size([250])
layer /34 start_node /input-19 using full alpha [2, 250, 1, 110] with unstable size 250 total_size 250 output_shape torch.Size([250])
layer /34 start_node /input-23 using full alpha [2, 250, 1, 110] with unstable size 250 total_size 250 output_shape torch.Size([250])
layer /34 start_node /47 using full alpha [2, 9, 1, 110] with unstable size None total_size 9 output_shape 9
layer /36 using sparse-features alpha with shape [218]; unstable size 218; total size 250 ([1, 250])
layer /36 start_node /input-7 using full alpha [2, 250, 1, 218] with unstable size 250 total_size 250 output_shape torch.Size([250])
layer /36 start_node /input-11 using full alpha [2, 250, 1, 218] with unstable size 250 total_size 250 output_shape torch.Size([250])
layer /36 start_node /input-15 using full alpha [2, 250, 1, 218] with unstable size 250 total_size 250 output_shape torch.Size([250])
layer /36 start_node /input-19 using full alpha [2, 250, 1, 218] with unstable size 250 total_size 250 output_shape torch.Size([250])
layer /36 start_node /input-23 using full alpha [2, 250, 1, 218] with unstable size 250 total_size 250 output_shape torch.Size([250])
layer /36 start_node /47 using full alpha [2, 9, 1, 218] with unstable size None total_size 9 output_shape 9
layer /38 using full alpha with shape torch.Size([250]); unstable size 250; total size 250 ([1, 250])
layer /38 start_node /input-11 using full alpha [2, 250, 1, 250] with unstable size 250 total_size 250 output_shape torch.Size([250])
layer /38 start_node /input-15 using full alpha [2, 250, 1, 250] with unstable size 250 total_size 250 output_shape torch.Size([250])
layer /38 start_node /input-19 using full alpha [2, 250, 1, 250] with unstable size 250 total_size 250 output_shape torch.Size([250])
layer /38 start_node /input-23 using full alpha [2, 250, 1, 250] with unstable size 250 total_size 250 output_shape torch.Size([250])
layer /38 start_node /47 using full alpha [2, 9, 1, 250] with unstable size None total_size 9 output_shape 9
layer /40 using full alpha with shape torch.Size([250]); unstable size 250; total size 250 ([1, 250])
layer /40 start_node /input-15 using full alpha [2, 250, 1, 250] with unstable size 250 total_size 250 output_shape torch.Size([250])
layer /40 start_node /input-19 using full alpha [2, 250, 1, 250] with unstable size 250 total_size 250 output_shape torch.Size([250])
layer /40 start_node /input-23 using full alpha [2, 250, 1, 250] with unstable size 250 total_size 250 output_shape torch.Size([250])
layer /40 start_node /47 using full alpha [2, 9, 1, 250] with unstable size None total_size 9 output_shape 9
layer /42 using full alpha with shape torch.Size([250]); unstable size 250; total size 250 ([1, 250])
layer /42 start_node /input-19 using full alpha [2, 250, 1, 250] with unstable size 250 total_size 250 output_shape torch.Size([250])
layer /42 start_node /input-23 using full alpha [2, 250, 1, 250] with unstable size 250 total_size 250 output_shape torch.Size([250])
layer /42 start_node /47 using full alpha [2, 9, 1, 250] with unstable size None total_size 9 output_shape 9
layer /44 using full alpha with shape torch.Size([250]); unstable size 250; total size 250 ([1, 250])
layer /44 start_node /input-23 using full alpha [2, 250, 1, 250] with unstable size 250 total_size 250 output_shape torch.Size([250])
layer /44 start_node /47 using full alpha [2, 9, 1, 250] with unstable size None total_size 9 output_shape 9
layer /46 using full alpha with shape torch.Size([250]); unstable size 250; total size 250 ([1, 250])
layer /46 start_node /47 using full alpha [2, 9, 1, 250] with unstable size None total_size 9 output_shape 9
Optimizable variables initialized.
initial CROWN bounds: tensor([[-25266.99609375, -19016.77343750, -21280.96289062, -17572.25585938,
         -15207.43261719, -22661.84179688, -25818.26367188, -18185.27539062,
         -20610.83593750]], device='cuda:0') None
prune_after_crown optimization in use: original label size = 9 pruned label size = 9
best_l after optimization: -72722.9609375
alpha/beta optimization time: 0.6039597988128662
initial alpha-crown bounds: tensor([[-9027.24218750, -7843.79931641, -9160.35351562, -7881.93310547,
         -5849.19384766, -8122.24414062, -9302.02734375, -7287.91796875,
         -8248.25000000]], device='cuda:0')
Number of class (without rhs): 9 ; Worst class: (+ rhs) -9302.02734375
Total VNNLIB file length: 9, max property batch size: 100, total number of batches: 1
lA shape: [torch.Size([9, 1, 250]), torch.Size([9, 1, 250]), torch.Size([9, 1, 250]), torch.Size([9, 1, 250]), torch.Size([9, 1, 250]), torch.Size([9, 1, 250]), torch.Size([9, 1, 250])]

Properties batch 0, size 9
Remaining timeout: 29.2959942817688
Verifying property 0 with 9 instances.
##### Instance 0 first 10 spec matrices: 
tensor([[[-1.,  0.,  0.,  0.,  0.,  0.,  0.,  0.,  0.,  1.]],

        [[ 0., -1.,  0.,  0.,  0.,  0.,  0.,  0.,  0.,  1.]],

        [[ 0.,  0., -1.,  0.,  0.,  0.,  0.,  0.,  0.,  1.]],

        [[ 0.,  0.,  0., -1.,  0.,  0.,  0.,  0.,  0.,  1.]],

        [[ 0.,  0.,  0.,  0., -1.,  0.,  0.,  0.,  0.,  1.]],

        [[ 0.,  0.,  0.,  0.,  0., -1.,  0.,  0.,  0.,  1.]],

        [[ 0.,  0.,  0.,  0.,  0.,  0., -1.,  0.,  0.,  1.]],

        [[ 0.,  0.,  0.,  0.,  0.,  0.,  0., -1.,  0.,  1.]],

        [[ 0.,  0.,  0.,  0.,  0.,  0.,  0.,  0., -1.,  1.]]],
       dtype=torch.float64)
thresholds: tensor([0., 0., 0., 0., 0., 0., 0., 0., 0.], device='cuda:0') ######
Remaining spec index tensor([0, 1, 2, 3, 4, 5, 6, 7, 8], device='cuda:0') with bounds tensor([[-9027.24218750],
        [-7843.79931641],
        [-9160.35351562],
        [-7881.93310547],
        [-5849.19384766],
        [-8122.24414062],
        [-9302.02734375],
        [-7287.91796875],
        [-8248.25000000]], device='cuda:0') need to verify.
Model prediction is: tensor([-23.77245712,  -7.75031471, -10.12090874,  -6.45136595,  -3.97300720,
        -12.72919750, -23.60753441,  -7.25308657,  -9.44960117,   8.32802773],
       device='cuda:0')
build_with_refined_bounds batch [1/1]
setting alpha for layer /34 start_node /47 with alignment adjustment
setting alpha for layer /36 start_node /47 with alignment adjustment
setting alpha for layer /38 start_node /47 with alignment adjustment
setting alpha for layer /40 start_node /47 with alignment adjustment
setting alpha for layer /42 start_node /47 with alignment adjustment
setting alpha for layer /44 start_node /47 with alignment adjustment
setting alpha for layer /46 start_node /47 with alignment adjustment
all alpha initialized
directly get lb and ub from refined bounds
c shape: torch.Size([9, 1, 10])
lA shapes: [torch.Size([9, 1, 250]), torch.Size([9, 1, 250]), torch.Size([9, 1, 250]), torch.Size([9, 1, 250]), torch.Size([9, 1, 250]), torch.Size([9, 1, 250]), torch.Size([9, 1, 250])]
(alpha-)CROWN with fixed intermediate bounds: tensor([[-9027.24218750],
        [-7843.79931641],
        [-9160.35351562],
        [-7881.93310547],
        [-5849.19384766],
        [-8122.24414062],
        [-9302.02734375],
        [-7287.91796875],
        [-8248.25000000]], device='cuda:0') tensor([[inf],
        [inf],
        [inf],
        [inf],
        [inf],
        [inf],
        [inf],
        [inf],
        [inf]], device='cuda:0')
Intermediate layers: /input,/input-3,/input-7,/input-11,/input-15,/input-19,/input-23,/47
Keeping alphas for these layers: ['/47']
Keeping alphas for these layers: ['/47']
Node /34 input 0: size torch.Size([250]) unstable 110
Node /36 input 0: size torch.Size([250]) unstable 212
Node /38 input 0: size torch.Size([250]) unstable 250
Node /40 input 0: size torch.Size([250]) unstable 250
Node /42 input 0: size torch.Size([250]) unstable 250
Node /44 input 0: size torch.Size([250]) unstable 250
Node /46 input 0: size torch.Size([250]) unstable 250
-----------------
# of unstable neurons: 1572
-----------------

BaB round 1
batch: 9
splitting decisions: 
split level 0: [/input-23, 80] [/input-23, 110] [/input-23, 80] [/input-23, 80] [/input-23, 110] [/input-23, 80] [/input-23, 80] [/input-23, 110] [/input-23, 80] 
split level 1: [/input-23, 110] [/input-23, 69] [/input-23, 110] [/input-23, 88] [/input-23, 191] [/input-23, 88] [/input-23, 110] [/input-23, 44] [/input-23, 110] 
split level 2: [/input-23, 88] [/input-23, 57] [/input-23, 44] [/input-23, 180] [/input-23, 132] [/input-23, 184] [/input-23, 235] [/input-23, 57] [/input-23, 231] 
split level 3: [/input-23, 231] [/input-23, 191] [/input-23, 88] [/input-23, 184] [/input-23, 57] [/input-23, 110] [/input-23, 88] [/input-23, 88] [/input-23, 88] 
split level 4: [/input-23, 57] [/input-23, 44] [/input-23, 148] [/input-23, 231] [/input-23, 44] [/input-23, 87] [/input-23, 184] [/input-23, 191] [/input-23, 148] 
split level 5: [/input-23, 148] [/input-23, 80] [/input-23, 57] [/input-23, 44] [/input-23, 69] [/input-23, 57] [/input-23, 57] [/input-23, 148] [/input-23, 44] 
pruning_in_iteration open status: False
ratio of positive domain = 0 / 576 = 0.0
pruning-in-iteration extra time: 4.8160552978515625e-05
Time: prepare 0.0028    bound 0.0757    transfer 0.0007    finalize 0.0036    func 0.0828    
Accumulated time: func 0.0828    prepare 0.0032    bound 0.0757    transfer 0.0007    finalize 0.0036    
Current worst splitting domains lb-rhs (depth):
-7479.85449 (6), -7450.63867 (6), -7401.03613 (6), -7372.40283 (6), -7289.37646 (6), -7246.75244 (6), -7242.32080 (6), -7241.17188 (6), -7210.91406 (6), -7180.64160 (6), -7177.63574 (6), -7135.90967 (6), -7133.15234 (6), -7111.36182 (6), -7078.95215 (6), -7056.49902 (6), -7055.22949 (6), -7040.73877 (6), -7032.37500 (6), -6993.20166 (6), 
Length of domains: 576
Time: pickout 0.0005    decision 0.0754    set_bounds 0.0181    solve 0.0833    add 0.0022    
Accumulated time: pickout 0.0005    decision 0.0754    set_bounds 0.0181    solve 0.0833    add 0.0022    
Current (lb-rhs): -7479.8544921875
576 domains visited
Cumulative time: 0.19613981246948242

BaB round 2
batch: 576
splitting decisions: 
split level 0: [/input-23, 184] [/input-23, 184] [/input-23, 132] [/input-23, 148] [/input-23, 148] [/input-23, 78] [/input-23, 132] [/input-23, 132] [/input-23, 78] [/input-23, 184] 
pruning_in_iteration open status: False
ratio of positive domain = 0 / 1152 = 0.0
pruning-in-iteration extra time: 3.5762786865234375e-05
Time: prepare 0.0158    bound 0.0270    transfer 0.0015    finalize 0.0090    func 0.0533    
Accumulated time: func 0.1361    prepare 0.0191    bound 0.1026    transfer 0.0022    finalize 0.0126    
Current worst splitting domains lb-rhs (depth):
-7295.97607 (7), -7239.85938 (7), -7197.84961 (7), -7168.71826 (7), -7058.88232 (7), -7051.57422 (7), -7021.76465 (7), -7015.71924 (7), -7000.14062 (7), -6987.87842 (7), -6967.77344 (7), -6922.65234 (7), -6869.30859 (7), -6856.48926 (7), -6854.26172 (7), -6810.34814 (7), -6807.12402 (7), -6798.36377 (7), -6794.20557 (7), -6783.56543 (7), 
Length of domains: 1152
Time: pickout 0.0029    decision 0.0284    set_bounds 0.0181    solve 0.0534    add 0.0178    
Accumulated time: pickout 0.0035    decision 0.1039    set_bounds 0.0362    solve 0.1367    add 0.0200    
Current (lb-rhs): -7295.97607421875
1728 domains visited
Cumulative time: 0.3177318572998047

BaB round 3
batch: 1152
splitting decisions: 
split level 0: [/input-23, 44] [/input-23, 132] [/input-23, 184] [/input-23, 87] [/input-23, 39] [/input-23, 193] [/input-23, 191] [/input-23, 231] [/input-23, 191] [/input-23, 44] 
pruning_in_iteration open status: False
ratio of positive domain = 0 / 2304 = 0.0
pruning-in-iteration extra time: 3.719329833984375e-05
Time: prepare 0.0331    bound 0.0276    transfer 0.0026    finalize 0.0181    func 0.0814    
Accumulated time: func 0.2176    prepare 0.0523    bound 0.1302    transfer 0.0048    finalize 0.0307    
Current worst splitting domains lb-rhs (depth):
-7076.68408 (8), -6975.07910 (8), -6968.22803 (8), -6908.11377 (8), -6813.52393 (8), -6808.79346 (8), -6762.65381 (8), -6749.47656 (8), -6746.74756 (8), -6745.79199 (8), -6738.87500 (8), -6705.16553 (8), -6662.75244 (8), -6641.36963 (8), -6617.87646 (8), -6601.54395 (8), -6570.47656 (8), -6554.54688 (8), -6550.50781 (8), -6546.87500 (8), 
Length of domains: 2304
Time: pickout 0.0058    decision 0.1267    set_bounds 0.0355    solve 0.1681    add 0.0360    
Accumulated time: pickout 0.0093    decision 0.2306    set_bounds 0.0717    solve 0.3048    add 0.0560    
Current (lb-rhs): -7076.68408203125
4032 domains visited
Cumulative time: 0.691514253616333

BaB round 4
batch: 2304
splitting decisions: 
split level 0: [/input-23, 132] [/input-23, 193] [/input-23, 191] [/input-23, 78] [/input-23, 184] [/input-23, 165] [/input-23, 148] [/input-23, 19] [/input-23, 64] [/input-23, 132] 
pruning_in_iteration open status: False
ratio of positive domain = 0 / 4608 = 0.0
pruning-in-iteration extra time: 3.719329833984375e-05
Time: prepare 0.0675    bound 0.0283    transfer 0.0051    finalize 0.0340    func 0.1354    
Accumulated time: func 0.3530    prepare 0.1200    bound 0.1585    transfer 0.0099    finalize 0.0647    
Current worst splitting domains lb-rhs (depth):
-6846.58301 (9), -6734.61182 (9), -6674.75684 (9), -6621.05566 (9), -6552.58496 (9), -6542.64746 (9), -6532.37793 (9), -6528.67529 (9), -6495.41211 (9), -6473.25879 (9), -6469.31885 (9), -6464.83350 (9), -6457.28955 (9), -6424.88330 (9), -6403.09180 (9), -6397.58154 (9), -6389.17920 (9), -6385.75586 (9), -6363.68994 (9), -6350.16504 (9), 
Length of domains: 4608
Time: pickout 0.0128    decision 0.0808    set_bounds 0.1692    solve 0.1358    add 0.0705    
Accumulated time: pickout 0.0222    decision 0.3114    set_bounds 0.2409    solve 0.4406    add 0.1264    
Current (lb-rhs): -6846.5830078125
8640 domains visited
Cumulative time: 1.1650843620300293

BaB round 5
batch: 4608
splitting decisions: 
split level 0: [/input-23, 191] [/input-23, 231] [/input-23, 231] [/input-23, 110] [/input-23, 165] [/input-23, 132] [/input-23, 44] [/input-23, 69] [/input-23, 87] [/input-23, 191] 
pruning_in_iteration open status: False
ratio of positive domain = 0 / 9216 = 0.0
pruning-in-iteration extra time: 9.584426879882812e-05
Time: prepare 0.1352    bound 0.0314    transfer 0.0182    finalize 0.0700    func 0.2552    
Accumulated time: func 0.6082    prepare 0.2555    bound 0.1899    transfer 0.0282    finalize 0.1347    
Current worst splitting domains lb-rhs (depth):
-6591.81592 (10), -6496.35547 (10), -6411.04834 (10), -6372.69580 (10), -6359.58740 (10), -6268.54004 (10), -6258.81104 (10), -6253.70166 (10), -6249.49805 (10), -6229.57080 (10), -6211.47705 (10), -6204.97119 (10), -6203.40723 (10), -6195.51807 (10), -6169.23682 (10), -6161.81006 (10), -6158.04736 (10), -6157.39941 (10), -6144.38281 (10), -6143.35205 (10), 
Length of domains: 9216
Time: pickout 0.0254    decision 0.2513    set_bounds 0.3992    solve 0.2561    add 0.1380    
Accumulated time: pickout 0.0475    decision 0.5627    set_bounds 0.6401    solve 0.6967    add 0.2645    
Current (lb-rhs): -6591.81591796875
17856 domains visited
Cumulative time: 2.2444345951080322

BaB round 6
batch: 9216
splitting decisions: 
split level 0: [/input-23, 78] [/input-23, 88] [/input-23, 78] [/input-23, 23] [/input-23, 235] [/input-23, 44] [/input-23, 69] [/input-23, 127] [/input-23, 132] [/input-23, 78] 
pruning_in_iteration open status: False
ratio of positive domain = 0 / 18432 = 0.0
pruning-in-iteration extra time: 0.0002846717834472656
Time: prepare 0.2810    bound 0.0478    transfer 0.0430    finalize 0.3079    func 0.6806    
Accumulated time: func 1.2887    prepare 0.5367    bound 0.2378    transfer 0.0712    finalize 0.4425    
Current worst splitting domains lb-rhs (depth):
-6486.43799 (11), -6389.14502 (11), -6208.86084 (11), -6194.02832 (11), -6174.75439 (11), -6164.41406 (11), -6159.47998 (11), -6152.33984 (11), -6114.68115 (11), -6108.88916 (11), -6106.56689 (11), -6078.84229 (11), -6066.87256 (11), -6064.33154 (11), -6060.16748 (11), -6012.11768 (11), -6010.60352 (11), -6008.63525 (11), -5991.07959 (11), -5982.27295 (11), 
Length of domains: 18432
Time: pickout 0.0633    decision 0.2932    set_bounds 0.7091    solve 0.6823    add 0.2705    
Accumulated time: pickout 0.1108    decision 0.8559    set_bounds 1.3492    solve 1.3790    add 0.5350    
Current (lb-rhs): -6486.43798828125
36288 domains visited
Cumulative time: 4.273507833480835

BaB round 7
batch: 10240
splitting decisions: 
split level 0: [/input-23, 30] [/input-23, 193] [/input-23, 39] [/input-23, 69] [/input-23, 69] [/input-23, 39] [/input-23, 112] [/input-23, 87] [/input-23, 219] [/input-23, 30] 
pruning_in_iteration open status: False
ratio of positive domain = 0 / 20480 = 0.0
pruning-in-iteration extra time: 0.00029730796813964844
Time: prepare 0.3157    bound 0.0524    transfer 0.0094    finalize 0.1301    func 0.5082    
Accumulated time: func 1.7969    prepare 0.8526    bound 0.2901    transfer 0.0806    finalize 0.5726    
Current worst splitting domains lb-rhs (depth):
-6486.43799 (11), -6389.14502 (11), -6194.02832 (11), -6174.75439 (11), -6164.41406 (11), -6159.47998 (11), -6152.33984 (11), -6114.68115 (11), -6106.56689 (11), -6078.84229 (11), -6066.87256 (11), -6060.16748 (11), -6012.11768 (11), -6010.60352 (11), -6008.63525 (11), -5997.40088 (12), -5991.07959 (11), -5982.27295 (11), -5981.57666 (11), -5978.39551 (11), 
Length of domains: 28672
Time: pickout 0.0610    decision 0.3347    set_bounds 0.7565    solve 0.5100    add 0.0695    
Accumulated time: pickout 0.1718    decision 1.1906    set_bounds 2.1057    solve 1.8890    add 0.6046    
Current (lb-rhs): -6486.43798828125
56768 domains visited
Cumulative time: 6.019399881362915

BaB round 8
batch: 10240
splitting decisions: 
split level 0: [/input-23, 87] [/input-23, 230] [/input-23, 30] [/input-23, 44] [/input-23, 78] [/input-23, 165] [/input-23, 219] [/input-23, 69] [/input-23, 165] [/input-23, 87] 
pruning_in_iteration open status: False
ratio of positive domain = 0 / 20480 = 0.0
pruning-in-iteration extra time: 0.0003108978271484375
Time: prepare 0.3152    bound 0.0526    transfer 0.0098    finalize 0.3885    func 0.7666    
Accumulated time: func 2.5635    prepare 1.1681    bound 0.3428    transfer 0.0903    finalize 0.9611    
Current worst splitting domains lb-rhs (depth):
-6486.43799 (11), -6389.14502 (11), -6194.02832 (11), -6174.75439 (11), -6164.41406 (11), -6159.47998 (11), -6152.33984 (11), -6114.68115 (11), -6106.56689 (11), -6078.84229 (11), -6066.87256 (11), -6060.16748 (11), -6012.11768 (11), -6010.60352 (11), -6008.63525 (11), -5997.40088 (12), -5991.07959 (11), -5982.27295 (11), -5981.57666 (11), -5978.39551 (11), 
Length of domains: 38912
Time: pickout 0.0634    decision 0.5749    set_bounds 0.5887    solve 0.7683    add 0.4608    
Accumulated time: pickout 0.2351    decision 1.7655    set_bounds 2.6944    solve 2.6573    add 1.0654    
Current (lb-rhs): -6486.43798828125
77248 domains visited
Cumulative time: 8.488147735595703

BaB round 9
batch: 10240
splitting decisions: 
split level 0: [/input-23, 78] [/input-23, 112] [/input-23, 80] [/input-23, 52] [/input-23, 60] [/input-23, 112] [/input-23, 230] [/input-23, 230] [/input-23, 23] [/input-23, 165] 
pruning_in_iteration open status: False
ratio of positive domain = 0 / 20480 = 0.0
pruning-in-iteration extra time: 0.0002968311309814453
Time: prepare 0.3223    bound 0.0524    transfer 0.0092    finalize 0.1218    func 0.5065    
Accumulated time: func 3.0700    prepare 1.4906    bound 0.3952    transfer 0.0996    finalize 1.0829    
Current worst splitting domains lb-rhs (depth):
-6486.43799 (11), -6389.14502 (11), -6194.02832 (11), -6174.75439 (11), -6164.41406 (11), -6159.47998 (11), -6152.33984 (11), -6114.68115 (11), -6106.56689 (11), -6078.84229 (11), -6066.87256 (11), -6060.16748 (11), -6012.11768 (11), -6010.60352 (11), -6008.63525 (11), -5997.40088 (12), -5991.07959 (11), -5982.27295 (11), -5981.57666 (11), -5978.39551 (11), 
Length of domains: 49152
Time: pickout 0.0676    decision 0.3353    set_bounds 0.6653    solve 0.8407    add 0.0697    
Accumulated time: pickout 0.3028    decision 2.1008    set_bounds 3.3597    solve 3.4980    add 1.1351    
Current (lb-rhs): -6486.43798828125
97728 domains visited
Cumulative time: 10.480818033218384

BaB round 10
batch: 10240
splitting decisions: 
split level 0: [/input-23, 112] [/input-23, 187] [/input-23, 64] [/input-23, 219] [/input-23, 87] [/input-23, 30] [/input-23, 52] [/input-23, 19] [/input-19, 131] [/input-23, 112] 
pruning_in_iteration open status: False
ratio of positive domain = 0 / 20480 = 0.0
pruning-in-iteration extra time: 0.0002961158752441406
Time: prepare 0.3300    bound 0.0525    transfer 0.0095    finalize 0.1224    func 0.5148    
Accumulated time: func 3.5848    prepare 1.8209    bound 0.4477    transfer 0.1090    finalize 1.2053    
Current worst splitting domains lb-rhs (depth):
-6486.43799 (11), -6389.14502 (11), -6194.02832 (11), -6174.75439 (11), -6164.41406 (11), -6159.47998 (11), -6152.33984 (11), -6114.68115 (11), -6106.56689 (11), -6078.84229 (11), -6066.87256 (11), -6060.16748 (11), -6012.11768 (11), -6010.60352 (11), -6008.63525 (11), -5997.40088 (12), -5991.07959 (11), -5982.27295 (11), -5981.57666 (11), -5978.39551 (11), 
Length of domains: 59392
Time: pickout 0.0689    decision 0.3404    set_bounds 0.7518    solve 0.5166    add 0.0681    
Accumulated time: pickout 0.3717    decision 2.4413    set_bounds 4.1115    solve 4.0146    add 1.2032    
Current (lb-rhs): -6486.43798828125
118208 domains visited
Cumulative time: 12.24406361579895

BaB round 11
batch: 10240
splitting decisions: 
split level 0: [/input-23, 39] [/input-23, 204] [/input-23, 136] [/input-23, 180] [/input-23, 112] [/input-23, 140] [/input-23, 193] [/input-23, 39] [/input-23, 230] [/input-23, 60] 
pruning_in_iteration open status: False
ratio of positive domain = 0 / 20480 = 0.0
pruning-in-iteration extra time: 0.000335693359375
Time: prepare 0.3362    bound 0.0523    transfer 0.0093    finalize 0.1213    func 0.5201    
Accumulated time: func 4.1050    prepare 2.1574    bound 0.5000    transfer 0.1184    finalize 1.3266    
Current worst splitting domains lb-rhs (depth):
-6486.43799 (11), -6389.14502 (11), -6194.02832 (11), -6174.75439 (11), -6164.41406 (11), -6159.47998 (11), -6152.33984 (11), -6114.68115 (11), -6106.56689 (11), -6078.84229 (11), -6066.87256 (11), -6060.16748 (11), -6012.11768 (11), -6010.60352 (11), -6008.63525 (11), -5997.40088 (12), -5991.07959 (11), -5982.27295 (11), -5981.57666 (11), -5978.39551 (11), 
Length of domains: 69632
Time: pickout 0.0741    decision 0.3544    set_bounds 0.7997    solve 0.5219    add 4.5515    
Accumulated time: pickout 0.4458    decision 2.7956    set_bounds 4.9112    solve 4.5365    add 5.7547    
Current (lb-rhs): -6486.43798828125
138688 domains visited
Cumulative time: 18.56181240081787

BaB round 12
batch: 10240
splitting decisions: 
split level 0: [/input-23, 50] [/input-23, 69] [/input-23, 219] [/input-23, 60] [/input-23, 165] [/input-23, 23] [/input-23, 235] [/input-23, 165] [/input-23, 180] [/input-23, 230] 
pruning_in_iteration open status: False
ratio of positive domain = 0 / 20480 = 0.0
pruning-in-iteration extra time: 0.00029659271240234375
Time: prepare 0.3479    bound 0.0527    transfer 0.0091    finalize 0.1228    func 0.5334    
Accumulated time: func 4.6383    prepare 2.5056    bound 0.5528    transfer 0.1274    finalize 1.4494    
Current worst splitting domains lb-rhs (depth):
-6486.43799 (11), -6389.14502 (11), -6194.02832 (11), -6174.75439 (11), -6164.41406 (11), -6159.47998 (11), -6152.33984 (11), -6114.68115 (11), -6106.56689 (11), -6078.84229 (11), -6066.87256 (11), -6060.16748 (11), -6012.11768 (11), -6010.60352 (11), -6008.63525 (11), -5997.40088 (12), -5991.07959 (11), -5982.27295 (11), -5981.57666 (11), -5978.39551 (11), 
Length of domains: 79872
Time: pickout 0.0813    decision 0.3577    set_bounds 0.8883    solve 0.5351    add 0.0686    
Accumulated time: pickout 0.5271    decision 3.1533    set_bounds 5.7996    solve 5.0716    add 5.8233    
Current (lb-rhs): -6486.43798828125
159168 domains visited
Cumulative time: 20.512314081192017

BaB round 13
batch: 10240
splitting decisions: 
split level 0: [/input-23, 60] [/input-23, 52] [/input-19, 89] [/input-23, 231] [/input-23, 23] [/input-19, 157] [/input-23, 187] [/input-23, 187] [/input-23, 112] [/input-23, 39] 
pruning_in_iteration open status: False
ratio of positive domain = 0 / 20480 = 0.0
pruning-in-iteration extra time: 0.0003447532653808594
Time: prepare 0.3402    bound 0.0527    transfer 0.0158    finalize 0.1424    func 0.5515    
Accumulated time: func 5.1899    prepare 2.8461    bound 0.6055    transfer 0.1432    finalize 1.5918    
Current worst splitting domains lb-rhs (depth):
-6486.43799 (11), -6389.14502 (11), -6194.02832 (11), -6174.75439 (11), -6164.41406 (11), -6159.47998 (11), -6152.33984 (11), -6114.68115 (11), -6106.56689 (11), -6078.84229 (11), -6066.87256 (11), -6060.16748 (11), -6012.11768 (11), -6010.60352 (11), -6008.63525 (11), -5997.40088 (12), -5991.07959 (11), -5982.27295 (11), -5981.57666 (11), -5978.39551 (11), 
Length of domains: 90112
Time: pickout 0.0771    decision 0.9481    set_bounds 0.3433    solve 0.5533    add 0.0686    
Accumulated time: pickout 0.6042    decision 4.1013    set_bounds 6.1428    solve 5.6249    add 5.8919    
Current (lb-rhs): -6486.43798828125
179648 domains visited
Cumulative time: 22.52179503440857

BaB round 14
batch: 10240
splitting decisions: 
split level 0: [/input-23, 174] [/input-19, 126] [/input-23, 19] [/input-23, 53] [/input-23, 39] [/input-23, 174] [/input-23, 53] [/input-23, 67] [/input-23, 87] [/input-23, 174] 
pruning_in_iteration open status: False
ratio of positive domain = 0 / 20480 = 0.0
pruning-in-iteration extra time: 0.0002963542938232422
Time: prepare 0.3422    bound 0.0523    transfer 0.0216    finalize 0.1505    func 0.5672    
Accumulated time: func 5.7571    prepare 3.1886    bound 0.6577    transfer 0.1648    finalize 1.7424    
Current worst splitting domains lb-rhs (depth):
-6486.43799 (11), -6389.14502 (11), -6194.02832 (11), -6174.75439 (11), -6164.41406 (11), -6159.47998 (11), -6152.33984 (11), -6114.68115 (11), -6106.56689 (11), -6078.84229 (11), -6066.87256 (11), -6060.16748 (11), -6012.11768 (11), -6010.60352 (11), -6008.63525 (11), -5997.40088 (12), -5991.07959 (11), -5982.27295 (11), -5981.57666 (11), -5978.39551 (11), 
Length of domains: 100352
Time: pickout 0.0818    decision 0.9938    set_bounds 0.3467    solve 0.5690    add 0.0697    
Accumulated time: pickout 0.6860    decision 5.0951    set_bounds 6.4896    solve 6.1939    add 5.9616    
Current (lb-rhs): -6486.43798828125
200128 domains visited
Cumulative time: 24.59860610961914

BaB round 15
batch: 10240
splitting decisions: 
split level 0: [/input-23, 187] [/input-23, 60] [/input-23, 20] [/input-23, 64] [/input-23, 219] [/input-23, 60] [/input-23, 39] [/input-23, 52] [/input-23, 174] [/input-23, 50] 
pruning_in_iteration open status: False
ratio of positive domain = 0 / 20480 = 0.0
pruning-in-iteration extra time: 0.0003266334533691406
Time: prepare 0.3566    bound 0.0518    transfer 0.0092    finalize 0.1246    func 0.5430    
Accumulated time: func 6.3001    prepare 3.5455    bound 0.7096    transfer 0.1740    finalize 1.8669    
Current worst splitting domains lb-rhs (depth):
-6486.43799 (11), -6389.14502 (11), -6194.02832 (11), -6174.75439 (11), -6164.41406 (11), -6159.47998 (11), -6152.33984 (11), -6114.68115 (11), -6106.56689 (11), -6078.84229 (11), -6066.87256 (11), -6060.16748 (11), -6012.11768 (11), -6010.60352 (11), -6008.63525 (11), -5997.40088 (12), -5991.07959 (11), -5982.27295 (11), -5981.57666 (11), -5978.39551 (11), 
Length of domains: 110592
Time: pickout 0.0855    decision 0.3459    set_bounds 1.1205    solve 0.5450    add 0.0707    
Accumulated time: pickout 0.7716    decision 5.4410    set_bounds 7.6101    solve 6.7389    add 6.0323    
Current (lb-rhs): -6486.43798828125
220608 domains visited
Cumulative time: 26.785396575927734

BaB round 16
batch: 10240
splitting decisions: 
split level 0: [/input-23, 230] [/input-23, 174] [/input-23, 71] [/input-23, 191] [/input-23, 230] [/input-23, 221] [/input-23, 69] [/input-19, 157] [/input-19, 32] [/input-23, 53] 
pruning_in_iteration open status: False
ratio of positive domain = 0 / 20480 = 0.0
pruning-in-iteration extra time: 0.00029754638671875
Time: prepare 0.3619    bound 0.0518    transfer 0.0092    finalize 0.1235    func 0.5470    
Accumulated time: func 6.8472    prepare 3.9077    bound 0.7614    transfer 0.1832    finalize 1.9904    
Current worst splitting domains lb-rhs (depth):
-6486.43799 (11), -6389.14502 (11), -6194.02832 (11), -6174.75439 (11), -6164.41406 (11), -6159.47998 (11), -6152.33984 (11), -6114.68115 (11), -6106.56689 (11), -6078.84229 (11), -6066.87256 (11), -6060.16748 (11), -6012.11768 (11), -6010.60352 (11), -6008.63525 (11), -5997.40088 (12), -5991.07959 (11), -5982.27295 (11), -5981.57666 (11), -5978.39551 (11), 
Length of domains: 120832
Time: pickout 0.0891    decision 0.3620    set_bounds 1.1580    solve 0.5488    add 0.0701    
Accumulated time: pickout 0.8607    decision 5.8030    set_bounds 8.7681    solve 7.2877    add 6.1024    
Current (lb-rhs): -6486.43798828125
241088 domains visited
Cumulative time: 29.033111810684204

BaB round 17
batch: 10240
splitting decisions: 
split level 0: [/input-23, 53] [/input-23, 219] [/input-23, 22] [/input-23, 230] [/input-23, 53] [/input-23, 204] [/input-23, 23] [/input-23, 127] [/input-23, 235] [/input-23, 187] 
pruning_in_iteration open status: False
ratio of positive domain = 0 / 20480 = 0.0
pruning-in-iteration extra time: 0.0002980232238769531
Time: prepare 0.3616    bound 0.0523    transfer 0.0095    finalize 0.1254    func 0.5500    
Accumulated time: func 7.3971    prepare 4.2696    bound 0.8137    transfer 0.1927    finalize 2.1158    
Current worst splitting domains lb-rhs (depth):
-6486.43799 (11), -6389.14502 (11), -6194.02832 (11), -6174.75439 (11), -6164.41406 (11), -6159.47998 (11), -6152.33984 (11), -6114.68115 (11), -6106.56689 (11), -6078.84229 (11), -6066.87256 (11), -6060.16748 (11), -6012.11768 (11), -6010.60352 (11), -6008.63525 (11), -5997.40088 (12), -5991.07959 (11), -5982.27295 (11), -5981.57666 (11), -5978.39551 (11), 
Length of domains: 131072
Time: pickout 0.0906    decision 0.3647    set_bounds 1.2368    solve 0.5517    add 0.0737    
Accumulated time: pickout 0.9514    decision 6.1678    set_bounds 10.0050    solve 7.8394    add 6.1761    
Current (lb-rhs): -6486.43798828125
261568 domains visited
Time out!!!!!!!!
Result: timeout
Time: 32.60231423377991

------------------------- COMMAND ------------------------------
/data1/Kane/miniconda3/envs/GenBaB/bin/python /data1/Kane/GenBaB/alpha-beta-CROWN/complete_verifier/abcrown.py --config /data1/Kane/GenBaB/alpha-beta-CROWN/complete_verifier/exp_configs/vnncomp24/cora.yaml --precompile_jit --onnx_path /data1/Kane/data/vnncomp2025_benchmarks/benchmarks/cora_2024/./onnx/mnist-trades.onnx --vnnlib_path /data1/Kane/data/vnncomp2025_benchmarks/benchmarks/cora_2024/vnnlib/mnist-img17.vnnlib --results_file /data1/Kane/ACT/audit_results/abcrown_nopgd_20260525/cora_2024/0050__mnist-trades__mnist-img17.result --timeout 30.0 --save_adv_example --pgd_order=skip
----------------------------------------------------------------

