[0;93m2026-05-26 08:34:16.301762843 [W:onnxruntime:Default, device_discovery.cc:325 DiscoverDevicesForPlatform] GPU device discovery failed: device_discovery.cc:92 ReadFileContents Failed to open file: "/sys/class/drm/card0/device/vendor"[m
Configurations:

general:
  device: cuda
  seed: 100
  conv_mode: patches
  deterministic: false
  double_fp: false
  loss_reduction_func: sum
  sparse_alpha: true
  sparse_interm: true
  save_adv_example: true
  verify_onnxruntime_output: false
  eval_adv_example: false
  show_adv_example: false
  precompile_jit: true
  prepare_only: false
  complete_verifier: bab
  enable_incomplete_verification: true
  csv_name: instances.csv
  results_file: /data1/Kane/ACT/audit_results/abcrown_nopgd_20260525/cora_2024/0103__svhn-point__svhn-img637.result
  root_path: ../../vnncomp2024_benchmarks/benchmarks/cora
  deterministic_opt: false
  graph_optimizer: 'Customized("custom_graph_optimizer", "default_optimizer")'
  buffer_has_batchdim: false
  save_output: false
  output_file: out.pkl
  return_optimized_model: false
model:
  name: null
  path: null
  onnx_path: /data1/Kane/data/vnncomp2025_benchmarks/benchmarks/cora_2024/./onnx/svhn-point.onnx
  onnx_path_prefix: ''
  cache_onnx_conversion: false
  debug_onnx: false
  onnx_quirks: null
  input_shape: null
  onnx_loader: default_onnx_and_vnnlib_loader
  onnx_optimization_flags: []
  onnx_vnnlib_joint_optimization_flags: none
  check_optimized: false
  flatten_final_output: false
  optimize_graph: null
  with_jacobian: false
data:
  start: 0
  end: 10000
  select_instance: null
  num_outputs: 10
  mean: 0.0
  std: 1.0
  pkl_path: null
  dataset: null
  data_filter_path: null
  data_idx_file: null
specification:
  type: lp
  robustness_type: verified-acc
  norm: .inf
  epsilon: null
  epsilon_min: 0.0
  vnnlib_path: /data1/Kane/data/vnncomp2025_benchmarks/benchmarks/cora_2024/vnnlib/svhn-img637.vnnlib
  vnnlib_path_prefix: ''
  rhs_offset: null
solver:
  batch_size: 10240
  auto_enlarge_batch_size: false
  min_batch_size_ratio: 0.1
  use_float64_in_last_iteration: false
  early_stop_patience: 10
  start_save_best: 0.5
  bound_prop_method: alpha-crown
  init_bound_prop_method: same
  prune_after_crown: true
  optimize_disjuncts_separately: false
  crown:
    batch_size: 1000000000
    max_crown_size: 1000000000
    activation_bound_option: adaptive
    compare_crown_with_ibp: false
  alpha-crown:
    alpha: true
    lr_alpha: 0.3
    iteration: 20
    share_alphas: false
    lr_decay: 0.98
    full_conv_alpha: true
    max_coeff_mul: .inf
    matmul_share_alphas: false
    disable_optimization: []
    max_time: 1.0
  invprop:
    apply_output_constraints_to: []
    tighten_input_bounds: false
    best_of_oc_and_no_oc: false
    directly_optimize: []
    oc_lr: 0.1
    share_gammas: false
  beta-crown:
    lr_alpha: 0.03
    lr_beta: 0.1
    lr_decay: 0.98
    optimizer: adam
    iteration: 5
    beta: true
    beta_warmup: true
    enable_opt_interm_bounds: false
    all_node_split_LP: false
  forward:
    refine: false
    max_dim: 10000
    reset_threshold: 1.0
  multi_class:
    label_batch_size: 32
    skip_with_refined_bound: true
  mip:
    unstable_neuron_threshold: 0
    parallel_solvers: null
    solver_threads: 1
    refine_neuron_timeout: 15
    refine_neuron_time_percentage: 0.8
    early_stop: true
    adv_warmup: true
    mip_solver: gurobi
    skip_unsafe: false
    topk_filter: 1.0
    sliding_window: -1
    extra_constraint: false
    refine_neuron_timeout_increasement: 0
    timeout_neuron_percentage: 0.3
    remaining_timeout_threshold: 1
    remove_unstable_neurons: false
    lp_solver: false
bab:
  initial_max_domains: 100
  backing_up_max_domain: null
  max_domains: .inf
  decision_thresh: 0
  timeout: 30.0
  timeout_scale: 1
  max_iterations: -1
  override_timeout: null
  get_upper_bound: false
  pruning_in_iteration: true
  pruning_in_iteration_ratio: 0.2
  sort_targets: false
  batched_domain_list: true
  optimized_interm: ''
  interm_transfer: false
  recompute_interm: false
  sort_domain_interval: -1
  vanilla_crown: false
  tree_traversal: depth_first
  cut:
    enabled: false
    cuts_path: /tmp/abcrown_cuts
    implication: false
    bab_cut: false
    lp_cut: false
    method: null
    lr: 0.01
    lr_decay: 1.0
    iteration: 100
    bab_iteration: -1
    early_stop_patience: -1
    lr_beta: 0.02
    number_cuts: 50
    topk_cuts_in_filter: 1000
    batch_size_primal: 100
    max_num: 1000000000
    patches_cut: false
    cplex_cuts: false
    cplex_cuts_wait: 0
    cplex_cuts_revpickup: true
    cut_reference_bounds: true
    fix_intermediate_bounds: false
    biccos:
      enabled: false
      constraint_strengthening: true
      recursively_strengthening: false
      drop_ratio: 0.5
      verified_bonus: 0.3
      max_infer_iter: 20
      heuristic: neuron_influence_score
      save_biccos_cuts: false
      multi_tree_branching:
        enabled: false
        restore_best_tree: false
        keep_n_best_domains: 1
        k_splits: 1
        iterations: 1
  branching:
    method: kfsb
    candidates: 3
    reduceop: max
    enable_intermediate_bound_opt: false
    branching_input_and_activation: false
    branching_input_and_activation_order: [input, relu]
    branching_input_iterations: 30
    branching_relu_iterations: 50
    nonlinear_split:
      method: bbps
      disable: false
      branching_point_method: uniform
      num_branches: 2
      filter: false
      filter_beta: false
      filter_clamp: false
      filter_batch_size: 10000
      filter_iterations: 25
      relu_only: false
      loose_tanh_threshold: null
      branching_point:
        db_path: branching_points.pt
        num_iterations: 1000
        batch_size: 1000000
        range_l: -5.0
        range_u: 5.0
        log_interval: 100
        step_size_1d: 0.01
        step_size: 0.2
    input_split:
      enable_clip_domains: false
      split_hint: null
      reorder_bab: false
      enable: false
      enhanced_bound_prop_method: alpha-crown
      enhanced_branching_method: naive
      enhanced_bound_patience: 100000000.0
      attack_patience: 100000000.0
      adv_check: 0
      split_partitions: 2
      sb_margin_weight: 1.0
      sb_sum: false
      sb_primary_spec: null
      bf_backup_thresh: -1
      bf_rhs_offset: 0
      bf_iters: 1000000000.0
      bf_batch_size: 100000
      bf_zero_crossing_score: false
      touch_zero_score: 0
      ibp_enhancement: false
      compare_with_old_bounds: false
      update_rhs_with_attack: false
      sb_coeff_thresh: 0.001
      sort_index: null
      sort_descending: true
      show_progress: false
      presplit_domains: null
      skip_getting_worst_domain: false
  attack:
    enabled: false
    beam_candidates: 8
    beam_depth: 7
    max_dive_fix_ratio: 0.8
    min_local_free_ratio: 0.2
    mip_start_iteration: 5
    mip_timeout: 30.0
    adv_pool_threshold: null
    refined_mip_attacker: false
    refined_batch_size: null
attack:
  pgd_order: skip
  pgd_steps: 100
  pgd_restarts: 30
  pgd_batch_size: 100000000
  pgd_early_stop: true
  pgd_lr_decay: 0.99
  pgd_alpha: auto
  pgd_alpha_scale: false
  pgd_loss_mode: null
  pgd_restart_when_stuck: false
  enable_mip_attack: false
  adv_saver: default_adv_saver
  adv_verifier: default_adv_verifier
  early_stop_condition: default_early_stop_condition
  adv_example_finalizer: default_adv_example_finalizer
  pgd_loss: default_pgd_loss
  cex_path: ./test_cex.txt
  attack_mode: PGD
  attack_tolerance: 0.0
  attack_func: attack_with_general_specs
  gama_lambda: 10.0
  gama_decay: 0.9
  check_clean: false
  input_split:
    pgd_steps: 100
    pgd_restarts: 30
    pgd_alpha: auto
  input_split_enhanced:
    pgd_steps: 200
    pgd_restarts: 500000
    pgd_alpha: auto
  input_split_check_adv:
    enabled: auto
    pgd_steps: 5
    pgd_restarts: 5
    pgd_alpha: auto
    max_num_domains: 10
debug:
  view_model: false
  lp_test: null
  rescale_vnnlib_ptb: null
  test_optimized_bounds: false
  test_optimized_bounds_after_n_iterations: 0
  print_verbose_decisions: false
  sanity_check: null
  save_minimal_config: null
  save_minimal_config_omit_keys: []

Experiments at Tue May 26 08:34:17 2026 on dell-pro-max-tower-t2
Pre-compile jit kernels on a toy network...
JIT kernels compiled in 0.8992s.
Internal results will be saved to /data1/Kane/ACT/audit_results/abcrown_nopgd_20260525/cora_2024/0103__svhn-point__svhn-img637.result./data1/Kane/miniconda3/envs/GenBaB/lib/python3.11/site-packages/onnx2pytorch/convert/operations.py:154: UserWarning: The given NumPy array is not writable, and PyTorch does not support non-writable tensors. This means writing to this tensor will result in undefined behavior. You may want to copy the array to protect its data or make it writable before converting it to a tensor. This type of warning will be suppressed for the rest of this program. (Triggered internally at /pytorch/torch/csrc/utils/tensor_numpy.cpp:206.)
  weight = torch.from_numpy(numpy_helper.to_array(params[0]))
/data1/Kane/miniconda3/envs/GenBaB/lib/python3.11/site-packages/onnx2pytorch/convert/model.py:151: UserWarning: Using experimental implementation that allows 'batch_size > 1'.Batchnorm layers could potentially produce false outputs.
  warnings.warn(
/data1/Kane/miniconda3/envs/GenBaB/lib/python3.11/site-packages/onnx2pytorch/utils.py:21: TracerWarning: Converting a tensor to a Python boolean might cause the trace to be incorrect. We can't record the data flow of Python values, so this value will be treated as a constant in the future. This means that the trace might not generalize to other inputs!
  return value.ndim == 0 or value.shape == torch.Size([1])
/data1/Kane/miniconda3/envs/GenBaB/lib/python3.11/site-packages/onnx2pytorch/operations/add.py:34: TracerWarning: Converting a tensor to a Python boolean might cause the trace to be incorrect. We can't record the data flow of Python values, so this value will be treated as a constant in the future. This means that the trace might not generalize to other inputs!
  elif all(x == 1 for x in input[0].shape):
/data1/Kane/GenBaB/alpha-beta-CROWN/complete_verifier/auto_LiRPA/operators/leaf.py:91: UserWarning: The "has_batchdim" option for BoundBuffers is deprecated. It may be removed from the next release.
  warnings.warn('The "has_batchdim" option for BoundBuffers is deprecated.'


 %%%%%%%%%%%%%%%%%%%%%%%%%%%%%%%%%%% idx: 0, vnnlib ID: 0 %%%%%%%%%%%%%%%%%%%%%%%%%%%%%%%%%%%
Using onnx /data1/Kane/data/vnncomp2025_benchmarks/benchmarks/cora_2024/./onnx/svhn-point.onnx
Using vnnlib /data1/Kane/data/vnncomp2025_benchmarks/benchmarks/cora_2024/vnnlib/svhn-img637.vnnlib
3072 inputs and 10 outputs in vnnlib
Loading onnx /data1/Kane/data/vnncomp2025_benchmarks/benchmarks/cora_2024/./onnx/svhn-point.onnx with quirks {}
Finished onnx model loading in 0.0235 seconds
Model: BoundedModule(
  (/0): BoundInput(name=/0, inputs=[], perturbed=True)
  (/1): BoundBuffers(name=/1, inputs=[], perturbed=False)
  (/2): BoundBuffers(name=/2, inputs=[], perturbed=False)
  (/19): BoundParams(name=/19, inputs=[], perturbed=False)
  (/20): BoundParams(name=/20, inputs=[], perturbed=False)
  (/21): BoundParams(name=/21, inputs=[], perturbed=False)
  (/22): BoundParams(name=/22, inputs=[], perturbed=False)
  (/23): BoundParams(name=/23, inputs=[], perturbed=False)
  (/24): BoundParams(name=/24, inputs=[], perturbed=False)
  (/25): BoundParams(name=/25, inputs=[], perturbed=False)
  (/26): BoundParams(name=/26, inputs=[], perturbed=False)
  (/27): BoundParams(name=/27, inputs=[], perturbed=False)
  (/28): BoundParams(name=/28, inputs=[], perturbed=False)
  (/29): BoundParams(name=/29, inputs=[], perturbed=False)
  (/30): BoundParams(name=/30, inputs=[], perturbed=False)
  (/31): BoundParams(name=/31, inputs=[], perturbed=False)
  (/32): BoundParams(name=/32, inputs=[], perturbed=False)
  (/33): BoundParams(name=/33, inputs=[], perturbed=False)
  (/34): BoundParams(name=/34, inputs=[], perturbed=False)
  (/35): BoundMul(name=/35, inputs=[/0, /1], perturbed=True)
  (/36): BoundAdd(name=/36, inputs=[/35, /2], perturbed=True)
  (/input): BoundLinear(name=/input, inputs=[/36, /19, /20], perturbed=True)
  (/38): BoundRelu(name=/38, inputs=[/input], perturbed=True)
  (/input-3): BoundLinear(name=/input-3, inputs=[/38, /21, /22], perturbed=True)
  (/40): BoundRelu(name=/40, inputs=[/input-3], perturbed=True)
  (/input-7): BoundLinear(name=/input-7, inputs=[/40, /23, /24], perturbed=True)
  (/42): BoundRelu(name=/42, inputs=[/input-7], perturbed=True)
  (/input-11): BoundLinear(name=/input-11, inputs=[/42, /25, /26], perturbed=True)
  (/44): BoundRelu(name=/44, inputs=[/input-11], perturbed=True)
  (/input-15): BoundLinear(name=/input-15, inputs=[/44, /27, /28], perturbed=True)
  (/46): BoundRelu(name=/46, inputs=[/input-15], perturbed=True)
  (/input-19): BoundLinear(name=/input-19, inputs=[/46, /29, /30], perturbed=True)
  (/48): BoundRelu(name=/48, inputs=[/input-19], perturbed=True)
  (/input-23): BoundLinear(name=/input-23, inputs=[/48, /31, /32], perturbed=True)
  (/50): BoundRelu(name=/50, inputs=[/input-23], perturbed=True)
  (/51): BoundLinear(name=/51, inputs=[/50, /33, /34], perturbed=True)
)
Original output: tensor([[ 5.53407764, -6.02375603, -8.41632938, -1.66058457, -5.92284250,
         -2.83879209, -8.51500893, -6.06869841, -7.61508179, -6.31545019]],
       device='cuda:0')
Split layers:
Nonlinear functions:
   BoundRelu(name=/38, inputs=[/input], perturbed=True)
   BoundRelu(name=/40, inputs=[/input-3], perturbed=True)
   BoundRelu(name=/42, inputs=[/input-7], perturbed=True)
   BoundRelu(name=/44, inputs=[/input-11], perturbed=True)
   BoundRelu(name=/46, inputs=[/input-15], perturbed=True)
   BoundRelu(name=/48, inputs=[/input-19], perturbed=True)
   BoundRelu(name=/50, inputs=[/input-23], perturbed=True)
layer /38 using full alpha with shape torch.Size([250]); unstable size 250; total size 250 ([1, 250])
layer /38 start_node /input-3 using full alpha [2, 250, 1, 250] with unstable size 250 total_size 250 output_shape torch.Size([250])
layer /38 start_node /input-7 using full alpha [2, 250, 1, 250] with unstable size 250 total_size 250 output_shape torch.Size([250])
layer /38 start_node /input-11 using full alpha [2, 250, 1, 250] with unstable size 250 total_size 250 output_shape torch.Size([250])
layer /38 start_node /input-15 using full alpha [2, 250, 1, 250] with unstable size 250 total_size 250 output_shape torch.Size([250])
layer /38 start_node /input-19 using full alpha [2, 250, 1, 250] with unstable size 250 total_size 250 output_shape torch.Size([250])
layer /38 start_node /input-23 using full alpha [2, 250, 1, 250] with unstable size 250 total_size 250 output_shape torch.Size([250])
layer /38 start_node /51 using full alpha [2, 9, 1, 250] with unstable size None total_size 9 output_shape 9
layer /40 using full alpha with shape torch.Size([250]); unstable size 250; total size 250 ([1, 250])
layer /40 start_node /input-7 using full alpha [2, 250, 1, 250] with unstable size 250 total_size 250 output_shape torch.Size([250])
layer /40 start_node /input-11 using full alpha [2, 250, 1, 250] with unstable size 250 total_size 250 output_shape torch.Size([250])
layer /40 start_node /input-15 using full alpha [2, 250, 1, 250] with unstable size 250 total_size 250 output_shape torch.Size([250])
layer /40 start_node /input-19 using full alpha [2, 250, 1, 250] with unstable size 250 total_size 250 output_shape torch.Size([250])
layer /40 start_node /input-23 using full alpha [2, 250, 1, 250] with unstable size 250 total_size 250 output_shape torch.Size([250])
layer /40 start_node /51 using full alpha [2, 9, 1, 250] with unstable size None total_size 9 output_shape 9
layer /42 using full alpha with shape torch.Size([250]); unstable size 250; total size 250 ([1, 250])
layer /42 start_node /input-11 using full alpha [2, 250, 1, 250] with unstable size 250 total_size 250 output_shape torch.Size([250])
layer /42 start_node /input-15 using full alpha [2, 250, 1, 250] with unstable size 250 total_size 250 output_shape torch.Size([250])
layer /42 start_node /input-19 using full alpha [2, 250, 1, 250] with unstable size 250 total_size 250 output_shape torch.Size([250])
layer /42 start_node /input-23 using full alpha [2, 250, 1, 250] with unstable size 250 total_size 250 output_shape torch.Size([250])
layer /42 start_node /51 using full alpha [2, 9, 1, 250] with unstable size None total_size 9 output_shape 9
layer /44 using full alpha with shape torch.Size([250]); unstable size 250; total size 250 ([1, 250])
layer /44 start_node /input-15 using full alpha [2, 250, 1, 250] with unstable size 250 total_size 250 output_shape torch.Size([250])
layer /44 start_node /input-19 using full alpha [2, 250, 1, 250] with unstable size 250 total_size 250 output_shape torch.Size([250])
layer /44 start_node /input-23 using full alpha [2, 250, 1, 250] with unstable size 250 total_size 250 output_shape torch.Size([250])
layer /44 start_node /51 using full alpha [2, 9, 1, 250] with unstable size None total_size 9 output_shape 9
layer /46 using full alpha with shape torch.Size([250]); unstable size 250; total size 250 ([1, 250])
layer /46 start_node /input-19 using full alpha [2, 250, 1, 250] with unstable size 250 total_size 250 output_shape torch.Size([250])
layer /46 start_node /input-23 using full alpha [2, 250, 1, 250] with unstable size 250 total_size 250 output_shape torch.Size([250])
layer /46 start_node /51 using full alpha [2, 9, 1, 250] with unstable size None total_size 9 output_shape 9
layer /48 using full alpha with shape torch.Size([250]); unstable size 250; total size 250 ([1, 250])
layer /48 start_node /input-23 using full alpha [2, 250, 1, 250] with unstable size 250 total_size 250 output_shape torch.Size([250])
layer /48 start_node /51 using full alpha [2, 9, 1, 250] with unstable size None total_size 9 output_shape 9
layer /50 using full alpha with shape torch.Size([250]); unstable size 250; total size 250 ([1, 250])
layer /50 start_node /51 using full alpha [2, 9, 1, 250] with unstable size None total_size 9 output_shape 9
Optimizable variables initialized.
initial CROWN bounds: tensor([[-60291528., -55983536., -57622268., -65162896., -63968412., -56218828.,
         -59068744., -66397768., -64320904.]], device='cuda:0') None
prune_after_crown optimization in use: original label size = 9 pruned label size = 9
best_l after optimization: -371814528.0
alpha/beta optimization time: 0.5680410861968994
initial alpha-crown bounds: tensor([[-40211096., -39176084., -40583628., -44750228., -43153952., -36434800.,
         -38764516., -44949360., -43790876.]], device='cuda:0')
Number of class (without rhs): 9 ; Worst class: (+ rhs) -44949360.0
Total VNNLIB file length: 9, max property batch size: 100, total number of batches: 1
lA shape: [torch.Size([9, 1, 250]), torch.Size([9, 1, 250]), torch.Size([9, 1, 250]), torch.Size([9, 1, 250]), torch.Size([9, 1, 250]), torch.Size([9, 1, 250]), torch.Size([9, 1, 250])]

Properties batch 0, size 9
Remaining timeout: 29.2063090801239
Verifying property 0 with 9 instances.
##### Instance 0 first 10 spec matrices: 
tensor([[[ 1., -1.,  0.,  0.,  0.,  0.,  0.,  0.,  0.,  0.]],

        [[ 1.,  0., -1.,  0.,  0.,  0.,  0.,  0.,  0.,  0.]],

        [[ 1.,  0.,  0., -1.,  0.,  0.,  0.,  0.,  0.,  0.]],

        [[ 1.,  0.,  0.,  0., -1.,  0.,  0.,  0.,  0.,  0.]],

        [[ 1.,  0.,  0.,  0.,  0., -1.,  0.,  0.,  0.,  0.]],

        [[ 1.,  0.,  0.,  0.,  0.,  0., -1.,  0.,  0.,  0.]],

        [[ 1.,  0.,  0.,  0.,  0.,  0.,  0., -1.,  0.,  0.]],

        [[ 1.,  0.,  0.,  0.,  0.,  0.,  0.,  0., -1.,  0.]],

        [[ 1.,  0.,  0.,  0.,  0.,  0.,  0.,  0.,  0., -1.]]],
       dtype=torch.float64)
thresholds: tensor([0., 0., 0., 0., 0., 0., 0., 0., 0.], device='cuda:0') ######
Remaining spec index tensor([0, 1, 2, 3, 4, 5, 6, 7, 8], device='cuda:0') with bounds tensor([[-40211096.],
        [-39176084.],
        [-40583628.],
        [-44750228.],
        [-43153952.],
        [-36434800.],
        [-38764516.],
        [-44949360.],
        [-43790876.]], device='cuda:0') need to verify.
torch allclose failed: norm 0.0002268358221044764
Model prediction is: tensor([ 5.53407764, -6.02375603, -8.41632938, -1.66058457, -5.92284250,
        -2.83879209, -8.51500893, -6.06869841, -7.61508179, -6.31545019],
       device='cuda:0')
build_with_refined_bounds batch [1/1]
setting alpha for layer /38 start_node /51 with alignment adjustment
setting alpha for layer /40 start_node /51 with alignment adjustment
setting alpha for layer /42 start_node /51 with alignment adjustment
setting alpha for layer /44 start_node /51 with alignment adjustment
setting alpha for layer /46 start_node /51 with alignment adjustment
setting alpha for layer /48 start_node /51 with alignment adjustment
setting alpha for layer /50 start_node /51 with alignment adjustment
all alpha initialized
directly get lb and ub from refined bounds
c shape: torch.Size([9, 1, 10])
lA shapes: [torch.Size([9, 1, 250]), torch.Size([9, 1, 250]), torch.Size([9, 1, 250]), torch.Size([9, 1, 250]), torch.Size([9, 1, 250]), torch.Size([9, 1, 250]), torch.Size([9, 1, 250])]
(alpha-)CROWN with fixed intermediate bounds: tensor([[-40211096.],
        [-39176084.],
        [-40583628.],
        [-44750228.],
        [-43153952.],
        [-36434800.],
        [-38764516.],
        [-44949360.],
        [-43790876.]], device='cuda:0') tensor([[inf],
        [inf],
        [inf],
        [inf],
        [inf],
        [inf],
        [inf],
        [inf],
        [inf]], device='cuda:0')
Intermediate layers: /input,/input-3,/input-7,/input-11,/input-15,/input-19,/input-23,/51
Keeping alphas for these layers: ['/51']
Keeping alphas for these layers: ['/51']
Node /38 input 0: size torch.Size([250]) unstable 250
Node /40 input 0: size torch.Size([250]) unstable 250
Node /42 input 0: size torch.Size([250]) unstable 250
Node /44 input 0: size torch.Size([250]) unstable 250
Node /46 input 0: size torch.Size([250]) unstable 250
Node /48 input 0: size torch.Size([250]) unstable 250
Node /50 input 0: size torch.Size([250]) unstable 250
-----------------
# of unstable neurons: 1750
-----------------

BaB round 1
batch: 9
splitting decisions: 
split level 0: [/input-3, 0] [/input, 0] [/input-11, 0] [/input-19, 0] [/input-19, 0] [/input-7, 0] [/input-3, 0] [/input-23, 0] [/input-15, 0] 
split level 1: [/input-11, 0] [/input-15, 0] [/input-7, 0] [/input-11, 0] [/input-11, 0] [/input-3, 0] [/input-19, 0] [/input, 0] [/input-7, 0] 
split level 2: [/input-19, 0] [/input, 1] [/input-15, 0] [/input-19, 1] [/input-11, 1] [/input-11, 0] [/input-11, 0] [/input, 1] [/input-19, 0] 
split level 3: [/input-19, 1] [/input-7, 0] [/input-19, 0] [/input, 0] [/input-11, 2] [/input-23, 0] [/input-3, 1] [/input-7, 0] [/input-11, 0] 
split level 4: [/input-23, 0] [/input-11, 0] [/input-23, 0] [/input-15, 0] [/input-11, 3] [/input-11, 1] [/input-11, 1] [/input, 2] [/input, 0] 
split level 5: [/input-7, 0] [/input-11, 1] [/input-11, 1] [/input-11, 1] [/input, 0] [/input-15, 0] [/input-15, 0] [/input-19, 0] [/input, 1] 
pruning_in_iteration open status: False
ratio of positive domain = 0 / 576 = 0.0
pruning-in-iteration extra time: 4.673004150390625e-05
Time: prepare 0.0089    bound 0.0898    transfer 0.0019    finalize 0.0062    func 0.1068    
Accumulated time: func 0.1068    prepare 0.0091    bound 0.0898    transfer 0.0019    finalize 0.0062    
Current worst splitting domains lb-rhs (depth):
-44591288.00000 (6), -44591288.00000 (6), -44591288.00000 (6), -44591288.00000 (6), -44591288.00000 (6), -44591288.00000 (6), -44591288.00000 (6), -44591288.00000 (6), -44591272.00000 (6), -44591272.00000 (6), -44591272.00000 (6), -44591268.00000 (6), -44591268.00000 (6), -44591268.00000 (6), -44591268.00000 (6), -44591268.00000 (6), -44575672.00000 (6), -44575672.00000 (6), -44575672.00000 (6), -44575672.00000 (6), 
Length of domains: 576
Time: pickout 0.0005    decision 0.0632    set_bounds 0.0192    solve 0.1076    add 0.0027    
Accumulated time: pickout 0.0005    decision 0.0632    set_bounds 0.0192    solve 0.1076    add 0.0027    
Current (lb-rhs): -44591288.0
576 domains visited
Cumulative time: 0.20946311950683594

BaB round 2
batch: 576
splitting decisions: 
split level 0: [/input-19, 2] [/input-15, 1] [/input-15, 1] [/input-19, 2] [/input-23, 0] [/input-3, 1] [/input-15, 1] [/input-15, 0] [/input-19, 1] [/input-23, 1] 
pruning_in_iteration open status: False
ratio of positive domain = 0 / 1152 = 0.0
pruning-in-iteration extra time: 6.580352783203125e-05
Time: prepare 0.0331    bound 0.0285    transfer 0.0014    finalize 0.0138    func 0.0768    
Accumulated time: func 0.1836    prepare 0.0424    bound 0.1183    transfer 0.0033    finalize 0.0199    
Current worst splitting domains lb-rhs (depth):
-44591288.00000 (7), -44591288.00000 (7), -44591268.00000 (7), -44591268.00000 (7), -44582036.00000 (7), -44582024.00000 (7), -44582020.00000 (7), -44582020.00000 (7), -44582012.00000 (7), -44582008.00000 (7), -44582008.00000 (7), -44582008.00000 (7), -44582004.00000 (7), -44581844.00000 (7), -44581840.00000 (7), -44581832.00000 (7), -44581828.00000 (7), -44581760.00000 (7), -44581748.00000 (7), -44581612.00000 (7), 
Length of domains: 1152
Time: pickout 0.0059    decision 0.0460    set_bounds 0.0130    solve 0.0769    add 0.0188    
Accumulated time: pickout 0.0064    decision 0.1092    set_bounds 0.0322    solve 0.1845    add 0.0215    
Current (lb-rhs): -44591288.0
1728 domains visited
Cumulative time: 0.3709440231323242

BaB round 3
batch: 1152
splitting decisions: 
split level 0: [/input, 0] [/input-7, 1] [/input-7, 1] [/input-15, 1] [/input-15, 0] [/input-3, 2] [/input-3, 2] [/input-15, 1] [/input-15, 1] [/input-11, 1] 
pruning_in_iteration open status: False
ratio of positive domain = 0 / 2304 = 0.0
pruning-in-iteration extra time: 3.3855438232421875e-05
Time: prepare 0.0692    bound 0.0285    transfer 0.0017    finalize 0.0262    func 0.1257    
Accumulated time: func 0.3093    prepare 0.1118    bound 0.1468    transfer 0.0051    finalize 0.0461    
Current worst splitting domains lb-rhs (depth):
-44582036.00000 (8), -44582024.00000 (8), -44581844.00000 (8), -44581748.00000 (8), -44581592.00000 (8), -44579784.00000 (8), -44579376.00000 (8), -44579364.00000 (8), -44579364.00000 (8), -44579268.00000 (8), -44579224.00000 (8), -44579212.00000 (8), -44579176.00000 (8), -44579160.00000 (8), -44579136.00000 (8), -44579116.00000 (8), -44579112.00000 (8), -44579112.00000 (8), -44579104.00000 (8), -44579068.00000 (8), 
Length of domains: 2304
Time: pickout 0.0116    decision 0.0804    set_bounds 0.1034    solve 0.1260    add 0.0346    
Accumulated time: pickout 0.0180    decision 0.1896    set_bounds 0.1355    solve 0.3105    add 0.0561    
Current (lb-rhs): -44582036.0
4032 domains visited
Cumulative time: 0.7286596298217773

BaB round 4
batch: 2304
splitting decisions: 
split level 0: [/input-11, 1] [/input-3, 0] [/input-7, 2] [/input, 1] [/input-15, 1] [/input-7, 1] [/input-19, 1] [/input-19, 1] [/input, 2] [/input-7, 1] 
pruning_in_iteration open status: False
ratio of positive domain = 0 / 4608 = 0.0
pruning-in-iteration extra time: 3.838539123535156e-05
Time: prepare 0.1443    bound 0.0298    transfer 0.0034    finalize 0.0519    func 0.2300    
Accumulated time: func 0.5394    prepare 0.2562    bound 0.1766    transfer 0.0085    finalize 0.0980    
Current worst splitting domains lb-rhs (depth):
-44579176.00000 (9), -44579172.00000 (9), -44579168.00000 (9), -44579116.00000 (9), -44579112.00000 (9), -44579112.00000 (9), -44579104.00000 (9), -44579068.00000 (9), -44578940.00000 (9), -44578920.00000 (9), -44578716.00000 (9), -44578692.00000 (9), -44578692.00000 (9), -44578548.00000 (9), -44578544.00000 (9), -44578520.00000 (9), -44578512.00000 (9), -44578512.00000 (9), -44578500.00000 (9), -44578492.00000 (9), 
Length of domains: 4608
Time: pickout 0.0234    decision 0.1488    set_bounds 0.1441    solve 0.2306    add 0.0696    
Accumulated time: pickout 0.0414    decision 0.3384    set_bounds 0.2796    solve 0.5410    add 0.1257    
Current (lb-rhs): -44579176.0
8640 domains visited
Cumulative time: 1.3479640483856201

BaB round 5
batch: 4608
splitting decisions: 
split level 0: [/input-7, 1] [/input-19, 0] [/input-15, 2] [/input-11, 2] [/input-23, 1] [/input-3, 3] [/input-23, 0] [/input-23, 1] [/input-3, 0] [/input, 0] 
pruning_in_iteration open status: False
ratio of positive domain = 0 / 9216 = 0.0
pruning-in-iteration extra time: 0.00016164779663085938
Time: prepare 0.3032    bound 0.0451    transfer 0.0084    finalize 0.1053    func 0.4626    
Accumulated time: func 1.0020    prepare 0.5597    bound 0.2217    transfer 0.0169    finalize 0.2033    
Current worst splitting domains lb-rhs (depth):
-44578716.00000 (10), -44578512.00000 (10), -44578512.00000 (10), -44578252.00000 (10), -44578152.00000 (10), -44578152.00000 (10), -44578152.00000 (10), -44578128.00000 (10), -44578068.00000 (10), -44578068.00000 (10), -44578060.00000 (10), -44578056.00000 (10), -44578040.00000 (10), -44578040.00000 (10), -44577988.00000 (10), -44577976.00000 (10), -44577944.00000 (10), -44577932.00000 (10), -44577928.00000 (10), -44577912.00000 (10), 
Length of domains: 9216
Time: pickout 0.0508    decision 0.3873    set_bounds 0.2135    solve 0.4637    add 0.1486    
Accumulated time: pickout 0.0922    decision 0.7257    set_bounds 0.4931    solve 1.0048    add 0.2743    
Current (lb-rhs): -44578716.0
17856 domains visited
Cumulative time: 2.619779586791992

BaB round 6
batch: 9216
splitting decisions: 
split level 0: [/input-23, 1] [/input-19, 1] [/input-19, 1] [/input-23, 0] [/input-15, 2] [/input-11, 2] [/input-7, 0] [/input-3, 0] [/input-7, 1] [/input-15, 0] 
pruning_in_iteration open status: False
ratio of positive domain = 0 / 18432 = 0.0
pruning-in-iteration extra time: 0.0003197193145751953
Time: prepare 0.6129    bound 0.0779    transfer 0.0358    finalize 0.3316    func 1.0590    
Accumulated time: func 2.0610    prepare 1.1729    bound 0.2996    transfer 0.0526    finalize 0.5349    
Current worst splitting domains lb-rhs (depth):
-44578512.00000 (11), -44578512.00000 (11), -44578512.00000 (11), -44578484.00000 (11), -44578152.00000 (11), -44578056.00000 (11), -44578056.00000 (11), -44577988.00000 (11), -44577988.00000 (11), -44577976.00000 (11), -44577976.00000 (11), -44577856.00000 (11), -44577856.00000 (11), -44577848.00000 (11), -44577848.00000 (11), -44577844.00000 (11), -44577840.00000 (11), -44577796.00000 (11), -44577796.00000 (11), -44577764.00000 (11), 
Length of domains: 18432
Time: pickout 0.1043    decision 0.6868    set_bounds 0.3323    solve 1.0608    add 0.2866    
Accumulated time: pickout 0.1965    decision 1.4125    set_bounds 0.8255    solve 2.0656    add 0.5609    
Current (lb-rhs): -44578512.0
36288 domains visited
Cumulative time: 5.108825922012329

BaB round 7
batch: 10240
splitting decisions: 
split level 0: [/input-23, 3] [/input-15, 2] [/input, 3] [/input-7, 1] [/input-7, 0] [/input-15, 1] [/input-15, 1] [/input-11, 4] [/input-7, 2] [/input-11, 2] 
pruning_in_iteration open status: False
ratio of positive domain = 0 / 20480 = 0.0
pruning-in-iteration extra time: 0.0003788471221923828
Time: prepare 0.7028    bound 0.0848    transfer 0.0441    finalize 0.2067    func 1.0392    
Accumulated time: func 3.1002    prepare 1.8760    bound 0.3844    transfer 0.0967    finalize 0.7416    
Current worst splitting domains lb-rhs (depth):
-44578512.00000 (12), -44578512.00000 (11), -44578484.00000 (11), -44578152.00000 (11), -44578056.00000 (12), -44578056.00000 (12), -44578056.00000 (11), -44577988.00000 (11), -44577976.00000 (12), -44577976.00000 (12), -44577976.00000 (12), -44577976.00000 (12), -44577968.00000 (12), -44577856.00000 (11), -44577848.00000 (11), -44577840.00000 (11), -44577832.00000 (12), -44577828.00000 (12), -44577796.00000 (11), -44577764.00000 (11), 
Length of domains: 28672
Time: pickout 0.1262    decision 0.7907    set_bounds 0.4037    solve 1.0414    add 0.0738    
Accumulated time: pickout 0.3227    decision 2.2033    set_bounds 1.2291    solve 3.1070    add 0.6347    
Current (lb-rhs): -44578512.0
56768 domains visited
Cumulative time: 7.564928770065308

BaB round 8
batch: 10240
splitting decisions: 
split level 0: [/input-19, 2] [/input, 4] [/input-19, 1] [/input, 2] [/input, 1] [/input, 3] [/input, 2] [/input-23, 2] [/input-19, 2] [/input, 1] 
pruning_in_iteration open status: False
ratio of positive domain = 0 / 20480 = 0.0
pruning-in-iteration extra time: 0.0003578662872314453
Time: prepare 0.7435    bound 0.0850    transfer 0.0508    finalize 0.2158    func 1.0959    
Accumulated time: func 4.1961    prepare 2.6198    bound 0.4694    transfer 0.1475    finalize 0.9574    
Current worst splitting domains lb-rhs (depth):
-44578512.00000 (11), -44578484.00000 (11), -44578480.00000 (13), -44578440.00000 (13), -44578152.00000 (11), -44578056.00000 (12), -44578056.00000 (11), -44578000.00000 (13), -44577996.00000 (13), -44577988.00000 (11), -44577976.00000 (13), -44577976.00000 (13), -44577976.00000 (12), -44577976.00000 (12), -44577976.00000 (13), -44577976.00000 (13), -44577968.00000 (12), -44577856.00000 (11), -44577848.00000 (11), -44577840.00000 (11), 
Length of domains: 38912
Time: pickout 0.1330    decision 0.8302    set_bounds 0.4508    solve 1.0982    add 0.4536    
Accumulated time: pickout 0.4556    decision 3.0335    set_bounds 1.6799    solve 4.2052    add 1.0883    
Current (lb-rhs): -44578512.0
77248 domains visited
Cumulative time: 10.545463562011719

BaB round 9
batch: 10240
splitting decisions: 
split level 0: [/input, 1] [/input-23, 0] [/input-7, 0] [/input-15, 1] [/input-3, 4] [/input-3, 0] [/input-19, 2] [/input-3, 2] [/input-23, 0] [/input-23, 1] 
pruning_in_iteration open status: False
ratio of positive domain = 0 / 20480 = 0.0
pruning-in-iteration extra time: 0.00033092498779296875
Time: prepare 0.7808    bound 0.0866    transfer 0.0105    finalize 0.4388    func 1.3176    
Accumulated time: func 5.5137    prepare 3.4009    bound 0.5560    transfer 0.1580    finalize 1.3962    
Current worst splitting domains lb-rhs (depth):
-44578512.00000 (11), -44578484.00000 (11), -44578440.00000 (13), -44578152.00000 (11), -44578056.00000 (11), -44578056.00000 (12), -44578000.00000 (13), -44577988.00000 (11), -44577980.00000 (14), -44577976.00000 (12), -44577976.00000 (12), -44577976.00000 (13), -44577976.00000 (13), -44577968.00000 (12), -44577964.00000 (14), -44577856.00000 (11), -44577848.00000 (11), -44577840.00000 (11), -44577828.00000 (12), -44577808.00000 (14), 
Length of domains: 49152
Time: pickout 0.1468    decision 0.8927    set_bounds 0.2496    solve 1.3199    add 0.0725    
Accumulated time: pickout 0.6024    decision 3.9262    set_bounds 1.9295    solve 5.5252    add 1.1608    
Current (lb-rhs): -44578512.0
97728 domains visited
Cumulative time: 13.24030351638794

BaB round 10
batch: 10240
splitting decisions: 
split level 0: [/input-15, 1] [/input, 5] [/input-7, 1] [/input-3, 2] [/input-11, 2] [/input, 4] [/input-23, 2] [/input-15, 0] [/input, 3] [/input-11, 3] 
pruning_in_iteration open status: False
ratio of positive domain = 0 / 20480 = 0.0
pruning-in-iteration extra time: 0.0003495216369628906
Time: prepare 0.7793    bound 0.0848    transfer 0.0091    finalize 0.1745    func 1.0490    
Accumulated time: func 6.5627    prepare 4.1805    bound 0.6408    transfer 0.1672    finalize 1.5707    
Current worst splitting domains lb-rhs (depth):
-44578512.00000 (11), -44578484.00000 (11), -44578440.00000 (13), -44578152.00000 (11), -44578056.00000 (11), -44578056.00000 (12), -44578000.00000 (13), -44577988.00000 (11), -44577980.00000 (14), -44577976.00000 (12), -44577976.00000 (13), -44577976.00000 (12), -44577976.00000 (13), -44577968.00000 (12), -44577856.00000 (11), -44577848.00000 (11), -44577840.00000 (11), -44577828.00000 (12), -44577808.00000 (13), -44577808.00000 (14), 
Length of domains: 59392
Time: pickout 0.1489    decision 0.6366    set_bounds 0.5685    solve 1.0516    add 0.0708    
Accumulated time: pickout 0.7513    decision 4.5628    set_bounds 2.4980    solve 6.5768    add 1.2316    
Current (lb-rhs): -44578512.0
118208 domains visited
Cumulative time: 15.730421781539917

BaB round 11
batch: 10240
splitting decisions: 
split level 0: [/input-23, 4] [/input-19, 2] [/input-15, 0] [/input-23, 1] [/input-11, 3] [/input-11, 1] [/input-3, 2] [/input, 0] [/input-3, 1] [/input-3, 0] 
pruning_in_iteration open status: False
ratio of positive domain = 0 / 20480 = 0.0
pruning-in-iteration extra time: 0.00033855438232421875
Time: prepare 0.7962    bound 0.0853    transfer 0.0099    finalize 0.1723    func 1.0649    
Accumulated time: func 7.6276    prepare 4.9770    bound 0.7262    transfer 0.1771    finalize 1.7430    
Current worst splitting domains lb-rhs (depth):
-44578512.00000 (11), -44578484.00000 (11), -44578440.00000 (13), -44578152.00000 (11), -44578056.00000 (11), -44578056.00000 (12), -44578000.00000 (13), -44577988.00000 (11), -44577980.00000 (14), -44577976.00000 (12), -44577976.00000 (13), -44577976.00000 (12), -44577976.00000 (13), -44577968.00000 (12), -44577856.00000 (11), -44577848.00000 (11), -44577840.00000 (11), -44577828.00000 (12), -44577808.00000 (13), -44577808.00000 (14), 
Length of domains: 69632
Time: pickout 0.1613    decision 1.0081    set_bounds 0.2478    solve 1.0675    add 4.7925    
Accumulated time: pickout 0.9126    decision 5.5709    set_bounds 2.7458    solve 7.6442    add 6.0241    
Current (lb-rhs): -44578512.0
138688 domains visited
Cumulative time: 23.023935317993164

BaB round 12
batch: 10240
splitting decisions: 
split level 0: [/input-7, 2] [/input-11, 3] [/input-15, 1] [/input, 3] [/input-7, 1] [/input-7, 2] [/input-11, 1] [/input-11, 5] [/input-23, 1] [/input-3, 1] 
pruning_in_iteration open status: False
ratio of positive domain = 0 / 20480 = 0.0
pruning-in-iteration extra time: 0.000347137451171875
Time: prepare 0.8296    bound 0.0851    transfer 0.0104    finalize 0.1715    func 1.0976    
Accumulated time: func 8.7252    prepare 5.8069    bound 0.8113    transfer 0.1875    finalize 1.9145    
Current worst splitting domains lb-rhs (depth):
-44578512.00000 (11), -44578484.00000 (11), -44578440.00000 (13), -44578152.00000 (11), -44578056.00000 (12), -44578056.00000 (11), -44578000.00000 (13), -44577988.00000 (11), -44577980.00000 (14), -44577976.00000 (13), -44577976.00000 (13), -44577976.00000 (12), -44577976.00000 (12), -44577968.00000 (12), -44577856.00000 (11), -44577848.00000 (11), -44577840.00000 (11), -44577828.00000 (12), -44577808.00000 (13), -44577808.00000 (14), 
Length of domains: 79872
Time: pickout 0.1757    decision 1.0472    set_bounds 0.2573    solve 1.0997    add 0.0713    
Accumulated time: pickout 1.0883    decision 6.6181    set_bounds 3.0031    solve 8.7440    add 6.0954    
Current (lb-rhs): -44578512.0
159168 domains visited
Cumulative time: 25.691675662994385

BaB round 13
batch: 10240
splitting decisions: 
split level 0: [/input-23, 5] [/input-11, 4] [/input-19, 2] [/input, 4] [/input-7, 2] [/input, 5] [/input-11, 2] [/input-23, 3] [/input-7, 3] [/input-3, 2] 
pruning_in_iteration open status: False
ratio of positive domain = 0 / 20480 = 0.0
pruning-in-iteration extra time: 0.0003457069396972656
Time: prepare 0.8203    bound 0.0849    transfer 0.0096    finalize 0.1699    func 1.0855    
Accumulated time: func 9.8106    prepare 6.6275    bound 0.8962    transfer 0.1970    finalize 2.0844    
Current worst splitting domains lb-rhs (depth):
-44578512.00000 (11), -44578484.00000 (11), -44578440.00000 (13), -44578152.00000 (11), -44578056.00000 (12), -44578056.00000 (11), -44578000.00000 (13), -44577988.00000 (11), -44577980.00000 (14), -44577976.00000 (12), -44577976.00000 (13), -44577976.00000 (13), -44577976.00000 (12), -44577968.00000 (12), -44577856.00000 (11), -44577848.00000 (11), -44577840.00000 (11), -44577828.00000 (12), -44577808.00000 (13), -44577808.00000 (14), 
Length of domains: 90112
Time: pickout 0.1775    decision 1.0866    set_bounds 0.2594    solve 1.0876    add 0.0705    
Accumulated time: pickout 1.2658    decision 7.7047    set_bounds 3.2624    solve 9.8316    add 6.1659    
Current (lb-rhs): -44578512.0
179648 domains visited
Cumulative time: 28.38972282409668

BaB round 14
batch: 10240
splitting decisions: 
split level 0: [/input, 2] [/input-19, 3] [/input-19, 3] [/input-3, 3] [/input, 2] [/input-15, 2] [/input-15, 2] [/input-23, 4] [/input-19, 3] [/input-11, 4] 
pruning_in_iteration open status: False
ratio of positive domain = 0 / 20480 = 0.0
pruning-in-iteration extra time: 0.00034737586975097656
Time: prepare 0.8288    bound 0.0851    transfer 0.0103    finalize 0.1758    func 1.1009    
Accumulated time: func 10.9115    prepare 7.4566    bound 0.9813    transfer 0.2073    finalize 2.2602    
Current worst splitting domains lb-rhs (depth):
-44578512.00000 (11), -44578484.00000 (11), -44578440.00000 (13), -44578152.00000 (11), -44578056.00000 (11), -44578056.00000 (12), -44578000.00000 (13), -44577988.00000 (11), -44577980.00000 (14), -44577976.00000 (12), -44577976.00000 (13), -44577976.00000 (13), -44577976.00000 (12), -44577968.00000 (12), -44577856.00000 (11), -44577848.00000 (11), -44577840.00000 (11), -44577828.00000 (12), -44577808.00000 (13), -44577808.00000 (14), 
Length of domains: 100352
Time: pickout 0.1833    decision 1.1477    set_bounds 0.2533    solve 1.1032    add 0.0830    
Accumulated time: pickout 1.4491    decision 8.8524    set_bounds 3.5157    solve 10.9348    add 6.2488    
Current (lb-rhs): -44578512.0
200128 domains visited
Time out!!!!!!!!
Result: timeout
Time: 32.447853326797485

------------------------- COMMAND ------------------------------
/data1/Kane/miniconda3/envs/GenBaB/bin/python /data1/Kane/GenBaB/alpha-beta-CROWN/complete_verifier/abcrown.py --config /data1/Kane/GenBaB/alpha-beta-CROWN/complete_verifier/exp_configs/vnncomp24/cora.yaml --precompile_jit --onnx_path /data1/Kane/data/vnncomp2025_benchmarks/benchmarks/cora_2024/./onnx/svhn-point.onnx --vnnlib_path /data1/Kane/data/vnncomp2025_benchmarks/benchmarks/cora_2024/vnnlib/svhn-img637.vnnlib --results_file /data1/Kane/ACT/audit_results/abcrown_nopgd_20260525/cora_2024/0103__svhn-point__svhn-img637.result --timeout 30.0 --save_adv_example --pgd_order=skip
----------------------------------------------------------------

