[0;93m2026-05-26 08:39:51.296333843 [W:onnxruntime:Default, device_discovery.cc:325 DiscoverDevicesForPlatform] GPU device discovery failed: device_discovery.cc:92 ReadFileContents Failed to open file: "/sys/class/drm/card0/device/vendor"[m
Configurations:

general:
  device: cuda
  seed: 100
  conv_mode: patches
  deterministic: false
  double_fp: false
  loss_reduction_func: sum
  sparse_alpha: true
  sparse_interm: true
  save_adv_example: true
  verify_onnxruntime_output: false
  eval_adv_example: false
  show_adv_example: false
  precompile_jit: true
  prepare_only: false
  complete_verifier: bab
  enable_incomplete_verification: true
  csv_name: instances.csv
  results_file: /data1/Kane/ACT/audit_results/abcrown_nopgd_20260525/cora_2024/0112__svhn-point__svhn-img735.result
  root_path: ../../vnncomp2024_benchmarks/benchmarks/cora
  deterministic_opt: false
  graph_optimizer: 'Customized("custom_graph_optimizer", "default_optimizer")'
  buffer_has_batchdim: false
  save_output: false
  output_file: out.pkl
  return_optimized_model: false
model:
  name: null
  path: null
  onnx_path: /data1/Kane/data/vnncomp2025_benchmarks/benchmarks/cora_2024/./onnx/svhn-point.onnx
  onnx_path_prefix: ''
  cache_onnx_conversion: false
  debug_onnx: false
  onnx_quirks: null
  input_shape: null
  onnx_loader: default_onnx_and_vnnlib_loader
  onnx_optimization_flags: []
  onnx_vnnlib_joint_optimization_flags: none
  check_optimized: false
  flatten_final_output: false
  optimize_graph: null
  with_jacobian: false
data:
  start: 0
  end: 10000
  select_instance: null
  num_outputs: 10
  mean: 0.0
  std: 1.0
  pkl_path: null
  dataset: null
  data_filter_path: null
  data_idx_file: null
specification:
  type: lp
  robustness_type: verified-acc
  norm: .inf
  epsilon: null
  epsilon_min: 0.0
  vnnlib_path: /data1/Kane/data/vnncomp2025_benchmarks/benchmarks/cora_2024/vnnlib/svhn-img735.vnnlib
  vnnlib_path_prefix: ''
  rhs_offset: null
solver:
  batch_size: 10240
  auto_enlarge_batch_size: false
  min_batch_size_ratio: 0.1
  use_float64_in_last_iteration: false
  early_stop_patience: 10
  start_save_best: 0.5
  bound_prop_method: alpha-crown
  init_bound_prop_method: same
  prune_after_crown: true
  optimize_disjuncts_separately: false
  crown:
    batch_size: 1000000000
    max_crown_size: 1000000000
    activation_bound_option: adaptive
    compare_crown_with_ibp: false
  alpha-crown:
    alpha: true
    lr_alpha: 0.3
    iteration: 20
    share_alphas: false
    lr_decay: 0.98
    full_conv_alpha: true
    max_coeff_mul: .inf
    matmul_share_alphas: false
    disable_optimization: []
    max_time: 1.0
  invprop:
    apply_output_constraints_to: []
    tighten_input_bounds: false
    best_of_oc_and_no_oc: false
    directly_optimize: []
    oc_lr: 0.1
    share_gammas: false
  beta-crown:
    lr_alpha: 0.03
    lr_beta: 0.1
    lr_decay: 0.98
    optimizer: adam
    iteration: 5
    beta: true
    beta_warmup: true
    enable_opt_interm_bounds: false
    all_node_split_LP: false
  forward:
    refine: false
    max_dim: 10000
    reset_threshold: 1.0
  multi_class:
    label_batch_size: 32
    skip_with_refined_bound: true
  mip:
    unstable_neuron_threshold: 0
    parallel_solvers: null
    solver_threads: 1
    refine_neuron_timeout: 15
    refine_neuron_time_percentage: 0.8
    early_stop: true
    adv_warmup: true
    mip_solver: gurobi
    skip_unsafe: false
    topk_filter: 1.0
    sliding_window: -1
    extra_constraint: false
    refine_neuron_timeout_increasement: 0
    timeout_neuron_percentage: 0.3
    remaining_timeout_threshold: 1
    remove_unstable_neurons: false
    lp_solver: false
bab:
  initial_max_domains: 100
  backing_up_max_domain: null
  max_domains: .inf
  decision_thresh: 0
  timeout: 30.0
  timeout_scale: 1
  max_iterations: -1
  override_timeout: null
  get_upper_bound: false
  pruning_in_iteration: true
  pruning_in_iteration_ratio: 0.2
  sort_targets: false
  batched_domain_list: true
  optimized_interm: ''
  interm_transfer: false
  recompute_interm: false
  sort_domain_interval: -1
  vanilla_crown: false
  tree_traversal: depth_first
  cut:
    enabled: false
    cuts_path: /tmp/abcrown_cuts
    implication: false
    bab_cut: false
    lp_cut: false
    method: null
    lr: 0.01
    lr_decay: 1.0
    iteration: 100
    bab_iteration: -1
    early_stop_patience: -1
    lr_beta: 0.02
    number_cuts: 50
    topk_cuts_in_filter: 1000
    batch_size_primal: 100
    max_num: 1000000000
    patches_cut: false
    cplex_cuts: false
    cplex_cuts_wait: 0
    cplex_cuts_revpickup: true
    cut_reference_bounds: true
    fix_intermediate_bounds: false
    biccos:
      enabled: false
      constraint_strengthening: true
      recursively_strengthening: false
      drop_ratio: 0.5
      verified_bonus: 0.3
      max_infer_iter: 20
      heuristic: neuron_influence_score
      save_biccos_cuts: false
      multi_tree_branching:
        enabled: false
        restore_best_tree: false
        keep_n_best_domains: 1
        k_splits: 1
        iterations: 1
  branching:
    method: kfsb
    candidates: 3
    reduceop: max
    enable_intermediate_bound_opt: false
    branching_input_and_activation: false
    branching_input_and_activation_order: [input, relu]
    branching_input_iterations: 30
    branching_relu_iterations: 50
    nonlinear_split:
      method: bbps
      disable: false
      branching_point_method: uniform
      num_branches: 2
      filter: false
      filter_beta: false
      filter_clamp: false
      filter_batch_size: 10000
      filter_iterations: 25
      relu_only: false
      loose_tanh_threshold: null
      branching_point:
        db_path: branching_points.pt
        num_iterations: 1000
        batch_size: 1000000
        range_l: -5.0
        range_u: 5.0
        log_interval: 100
        step_size_1d: 0.01
        step_size: 0.2
    input_split:
      enable_clip_domains: false
      split_hint: null
      reorder_bab: false
      enable: false
      enhanced_bound_prop_method: alpha-crown
      enhanced_branching_method: naive
      enhanced_bound_patience: 100000000.0
      attack_patience: 100000000.0
      adv_check: 0
      split_partitions: 2
      sb_margin_weight: 1.0
      sb_sum: false
      sb_primary_spec: null
      bf_backup_thresh: -1
      bf_rhs_offset: 0
      bf_iters: 1000000000.0
      bf_batch_size: 100000
      bf_zero_crossing_score: false
      touch_zero_score: 0
      ibp_enhancement: false
      compare_with_old_bounds: false
      update_rhs_with_attack: false
      sb_coeff_thresh: 0.001
      sort_index: null
      sort_descending: true
      show_progress: false
      presplit_domains: null
      skip_getting_worst_domain: false
  attack:
    enabled: false
    beam_candidates: 8
    beam_depth: 7
    max_dive_fix_ratio: 0.8
    min_local_free_ratio: 0.2
    mip_start_iteration: 5
    mip_timeout: 30.0
    adv_pool_threshold: null
    refined_mip_attacker: false
    refined_batch_size: null
attack:
  pgd_order: skip
  pgd_steps: 100
  pgd_restarts: 30
  pgd_batch_size: 100000000
  pgd_early_stop: true
  pgd_lr_decay: 0.99
  pgd_alpha: auto
  pgd_alpha_scale: false
  pgd_loss_mode: null
  pgd_restart_when_stuck: false
  enable_mip_attack: false
  adv_saver: default_adv_saver
  adv_verifier: default_adv_verifier
  early_stop_condition: default_early_stop_condition
  adv_example_finalizer: default_adv_example_finalizer
  pgd_loss: default_pgd_loss
  cex_path: ./test_cex.txt
  attack_mode: PGD
  attack_tolerance: 0.0
  attack_func: attack_with_general_specs
  gama_lambda: 10.0
  gama_decay: 0.9
  check_clean: false
  input_split:
    pgd_steps: 100
    pgd_restarts: 30
    pgd_alpha: auto
  input_split_enhanced:
    pgd_steps: 200
    pgd_restarts: 500000
    pgd_alpha: auto
  input_split_check_adv:
    enabled: auto
    pgd_steps: 5
    pgd_restarts: 5
    pgd_alpha: auto
    max_num_domains: 10
debug:
  view_model: false
  lp_test: null
  rescale_vnnlib_ptb: null
  test_optimized_bounds: false
  test_optimized_bounds_after_n_iterations: 0
  print_verbose_decisions: false
  sanity_check: null
  save_minimal_config: null
  save_minimal_config_omit_keys: []

Experiments at Tue May 26 08:39:52 2026 on dell-pro-max-tower-t2
Pre-compile jit kernels on a toy network...
JIT kernels compiled in 0.9192s.
Internal results will be saved to /data1/Kane/ACT/audit_results/abcrown_nopgd_20260525/cora_2024/0112__svhn-point__svhn-img735.result./data1/Kane/miniconda3/envs/GenBaB/lib/python3.11/site-packages/onnx2pytorch/convert/operations.py:154: UserWarning: The given NumPy array is not writable, and PyTorch does not support non-writable tensors. This means writing to this tensor will result in undefined behavior. You may want to copy the array to protect its data or make it writable before converting it to a tensor. This type of warning will be suppressed for the rest of this program. (Triggered internally at /pytorch/torch/csrc/utils/tensor_numpy.cpp:206.)
  weight = torch.from_numpy(numpy_helper.to_array(params[0]))
/data1/Kane/miniconda3/envs/GenBaB/lib/python3.11/site-packages/onnx2pytorch/convert/model.py:151: UserWarning: Using experimental implementation that allows 'batch_size > 1'.Batchnorm layers could potentially produce false outputs.
  warnings.warn(
/data1/Kane/miniconda3/envs/GenBaB/lib/python3.11/site-packages/onnx2pytorch/utils.py:21: TracerWarning: Converting a tensor to a Python boolean might cause the trace to be incorrect. We can't record the data flow of Python values, so this value will be treated as a constant in the future. This means that the trace might not generalize to other inputs!
  return value.ndim == 0 or value.shape == torch.Size([1])
/data1/Kane/miniconda3/envs/GenBaB/lib/python3.11/site-packages/onnx2pytorch/operations/add.py:34: TracerWarning: Converting a tensor to a Python boolean might cause the trace to be incorrect. We can't record the data flow of Python values, so this value will be treated as a constant in the future. This means that the trace might not generalize to other inputs!
  elif all(x == 1 for x in input[0].shape):
/data1/Kane/GenBaB/alpha-beta-CROWN/complete_verifier/auto_LiRPA/operators/leaf.py:91: UserWarning: The "has_batchdim" option for BoundBuffers is deprecated. It may be removed from the next release.
  warnings.warn('The "has_batchdim" option for BoundBuffers is deprecated.'


 %%%%%%%%%%%%%%%%%%%%%%%%%%%%%%%%%%% idx: 0, vnnlib ID: 0 %%%%%%%%%%%%%%%%%%%%%%%%%%%%%%%%%%%
Using onnx /data1/Kane/data/vnncomp2025_benchmarks/benchmarks/cora_2024/./onnx/svhn-point.onnx
Using vnnlib /data1/Kane/data/vnncomp2025_benchmarks/benchmarks/cora_2024/vnnlib/svhn-img735.vnnlib
3072 inputs and 10 outputs in vnnlib
Loading onnx /data1/Kane/data/vnncomp2025_benchmarks/benchmarks/cora_2024/./onnx/svhn-point.onnx with quirks {}
Finished onnx model loading in 0.0255 seconds
Model: BoundedModule(
  (/0): BoundInput(name=/0, inputs=[], perturbed=True)
  (/1): BoundBuffers(name=/1, inputs=[], perturbed=False)
  (/2): BoundBuffers(name=/2, inputs=[], perturbed=False)
  (/19): BoundParams(name=/19, inputs=[], perturbed=False)
  (/20): BoundParams(name=/20, inputs=[], perturbed=False)
  (/21): BoundParams(name=/21, inputs=[], perturbed=False)
  (/22): BoundParams(name=/22, inputs=[], perturbed=False)
  (/23): BoundParams(name=/23, inputs=[], perturbed=False)
  (/24): BoundParams(name=/24, inputs=[], perturbed=False)
  (/25): BoundParams(name=/25, inputs=[], perturbed=False)
  (/26): BoundParams(name=/26, inputs=[], perturbed=False)
  (/27): BoundParams(name=/27, inputs=[], perturbed=False)
  (/28): BoundParams(name=/28, inputs=[], perturbed=False)
  (/29): BoundParams(name=/29, inputs=[], perturbed=False)
  (/30): BoundParams(name=/30, inputs=[], perturbed=False)
  (/31): BoundParams(name=/31, inputs=[], perturbed=False)
  (/32): BoundParams(name=/32, inputs=[], perturbed=False)
  (/33): BoundParams(name=/33, inputs=[], perturbed=False)
  (/34): BoundParams(name=/34, inputs=[], perturbed=False)
  (/35): BoundMul(name=/35, inputs=[/0, /1], perturbed=True)
  (/36): BoundAdd(name=/36, inputs=[/35, /2], perturbed=True)
  (/input): BoundLinear(name=/input, inputs=[/36, /19, /20], perturbed=True)
  (/38): BoundRelu(name=/38, inputs=[/input], perturbed=True)
  (/input-3): BoundLinear(name=/input-3, inputs=[/38, /21, /22], perturbed=True)
  (/40): BoundRelu(name=/40, inputs=[/input-3], perturbed=True)
  (/input-7): BoundLinear(name=/input-7, inputs=[/40, /23, /24], perturbed=True)
  (/42): BoundRelu(name=/42, inputs=[/input-7], perturbed=True)
  (/input-11): BoundLinear(name=/input-11, inputs=[/42, /25, /26], perturbed=True)
  (/44): BoundRelu(name=/44, inputs=[/input-11], perturbed=True)
  (/input-15): BoundLinear(name=/input-15, inputs=[/44, /27, /28], perturbed=True)
  (/46): BoundRelu(name=/46, inputs=[/input-15], perturbed=True)
  (/input-19): BoundLinear(name=/input-19, inputs=[/46, /29, /30], perturbed=True)
  (/48): BoundRelu(name=/48, inputs=[/input-19], perturbed=True)
  (/input-23): BoundLinear(name=/input-23, inputs=[/48, /31, /32], perturbed=True)
  (/50): BoundRelu(name=/50, inputs=[/input-23], perturbed=True)
  (/51): BoundLinear(name=/51, inputs=[/50, /33, /34], perturbed=True)
)
Original output: tensor([[ 4.18390131, -1.12119436, -2.83935165, -4.38908482, -6.60081959,
         -6.38986731, -3.16505957, -6.85585976, -6.93414497, -6.72404814]],
       device='cuda:0')
Split layers:
Nonlinear functions:
   BoundRelu(name=/38, inputs=[/input], perturbed=True)
   BoundRelu(name=/40, inputs=[/input-3], perturbed=True)
   BoundRelu(name=/42, inputs=[/input-7], perturbed=True)
   BoundRelu(name=/44, inputs=[/input-11], perturbed=True)
   BoundRelu(name=/46, inputs=[/input-15], perturbed=True)
   BoundRelu(name=/48, inputs=[/input-19], perturbed=True)
   BoundRelu(name=/50, inputs=[/input-23], perturbed=True)
layer /38 using full alpha with shape torch.Size([250]); unstable size 250; total size 250 ([1, 250])
layer /38 start_node /input-3 using full alpha [2, 250, 1, 250] with unstable size 250 total_size 250 output_shape torch.Size([250])
layer /38 start_node /input-7 using full alpha [2, 250, 1, 250] with unstable size 250 total_size 250 output_shape torch.Size([250])
layer /38 start_node /input-11 using full alpha [2, 250, 1, 250] with unstable size 250 total_size 250 output_shape torch.Size([250])
layer /38 start_node /input-15 using full alpha [2, 250, 1, 250] with unstable size 250 total_size 250 output_shape torch.Size([250])
layer /38 start_node /input-19 using full alpha [2, 250, 1, 250] with unstable size 250 total_size 250 output_shape torch.Size([250])
layer /38 start_node /input-23 using full alpha [2, 250, 1, 250] with unstable size 250 total_size 250 output_shape torch.Size([250])
layer /38 start_node /51 using full alpha [2, 9, 1, 250] with unstable size None total_size 9 output_shape 9
layer /40 using full alpha with shape torch.Size([250]); unstable size 250; total size 250 ([1, 250])
layer /40 start_node /input-7 using full alpha [2, 250, 1, 250] with unstable size 250 total_size 250 output_shape torch.Size([250])
layer /40 start_node /input-11 using full alpha [2, 250, 1, 250] with unstable size 250 total_size 250 output_shape torch.Size([250])
layer /40 start_node /input-15 using full alpha [2, 250, 1, 250] with unstable size 250 total_size 250 output_shape torch.Size([250])
layer /40 start_node /input-19 using full alpha [2, 250, 1, 250] with unstable size 250 total_size 250 output_shape torch.Size([250])
layer /40 start_node /input-23 using full alpha [2, 250, 1, 250] with unstable size 250 total_size 250 output_shape torch.Size([250])
layer /40 start_node /51 using full alpha [2, 9, 1, 250] with unstable size None total_size 9 output_shape 9
layer /42 using full alpha with shape torch.Size([250]); unstable size 250; total size 250 ([1, 250])
layer /42 start_node /input-11 using full alpha [2, 250, 1, 250] with unstable size 250 total_size 250 output_shape torch.Size([250])
layer /42 start_node /input-15 using full alpha [2, 250, 1, 250] with unstable size 250 total_size 250 output_shape torch.Size([250])
layer /42 start_node /input-19 using full alpha [2, 250, 1, 250] with unstable size 250 total_size 250 output_shape torch.Size([250])
layer /42 start_node /input-23 using full alpha [2, 250, 1, 250] with unstable size 250 total_size 250 output_shape torch.Size([250])
layer /42 start_node /51 using full alpha [2, 9, 1, 250] with unstable size None total_size 9 output_shape 9
layer /44 using full alpha with shape torch.Size([250]); unstable size 250; total size 250 ([1, 250])
layer /44 start_node /input-15 using full alpha [2, 250, 1, 250] with unstable size 250 total_size 250 output_shape torch.Size([250])
layer /44 start_node /input-19 using full alpha [2, 250, 1, 250] with unstable size 250 total_size 250 output_shape torch.Size([250])
layer /44 start_node /input-23 using full alpha [2, 250, 1, 250] with unstable size 250 total_size 250 output_shape torch.Size([250])
layer /44 start_node /51 using full alpha [2, 9, 1, 250] with unstable size None total_size 9 output_shape 9
layer /46 using full alpha with shape torch.Size([250]); unstable size 250; total size 250 ([1, 250])
layer /46 start_node /input-19 using full alpha [2, 250, 1, 250] with unstable size 250 total_size 250 output_shape torch.Size([250])
layer /46 start_node /input-23 using full alpha [2, 250, 1, 250] with unstable size 250 total_size 250 output_shape torch.Size([250])
layer /46 start_node /51 using full alpha [2, 9, 1, 250] with unstable size None total_size 9 output_shape 9
layer /48 using full alpha with shape torch.Size([250]); unstable size 250; total size 250 ([1, 250])
layer /48 start_node /input-23 using full alpha [2, 250, 1, 250] with unstable size 250 total_size 250 output_shape torch.Size([250])
layer /48 start_node /51 using full alpha [2, 9, 1, 250] with unstable size None total_size 9 output_shape 9
layer /50 using full alpha with shape torch.Size([250]); unstable size 250; total size 250 ([1, 250])
layer /50 start_node /51 using full alpha [2, 9, 1, 250] with unstable size None total_size 9 output_shape 9
Optimizable variables initialized.
initial CROWN bounds: tensor([[-58542892., -54359736., -55951056., -63273048., -62113152., -54587964.,
         -57355464., -64471872., -62455364.]], device='cuda:0') None
prune_after_crown optimization in use: original label size = 9 pruned label size = 9
best_l after optimization: -372301120.0
alpha/beta optimization time: 0.5947816371917725
initial alpha-crown bounds: tensor([[-40267492., -39220596., -40638432., -44808176., -43207468., -36485184.,
         -38815484., -45006328., -43851968.]], device='cuda:0')
Number of class (without rhs): 9 ; Worst class: (+ rhs) -45006328.0
Total VNNLIB file length: 9, max property batch size: 100, total number of batches: 1
lA shape: [torch.Size([9, 1, 250]), torch.Size([9, 1, 250]), torch.Size([9, 1, 250]), torch.Size([9, 1, 250]), torch.Size([9, 1, 250]), torch.Size([9, 1, 250]), torch.Size([9, 1, 250])]

Properties batch 0, size 9
Remaining timeout: 29.16105031967163
Verifying property 0 with 9 instances.
##### Instance 0 first 10 spec matrices: 
tensor([[[ 1., -1.,  0.,  0.,  0.,  0.,  0.,  0.,  0.,  0.]],

        [[ 1.,  0., -1.,  0.,  0.,  0.,  0.,  0.,  0.,  0.]],

        [[ 1.,  0.,  0., -1.,  0.,  0.,  0.,  0.,  0.,  0.]],

        [[ 1.,  0.,  0.,  0., -1.,  0.,  0.,  0.,  0.,  0.]],

        [[ 1.,  0.,  0.,  0.,  0., -1.,  0.,  0.,  0.,  0.]],

        [[ 1.,  0.,  0.,  0.,  0.,  0., -1.,  0.,  0.,  0.]],

        [[ 1.,  0.,  0.,  0.,  0.,  0.,  0., -1.,  0.,  0.]],

        [[ 1.,  0.,  0.,  0.,  0.,  0.,  0.,  0., -1.,  0.]],

        [[ 1.,  0.,  0.,  0.,  0.,  0.,  0.,  0.,  0., -1.]]],
       dtype=torch.float64)
thresholds: tensor([0., 0., 0., 0., 0., 0., 0., 0., 0.], device='cuda:0') ######
Remaining spec index tensor([0, 1, 2, 3, 4, 5, 6, 7, 8], device='cuda:0') with bounds tensor([[-40267492.],
        [-39220596.],
        [-40638432.],
        [-44808176.],
        [-43207468.],
        [-36485184.],
        [-38815484.],
        [-45006328.],
        [-43851968.]], device='cuda:0') need to verify.
torch allclose failed: norm 0.0002268358221044764
Model prediction is: tensor([ 4.18390131, -1.12119436, -2.83935165, -4.38908482, -6.60081959,
        -6.38986731, -3.16505957, -6.85585976, -6.93414497, -6.72404814],
       device='cuda:0')
build_with_refined_bounds batch [1/1]
setting alpha for layer /38 start_node /51 with alignment adjustment
setting alpha for layer /40 start_node /51 with alignment adjustment
setting alpha for layer /42 start_node /51 with alignment adjustment
setting alpha for layer /44 start_node /51 with alignment adjustment
setting alpha for layer /46 start_node /51 with alignment adjustment
setting alpha for layer /48 start_node /51 with alignment adjustment
setting alpha for layer /50 start_node /51 with alignment adjustment
all alpha initialized
directly get lb and ub from refined bounds
c shape: torch.Size([9, 1, 10])
lA shapes: [torch.Size([9, 1, 250]), torch.Size([9, 1, 250]), torch.Size([9, 1, 250]), torch.Size([9, 1, 250]), torch.Size([9, 1, 250]), torch.Size([9, 1, 250]), torch.Size([9, 1, 250])]
(alpha-)CROWN with fixed intermediate bounds: tensor([[-40267492.],
        [-39220596.],
        [-40638432.],
        [-44808176.],
        [-43207468.],
        [-36485184.],
        [-38815484.],
        [-45006328.],
        [-43851968.]], device='cuda:0') tensor([[inf],
        [inf],
        [inf],
        [inf],
        [inf],
        [inf],
        [inf],
        [inf],
        [inf]], device='cuda:0')
Intermediate layers: /input,/input-3,/input-7,/input-11,/input-15,/input-19,/input-23,/51
Keeping alphas for these layers: ['/51']
Keeping alphas for these layers: ['/51']
Node /38 input 0: size torch.Size([250]) unstable 250
Node /40 input 0: size torch.Size([250]) unstable 250
Node /42 input 0: size torch.Size([250]) unstable 250
Node /44 input 0: size torch.Size([250]) unstable 250
Node /46 input 0: size torch.Size([250]) unstable 250
Node /48 input 0: size torch.Size([250]) unstable 250
Node /50 input 0: size torch.Size([250]) unstable 250
-----------------
# of unstable neurons: 1750
-----------------

BaB round 1
batch: 9
splitting decisions: 
split level 0: [/input-3, 0] [/input, 0] [/input-11, 0] [/input-19, 0] [/input-19, 0] [/input-7, 0] [/input-3, 0] [/input-23, 0] [/input-15, 0] 
split level 1: [/input-11, 0] [/input-15, 0] [/input-7, 0] [/input-11, 0] [/input-11, 0] [/input-3, 0] [/input-19, 0] [/input, 0] [/input-7, 0] 
split level 2: [/input-19, 0] [/input, 1] [/input-15, 0] [/input-19, 1] [/input-11, 1] [/input-11, 0] [/input-11, 0] [/input, 1] [/input-19, 0] 
split level 3: [/input-19, 1] [/input-7, 0] [/input-19, 0] [/input, 0] [/input-11, 2] [/input-23, 0] [/input-3, 1] [/input-7, 0] [/input-11, 0] 
split level 4: [/input-23, 0] [/input-11, 0] [/input-23, 0] [/input-15, 0] [/input-11, 3] [/input-11, 1] [/input-11, 1] [/input, 2] [/input, 0] 
split level 5: [/input-7, 0] [/input-11, 1] [/input-11, 1] [/input-11, 1] [/input, 0] [/input-15, 0] [/input-15, 0] [/input-19, 0] [/input, 1] 
pruning_in_iteration open status: False
ratio of positive domain = 0 / 576 = 0.0
pruning-in-iteration extra time: 3.8623809814453125e-05
Time: prepare 0.0091    bound 0.0924    transfer 0.0022    finalize 0.0064    func 0.1102    
Accumulated time: func 0.1102    prepare 0.0095    bound 0.0924    transfer 0.0022    finalize 0.0064    
Current worst splitting domains lb-rhs (depth):
-44647904.00000 (6), -44647900.00000 (6), -44647900.00000 (6), -44647900.00000 (6), -44647900.00000 (6), -44647900.00000 (6), -44647900.00000 (6), -44647900.00000 (6), -44647776.00000 (6), -44647776.00000 (6), -44647772.00000 (6), -44647772.00000 (6), -44647772.00000 (6), -44647768.00000 (6), -44647768.00000 (6), -44647768.00000 (6), -44633168.00000 (6), -44633168.00000 (6), -44633168.00000 (6), -44633168.00000 (6), 
Length of domains: 576
Time: pickout 0.0005    decision 0.0858    set_bounds 0.0212    solve 0.1115    add 0.0026    
Accumulated time: pickout 0.0005    decision 0.0858    set_bounds 0.0212    solve 0.1115    add 0.0026    
Current (lb-rhs): -44647904.0
576 domains visited
Cumulative time: 0.238922119140625

BaB round 2
batch: 576
splitting decisions: 
split level 0: [/input-19, 2] [/input-15, 1] [/input-15, 1] [/input-19, 2] [/input-23, 0] [/input-3, 1] [/input-15, 1] [/input-15, 0] [/input-19, 1] [/input-23, 1] 
pruning_in_iteration open status: False
ratio of positive domain = 0 / 1152 = 0.0
pruning-in-iteration extra time: 6.103515625e-05
Time: prepare 0.0340    bound 0.0293    transfer 0.0015    finalize 0.0139    func 0.0788    
Accumulated time: func 0.1890    prepare 0.0436    bound 0.1217    transfer 0.0037    finalize 0.0202    
Current worst splitting domains lb-rhs (depth):
-44647904.00000 (7), -44647900.00000 (7), -44647776.00000 (7), -44647768.00000 (7), -44639464.00000 (7), -44639460.00000 (7), -44639356.00000 (7), -44639348.00000 (7), -44639328.00000 (7), -44639324.00000 (7), -44639324.00000 (7), -44639320.00000 (7), -44639320.00000 (7), -44639312.00000 (7), -44639084.00000 (7), -44639064.00000 (7), -44638880.00000 (7), -44638868.00000 (7), -44638856.00000 (7), -44638792.00000 (7), 
Length of domains: 1152
Time: pickout 0.0065    decision 0.0462    set_bounds 0.0141    solve 0.0790    add 0.0205    
Accumulated time: pickout 0.0070    decision 0.1320    set_bounds 0.0352    solve 0.1905    add 0.0232    
Current (lb-rhs): -44647904.0
1728 domains visited
Cumulative time: 0.4063122272491455

BaB round 3
batch: 1152
splitting decisions: 
split level 0: [/input, 0] [/input-7, 1] [/input-7, 1] [/input-15, 1] [/input-15, 0] [/input-3, 2] [/input-3, 2] [/input-15, 1] [/input-15, 1] [/input-11, 1] 
pruning_in_iteration open status: False
ratio of positive domain = 0 / 2304 = 0.0
pruning-in-iteration extra time: 3.719329833984375e-05
Time: prepare 0.0741    bound 0.0288    transfer 0.0018    finalize 0.0262    func 0.1309    
Accumulated time: func 0.3200    prepare 0.1179    bound 0.1505    transfer 0.0055    finalize 0.0464    
Current worst splitting domains lb-rhs (depth):
-44639460.00000 (8), -44639320.00000 (8), -44639064.00000 (8), -44638856.00000 (8), -44638784.00000 (8), -44638420.00000 (8), -44638188.00000 (8), -44638088.00000 (8), -44638044.00000 (8), -44637888.00000 (8), -44637808.00000 (8), -44637752.00000 (8), -44637752.00000 (8), -44637744.00000 (8), -44637728.00000 (8), -44637720.00000 (8), -44637688.00000 (8), -44637640.00000 (8), -44637540.00000 (8), -44637536.00000 (8), 
Length of domains: 2304
Time: pickout 0.0126    decision 0.0823    set_bounds 0.1116    solve 0.1312    add 0.0353    
Accumulated time: pickout 0.0196    decision 0.2143    set_bounds 0.1468    solve 0.3217    add 0.0585    
Current (lb-rhs): -44639460.0
4032 domains visited
Cumulative time: 0.7808749675750732

BaB round 4
batch: 2304
splitting decisions: 
split level 0: [/input-11, 1] [/input-3, 0] [/input-7, 2] [/input, 1] [/input-15, 1] [/input-7, 1] [/input-19, 1] [/input-19, 1] [/input, 2] [/input-7, 1] 
pruning_in_iteration open status: False
ratio of positive domain = 0 / 4608 = 0.0
pruning-in-iteration extra time: 3.647804260253906e-05
Time: prepare 0.1470    bound 0.0301    transfer 0.0033    finalize 0.0494    func 0.2303    
Accumulated time: func 0.5503    prepare 0.2650    bound 0.1806    transfer 0.0088    finalize 0.0958    
Current worst splitting domains lb-rhs (depth):
-44637752.00000 (9), -44637744.00000 (9), -44637720.00000 (9), -44637688.00000 (9), -44637640.00000 (9), -44637552.00000 (9), -44637540.00000 (9), -44637416.00000 (9), -44637360.00000 (9), -44637132.00000 (9), -44637072.00000 (9), -44637072.00000 (9), -44637068.00000 (9), -44637068.00000 (9), -44637064.00000 (9), -44637064.00000 (9), -44637012.00000 (9), -44637012.00000 (9), -44637008.00000 (9), -44636868.00000 (9), 
Length of domains: 4608
Time: pickout 0.0234    decision 0.1492    set_bounds 0.1550    solve 0.2309    add 0.0712    
Accumulated time: pickout 0.0430    decision 0.3635    set_bounds 0.3018    solve 0.5525    add 0.1297    
Current (lb-rhs): -44637752.0
8640 domains visited
Cumulative time: 1.4136736392974854

BaB round 5
batch: 4608
splitting decisions: 
split level 0: [/input-7, 1] [/input-19, 0] [/input-15, 2] [/input-11, 2] [/input-23, 1] [/input-3, 3] [/input-23, 0] [/input-23, 1] [/input-3, 0] [/input, 0] 
pruning_in_iteration open status: False
ratio of positive domain = 0 / 9216 = 0.0
pruning-in-iteration extra time: 0.00012993812561035156
Time: prepare 0.2978    bound 0.0454    transfer 0.0079    finalize 0.0970    func 0.4487    
Accumulated time: func 0.9990    prepare 0.5631    bound 0.2260    transfer 0.0168    finalize 0.1929    
Current worst splitting domains lb-rhs (depth):
-44637360.00000 (10), -44637072.00000 (10), -44637072.00000 (10), -44637072.00000 (10), -44637068.00000 (10), -44637068.00000 (10), -44637068.00000 (10), -44637068.00000 (10), -44637004.00000 (10), -44636984.00000 (10), -44636980.00000 (10), -44636928.00000 (10), -44636868.00000 (10), -44636868.00000 (10), -44636836.00000 (10), -44636832.00000 (10), -44636700.00000 (10), -44636504.00000 (10), -44636480.00000 (10), -44636420.00000 (10), 
Length of domains: 9216
Time: pickout 0.0513    decision 0.3901    set_bounds 0.2160    solve 0.4496    add 0.1642    
Accumulated time: pickout 0.0943    decision 0.7536    set_bounds 0.5178    solve 1.0021    add 0.2939    
Current (lb-rhs): -44637360.0
17856 domains visited
Cumulative time: 2.6934757232666016

BaB round 6
batch: 9216
splitting decisions: 
split level 0: [/input-23, 1] [/input-19, 1] [/input-19, 1] [/input-23, 0] [/input-15, 2] [/input-11, 2] [/input-7, 0] [/input-3, 0] [/input-7, 1] [/input-15, 0] 
pruning_in_iteration open status: False
ratio of positive domain = 0 / 18432 = 0.0
pruning-in-iteration extra time: 0.0003192424774169922
Time: prepare 0.6259    bound 0.0780    transfer 0.0334    finalize 0.3342    func 1.0725    
Accumulated time: func 2.0714    prepare 1.1892    bound 0.3040    transfer 0.0502    finalize 0.5270    
Current worst splitting domains lb-rhs (depth):
-44637068.00000 (11), -44637068.00000 (11), -44636984.00000 (11), -44636888.00000 (11), -44636884.00000 (11), -44636868.00000 (11), -44636868.00000 (11), -44636868.00000 (11), -44636868.00000 (11), -44636832.00000 (11), -44636832.00000 (11), -44636436.00000 (11), -44636368.00000 (11), -44636356.00000 (11), -44636352.00000 (11), -44636340.00000 (11), -44636312.00000 (11), -44636312.00000 (11), -44636312.00000 (11), -44636312.00000 (11), 
Length of domains: 18432
Time: pickout 0.1157    decision 0.6916    set_bounds 0.3593    solve 1.0749    add 0.3004    
Accumulated time: pickout 0.2100    decision 1.4452    set_bounds 0.8771    solve 2.0770    add 0.5943    
Current (lb-rhs): -44637068.0
36288 domains visited
Cumulative time: 5.253889799118042

BaB round 7
batch: 10240
splitting decisions: 
split level 0: [/input-23, 3] [/input-15, 2] [/input, 3] [/input-7, 1] [/input-7, 0] [/input-15, 1] [/input-15, 1] [/input-11, 4] [/input-7, 2] [/input-11, 2] 
pruning_in_iteration open status: False
ratio of positive domain = 0 / 20480 = 0.0
pruning-in-iteration extra time: 0.0003688335418701172
Time: prepare 0.7256    bound 0.0850    transfer 0.0378    finalize 0.2056    func 1.0547    
Accumulated time: func 3.1261    prepare 1.9151    bound 0.3890    transfer 0.0880    finalize 0.7326    
Current worst splitting domains lb-rhs (depth):
-44637068.00000 (12), -44637068.00000 (12), -44637068.00000 (12), -44637068.00000 (12), -44636984.00000 (11), -44636888.00000 (11), -44636868.00000 (11), -44636832.00000 (12), -44636832.00000 (12), -44636832.00000 (11), -44636368.00000 (11), -44636356.00000 (11), -44636312.00000 (11), -44636312.00000 (12), -44636312.00000 (12), -44636300.00000 (12), -44636300.00000 (12), -44636300.00000 (12), -44636300.00000 (12), -44636300.00000 (11), 
Length of domains: 28672
Time: pickout 0.1431    decision 0.8027    set_bounds 0.4196    solve 1.0567    add 0.0730    
Accumulated time: pickout 0.3531    decision 2.2479    set_bounds 1.2966    solve 3.1337    add 0.6673    
Current (lb-rhs): -44637068.0
56768 domains visited
Cumulative time: 7.766983270645142

BaB round 8
batch: 10240
splitting decisions: 
split level 0: [/input-19, 2] [/input, 4] [/input-19, 1] [/input, 2] [/input, 1] [/input, 3] [/input, 2] [/input-23, 2] [/input-19, 2] [/input, 1] 
pruning_in_iteration open status: False
ratio of positive domain = 0 / 20480 = 0.0
pruning-in-iteration extra time: 0.0003628730773925781
Time: prepare 0.7109    bound 0.0849    transfer 0.0426    finalize 0.2019    func 1.0409    
Accumulated time: func 4.1670    prepare 2.6262    bound 0.4739    transfer 0.1307    finalize 0.9345    
Current worst splitting domains lb-rhs (depth):
-44637068.00000 (12), -44637068.00000 (13), -44637068.00000 (13), -44637068.00000 (12), -44637060.00000 (13), -44637060.00000 (13), -44636984.00000 (11), -44636888.00000 (11), -44636868.00000 (11), -44636832.00000 (13), -44636832.00000 (12), -44636832.00000 (11), -44636832.00000 (13), -44636368.00000 (11), -44636356.00000 (11), -44636312.00000 (12), -44636312.00000 (13), -44636312.00000 (13), -44636312.00000 (11), -44636300.00000 (13), 
Length of domains: 38912
Time: pickout 0.1321    decision 0.8302    set_bounds 0.4621    solve 1.0429    add 0.4476    
Accumulated time: pickout 0.4851    decision 3.0781    set_bounds 1.7587    solve 4.1765    add 1.1148    
Current (lb-rhs): -44637068.0
77248 domains visited
Cumulative time: 10.696012020111084

BaB round 9
batch: 10240
splitting decisions: 
split level 0: [/input, 1] [/input-23, 0] [/input-7, 0] [/input-15, 1] [/input-3, 4] [/input-3, 0] [/input-19, 2] [/input-3, 2] [/input-23, 0] [/input-23, 1] 
pruning_in_iteration open status: False
ratio of positive domain = 0 / 20480 = 0.0
pruning-in-iteration extra time: 0.0003497600555419922
Time: prepare 0.7324    bound 0.0850    transfer 0.0099    finalize 0.4218    func 1.2498    
Accumulated time: func 5.4169    prepare 3.3588    bound 0.5590    transfer 0.1406    finalize 1.3563    
Current worst splitting domains lb-rhs (depth):
-44637068.00000 (12), -44637068.00000 (12), -44637068.00000 (13), -44637060.00000 (14), -44637060.00000 (14), -44637060.00000 (13), -44636984.00000 (11), -44636888.00000 (11), -44636868.00000 (11), -44636832.00000 (11), -44636832.00000 (14), -44636832.00000 (13), -44636832.00000 (14), -44636832.00000 (12), -44636368.00000 (11), -44636356.00000 (11), -44636312.00000 (11), -44636312.00000 (13), -44636312.00000 (12), -44636312.00000 (14), 
Length of domains: 49152
Time: pickout 0.1436    decision 0.8861    set_bounds 0.2456    solve 1.2519    add 0.0708    
Accumulated time: pickout 0.6287    decision 3.9641    set_bounds 2.0043    solve 5.4284    add 1.1857    
Current (lb-rhs): -44637068.0
97728 domains visited
Cumulative time: 13.308669328689575

BaB round 10
batch: 10240
splitting decisions: 
split level 0: [/input-15, 1] [/input, 5] [/input-7, 1] [/input-3, 2] [/input-11, 2] [/input, 4] [/input-23, 2] [/input-15, 0] [/input, 3] [/input-11, 3] 
pruning_in_iteration open status: False
ratio of positive domain = 0 / 20480 = 0.0
pruning-in-iteration extra time: 0.0003399848937988281
Time: prepare 0.7556    bound 0.0852    transfer 0.0110    finalize 0.1672    func 1.0201    
Accumulated time: func 6.4369    prepare 4.1147    bound 0.6442    transfer 0.1516    finalize 1.5235    
Current worst splitting domains lb-rhs (depth):
-44637068.00000 (12), -44637068.00000 (12), -44637068.00000 (13), -44637060.00000 (14), -44637060.00000 (15), -44637060.00000 (15), -44637060.00000 (13), -44636984.00000 (11), -44636888.00000 (11), -44636868.00000 (11), -44636832.00000 (12), -44636832.00000 (14), -44636832.00000 (11), -44636832.00000 (15), -44636832.00000 (13), -44636832.00000 (15), -44636368.00000 (11), -44636356.00000 (11), -44636312.00000 (14), -44636312.00000 (13), 
Length of domains: 59392
Time: pickout 0.1483    decision 0.6336    set_bounds 0.5569    solve 1.0221    add 0.0695    
Accumulated time: pickout 0.7770    decision 4.5977    set_bounds 2.5613    solve 6.4505    add 1.2552    
Current (lb-rhs): -44637068.0
118208 domains visited
Cumulative time: 15.75307035446167

BaB round 11
batch: 10240
splitting decisions: 
split level 0: [/input-23, 4] [/input-19, 2] [/input-15, 0] [/input-23, 1] [/input-11, 3] [/input-11, 1] [/input-3, 2] [/input, 0] [/input-3, 1] [/input-3, 0] 
pruning_in_iteration open status: False
ratio of positive domain = 0 / 20480 = 0.0
pruning-in-iteration extra time: 0.000347137451171875
Time: prepare 0.7841    bound 0.0850    transfer 0.0100    finalize 0.1678    func 1.0479    
Accumulated time: func 7.4848    prepare 4.8991    bound 0.7291    transfer 0.1616    finalize 1.6913    
Current worst splitting domains lb-rhs (depth):
-44637068.00000 (12), -44637068.00000 (13), -44637068.00000 (12), -44637060.00000 (13), -44637060.00000 (15), -44637060.00000 (16), -44637060.00000 (16), -44637060.00000 (14), -44636984.00000 (11), -44636888.00000 (11), -44636868.00000 (11), -44636832.00000 (14), -44636832.00000 (15), -44636832.00000 (11), -44636832.00000 (12), -44636832.00000 (13), -44636368.00000 (11), -44636356.00000 (11), -44636312.00000 (14), -44636312.00000 (11), 
Length of domains: 69632
Time: pickout 0.1566    decision 0.9947    set_bounds 0.2506    solve 1.0500    add 4.6443    
Accumulated time: pickout 0.9336    decision 5.5924    set_bounds 2.8118    solve 7.5005    add 5.8994    
Current (lb-rhs): -44637068.0
138688 domains visited
Cumulative time: 22.865017652511597

BaB round 12
batch: 10240
splitting decisions: 
split level 0: [/input-7, 2] [/input-11, 3] [/input-15, 1] [/input, 3] [/input-7, 1] [/input-7, 2] [/input-11, 1] [/input-11, 5] [/input-23, 1] [/input-3, 1] 
pruning_in_iteration open status: False
ratio of positive domain = 0 / 20480 = 0.0
pruning-in-iteration extra time: 0.000347137451171875
Time: prepare 0.7763    bound 0.0848    transfer 0.0104    finalize 0.1679    func 1.0403    
Accumulated time: func 8.5251    prepare 5.6756    bound 0.8140    transfer 0.1720    finalize 1.8592    
Current worst splitting domains lb-rhs (depth):
-44637068.00000 (12), -44637068.00000 (12), -44637068.00000 (13), -44637060.00000 (13), -44637060.00000 (15), -44637060.00000 (16), -44637060.00000 (14), -44637008.00000 (17), -44637000.00000 (17), -44636984.00000 (11), -44636888.00000 (11), -44636868.00000 (11), -44636832.00000 (14), -44636832.00000 (12), -44636832.00000 (13), -44636832.00000 (15), -44636832.00000 (11), -44636368.00000 (11), -44636356.00000 (11), -44636312.00000 (14), 
Length of domains: 79872
Time: pickout 0.1616    decision 1.0255    set_bounds 0.2513    solve 1.0423    add 0.0745    
Accumulated time: pickout 1.0953    decision 6.6179    set_bounds 3.0631    solve 8.5428    add 5.9739    
Current (lb-rhs): -44637068.0
159168 domains visited
Cumulative time: 25.43671488761902

BaB round 13
batch: 10240
splitting decisions: 
split level 0: [/input-23, 5] [/input-11, 4] [/input-19, 2] [/input, 4] [/input-7, 2] [/input, 5] [/input-11, 2] [/input-23, 3] [/input-7, 3] [/input-3, 2] 
pruning_in_iteration open status: False
ratio of positive domain = 0 / 20480 = 0.0
pruning-in-iteration extra time: 0.0003476142883300781
Time: prepare 0.8062    bound 0.0849    transfer 0.0101    finalize 0.1660    func 1.0680    
Accumulated time: func 9.5931    prepare 6.4821    bound 0.8989    transfer 0.1821    finalize 2.0251    
Current worst splitting domains lb-rhs (depth):
-44637068.00000 (12), -44637068.00000 (13), -44637068.00000 (12), -44637060.00000 (14), -44637060.00000 (16), -44637060.00000 (13), -44637060.00000 (15), -44637008.00000 (17), -44636984.00000 (11), -44636888.00000 (11), -44636868.00000 (11), -44636832.00000 (13), -44636832.00000 (14), -44636832.00000 (11), -44636832.00000 (12), -44636832.00000 (15), -44636368.00000 (11), -44636356.00000 (11), -44636312.00000 (11), -44636312.00000 (12), 
Length of domains: 90112
Time: pickout 0.1642    decision 1.0769    set_bounds 0.2501    solve 1.0700    add 0.0712    
Accumulated time: pickout 1.2594    decision 7.6948    set_bounds 3.3132    solve 9.6128    add 6.0451    
Current (lb-rhs): -44637068.0
179648 domains visited
Cumulative time: 28.084736108779907

BaB round 14
batch: 10240
splitting decisions: 
split level 0: [/input, 2] [/input-19, 3] [/input-19, 3] [/input-3, 3] [/input, 2] [/input-15, 2] [/input-15, 2] [/input-23, 4] [/input-19, 3] [/input-11, 4] 
pruning_in_iteration open status: False
ratio of positive domain = 0 / 20480 = 0.0
pruning-in-iteration extra time: 0.000354766845703125
Time: prepare 0.7929    bound 0.0848    transfer 0.0101    finalize 0.1647    func 1.0532    
Accumulated time: func 10.6464    prepare 7.2753    bound 0.9836    transfer 0.1922    finalize 2.1899    
Current worst splitting domains lb-rhs (depth):
-44637068.00000 (13), -44637068.00000 (12), -44637068.00000 (12), -44637060.00000 (13), -44637060.00000 (15), -44637060.00000 (16), -44637060.00000 (14), -44637008.00000 (17), -44636984.00000 (11), -44636888.00000 (11), -44636868.00000 (11), -44636832.00000 (14), -44636832.00000 (11), -44636832.00000 (15), -44636832.00000 (13), -44636832.00000 (12), -44636368.00000 (11), -44636356.00000 (11), -44636312.00000 (13), -44636312.00000 (14), 
Length of domains: 100352
Time: pickout 0.1690    decision 1.1263    set_bounds 0.2496    solve 1.0552    add 0.0715    
Accumulated time: pickout 1.4285    decision 8.8210    set_bounds 3.5629    solve 10.6681    add 6.1167    
Current (lb-rhs): -44637068.0
200128 domains visited
Time out!!!!!!!!
Result: timeout
Time: 32.09178638458252

------------------------- COMMAND ------------------------------
/data1/Kane/miniconda3/envs/GenBaB/bin/python /data1/Kane/GenBaB/alpha-beta-CROWN/complete_verifier/abcrown.py --config /data1/Kane/GenBaB/alpha-beta-CROWN/complete_verifier/exp_configs/vnncomp24/cora.yaml --precompile_jit --onnx_path /data1/Kane/data/vnncomp2025_benchmarks/benchmarks/cora_2024/./onnx/svhn-point.onnx --vnnlib_path /data1/Kane/data/vnncomp2025_benchmarks/benchmarks/cora_2024/vnnlib/svhn-img735.vnnlib --results_file /data1/Kane/ACT/audit_results/abcrown_nopgd_20260525/cora_2024/0112__svhn-point__svhn-img735.result --timeout 30.0 --save_adv_example --pgd_order=skip
----------------------------------------------------------------

