[0;93m2026-05-26 08:44:10.190596186 [W:onnxruntime:Default, device_discovery.cc:325 DiscoverDevicesForPlatform] GPU device discovery failed: device_discovery.cc:92 ReadFileContents Failed to open file: "/sys/class/drm/card0/device/vendor"[m
Configurations:

general:
  device: cuda
  seed: 100
  conv_mode: patches
  deterministic: false
  double_fp: false
  loss_reduction_func: sum
  sparse_alpha: true
  sparse_interm: true
  save_adv_example: true
  verify_onnxruntime_output: false
  eval_adv_example: false
  show_adv_example: false
  precompile_jit: true
  prepare_only: false
  complete_verifier: bab
  enable_incomplete_verification: true
  csv_name: instances.csv
  results_file: /data1/Kane/ACT/audit_results/abcrown_nopgd_20260525/cora_2024/0119__svhn-trades__svhn-img760.result
  root_path: ../../vnncomp2024_benchmarks/benchmarks/cora
  deterministic_opt: false
  graph_optimizer: 'Customized("custom_graph_optimizer", "default_optimizer")'
  buffer_has_batchdim: false
  save_output: false
  output_file: out.pkl
  return_optimized_model: false
model:
  name: null
  path: null
  onnx_path: /data1/Kane/data/vnncomp2025_benchmarks/benchmarks/cora_2024/./onnx/svhn-trades.onnx
  onnx_path_prefix: ''
  cache_onnx_conversion: false
  debug_onnx: false
  onnx_quirks: null
  input_shape: null
  onnx_loader: default_onnx_and_vnnlib_loader
  onnx_optimization_flags: []
  onnx_vnnlib_joint_optimization_flags: none
  check_optimized: false
  flatten_final_output: false
  optimize_graph: null
  with_jacobian: false
data:
  start: 0
  end: 10000
  select_instance: null
  num_outputs: 10
  mean: 0.0
  std: 1.0
  pkl_path: null
  dataset: null
  data_filter_path: null
  data_idx_file: null
specification:
  type: lp
  robustness_type: verified-acc
  norm: .inf
  epsilon: null
  epsilon_min: 0.0
  vnnlib_path: /data1/Kane/data/vnncomp2025_benchmarks/benchmarks/cora_2024/vnnlib/svhn-img760.vnnlib
  vnnlib_path_prefix: ''
  rhs_offset: null
solver:
  batch_size: 10240
  auto_enlarge_batch_size: false
  min_batch_size_ratio: 0.1
  use_float64_in_last_iteration: false
  early_stop_patience: 10
  start_save_best: 0.5
  bound_prop_method: alpha-crown
  init_bound_prop_method: same
  prune_after_crown: true
  optimize_disjuncts_separately: false
  crown:
    batch_size: 1000000000
    max_crown_size: 1000000000
    activation_bound_option: adaptive
    compare_crown_with_ibp: false
  alpha-crown:
    alpha: true
    lr_alpha: 0.3
    iteration: 20
    share_alphas: false
    lr_decay: 0.98
    full_conv_alpha: true
    max_coeff_mul: .inf
    matmul_share_alphas: false
    disable_optimization: []
    max_time: 1.0
  invprop:
    apply_output_constraints_to: []
    tighten_input_bounds: false
    best_of_oc_and_no_oc: false
    directly_optimize: []
    oc_lr: 0.1
    share_gammas: false
  beta-crown:
    lr_alpha: 0.03
    lr_beta: 0.1
    lr_decay: 0.98
    optimizer: adam
    iteration: 5
    beta: true
    beta_warmup: true
    enable_opt_interm_bounds: false
    all_node_split_LP: false
  forward:
    refine: false
    max_dim: 10000
    reset_threshold: 1.0
  multi_class:
    label_batch_size: 32
    skip_with_refined_bound: true
  mip:
    unstable_neuron_threshold: 0
    parallel_solvers: null
    solver_threads: 1
    refine_neuron_timeout: 15
    refine_neuron_time_percentage: 0.8
    early_stop: true
    adv_warmup: true
    mip_solver: gurobi
    skip_unsafe: false
    topk_filter: 1.0
    sliding_window: -1
    extra_constraint: false
    refine_neuron_timeout_increasement: 0
    timeout_neuron_percentage: 0.3
    remaining_timeout_threshold: 1
    remove_unstable_neurons: false
    lp_solver: false
bab:
  initial_max_domains: 100
  backing_up_max_domain: null
  max_domains: .inf
  decision_thresh: 0
  timeout: 30.0
  timeout_scale: 1
  max_iterations: -1
  override_timeout: null
  get_upper_bound: false
  pruning_in_iteration: true
  pruning_in_iteration_ratio: 0.2
  sort_targets: false
  batched_domain_list: true
  optimized_interm: ''
  interm_transfer: false
  recompute_interm: false
  sort_domain_interval: -1
  vanilla_crown: false
  tree_traversal: depth_first
  cut:
    enabled: false
    cuts_path: /tmp/abcrown_cuts
    implication: false
    bab_cut: false
    lp_cut: false
    method: null
    lr: 0.01
    lr_decay: 1.0
    iteration: 100
    bab_iteration: -1
    early_stop_patience: -1
    lr_beta: 0.02
    number_cuts: 50
    topk_cuts_in_filter: 1000
    batch_size_primal: 100
    max_num: 1000000000
    patches_cut: false
    cplex_cuts: false
    cplex_cuts_wait: 0
    cplex_cuts_revpickup: true
    cut_reference_bounds: true
    fix_intermediate_bounds: false
    biccos:
      enabled: false
      constraint_strengthening: true
      recursively_strengthening: false
      drop_ratio: 0.5
      verified_bonus: 0.3
      max_infer_iter: 20
      heuristic: neuron_influence_score
      save_biccos_cuts: false
      multi_tree_branching:
        enabled: false
        restore_best_tree: false
        keep_n_best_domains: 1
        k_splits: 1
        iterations: 1
  branching:
    method: kfsb
    candidates: 3
    reduceop: max
    enable_intermediate_bound_opt: false
    branching_input_and_activation: false
    branching_input_and_activation_order: [input, relu]
    branching_input_iterations: 30
    branching_relu_iterations: 50
    nonlinear_split:
      method: bbps
      disable: false
      branching_point_method: uniform
      num_branches: 2
      filter: false
      filter_beta: false
      filter_clamp: false
      filter_batch_size: 10000
      filter_iterations: 25
      relu_only: false
      loose_tanh_threshold: null
      branching_point:
        db_path: branching_points.pt
        num_iterations: 1000
        batch_size: 1000000
        range_l: -5.0
        range_u: 5.0
        log_interval: 100
        step_size_1d: 0.01
        step_size: 0.2
    input_split:
      enable_clip_domains: false
      split_hint: null
      reorder_bab: false
      enable: false
      enhanced_bound_prop_method: alpha-crown
      enhanced_branching_method: naive
      enhanced_bound_patience: 100000000.0
      attack_patience: 100000000.0
      adv_check: 0
      split_partitions: 2
      sb_margin_weight: 1.0
      sb_sum: false
      sb_primary_spec: null
      bf_backup_thresh: -1
      bf_rhs_offset: 0
      bf_iters: 1000000000.0
      bf_batch_size: 100000
      bf_zero_crossing_score: false
      touch_zero_score: 0
      ibp_enhancement: false
      compare_with_old_bounds: false
      update_rhs_with_attack: false
      sb_coeff_thresh: 0.001
      sort_index: null
      sort_descending: true
      show_progress: false
      presplit_domains: null
      skip_getting_worst_domain: false
  attack:
    enabled: false
    beam_candidates: 8
    beam_depth: 7
    max_dive_fix_ratio: 0.8
    min_local_free_ratio: 0.2
    mip_start_iteration: 5
    mip_timeout: 30.0
    adv_pool_threshold: null
    refined_mip_attacker: false
    refined_batch_size: null
attack:
  pgd_order: skip
  pgd_steps: 100
  pgd_restarts: 30
  pgd_batch_size: 100000000
  pgd_early_stop: true
  pgd_lr_decay: 0.99
  pgd_alpha: auto
  pgd_alpha_scale: false
  pgd_loss_mode: null
  pgd_restart_when_stuck: false
  enable_mip_attack: false
  adv_saver: default_adv_saver
  adv_verifier: default_adv_verifier
  early_stop_condition: default_early_stop_condition
  adv_example_finalizer: default_adv_example_finalizer
  pgd_loss: default_pgd_loss
  cex_path: ./test_cex.txt
  attack_mode: PGD
  attack_tolerance: 0.0
  attack_func: attack_with_general_specs
  gama_lambda: 10.0
  gama_decay: 0.9
  check_clean: false
  input_split:
    pgd_steps: 100
    pgd_restarts: 30
    pgd_alpha: auto
  input_split_enhanced:
    pgd_steps: 200
    pgd_restarts: 500000
    pgd_alpha: auto
  input_split_check_adv:
    enabled: auto
    pgd_steps: 5
    pgd_restarts: 5
    pgd_alpha: auto
    max_num_domains: 10
debug:
  view_model: false
  lp_test: null
  rescale_vnnlib_ptb: null
  test_optimized_bounds: false
  test_optimized_bounds_after_n_iterations: 0
  print_verbose_decisions: false
  sanity_check: null
  save_minimal_config: null
  save_minimal_config_omit_keys: []

Experiments at Tue May 26 08:44:11 2026 on dell-pro-max-tower-t2
Pre-compile jit kernels on a toy network...
JIT kernels compiled in 0.8838s.
Internal results will be saved to /data1/Kane/ACT/audit_results/abcrown_nopgd_20260525/cora_2024/0119__svhn-trades__svhn-img760.result./data1/Kane/miniconda3/envs/GenBaB/lib/python3.11/site-packages/onnx2pytorch/convert/operations.py:154: UserWarning: The given NumPy array is not writable, and PyTorch does not support non-writable tensors. This means writing to this tensor will result in undefined behavior. You may want to copy the array to protect its data or make it writable before converting it to a tensor. This type of warning will be suppressed for the rest of this program. (Triggered internally at /pytorch/torch/csrc/utils/tensor_numpy.cpp:206.)
  weight = torch.from_numpy(numpy_helper.to_array(params[0]))
/data1/Kane/miniconda3/envs/GenBaB/lib/python3.11/site-packages/onnx2pytorch/convert/model.py:151: UserWarning: Using experimental implementation that allows 'batch_size > 1'.Batchnorm layers could potentially produce false outputs.
  warnings.warn(
/data1/Kane/miniconda3/envs/GenBaB/lib/python3.11/site-packages/onnx2pytorch/utils.py:21: TracerWarning: Converting a tensor to a Python boolean might cause the trace to be incorrect. We can't record the data flow of Python values, so this value will be treated as a constant in the future. This means that the trace might not generalize to other inputs!
  return value.ndim == 0 or value.shape == torch.Size([1])
/data1/Kane/miniconda3/envs/GenBaB/lib/python3.11/site-packages/onnx2pytorch/operations/add.py:34: TracerWarning: Converting a tensor to a Python boolean might cause the trace to be incorrect. We can't record the data flow of Python values, so this value will be treated as a constant in the future. This means that the trace might not generalize to other inputs!
  elif all(x == 1 for x in input[0].shape):
/data1/Kane/GenBaB/alpha-beta-CROWN/complete_verifier/auto_LiRPA/operators/leaf.py:91: UserWarning: The "has_batchdim" option for BoundBuffers is deprecated. It may be removed from the next release.
  warnings.warn('The "has_batchdim" option for BoundBuffers is deprecated.'


 %%%%%%%%%%%%%%%%%%%%%%%%%%%%%%%%%%% idx: 0, vnnlib ID: 0 %%%%%%%%%%%%%%%%%%%%%%%%%%%%%%%%%%%
Using onnx /data1/Kane/data/vnncomp2025_benchmarks/benchmarks/cora_2024/./onnx/svhn-trades.onnx
Using vnnlib /data1/Kane/data/vnncomp2025_benchmarks/benchmarks/cora_2024/vnnlib/svhn-img760.vnnlib
Precompiled vnnlib file found at /data1/Kane/data/vnncomp2025_benchmarks/benchmarks/cora_2024/vnnlib/svhn-img760.vnnlib.compiled
Loading onnx /data1/Kane/data/vnncomp2025_benchmarks/benchmarks/cora_2024/./onnx/svhn-trades.onnx with quirks {}
Finished onnx model loading in 0.0239 seconds
Model: BoundedModule(
  (/0): BoundInput(name=/0, inputs=[], perturbed=True)
  (/1): BoundBuffers(name=/1, inputs=[], perturbed=False)
  (/2): BoundBuffers(name=/2, inputs=[], perturbed=False)
  (/19): BoundParams(name=/19, inputs=[], perturbed=False)
  (/20): BoundParams(name=/20, inputs=[], perturbed=False)
  (/21): BoundParams(name=/21, inputs=[], perturbed=False)
  (/22): BoundParams(name=/22, inputs=[], perturbed=False)
  (/23): BoundParams(name=/23, inputs=[], perturbed=False)
  (/24): BoundParams(name=/24, inputs=[], perturbed=False)
  (/25): BoundParams(name=/25, inputs=[], perturbed=False)
  (/26): BoundParams(name=/26, inputs=[], perturbed=False)
  (/27): BoundParams(name=/27, inputs=[], perturbed=False)
  (/28): BoundParams(name=/28, inputs=[], perturbed=False)
  (/29): BoundParams(name=/29, inputs=[], perturbed=False)
  (/30): BoundParams(name=/30, inputs=[], perturbed=False)
  (/31): BoundParams(name=/31, inputs=[], perturbed=False)
  (/32): BoundParams(name=/32, inputs=[], perturbed=False)
  (/33): BoundParams(name=/33, inputs=[], perturbed=False)
  (/34): BoundParams(name=/34, inputs=[], perturbed=False)
  (/35): BoundMul(name=/35, inputs=[/0, /1], perturbed=True)
  (/36): BoundAdd(name=/36, inputs=[/35, /2], perturbed=True)
  (/input): BoundLinear(name=/input, inputs=[/36, /19, /20], perturbed=True)
  (/38): BoundRelu(name=/38, inputs=[/input], perturbed=True)
  (/input-3): BoundLinear(name=/input-3, inputs=[/38, /21, /22], perturbed=True)
  (/40): BoundRelu(name=/40, inputs=[/input-3], perturbed=True)
  (/input-7): BoundLinear(name=/input-7, inputs=[/40, /23, /24], perturbed=True)
  (/42): BoundRelu(name=/42, inputs=[/input-7], perturbed=True)
  (/input-11): BoundLinear(name=/input-11, inputs=[/42, /25, /26], perturbed=True)
  (/44): BoundRelu(name=/44, inputs=[/input-11], perturbed=True)
  (/input-15): BoundLinear(name=/input-15, inputs=[/44, /27, /28], perturbed=True)
  (/46): BoundRelu(name=/46, inputs=[/input-15], perturbed=True)
  (/input-19): BoundLinear(name=/input-19, inputs=[/46, /29, /30], perturbed=True)
  (/48): BoundRelu(name=/48, inputs=[/input-19], perturbed=True)
  (/input-23): BoundLinear(name=/input-23, inputs=[/48, /31, /32], perturbed=True)
  (/50): BoundRelu(name=/50, inputs=[/input-23], perturbed=True)
  (/51): BoundLinear(name=/51, inputs=[/50, /33, /34], perturbed=True)
)
Original output: tensor([[ 1.27739930,  0.06332678, -0.24765655, -0.64043039, -0.45395648,
         -0.73282880, -1.21786141, -0.20758799,  0.00262381, -0.25019827]],
       device='cuda:0')
Split layers:
Nonlinear functions:
   BoundRelu(name=/38, inputs=[/input], perturbed=True)
   BoundRelu(name=/40, inputs=[/input-3], perturbed=True)
   BoundRelu(name=/42, inputs=[/input-7], perturbed=True)
   BoundRelu(name=/44, inputs=[/input-11], perturbed=True)
   BoundRelu(name=/46, inputs=[/input-15], perturbed=True)
   BoundRelu(name=/48, inputs=[/input-19], perturbed=True)
   BoundRelu(name=/50, inputs=[/input-23], perturbed=True)
layer /38 using full alpha with shape torch.Size([250]); unstable size 250; total size 250 ([1, 250])
layer /38 start_node /input-3 using full alpha [2, 250, 1, 250] with unstable size 250 total_size 250 output_shape torch.Size([250])
layer /38 start_node /input-7 using full alpha [2, 250, 1, 250] with unstable size 250 total_size 250 output_shape torch.Size([250])
layer /38 start_node /input-11 using full alpha [2, 250, 1, 250] with unstable size 250 total_size 250 output_shape torch.Size([250])
layer /38 start_node /input-15 using full alpha [2, 250, 1, 250] with unstable size 250 total_size 250 output_shape torch.Size([250])
layer /38 start_node /input-19 using full alpha [2, 250, 1, 250] with unstable size 250 total_size 250 output_shape torch.Size([250])
layer /38 start_node /input-23 using full alpha [2, 250, 1, 250] with unstable size 250 total_size 250 output_shape torch.Size([250])
layer /38 start_node /51 using full alpha [2, 9, 1, 250] with unstable size None total_size 9 output_shape 9
layer /40 using full alpha with shape torch.Size([250]); unstable size 250; total size 250 ([1, 250])
layer /40 start_node /input-7 using full alpha [2, 250, 1, 250] with unstable size 250 total_size 250 output_shape torch.Size([250])
layer /40 start_node /input-11 using full alpha [2, 250, 1, 250] with unstable size 250 total_size 250 output_shape torch.Size([250])
layer /40 start_node /input-15 using full alpha [2, 250, 1, 250] with unstable size 250 total_size 250 output_shape torch.Size([250])
layer /40 start_node /input-19 using full alpha [2, 250, 1, 250] with unstable size 250 total_size 250 output_shape torch.Size([250])
layer /40 start_node /input-23 using full alpha [2, 250, 1, 250] with unstable size 250 total_size 250 output_shape torch.Size([250])
layer /40 start_node /51 using full alpha [2, 9, 1, 250] with unstable size None total_size 9 output_shape 9
layer /42 using full alpha with shape torch.Size([250]); unstable size 250; total size 250 ([1, 250])
layer /42 start_node /input-11 using full alpha [2, 250, 1, 250] with unstable size 250 total_size 250 output_shape torch.Size([250])
layer /42 start_node /input-15 using full alpha [2, 250, 1, 250] with unstable size 250 total_size 250 output_shape torch.Size([250])
layer /42 start_node /input-19 using full alpha [2, 250, 1, 250] with unstable size 250 total_size 250 output_shape torch.Size([250])
layer /42 start_node /input-23 using full alpha [2, 250, 1, 250] with unstable size 250 total_size 250 output_shape torch.Size([250])
layer /42 start_node /51 using full alpha [2, 9, 1, 250] with unstable size None total_size 9 output_shape 9
layer /44 using full alpha with shape torch.Size([250]); unstable size 250; total size 250 ([1, 250])
layer /44 start_node /input-15 using full alpha [2, 250, 1, 250] with unstable size 250 total_size 250 output_shape torch.Size([250])
layer /44 start_node /input-19 using full alpha [2, 250, 1, 250] with unstable size 250 total_size 250 output_shape torch.Size([250])
layer /44 start_node /input-23 using full alpha [2, 250, 1, 250] with unstable size 250 total_size 250 output_shape torch.Size([250])
layer /44 start_node /51 using full alpha [2, 9, 1, 250] with unstable size None total_size 9 output_shape 9
layer /46 using full alpha with shape torch.Size([250]); unstable size 250; total size 250 ([1, 250])
layer /46 start_node /input-19 using full alpha [2, 250, 1, 250] with unstable size 250 total_size 250 output_shape torch.Size([250])
layer /46 start_node /input-23 using full alpha [2, 250, 1, 250] with unstable size 250 total_size 250 output_shape torch.Size([250])
layer /46 start_node /51 using full alpha [2, 9, 1, 250] with unstable size None total_size 9 output_shape 9
layer /48 using full alpha with shape torch.Size([250]); unstable size 250; total size 250 ([1, 250])
layer /48 start_node /input-23 using full alpha [2, 250, 1, 250] with unstable size 250 total_size 250 output_shape torch.Size([250])
layer /48 start_node /51 using full alpha [2, 9, 1, 250] with unstable size None total_size 9 output_shape 9
layer /50 using full alpha with shape torch.Size([250]); unstable size 250; total size 250 ([1, 250])
layer /50 start_node /51 using full alpha [2, 9, 1, 250] with unstable size None total_size 9 output_shape 9
Optimizable variables initialized.
initial CROWN bounds: tensor([[-17582918., -15766127., -16813250., -17312214., -17980886., -16483372.,
         -19240292., -18366100., -18086794.]], device='cuda:0') None
prune_after_crown optimization in use: original label size = 9 pruned label size = 9
best_l after optimization: -111588384.0
alpha/beta optimization time: 0.5860533714294434
initial alpha-crown bounds: tensor([[-12563965., -11372596., -11597325., -12500394., -12834028., -11722275.,
         -13574471., -12925921., -12497409.]], device='cuda:0')
Number of class (without rhs): 9 ; Worst class: (+ rhs) -13574471.0
Total VNNLIB file length: 9, max property batch size: 100, total number of batches: 1
lA shape: [torch.Size([9, 1, 250]), torch.Size([9, 1, 250]), torch.Size([9, 1, 250]), torch.Size([9, 1, 250]), torch.Size([9, 1, 250]), torch.Size([9, 1, 250]), torch.Size([9, 1, 250])]

Properties batch 0, size 9
Remaining timeout: 29.295733213424683
Verifying property 0 with 9 instances.
##### Instance 0 first 10 spec matrices: 
tensor([[[ 1., -1.,  0.,  0.,  0.,  0.,  0.,  0.,  0.,  0.]],

        [[ 1.,  0., -1.,  0.,  0.,  0.,  0.,  0.,  0.,  0.]],

        [[ 1.,  0.,  0., -1.,  0.,  0.,  0.,  0.,  0.,  0.]],

        [[ 1.,  0.,  0.,  0., -1.,  0.,  0.,  0.,  0.,  0.]],

        [[ 1.,  0.,  0.,  0.,  0., -1.,  0.,  0.,  0.,  0.]],

        [[ 1.,  0.,  0.,  0.,  0.,  0., -1.,  0.,  0.,  0.]],

        [[ 1.,  0.,  0.,  0.,  0.,  0.,  0., -1.,  0.,  0.]],

        [[ 1.,  0.,  0.,  0.,  0.,  0.,  0.,  0., -1.,  0.]],

        [[ 1.,  0.,  0.,  0.,  0.,  0.,  0.,  0.,  0., -1.]]],
       dtype=torch.float64)
thresholds: tensor([0., 0., 0., 0., 0., 0., 0., 0., 0.], device='cuda:0') ######
Remaining spec index tensor([0, 1, 2, 3, 4, 5, 6, 7, 8], device='cuda:0') with bounds tensor([[-12563965.],
        [-11372596.],
        [-11597325.],
        [-12500394.],
        [-12834028.],
        [-11722275.],
        [-13574471.],
        [-12925921.],
        [-12497409.]], device='cuda:0') need to verify.
torch allclose failed: norm 2.777096779027488e-05
Model prediction is: tensor([ 1.27739930,  0.06332678, -0.24765655, -0.64043039, -0.45395648,
        -0.73282880, -1.21786141, -0.20758799,  0.00262381, -0.25019827],
       device='cuda:0')
build_with_refined_bounds batch [1/1]
setting alpha for layer /38 start_node /51 with alignment adjustment
setting alpha for layer /40 start_node /51 with alignment adjustment
setting alpha for layer /42 start_node /51 with alignment adjustment
setting alpha for layer /44 start_node /51 with alignment adjustment
setting alpha for layer /46 start_node /51 with alignment adjustment
setting alpha for layer /48 start_node /51 with alignment adjustment
setting alpha for layer /50 start_node /51 with alignment adjustment
all alpha initialized
directly get lb and ub from refined bounds
c shape: torch.Size([9, 1, 10])
lA shapes: [torch.Size([9, 1, 250]), torch.Size([9, 1, 250]), torch.Size([9, 1, 250]), torch.Size([9, 1, 250]), torch.Size([9, 1, 250]), torch.Size([9, 1, 250]), torch.Size([9, 1, 250])]
(alpha-)CROWN with fixed intermediate bounds: tensor([[-12563965.],
        [-11372596.],
        [-11597325.],
        [-12500394.],
        [-12834028.],
        [-11722275.],
        [-13574471.],
        [-12925921.],
        [-12497409.]], device='cuda:0') tensor([[inf],
        [inf],
        [inf],
        [inf],
        [inf],
        [inf],
        [inf],
        [inf],
        [inf]], device='cuda:0')
Intermediate layers: /input,/input-3,/input-7,/input-11,/input-15,/input-19,/input-23,/51
Keeping alphas for these layers: ['/51']
Keeping alphas for these layers: ['/51']
Node /38 input 0: size torch.Size([250]) unstable 250
Node /40 input 0: size torch.Size([250]) unstable 250
Node /42 input 0: size torch.Size([250]) unstable 250
Node /44 input 0: size torch.Size([250]) unstable 250
Node /46 input 0: size torch.Size([250]) unstable 250
Node /48 input 0: size torch.Size([250]) unstable 250
Node /50 input 0: size torch.Size([250]) unstable 250
-----------------
# of unstable neurons: 1750
-----------------

BaB round 1
batch: 9
splitting decisions: 
split level 0: [/input-3, 0] [/input, 0] [/input-11, 0] [/input-19, 0] [/input-19, 0] [/input-7, 0] [/input-3, 0] [/input-23, 0] [/input-15, 0] 
split level 1: [/input-11, 0] [/input-15, 0] [/input-7, 0] [/input-11, 0] [/input-11, 0] [/input-3, 0] [/input-19, 0] [/input, 0] [/input-7, 0] 
split level 2: [/input-19, 0] [/input, 1] [/input-15, 0] [/input-19, 1] [/input-11, 1] [/input-11, 0] [/input-11, 0] [/input, 1] [/input-19, 0] 
split level 3: [/input-19, 1] [/input-7, 0] [/input-19, 0] [/input, 0] [/input-11, 2] [/input-23, 0] [/input-3, 1] [/input-7, 0] [/input-11, 0] 
split level 4: [/input-23, 0] [/input-11, 0] [/input-23, 0] [/input-15, 0] [/input-11, 3] [/input-11, 1] [/input-11, 1] [/input, 2] [/input, 0] 
split level 5: [/input-7, 0] [/input-11, 1] [/input-11, 1] [/input-11, 1] [/input, 0] [/input-15, 0] [/input-15, 0] [/input-19, 0] [/input, 1] 
pruning_in_iteration open status: False
ratio of positive domain = 0 / 576 = 0.0
pruning-in-iteration extra time: 3.600120544433594e-05
Time: prepare 0.0097    bound 0.0912    transfer 0.0019    finalize 0.0065    func 0.1094    
Accumulated time: func 0.1094    prepare 0.0100    bound 0.0912    transfer 0.0019    finalize 0.0065    
Current worst splitting domains lb-rhs (depth):
-13518252.00000 (6), -13518225.00000 (6), -13518225.00000 (6), -13518223.00000 (6), -13517998.00000 (6), -13517970.00000 (6), -13517970.00000 (6), -13517969.00000 (6), -13517806.00000 (6), -13517782.00000 (6), -13517782.00000 (6), -13517781.00000 (6), -13517743.00000 (6), -13517740.00000 (6), -13517719.00000 (6), -13517718.00000 (6), -13517717.00000 (6), -13517713.00000 (6), -13517713.00000 (6), -13517713.00000 (6), 
Length of domains: 576
Time: pickout 0.0005    decision 0.0823    set_bounds 0.0219    solve 0.1107    add 0.0026    
Accumulated time: pickout 0.0005    decision 0.0823    set_bounds 0.0219    solve 0.1107    add 0.0026    
Current (lb-rhs): -13518252.0
576 domains visited
Cumulative time: 0.2354567050933838

BaB round 2
batch: 576
splitting decisions: 
split level 0: [/input-19, 2] [/input-15, 1] [/input-15, 1] [/input-19, 2] [/input-23, 0] [/input-3, 1] [/input-15, 1] [/input-15, 0] [/input-19, 1] [/input-23, 1] 
pruning_in_iteration open status: False
ratio of positive domain = 0 / 1152 = 0.0
pruning-in-iteration extra time: 5.5789947509765625e-05
Time: prepare 0.0369    bound 0.0295    transfer 0.0014    finalize 0.0135    func 0.0814    
Accumulated time: func 0.1908    prepare 0.0471    bound 0.1207    transfer 0.0033    finalize 0.0200    
Current worst splitting domains lb-rhs (depth):
-13516013.00000 (7), -13515920.00000 (7), -13515918.00000 (7), -13515822.00000 (7), -13515818.00000 (7), -13515796.00000 (7), -13515724.00000 (7), -13515712.00000 (7), -13515706.00000 (7), -13515646.00000 (7), -13515636.00000 (7), -13515627.00000 (7), -13515626.00000 (7), -13515619.00000 (7), -13515612.00000 (7), -13515611.00000 (7), -13515611.00000 (7), -13515599.00000 (7), -13515582.00000 (7), -13515582.00000 (7), 
Length of domains: 1152
Time: pickout 0.0061    decision 0.0474    set_bounds 0.0145    solve 0.0815    add 0.0156    
Accumulated time: pickout 0.0066    decision 0.1297    set_bounds 0.0364    solve 0.1922    add 0.0182    
Current (lb-rhs): -13516013.0
1728 domains visited
Cumulative time: 0.40142083168029785

BaB round 3
batch: 1152
splitting decisions: 
split level 0: [/input, 0] [/input-7, 1] [/input-7, 1] [/input-15, 1] [/input-15, 0] [/input-3, 2] [/input-3, 2] [/input-15, 1] [/input-15, 1] [/input-11, 1] 
pruning_in_iteration open status: False
ratio of positive domain = 0 / 2304 = 0.0
pruning-in-iteration extra time: 3.6716461181640625e-05
Time: prepare 0.0720    bound 0.0298    transfer 0.0017    finalize 0.0264    func 0.1300    
Accumulated time: func 0.3208    prepare 0.1193    bound 0.1505    transfer 0.0050    finalize 0.0463    
Current worst splitting domains lb-rhs (depth):
-13515472.00000 (8), -13514734.00000 (8), -13514566.00000 (8), -13514320.00000 (8), -13514272.00000 (8), -13514186.00000 (8), -13513832.00000 (8), -13513795.00000 (8), -13513723.00000 (8), -13513719.00000 (8), -13513701.00000 (8), -13513700.00000 (8), -13513673.00000 (8), -13513671.00000 (8), -13513650.00000 (8), -13513586.00000 (8), -13513586.00000 (8), -13513581.00000 (8), -13513563.00000 (8), -13513556.00000 (8), 
Length of domains: 2304
Time: pickout 0.0115    decision 0.0819    set_bounds 0.1176    solve 0.1302    add 0.0356    
Accumulated time: pickout 0.0182    decision 0.2116    set_bounds 0.1540    solve 0.3224    add 0.0538    
Current (lb-rhs): -13515472.0
4032 domains visited
Cumulative time: 0.7800168991088867

BaB round 4
batch: 2304
splitting decisions: 
split level 0: [/input-11, 1] [/input-3, 0] [/input-7, 2] [/input, 1] [/input-15, 1] [/input-7, 1] [/input-19, 1] [/input-19, 1] [/input, 2] [/input-7, 1] 
pruning_in_iteration open status: False
ratio of positive domain = 0 / 4608 = 0.0
pruning-in-iteration extra time: 3.5762786865234375e-05
Time: prepare 0.1496    bound 0.0311    transfer 0.0030    finalize 0.0504    func 0.2346    
Accumulated time: func 0.5554    prepare 0.2690    bound 0.1815    transfer 0.0081    finalize 0.0967    
Current worst splitting domains lb-rhs (depth):
-13515472.00000 (9), -13515472.00000 (9), -13514564.00000 (9), -13514564.00000 (9), -13514186.00000 (9), -13514166.00000 (9), -13514116.00000 (9), -13514114.00000 (9), -13513832.00000 (9), -13513832.00000 (9), -13513650.00000 (9), -13513586.00000 (9), -13513576.00000 (9), -13513527.00000 (9), -13513481.00000 (9), -13513375.00000 (9), -13513276.00000 (9), -13513257.00000 (9), -13513245.00000 (9), -13513227.00000 (9), 
Length of domains: 4608
Time: pickout 0.0236    decision 0.1512    set_bounds 0.1456    solve 0.2351    add 0.0694    
Accumulated time: pickout 0.0418    decision 0.3628    set_bounds 0.2996    solve 0.5575    add 0.1232    
Current (lb-rhs): -13515472.0
8640 domains visited
Cumulative time: 1.4079811573028564

BaB round 5
batch: 4608
splitting decisions: 
split level 0: [/input-7, 1] [/input-19, 0] [/input-15, 2] [/input-11, 2] [/input-23, 1] [/input-3, 3] [/input-23, 0] [/input-23, 1] [/input-3, 0] [/input, 0] 
pruning_in_iteration open status: False
ratio of positive domain = 0 / 9216 = 0.0
pruning-in-iteration extra time: 0.00011515617370605469
Time: prepare 0.3044    bound 0.0448    transfer 0.0072    finalize 0.0962    func 0.4531    
Accumulated time: func 1.0085    prepare 0.5737    bound 0.2263    transfer 0.0153    finalize 0.1929    
Current worst splitting domains lb-rhs (depth):
-13515472.00000 (10), -13515472.00000 (10), -13515472.00000 (10), -13515472.00000 (10), -13514564.00000 (10), -13514561.00000 (10), -13514561.00000 (10), -13514186.00000 (10), -13514186.00000 (10), -13514114.00000 (10), -13514111.00000 (10), -13513832.00000 (10), -13513832.00000 (10), -13513832.00000 (10), -13513832.00000 (10), -13513586.00000 (10), -13513586.00000 (10), -13513576.00000 (10), -13513276.00000 (10), -13513245.00000 (10), 
Length of domains: 9216
Time: pickout 0.0511    decision 0.3896    set_bounds 0.2191    solve 0.4540    add 0.1479    
Accumulated time: pickout 0.0929    decision 0.7525    set_bounds 0.5187    solve 1.0115    add 0.2711    
Current (lb-rhs): -13515472.0
17856 domains visited
Cumulative time: 2.6772685050964355

BaB round 6
batch: 9216
splitting decisions: 
split level 0: [/input-23, 1] [/input-19, 1] [/input-19, 1] [/input-23, 0] [/input-15, 2] [/input-11, 2] [/input-7, 0] [/input-3, 0] [/input-7, 1] [/input-15, 0] 
pruning_in_iteration open status: False
ratio of positive domain = 0 / 18432 = 0.0
pruning-in-iteration extra time: 0.00029921531677246094
Time: prepare 0.6401    bound 0.0776    transfer 0.0346    finalize 0.3289    func 1.0821    
Accumulated time: func 2.0906    prepare 1.2140    bound 0.3040    transfer 0.0499    finalize 0.5219    
Current worst splitting domains lb-rhs (depth):
-13515472.00000 (11), -13515472.00000 (11), -13515472.00000 (11), -13515472.00000 (11), -13515472.00000 (11), -13515472.00000 (11), -13515472.00000 (11), -13514564.00000 (11), -13514564.00000 (11), -13514186.00000 (11), -13514186.00000 (11), -13513832.00000 (11), -13513832.00000 (11), -13513599.00000 (11), -13513586.00000 (11), -13513586.00000 (11), -13513586.00000 (11), -13513586.00000 (11), -13513576.00000 (11), -13513576.00000 (11), 
Length of domains: 18432
Time: pickout 0.1070    decision 0.6995    set_bounds 0.3483    solve 1.0839    add 0.2944    
Accumulated time: pickout 0.1998    decision 1.4520    set_bounds 0.8670    solve 2.0955    add 0.5655    
Current (lb-rhs): -13515472.0
36288 domains visited
Cumulative time: 5.227967977523804

BaB round 7
batch: 10240
splitting decisions: 
split level 0: [/input-23, 3] [/input-15, 2] [/input, 3] [/input-7, 1] [/input-7, 0] [/input-15, 1] [/input-15, 1] [/input-11, 4] [/input-7, 2] [/input-11, 2] 
pruning_in_iteration open status: False
ratio of positive domain = 0 / 20480 = 0.0
pruning-in-iteration extra time: 0.0003483295440673828
Time: prepare 0.7204    bound 0.0849    transfer 0.0411    finalize 0.2069    func 1.0541    
Accumulated time: func 3.1447    prepare 1.9348    bound 0.3888    transfer 0.0910    finalize 0.7287    
Current worst splitting domains lb-rhs (depth):
-13515472.00000 (11), -13515472.00000 (12), -13515472.00000 (12), -13515472.00000 (12), -13515472.00000 (11), -13515472.00000 (12), -13515472.00000 (11), -13515472.00000 (12), -13515472.00000 (12), -13514564.00000 (11), -13514561.00000 (12), -13514561.00000 (12), -13514186.00000 (12), -13514186.00000 (11), -13514186.00000 (12), -13513832.00000 (11), -13513832.00000 (12), -13513832.00000 (12), -13513586.00000 (11), -13513586.00000 (11), 
Length of domains: 28672
Time: pickout 0.1337    decision 0.8407    set_bounds 0.4157    solve 1.0565    add 0.0732    
Accumulated time: pickout 0.3335    decision 2.2927    set_bounds 1.2827    solve 3.1520    add 0.6387    
Current (lb-rhs): -13515472.0
56768 domains visited
Cumulative time: 7.767419099807739

BaB round 8
batch: 10240
splitting decisions: 
split level 0: [/input-19, 2] [/input, 4] [/input-19, 1] [/input, 2] [/input, 1] [/input, 3] [/input, 2] [/input-23, 2] [/input-19, 2] [/input, 1] 
pruning_in_iteration open status: False
ratio of positive domain = 0 / 20480 = 0.0
pruning-in-iteration extra time: 0.0003426074981689453
Time: prepare 0.7762    bound 0.0859    transfer 0.0501    finalize 0.2266    func 1.1395    
Accumulated time: func 4.2842    prepare 2.7112    bound 0.4747    transfer 0.1411    finalize 0.9553    
Current worst splitting domains lb-rhs (depth):
-13515472.00000 (11), -13515472.00000 (12), -13515472.00000 (13), -13515472.00000 (11), -13515472.00000 (13), -13515472.00000 (12), -13515472.00000 (11), -13515472.00000 (13), -13515472.00000 (13), -13515472.00000 (12), -13514564.00000 (11), -13514561.00000 (12), -13514186.00000 (11), -13514186.00000 (13), -13514186.00000 (12), -13514186.00000 (13), -13513832.00000 (11), -13513832.00000 (13), -13513832.00000 (12), -13513832.00000 (13), 
Length of domains: 38912
Time: pickout 0.1340    decision 0.8321    set_bounds 0.4635    solve 1.1419    add 0.4909    
Accumulated time: pickout 0.4675    decision 3.1248    set_bounds 1.7462    solve 4.2939    add 1.1297    
Current (lb-rhs): -13515472.0
77248 domains visited
Cumulative time: 10.845125913619995

BaB round 9
batch: 10240
splitting decisions: 
split level 0: [/input, 1] [/input-23, 0] [/input-7, 0] [/input-15, 1] [/input-3, 4] [/input-3, 0] [/input-19, 2] [/input-3, 2] [/input-23, 0] [/input-23, 1] 
pruning_in_iteration open status: False
ratio of positive domain = 0 / 20480 = 0.0
pruning-in-iteration extra time: 0.0003414154052734375
Time: prepare 0.7685    bound 0.0850    transfer 0.0098    finalize 0.4287    func 1.2926    
Accumulated time: func 5.5769    prepare 3.4800    bound 0.5597    transfer 0.1509    finalize 1.3839    
Current worst splitting domains lb-rhs (depth):
-13515472.00000 (14), -13515472.00000 (11), -13515472.00000 (11), -13515472.00000 (12), -13515472.00000 (14), -13515472.00000 (12), -13515472.00000 (14), -13515472.00000 (11), -13515472.00000 (13), -13515472.00000 (14), -13515472.00000 (13), -13515472.00000 (12), -13514564.00000 (11), -13514561.00000 (12), -13514186.00000 (12), -13514186.00000 (13), -13514186.00000 (11), -13513832.00000 (11), -13513832.00000 (12), -13513832.00000 (13), 
Length of domains: 49152
Time: pickout 0.1469    decision 0.8969    set_bounds 0.2485    solve 1.2946    add 0.0678    
Accumulated time: pickout 0.6143    decision 4.0216    set_bounds 1.9947    solve 5.5885    add 1.1975    
Current (lb-rhs): -13515472.0
97728 domains visited
Cumulative time: 13.513198614120483

BaB round 10
batch: 10240
splitting decisions: 
split level 0: [/input-15, 1] [/input, 5] [/input-7, 1] [/input-3, 2] [/input-11, 2] [/input, 4] [/input-23, 2] [/input-15, 0] [/input, 3] [/input-11, 3] 
pruning_in_iteration open status: False
ratio of positive domain = 0 / 20480 = 0.0
pruning-in-iteration extra time: 0.0003459453582763672
Time: prepare 0.7822    bound 0.0847    transfer 0.0097    finalize 0.1708    func 1.0486    
Accumulated time: func 6.6254    prepare 4.2624    bound 0.6444    transfer 0.1606    finalize 1.5548    
Current worst splitting domains lb-rhs (depth):
-13515472.00000 (12), -13515472.00000 (13), -13515472.00000 (11), -13515472.00000 (15), -13515472.00000 (14), -13515472.00000 (11), -13515472.00000 (11), -13515472.00000 (14), -13515472.00000 (15), -13515472.00000 (15), -13515472.00000 (12), -13515472.00000 (15), -13515472.00000 (12), -13515472.00000 (13), -13514564.00000 (11), -13514561.00000 (12), -13514186.00000 (13), -13514186.00000 (11), -13514186.00000 (12), -13513832.00000 (15), 
Length of domains: 59392
Time: pickout 0.1503    decision 0.6359    set_bounds 0.5628    solve 1.0506    add 0.0719    
Accumulated time: pickout 0.7646    decision 4.6575    set_bounds 2.5575    solve 6.6391    add 1.2694    
Current (lb-rhs): -13515472.0
118208 domains visited
Cumulative time: 15.99866008758545

BaB round 11
batch: 10240
splitting decisions: 
split level 0: [/input-23, 4] [/input-19, 2] [/input-15, 0] [/input-23, 1] [/input-11, 3] [/input-11, 1] [/input-3, 2] [/input, 0] [/input-3, 1] [/input-3, 0] 
pruning_in_iteration open status: False
ratio of positive domain = 0 / 20480 = 0.0
pruning-in-iteration extra time: 0.00036263465881347656
Time: prepare 0.7945    bound 0.0849    transfer 0.0098    finalize 0.1729    func 1.0634    
Accumulated time: func 7.6888    prepare 5.0573    bound 0.7293    transfer 0.1704    finalize 1.7276    
Current worst splitting domains lb-rhs (depth):
-13515472.00000 (15), -13515472.00000 (11), -13515472.00000 (12), -13515472.00000 (11), -13515472.00000 (12), -13515472.00000 (14), -13515472.00000 (13), -13515472.00000 (11), -13515472.00000 (15), -13515472.00000 (13), -13515472.00000 (14), -13515472.00000 (12), -13514564.00000 (11), -13514561.00000 (12), -13514186.00000 (12), -13514186.00000 (13), -13514186.00000 (11), -13513832.00000 (15), -13513832.00000 (11), -13513832.00000 (13), 
Length of domains: 69632
Time: pickout 0.1570    decision 1.0356    set_bounds 0.2506    solve 1.0659    add 4.8548    
Accumulated time: pickout 0.9216    decision 5.6932    set_bounds 2.8081    solve 7.7049    add 6.1242    
Current (lb-rhs): -13515472.0
138688 domains visited
Cumulative time: 23.37704849243164

BaB round 12
batch: 10240
splitting decisions: 
split level 0: [/input-7, 2] [/input-11, 3] [/input-15, 1] [/input, 3] [/input-7, 1] [/input-7, 2] [/input-11, 1] [/input-11, 5] [/input-23, 1] [/input-3, 1] 
pruning_in_iteration open status: False
ratio of positive domain = 0 / 20480 = 0.0
pruning-in-iteration extra time: 0.0003376007080078125
Time: prepare 1.0852    bound 0.0878    transfer 0.0112    finalize 0.1779    func 1.3631    
Accumulated time: func 9.0520    prepare 6.1428    bound 0.8171    transfer 0.1816    finalize 1.9056    
Current worst splitting domains lb-rhs (depth):
-13515472.00000 (13), -13515472.00000 (11), -13515472.00000 (14), -13515472.00000 (15), -13515472.00000 (12), -13515472.00000 (11), -13515472.00000 (11), -13515472.00000 (15), -13515472.00000 (12), -13515472.00000 (13), -13515472.00000 (14), -13515472.00000 (12), -13514564.00000 (11), -13514561.00000 (12), -13514186.00000 (12), -13514186.00000 (13), -13514186.00000 (11), -13513832.00000 (11), -13513832.00000 (15), -13513832.00000 (12), 
Length of domains: 79872
Time: pickout 0.1661    decision 1.0500    set_bounds 0.2879    solve 1.3655    add 0.0799    
Accumulated time: pickout 1.0878    decision 6.7432    set_bounds 3.0961    solve 9.0704    add 6.2042    
Current (lb-rhs): -13515472.0
159168 domains visited
Cumulative time: 26.34326410293579

BaB round 13
batch: 10240
splitting decisions: 
split level 0: [/input-23, 5] [/input-11, 4] [/input-19, 2] [/input, 4] [/input-7, 2] [/input, 5] [/input-11, 2] [/input-23, 3] [/input-7, 3] [/input-3, 2] 
pruning_in_iteration open status: False
ratio of positive domain = 0 / 20480 = 0.0
pruning-in-iteration extra time: 0.0003726482391357422
Time: prepare 0.8368    bound 0.0850    transfer 0.0105    finalize 0.1763    func 1.1096    
Accumulated time: func 10.1615    prepare 6.9799    bound 0.9021    transfer 0.1921    finalize 2.0819    
Current worst splitting domains lb-rhs (depth):
-13515472.00000 (13), -13515472.00000 (13), -13515472.00000 (14), -13515472.00000 (15), -13515472.00000 (12), -13515472.00000 (11), -13515472.00000 (11), -13515472.00000 (12), -13515472.00000 (12), -13515472.00000 (15), -13515472.00000 (14), -13515472.00000 (11), -13514564.00000 (11), -13514561.00000 (12), -13514186.00000 (11), -13514186.00000 (12), -13514186.00000 (13), -13513832.00000 (15), -13513832.00000 (13), -13513832.00000 (12), 
Length of domains: 90112
Time: pickout 0.1808    decision 1.1724    set_bounds 0.2594    solve 1.1119    add 0.0812    
Accumulated time: pickout 1.2686    decision 7.9156    set_bounds 3.3555    solve 10.1823    add 6.2853    
Current (lb-rhs): -13515472.0
179648 domains visited
Cumulative time: 29.16649866104126

BaB round 14
batch: 10240
splitting decisions: 
split level 0: [/input, 2] [/input-19, 3] [/input-19, 3] [/input-3, 3] [/input, 2] [/input-15, 2] [/input-15, 2] [/input-23, 4] [/input-19, 3] [/input-11, 4] 
pruning_in_iteration open status: False
ratio of positive domain = 0 / 20480 = 0.0
pruning-in-iteration extra time: 0.0003795623779296875
Time: prepare 0.8323    bound 0.0852    transfer 0.0105    finalize 0.1713    func 1.1002    
Accumulated time: func 11.2618    prepare 7.8125    bound 0.9873    transfer 0.2026    finalize 2.2532    
Current worst splitting domains lb-rhs (depth):
-13515472.00000 (11), -13515472.00000 (13), -13515472.00000 (15), -13515472.00000 (12), -13515472.00000 (14), -13515472.00000 (12), -13515472.00000 (11), -13515472.00000 (13), -13515472.00000 (15), -13515472.00000 (12), -13515472.00000 (11), -13515472.00000 (14), -13514564.00000 (11), -13514561.00000 (12), -13514186.00000 (13), -13514186.00000 (12), -13514186.00000 (11), -13513832.00000 (15), -13513832.00000 (11), -13513832.00000 (13), 
Length of domains: 100352
Time: pickout 0.1898    decision 1.1968    set_bounds 0.2594    solve 1.1022    add 0.0786    
Accumulated time: pickout 1.4583    decision 9.1124    set_bounds 3.6150    solve 11.2845    add 6.3640    
Current (lb-rhs): -13515472.0
200128 domains visited
Time out!!!!!!!!
Result: timeout
Time: 33.22315216064453

------------------------- COMMAND ------------------------------
/data1/Kane/miniconda3/envs/GenBaB/bin/python /data1/Kane/GenBaB/alpha-beta-CROWN/complete_verifier/abcrown.py --config /data1/Kane/GenBaB/alpha-beta-CROWN/complete_verifier/exp_configs/vnncomp24/cora.yaml --precompile_jit --onnx_path /data1/Kane/data/vnncomp2025_benchmarks/benchmarks/cora_2024/./onnx/svhn-trades.onnx --vnnlib_path /data1/Kane/data/vnncomp2025_benchmarks/benchmarks/cora_2024/vnnlib/svhn-img760.vnnlib --results_file /data1/Kane/ACT/audit_results/abcrown_nopgd_20260525/cora_2024/0119__svhn-trades__svhn-img760.result --timeout 30.0 --save_adv_example --pgd_order=skip
----------------------------------------------------------------

