[0;93m2026-05-26 08:52:14.872193003 [W:onnxruntime:Default, device_discovery.cc:325 DiscoverDevicesForPlatform] GPU device discovery failed: device_discovery.cc:92 ReadFileContents Failed to open file: "/sys/class/drm/card0/device/vendor"[m
Configurations:

general:
  device: cuda
  seed: 100
  conv_mode: patches
  deterministic: false
  double_fp: false
  loss_reduction_func: sum
  sparse_alpha: true
  sparse_interm: true
  save_adv_example: true
  verify_onnxruntime_output: false
  eval_adv_example: false
  show_adv_example: false
  precompile_jit: true
  prepare_only: false
  complete_verifier: bab
  enable_incomplete_verification: true
  csv_name: instances.csv
  results_file: /data1/Kane/ACT/audit_results/abcrown_nopgd_20260525/cora_2024/0134__cifar10-trades__cifar10-img126.result
  root_path: ../../vnncomp2024_benchmarks/benchmarks/cora
  deterministic_opt: false
  graph_optimizer: 'Customized("custom_graph_optimizer", "default_optimizer")'
  buffer_has_batchdim: false
  save_output: false
  output_file: out.pkl
  return_optimized_model: false
model:
  name: null
  path: null
  onnx_path: /data1/Kane/data/vnncomp2025_benchmarks/benchmarks/cora_2024/./onnx/cifar10-trades.onnx
  onnx_path_prefix: ''
  cache_onnx_conversion: false
  debug_onnx: false
  onnx_quirks: null
  input_shape: null
  onnx_loader: default_onnx_and_vnnlib_loader
  onnx_optimization_flags: []
  onnx_vnnlib_joint_optimization_flags: none
  check_optimized: false
  flatten_final_output: false
  optimize_graph: null
  with_jacobian: false
data:
  start: 0
  end: 10000
  select_instance: null
  num_outputs: 10
  mean: 0.0
  std: 1.0
  pkl_path: null
  dataset: null
  data_filter_path: null
  data_idx_file: null
specification:
  type: lp
  robustness_type: verified-acc
  norm: .inf
  epsilon: null
  epsilon_min: 0.0
  vnnlib_path: /data1/Kane/data/vnncomp2025_benchmarks/benchmarks/cora_2024/vnnlib/cifar10-img126.vnnlib
  vnnlib_path_prefix: ''
  rhs_offset: null
solver:
  batch_size: 10240
  auto_enlarge_batch_size: false
  min_batch_size_ratio: 0.1
  use_float64_in_last_iteration: false
  early_stop_patience: 10
  start_save_best: 0.5
  bound_prop_method: alpha-crown
  init_bound_prop_method: same
  prune_after_crown: true
  optimize_disjuncts_separately: false
  crown:
    batch_size: 1000000000
    max_crown_size: 1000000000
    activation_bound_option: adaptive
    compare_crown_with_ibp: false
  alpha-crown:
    alpha: true
    lr_alpha: 0.3
    iteration: 20
    share_alphas: false
    lr_decay: 0.98
    full_conv_alpha: true
    max_coeff_mul: .inf
    matmul_share_alphas: false
    disable_optimization: []
    max_time: 1.0
  invprop:
    apply_output_constraints_to: []
    tighten_input_bounds: false
    best_of_oc_and_no_oc: false
    directly_optimize: []
    oc_lr: 0.1
    share_gammas: false
  beta-crown:
    lr_alpha: 0.03
    lr_beta: 0.1
    lr_decay: 0.98
    optimizer: adam
    iteration: 5
    beta: true
    beta_warmup: true
    enable_opt_interm_bounds: false
    all_node_split_LP: false
  forward:
    refine: false
    max_dim: 10000
    reset_threshold: 1.0
  multi_class:
    label_batch_size: 32
    skip_with_refined_bound: true
  mip:
    unstable_neuron_threshold: 0
    parallel_solvers: null
    solver_threads: 1
    refine_neuron_timeout: 15
    refine_neuron_time_percentage: 0.8
    early_stop: true
    adv_warmup: true
    mip_solver: gurobi
    skip_unsafe: false
    topk_filter: 1.0
    sliding_window: -1
    extra_constraint: false
    refine_neuron_timeout_increasement: 0
    timeout_neuron_percentage: 0.3
    remaining_timeout_threshold: 1
    remove_unstable_neurons: false
    lp_solver: false
bab:
  initial_max_domains: 100
  backing_up_max_domain: null
  max_domains: .inf
  decision_thresh: 0
  timeout: 30.0
  timeout_scale: 1
  max_iterations: -1
  override_timeout: null
  get_upper_bound: false
  pruning_in_iteration: true
  pruning_in_iteration_ratio: 0.2
  sort_targets: false
  batched_domain_list: true
  optimized_interm: ''
  interm_transfer: false
  recompute_interm: false
  sort_domain_interval: -1
  vanilla_crown: false
  tree_traversal: depth_first
  cut:
    enabled: false
    cuts_path: /tmp/abcrown_cuts
    implication: false
    bab_cut: false
    lp_cut: false
    method: null
    lr: 0.01
    lr_decay: 1.0
    iteration: 100
    bab_iteration: -1
    early_stop_patience: -1
    lr_beta: 0.02
    number_cuts: 50
    topk_cuts_in_filter: 1000
    batch_size_primal: 100
    max_num: 1000000000
    patches_cut: false
    cplex_cuts: false
    cplex_cuts_wait: 0
    cplex_cuts_revpickup: true
    cut_reference_bounds: true
    fix_intermediate_bounds: false
    biccos:
      enabled: false
      constraint_strengthening: true
      recursively_strengthening: false
      drop_ratio: 0.5
      verified_bonus: 0.3
      max_infer_iter: 20
      heuristic: neuron_influence_score
      save_biccos_cuts: false
      multi_tree_branching:
        enabled: false
        restore_best_tree: false
        keep_n_best_domains: 1
        k_splits: 1
        iterations: 1
  branching:
    method: kfsb
    candidates: 3
    reduceop: max
    enable_intermediate_bound_opt: false
    branching_input_and_activation: false
    branching_input_and_activation_order: [input, relu]
    branching_input_iterations: 30
    branching_relu_iterations: 50
    nonlinear_split:
      method: bbps
      disable: false
      branching_point_method: uniform
      num_branches: 2
      filter: false
      filter_beta: false
      filter_clamp: false
      filter_batch_size: 10000
      filter_iterations: 25
      relu_only: false
      loose_tanh_threshold: null
      branching_point:
        db_path: branching_points.pt
        num_iterations: 1000
        batch_size: 1000000
        range_l: -5.0
        range_u: 5.0
        log_interval: 100
        step_size_1d: 0.01
        step_size: 0.2
    input_split:
      enable_clip_domains: false
      split_hint: null
      reorder_bab: false
      enable: false
      enhanced_bound_prop_method: alpha-crown
      enhanced_branching_method: naive
      enhanced_bound_patience: 100000000.0
      attack_patience: 100000000.0
      adv_check: 0
      split_partitions: 2
      sb_margin_weight: 1.0
      sb_sum: false
      sb_primary_spec: null
      bf_backup_thresh: -1
      bf_rhs_offset: 0
      bf_iters: 1000000000.0
      bf_batch_size: 100000
      bf_zero_crossing_score: false
      touch_zero_score: 0
      ibp_enhancement: false
      compare_with_old_bounds: false
      update_rhs_with_attack: false
      sb_coeff_thresh: 0.001
      sort_index: null
      sort_descending: true
      show_progress: false
      presplit_domains: null
      skip_getting_worst_domain: false
  attack:
    enabled: false
    beam_candidates: 8
    beam_depth: 7
    max_dive_fix_ratio: 0.8
    min_local_free_ratio: 0.2
    mip_start_iteration: 5
    mip_timeout: 30.0
    adv_pool_threshold: null
    refined_mip_attacker: false
    refined_batch_size: null
attack:
  pgd_order: skip
  pgd_steps: 100
  pgd_restarts: 30
  pgd_batch_size: 100000000
  pgd_early_stop: true
  pgd_lr_decay: 0.99
  pgd_alpha: auto
  pgd_alpha_scale: false
  pgd_loss_mode: null
  pgd_restart_when_stuck: false
  enable_mip_attack: false
  adv_saver: default_adv_saver
  adv_verifier: default_adv_verifier
  early_stop_condition: default_early_stop_condition
  adv_example_finalizer: default_adv_example_finalizer
  pgd_loss: default_pgd_loss
  cex_path: ./test_cex.txt
  attack_mode: PGD
  attack_tolerance: 0.0
  attack_func: attack_with_general_specs
  gama_lambda: 10.0
  gama_decay: 0.9
  check_clean: false
  input_split:
    pgd_steps: 100
    pgd_restarts: 30
    pgd_alpha: auto
  input_split_enhanced:
    pgd_steps: 200
    pgd_restarts: 500000
    pgd_alpha: auto
  input_split_check_adv:
    enabled: auto
    pgd_steps: 5
    pgd_restarts: 5
    pgd_alpha: auto
    max_num_domains: 10
debug:
  view_model: false
  lp_test: null
  rescale_vnnlib_ptb: null
  test_optimized_bounds: false
  test_optimized_bounds_after_n_iterations: 0
  print_verbose_decisions: false
  sanity_check: null
  save_minimal_config: null
  save_minimal_config_omit_keys: []

Experiments at Tue May 26 08:52:15 2026 on dell-pro-max-tower-t2
Pre-compile jit kernels on a toy network...
JIT kernels compiled in 0.8868s.
Internal results will be saved to /data1/Kane/ACT/audit_results/abcrown_nopgd_20260525/cora_2024/0134__cifar10-trades__cifar10-img126.result./data1/Kane/miniconda3/envs/GenBaB/lib/python3.11/site-packages/onnx2pytorch/convert/operations.py:154: UserWarning: The given NumPy array is not writable, and PyTorch does not support non-writable tensors. This means writing to this tensor will result in undefined behavior. You may want to copy the array to protect its data or make it writable before converting it to a tensor. This type of warning will be suppressed for the rest of this program. (Triggered internally at /pytorch/torch/csrc/utils/tensor_numpy.cpp:206.)
  weight = torch.from_numpy(numpy_helper.to_array(params[0]))
/data1/Kane/miniconda3/envs/GenBaB/lib/python3.11/site-packages/onnx2pytorch/convert/model.py:151: UserWarning: Using experimental implementation that allows 'batch_size > 1'.Batchnorm layers could potentially produce false outputs.
  warnings.warn(
/data1/Kane/miniconda3/envs/GenBaB/lib/python3.11/site-packages/onnx2pytorch/utils.py:21: TracerWarning: Converting a tensor to a Python boolean might cause the trace to be incorrect. We can't record the data flow of Python values, so this value will be treated as a constant in the future. This means that the trace might not generalize to other inputs!
  return value.ndim == 0 or value.shape == torch.Size([1])
/data1/Kane/miniconda3/envs/GenBaB/lib/python3.11/site-packages/onnx2pytorch/operations/add.py:34: TracerWarning: Converting a tensor to a Python boolean might cause the trace to be incorrect. We can't record the data flow of Python values, so this value will be treated as a constant in the future. This means that the trace might not generalize to other inputs!
  elif all(x == 1 for x in input[0].shape):
/data1/Kane/GenBaB/alpha-beta-CROWN/complete_verifier/auto_LiRPA/operators/leaf.py:91: UserWarning: The "has_batchdim" option for BoundBuffers is deprecated. It may be removed from the next release.
  warnings.warn('The "has_batchdim" option for BoundBuffers is deprecated.'


 %%%%%%%%%%%%%%%%%%%%%%%%%%%%%%%%%%% idx: 0, vnnlib ID: 0 %%%%%%%%%%%%%%%%%%%%%%%%%%%%%%%%%%%
Using onnx /data1/Kane/data/vnncomp2025_benchmarks/benchmarks/cora_2024/./onnx/cifar10-trades.onnx
Using vnnlib /data1/Kane/data/vnncomp2025_benchmarks/benchmarks/cora_2024/vnnlib/cifar10-img126.vnnlib
Precompiled vnnlib file found at /data1/Kane/data/vnncomp2025_benchmarks/benchmarks/cora_2024/vnnlib/cifar10-img126.vnnlib.compiled
Loading onnx /data1/Kane/data/vnncomp2025_benchmarks/benchmarks/cora_2024/./onnx/cifar10-trades.onnx with quirks {}
Finished onnx model loading in 0.0237 seconds
Model: BoundedModule(
  (/0): BoundInput(name=/0, inputs=[], perturbed=True)
  (/1): BoundBuffers(name=/1, inputs=[], perturbed=False)
  (/2): BoundBuffers(name=/2, inputs=[], perturbed=False)
  (/19): BoundParams(name=/19, inputs=[], perturbed=False)
  (/20): BoundParams(name=/20, inputs=[], perturbed=False)
  (/21): BoundParams(name=/21, inputs=[], perturbed=False)
  (/22): BoundParams(name=/22, inputs=[], perturbed=False)
  (/23): BoundParams(name=/23, inputs=[], perturbed=False)
  (/24): BoundParams(name=/24, inputs=[], perturbed=False)
  (/25): BoundParams(name=/25, inputs=[], perturbed=False)
  (/26): BoundParams(name=/26, inputs=[], perturbed=False)
  (/27): BoundParams(name=/27, inputs=[], perturbed=False)
  (/28): BoundParams(name=/28, inputs=[], perturbed=False)
  (/29): BoundParams(name=/29, inputs=[], perturbed=False)
  (/30): BoundParams(name=/30, inputs=[], perturbed=False)
  (/31): BoundParams(name=/31, inputs=[], perturbed=False)
  (/32): BoundParams(name=/32, inputs=[], perturbed=False)
  (/33): BoundParams(name=/33, inputs=[], perturbed=False)
  (/34): BoundParams(name=/34, inputs=[], perturbed=False)
  (/35): BoundMul(name=/35, inputs=[/0, /1], perturbed=True)
  (/36): BoundAdd(name=/36, inputs=[/35, /2], perturbed=True)
  (/input): BoundLinear(name=/input, inputs=[/36, /19, /20], perturbed=True)
  (/38): BoundRelu(name=/38, inputs=[/input], perturbed=True)
  (/input-3): BoundLinear(name=/input-3, inputs=[/38, /21, /22], perturbed=True)
  (/40): BoundRelu(name=/40, inputs=[/input-3], perturbed=True)
  (/input-7): BoundLinear(name=/input-7, inputs=[/40, /23, /24], perturbed=True)
  (/42): BoundRelu(name=/42, inputs=[/input-7], perturbed=True)
  (/input-11): BoundLinear(name=/input-11, inputs=[/42, /25, /26], perturbed=True)
  (/44): BoundRelu(name=/44, inputs=[/input-11], perturbed=True)
  (/input-15): BoundLinear(name=/input-15, inputs=[/44, /27, /28], perturbed=True)
  (/46): BoundRelu(name=/46, inputs=[/input-15], perturbed=True)
  (/input-19): BoundLinear(name=/input-19, inputs=[/46, /29, /30], perturbed=True)
  (/48): BoundRelu(name=/48, inputs=[/input-19], perturbed=True)
  (/input-23): BoundLinear(name=/input-23, inputs=[/48, /31, /32], perturbed=True)
  (/50): BoundRelu(name=/50, inputs=[/input-23], perturbed=True)
  (/51): BoundLinear(name=/51, inputs=[/50, /33, /34], perturbed=True)
)
Original output: tensor([[-0.69233429, -4.32813025,  2.86020303, -0.39760762,  3.59926867,
         -0.55714864,  1.28734243, -1.40568721, -1.54076886, -4.01775074]],
       device='cuda:0')
Split layers:
Nonlinear functions:
   BoundRelu(name=/38, inputs=[/input], perturbed=True)
   BoundRelu(name=/40, inputs=[/input-3], perturbed=True)
   BoundRelu(name=/42, inputs=[/input-7], perturbed=True)
   BoundRelu(name=/44, inputs=[/input-11], perturbed=True)
   BoundRelu(name=/46, inputs=[/input-15], perturbed=True)
   BoundRelu(name=/48, inputs=[/input-19], perturbed=True)
   BoundRelu(name=/50, inputs=[/input-23], perturbed=True)
layer /38 using sparse-features alpha with shape [155]; unstable size 155; total size 250 ([1, 250])
layer /38 start_node /input-3 using full alpha [2, 250, 1, 155] with unstable size 243 total_size 250 output_shape torch.Size([250])
layer /38 start_node /input-7 using full alpha [2, 250, 1, 155] with unstable size 250 total_size 250 output_shape torch.Size([250])
layer /38 start_node /input-11 using full alpha [2, 250, 1, 155] with unstable size 250 total_size 250 output_shape torch.Size([250])
layer /38 start_node /input-15 using full alpha [2, 250, 1, 155] with unstable size 250 total_size 250 output_shape torch.Size([250])
layer /38 start_node /input-19 using full alpha [2, 250, 1, 155] with unstable size 250 total_size 250 output_shape torch.Size([250])
layer /38 start_node /input-23 using full alpha [2, 250, 1, 155] with unstable size 250 total_size 250 output_shape torch.Size([250])
layer /38 start_node /51 using full alpha [2, 9, 1, 155] with unstable size None total_size 9 output_shape 9
layer /40 using full alpha with shape torch.Size([250]); unstable size 243; total size 250 ([1, 250])
layer /40 start_node /input-7 using full alpha [2, 250, 1, 250] with unstable size 250 total_size 250 output_shape torch.Size([250])
layer /40 start_node /input-11 using full alpha [2, 250, 1, 250] with unstable size 250 total_size 250 output_shape torch.Size([250])
layer /40 start_node /input-15 using full alpha [2, 250, 1, 250] with unstable size 250 total_size 250 output_shape torch.Size([250])
layer /40 start_node /input-19 using full alpha [2, 250, 1, 250] with unstable size 250 total_size 250 output_shape torch.Size([250])
layer /40 start_node /input-23 using full alpha [2, 250, 1, 250] with unstable size 250 total_size 250 output_shape torch.Size([250])
layer /40 start_node /51 using full alpha [2, 9, 1, 250] with unstable size None total_size 9 output_shape 9
layer /42 using full alpha with shape torch.Size([250]); unstable size 250; total size 250 ([1, 250])
layer /42 start_node /input-11 using full alpha [2, 250, 1, 250] with unstable size 250 total_size 250 output_shape torch.Size([250])
layer /42 start_node /input-15 using full alpha [2, 250, 1, 250] with unstable size 250 total_size 250 output_shape torch.Size([250])
layer /42 start_node /input-19 using full alpha [2, 250, 1, 250] with unstable size 250 total_size 250 output_shape torch.Size([250])
layer /42 start_node /input-23 using full alpha [2, 250, 1, 250] with unstable size 250 total_size 250 output_shape torch.Size([250])
layer /42 start_node /51 using full alpha [2, 9, 1, 250] with unstable size None total_size 9 output_shape 9
layer /44 using full alpha with shape torch.Size([250]); unstable size 250; total size 250 ([1, 250])
layer /44 start_node /input-15 using full alpha [2, 250, 1, 250] with unstable size 250 total_size 250 output_shape torch.Size([250])
layer /44 start_node /input-19 using full alpha [2, 250, 1, 250] with unstable size 250 total_size 250 output_shape torch.Size([250])
layer /44 start_node /input-23 using full alpha [2, 250, 1, 250] with unstable size 250 total_size 250 output_shape torch.Size([250])
layer /44 start_node /51 using full alpha [2, 9, 1, 250] with unstable size None total_size 9 output_shape 9
layer /46 using full alpha with shape torch.Size([250]); unstable size 250; total size 250 ([1, 250])
layer /46 start_node /input-19 using full alpha [2, 250, 1, 250] with unstable size 250 total_size 250 output_shape torch.Size([250])
layer /46 start_node /input-23 using full alpha [2, 250, 1, 250] with unstable size 250 total_size 250 output_shape torch.Size([250])
layer /46 start_node /51 using full alpha [2, 9, 1, 250] with unstable size None total_size 9 output_shape 9
layer /48 using full alpha with shape torch.Size([250]); unstable size 250; total size 250 ([1, 250])
layer /48 start_node /input-23 using full alpha [2, 250, 1, 250] with unstable size 250 total_size 250 output_shape torch.Size([250])
layer /48 start_node /51 using full alpha [2, 9, 1, 250] with unstable size None total_size 9 output_shape 9
layer /50 using full alpha with shape torch.Size([250]); unstable size 250; total size 250 ([1, 250])
layer /50 start_node /51 using full alpha [2, 9, 1, 250] with unstable size None total_size 9 output_shape 9
Optimizable variables initialized.
initial CROWN bounds: tensor([[-1039.22387695, -1179.46862793, -1004.72033691,  -890.98730469,
          -880.14801025, -1035.90905762, -1111.52929688, -1203.83703613,
         -1191.52941895]], device='cuda:0') None
prune_after_crown optimization in use: original label size = 9 pruned label size = 9
best_l after optimization: -4701.9638671875
alpha/beta optimization time: 0.5875279903411865
initial alpha-crown bounds: tensor([[-504.35678101, -565.99847412, -532.71020508, -431.47708130,
         -418.59249878, -531.61437988, -552.55499268, -584.36657715,
         -580.29309082]], device='cuda:0')
Number of class (without rhs): 9 ; Worst class: (+ rhs) -584.3665771484375
Total VNNLIB file length: 9, max property batch size: 100, total number of batches: 1
lA shape: [torch.Size([9, 1, 250]), torch.Size([9, 1, 250]), torch.Size([9, 1, 250]), torch.Size([9, 1, 250]), torch.Size([9, 1, 250]), torch.Size([9, 1, 250]), torch.Size([9, 1, 250])]

Properties batch 0, size 9
Remaining timeout: 29.28249502182007
Verifying property 0 with 9 instances.
##### Instance 0 first 10 spec matrices: 
tensor([[[-1.,  0.,  0.,  0.,  1.,  0.,  0.,  0.,  0.,  0.]],

        [[ 0., -1.,  0.,  0.,  1.,  0.,  0.,  0.,  0.,  0.]],

        [[ 0.,  0., -1.,  0.,  1.,  0.,  0.,  0.,  0.,  0.]],

        [[ 0.,  0.,  0., -1.,  1.,  0.,  0.,  0.,  0.,  0.]],

        [[ 0.,  0.,  0.,  0.,  1., -1.,  0.,  0.,  0.,  0.]],

        [[ 0.,  0.,  0.,  0.,  1.,  0., -1.,  0.,  0.,  0.]],

        [[ 0.,  0.,  0.,  0.,  1.,  0.,  0., -1.,  0.,  0.]],

        [[ 0.,  0.,  0.,  0.,  1.,  0.,  0.,  0., -1.,  0.]],

        [[ 0.,  0.,  0.,  0.,  1.,  0.,  0.,  0.,  0., -1.]]],
       dtype=torch.float64)
thresholds: tensor([0., 0., 0., 0., 0., 0., 0., 0., 0.], device='cuda:0') ######
Remaining spec index tensor([0, 1, 2, 3, 4, 5, 6, 7, 8], device='cuda:0') with bounds tensor([[-504.35678101],
        [-565.99847412],
        [-532.71020508],
        [-431.47708130],
        [-418.59249878],
        [-531.61437988],
        [-552.55499268],
        [-584.36657715],
        [-580.29309082]], device='cuda:0') need to verify.
torch allclose failed: norm 1.6196023352677003e-05
Model prediction is: tensor([-0.69233429, -4.32813025,  2.86020303, -0.39760762,  3.59926867,
        -0.55714864,  1.28734243, -1.40568721, -1.54076886, -4.01775074],
       device='cuda:0')
build_with_refined_bounds batch [1/1]
setting alpha for layer /38 start_node /51 with alignment adjustment
setting alpha for layer /40 start_node /51 with alignment adjustment
setting alpha for layer /42 start_node /51 with alignment adjustment
setting alpha for layer /44 start_node /51 with alignment adjustment
setting alpha for layer /46 start_node /51 with alignment adjustment
setting alpha for layer /48 start_node /51 with alignment adjustment
setting alpha for layer /50 start_node /51 with alignment adjustment
all alpha initialized
directly get lb and ub from refined bounds
c shape: torch.Size([9, 1, 10])
lA shapes: [torch.Size([9, 1, 250]), torch.Size([9, 1, 250]), torch.Size([9, 1, 250]), torch.Size([9, 1, 250]), torch.Size([9, 1, 250]), torch.Size([9, 1, 250]), torch.Size([9, 1, 250])]
(alpha-)CROWN with fixed intermediate bounds: tensor([[-504.35678101],
        [-565.99847412],
        [-532.71020508],
        [-431.47708130],
        [-418.59249878],
        [-531.61437988],
        [-552.55499268],
        [-584.36657715],
        [-580.29309082]], device='cuda:0') tensor([[inf],
        [inf],
        [inf],
        [inf],
        [inf],
        [inf],
        [inf],
        [inf],
        [inf]], device='cuda:0')
Intermediate layers: /input,/input-3,/input-7,/input-11,/input-15,/input-19,/input-23,/51
Keeping alphas for these layers: ['/51']
Keeping alphas for these layers: ['/51']
Node /38 input 0: size torch.Size([250]) unstable 155
Node /40 input 0: size torch.Size([250]) unstable 243
Node /42 input 0: size torch.Size([250]) unstable 250
Node /44 input 0: size torch.Size([250]) unstable 250
Node /46 input 0: size torch.Size([250]) unstable 250
Node /48 input 0: size torch.Size([250]) unstable 250
Node /50 input 0: size torch.Size([250]) unstable 250
-----------------
# of unstable neurons: 1648
-----------------

BaB round 1
batch: 9
splitting decisions: 
split level 0: [/input-23, 48] [/input-23, 34] [/input-23, 192] [/input-23, 168] [/input-23, 122] [/input-23, 55] [/input-23, 190] [/input-23, 170] [/input-23, 77] 
split level 1: [/input-23, 34] [/input-23, 180] [/input-23, 180] [/input-23, 206] [/input-23, 32] [/input-23, 34] [/input-23, 77] [/input-23, 134] [/input-23, 25] 
split level 2: [/input-23, 126] [/input-23, 17] [/input-23, 226] [/input-23, 159] [/input-23, 77] [/input-23, 1] [/input-23, 180] [/input-23, 214] [/input-23, 12] 
split level 3: [/input-23, 192] [/input-23, 214] [/input-23, 206] [/input-23, 55] [/input-23, 227] [/input-23, 25] [/input-19, 39] [/input-23, 12] [/input-23, 54] 
split level 4: [/input-23, 183] [/input-23, 55] [/input-23, 41] [/input-23, 75] [/input-23, 4] [/input-23, 110] [/input-23, 134] [/input-23, 55] [/input-23, 226] 
split level 5: [/input-23, 72] [/input-23, 190] [/input-23, 247] [/input-23, 72] [/input-23, 55] [/input-23, 170] [/input-23, 170] [/input-23, 85] [/input-23, 110] 
pruning_in_iteration open status: False
ratio of positive domain = 0 / 576 = 0.0
pruning-in-iteration extra time: 3.981590270996094e-05
Time: prepare 0.0030    bound 0.0736    transfer 0.0007    finalize 0.0040    func 0.0813    
Accumulated time: func 0.0813    prepare 0.0033    bound 0.0736    transfer 0.0007    finalize 0.0040    
Current worst splitting domains lb-rhs (depth):
-545.78741 (6), -545.61987 (6), -543.33856 (6), -540.80609 (6), -540.17743 (6), -537.74597 (6), -533.64520 (6), -533.24286 (6), -532.44379 (6), -531.86273 (6), -530.11377 (6), -529.36975 (6), -528.17889 (6), -527.52271 (6), -526.85211 (6), -526.09106 (6), -525.61438 (6), -525.33936 (6), -525.25854 (6), -525.19495 (6), 
Length of domains: 576
Time: pickout 0.0005    decision 0.0794    set_bounds 0.0187    solve 0.0817    add 0.0021    
Accumulated time: pickout 0.0005    decision 0.0794    set_bounds 0.0187    solve 0.0817    add 0.0021    
Current (lb-rhs): -545.7874145507812
576 domains visited
Cumulative time: 0.1984269618988037

BaB round 2
batch: 576
splitting decisions: 
split level 0: [/input-23, 79] [/input-23, 147] [/input-23, 186] [/input-23, 48] [/input-23, 80] [/input-23, 89] [/input-23, 122] [/input-23, 41] [/input-23, 65] [/input-23, 79] 
pruning_in_iteration open status: False
ratio of positive domain = 0 / 1152 = 0.0
pruning-in-iteration extra time: 3.600120544433594e-05
Time: prepare 0.0171    bound 0.0279    transfer 0.0018    finalize 0.0099    func 0.0568    
Accumulated time: func 0.1380    prepare 0.0206    bound 0.1015    transfer 0.0025    finalize 0.0138    
Current worst splitting domains lb-rhs (depth):
-541.02722 (7), -541.00073 (7), -540.30127 (7), -537.99371 (7), -537.14435 (7), -534.94293 (7), -528.76556 (7), -528.72040 (7), -528.11237 (7), -528.08276 (7), -526.12946 (7), -525.53363 (7), -523.54718 (7), -522.64154 (7), -522.53961 (7), -522.09406 (7), -521.62659 (7), -521.20844 (7), -521.05060 (7), -519.63629 (7), 
Length of domains: 1152
Time: pickout 0.0031    decision 0.0288    set_bounds 0.0183    solve 0.0569    add 0.0186    
Accumulated time: pickout 0.0036    decision 0.1081    set_bounds 0.0370    solve 0.1386    add 0.0207    
Current (lb-rhs): -541.0272216796875
1728 domains visited
Cumulative time: 0.32486605644226074

BaB round 3
batch: 1152
splitting decisions: 
split level 0: [/input-23, 63] [/input-23, 136] [/input-23, 20] [/input-23, 102] [/input-23, 126] [/input-23, 84] [/input-23, 34] [/input-23, 183] [/input-23, 17] [/input-23, 63] 
pruning_in_iteration open status: False
ratio of positive domain = 0 / 2304 = 0.0
pruning-in-iteration extra time: 3.695487976074219e-05
Time: prepare 0.0355    bound 0.0288    transfer 0.0025    finalize 0.0193    func 0.0861    
Accumulated time: func 0.2242    prepare 0.0562    bound 0.1303    transfer 0.0050    finalize 0.0331    
Current worst splitting domains lb-rhs (depth):
-537.48547 (8), -537.18341 (8), -536.53070 (8), -534.19421 (8), -533.29224 (8), -531.05292 (8), -525.45099 (8), -525.15887 (8), -524.92004 (8), -523.93982 (8), -523.11359 (8), -522.29193 (8), -519.69086 (8), -518.47699 (8), -517.70337 (8), -517.51245 (8), -517.48834 (8), -516.73126 (8), -516.72925 (8), -515.38641 (8), 
Length of domains: 2304
Time: pickout 0.0061    decision 0.1277    set_bounds 0.0366    solve 0.0865    add 0.0346    
Accumulated time: pickout 0.0097    decision 0.2358    set_bounds 0.0736    solve 0.2251    add 0.0552    
Current (lb-rhs): -537.4854736328125
4032 domains visited
Cumulative time: 0.6180727481842041

BaB round 4
batch: 2304
splitting decisions: 
split level 0: [/input-23, 41] [/input-23, 76] [/input-23, 80] [/input-23, 229] [/input-23, 229] [/input-23, 180] [/input-23, 206] [/input-23, 17] [/input-23, 48] [/input-23, 41] 
pruning_in_iteration open status: False
ratio of positive domain = 0 / 4608 = 0.0
pruning-in-iteration extra time: 3.6716461181640625e-05
Time: prepare 0.0702    bound 0.0304    transfer 0.0032    finalize 0.0393    func 0.1433    
Accumulated time: func 0.3674    prepare 0.1266    bound 0.1607    transfer 0.0081    finalize 0.0725    
Current worst splitting domains lb-rhs (depth):
-533.25806 (9), -532.76453 (9), -532.36188 (9), -530.00482 (9), -529.07709 (9), -526.74402 (9), -521.37988 (9), -520.83167 (9), -520.37756 (9), -519.64935 (9), -518.93542 (9), -518.14612 (9), -515.21722 (9), -513.60608 (9), -513.29474 (9), -512.93091 (9), -512.41528 (9), -511.76651 (9), -511.76508 (9), -510.92380 (9), 
Length of domains: 4608
Time: pickout 0.0131    decision 0.1879    set_bounds 0.1761    solve 0.1437    add 0.0716    
Accumulated time: pickout 0.0228    decision 0.4238    set_bounds 0.2497    solve 0.3688    add 0.1268    
Current (lb-rhs): -533.258056640625
8640 domains visited
Cumulative time: 1.2132079601287842

BaB round 5
batch: 4608
splitting decisions: 
split level 0: [/input-23, 31] [/input-23, 167] [/input-23, 89] [/input-23, 17] [/input-23, 231] [/input-23, 48] [/input-23, 52] [/input-23, 186] [/input-23, 136] [/input-23, 31] 
pruning_in_iteration open status: False
ratio of positive domain = 0 / 9216 = 0.0
pruning-in-iteration extra time: 0.00010943412780761719
Time: prepare 0.1422    bound 0.0433    transfer 0.0106    finalize 0.0735    func 0.2703    
Accumulated time: func 0.6378    prepare 0.2689    bound 0.2040    transfer 0.0188    finalize 0.1460    
Current worst splitting domains lb-rhs (depth):
-528.78284 (10), -528.70532 (10), -528.38287 (10), -526.66077 (10), -525.31458 (10), -523.17255 (10), -517.40814 (10), -516.95068 (10), -515.70099 (10), -515.04785 (10), -514.81445 (10), -514.15649 (10), -511.29037 (10), -509.79071 (10), -509.03149 (10), -508.65131 (10), -508.18201 (10), -507.68567 (10), -507.43839 (10), -507.40912 (10), 
Length of domains: 9216
Time: pickout 0.0257    decision 0.2539    set_bounds 0.3789    solve 0.2713    add 0.1440    
Accumulated time: pickout 0.0486    decision 0.6777    set_bounds 0.6285    solve 0.6402    add 0.2708    
Current (lb-rhs): -528.7828369140625
17856 domains visited
Cumulative time: 2.294675350189209

BaB round 6
batch: 9216
splitting decisions: 
split level 0: [/input-23, 117] [/input-23, 77] [/input-23, 183] [/input-23, 81] [/input-23, 17] [/input-23, 70] [/input-23, 28] [/input-23, 167] [/input-23, 140] [/input-23, 117] 
pruning_in_iteration open status: False
ratio of positive domain = 0 / 18432 = 0.0
pruning-in-iteration extra time: 0.00027370452880859375
Time: prepare 0.2905    bound 0.0755    transfer 0.0414    finalize 0.1456    func 0.5539    
Accumulated time: func 1.1916    prepare 0.5596    bound 0.2795    transfer 0.0602    finalize 0.2916    
Current worst splitting domains lb-rhs (depth):
-525.05267 (11), -524.56830 (11), -524.32074 (11), -522.88831 (11), -521.63843 (11), -519.62476 (11), -513.91235 (11), -513.41602 (11), -511.84781 (11), -511.19644 (11), -510.95975 (11), -510.60019 (11), -506.96387 (11), -505.14789 (11), -505.06201 (11), -504.33801 (11), -504.15057 (11), -503.05475 (11), -502.88916 (11), -501.20834 (11), 
Length of domains: 18432
Time: pickout 0.0534    decision 0.2988    set_bounds 0.7335    solve 0.7140    add 0.2820    
Accumulated time: pickout 0.1020    decision 0.9765    set_bounds 1.3620    solve 1.3542    add 0.5528    
Current (lb-rhs): -525.0526733398438
36288 domains visited
Cumulative time: 4.3941404819488525

BaB round 7
batch: 10240
splitting decisions: 
split level 0: [/input-23, 186] [/input-23, 140] [/input-23, 107] [/input-23, 80] [/input-23, 28] [/input-23, 34] [/input-23, 41] [/input-23, 52] [/input-23, 183] [/input-23, 136] 
pruning_in_iteration open status: False
ratio of positive domain = 0 / 20480 = 0.0
pruning-in-iteration extra time: 0.0003039836883544922
Time: prepare 0.3363    bound 0.0835    transfer 0.0493    finalize 0.1716    func 0.6419    
Accumulated time: func 1.8336    prepare 0.8962    bound 0.3630    transfer 0.1095    finalize 0.4632    
Current worst splitting domains lb-rhs (depth):
-525.05267 (11), -524.56830 (11), -524.32074 (11), -522.88831 (11), -521.63843 (11), -519.62476 (11), -513.91235 (11), -513.41602 (11), -511.84781 (11), -511.19644 (11), -510.95975 (11), -510.60019 (11), -506.96387 (11), -505.14789 (11), -505.06201 (11), -504.33801 (11), -504.15057 (11), -503.05475 (11), -502.88916 (11), -501.20834 (11), 
Length of domains: 28672
Time: pickout 0.0690    decision 0.3312    set_bounds 0.8055    solve 0.6441    add 0.0693    
Accumulated time: pickout 0.1711    decision 1.3077    set_bounds 2.1675    solve 1.9983    add 0.6221    
Current (lb-rhs): -525.0526733398438
56768 domains visited
Cumulative time: 6.328956604003906

BaB round 8
batch: 10240
splitting decisions: 
split level 0: [/input-23, 126] [/input-23, 201] [/input-23, 76] [/input-23, 70] [/input-23, 228] [/input-23, 70] [/input-23, 80] [/input-23, 120] [/input-23, 48] [/input-23, 126] 
pruning_in_iteration open status: False
ratio of positive domain = 0 / 20480 = 0.0
pruning-in-iteration extra time: 0.00030517578125
Time: prepare 0.3309    bound 0.0840    transfer 0.0107    finalize 0.4460    func 0.8723    
Accumulated time: func 2.7059    prepare 1.2274    bound 0.4470    transfer 0.1202    finalize 0.9092    
Current worst splitting domains lb-rhs (depth):
-525.05267 (11), -524.56830 (11), -524.32074 (11), -522.88831 (11), -521.63843 (11), -519.62476 (11), -513.91235 (11), -513.41602 (11), -511.84781 (11), -511.19644 (11), -510.95975 (11), -510.60019 (11), -506.96387 (11), -505.14789 (11), -505.06201 (11), -504.33801 (11), -504.15057 (11), -503.05475 (11), -502.88916 (11), -501.20834 (11), 
Length of domains: 38912
Time: pickout 0.0689    decision 0.6218    set_bounds 0.6632    solve 0.8747    add 0.4718    
Accumulated time: pickout 0.2399    decision 1.9295    set_bounds 2.8307    solve 2.8730    add 1.0940    
Current (lb-rhs): -525.0526733398438
77248 domains visited
Cumulative time: 9.04510235786438

BaB round 9
batch: 10240
splitting decisions: 
split level 0: [/input-23, 19] [/input-23, 81] [/input-23, 208] [/input-23, 186] [/input-23, 138] [/input-23, 206] [/input-23, 147] [/input-23, 39] [/input-23, 208] [/input-23, 19] 
pruning_in_iteration open status: False
ratio of positive domain = 0 / 20480 = 0.0
pruning-in-iteration extra time: 0.000339508056640625
Time: prepare 0.3441    bound 0.0832    transfer 0.0091    finalize 0.1290    func 0.5665    
Accumulated time: func 3.2724    prepare 1.5718    bound 0.5302    transfer 0.1293    finalize 1.0382    
Current worst splitting domains lb-rhs (depth):
-525.05267 (11), -524.56830 (11), -524.32074 (11), -522.88831 (11), -521.63843 (11), -519.62476 (11), -513.91235 (11), -513.41602 (11), -511.84781 (11), -511.19644 (11), -510.95975 (11), -510.60019 (11), -506.96387 (11), -505.14789 (11), -505.06201 (11), -504.33801 (11), -504.15057 (11), -503.05475 (11), -502.88916 (11), -501.20834 (11), 
Length of domains: 49152
Time: pickout 0.0738    decision 0.3386    set_bounds 0.7573    solve 0.5688    add 0.0786    
Accumulated time: pickout 0.3137    decision 2.2680    set_bounds 3.5879    solve 3.4418    add 1.1726    
Current (lb-rhs): -525.0526733398438
97728 domains visited
Cumulative time: 10.88033390045166

BaB round 10
batch: 10240
splitting decisions: 
split level 0: [/input-23, 21] [/input-23, 20] [/input-23, 85] [/input-23, 147] [/input-23, 208] [/input-23, 32] [/input-23, 186] [/input-23, 1] [/input-23, 65] [/input-23, 21] 
pruning_in_iteration open status: False
ratio of positive domain = 0 / 20480 = 0.0
pruning-in-iteration extra time: 0.0003840923309326172
Time: prepare 0.3328    bound 0.0834    transfer 0.0103    finalize 0.1285    func 0.5559    
Accumulated time: func 3.8282    prepare 1.9050    bound 0.6136    transfer 0.1396    finalize 1.1667    
Current worst splitting domains lb-rhs (depth):
-525.05267 (11), -524.56830 (11), -524.32074 (11), -522.88831 (11), -521.63843 (11), -519.62476 (11), -513.91235 (11), -513.41602 (11), -511.84781 (11), -511.19644 (11), -510.95975 (11), -510.60019 (11), -506.96387 (11), -505.14789 (11), -505.06201 (11), -504.33801 (11), -504.15057 (11), -503.05475 (11), -502.88916 (11), -501.20834 (11), 
Length of domains: 59392
Time: pickout 0.0767    decision 0.7776    set_bounds 0.7332    solve 0.5579    add 0.0679    
Accumulated time: pickout 0.3904    decision 3.0456    set_bounds 4.3212    solve 3.9997    add 1.2406    
Current (lb-rhs): -525.0526733398438
118208 domains visited
Cumulative time: 13.10958743095398

BaB round 11
batch: 10240
splitting decisions: 
split level 0: [/input-23, 227] [/input-23, 173] [/input-23, 180] [/input-23, 17] [/input-23, 17] [/input-23, 147] [/input-23, 231] [/input-23, 102] [/input-23, 102] [/input-23, 227] 
pruning_in_iteration open status: False
ratio of positive domain = 0 / 20480 = 0.0
pruning-in-iteration extra time: 0.0003077983856201172
Time: prepare 0.3383    bound 0.0831    transfer 0.0091    finalize 0.1285    func 0.5600    
Accumulated time: func 4.3882    prepare 2.2435    bound 0.6967    transfer 0.1487    finalize 1.2952    
Current worst splitting domains lb-rhs (depth):
-525.05267 (11), -524.56830 (11), -524.32074 (11), -522.88831 (11), -521.63843 (11), -519.62476 (11), -513.91235 (11), -513.41602 (11), -511.84781 (11), -511.19644 (11), -510.95975 (11), -510.60019 (11), -506.96387 (11), -505.14789 (11), -505.06201 (11), -504.33801 (11), -504.15057 (11), -503.05475 (11), -502.88916 (11), -501.20834 (11), 
Length of domains: 69632
Time: pickout 0.0732    decision 0.3564    set_bounds 0.7898    solve 0.5620    add 4.5459    
Accumulated time: pickout 0.4636    decision 3.4020    set_bounds 5.1110    solve 4.5617    add 5.7865    
Current (lb-rhs): -525.0526733398438
138688 domains visited
Cumulative time: 19.45278787612915

BaB round 12
batch: 10240
splitting decisions: 
split level 0: [/input-23, 217] [/input-23, 148] [/input-23, 5] [/input-23, 93] [/input-23, 80] [/input-23, 110] [/input-23, 117] [/input-23, 167] [/input-23, 229] [/input-23, 217] 
pruning_in_iteration open status: False
ratio of positive domain = 0 / 20480 = 0.0
pruning-in-iteration extra time: 0.0003108978271484375
Time: prepare 0.3365    bound 0.0836    transfer 0.0099    finalize 0.1280    func 0.5588    
Accumulated time: func 4.9470    prepare 2.5803    bound 0.7804    transfer 0.1586    finalize 1.4232    
Current worst splitting domains lb-rhs (depth):
-525.05267 (11), -524.56830 (11), -524.32074 (11), -522.88831 (11), -521.63843 (11), -519.62476 (11), -513.91235 (11), -513.41602 (11), -511.84781 (11), -511.19644 (11), -510.95975 (11), -510.60019 (11), -506.96387 (11), -505.14789 (11), -505.06201 (11), -504.33801 (11), -504.15057 (11), -503.05475 (11), -502.88916 (11), -501.20834 (11), 
Length of domains: 79872
Time: pickout 0.0766    decision 0.3542    set_bounds 0.8662    solve 0.5609    add 0.0695    
Accumulated time: pickout 0.5402    decision 3.7562    set_bounds 5.9772    solve 5.1227    add 5.8559    
Current (lb-rhs): -525.0526733398438
159168 domains visited
Cumulative time: 21.40021824836731

BaB round 13
batch: 10240
splitting decisions: 
split level 0: [/input-23, 157] [/input-23, 178] [/input-23, 72] [/input-23, 134] [/input-23, 191] [/input-23, 208] [/input-23, 217] [/input-23, 38] [/input-23, 153] [/input-23, 157] 
pruning_in_iteration open status: False
ratio of positive domain = 0 / 20480 = 0.0
pruning-in-iteration extra time: 0.0002951622009277344
Time: prepare 0.3456    bound 0.0835    transfer 0.0107    finalize 0.1296    func 0.5702    
Accumulated time: func 5.5172    prepare 2.9262    bound 0.8639    transfer 0.1693    finalize 1.5528    
Current worst splitting domains lb-rhs (depth):
-525.05267 (11), -524.56830 (11), -524.32074 (11), -522.88831 (11), -521.63843 (11), -519.62476 (11), -513.91235 (11), -513.41602 (11), -511.84781 (11), -511.19644 (11), -510.95975 (11), -510.60019 (11), -506.96387 (11), -505.14789 (11), -505.06201 (11), -504.33801 (11), -504.15057 (11), -503.05475 (11), -502.88916 (11), -501.20834 (11), 
Length of domains: 90112
Time: pickout 0.0867    decision 0.3621    set_bounds 0.9928    solve 0.5724    add 0.0737    
Accumulated time: pickout 0.6269    decision 4.1183    set_bounds 6.9700    solve 5.6951    add 5.9296    
Current (lb-rhs): -525.0526733398438
179648 domains visited
Cumulative time: 23.506883144378662

BaB round 14
batch: 10240
splitting decisions: 
split level 0: [/input-23, 12] [/input-23, 10] [/input-23, 167] [/input-23, 75] [/input-23, 71] [/input-23, 75] [/input-23, 161] [/input-23, 201] [/input-23, 168] [/input-23, 12] 
pruning_in_iteration open status: False
ratio of positive domain = 0 / 20480 = 0.0
pruning-in-iteration extra time: 0.0002989768981933594
Time: prepare 0.3491    bound 0.0831    transfer 0.0106    finalize 0.1553    func 0.5986    
Accumulated time: func 6.1158    prepare 3.2756    bound 0.9470    transfer 0.1799    finalize 1.7081    
Current worst splitting domains lb-rhs (depth):
-525.05267 (11), -524.56830 (11), -524.32074 (11), -522.88831 (11), -521.63843 (11), -519.62476 (11), -513.91235 (11), -513.41602 (11), -511.84781 (11), -511.19644 (11), -510.95975 (11), -510.60019 (11), -506.96387 (11), -505.14789 (11), -505.06201 (11), -504.33801 (11), -504.15057 (11), -503.05475 (11), -502.88916 (11), -501.20834 (11), 
Length of domains: 100352
Time: pickout 0.0835    decision 0.3566    set_bounds 1.1690    solve 0.6008    add 0.0807    
Accumulated time: pickout 0.7104    decision 4.4749    set_bounds 8.1391    solve 6.2959    add 6.0104    
Current (lb-rhs): -525.0526733398438
200128 domains visited
Cumulative time: 25.816646814346313

BaB round 15
batch: 10240
splitting decisions: 
split level 0: [/input-23, 173] [/input-23, 208] [/input-23, 178] [/input-23, 99] [/input-23, 183] [/input-23, 217] [/input-23, 220] [/input-23, 217] [/input-23, 157] [/input-23, 173] 
pruning_in_iteration open status: False
ratio of positive domain = 0 / 20480 = 0.0
pruning-in-iteration extra time: 0.0002918243408203125
Time: prepare 0.3546    bound 0.0870    transfer 0.0107    finalize 0.1349    func 0.5880    
Accumulated time: func 6.7038    prepare 3.6306    bound 1.0340    transfer 0.1906    finalize 1.8429    
Current worst splitting domains lb-rhs (depth):
-525.05267 (11), -524.56830 (11), -524.32074 (11), -522.88831 (11), -521.63843 (11), -519.62476 (11), -513.91235 (11), -513.41602 (11), -511.84781 (11), -511.19644 (11), -510.95975 (11), -510.60019 (11), -506.96387 (11), -505.14789 (11), -505.06201 (11), -504.33801 (11), -504.15057 (11), -503.05475 (11), -502.88916 (11), -501.20834 (11), 
Length of domains: 110592
Time: pickout 0.0883    decision 0.3720    set_bounds 1.2567    solve 0.5902    add 0.0836    
Accumulated time: pickout 0.7987    decision 4.8469    set_bounds 9.3957    solve 6.8862    add 6.0939    
Current (lb-rhs): -525.0526733398438
220608 domains visited
Cumulative time: 28.23097252845764

BaB round 16
batch: 10240
splitting decisions: 
split level 0: [/input-23, 194] [/input-23, 103] [/input-23, 1] [/input-23, 63] [/input-23, 167] [/input-23, 210] [/input-23, 63] [/input-23, 65] [/input-23, 75] [/input-23, 194] 
pruning_in_iteration open status: False
ratio of positive domain = 0 / 20480 = 0.0
pruning-in-iteration extra time: 0.00026869773864746094
Time: prepare 0.3521    bound 0.0856    transfer 0.0120    finalize 0.1588    func 0.6096    
Accumulated time: func 7.3134    prepare 3.9830    bound 1.1195    transfer 0.2026    finalize 2.0017    
Current worst splitting domains lb-rhs (depth):
-525.05267 (11), -524.56830 (11), -524.32074 (11), -522.88831 (11), -521.63843 (11), -519.62476 (11), -513.91235 (11), -513.41602 (11), -511.84781 (11), -511.19644 (11), -510.95975 (11), -510.60019 (11), -506.96387 (11), -505.14789 (11), -505.06201 (11), -504.33801 (11), -504.15057 (11), -503.05475 (11), -502.88916 (11), -501.20834 (11), 
Length of domains: 120832
Time: pickout 0.0917    decision 0.3682    set_bounds 1.4280    solve 0.6117    add 0.0845    
Accumulated time: pickout 0.8905    decision 5.2151    set_bounds 10.8237    solve 7.4979    add 6.1784    
Current (lb-rhs): -525.0526733398438
241088 domains visited
Time out!!!!!!!!
Result: timeout
Time: 32.127197265625

------------------------- COMMAND ------------------------------
/data1/Kane/miniconda3/envs/GenBaB/bin/python /data1/Kane/GenBaB/alpha-beta-CROWN/complete_verifier/abcrown.py --config /data1/Kane/GenBaB/alpha-beta-CROWN/complete_verifier/exp_configs/vnncomp24/cora.yaml --precompile_jit --onnx_path /data1/Kane/data/vnncomp2025_benchmarks/benchmarks/cora_2024/./onnx/cifar10-trades.onnx --vnnlib_path /data1/Kane/data/vnncomp2025_benchmarks/benchmarks/cora_2024/vnnlib/cifar10-img126.vnnlib --results_file /data1/Kane/ACT/audit_results/abcrown_nopgd_20260525/cora_2024/0134__cifar10-trades__cifar10-img126.result --timeout 30.0 --save_adv_example --pgd_order=skip
----------------------------------------------------------------

