[0;93m2026-05-26 09:04:26.614869426 [W:onnxruntime:Default, device_discovery.cc:325 DiscoverDevicesForPlatform] GPU device discovery failed: device_discovery.cc:92 ReadFileContents Failed to open file: "/sys/class/drm/card0/device/vendor"[m
Configurations:

general:
  device: cuda
  seed: 100
  conv_mode: patches
  deterministic: false
  double_fp: false
  loss_reduction_func: sum
  sparse_alpha: true
  sparse_interm: true
  save_adv_example: true
  verify_onnxruntime_output: false
  eval_adv_example: false
  show_adv_example: false
  precompile_jit: true
  prepare_only: false
  complete_verifier: bab
  enable_incomplete_verification: true
  csv_name: instances.csv
  results_file: /data1/Kane/ACT/audit_results/abcrown_nopgd_20260525/cora_2024/0154__cifar10-point__cifar10-img292.result
  root_path: ../../vnncomp2024_benchmarks/benchmarks/cora
  deterministic_opt: false
  graph_optimizer: 'Customized("custom_graph_optimizer", "default_optimizer")'
  buffer_has_batchdim: false
  save_output: false
  output_file: out.pkl
  return_optimized_model: false
model:
  name: null
  path: null
  onnx_path: /data1/Kane/data/vnncomp2025_benchmarks/benchmarks/cora_2024/./onnx/cifar10-point.onnx
  onnx_path_prefix: ''
  cache_onnx_conversion: false
  debug_onnx: false
  onnx_quirks: null
  input_shape: null
  onnx_loader: default_onnx_and_vnnlib_loader
  onnx_optimization_flags: []
  onnx_vnnlib_joint_optimization_flags: none
  check_optimized: false
  flatten_final_output: false
  optimize_graph: null
  with_jacobian: false
data:
  start: 0
  end: 10000
  select_instance: null
  num_outputs: 10
  mean: 0.0
  std: 1.0
  pkl_path: null
  dataset: null
  data_filter_path: null
  data_idx_file: null
specification:
  type: lp
  robustness_type: verified-acc
  norm: .inf
  epsilon: null
  epsilon_min: 0.0
  vnnlib_path: /data1/Kane/data/vnncomp2025_benchmarks/benchmarks/cora_2024/vnnlib/cifar10-img292.vnnlib
  vnnlib_path_prefix: ''
  rhs_offset: null
solver:
  batch_size: 10240
  auto_enlarge_batch_size: false
  min_batch_size_ratio: 0.1
  use_float64_in_last_iteration: false
  early_stop_patience: 10
  start_save_best: 0.5
  bound_prop_method: alpha-crown
  init_bound_prop_method: same
  prune_after_crown: true
  optimize_disjuncts_separately: false
  crown:
    batch_size: 1000000000
    max_crown_size: 1000000000
    activation_bound_option: adaptive
    compare_crown_with_ibp: false
  alpha-crown:
    alpha: true
    lr_alpha: 0.3
    iteration: 20
    share_alphas: false
    lr_decay: 0.98
    full_conv_alpha: true
    max_coeff_mul: .inf
    matmul_share_alphas: false
    disable_optimization: []
    max_time: 1.0
  invprop:
    apply_output_constraints_to: []
    tighten_input_bounds: false
    best_of_oc_and_no_oc: false
    directly_optimize: []
    oc_lr: 0.1
    share_gammas: false
  beta-crown:
    lr_alpha: 0.03
    lr_beta: 0.1
    lr_decay: 0.98
    optimizer: adam
    iteration: 5
    beta: true
    beta_warmup: true
    enable_opt_interm_bounds: false
    all_node_split_LP: false
  forward:
    refine: false
    max_dim: 10000
    reset_threshold: 1.0
  multi_class:
    label_batch_size: 32
    skip_with_refined_bound: true
  mip:
    unstable_neuron_threshold: 0
    parallel_solvers: null
    solver_threads: 1
    refine_neuron_timeout: 15
    refine_neuron_time_percentage: 0.8
    early_stop: true
    adv_warmup: true
    mip_solver: gurobi
    skip_unsafe: false
    topk_filter: 1.0
    sliding_window: -1
    extra_constraint: false
    refine_neuron_timeout_increasement: 0
    timeout_neuron_percentage: 0.3
    remaining_timeout_threshold: 1
    remove_unstable_neurons: false
    lp_solver: false
bab:
  initial_max_domains: 100
  backing_up_max_domain: null
  max_domains: .inf
  decision_thresh: 0
  timeout: 30.0
  timeout_scale: 1
  max_iterations: -1
  override_timeout: null
  get_upper_bound: false
  pruning_in_iteration: true
  pruning_in_iteration_ratio: 0.2
  sort_targets: false
  batched_domain_list: true
  optimized_interm: ''
  interm_transfer: false
  recompute_interm: false
  sort_domain_interval: -1
  vanilla_crown: false
  tree_traversal: depth_first
  cut:
    enabled: false
    cuts_path: /tmp/abcrown_cuts
    implication: false
    bab_cut: false
    lp_cut: false
    method: null
    lr: 0.01
    lr_decay: 1.0
    iteration: 100
    bab_iteration: -1
    early_stop_patience: -1
    lr_beta: 0.02
    number_cuts: 50
    topk_cuts_in_filter: 1000
    batch_size_primal: 100
    max_num: 1000000000
    patches_cut: false
    cplex_cuts: false
    cplex_cuts_wait: 0
    cplex_cuts_revpickup: true
    cut_reference_bounds: true
    fix_intermediate_bounds: false
    biccos:
      enabled: false
      constraint_strengthening: true
      recursively_strengthening: false
      drop_ratio: 0.5
      verified_bonus: 0.3
      max_infer_iter: 20
      heuristic: neuron_influence_score
      save_biccos_cuts: false
      multi_tree_branching:
        enabled: false
        restore_best_tree: false
        keep_n_best_domains: 1
        k_splits: 1
        iterations: 1
  branching:
    method: kfsb
    candidates: 3
    reduceop: max
    enable_intermediate_bound_opt: false
    branching_input_and_activation: false
    branching_input_and_activation_order: [input, relu]
    branching_input_iterations: 30
    branching_relu_iterations: 50
    nonlinear_split:
      method: bbps
      disable: false
      branching_point_method: uniform
      num_branches: 2
      filter: false
      filter_beta: false
      filter_clamp: false
      filter_batch_size: 10000
      filter_iterations: 25
      relu_only: false
      loose_tanh_threshold: null
      branching_point:
        db_path: branching_points.pt
        num_iterations: 1000
        batch_size: 1000000
        range_l: -5.0
        range_u: 5.0
        log_interval: 100
        step_size_1d: 0.01
        step_size: 0.2
    input_split:
      enable_clip_domains: false
      split_hint: null
      reorder_bab: false
      enable: false
      enhanced_bound_prop_method: alpha-crown
      enhanced_branching_method: naive
      enhanced_bound_patience: 100000000.0
      attack_patience: 100000000.0
      adv_check: 0
      split_partitions: 2
      sb_margin_weight: 1.0
      sb_sum: false
      sb_primary_spec: null
      bf_backup_thresh: -1
      bf_rhs_offset: 0
      bf_iters: 1000000000.0
      bf_batch_size: 100000
      bf_zero_crossing_score: false
      touch_zero_score: 0
      ibp_enhancement: false
      compare_with_old_bounds: false
      update_rhs_with_attack: false
      sb_coeff_thresh: 0.001
      sort_index: null
      sort_descending: true
      show_progress: false
      presplit_domains: null
      skip_getting_worst_domain: false
  attack:
    enabled: false
    beam_candidates: 8
    beam_depth: 7
    max_dive_fix_ratio: 0.8
    min_local_free_ratio: 0.2
    mip_start_iteration: 5
    mip_timeout: 30.0
    adv_pool_threshold: null
    refined_mip_attacker: false
    refined_batch_size: null
attack:
  pgd_order: skip
  pgd_steps: 100
  pgd_restarts: 30
  pgd_batch_size: 100000000
  pgd_early_stop: true
  pgd_lr_decay: 0.99
  pgd_alpha: auto
  pgd_alpha_scale: false
  pgd_loss_mode: null
  pgd_restart_when_stuck: false
  enable_mip_attack: false
  adv_saver: default_adv_saver
  adv_verifier: default_adv_verifier
  early_stop_condition: default_early_stop_condition
  adv_example_finalizer: default_adv_example_finalizer
  pgd_loss: default_pgd_loss
  cex_path: ./test_cex.txt
  attack_mode: PGD
  attack_tolerance: 0.0
  attack_func: attack_with_general_specs
  gama_lambda: 10.0
  gama_decay: 0.9
  check_clean: false
  input_split:
    pgd_steps: 100
    pgd_restarts: 30
    pgd_alpha: auto
  input_split_enhanced:
    pgd_steps: 200
    pgd_restarts: 500000
    pgd_alpha: auto
  input_split_check_adv:
    enabled: auto
    pgd_steps: 5
    pgd_restarts: 5
    pgd_alpha: auto
    max_num_domains: 10
debug:
  view_model: false
  lp_test: null
  rescale_vnnlib_ptb: null
  test_optimized_bounds: false
  test_optimized_bounds_after_n_iterations: 0
  print_verbose_decisions: false
  sanity_check: null
  save_minimal_config: null
  save_minimal_config_omit_keys: []

Experiments at Tue May 26 09:04:27 2026 on dell-pro-max-tower-t2
Pre-compile jit kernels on a toy network...
JIT kernels compiled in 0.9561s.
Internal results will be saved to /data1/Kane/ACT/audit_results/abcrown_nopgd_20260525/cora_2024/0154__cifar10-point__cifar10-img292.result./data1/Kane/miniconda3/envs/GenBaB/lib/python3.11/site-packages/onnx2pytorch/convert/operations.py:154: UserWarning: The given NumPy array is not writable, and PyTorch does not support non-writable tensors. This means writing to this tensor will result in undefined behavior. You may want to copy the array to protect its data or make it writable before converting it to a tensor. This type of warning will be suppressed for the rest of this program. (Triggered internally at /pytorch/torch/csrc/utils/tensor_numpy.cpp:206.)
  weight = torch.from_numpy(numpy_helper.to_array(params[0]))
/data1/Kane/miniconda3/envs/GenBaB/lib/python3.11/site-packages/onnx2pytorch/convert/model.py:151: UserWarning: Using experimental implementation that allows 'batch_size > 1'.Batchnorm layers could potentially produce false outputs.
  warnings.warn(
/data1/Kane/miniconda3/envs/GenBaB/lib/python3.11/site-packages/onnx2pytorch/utils.py:21: TracerWarning: Converting a tensor to a Python boolean might cause the trace to be incorrect. We can't record the data flow of Python values, so this value will be treated as a constant in the future. This means that the trace might not generalize to other inputs!
  return value.ndim == 0 or value.shape == torch.Size([1])
/data1/Kane/miniconda3/envs/GenBaB/lib/python3.11/site-packages/onnx2pytorch/operations/add.py:34: TracerWarning: Converting a tensor to a Python boolean might cause the trace to be incorrect. We can't record the data flow of Python values, so this value will be treated as a constant in the future. This means that the trace might not generalize to other inputs!
  elif all(x == 1 for x in input[0].shape):
/data1/Kane/GenBaB/alpha-beta-CROWN/complete_verifier/auto_LiRPA/operators/leaf.py:91: UserWarning: The "has_batchdim" option for BoundBuffers is deprecated. It may be removed from the next release.
  warnings.warn('The "has_batchdim" option for BoundBuffers is deprecated.'


 %%%%%%%%%%%%%%%%%%%%%%%%%%%%%%%%%%% idx: 0, vnnlib ID: 0 %%%%%%%%%%%%%%%%%%%%%%%%%%%%%%%%%%%
Using onnx /data1/Kane/data/vnncomp2025_benchmarks/benchmarks/cora_2024/./onnx/cifar10-point.onnx
Using vnnlib /data1/Kane/data/vnncomp2025_benchmarks/benchmarks/cora_2024/vnnlib/cifar10-img292.vnnlib
3072 inputs and 10 outputs in vnnlib
Loading onnx /data1/Kane/data/vnncomp2025_benchmarks/benchmarks/cora_2024/./onnx/cifar10-point.onnx with quirks {}
Finished onnx model loading in 0.0278 seconds
Model: BoundedModule(
  (/0): BoundInput(name=/0, inputs=[], perturbed=True)
  (/1): BoundBuffers(name=/1, inputs=[], perturbed=False)
  (/2): BoundBuffers(name=/2, inputs=[], perturbed=False)
  (/19): BoundParams(name=/19, inputs=[], perturbed=False)
  (/20): BoundParams(name=/20, inputs=[], perturbed=False)
  (/21): BoundParams(name=/21, inputs=[], perturbed=False)
  (/22): BoundParams(name=/22, inputs=[], perturbed=False)
  (/23): BoundParams(name=/23, inputs=[], perturbed=False)
  (/24): BoundParams(name=/24, inputs=[], perturbed=False)
  (/25): BoundParams(name=/25, inputs=[], perturbed=False)
  (/26): BoundParams(name=/26, inputs=[], perturbed=False)
  (/27): BoundParams(name=/27, inputs=[], perturbed=False)
  (/28): BoundParams(name=/28, inputs=[], perturbed=False)
  (/29): BoundParams(name=/29, inputs=[], perturbed=False)
  (/30): BoundParams(name=/30, inputs=[], perturbed=False)
  (/31): BoundParams(name=/31, inputs=[], perturbed=False)
  (/32): BoundParams(name=/32, inputs=[], perturbed=False)
  (/33): BoundParams(name=/33, inputs=[], perturbed=False)
  (/34): BoundParams(name=/34, inputs=[], perturbed=False)
  (/35): BoundMul(name=/35, inputs=[/0, /1], perturbed=True)
  (/36): BoundAdd(name=/36, inputs=[/35, /2], perturbed=True)
  (/input): BoundLinear(name=/input, inputs=[/36, /19, /20], perturbed=True)
  (/38): BoundRelu(name=/38, inputs=[/input], perturbed=True)
  (/input-3): BoundLinear(name=/input-3, inputs=[/38, /21, /22], perturbed=True)
  (/40): BoundRelu(name=/40, inputs=[/input-3], perturbed=True)
  (/input-7): BoundLinear(name=/input-7, inputs=[/40, /23, /24], perturbed=True)
  (/42): BoundRelu(name=/42, inputs=[/input-7], perturbed=True)
  (/input-11): BoundLinear(name=/input-11, inputs=[/42, /25, /26], perturbed=True)
  (/44): BoundRelu(name=/44, inputs=[/input-11], perturbed=True)
  (/input-15): BoundLinear(name=/input-15, inputs=[/44, /27, /28], perturbed=True)
  (/46): BoundRelu(name=/46, inputs=[/input-15], perturbed=True)
  (/input-19): BoundLinear(name=/input-19, inputs=[/46, /29, /30], perturbed=True)
  (/48): BoundRelu(name=/48, inputs=[/input-19], perturbed=True)
  (/input-23): BoundLinear(name=/input-23, inputs=[/48, /31, /32], perturbed=True)
  (/50): BoundRelu(name=/50, inputs=[/input-23], perturbed=True)
  (/51): BoundLinear(name=/51, inputs=[/50, /33, /34], perturbed=True)
)
Original output: tensor([[-2.25596023, -5.96145868,  2.96804452,  0.75128466, -1.55281544,
         -4.42455053, 12.42544079, -7.02718115, -6.85622597, -9.34115887]],
       device='cuda:0')
Split layers:
Nonlinear functions:
   BoundRelu(name=/38, inputs=[/input], perturbed=True)
   BoundRelu(name=/40, inputs=[/input-3], perturbed=True)
   BoundRelu(name=/42, inputs=[/input-7], perturbed=True)
   BoundRelu(name=/44, inputs=[/input-11], perturbed=True)
   BoundRelu(name=/46, inputs=[/input-15], perturbed=True)
   BoundRelu(name=/48, inputs=[/input-19], perturbed=True)
   BoundRelu(name=/50, inputs=[/input-23], perturbed=True)
layer /38 using sparse-features alpha with shape [150]; unstable size 150; total size 250 ([1, 250])
layer /38 start_node /input-3 using full alpha [2, 250, 1, 150] with unstable size 248 total_size 250 output_shape torch.Size([250])
layer /38 start_node /input-7 using full alpha [2, 250, 1, 150] with unstable size 250 total_size 250 output_shape torch.Size([250])
layer /38 start_node /input-11 using full alpha [2, 250, 1, 150] with unstable size 250 total_size 250 output_shape torch.Size([250])
layer /38 start_node /input-15 using full alpha [2, 250, 1, 150] with unstable size 250 total_size 250 output_shape torch.Size([250])
layer /38 start_node /input-19 using full alpha [2, 250, 1, 150] with unstable size 250 total_size 250 output_shape torch.Size([250])
layer /38 start_node /input-23 using full alpha [2, 250, 1, 150] with unstable size 250 total_size 250 output_shape torch.Size([250])
layer /38 start_node /51 using full alpha [2, 9, 1, 150] with unstable size None total_size 9 output_shape 9
layer /40 using full alpha with shape torch.Size([250]); unstable size 248; total size 250 ([1, 250])
layer /40 start_node /input-7 using full alpha [2, 250, 1, 250] with unstable size 250 total_size 250 output_shape torch.Size([250])
layer /40 start_node /input-11 using full alpha [2, 250, 1, 250] with unstable size 250 total_size 250 output_shape torch.Size([250])
layer /40 start_node /input-15 using full alpha [2, 250, 1, 250] with unstable size 250 total_size 250 output_shape torch.Size([250])
layer /40 start_node /input-19 using full alpha [2, 250, 1, 250] with unstable size 250 total_size 250 output_shape torch.Size([250])
layer /40 start_node /input-23 using full alpha [2, 250, 1, 250] with unstable size 250 total_size 250 output_shape torch.Size([250])
layer /40 start_node /51 using full alpha [2, 9, 1, 250] with unstable size None total_size 9 output_shape 9
layer /42 using full alpha with shape torch.Size([250]); unstable size 250; total size 250 ([1, 250])
layer /42 start_node /input-11 using full alpha [2, 250, 1, 250] with unstable size 250 total_size 250 output_shape torch.Size([250])
layer /42 start_node /input-15 using full alpha [2, 250, 1, 250] with unstable size 250 total_size 250 output_shape torch.Size([250])
layer /42 start_node /input-19 using full alpha [2, 250, 1, 250] with unstable size 250 total_size 250 output_shape torch.Size([250])
layer /42 start_node /input-23 using full alpha [2, 250, 1, 250] with unstable size 250 total_size 250 output_shape torch.Size([250])
layer /42 start_node /51 using full alpha [2, 9, 1, 250] with unstable size None total_size 9 output_shape 9
layer /44 using full alpha with shape torch.Size([250]); unstable size 250; total size 250 ([1, 250])
layer /44 start_node /input-15 using full alpha [2, 250, 1, 250] with unstable size 250 total_size 250 output_shape torch.Size([250])
layer /44 start_node /input-19 using full alpha [2, 250, 1, 250] with unstable size 250 total_size 250 output_shape torch.Size([250])
layer /44 start_node /input-23 using full alpha [2, 250, 1, 250] with unstable size 250 total_size 250 output_shape torch.Size([250])
layer /44 start_node /51 using full alpha [2, 9, 1, 250] with unstable size None total_size 9 output_shape 9
layer /46 using full alpha with shape torch.Size([250]); unstable size 250; total size 250 ([1, 250])
layer /46 start_node /input-19 using full alpha [2, 250, 1, 250] with unstable size 250 total_size 250 output_shape torch.Size([250])
layer /46 start_node /input-23 using full alpha [2, 250, 1, 250] with unstable size 250 total_size 250 output_shape torch.Size([250])
layer /46 start_node /51 using full alpha [2, 9, 1, 250] with unstable size None total_size 9 output_shape 9
layer /48 using full alpha with shape torch.Size([250]); unstable size 250; total size 250 ([1, 250])
layer /48 start_node /input-23 using full alpha [2, 250, 1, 250] with unstable size 250 total_size 250 output_shape torch.Size([250])
layer /48 start_node /51 using full alpha [2, 9, 1, 250] with unstable size None total_size 9 output_shape 9
layer /50 using full alpha with shape torch.Size([250]); unstable size 250; total size 250 ([1, 250])
layer /50 start_node /51 using full alpha [2, 9, 1, 250] with unstable size None total_size 9 output_shape 9
Optimizable variables initialized.
initial CROWN bounds: tensor([[-2269.37792969, -2120.17382812, -2128.33325195, -1741.17016602,
         -2120.94018555, -2106.13134766, -2515.74633789, -2444.98901367,
         -2307.37744141]], device='cuda:0') None
prune_after_crown optimization in use: original label size = 9 pruned label size = 9
best_l after optimization: -9115.9873046875
alpha/beta optimization time: 0.6976587772369385
initial alpha-crown bounds: tensor([[-1071.92456055,  -936.68499756, -1067.71948242,  -818.37054443,
         -1016.54882812,  -926.96838379, -1157.72058105, -1117.24072266,
         -1002.80908203]], device='cuda:0')
Number of class (without rhs): 9 ; Worst class: (+ rhs) -1157.7205810546875
Total VNNLIB file length: 9, max property batch size: 100, total number of batches: 1
lA shape: [torch.Size([9, 1, 250]), torch.Size([9, 1, 250]), torch.Size([9, 1, 250]), torch.Size([9, 1, 250]), torch.Size([9, 1, 250]), torch.Size([9, 1, 250]), torch.Size([9, 1, 250])]

Properties batch 0, size 9
Remaining timeout: 29.022269248962402
Verifying property 0 with 9 instances.
##### Instance 0 first 10 spec matrices: 
tensor([[[-1.,  0.,  0.,  0.,  0.,  0.,  1.,  0.,  0.,  0.]],

        [[ 0., -1.,  0.,  0.,  0.,  0.,  1.,  0.,  0.,  0.]],

        [[ 0.,  0., -1.,  0.,  0.,  0.,  1.,  0.,  0.,  0.]],

        [[ 0.,  0.,  0., -1.,  0.,  0.,  1.,  0.,  0.,  0.]],

        [[ 0.,  0.,  0.,  0., -1.,  0.,  1.,  0.,  0.,  0.]],

        [[ 0.,  0.,  0.,  0.,  0., -1.,  1.,  0.,  0.,  0.]],

        [[ 0.,  0.,  0.,  0.,  0.,  0.,  1., -1.,  0.,  0.]],

        [[ 0.,  0.,  0.,  0.,  0.,  0.,  1.,  0., -1.,  0.]],

        [[ 0.,  0.,  0.,  0.,  0.,  0.,  1.,  0.,  0., -1.]]],
       dtype=torch.float64)
thresholds: tensor([0., 0., 0., 0., 0., 0., 0., 0., 0.], device='cuda:0') ######
Remaining spec index tensor([0, 1, 2, 3, 4, 5, 6, 7, 8], device='cuda:0') with bounds tensor([[-1071.92456055],
        [ -936.68499756],
        [-1067.71948242],
        [ -818.37054443],
        [-1016.54882812],
        [ -926.96838379],
        [-1157.72058105],
        [-1117.24072266],
        [-1002.80908203]], device='cuda:0') need to verify.
torch allclose failed: norm 7.804544293321669e-05
Model prediction is: tensor([-2.25596023, -5.96145868,  2.96804452,  0.75128466, -1.55281544,
        -4.42455053, 12.42544079, -7.02718115, -6.85622597, -9.34115887],
       device='cuda:0')
build_with_refined_bounds batch [1/1]
setting alpha for layer /38 start_node /51 with alignment adjustment
setting alpha for layer /40 start_node /51 with alignment adjustment
setting alpha for layer /42 start_node /51 with alignment adjustment
setting alpha for layer /44 start_node /51 with alignment adjustment
setting alpha for layer /46 start_node /51 with alignment adjustment
setting alpha for layer /48 start_node /51 with alignment adjustment
setting alpha for layer /50 start_node /51 with alignment adjustment
all alpha initialized
directly get lb and ub from refined bounds
c shape: torch.Size([9, 1, 10])
lA shapes: [torch.Size([9, 1, 250]), torch.Size([9, 1, 250]), torch.Size([9, 1, 250]), torch.Size([9, 1, 250]), torch.Size([9, 1, 250]), torch.Size([9, 1, 250]), torch.Size([9, 1, 250])]
(alpha-)CROWN with fixed intermediate bounds: tensor([[-1071.92456055],
        [ -936.68499756],
        [-1067.71948242],
        [ -818.37054443],
        [-1016.54882812],
        [ -926.96838379],
        [-1157.72058105],
        [-1117.24072266],
        [-1002.80908203]], device='cuda:0') tensor([[inf],
        [inf],
        [inf],
        [inf],
        [inf],
        [inf],
        [inf],
        [inf],
        [inf]], device='cuda:0')
Intermediate layers: /input,/input-3,/input-7,/input-11,/input-15,/input-19,/input-23,/51
Keeping alphas for these layers: ['/51']
Keeping alphas for these layers: ['/51']
Node /38 input 0: size torch.Size([250]) unstable 150
Node /40 input 0: size torch.Size([250]) unstable 247
Node /42 input 0: size torch.Size([250]) unstable 250
Node /44 input 0: size torch.Size([250]) unstable 250
Node /46 input 0: size torch.Size([250]) unstable 250
Node /48 input 0: size torch.Size([250]) unstable 250
Node /50 input 0: size torch.Size([250]) unstable 250
-----------------
# of unstable neurons: 1647
-----------------

BaB round 1
batch: 9
splitting decisions: 
split level 0: [/input-23, 61] [/input-23, 176] [/input-23, 41] [/input-23, 102] [/input-23, 176] [/input-23, 195] [/input-23, 105] [/input-23, 7] [/input-23, 184] 
split level 1: [/input-23, 187] [/input-23, 23] [/input-23, 105] [/input-23, 57] [/input-23, 105] [/input-23, 208] [/input-23, 228] [/input-23, 41] [/input-23, 220] 
split level 2: [/input-23, 52] [/input-23, 208] [/input-23, 176] [/input-23, 173] [/input-23, 46] [/input-23, 228] [/input-23, 28] [/input-23, 208] [/input-23, 59] 
split level 3: [/input-23, 31] [/input-23, 102] [/input-23, 188] [/input-23, 168] [/input-23, 151] [/input-23, 53] [/input-23, 52] [/input-23, 53] [/input-23, 61] 
split level 4: [/input-23, 182] [/input-23, 137] [/input-23, 137] [/input-23, 234] [/input-23, 57] [/input-23, 61] [/input-23, 190] [/input-23, 85] [/input-23, 54] 
split level 5: [/input-23, 220] [/input-23, 49] [/input-23, 220] [/input-23, 150] [/input-23, 220] [/input-23, 182] [/input-19, 39] [/input-23, 61] [/input-23, 86] 
pruning_in_iteration open status: False
ratio of positive domain = 0 / 576 = 0.0
pruning-in-iteration extra time: 3.981590270996094e-05
Time: prepare 0.0033    bound 0.0806    transfer 0.0008    finalize 0.0043    func 0.0890    
Accumulated time: func 0.0890    prepare 0.0036    bound 0.0806    transfer 0.0008    finalize 0.0043    
Current worst splitting domains lb-rhs (depth):
-1113.30896 (6), -1082.38879 (6), -1079.04321 (6), -1074.31311 (6), -1067.68896 (6), -1067.10425 (6), -1062.03052 (6), -1061.70081 (6), -1061.62268 (6), -1055.63623 (6), -1053.35022 (6), -1049.93164 (6), -1044.28601 (6), -1041.56946 (6), -1040.75806 (6), -1038.30969 (6), -1037.00452 (6), -1035.65979 (6), -1035.50757 (6), -1035.46057 (6), 
Length of domains: 576
Time: pickout 0.0006    decision 0.0850    set_bounds 0.0196    solve 0.0897    add 0.0025    
Accumulated time: pickout 0.0006    decision 0.0850    set_bounds 0.0196    solve 0.0897    add 0.0025    
Current (lb-rhs): -1113.3089599609375
576 domains visited
Cumulative time: 0.21534943580627441

BaB round 2
batch: 576
splitting decisions: 
split level 0: [/input-23, 126] [/input-23, 158] [/input-23, 223] [/input-23, 208] [/input-23, 195] [/input-23, 187] [/input-23, 208] [/input-23, 223] [/input-23, 23] [/input-23, 126] 
pruning_in_iteration open status: False
ratio of positive domain = 0 / 1152 = 0.0
pruning-in-iteration extra time: 9.298324584960938e-05
Time: prepare 0.0196    bound 0.0334    transfer 0.0020    finalize 0.0111    func 0.0662    
Accumulated time: func 0.1552    prepare 0.0234    bound 0.1140    transfer 0.0028    finalize 0.0154    
Current worst splitting domains lb-rhs (depth):
-1105.51489 (7), -1072.98071 (7), -1063.01794 (7), -1060.14502 (7), -1060.01831 (7), -1057.33411 (7), -1053.93445 (7), -1050.40063 (7), -1040.12329 (7), -1039.04468 (7), -1038.08264 (7), -1035.70129 (7), -1034.59021 (7), -1029.76660 (7), -1026.58960 (7), -1025.32373 (7), -1024.22327 (7), -1023.93854 (7), -1023.90833 (7), -1020.96948 (7), 
Length of domains: 1152
Time: pickout 0.0035    decision 0.0314    set_bounds 0.0202    solve 0.0663    add 0.0218    
Accumulated time: pickout 0.0041    decision 0.1164    set_bounds 0.0398    solve 0.1560    add 0.0243    
Current (lb-rhs): -1105.514892578125
1728 domains visited
Cumulative time: 0.35953712463378906

BaB round 3
batch: 1152
splitting decisions: 
split level 0: [/input-23, 41] [/input-23, 136] [/input-23, 51] [/input-23, 206] [/input-23, 240] [/input-23, 23] [/input-23, 176] [/input-23, 105] [/input-23, 41] [/input-23, 41] 
pruning_in_iteration open status: False
ratio of positive domain = 0 / 2304 = 0.0
pruning-in-iteration extra time: 4.1961669921875e-05
Time: prepare 0.0382    bound 0.0327    transfer 0.0030    finalize 0.0213    func 0.0953    
Accumulated time: func 0.2505    prepare 0.0618    bound 0.1467    transfer 0.0057    finalize 0.0367    
Current worst splitting domains lb-rhs (depth):
-1098.39319 (8), -1064.69324 (8), -1058.43030 (8), -1053.38599 (8), -1053.16028 (8), -1046.53906 (8), -1045.69385 (8), -1040.66541 (8), -1034.70471 (8), -1031.76270 (8), -1026.79871 (8), -1026.04285 (8), -1024.61987 (8), -1023.82373 (8), -1022.29889 (8), -1017.95837 (8), -1016.09717 (8), -1015.07867 (8), -1012.56812 (8), -1011.56879 (8), 
Length of domains: 2304
Time: pickout 0.0069    decision 0.1401    set_bounds 0.0376    solve 0.0958    add 0.0404    
Accumulated time: pickout 0.0110    decision 0.2565    set_bounds 0.0774    solve 0.2518    add 0.0647    
Current (lb-rhs): -1098.3931884765625
4032 domains visited
Cumulative time: 0.6822512149810791

BaB round 4
batch: 2304
splitting decisions: 
split level 0: [/input-23, 46] [/input-23, 187] [/input-23, 94] [/input-23, 131] [/input-23, 182] [/input-23, 234] [/input-23, 51] [/input-23, 51] [/input-23, 136] [/input-23, 46] 
pruning_in_iteration open status: False
ratio of positive domain = 0 / 4608 = 0.0
pruning-in-iteration extra time: 3.790855407714844e-05
Time: prepare 0.0778    bound 0.0308    transfer 0.0035    finalize 0.0417    func 0.1539    
Accumulated time: func 0.4045    prepare 0.1398    bound 0.1775    transfer 0.0093    finalize 0.0784    
Current worst splitting domains lb-rhs (depth):
-1091.11121 (9), -1056.35608 (9), -1049.02527 (9), -1046.48523 (9), -1045.26306 (9), -1039.35327 (9), -1035.08643 (9), -1034.65564 (9), -1031.88977 (9), -1024.60291 (9), -1019.51996 (9), -1018.40259 (9), -1014.24365 (9), -1014.22327 (9), -1011.97650 (9), -1011.31616 (9), -1010.31769 (9), -1008.76953 (9), -1005.19080 (9), -1004.20135 (9), 
Length of domains: 4608
Time: pickout 0.0142    decision 0.1902    set_bounds 0.1914    solve 0.1545    add 0.0772    
Accumulated time: pickout 0.0252    decision 0.4467    set_bounds 0.2688    solve 0.4064    add 0.1420    
Current (lb-rhs): -1091.1112060546875
8640 domains visited
Cumulative time: 1.3134665489196777

BaB round 5
batch: 4608
splitting decisions: 
split level 0: [/input-23, 57] [/input-23, 7] [/input-23, 136] [/input-23, 53] [/input-23, 23] [/input-23, 39] [/input-23, 71] [/input-23, 195] [/input-23, 105] [/input-23, 57] 
pruning_in_iteration open status: False
ratio of positive domain = 0 / 9216 = 0.0
pruning-in-iteration extra time: 0.00011706352233886719
Time: prepare 0.1525    bound 0.0436    transfer 0.0104    finalize 0.0755    func 0.2831    
Accumulated time: func 0.6875    prepare 0.2926    bound 0.2211    transfer 0.0197    finalize 0.1539    
Current worst splitting domains lb-rhs (depth):
-1085.74719 (10), -1049.71155 (10), -1040.28955 (10), -1037.83594 (10), -1032.77319 (10), -1027.72998 (10), -1027.20911 (10), -1026.49609 (10), -1025.52600 (10), -1021.22705 (10), -1016.11365 (10), -1011.59991 (10), -1008.56561 (10), -1005.46082 (10), -1002.41406 (10), -1001.81476 (10), -1001.76282 (10), -1000.10114 (10), -998.21350 (10), -998.17773 (10), 
Length of domains: 9216
Time: pickout 0.0306    decision 0.2844    set_bounds 0.4456    solve 0.2841    add 0.1511    
Accumulated time: pickout 0.0558    decision 0.7311    set_bounds 0.7144    solve 0.6905    add 0.2931    
Current (lb-rhs): -1085.7471923828125
17856 domains visited
Cumulative time: 2.517608165740967

BaB round 6
batch: 9216
splitting decisions: 
split level 0: [/input-23, 39] [/input-23, 2] [/input-23, 46] [/input-23, 159] [/input-23, 101] [/input-23, 101] [/input-23, 163] [/input-23, 8] [/input-23, 28] [/input-23, 39] 
pruning_in_iteration open status: False
ratio of positive domain = 0 / 18432 = 0.0
pruning-in-iteration extra time: 0.00026226043701171875
Time: prepare 0.3045    bound 0.0773    transfer 0.0448    finalize 0.1528    func 0.5806    
Accumulated time: func 1.2681    prepare 0.5974    bound 0.2983    transfer 0.0645    finalize 0.3067    
Current worst splitting domains lb-rhs (depth):
-1079.49512 (11), -1042.34229 (11), -1034.91272 (11), -1031.72375 (11), -1031.47900 (11), -1026.94678 (11), -1018.13275 (11), -1017.64215 (11), -1011.16724 (11), -1010.27820 (11), -1010.19006 (11), -1005.74438 (11), -998.09674 (11), -997.55560 (11), -995.31586 (11), -994.99603 (11), -993.09216 (11), -992.68213 (11), -992.59985 (11), -992.26361 (11), 
Length of domains: 18432
Time: pickout 0.0571    decision 0.3049    set_bounds 0.8270    solve 0.7698    add 0.3125    
Accumulated time: pickout 0.1129    decision 1.0360    set_bounds 1.5413    solve 1.4603    add 0.6055    
Current (lb-rhs): -1079.4951171875
36288 domains visited
Cumulative time: 4.810074329376221

BaB round 7
batch: 10240
splitting decisions: 
split level 0: [/input-23, 184] [/input-23, 144] [/input-23, 43] [/input-23, 232] [/input-23, 176] [/input-23, 176] [/input-23, 105] [/input-23, 193] [/input-23, 184] [/input-23, 173] 
pruning_in_iteration open status: False
ratio of positive domain = 0 / 20480 = 0.0
pruning-in-iteration extra time: 0.00025844573974609375
Time: prepare 0.3571    bound 0.0864    transfer 0.0547    finalize 0.1806    func 0.6800    
Accumulated time: func 1.9481    prepare 0.9548    bound 0.3848    transfer 0.1192    finalize 0.4873    
Current worst splitting domains lb-rhs (depth):
-1079.49512 (11), -1042.34229 (11), -1034.91272 (11), -1031.72375 (11), -1026.94678 (11), -1018.13275 (11), -1017.64215 (11), -1011.16724 (11), -1010.27820 (11), -1010.19006 (11), -1005.74438 (11), -999.90887 (12), -998.09674 (11), -997.55560 (11), -995.31586 (11), -993.09216 (11), -992.68213 (11), -992.59985 (11), -992.26361 (11), -990.63892 (11), 
Length of domains: 28672
Time: pickout 0.0772    decision 0.3449    set_bounds 0.8420    solve 0.6823    add 0.0814    
Accumulated time: pickout 0.1901    decision 1.3810    set_bounds 2.3833    solve 2.1426    add 0.6869    
Current (lb-rhs): -1079.4951171875
56768 domains visited
Cumulative time: 6.853619813919067

BaB round 8
batch: 10240
splitting decisions: 
split level 0: [/input-23, 2] [/input-23, 43] [/input-23, 124] [/input-23, 150] [/input-23, 162] [/input-23, 52] [/input-23, 137] [/input-23, 184] [/input-23, 249] [/input-23, 2] 
pruning_in_iteration open status: False
ratio of positive domain = 0 / 20480 = 0.0
pruning-in-iteration extra time: 0.0002644062042236328
Time: prepare 0.3583    bound 0.0863    transfer 0.0115    finalize 0.4691    func 0.9260    
Accumulated time: func 2.8741    prepare 1.3135    bound 0.4711    transfer 0.1307    finalize 0.9565    
Current worst splitting domains lb-rhs (depth):
-1079.49512 (11), -1042.34229 (11), -1034.91272 (11), -1031.72375 (11), -1026.94678 (11), -1018.13275 (11), -1017.64215 (11), -1011.16724 (11), -1010.27820 (11), -1010.19006 (11), -1005.74438 (11), -999.90887 (12), -998.09674 (11), -997.55560 (11), -995.31586 (11), -993.09216 (11), -992.68213 (11), -992.59985 (11), -992.26361 (11), -990.63892 (11), 
Length of domains: 38912
Time: pickout 0.0715    decision 0.6569    set_bounds 0.6761    solve 0.9283    add 0.4958    
Accumulated time: pickout 0.2615    decision 2.0379    set_bounds 3.0594    solve 3.0709    add 1.1827    
Current (lb-rhs): -1079.4951171875
77248 domains visited
Cumulative time: 9.698812484741211

BaB round 9
batch: 10240
splitting decisions: 
split level 0: [/input-23, 124] [/input-23, 240] [/input-23, 150] [/input-23, 126] [/input-23, 73] [/input-23, 101] [/input-23, 187] [/input-23, 2] [/input-23, 185] [/input-23, 124] 
pruning_in_iteration open status: False
ratio of positive domain = 0 / 20480 = 0.0
pruning-in-iteration extra time: 0.00034046173095703125
Time: prepare 0.3584    bound 0.0844    transfer 0.0105    finalize 0.1361    func 0.5906    
Accumulated time: func 3.4647    prepare 1.6723    bound 0.5555    transfer 0.1413    finalize 1.0925    
Current worst splitting domains lb-rhs (depth):
-1079.49512 (11), -1042.34229 (11), -1034.91272 (11), -1031.72375 (11), -1026.94678 (11), -1018.13275 (11), -1017.64215 (11), -1011.16724 (11), -1010.27820 (11), -1010.19006 (11), -1005.74438 (11), -999.90887 (12), -998.09674 (11), -997.55560 (11), -995.31586 (11), -993.09216 (11), -992.68213 (11), -992.59985 (11), -992.26361 (11), -990.63892 (11), 
Length of domains: 49152
Time: pickout 0.0739    decision 0.3670    set_bounds 0.7692    solve 0.5928    add 0.0784    
Accumulated time: pickout 0.3355    decision 2.4049    set_bounds 3.8286    solve 3.6636    add 1.2611    
Current (lb-rhs): -1079.4951171875
97728 domains visited
Cumulative time: 11.598109006881714

BaB round 10
batch: 10240
splitting decisions: 
split level 0: [/input-23, 206] [/input-23, 59] [/input-23, 7] [/input-23, 97] [/input-23, 102] [/input-23, 28] [/input-23, 52] [/input-23, 94] [/input-23, 113] [/input-23, 184] 
pruning_in_iteration open status: False
ratio of positive domain = 0 / 20480 = 0.0
pruning-in-iteration extra time: 0.00029015541076660156
Time: prepare 0.3640    bound 0.0856    transfer 0.0115    finalize 0.1383    func 0.6002    
Accumulated time: func 4.0649    prepare 2.0366    bound 0.6411    transfer 0.1528    finalize 1.2309    
Current worst splitting domains lb-rhs (depth):
-1079.49512 (11), -1042.34229 (11), -1034.91272 (11), -1031.72375 (11), -1026.94678 (11), -1018.13275 (11), -1017.64215 (11), -1011.16724 (11), -1010.27820 (11), -1010.19006 (11), -1005.74438 (11), -999.90887 (12), -998.09674 (11), -997.55560 (11), -995.31586 (11), -993.09216 (11), -992.68213 (11), -992.59985 (11), -992.26361 (11), -990.63892 (11), 
Length of domains: 59392
Time: pickout 0.0757    decision 0.8489    set_bounds 0.8800    solve 0.6025    add 0.0792    
Accumulated time: pickout 0.4111    decision 3.2538    set_bounds 4.7086    solve 4.2662    add 1.3403    
Current (lb-rhs): -1079.4951171875
118208 domains visited
Cumulative time: 14.10361123085022

BaB round 11
batch: 10240
splitting decisions: 
split level 0: [/input-23, 23] [/input-23, 8] [/input-23, 53] [/input-23, 143] [/input-23, 23] [/input-23, 163] [/input-23, 114] [/input-23, 143] [/input-23, 52] [/input-23, 23] 
pruning_in_iteration open status: False
ratio of positive domain = 0 / 20480 = 0.0
pruning-in-iteration extra time: 0.00037169456481933594
Time: prepare 0.3760    bound 0.0865    transfer 0.0112    finalize 0.1397    func 0.6142    
Accumulated time: func 4.6791    prepare 2.4128    bound 0.7275    transfer 0.1639    finalize 1.3706    
Current worst splitting domains lb-rhs (depth):
-1079.49512 (11), -1042.34229 (11), -1034.91272 (11), -1031.72375 (11), -1026.94678 (11), -1018.13275 (11), -1017.64215 (11), -1011.16724 (11), -1010.27820 (11), -1010.19006 (11), -1005.74438 (11), -999.90887 (12), -998.09674 (11), -997.55560 (11), -995.31586 (11), -993.09216 (11), -992.68213 (11), -992.59985 (11), -992.26361 (11), -990.63892 (11), 
Length of domains: 69632
Time: pickout 0.0805    decision 0.3664    set_bounds 0.9960    solve 0.6163    add 4.9024    
Accumulated time: pickout 0.4916    decision 3.6202    set_bounds 5.7046    solve 4.8824    add 6.2427    
Current (lb-rhs): -1079.4951171875
138688 domains visited
Cumulative time: 21.086777687072754

BaB round 12
batch: 10240
splitting decisions: 
split level 0: [/input-23, 126] [/input-23, 23] [/input-23, 211] [/input-23, 46] [/input-23, 223] [/input-23, 232] [/input-23, 49] [/input-23, 222] [/input-23, 191] [/input-23, 126] 
pruning_in_iteration open status: False
ratio of positive domain = 0 / 20480 = 0.0
pruning-in-iteration extra time: 0.0002903938293457031
Time: prepare 0.3702    bound 0.0852    transfer 0.0102    finalize 0.1614    func 0.6277    
Accumulated time: func 5.3068    prepare 2.7834    bound 0.8127    transfer 0.1741    finalize 1.5320    
Current worst splitting domains lb-rhs (depth):
-1079.49512 (11), -1042.34229 (11), -1034.91272 (11), -1031.72375 (11), -1026.94678 (11), -1018.13275 (11), -1017.64215 (11), -1011.16724 (11), -1010.27820 (11), -1010.19006 (11), -1005.74438 (11), -999.90887 (12), -998.09674 (11), -997.55560 (11), -995.31586 (11), -993.09216 (11), -992.68213 (11), -992.59985 (11), -992.26361 (11), -990.63892 (11), 
Length of domains: 79872
Time: pickout 0.0852    decision 0.3681    set_bounds 1.0446    solve 0.6299    add 0.0809    
Accumulated time: pickout 0.5768    decision 3.9883    set_bounds 6.7492    solve 5.5123    add 6.3236    
Current (lb-rhs): -1079.4951171875
159168 domains visited
Cumulative time: 23.313217401504517

BaB round 13
batch: 10240
splitting decisions: 
split level 0: [/input-23, 173] [/input-23, 31] [/input-23, 223] [/input-23, 227] [/input-23, 193] [/input-23, 136] [/input-23, 73] [/input-23, 79] [/input-23, 193] [/input-23, 206] 
pruning_in_iteration open status: False
ratio of positive domain = 0 / 20480 = 0.0
pruning-in-iteration extra time: 0.0002739429473876953
Time: prepare 0.3722    bound 0.0861    transfer 0.0109    finalize 0.1373    func 0.6074    
Accumulated time: func 5.9143    prepare 3.1559    bound 0.8988    transfer 0.1851    finalize 1.6693    
Current worst splitting domains lb-rhs (depth):
-1079.49512 (11), -1042.34229 (11), -1034.91272 (11), -1031.72375 (11), -1026.94678 (11), -1018.13275 (11), -1017.64215 (11), -1011.16724 (11), -1010.27820 (11), -1010.19006 (11), -1005.74438 (11), -999.90887 (12), -998.09674 (11), -997.55560 (11), -995.31586 (11), -993.09216 (11), -992.68213 (11), -992.59985 (11), -992.26361 (11), -990.63892 (11), 
Length of domains: 90112
Time: pickout 0.0853    decision 0.3656    set_bounds 1.1129    solve 0.6098    add 0.0867    
Accumulated time: pickout 0.6621    decision 4.3539    set_bounds 7.8621    solve 6.1221    add 6.4103    
Current (lb-rhs): -1079.4951171875
179648 domains visited
Cumulative time: 25.59448218345642

BaB round 14
batch: 10240
splitting decisions: 
split level 0: [/input-23, 61] [/input-23, 176] [/input-23, 184] [/input-23, 184] [/input-23, 43] [/input-23, 2] [/input-23, 193] [/input-23, 7] [/input-23, 222] [/input-23, 61] 
pruning_in_iteration open status: False
ratio of positive domain = 0 / 20480 = 0.0
pruning-in-iteration extra time: 0.00028705596923828125
Time: prepare 0.3655    bound 0.0834    transfer 0.0106    finalize 0.1377    func 0.5979    
Accumulated time: func 6.5121    prepare 3.5217    bound 0.9822    transfer 0.1957    finalize 1.8070    
Current worst splitting domains lb-rhs (depth):
-1079.49512 (11), -1042.34229 (11), -1034.91272 (11), -1031.72375 (11), -1026.94678 (11), -1018.13275 (11), -1017.64215 (11), -1011.16724 (11), -1010.27820 (11), -1010.19006 (11), -1005.74438 (11), -999.90887 (12), -998.09674 (11), -997.55560 (11), -995.31586 (11), -993.09216 (11), -992.68213 (11), -992.59985 (11), -992.26361 (11), -990.63892 (11), 
Length of domains: 100352
Time: pickout 0.0917    decision 0.3711    set_bounds 1.1761    solve 0.6000    add 0.0793    
Accumulated time: pickout 0.7538    decision 4.7250    set_bounds 9.0382    solve 6.7221    add 6.4896    
Current (lb-rhs): -1079.4951171875
200128 domains visited
Cumulative time: 27.93418312072754

BaB round 15
batch: 10240
splitting decisions: 
split level 0: [/input-23, 162] [/input-23, 39] [/input-23, 187] [/input-23, 102] [/input-23, 57] [/input-23, 23] [/input-23, 51] [/input-23, 102] [/input-23, 46] [/input-23, 162] 
pruning_in_iteration open status: False
ratio of positive domain = 0 / 20480 = 0.0
pruning-in-iteration extra time: 0.00029659271240234375
Time: prepare 0.3737    bound 0.0840    transfer 0.0104    finalize 0.1370    func 0.6060    
Accumulated time: func 7.1181    prepare 3.8958    bound 1.0662    transfer 0.2061    finalize 1.9440    
Current worst splitting domains lb-rhs (depth):
-1079.49512 (11), -1042.34229 (11), -1034.91272 (11), -1031.72375 (11), -1026.94678 (11), -1018.13275 (11), -1017.64215 (11), -1011.16724 (11), -1010.27820 (11), -1010.19006 (11), -1005.74438 (11), -999.90887 (12), -998.09674 (11), -997.55560 (11), -995.31586 (11), -993.09216 (11), -992.68213 (11), -992.59985 (11), -992.26361 (11), -990.63892 (11), 
Length of domains: 110592
Time: pickout 0.1006    decision 0.4066    set_bounds 1.2773    solve 0.6082    add 0.0796    
Accumulated time: pickout 0.8543    decision 5.1316    set_bounds 10.3155    solve 7.3303    add 6.5692    
Current (lb-rhs): -1079.4951171875
220608 domains visited
Time out!!!!!!!!
Result: timeout
Time: 31.994343519210815

------------------------- COMMAND ------------------------------
/data1/Kane/miniconda3/envs/GenBaB/bin/python /data1/Kane/GenBaB/alpha-beta-CROWN/complete_verifier/abcrown.py --config /data1/Kane/GenBaB/alpha-beta-CROWN/complete_verifier/exp_configs/vnncomp24/cora.yaml --precompile_jit --onnx_path /data1/Kane/data/vnncomp2025_benchmarks/benchmarks/cora_2024/./onnx/cifar10-point.onnx --vnnlib_path /data1/Kane/data/vnncomp2025_benchmarks/benchmarks/cora_2024/vnnlib/cifar10-img292.vnnlib --results_file /data1/Kane/ACT/audit_results/abcrown_nopgd_20260525/cora_2024/0154__cifar10-point__cifar10-img292.result --timeout 30.0 --save_adv_example --pgd_order=skip
----------------------------------------------------------------

