INFO:act.front_end.vnnlib_loader.data_model_loader:Loading VNNLIB instance: collins_rul_cnn_2022/onnx/NN_rul_small_window_20.onnx
INFO:act.front_end.vnnlib_loader.data_model_loader:[1/3] Converting ONNX model to PyTorch...
INFO:act.front_end.vnnlib_loader.onnx_converter:Loading ONNX model from /data1/Kane/data/vnncomp2025_benchmarks/benchmarks/collins_rul_cnn_2022/onnx/NN_rul_small_window_20.onnx
INFO:act.front_end.vnnlib_loader.onnx_converter:Converting ONNX to PyTorch (simplify-first; raw fallback)
INFO:act.front_end.vnnlib_loader.onnx_converter:Upgrading ONNX opset 8 → 13
INFO:act.front_end.vnnlib_loader.onnx_converter:Simplifying ONNX model
INFO:act.front_end.vnnlib_loader.onnx_converter:Converted model to device=cuda:0, dtype=torch.float64
INFO:act.front_end.vnnlib_loader.onnx_converter:Successfully converted ONNX model: NN_rul_small_window_20.onnx
INFO:act.front_end.vnnlib_loader.data_model_loader:  ✓ Model converted successfully
INFO:act.front_end.vnnlib_loader.data_model_loader:[2/3] Extracting input shape...
INFO:act.front_end.vnnlib_loader.onnx_converter:Normalized dynamic batch to 1: (1, 1, 20, 20)
INFO:act.front_end.vnnlib_loader.data_model_loader:  ✓ Input shape: (1, 1, 20, 20)
INFO:act.front_end.vnnlib_loader.data_model_loader:[3/3] Parsing VNNLIB specification...
INFO:act.front_end.vnnlib_loader.vnnlib_parser:Parsed VNNLIB: 400 inputs, 1 outputs, type=safety
INFO:act.front_end.vnnlib_loader.data_model_loader:  ✓ Parsed VNNLIB: 400 inputs, 1 outputs
INFO:act.front_end.vnnlib_loader.data_model_loader:Successfully loaded VNNLIB instance from 'collins_rul_cnn_2022'
INFO:act.front_end.vnnlib_loader.vnnlib_parser:Parsed robustness_2perturbations_delta5_epsilon10_w20.vnnlib: 2 query(ies)
[0;93m2026-05-29 22:10:38.803696079 [W:onnxruntime:, graph.cc:1362 Graph] Initializer conv_1_W appears in graph inputs and will not be treated as constant value/weight. This may prevent some of the graph optimizations, like const folding. Move it out of graph inputs if there is no need to override it, by either re-generating the model with latest exporter/converter or with the tool onnxruntime/tools/python/remove_initializer_from_input.py.[m
[0;93m2026-05-29 22:10:38.803719840 [W:onnxruntime:, graph.cc:1362 Graph] Initializer conv_1_B appears in graph inputs and will not be treated as constant value/weight. This may prevent some of the graph optimizations, like const folding. Move it out of graph inputs if there is no need to override it, by either re-generating the model with latest exporter/converter or with the tool onnxruntime/tools/python/remove_initializer_from_input.py.[m
[0;93m2026-05-29 22:10:38.803722610 [W:onnxruntime:, graph.cc:1362 Graph] Initializer conv_2_W appears in graph inputs and will not be treated as constant value/weight. This may prevent some of the graph optimizations, like const folding. Move it out of graph inputs if there is no need to override it, by either re-generating the model with latest exporter/converter or with the tool onnxruntime/tools/python/remove_initializer_from_input.py.[m
[0;93m2026-05-29 22:10:38.803724421 [W:onnxruntime:, graph.cc:1362 Graph] Initializer conv_2_B appears in graph inputs and will not be treated as constant value/weight. This may prevent some of the graph optimizations, like const folding. Move it out of graph inputs if there is no need to override it, by either re-generating the model with latest exporter/converter or with the tool onnxruntime/tools/python/remove_initializer_from_input.py.[m
[0;93m2026-05-29 22:10:38.803725971 [W:onnxruntime:, graph.cc:1362 Graph] Initializer conv_3_W appears in graph inputs and will not be treated as constant value/weight. This may prevent some of the graph optimizations, like const folding. Move it out of graph inputs if there is no need to override it, by either re-generating the model with latest exporter/converter or with the tool onnxruntime/tools/python/remove_initializer_from_input.py.[m
[0;93m2026-05-29 22:10:38.803727341 [W:onnxruntime:, graph.cc:1362 Graph] Initializer conv_3_B appears in graph inputs and will not be treated as constant value/weight. This may prevent some of the graph optimizations, like const folding. Move it out of graph inputs if there is no need to override it, by either re-generating the model with latest exporter/converter or with the tool onnxruntime/tools/python/remove_initializer_from_input.py.[m
[0;93m2026-05-29 22:10:38.803733406 [W:onnxruntime:, graph.cc:1362 Graph] Initializer conv_4_W appears in graph inputs and will not be treated as constant value/weight. This may prevent some of the graph optimizations, like const folding. Move it out of graph inputs if there is no need to override it, by either re-generating the model with latest exporter/converter or with the tool onnxruntime/tools/python/remove_initializer_from_input.py.[m
[0;93m2026-05-29 22:10:38.803734863 [W:onnxruntime:, graph.cc:1362 Graph] Initializer conv_4_B appears in graph inputs and will not be treated as constant value/weight. This may prevent some of the graph optimizations, like const folding. Move it out of graph inputs if there is no need to override it, by either re-generating the model with latest exporter/converter or with the tool onnxruntime/tools/python/remove_initializer_from_input.py.[m
[0;93m2026-05-29 22:10:38.803736342 [W:onnxruntime:, graph.cc:1362 Graph] Initializer fc_1_W appears in graph inputs and will not be treated as constant value/weight. This may prevent some of the graph optimizations, like const folding. Move it out of graph inputs if there is no need to override it, by either re-generating the model with latest exporter/converter or with the tool onnxruntime/tools/python/remove_initializer_from_input.py.[m
[0;93m2026-05-29 22:10:38.803737658 [W:onnxruntime:, graph.cc:1362 Graph] Initializer fc_1_B appears in graph inputs and will not be treated as constant value/weight. This may prevent some of the graph optimizations, like const folding. Move it out of graph inputs if there is no need to override it, by either re-generating the model with latest exporter/converter or with the tool onnxruntime/tools/python/remove_initializer_from_input.py.[m
[0;93m2026-05-29 22:10:38.803738902 [W:onnxruntime:, graph.cc:1362 Graph] Initializer fc_2_W appears in graph inputs and will not be treated as constant value/weight. This may prevent some of the graph optimizations, like const folding. Move it out of graph inputs if there is no need to override it, by either re-generating the model with latest exporter/converter or with the tool onnxruntime/tools/python/remove_initializer_from_input.py.[m
[0;93m2026-05-29 22:10:38.803740163 [W:onnxruntime:, graph.cc:1362 Graph] Initializer fc_2_B appears in graph inputs and will not be treated as constant value/weight. This may prevent some of the graph optimizations, like const folding. Move it out of graph inputs if there is no need to override it, by either re-generating the model with latest exporter/converter or with the tool onnxruntime/tools/python/remove_initializer_from_input.py.[m
[0;93m2026-05-29 22:10:38.811164682 [W:onnxruntime:, graph.cc:1362 Graph] Initializer conv_1_W appears in graph inputs and will not be treated as constant value/weight. This may prevent some of the graph optimizations, like const folding. Move it out of graph inputs if there is no need to override it, by either re-generating the model with latest exporter/converter or with the tool onnxruntime/tools/python/remove_initializer_from_input.py.[m
[0;93m2026-05-29 22:10:38.811181136 [W:onnxruntime:, graph.cc:1362 Graph] Initializer conv_1_B appears in graph inputs and will not be treated as constant value/weight. This may prevent some of the graph optimizations, like const folding. Move it out of graph inputs if there is no need to override it, by either re-generating the model with latest exporter/converter or with the tool onnxruntime/tools/python/remove_initializer_from_input.py.[m
[0;93m2026-05-29 22:10:38.811183880 [W:onnxruntime:, graph.cc:1362 Graph] Initializer conv_2_W appears in graph inputs and will not be treated as constant value/weight. This may prevent some of the graph optimizations, like const folding. Move it out of graph inputs if there is no need to override it, by either re-generating the model with latest exporter/converter or with the tool onnxruntime/tools/python/remove_initializer_from_input.py.[m
[0;93m2026-05-29 22:10:38.811188678 [W:onnxruntime:, graph.cc:1362 Graph] Initializer conv_2_B appears in graph inputs and will not be treated as constant value/weight. This may prevent some of the graph optimizations, like const folding. Move it out of graph inputs if there is no need to override it, by either re-generating the model with latest exporter/converter or with the tool onnxruntime/tools/python/remove_initializer_from_input.py.[m
[0;93m2026-05-29 22:10:38.811190263 [W:onnxruntime:, graph.cc:1362 Graph] Initializer conv_3_W appears in graph inputs and will not be treated as constant value/weight. This may prevent some of the graph optimizations, like const folding. Move it out of graph inputs if there is no need to override it, by either re-generating the model with latest exporter/converter or with the tool onnxruntime/tools/python/remove_initializer_from_input.py.[m
[0;93m2026-05-29 22:10:38.811191814 [W:onnxruntime:, graph.cc:1362 Graph] Initializer conv_3_B appears in graph inputs and will not be treated as constant value/weight. This may prevent some of the graph optimizations, like const folding. Move it out of graph inputs if there is no need to override it, by either re-generating the model with latest exporter/converter or with the tool onnxruntime/tools/python/remove_initializer_from_input.py.[m
[0;93m2026-05-29 22:10:38.811193235 [W:onnxruntime:, graph.cc:1362 Graph] Initializer conv_4_W appears in graph inputs and will not be treated as constant value/weight. This may prevent some of the graph optimizations, like const folding. Move it out of graph inputs if there is no need to override it, by either re-generating the model with latest exporter/converter or with the tool onnxruntime/tools/python/remove_initializer_from_input.py.[m
[0;93m2026-05-29 22:10:38.811194528 [W:onnxruntime:, graph.cc:1362 Graph] Initializer conv_4_B appears in graph inputs and will not be treated as constant value/weight. This may prevent some of the graph optimizations, like const folding. Move it out of graph inputs if there is no need to override it, by either re-generating the model with latest exporter/converter or with the tool onnxruntime/tools/python/remove_initializer_from_input.py.[m
[0;93m2026-05-29 22:10:38.811195929 [W:onnxruntime:, graph.cc:1362 Graph] Initializer fc_1_W appears in graph inputs and will not be treated as constant value/weight. This may prevent some of the graph optimizations, like const folding. Move it out of graph inputs if there is no need to override it, by either re-generating the model with latest exporter/converter or with the tool onnxruntime/tools/python/remove_initializer_from_input.py.[m
[0;93m2026-05-29 22:10:38.811197142 [W:onnxruntime:, graph.cc:1362 Graph] Initializer fc_1_B appears in graph inputs and will not be treated as constant value/weight. This may prevent some of the graph optimizations, like const folding. Move it out of graph inputs if there is no need to override it, by either re-generating the model with latest exporter/converter or with the tool onnxruntime/tools/python/remove_initializer_from_input.py.[m
[0;93m2026-05-29 22:10:38.811198671 [W:onnxruntime:, graph.cc:1362 Graph] Initializer fc_2_W appears in graph inputs and will not be treated as constant value/weight. This may prevent some of the graph optimizations, like const folding. Move it out of graph inputs if there is no need to override it, by either re-generating the model with latest exporter/converter or with the tool onnxruntime/tools/python/remove_initializer_from_input.py.[m
[0;93m2026-05-29 22:10:38.811199824 [W:onnxruntime:, graph.cc:1362 Graph] Initializer fc_2_B appears in graph inputs and will not be treated as constant value/weight. This may prevent some of the graph optimizations, like const folding. Move it out of graph inputs if there is no need to override it, by either re-generating the model with latest exporter/converter or with the tool onnxruntime/tools/python/remove_initializer_from_input.py.[m
[ACT] Using existing Gurobi license: modules/gurobi/gurobi.lic
✅ Device Manager Initialized: device=cuda:0, dtype=torch.float64

================================================================================
ACT: Abstract Constraint Transformer
Inference-based whitebox fuzzing for neural network verification
================================================================================


================================================================================
VERIFICATION TEST: VNNLIB → VerifiableModel → verify_once
================================================================================

[vnnlib] category=collins_rul_cnn_2022 max_instances=1 mode=hybridz (full TOP1_ROBUST via labeled_tensor collapse; device=cuda, timeout=120.0s)
  [  1/1] collins_rul_cnn_2022/onnx/NN_rul_small_window_20.onnx@vnnlib/robustness_2perturbations_delta5_epsilon10_w20.vnnlib: FALSIFIED (0.8s)  V=0 A=1 U=0 E=0  R=0

[vnnlib/hybridz] FINAL — total=1 wall=0.0 min
  FALSIFIED    1
  [structured] per-instance log → /data1/Kane/ACT/audit_results/regression_sigmoid_20260529T121033Z/collins_rul_cnn_2022_iid0/per_instance_collins_rul_cnn_2022_20260529T121038814552Z.json

================================================================================
VERIFICATION TEST SUMMARY
================================================================================
  ✅ vnnlib                    PASSED
================================================================================

