INFO:act.front_end.vnnlib_loader.data_model_loader:Loading VNNLIB instance: metaroom_2023/./onnx/4cnn_tz_94_15_no_custom_OP.onnx
INFO:act.front_end.vnnlib_loader.data_model_loader:[1/3] Converting ONNX model to PyTorch...
INFO:act.front_end.vnnlib_loader.onnx_converter:Loading ONNX model from /data1/Kane/data/vnncomp2025_benchmarks/benchmarks/metaroom_2023/onnx/4cnn_tz_94_15_no_custom_OP.onnx
INFO:act.front_end.vnnlib_loader.onnx_converter:Converting ONNX to PyTorch (raw-first strategy)
INFO:act.front_end.vnnlib_loader.onnx_converter:Converted model to device=cuda:0, dtype=torch.float64
INFO:act.front_end.vnnlib_loader.onnx_converter:Successfully converted ONNX model: 4cnn_tz_94_15_no_custom_OP.onnx
INFO:act.front_end.vnnlib_loader.data_model_loader:  ✓ Model converted successfully
INFO:act.front_end.vnnlib_loader.data_model_loader:[2/3] Extracting input shape...
INFO:act.front_end.vnnlib_loader.onnx_converter:Extracted input shape: [1, 3, 32, 56]
INFO:act.front_end.vnnlib_loader.data_model_loader:  ✓ Input shape: (1, 3, 32, 56)
INFO:act.front_end.vnnlib_loader.data_model_loader:[3/3] Parsing VNNLIB specification...
INFO:act.front_end.vnnlib_loader.vnnlib_parser:Parsed VNNLIB: 5376 inputs, 20 outputs, type=unknown
INFO:act.front_end.vnnlib_loader.data_model_loader:  ✓ Parsed VNNLIB: 5376 inputs, 20 outputs
INFO:act.front_end.vnnlib_loader.data_model_loader:Successfully loaded VNNLIB instance from 'metaroom_2023'
INFO:act.front_end.vnnlib_loader.vnnlib_parser:Parsed spec_idx_90_eps_0.00001000.vnnlib: 19 query(ies)
WARNING:act.back_end.solver.solver_hz:L2 FALLBACK (OutOfMemoryError): CUDA out of memory. Tried to allocate 148.00 MiB. GPU 0 has a total capacity of 94.96 GiB of which 123.12 MiB is free. Process 2687037 has 690.00 MiB memory in use. Process 1568561 has 89.70 GiB memory in use. Process 1568579 has 2.74 GiB memory in use. Including non-PyTorch memory, this process has 1.10 GiB memory in use. Of the allocated memory 454.32 MiB is allocated by PyTorch, and 11.68 MiB is reserved by PyTorch but unallocated. If reserved but unallocated memory is large try setting PYTORCH_CUDA_ALLOC_CONF=expandable_segments:True to avoid fragmentation.  See documentation for Memory Management  (https://pytorch.org/docs/stable/notes/cuda.html#environment-variables)
WARNING:act.back_end.solver.solver_hz:L4 FALLBACK (OutOfMemoryError): CUDA out of memory. Tried to allocate 50.00 MiB. GPU 0 has a total capacity of 94.96 GiB of which 51.12 MiB is free. Process 2687037 has 690.00 MiB memory in use. Process 1568561 has 89.70 GiB memory in use. Process 1568579 has 2.74 GiB memory in use. Including non-PyTorch memory, this process has 1.17 GiB memory in use. Of the allocated memory 527.86 MiB is allocated by PyTorch, and 10.14 MiB is reserved by PyTorch but unallocated. If reserved but unallocated memory is large try setting PYTORCH_CUDA_ALLOC_CONF=expandable_segments:True to avoid fragmentation.  See documentation for Memory Management  (https://pytorch.org/docs/stable/notes/cuda.html#environment-variables)
WARNING:act.back_end.solver.solver_hz:L2 FALLBACK (OutOfMemoryError): CUDA out of memory. Tried to allocate 148.00 MiB. GPU 0 has a total capacity of 94.96 GiB of which 123.12 MiB is free. Process 2687037 has 690.00 MiB memory in use. Process 1568561 has 89.70 GiB memory in use. Process 1568579 has 2.74 GiB memory in use. Including non-PyTorch memory, this process has 1.10 GiB memory in use. Of the allocated memory 454.32 MiB is allocated by PyTorch, and 11.68 MiB is reserved by PyTorch but unallocated. If reserved but unallocated memory is large try setting PYTORCH_CUDA_ALLOC_CONF=expandable_segments:True to avoid fragmentation.  See documentation for Memory Management  (https://pytorch.org/docs/stable/notes/cuda.html#environment-variables)
WARNING:act.back_end.solver.solver_hz:L4 FALLBACK (OutOfMemoryError): CUDA out of memory. Tried to allocate 50.00 MiB. GPU 0 has a total capacity of 94.96 GiB of which 51.12 MiB is free. Process 2687037 has 690.00 MiB memory in use. Process 1568561 has 89.70 GiB memory in use. Process 1568579 has 2.74 GiB memory in use. Including non-PyTorch memory, this process has 1.17 GiB memory in use. Of the allocated memory 527.86 MiB is allocated by PyTorch, and 10.14 MiB is reserved by PyTorch but unallocated. If reserved but unallocated memory is large try setting PYTORCH_CUDA_ALLOC_CONF=expandable_segments:True to avoid fragmentation.  See documentation for Memory Management  (https://pytorch.org/docs/stable/notes/cuda.html#environment-variables)
WARNING:act.back_end.solver.solver_hz:L2 FALLBACK (OutOfMemoryError): CUDA out of memory. Tried to allocate 148.00 MiB. GPU 0 has a total capacity of 94.96 GiB of which 123.12 MiB is free. Process 2687037 has 690.00 MiB memory in use. Process 1568561 has 89.70 GiB memory in use. Process 1568579 has 2.74 GiB memory in use. Including non-PyTorch memory, this process has 1.10 GiB memory in use. Of the allocated memory 454.32 MiB is allocated by PyTorch, and 11.68 MiB is reserved by PyTorch but unallocated. If reserved but unallocated memory is large try setting PYTORCH_CUDA_ALLOC_CONF=expandable_segments:True to avoid fragmentation.  See documentation for Memory Management  (https://pytorch.org/docs/stable/notes/cuda.html#environment-variables)
WARNING:act.back_end.solver.solver_hz:L4 FALLBACK (OutOfMemoryError): CUDA out of memory. Tried to allocate 50.00 MiB. GPU 0 has a total capacity of 94.96 GiB of which 51.12 MiB is free. Process 2687037 has 690.00 MiB memory in use. Process 1568561 has 89.70 GiB memory in use. Process 1568579 has 2.74 GiB memory in use. Including non-PyTorch memory, this process has 1.17 GiB memory in use. Of the allocated memory 527.86 MiB is allocated by PyTorch, and 10.14 MiB is reserved by PyTorch but unallocated. If reserved but unallocated memory is large try setting PYTORCH_CUDA_ALLOC_CONF=expandable_segments:True to avoid fragmentation.  See documentation for Memory Management  (https://pytorch.org/docs/stable/notes/cuda.html#environment-variables)
WARNING:act.back_end.solver.solver_hz:L2 FALLBACK (OutOfMemoryError): CUDA out of memory. Tried to allocate 148.00 MiB. GPU 0 has a total capacity of 94.96 GiB of which 123.12 MiB is free. Process 2687037 has 690.00 MiB memory in use. Process 1568561 has 89.70 GiB memory in use. Process 1568579 has 2.74 GiB memory in use. Including non-PyTorch memory, this process has 1.10 GiB memory in use. Of the allocated memory 454.32 MiB is allocated by PyTorch, and 11.68 MiB is reserved by PyTorch but unallocated. If reserved but unallocated memory is large try setting PYTORCH_CUDA_ALLOC_CONF=expandable_segments:True to avoid fragmentation.  See documentation for Memory Management  (https://pytorch.org/docs/stable/notes/cuda.html#environment-variables)
WARNING:act.back_end.solver.solver_hz:L4 FALLBACK (OutOfMemoryError): CUDA out of memory. Tried to allocate 50.00 MiB. GPU 0 has a total capacity of 94.96 GiB of which 51.12 MiB is free. Process 2687037 has 690.00 MiB memory in use. Process 1568561 has 89.70 GiB memory in use. Process 1568579 has 2.74 GiB memory in use. Including non-PyTorch memory, this process has 1.17 GiB memory in use. Of the allocated memory 527.86 MiB is allocated by PyTorch, and 10.14 MiB is reserved by PyTorch but unallocated. If reserved but unallocated memory is large try setting PYTORCH_CUDA_ALLOC_CONF=expandable_segments:True to avoid fragmentation.  See documentation for Memory Management  (https://pytorch.org/docs/stable/notes/cuda.html#environment-variables)
WARNING:act.back_end.solver.solver_hz:L2 FALLBACK (OutOfMemoryError): CUDA out of memory. Tried to allocate 148.00 MiB. GPU 0 has a total capacity of 94.96 GiB of which 123.12 MiB is free. Process 2687037 has 690.00 MiB memory in use. Process 1568561 has 89.70 GiB memory in use. Process 1568579 has 2.74 GiB memory in use. Including non-PyTorch memory, this process has 1.10 GiB memory in use. Of the allocated memory 454.32 MiB is allocated by PyTorch, and 11.68 MiB is reserved by PyTorch but unallocated. If reserved but unallocated memory is large try setting PYTORCH_CUDA_ALLOC_CONF=expandable_segments:True to avoid fragmentation.  See documentation for Memory Management  (https://pytorch.org/docs/stable/notes/cuda.html#environment-variables)
WARNING:act.back_end.solver.solver_hz:L4 FALLBACK (OutOfMemoryError): CUDA out of memory. Tried to allocate 50.00 MiB. GPU 0 has a total capacity of 94.96 GiB of which 51.12 MiB is free. Process 2687037 has 690.00 MiB memory in use. Process 1568561 has 89.70 GiB memory in use. Process 1568579 has 2.74 GiB memory in use. Including non-PyTorch memory, this process has 1.17 GiB memory in use. Of the allocated memory 527.86 MiB is allocated by PyTorch, and 10.14 MiB is reserved by PyTorch but unallocated. If reserved but unallocated memory is large try setting PYTORCH_CUDA_ALLOC_CONF=expandable_segments:True to avoid fragmentation.  See documentation for Memory Management  (https://pytorch.org/docs/stable/notes/cuda.html#environment-variables)
[ACT] Using existing Gurobi license: modules/gurobi/gurobi.lic
✅ Device Manager Initialized: device=cuda:0, dtype=torch.float64

================================================================================
ACT: Abstract Constraint Transformer
Inference-based whitebox fuzzing for neural network verification
================================================================================


================================================================================
VERIFICATION TEST: VNNLIB → VerifiableModel → verify_once
================================================================================

[vnnlib] category=metaroom_2023 max_instances=1 mode=hybridz (full TOP1_ROBUST via labeled_tensor collapse; device=cuda, timeout=90.0s)
  [  1/1] metaroom_2023/./onnx/4cnn_tz_94_15_no_custom_OP.onnx@./vnnlib/spec_idx_90_eps_0.00001000.vnnlib: CERTIFIED (7.2s)  V=1 A=0 U=0 E=0  R=0

[vnnlib/hybridz] FINAL — total=1 wall=0.1 min
  CERTIFIED    1
  [structured] per-instance log → /data1/Kane/ACT/audit_results/r93_rerun_20260525T083118Z/gpu_stream1_20260526T132419Z/metaroom_2023/per_instance_metaroom_2023_20260526T154553664153Z.json

================================================================================
VERIFICATION TEST SUMMARY
================================================================================
  ✅ vnnlib                    PASSED
================================================================================

