INFO:act.front_end.vnnlib_loader.data_model_loader:Loading VNNLIB instance: yolo_2023/onnx/TinyYOLO.onnx
INFO:act.front_end.vnnlib_loader.data_model_loader:[1/3] Converting ONNX model to PyTorch...
INFO:act.front_end.vnnlib_loader.onnx_converter:Loading ONNX model from /data1/Kane/data/vnncomp2025_benchmarks/benchmarks/yolo_2023/onnx/TinyYOLO.onnx
INFO:act.front_end.vnnlib_loader.onnx_converter:Converting ONNX to PyTorch (simplify-first; raw fallback)
INFO:act.front_end.vnnlib_loader.onnx_converter:Upgrading ONNX opset 9 → 13
INFO:act.front_end.vnnlib_loader.onnx_converter:Simplifying ONNX model
INFO:act.front_end.vnnlib_loader.onnx_converter:Converted model to device=cuda:0, dtype=torch.float64
INFO:act.front_end.vnnlib_loader.onnx_converter:Successfully converted ONNX model: TinyYOLO.onnx
INFO:act.front_end.vnnlib_loader.data_model_loader:  ✓ Model converted successfully
INFO:act.front_end.vnnlib_loader.data_model_loader:[2/3] Extracting input shape...
INFO:act.front_end.vnnlib_loader.onnx_converter:Extracted input shape: [1, 3, 52, 52]
INFO:act.front_end.vnnlib_loader.data_model_loader:  ✓ Input shape: (1, 3, 52, 52)
INFO:act.front_end.vnnlib_loader.data_model_loader:[3/3] Parsing VNNLIB specification...
INFO:act.front_end.vnnlib_loader.vnnlib_parser:Parsed VNNLIB: 8112 inputs, 21125 outputs, type=unknown
INFO:act.front_end.vnnlib_loader.data_model_loader:  ✓ Parsed VNNLIB: 8112 inputs, 21125 outputs
INFO:act.front_end.vnnlib_loader.data_model_loader:Successfully loaded VNNLIB instance from 'yolo_2023'
INFO:act.front_end.vnnlib_loader.vnnlib_parser:Parsed TinyYOLO_prop_000450_eps_1_255.vnnlib: 1 query(ies)
INFO:act.back_end.solver.solver_hz:large_cls_proof_mode ACTIVE: conv=14 out_dim=21125 relus=7 (triangle for relu 1..6, eq_lagr_v8 for last 1)
WARNING:act.back_end.solver.solver_hz:L2 FALLBACK (OutOfMemoryError): CUDA out of memory. Tried to allocate 2.56 GiB. GPU 0 has a total capacity of 94.96 GiB of which 350.31 MiB is free. Process 2687037 has 690.00 MiB memory in use. Process 2961044 has 1.63 GiB memory in use. Process 2963723 has 732.00 MiB memory in use. Process 2963724 has 3.48 GiB memory in use. Process 2963729 has 5.89 GiB memory in use. Process 2963730 has 2.31 GiB memory in use. Process 2965624 has 882.00 MiB memory in use. Process 2967145 has 1.59 GiB memory in use. Process 2967464 has 4.39 GiB memory in use. Including non-PyTorch memory, this process has 5.35 GiB memory in use. Process 2967476 has 66.81 GiB memory in use. Process 2968216 has 642.00 MiB memory in use. Of the allocated memory 4.71 GiB is allocated by PyTorch, and 3.04 MiB is reserved by PyTorch but unallocated. If reserved but unallocated memory is large try setting PYTORCH_CUDA_ALLOC_CONF=expandable_segments:True to avoid fragmentation.  See documentation for Memory Management  (https://pytorch.org/docs/stable/notes/cuda.html#environment-variables)
WARNING:act.back_end.solver.solver_hz:L3 FALLBACK (OutOfMemoryError): CUDA out of memory. Tried to allocate 2.56 GiB. GPU 0 has a total capacity of 94.96 GiB of which 308.31 MiB is free. Process 2687037 has 690.00 MiB memory in use. Process 2961044 has 1.63 GiB memory in use. Process 2963723 has 732.00 MiB memory in use. Process 2963724 has 3.50 GiB memory in use. Process 2963729 has 5.89 GiB memory in use. Process 2963730 has 2.31 GiB memory in use. Process 2965624 has 882.00 MiB memory in use. Process 2967145 has 1.59 GiB memory in use. Process 2967464 has 4.39 GiB memory in use. Including non-PyTorch memory, this process has 5.35 GiB memory in use. Process 2967476 has 66.81 GiB memory in use. Process 2968216 has 642.00 MiB memory in use. Of the allocated memory 4.71 GiB is allocated by PyTorch, and 3.04 MiB is reserved by PyTorch but unallocated. If reserved but unallocated memory is large try setting PYTORCH_CUDA_ALLOC_CONF=expandable_segments:True to avoid fragmentation.  See documentation for Memory Management  (https://pytorch.org/docs/stable/notes/cuda.html#environment-variables)
WARNING:act.back_end.solver.solver_hz:L9 FALLBACK (OutOfMemoryError): CUDA out of memory. Tried to allocate 22.71 GiB. GPU 0 has a total capacity of 94.96 GiB of which 731.62 MiB is free. Process 2687037 has 690.00 MiB memory in use. Process 2961044 has 1.63 GiB memory in use. Process 2963723 has 732.00 MiB memory in use. Process 2963724 has 3.54 GiB memory in use. Process 2963729 has 5.89 GiB memory in use. Process 2963730 has 2.31 GiB memory in use. Process 2965624 has 882.00 MiB memory in use. Process 2967145 has 1.59 GiB memory in use. Process 2967464 has 4.39 GiB memory in use. Including non-PyTorch memory, this process has 5.53 GiB memory in use. Process 2967476 has 66.81 GiB memory in use. Of the allocated memory 4.53 GiB is allocated by PyTorch, and 369.00 MiB is reserved by PyTorch but unallocated. If reserved but unallocated memory is large try setting PYTORCH_CUDA_ALLOC_CONF=expandable_segments:True to avoid fragmentation.  See documentation for Memory Management  (https://pytorch.org/docs/stable/notes/cuda.html#environment-variables)
WARNING:act.back_end.solver.solver_hz:L12 FALLBACK (OutOfMemoryError): CUDA out of memory. Tried to allocate 13.87 GiB. GPU 0 has a total capacity of 94.96 GiB of which 767.62 MiB is free. Process 2687037 has 690.00 MiB memory in use. Process 2961044 has 1.63 GiB memory in use. Process 2963723 has 732.00 MiB memory in use. Process 2963724 has 3.59 GiB memory in use. Process 2963729 has 5.89 GiB memory in use. Process 2963730 has 2.31 GiB memory in use. Process 2965624 has 882.00 MiB memory in use. Process 2967145 has 1.59 GiB memory in use. Process 2967464 has 4.39 GiB memory in use. Including non-PyTorch memory, this process has 5.44 GiB memory in use. Process 2967476 has 66.81 GiB memory in use. Of the allocated memory 4.36 GiB is allocated by PyTorch, and 454.88 MiB is reserved by PyTorch but unallocated. If reserved but unallocated memory is large try setting PYTORCH_CUDA_ALLOC_CONF=expandable_segments:True to avoid fragmentation.  See documentation for Memory Management  (https://pytorch.org/docs/stable/notes/cuda.html#environment-variables)
[ACT] Using existing Gurobi license: ../ACT/modules/gurobi/gurobi.lic
✅ Device Manager Initialized: device=cuda:0, dtype=torch.float64

================================================================================
ACT: Abstract Constraint Transformer
Inference-based whitebox fuzzing for neural network verification
================================================================================


================================================================================
VERIFICATION TEST: VNNLIB → VerifiableModel → verify_once
================================================================================

[vnnlib] category=yolo_2023 max_instances=1 mode=hybridz (full TOP1_ROBUST via labeled_tensor collapse; device=cuda, timeout=180.0s)
  [  1/1] yolo_2023/onnx/TinyYOLO.onnx@vnnlib/TinyYOLO_prop_000450_eps_1_255.vnnlib: UNKNOWN (10.8s)  V=0 A=0 U=1 E=0  R=0

[vnnlib/hybridz] FINAL — total=1 wall=0.2 min
  UNKNOWN      1
  [structured] per-instance log → /data1/Kane/ACT/audit_results/full_vnncomp_20260530T092003Z/yolo_2023_w1/per_instance_yolo_2023_20260530T125547004347Z.json

================================================================================
VERIFICATION TEST SUMMARY
================================================================================
  ✅ vnnlib                    PASSED
================================================================================

