INFO:act.front_end.vnnlib_loader.data_model_loader:Loading VNNLIB instance: yolo_2023/onnx/TinyYOLO.onnx
INFO:act.front_end.vnnlib_loader.data_model_loader:[1/3] Converting ONNX model to PyTorch...
INFO:act.front_end.vnnlib_loader.onnx_converter:Loading ONNX model from /data1/Kane/data/vnncomp2025_benchmarks/benchmarks/yolo_2023/onnx/TinyYOLO.onnx
INFO:act.front_end.vnnlib_loader.onnx_converter:Converting ONNX to PyTorch (simplify-first; raw fallback)
INFO:act.front_end.vnnlib_loader.onnx_converter:Upgrading ONNX opset 9 → 13
INFO:act.front_end.vnnlib_loader.onnx_converter:Simplifying ONNX model
INFO:act.front_end.vnnlib_loader.onnx_converter:Converted model to device=cuda:0, dtype=torch.float64
INFO:act.front_end.vnnlib_loader.onnx_converter:Successfully converted ONNX model: TinyYOLO.onnx
INFO:act.front_end.vnnlib_loader.data_model_loader:  ✓ Model converted successfully
INFO:act.front_end.vnnlib_loader.data_model_loader:[2/3] Extracting input shape...
INFO:act.front_end.vnnlib_loader.onnx_converter:Extracted input shape: [1, 3, 52, 52]
INFO:act.front_end.vnnlib_loader.data_model_loader:  ✓ Input shape: (1, 3, 52, 52)
INFO:act.front_end.vnnlib_loader.data_model_loader:[3/3] Parsing VNNLIB specification...
INFO:act.front_end.vnnlib_loader.vnnlib_parser:Parsed VNNLIB: 8112 inputs, 21125 outputs, type=unknown
INFO:act.front_end.vnnlib_loader.data_model_loader:  ✓ Parsed VNNLIB: 8112 inputs, 21125 outputs
INFO:act.front_end.vnnlib_loader.data_model_loader:Successfully loaded VNNLIB instance from 'yolo_2023'
INFO:act.front_end.vnnlib_loader.vnnlib_parser:Parsed TinyYOLO_prop_000357_eps_1_255.vnnlib: 1 query(ies)
INFO:act.back_end.solver.solver_hz:large_cls_proof_mode ACTIVE: conv=14 out_dim=21125 relus=7 (triangle for relu 1..6, eq_lagr_v8 for last 1)
WARNING:act.back_end.solver.solver_hz:L2 FALLBACK (OutOfMemoryError): CUDA out of memory. Tried to allocate 2.60 GiB. GPU 0 has a total capacity of 94.96 GiB of which 1.07 GiB is free. Process 2687037 has 690.00 MiB memory in use. Process 2988236 has 8.26 GiB memory in use. Process 2991912 has 46.13 GiB memory in use. Process 2994356 has 5.75 GiB memory in use. Process 2995532 has 6.88 GiB memory in use. Process 2996422 has 674.00 MiB memory in use. Process 2997252 has 772.00 MiB memory in use. Process 2997254 has 1.95 GiB memory in use. Process 2998326 has 1.46 GiB memory in use. Process 2998773 has 10.34 GiB memory in use. Including non-PyTorch memory, this process has 5.37 GiB memory in use. Process 2998872 has 5.35 GiB memory in use. Of the allocated memory 4.73 GiB is allocated by PyTorch, and 3.02 MiB is reserved by PyTorch but unallocated. If reserved but unallocated memory is large try setting PYTORCH_CUDA_ALLOC_CONF=expandable_segments:True to avoid fragmentation.  See documentation for Memory Management  (https://pytorch.org/docs/stable/notes/cuda.html#environment-variables)
WARNING:act.back_end.solver.solver_hz:L3 FALLBACK (OutOfMemoryError): CUDA out of memory. Tried to allocate 2.60 GiB. GPU 0 has a total capacity of 94.96 GiB of which 666.31 MiB is free. Process 2687037 has 690.00 MiB memory in use. Process 2988236 has 8.26 GiB memory in use. Process 2991912 has 46.13 GiB memory in use. Process 2994356 has 5.75 GiB memory in use. Process 2995532 has 6.88 GiB memory in use. Process 2996422 has 674.00 MiB memory in use. Process 2997252 has 772.00 MiB memory in use. Process 2997254 has 1.95 GiB memory in use. Process 2998326 has 1.88 GiB memory in use. Process 2998773 has 10.34 GiB memory in use. Including non-PyTorch memory, this process has 5.37 GiB memory in use. Process 2998872 has 5.35 GiB memory in use. Of the allocated memory 4.73 GiB is allocated by PyTorch, and 3.02 MiB is reserved by PyTorch but unallocated. If reserved but unallocated memory is large try setting PYTORCH_CUDA_ALLOC_CONF=expandable_segments:True to avoid fragmentation.  See documentation for Memory Management  (https://pytorch.org/docs/stable/notes/cuda.html#environment-variables)
WARNING:act.back_end.solver.solver_hz:L9 FALLBACK (OutOfMemoryError): CUDA out of memory. Tried to allocate 22.86 GiB. GPU 0 has a total capacity of 94.96 GiB of which 41.62 MiB is free. Process 2687037 has 690.00 MiB memory in use. Process 2988236 has 8.26 GiB memory in use. Process 2991912 has 46.13 GiB memory in use. Process 2994356 has 5.75 GiB memory in use. Process 2995532 has 6.88 GiB memory in use. Process 2996422 has 674.00 MiB memory in use. Process 2997252 has 1.40 GiB memory in use. Process 2997254 has 1.95 GiB memory in use. Process 2998326 has 1.88 GiB memory in use. Including non-PyTorch memory, this process has 13.96 GiB memory in use. Process 2998872 has 7.07 GiB memory in use. Of the allocated memory 13.21 GiB is allocated by PyTorch, and 119.83 MiB is reserved by PyTorch but unallocated. If reserved but unallocated memory is large try setting PYTORCH_CUDA_ALLOC_CONF=expandable_segments:True to avoid fragmentation.  See documentation for Memory Management  (https://pytorch.org/docs/stable/notes/cuda.html#environment-variables)
WARNING:act.back_end.solver.solver_hz:L12 FALLBACK (OutOfMemoryError): CUDA out of memory. Tried to allocate 13.87 GiB. GPU 0 has a total capacity of 94.96 GiB of which 8.63 GiB is free. Process 2687037 has 690.00 MiB memory in use. Process 2988236 has 8.26 GiB memory in use. Process 2991912 has 46.13 GiB memory in use. Process 2994356 has 5.75 GiB memory in use. Process 2995532 has 6.88 GiB memory in use. Process 2996422 has 674.00 MiB memory in use. Process 2997252 has 1.40 GiB memory in use. Process 2997254 has 1.95 GiB memory in use. Process 2998326 has 1.88 GiB memory in use. Including non-PyTorch memory, this process has 5.37 GiB memory in use. Process 2998872 has 7.07 GiB memory in use. Of the allocated memory 4.36 GiB is allocated by PyTorch, and 384.79 MiB is reserved by PyTorch but unallocated. If reserved but unallocated memory is large try setting PYTORCH_CUDA_ALLOC_CONF=expandable_segments:True to avoid fragmentation.  See documentation for Memory Management  (https://pytorch.org/docs/stable/notes/cuda.html#environment-variables)
WARNING:act.back_end.solver.solver_hz:L27 FALLBACK (OutOfMemoryError): CUDA out of memory. Tried to allocate 1.36 GiB. GPU 0 has a total capacity of 94.96 GiB of which 954.94 MiB is free. Process 2687037 has 690.00 MiB memory in use. Process 2988236 has 8.26 GiB memory in use. Process 2991912 has 46.13 GiB memory in use. Process 2994356 has 5.75 GiB memory in use. Process 2995532 has 6.88 GiB memory in use. Process 2996422 has 674.00 MiB memory in use. Process 2997254 has 1.95 GiB memory in use. Process 2998326 has 2.10 GiB memory in use. Including non-PyTorch memory, this process has 14.26 GiB memory in use. Process 2998872 has 7.07 GiB memory in use. Of the allocated memory 10.88 GiB is allocated by PyTorch, and 2.74 GiB is reserved by PyTorch but unallocated. If reserved but unallocated memory is large try setting PYTORCH_CUDA_ALLOC_CONF=expandable_segments:True to avoid fragmentation.  See documentation for Memory Management  (https://pytorch.org/docs/stable/notes/cuda.html#environment-variables)
[ACT] Using existing Gurobi license: ../ACT/modules/gurobi/gurobi.lic
✅ Device Manager Initialized: device=cuda:0, dtype=torch.float64

================================================================================
ACT: Abstract Constraint Transformer
Inference-based whitebox fuzzing for neural network verification
================================================================================


================================================================================
VERIFICATION TEST: VNNLIB → VerifiableModel → verify_once
================================================================================

[vnnlib] category=yolo_2023 max_instances=1 mode=hybridz (full TOP1_ROBUST via labeled_tensor collapse; device=cuda, timeout=180.0s)
  [  1/1] yolo_2023/onnx/TinyYOLO.onnx@vnnlib/TinyYOLO_prop_000357_eps_1_255.vnnlib: UNKNOWN (10.1s)  V=0 A=0 U=1 E=0  R=0

[vnnlib/hybridz] FINAL — total=1 wall=0.2 min
  UNKNOWN      1
  [structured] per-instance log → /data1/Kane/ACT/audit_results/full_vnncomp_20260530T092003Z/yolo_2023_w1/per_instance_yolo_2023_20260530T130042360428Z.json

================================================================================
VERIFICATION TEST SUMMARY
================================================================================
  ✅ vnnlib                    PASSED
================================================================================

