[ACT] Auto-detecting project root: ../ACT
[ACT] Gurobi license found: ../ACT/modules/gurobi/gurobi.lic
{
  "benchmark": "linearizenn_2024",
  "instance_id": 0,
  "status": "OK",
  "cli_normalized": "OK",
  "wall_s": 15.508422690909356,
  "peak_rss_mb": 1550.44921875,
  "returncode": 0,
  "per_instance_json": "/data1/Kane/ACT/audit_results/spec_aware_v2_pilot_20260530T082148Z/lin_OFF/per_instance_linearizenn_2024_20260530T082205368928Z.json",
  "out_dir": "/data1/Kane/ACT/audit_results/spec_aware_v2_pilot_20260530T082148Z/lin_OFF",
  "stdout_tail": "nput shape: [1, 4]\nINFO:act.front_end.vnnlib_loader.data_model_loader:  \u2713 Input shape: (1, 4)\nINFO:act.front_end.vnnlib_loader.data_model_loader:[3/3] Parsing VNNLIB specification...\nINFO:act.front_end.vnnlib_loader.vnnlib_parser:Parsed VNNLIB: 4 inputs, 2 outputs, type=unknown\nINFO:act.front_end.vnnlib_loader.data_model_loader:  \u2713 Parsed VNNLIB: 4 inputs, 2 outputs\nINFO:act.front_end.vnnlib_loader.data_model_loader:Successfully loaded VNNLIB instance from 'linearizenn_2024'\nINFO:act.front_end.vnnlib_loader.vnnlib_parser:Parsed prop_10_10.vnnlib: 2 query(ies)\n[ACT] Using existing Gurobi license: ../ACT/modules/gurobi/gurobi.lic\n\u2705 Device Manager Initialized: device=cuda:0, dtype=torch.float64\n\n================================================================================\nACT: Abstract Constraint Transformer\nInference-based whitebox fuzzing for neural network verification\n================================================================================\n\n\n================================================================================\nVERIFICATION TEST: VNNLIB \u2192 VerifiableModel \u2192 verify_once\n================================================================================\n\n[vnnlib] category=linearizenn_2024 max_instances=1 mode=hybridz (full TOP1_ROBUST via labeled_tensor collapse; device=cuda, timeout=180.0s)\n  [  1/1] linearizenn_2024/onnx/AllInOne_10_10.onnx@vnnlib/prop_10_10.vnnlib: UNKNOWN (12.4s)  V=0 A=0 U=1 E=0  R=0\n\n[vnnlib/hybridz] FINAL \u2014 total=1 wall=0.2 min\n  UNKNOWN      1\n  [structured] per-instance log \u2192 /data1/Kane/ACT/audit_results/spec_aware_v2_pilot_20260530T082148Z/lin_OFF/per_instance_linearizenn_2024_20260530T082205368928Z.json\n\n================================================================================\nVERIFICATION TEST SUMMARY\n================================================================================\n  \u2705 vnnlib                    PASSED\n================================================================================\n\n"
}
{
  "benchmark": "linearizenn_2024",
  "instance_id": 5,
  "status": "OK",
  "cli_normalized": "OK",
  "wall_s": 23.011072731926106,
  "peak_rss_mb": 1566.2578125,
  "returncode": 0,
  "per_instance_json": "/data1/Kane/ACT/audit_results/spec_aware_v2_pilot_20260530T082148Z/lin_OFF/per_instance_linearizenn_2024_20260530T082228248766Z.json",
  "out_dir": "/data1/Kane/ACT/audit_results/spec_aware_v2_pilot_20260530T082148Z/lin_OFF",
  "stdout_tail": "hape: [1, 4]\nINFO:act.front_end.vnnlib_loader.data_model_loader:  \u2713 Input shape: (1, 4)\nINFO:act.front_end.vnnlib_loader.data_model_loader:[3/3] Parsing VNNLIB specification...\nINFO:act.front_end.vnnlib_loader.vnnlib_parser:Parsed VNNLIB: 4 inputs, 2 outputs, type=unknown\nINFO:act.front_end.vnnlib_loader.data_model_loader:  \u2713 Parsed VNNLIB: 4 inputs, 2 outputs\nINFO:act.front_end.vnnlib_loader.data_model_loader:Successfully loaded VNNLIB instance from 'linearizenn_2024'\nINFO:act.front_end.vnnlib_loader.vnnlib_parser:Parsed prop_10_10_4.vnnlib: 2 query(ies)\n[ACT] Using existing Gurobi license: ../ACT/modules/gurobi/gurobi.lic\n\u2705 Device Manager Initialized: device=cuda:0, dtype=torch.float64\n\n================================================================================\nACT: Abstract Constraint Transformer\nInference-based whitebox fuzzing for neural network verification\n================================================================================\n\n\n================================================================================\nVERIFICATION TEST: VNNLIB \u2192 VerifiableModel \u2192 verify_once\n================================================================================\n\n[vnnlib] category=linearizenn_2024 max_instances=1 mode=hybridz (full TOP1_ROBUST via labeled_tensor collapse; device=cuda, timeout=180.0s)\n  [  1/1] linearizenn_2024/onnx/AllInOne_10_10.onnx@vnnlib/prop_10_10_4.vnnlib: CERTIFIED (19.8s)  V=1 A=0 U=0 E=0  R=0\n\n[vnnlib/hybridz] FINAL \u2014 total=1 wall=0.3 min\n  CERTIFIED    1\n  [structured] per-instance log \u2192 /data1/Kane/ACT/audit_results/spec_aware_v2_pilot_20260530T082148Z/lin_OFF/per_instance_linearizenn_2024_20260530T082228248766Z.json\n\n================================================================================\nVERIFICATION TEST SUMMARY\n================================================================================\n  \u2705 vnnlib                    PASSED\n================================================================================\n\n"
}
{
  "benchmark": "linearizenn_2024",
  "instance_id": 10,
  "status": "OK",
  "cli_normalized": "OK",
  "wall_s": 25.514295506989583,
  "peak_rss_mb": 1561.19921875,
  "returncode": 0,
  "per_instance_json": "/data1/Kane/ACT/audit_results/spec_aware_v2_pilot_20260530T082148Z/lin_OFF/per_instance_linearizenn_2024_20260530T082253774890Z.json",
  "out_dir": "/data1/Kane/ACT/audit_results/spec_aware_v2_pilot_20260530T082148Z/lin_OFF",
  "stdout_tail": "hape: [1, 4]\nINFO:act.front_end.vnnlib_loader.data_model_loader:  \u2713 Input shape: (1, 4)\nINFO:act.front_end.vnnlib_loader.data_model_loader:[3/3] Parsing VNNLIB specification...\nINFO:act.front_end.vnnlib_loader.vnnlib_parser:Parsed VNNLIB: 4 inputs, 2 outputs, type=unknown\nINFO:act.front_end.vnnlib_loader.data_model_loader:  \u2713 Parsed VNNLIB: 4 inputs, 2 outputs\nINFO:act.front_end.vnnlib_loader.data_model_loader:Successfully loaded VNNLIB instance from 'linearizenn_2024'\nINFO:act.front_end.vnnlib_loader.vnnlib_parser:Parsed prop_30_30_3.vnnlib: 2 query(ies)\n[ACT] Using existing Gurobi license: ../ACT/modules/gurobi/gurobi.lic\n\u2705 Device Manager Initialized: device=cuda:0, dtype=torch.float64\n\n================================================================================\nACT: Abstract Constraint Transformer\nInference-based whitebox fuzzing for neural network verification\n================================================================================\n\n\n================================================================================\nVERIFICATION TEST: VNNLIB \u2192 VerifiableModel \u2192 verify_once\n================================================================================\n\n[vnnlib] category=linearizenn_2024 max_instances=1 mode=hybridz (full TOP1_ROBUST via labeled_tensor collapse; device=cuda, timeout=180.0s)\n  [  1/1] linearizenn_2024/onnx/AllInOne_30_30.onnx@vnnlib/prop_30_30_3.vnnlib: CERTIFIED (22.2s)  V=1 A=0 U=0 E=0  R=0\n\n[vnnlib/hybridz] FINAL \u2014 total=1 wall=0.4 min\n  CERTIFIED    1\n  [structured] per-instance log \u2192 /data1/Kane/ACT/audit_results/spec_aware_v2_pilot_20260530T082148Z/lin_OFF/per_instance_linearizenn_2024_20260530T082253774890Z.json\n\n================================================================================\nVERIFICATION TEST SUMMARY\n================================================================================\n  \u2705 vnnlib                    PASSED\n================================================================================\n\n"
}
{
  "benchmark": "linearizenn_2024",
  "instance_id": 15,
  "status": "OK",
  "cli_normalized": "OK",
  "wall_s": 14.510570841026492,
  "peak_rss_mb": 1548.3828125,
  "returncode": 0,
  "per_instance_json": "/data1/Kane/ACT/audit_results/spec_aware_v2_pilot_20260530T082148Z/lin_OFF/per_instance_linearizenn_2024_20260530T082308575996Z.json",
  "out_dir": "/data1/Kane/ACT/audit_results/spec_aware_v2_pilot_20260530T082148Z/lin_OFF",
  "stdout_tail": " shape: [1, 4]\nINFO:act.front_end.vnnlib_loader.data_model_loader:  \u2713 Input shape: (1, 4)\nINFO:act.front_end.vnnlib_loader.data_model_loader:[3/3] Parsing VNNLIB specification...\nINFO:act.front_end.vnnlib_loader.vnnlib_parser:Parsed VNNLIB: 4 inputs, 2 outputs, type=unknown\nINFO:act.front_end.vnnlib_loader.data_model_loader:  \u2713 Parsed VNNLIB: 4 inputs, 2 outputs\nINFO:act.front_end.vnnlib_loader.data_model_loader:Successfully loaded VNNLIB instance from 'linearizenn_2024'\nINFO:act.front_end.vnnlib_loader.vnnlib_parser:Parsed prop_30_80_2.vnnlib: 2 query(ies)\n[ACT] Using existing Gurobi license: ../ACT/modules/gurobi/gurobi.lic\n\u2705 Device Manager Initialized: device=cuda:0, dtype=torch.float64\n\n================================================================================\nACT: Abstract Constraint Transformer\nInference-based whitebox fuzzing for neural network verification\n================================================================================\n\n\n================================================================================\nVERIFICATION TEST: VNNLIB \u2192 VerifiableModel \u2192 verify_once\n================================================================================\n\n[vnnlib] category=linearizenn_2024 max_instances=1 mode=hybridz (full TOP1_ROBUST via labeled_tensor collapse; device=cuda, timeout=180.0s)\n  [  1/1] linearizenn_2024/onnx/AllInOne_30_80.onnx@vnnlib/prop_30_80_2.vnnlib: UNKNOWN (11.6s)  V=0 A=0 U=1 E=0  R=0\n\n[vnnlib/hybridz] FINAL \u2014 total=1 wall=0.2 min\n  UNKNOWN      1\n  [structured] per-instance log \u2192 /data1/Kane/ACT/audit_results/spec_aware_v2_pilot_20260530T082148Z/lin_OFF/per_instance_linearizenn_2024_20260530T082308575996Z.json\n\n================================================================================\nVERIFICATION TEST SUMMARY\n================================================================================\n  \u2705 vnnlib                    PASSED\n================================================================================\n\n"
}
{
  "benchmark": "linearizenn_2024",
  "instance_id": 20,
  "status": "OK",
  "cli_normalized": "OK",
  "wall_s": 14.510363701032475,
  "peak_rss_mb": 1547.4765625,
  "returncode": 0,
  "per_instance_json": "/data1/Kane/ACT/audit_results/spec_aware_v2_pilot_20260530T082148Z/lin_OFF/per_instance_linearizenn_2024_20260530T082323176160Z.json",
  "out_dir": "/data1/Kane/ACT/audit_results/spec_aware_v2_pilot_20260530T082148Z/lin_OFF",
  "stdout_tail": " shape: [1, 4]\nINFO:act.front_end.vnnlib_loader.data_model_loader:  \u2713 Input shape: (1, 4)\nINFO:act.front_end.vnnlib_loader.data_model_loader:[3/3] Parsing VNNLIB specification...\nINFO:act.front_end.vnnlib_loader.vnnlib_parser:Parsed VNNLIB: 4 inputs, 2 outputs, type=unknown\nINFO:act.front_end.vnnlib_loader.data_model_loader:  \u2713 Parsed VNNLIB: 4 inputs, 2 outputs\nINFO:act.front_end.vnnlib_loader.data_model_loader:Successfully loaded VNNLIB instance from 'linearizenn_2024'\nINFO:act.front_end.vnnlib_loader.vnnlib_parser:Parsed prop_50_50_1.vnnlib: 2 query(ies)\n[ACT] Using existing Gurobi license: ../ACT/modules/gurobi/gurobi.lic\n\u2705 Device Manager Initialized: device=cuda:0, dtype=torch.float64\n\n================================================================================\nACT: Abstract Constraint Transformer\nInference-based whitebox fuzzing for neural network verification\n================================================================================\n\n\n================================================================================\nVERIFICATION TEST: VNNLIB \u2192 VerifiableModel \u2192 verify_once\n================================================================================\n\n[vnnlib] category=linearizenn_2024 max_instances=1 mode=hybridz (full TOP1_ROBUST via labeled_tensor collapse; device=cuda, timeout=180.0s)\n  [  1/1] linearizenn_2024/onnx/AllInOne_50_50.onnx@vnnlib/prop_50_50_1.vnnlib: UNKNOWN (11.7s)  V=0 A=0 U=1 E=0  R=0\n\n[vnnlib/hybridz] FINAL \u2014 total=1 wall=0.2 min\n  UNKNOWN      1\n  [structured] per-instance log \u2192 /data1/Kane/ACT/audit_results/spec_aware_v2_pilot_20260530T082148Z/lin_OFF/per_instance_linearizenn_2024_20260530T082323176160Z.json\n\n================================================================================\nVERIFICATION TEST SUMMARY\n================================================================================\n  \u2705 vnnlib                    PASSED\n================================================================================\n\n"
}
{
  "benchmark": "linearizenn_2024",
  "instance_id": 25,
  "status": "OK",
  "cli_normalized": "OK",
  "wall_s": 14.508526121033356,
  "peak_rss_mb": 1548.62109375,
  "returncode": 0,
  "per_instance_json": "/data1/Kane/ACT/audit_results/spec_aware_v2_pilot_20260530T082148Z/lin_OFF/per_instance_linearizenn_2024_20260530T082337480324Z.json",
  "out_dir": "/data1/Kane/ACT/audit_results/spec_aware_v2_pilot_20260530T082148Z/lin_OFF",
  "stdout_tail": "ape: [1, 4]\nINFO:act.front_end.vnnlib_loader.data_model_loader:  \u2713 Input shape: (1, 4)\nINFO:act.front_end.vnnlib_loader.data_model_loader:[3/3] Parsing VNNLIB specification...\nINFO:act.front_end.vnnlib_loader.vnnlib_parser:Parsed VNNLIB: 4 inputs, 2 outputs, type=unknown\nINFO:act.front_end.vnnlib_loader.data_model_loader:  \u2713 Parsed VNNLIB: 4 inputs, 2 outputs\nINFO:act.front_end.vnnlib_loader.data_model_loader:Successfully loaded VNNLIB instance from 'linearizenn_2024'\nINFO:act.front_end.vnnlib_loader.vnnlib_parser:Parsed prop_50_120_0.vnnlib: 2 query(ies)\n[ACT] Using existing Gurobi license: ../ACT/modules/gurobi/gurobi.lic\n\u2705 Device Manager Initialized: device=cuda:0, dtype=torch.float64\n\n================================================================================\nACT: Abstract Constraint Transformer\nInference-based whitebox fuzzing for neural network verification\n================================================================================\n\n\n================================================================================\nVERIFICATION TEST: VNNLIB \u2192 VerifiableModel \u2192 verify_once\n================================================================================\n\n[vnnlib] category=linearizenn_2024 max_instances=1 mode=hybridz (full TOP1_ROBUST via labeled_tensor collapse; device=cuda, timeout=180.0s)\n  [  1/1] linearizenn_2024/onnx/AllInOne_50_120.onnx@vnnlib/prop_50_120_0.vnnlib: UNKNOWN (11.5s)  V=0 A=0 U=1 E=0  R=0\n\n[vnnlib/hybridz] FINAL \u2014 total=1 wall=0.2 min\n  UNKNOWN      1\n  [structured] per-instance log \u2192 /data1/Kane/ACT/audit_results/spec_aware_v2_pilot_20260530T082148Z/lin_OFF/per_instance_linearizenn_2024_20260530T082337480324Z.json\n\n================================================================================\nVERIFICATION TEST SUMMARY\n================================================================================\n  \u2705 vnnlib                    PASSED\n================================================================================\n\n"
}
{
  "benchmark": "linearizenn_2024",
  "instance_id": 30,
  "status": "OK",
  "cli_normalized": "OK",
  "wall_s": 14.508189121959731,
  "peak_rss_mb": 1550.84375,
  "returncode": 0,
  "per_instance_json": "/data1/Kane/ACT/audit_results/spec_aware_v2_pilot_20260530T082148Z/lin_OFF/per_instance_linearizenn_2024_20260530T082351899803Z.json",
  "out_dir": "/data1/Kane/ACT/audit_results/spec_aware_v2_pilot_20260530T082148Z/lin_OFF",
  "stdout_tail": "nput shape: [1, 4]\nINFO:act.front_end.vnnlib_loader.data_model_loader:  \u2713 Input shape: (1, 4)\nINFO:act.front_end.vnnlib_loader.data_model_loader:[3/3] Parsing VNNLIB specification...\nINFO:act.front_end.vnnlib_loader.vnnlib_parser:Parsed VNNLIB: 4 inputs, 2 outputs, type=unknown\nINFO:act.front_end.vnnlib_loader.data_model_loader:  \u2713 Parsed VNNLIB: 4 inputs, 2 outputs\nINFO:act.front_end.vnnlib_loader.data_model_loader:Successfully loaded VNNLIB instance from 'linearizenn_2024'\nINFO:act.front_end.vnnlib_loader.vnnlib_parser:Parsed prop_80_30.vnnlib: 2 query(ies)\n[ACT] Using existing Gurobi license: ../ACT/modules/gurobi/gurobi.lic\n\u2705 Device Manager Initialized: device=cuda:0, dtype=torch.float64\n\n================================================================================\nACT: Abstract Constraint Transformer\nInference-based whitebox fuzzing for neural network verification\n================================================================================\n\n\n================================================================================\nVERIFICATION TEST: VNNLIB \u2192 VerifiableModel \u2192 verify_once\n================================================================================\n\n[vnnlib] category=linearizenn_2024 max_instances=1 mode=hybridz (full TOP1_ROBUST via labeled_tensor collapse; device=cuda, timeout=180.0s)\n  [  1/1] linearizenn_2024/onnx/AllInOne_80_30.onnx@vnnlib/prop_80_30.vnnlib: UNKNOWN (11.4s)  V=0 A=0 U=1 E=0  R=0\n\n[vnnlib/hybridz] FINAL \u2014 total=1 wall=0.2 min\n  UNKNOWN      1\n  [structured] per-instance log \u2192 /data1/Kane/ACT/audit_results/spec_aware_v2_pilot_20260530T082148Z/lin_OFF/per_instance_linearizenn_2024_20260530T082351899803Z.json\n\n================================================================================\nVERIFICATION TEST SUMMARY\n================================================================================\n  \u2705 vnnlib                    PASSED\n================================================================================\n\n"
}
{
  "benchmark": "linearizenn_2024",
  "instance_id": 35,
  "status": "OK",
  "cli_normalized": "OK",
  "wall_s": 14.508773499983363,
  "peak_rss_mb": 1547.6640625,
  "returncode": 0,
  "per_instance_json": "/data1/Kane/ACT/audit_results/spec_aware_v2_pilot_20260530T082148Z/lin_OFF/per_instance_linearizenn_2024_20260530T082406473318Z.json",
  "out_dir": "/data1/Kane/ACT/audit_results/spec_aware_v2_pilot_20260530T082148Z/lin_OFF",
  "stdout_tail": " shape: [1, 4]\nINFO:act.front_end.vnnlib_loader.data_model_loader:  \u2713 Input shape: (1, 4)\nINFO:act.front_end.vnnlib_loader.data_model_loader:[3/3] Parsing VNNLIB specification...\nINFO:act.front_end.vnnlib_loader.vnnlib_parser:Parsed VNNLIB: 4 inputs, 2 outputs, type=unknown\nINFO:act.front_end.vnnlib_loader.data_model_loader:  \u2713 Parsed VNNLIB: 4 inputs, 2 outputs\nINFO:act.front_end.vnnlib_loader.data_model_loader:Successfully loaded VNNLIB instance from 'linearizenn_2024'\nINFO:act.front_end.vnnlib_loader.vnnlib_parser:Parsed prop_80_30_4.vnnlib: 2 query(ies)\n[ACT] Using existing Gurobi license: ../ACT/modules/gurobi/gurobi.lic\n\u2705 Device Manager Initialized: device=cuda:0, dtype=torch.float64\n\n================================================================================\nACT: Abstract Constraint Transformer\nInference-based whitebox fuzzing for neural network verification\n================================================================================\n\n\n================================================================================\nVERIFICATION TEST: VNNLIB \u2192 VerifiableModel \u2192 verify_once\n================================================================================\n\n[vnnlib] category=linearizenn_2024 max_instances=1 mode=hybridz (full TOP1_ROBUST via labeled_tensor collapse; device=cuda, timeout=180.0s)\n  [  1/1] linearizenn_2024/onnx/AllInOne_80_30.onnx@vnnlib/prop_80_30_4.vnnlib: UNKNOWN (11.5s)  V=0 A=0 U=1 E=0  R=0\n\n[vnnlib/hybridz] FINAL \u2014 total=1 wall=0.2 min\n  UNKNOWN      1\n  [structured] per-instance log \u2192 /data1/Kane/ACT/audit_results/spec_aware_v2_pilot_20260530T082148Z/lin_OFF/per_instance_linearizenn_2024_20260530T082406473318Z.json\n\n================================================================================\nVERIFICATION TEST SUMMARY\n================================================================================\n  \u2705 vnnlib                    PASSED\n================================================================================\n\n"
}
{
  "benchmark": "linearizenn_2024",
  "instance_id": 40,
  "status": "OK",
  "cli_normalized": "OK",
  "wall_s": 15.008270950987935,
  "peak_rss_mb": 1549.8671875,
  "returncode": 0,
  "per_instance_json": "/data1/Kane/ACT/audit_results/spec_aware_v2_pilot_20260530T082148Z/lin_OFF/per_instance_linearizenn_2024_20260530T082421115178Z.json",
  "out_dir": "/data1/Kane/ACT/audit_results/spec_aware_v2_pilot_20260530T082148Z/lin_OFF",
  "stdout_tail": " shape: [1, 4]\nINFO:act.front_end.vnnlib_loader.data_model_loader:  \u2713 Input shape: (1, 4)\nINFO:act.front_end.vnnlib_loader.data_model_loader:[3/3] Parsing VNNLIB specification...\nINFO:act.front_end.vnnlib_loader.vnnlib_parser:Parsed VNNLIB: 4 inputs, 2 outputs, type=unknown\nINFO:act.front_end.vnnlib_loader.data_model_loader:  \u2713 Parsed VNNLIB: 4 inputs, 2 outputs\nINFO:act.front_end.vnnlib_loader.data_model_loader:Successfully loaded VNNLIB instance from 'linearizenn_2024'\nINFO:act.front_end.vnnlib_loader.vnnlib_parser:Parsed prop_80_80_3.vnnlib: 2 query(ies)\n[ACT] Using existing Gurobi license: ../ACT/modules/gurobi/gurobi.lic\n\u2705 Device Manager Initialized: device=cuda:0, dtype=torch.float64\n\n================================================================================\nACT: Abstract Constraint Transformer\nInference-based whitebox fuzzing for neural network verification\n================================================================================\n\n\n================================================================================\nVERIFICATION TEST: VNNLIB \u2192 VerifiableModel \u2192 verify_once\n================================================================================\n\n[vnnlib] category=linearizenn_2024 max_instances=1 mode=hybridz (full TOP1_ROBUST via labeled_tensor collapse; device=cuda, timeout=180.0s)\n  [  1/1] linearizenn_2024/onnx/AllInOne_80_80.onnx@vnnlib/prop_80_80_3.vnnlib: UNKNOWN (11.6s)  V=0 A=0 U=1 E=0  R=0\n\n[vnnlib/hybridz] FINAL \u2014 total=1 wall=0.2 min\n  UNKNOWN      1\n  [structured] per-instance log \u2192 /data1/Kane/ACT/audit_results/spec_aware_v2_pilot_20260530T082148Z/lin_OFF/per_instance_linearizenn_2024_20260530T082421115178Z.json\n\n================================================================================\nVERIFICATION TEST SUMMARY\n================================================================================\n  \u2705 vnnlib                    PASSED\n================================================================================\n\n"
}
{
  "benchmark": "linearizenn_2024",
  "instance_id": 45,
  "status": "OK",
  "cli_normalized": "OK",
  "wall_s": 15.008336918079294,
  "peak_rss_mb": 1544.4609375,
  "returncode": 0,
  "per_instance_json": "/data1/Kane/ACT/audit_results/spec_aware_v2_pilot_20260530T082148Z/lin_OFF/per_instance_linearizenn_2024_20260530T082436302596Z.json",
  "out_dir": "/data1/Kane/ACT/audit_results/spec_aware_v2_pilot_20260530T082148Z/lin_OFF",
  "stdout_tail": "ape: [1, 4]\nINFO:act.front_end.vnnlib_loader.data_model_loader:  \u2713 Input shape: (1, 4)\nINFO:act.front_end.vnnlib_loader.data_model_loader:[3/3] Parsing VNNLIB specification...\nINFO:act.front_end.vnnlib_loader.vnnlib_parser:Parsed VNNLIB: 4 inputs, 2 outputs, type=unknown\nINFO:act.front_end.vnnlib_loader.data_model_loader:  \u2713 Parsed VNNLIB: 4 inputs, 2 outputs\nINFO:act.front_end.vnnlib_loader.data_model_loader:Successfully loaded VNNLIB instance from 'linearizenn_2024'\nINFO:act.front_end.vnnlib_loader.vnnlib_parser:Parsed prop_120_30_2.vnnlib: 2 query(ies)\n[ACT] Using existing Gurobi license: ../ACT/modules/gurobi/gurobi.lic\n\u2705 Device Manager Initialized: device=cuda:0, dtype=torch.float64\n\n================================================================================\nACT: Abstract Constraint Transformer\nInference-based whitebox fuzzing for neural network verification\n================================================================================\n\n\n================================================================================\nVERIFICATION TEST: VNNLIB \u2192 VerifiableModel \u2192 verify_once\n================================================================================\n\n[vnnlib] category=linearizenn_2024 max_instances=1 mode=hybridz (full TOP1_ROBUST via labeled_tensor collapse; device=cuda, timeout=180.0s)\n  [  1/1] linearizenn_2024/onnx/AllInOne_120_30.onnx@vnnlib/prop_120_30_2.vnnlib: UNKNOWN (11.8s)  V=0 A=0 U=1 E=0  R=0\n\n[vnnlib/hybridz] FINAL \u2014 total=1 wall=0.2 min\n  UNKNOWN      1\n  [structured] per-instance log \u2192 /data1/Kane/ACT/audit_results/spec_aware_v2_pilot_20260530T082148Z/lin_OFF/per_instance_linearizenn_2024_20260530T082436302596Z.json\n\n================================================================================\nVERIFICATION TEST SUMMARY\n================================================================================\n  \u2705 vnnlib                    PASSED\n================================================================================\n\n"
}
[watchdog] summary written: /data1/Kane/ACT/audit_results/spec_aware_v2_pilot_20260530T082148Z/lin_OFF/watchdog_summary.json
