Waves 3+4+5 launched in parallel with cora_w0: Sat May 30 10:01:30 PM AEST 2026
=== Batch A: Wave 3 (heavy) + Wave 5a (small fast first half) ===
  spawned cgan_2023_w0 PID=2215854 wall=300s rss=20GB
  spawned cgan_2023_w1 PID=2215859 wall=300s rss=20GB
  spawned tinyimagenet_2024_w0 PID=2215864 wall=180s rss=8GB
  spawned tinyimagenet_2024_w1 PID=2215869 wall=180s rss=8GB
  spawned dist_shift_w0 PID=2215874 wall=120s rss=14GB
  spawned ml4acopf_w0 PID=2215879 wall=180s rss=12GB
  spawned malbeware_w0 PID=2215884 wall=120s rss=6GB
  spawned sat_relu_w0 PID=2215889 wall=120s rss=8GB
  spawned collins_rul_w0 PID=2215894 wall=180s rss=8GB
  spawned linearizenn_w0 PID=2215899 wall=180s rss=8GB
  spawned tllverifybench_w0 PID=2215904 wall=120s rss=8GB
  spawned cersyve_w0 PID=2215909 wall=120s rss=6GB
=== Batch A done at Sat May 30 10:54:56 PM AEST 2026 ===
=== Batch B: Wave 4 (medium-heavy) + Wave 5b (remaining small) ===
  spawned yolo_2023_w0 PID=2963586 wall=180s rss=8GB
  spawned yolo_2023_w1 PID=2963591 wall=180s rss=8GB
  spawned relusplitter_w0 PID=2963596 wall=180s rss=12GB
  spawned relusplitter_w1 PID=2963601 wall=180s rss=12GB
  spawned traffic_w0 PID=2963606 wall=180s rss=8GB
  spawned collins_aero_w0 PID=2963611 wall=300s rss=16GB
  spawned vggnet16_w0 PID=2963616 wall=600s rss=16GB
  spawned metaroom_w0 PID=2963621 wall=120s rss=8GB
  spawned soundnessbench_w0 PID=2963626 wall=120s rss=8GB
  spawned lsnc_relu_w0 PID=2963631 wall=120s rss=8GB
  spawned cctsdb_yolo_w0 PID=2963636 wall=120s rss=8GB
=== Batch B done at Sun May 31 04:14:46 AM AEST 2026 ===
DONE-w345: Sun May 31 04:14:46 AM AEST 2026
