INFO:act.front_end.vnnlib_loader.data_model_loader:Loading VNNLIB instance: nn4sys/onnx/pensieve_small_simple.onnx
INFO:act.front_end.vnnlib_loader.data_model_loader:[1/3] Converting ONNX model to PyTorch...
INFO:act.front_end.vnnlib_loader.onnx_converter:Loading ONNX model from /data1/Kane/data/vnncomp2025_benchmarks/benchmarks/nn4sys/onnx/pensieve_small_simple.onnx
INFO:act.front_end.vnnlib_loader.onnx_converter:Converting ONNX to PyTorch (raw-first strategy)
INFO:act.front_end.vnnlib_loader.onnx_converter:Converted model to device=cuda:0, dtype=torch.float64
INFO:act.front_end.vnnlib_loader.onnx_converter:Successfully converted ONNX model: pensieve_small_simple.onnx
INFO:act.front_end.vnnlib_loader.data_model_loader:  ✓ Model converted successfully
INFO:act.front_end.vnnlib_loader.data_model_loader:[2/3] Extracting input shape...
INFO:act.front_end.vnnlib_loader.onnx_converter:Extracted input shape: [1, 6, 8]
INFO:act.front_end.vnnlib_loader.data_model_loader:  ✓ Input shape: (1, 6, 8)
INFO:act.front_end.vnnlib_loader.data_model_loader:[3/3] Parsing VNNLIB specification...
INFO:act.front_end.vnnlib_loader.vnnlib_parser:Parsed VNNLIB: 48 inputs, 6 outputs, type=unknown
INFO:act.front_end.vnnlib_loader.data_model_loader:  ✓ Parsed VNNLIB: 48 inputs, 6 outputs
INFO:act.front_end.vnnlib_loader.data_model_loader:Successfully loaded VNNLIB instance from 'nn4sys'
INFO:act.front_end.vnnlib_loader.vnnlib_parser:Parsed pensieve_simple_5.vnnlib: 1 query(ies)
[ACT] Using existing Gurobi license: modules/gurobi/gurobi.lic
✅ Device Manager Initialized: device=cuda:0, dtype=torch.float64

================================================================================
ACT: Abstract Constraint Transformer
Inference-based whitebox fuzzing for neural network verification
================================================================================


================================================================================
VERIFICATION TEST: VNNLIB → VerifiableModel → verify_once
================================================================================

[vnnlib] category=nn4sys max_instances=1 mode=hybridz (full TOP1_ROBUST via labeled_tensor collapse; device=cuda, timeout=60.0s)
  [  1/1] nn4sys/onnx/pensieve_small_simple.onnx@vnnlib/pensieve_simple_5.vnnlib: UNKNOWN (0.9s)  V=0 A=0 U=1 E=0  R=0

[vnnlib/hybridz] FINAL — total=1 wall=0.0 min
  UNKNOWN      1
  [structured] per-instance log → /data1/Kane/ACT/audit_results/r93_rerun_20260525T083118Z/gpu_stream2_20260526T124338Z/nn4sys/per_instance_nn4sys_20260526T124415512526Z.json

================================================================================
VERIFICATION TEST SUMMARY
================================================================================
  ✅ vnnlib                    PASSED
================================================================================

