INFO:act.front_end.vnnlib_loader.data_model_loader:Loading VNNLIB instance: cifar100_2024/onnx/CIFAR100_resnet_large.onnx
INFO:act.front_end.vnnlib_loader.data_model_loader:[1/3] Converting ONNX model to PyTorch...
INFO:act.front_end.vnnlib_loader.onnx_converter:Loading ONNX model from /data1/Kane/data/vnncomp2025_benchmarks/benchmarks/cifar100_2024/onnx/CIFAR100_resnet_large.onnx
INFO:act.front_end.vnnlib_loader.onnx_converter:Converting ONNX to PyTorch (simplify-first; raw fallback)
INFO:act.front_end.vnnlib_loader.onnx_converter:Upgrading ONNX opset 12 → 13
INFO:act.front_end.vnnlib_loader.onnx_converter:Simplifying ONNX model
INFO:act.front_end.vnnlib_loader.onnx_converter:Converted model to device=cuda:0, dtype=torch.float64
INFO:act.front_end.vnnlib_loader.onnx_converter:Successfully converted ONNX model: CIFAR100_resnet_large.onnx
INFO:act.front_end.vnnlib_loader.data_model_loader:  ✓ Model converted successfully
INFO:act.front_end.vnnlib_loader.data_model_loader:[2/3] Extracting input shape...
INFO:act.front_end.vnnlib_loader.onnx_converter:Normalized dynamic batch to 1: (1, 3, 32, 32)
INFO:act.front_end.vnnlib_loader.data_model_loader:  ✓ Input shape: (1, 3, 32, 32)
INFO:act.front_end.vnnlib_loader.data_model_loader:[3/3] Parsing VNNLIB specification...
INFO:act.front_end.vnnlib_loader.vnnlib_parser:Parsed VNNLIB: 3072 inputs, 100 outputs, type=unknown
INFO:act.front_end.vnnlib_loader.data_model_loader:  ✓ Parsed VNNLIB: 3072 inputs, 100 outputs
INFO:act.front_end.vnnlib_loader.data_model_loader:  ✓ Ground truth label: 1
INFO:act.front_end.vnnlib_loader.data_model_loader:Successfully loaded VNNLIB instance from 'cifar100_2024'
INFO:act.front_end.vnnlib_loader.vnnlib_parser:Parsed CIFAR100_resnet_large_prop_idx_5162_sidx_8126_eps_0.0039.vnnlib: 1 query(ies)
INFO:act.back_end.solver.solver_hz:large_cls_proof_mode ACTIVE: conv=20 out_dim=100 relus=10 (triangle for relu 1..9, eq_lagr_v8 for last 1)
WARNING:act.back_end.solver.solver_hz:L33 FALLBACK (OutOfMemoryError): CUDA out of memory. Tried to allocate 390.00 MiB. GPU 0 has a total capacity of 94.96 GiB of which 305.44 MiB is free. Process 2687037 has 690.00 MiB memory in use. Process 1487055 has 3.06 GiB memory in use. Process 1690949 has 674.00 MiB memory in use. Process 1690959 has 45.77 GiB memory in use. Including non-PyTorch memory, this process has 39.41 GiB memory in use. Process 1706424 has 3.44 GiB memory in use. Process 1709549 has 662.00 MiB memory in use. Process 1709677 has 674.00 MiB memory in use. Process 1709762 has 14.00 MiB memory in use. Process 1709764 has 32.00 MiB memory in use. Of the allocated memory 37.55 GiB is allocated by PyTorch, and 1.22 GiB is reserved by PyTorch but unallocated. If reserved but unallocated memory is large try setting PYTORCH_CUDA_ALLOC_CONF=expandable_segments:True to avoid fragmentation.  See documentation for Memory Management  (https://pytorch.org/docs/stable/notes/cuda.html#environment-variables)
[ACT] Using existing Gurobi license: ../ACT/modules/gurobi/gurobi.lic
✅ Device Manager Initialized: device=cuda:0, dtype=torch.float64

================================================================================
ACT: Abstract Constraint Transformer
Inference-based whitebox fuzzing for neural network verification
================================================================================


================================================================================
VERIFICATION TEST: VNNLIB → VerifiableModel → verify_once
================================================================================

[vnnlib] category=cifar100_2024 max_instances=1 mode=hybridz (full TOP1_ROBUST via labeled_tensor collapse; device=cuda, timeout=240.0s)
  [  1/1] cifar100_2024/onnx/CIFAR100_resnet_large.onnx@vnnlib/CIFAR100_resnet_large_prop_idx_5162_sidx_8126_eps_0.0039.vnnlib: UNKNOWN (16.4s)  V=0 A=0 U=1 E=0  R=0

[vnnlib/hybridz] FINAL — total=1 wall=0.3 min
  UNKNOWN      1
  [structured] per-instance log → /data1/Kane/ACT/audit_results/full_vnncomp_20260530T092003Z/cifar100_2024_w3/per_instance_cifar100_2024_20260530T112201783855Z.json

================================================================================
VERIFICATION TEST SUMMARY
================================================================================
  ✅ vnnlib                    PASSED
================================================================================

