[ACT] Auto-detecting project root: ../ACT
[ACT] Gurobi license found: ../ACT/modules/gurobi/gurobi.lic
{
  "benchmark": "cifar100_2024",
  "instance_id": 0,
  "status": "OK",
  "cli_normalized": "OK",
  "wall_s": 8.508497385075316,
  "peak_rss_mb": 1951.60546875,
  "returncode": 0,
  "per_instance_json": "/data1/Kane/ACT/audit_results/coverage_gap_20260529T020143Z/cifar100_2024/per_instance_cifar100_2024_20260529T020153448214Z.json",
  "out_dir": "/data1/Kane/ACT/audit_results/coverage_gap_20260529T020143Z/cifar100_2024",
  "stdout_tail": "data_model_loader:  \u2713 Parsed VNNLIB: 3072 inputs, 100 outputs\nINFO:act.front_end.vnnlib_loader.data_model_loader:  \u2713 Ground truth label: 92\nINFO:act.front_end.vnnlib_loader.data_model_loader:Successfully loaded VNNLIB instance from 'cifar100_2024'\nINFO:act.front_end.vnnlib_loader.vnnlib_parser:Parsed CIFAR100_resnet_medium_prop_idx_7641_sidx_1041_eps_0.0039.vnnlib: 1 query(ies)\nINFO:act.back_end.solver.solver_hz:large_cls_proof_mode ACTIVE: conv=19 out_dim=100 relus=10 (triangle for relu 1..9, eq_lagr_v8 for last 1)\n[ACT] Using existing Gurobi license: ../ACT/modules/gurobi/gurobi.lic\n\u2705 Device Manager Initialized: device=cuda:0, dtype=torch.float64\n\n================================================================================\nACT: Abstract Constraint Transformer\nInference-based whitebox fuzzing for neural network verification\n================================================================================\n\n\n================================================================================\nVERIFICATION TEST: VNNLIB \u2192 VerifiableModel \u2192 verify_once\n================================================================================\n\n[vnnlib] category=cifar100_2024 max_instances=1 mode=hybridz (full TOP1_ROBUST via labeled_tensor collapse; device=cuda, timeout=180.0s)\n  [  1/1] cifar100_2024/onnx/CIFAR100_resnet_medium.onnx@vnnlib/CIFAR100_resnet_medium_prop_idx_7641_sidx_1041_eps_0.0039.vnnlib: UNKNOWN (4.9s)  V=0 A=0 U=1 E=0  R=0\n\n[vnnlib/hybridz] FINAL \u2014 total=1 wall=0.1 min\n  UNKNOWN      1\n  [structured] per-instance log \u2192 /data1/Kane/ACT/audit_results/coverage_gap_20260529T020143Z/cifar100_2024/per_instance_cifar100_2024_20260529T020153448214Z.json\n\n================================================================================\nVERIFICATION TEST SUMMARY\n================================================================================\n  \u2705 vnnlib                    PASSED\n================================================================================\n\n"
}
{
  "benchmark": "cifar100_2024",
  "instance_id": 1,
  "status": "OK",
  "cli_normalized": "OK",
  "wall_s": 10.505132041987963,
  "peak_rss_mb": 1959.18359375,
  "returncode": 0,
  "per_instance_json": "/data1/Kane/ACT/audit_results/coverage_gap_20260529T020143Z/cifar100_2024/per_instance_cifar100_2024_20260529T020203978082Z.json",
  "out_dir": "/data1/Kane/ACT/audit_results/coverage_gap_20260529T020143Z/cifar100_2024",
  "stdout_tail": "data_model_loader:  \u2713 Parsed VNNLIB: 3072 inputs, 100 outputs\nINFO:act.front_end.vnnlib_loader.data_model_loader:  \u2713 Ground truth label: 12\nINFO:act.front_end.vnnlib_loader.data_model_loader:Successfully loaded VNNLIB instance from 'cifar100_2024'\nINFO:act.front_end.vnnlib_loader.vnnlib_parser:Parsed CIFAR100_resnet_medium_prop_idx_2132_sidx_6868_eps_0.0039.vnnlib: 1 query(ies)\nINFO:act.back_end.solver.solver_hz:large_cls_proof_mode ACTIVE: conv=19 out_dim=100 relus=10 (triangle for relu 1..9, eq_lagr_v8 for last 1)\n[ACT] Using existing Gurobi license: ../ACT/modules/gurobi/gurobi.lic\n\u2705 Device Manager Initialized: device=cuda:0, dtype=torch.float64\n\n================================================================================\nACT: Abstract Constraint Transformer\nInference-based whitebox fuzzing for neural network verification\n================================================================================\n\n\n================================================================================\nVERIFICATION TEST: VNNLIB \u2192 VerifiableModel \u2192 verify_once\n================================================================================\n\n[vnnlib] category=cifar100_2024 max_instances=1 mode=hybridz (full TOP1_ROBUST via labeled_tensor collapse; device=cuda, timeout=180.0s)\n  [  1/1] cifar100_2024/onnx/CIFAR100_resnet_medium.onnx@vnnlib/CIFAR100_resnet_medium_prop_idx_2132_sidx_6868_eps_0.0039.vnnlib: UNKNOWN (6.6s)  V=0 A=0 U=1 E=0  R=0\n\n[vnnlib/hybridz] FINAL \u2014 total=1 wall=0.1 min\n  UNKNOWN      1\n  [structured] per-instance log \u2192 /data1/Kane/ACT/audit_results/coverage_gap_20260529T020143Z/cifar100_2024/per_instance_cifar100_2024_20260529T020203978082Z.json\n\n================================================================================\nVERIFICATION TEST SUMMARY\n================================================================================\n  \u2705 vnnlib                    PASSED\n================================================================================\n\n"
}
{
  "benchmark": "cifar100_2024",
  "instance_id": 2,
  "status": "OK",
  "cli_normalized": "OK",
  "wall_s": 9.504983001970686,
  "peak_rss_mb": 1919.93359375,
  "returncode": 0,
  "per_instance_json": "/data1/Kane/ACT/audit_results/coverage_gap_20260529T020143Z/cifar100_2024/per_instance_cifar100_2024_20260529T020213578499Z.json",
  "out_dir": "/data1/Kane/ACT/audit_results/coverage_gap_20260529T020143Z/cifar100_2024",
  "stdout_tail": "data_model_loader:  \u2713 Parsed VNNLIB: 3072 inputs, 100 outputs\nINFO:act.front_end.vnnlib_loader.data_model_loader:  \u2713 Ground truth label: 27\nINFO:act.front_end.vnnlib_loader.data_model_loader:Successfully loaded VNNLIB instance from 'cifar100_2024'\nINFO:act.front_end.vnnlib_loader.vnnlib_parser:Parsed CIFAR100_resnet_medium_prop_idx_6232_sidx_3020_eps_0.0039.vnnlib: 1 query(ies)\nINFO:act.back_end.solver.solver_hz:large_cls_proof_mode ACTIVE: conv=19 out_dim=100 relus=10 (triangle for relu 1..9, eq_lagr_v8 for last 1)\n[ACT] Using existing Gurobi license: ../ACT/modules/gurobi/gurobi.lic\n\u2705 Device Manager Initialized: device=cuda:0, dtype=torch.float64\n\n================================================================================\nACT: Abstract Constraint Transformer\nInference-based whitebox fuzzing for neural network verification\n================================================================================\n\n\n================================================================================\nVERIFICATION TEST: VNNLIB \u2192 VerifiableModel \u2192 verify_once\n================================================================================\n\n[vnnlib] category=cifar100_2024 max_instances=1 mode=hybridz (full TOP1_ROBUST via labeled_tensor collapse; device=cuda, timeout=180.0s)\n  [  1/1] cifar100_2024/onnx/CIFAR100_resnet_medium.onnx@vnnlib/CIFAR100_resnet_medium_prop_idx_6232_sidx_3020_eps_0.0039.vnnlib: UNKNOWN (5.8s)  V=0 A=0 U=1 E=0  R=0\n\n[vnnlib/hybridz] FINAL \u2014 total=1 wall=0.1 min\n  UNKNOWN      1\n  [structured] per-instance log \u2192 /data1/Kane/ACT/audit_results/coverage_gap_20260529T020143Z/cifar100_2024/per_instance_cifar100_2024_20260529T020213578499Z.json\n\n================================================================================\nVERIFICATION TEST SUMMARY\n================================================================================\n  \u2705 vnnlib                    PASSED\n================================================================================\n\n"
}
{
  "benchmark": "cifar100_2024",
  "instance_id": 3,
  "status": "OK",
  "cli_normalized": "OK",
  "wall_s": 9.505142507026903,
  "peak_rss_mb": 1943.43359375,
  "returncode": 0,
  "per_instance_json": "/data1/Kane/ACT/audit_results/coverage_gap_20260529T020143Z/cifar100_2024/per_instance_cifar100_2024_20260529T020223200118Z.json",
  "out_dir": "/data1/Kane/ACT/audit_results/coverage_gap_20260529T020143Z/cifar100_2024",
  "stdout_tail": "data_model_loader:  \u2713 Parsed VNNLIB: 3072 inputs, 100 outputs\nINFO:act.front_end.vnnlib_loader.data_model_loader:  \u2713 Ground truth label: 85\nINFO:act.front_end.vnnlib_loader.data_model_loader:Successfully loaded VNNLIB instance from 'cifar100_2024'\nINFO:act.front_end.vnnlib_loader.vnnlib_parser:Parsed CIFAR100_resnet_medium_prop_idx_9694_sidx_2810_eps_0.0039.vnnlib: 1 query(ies)\nINFO:act.back_end.solver.solver_hz:large_cls_proof_mode ACTIVE: conv=19 out_dim=100 relus=10 (triangle for relu 1..9, eq_lagr_v8 for last 1)\n[ACT] Using existing Gurobi license: ../ACT/modules/gurobi/gurobi.lic\n\u2705 Device Manager Initialized: device=cuda:0, dtype=torch.float64\n\n================================================================================\nACT: Abstract Constraint Transformer\nInference-based whitebox fuzzing for neural network verification\n================================================================================\n\n\n================================================================================\nVERIFICATION TEST: VNNLIB \u2192 VerifiableModel \u2192 verify_once\n================================================================================\n\n[vnnlib] category=cifar100_2024 max_instances=1 mode=hybridz (full TOP1_ROBUST via labeled_tensor collapse; device=cuda, timeout=180.0s)\n  [  1/1] cifar100_2024/onnx/CIFAR100_resnet_medium.onnx@vnnlib/CIFAR100_resnet_medium_prop_idx_9694_sidx_2810_eps_0.0039.vnnlib: UNKNOWN (5.9s)  V=0 A=0 U=1 E=0  R=0\n\n[vnnlib/hybridz] FINAL \u2014 total=1 wall=0.1 min\n  UNKNOWN      1\n  [structured] per-instance log \u2192 /data1/Kane/ACT/audit_results/coverage_gap_20260529T020143Z/cifar100_2024/per_instance_cifar100_2024_20260529T020223200118Z.json\n\n================================================================================\nVERIFICATION TEST SUMMARY\n================================================================================\n  \u2705 vnnlib                    PASSED\n================================================================================\n\n"
}
{
  "benchmark": "cifar100_2024",
  "instance_id": 4,
  "status": "OK",
  "cli_normalized": "OK",
  "wall_s": 8.504547190037556,
  "peak_rss_mb": 1932.90234375,
  "returncode": 0,
  "per_instance_json": "/data1/Kane/ACT/audit_results/coverage_gap_20260529T020143Z/cifar100_2024/per_instance_cifar100_2024_20260529T020231583896Z.json",
  "out_dir": "/data1/Kane/ACT/audit_results/coverage_gap_20260529T020143Z/cifar100_2024",
  "stdout_tail": "data_model_loader:  \u2713 Parsed VNNLIB: 3072 inputs, 100 outputs\nINFO:act.front_end.vnnlib_loader.data_model_loader:  \u2713 Ground truth label: 31\nINFO:act.front_end.vnnlib_loader.data_model_loader:Successfully loaded VNNLIB instance from 'cifar100_2024'\nINFO:act.front_end.vnnlib_loader.vnnlib_parser:Parsed CIFAR100_resnet_medium_prop_idx_4760_sidx_4651_eps_0.0039.vnnlib: 1 query(ies)\nINFO:act.back_end.solver.solver_hz:large_cls_proof_mode ACTIVE: conv=19 out_dim=100 relus=10 (triangle for relu 1..9, eq_lagr_v8 for last 1)\n[ACT] Using existing Gurobi license: ../ACT/modules/gurobi/gurobi.lic\n\u2705 Device Manager Initialized: device=cuda:0, dtype=torch.float64\n\n================================================================================\nACT: Abstract Constraint Transformer\nInference-based whitebox fuzzing for neural network verification\n================================================================================\n\n\n================================================================================\nVERIFICATION TEST: VNNLIB \u2192 VerifiableModel \u2192 verify_once\n================================================================================\n\n[vnnlib] category=cifar100_2024 max_instances=1 mode=hybridz (full TOP1_ROBUST via labeled_tensor collapse; device=cuda, timeout=180.0s)\n  [  1/1] cifar100_2024/onnx/CIFAR100_resnet_medium.onnx@vnnlib/CIFAR100_resnet_medium_prop_idx_4760_sidx_4651_eps_0.0039.vnnlib: UNKNOWN (4.7s)  V=0 A=0 U=1 E=0  R=0\n\n[vnnlib/hybridz] FINAL \u2014 total=1 wall=0.1 min\n  UNKNOWN      1\n  [structured] per-instance log \u2192 /data1/Kane/ACT/audit_results/coverage_gap_20260529T020143Z/cifar100_2024/per_instance_cifar100_2024_20260529T020231583896Z.json\n\n================================================================================\nVERIFICATION TEST SUMMARY\n================================================================================\n  \u2705 vnnlib                    PASSED\n================================================================================\n\n"
}
{
  "benchmark": "cifar100_2024",
  "instance_id": 5,
  "status": "OK",
  "cli_normalized": "OK",
  "wall_s": 9.504627640009858,
  "peak_rss_mb": 1940.10546875,
  "returncode": 0,
  "per_instance_json": "/data1/Kane/ACT/audit_results/coverage_gap_20260529T020143Z/cifar100_2024/per_instance_cifar100_2024_20260529T020241247238Z.json",
  "out_dir": "/data1/Kane/ACT/audit_results/coverage_gap_20260529T020143Z/cifar100_2024",
  "stdout_tail": "data_model_loader:  \u2713 Parsed VNNLIB: 3072 inputs, 100 outputs\nINFO:act.front_end.vnnlib_loader.data_model_loader:  \u2713 Ground truth label: 18\nINFO:act.front_end.vnnlib_loader.data_model_loader:Successfully loaded VNNLIB instance from 'cifar100_2024'\nINFO:act.front_end.vnnlib_loader.vnnlib_parser:Parsed CIFAR100_resnet_medium_prop_idx_6135_sidx_4586_eps_0.0039.vnnlib: 1 query(ies)\nINFO:act.back_end.solver.solver_hz:large_cls_proof_mode ACTIVE: conv=19 out_dim=100 relus=10 (triangle for relu 1..9, eq_lagr_v8 for last 1)\n[ACT] Using existing Gurobi license: ../ACT/modules/gurobi/gurobi.lic\n\u2705 Device Manager Initialized: device=cuda:0, dtype=torch.float64\n\n================================================================================\nACT: Abstract Constraint Transformer\nInference-based whitebox fuzzing for neural network verification\n================================================================================\n\n\n================================================================================\nVERIFICATION TEST: VNNLIB \u2192 VerifiableModel \u2192 verify_once\n================================================================================\n\n[vnnlib] category=cifar100_2024 max_instances=1 mode=hybridz (full TOP1_ROBUST via labeled_tensor collapse; device=cuda, timeout=180.0s)\n  [  1/1] cifar100_2024/onnx/CIFAR100_resnet_medium.onnx@vnnlib/CIFAR100_resnet_medium_prop_idx_6135_sidx_4586_eps_0.0039.vnnlib: UNKNOWN (5.9s)  V=0 A=0 U=1 E=0  R=0\n\n[vnnlib/hybridz] FINAL \u2014 total=1 wall=0.1 min\n  UNKNOWN      1\n  [structured] per-instance log \u2192 /data1/Kane/ACT/audit_results/coverage_gap_20260529T020143Z/cifar100_2024/per_instance_cifar100_2024_20260529T020241247238Z.json\n\n================================================================================\nVERIFICATION TEST SUMMARY\n================================================================================\n  \u2705 vnnlib                    PASSED\n================================================================================\n\n"
}
{
  "benchmark": "cifar100_2024",
  "instance_id": 6,
  "status": "OK",
  "cli_normalized": "OK",
  "wall_s": 10.505675513995811,
  "peak_rss_mb": 1920.79296875,
  "returncode": 0,
  "per_instance_json": "/data1/Kane/ACT/audit_results/coverage_gap_20260529T020143Z/cifar100_2024/per_instance_cifar100_2024_20260529T020251583876Z.json",
  "out_dir": "/data1/Kane/ACT/audit_results/coverage_gap_20260529T020143Z/cifar100_2024",
  "stdout_tail": "data_model_loader:  \u2713 Parsed VNNLIB: 3072 inputs, 100 outputs\nINFO:act.front_end.vnnlib_loader.data_model_loader:  \u2713 Ground truth label: 34\nINFO:act.front_end.vnnlib_loader.data_model_loader:Successfully loaded VNNLIB instance from 'cifar100_2024'\nINFO:act.front_end.vnnlib_loader.vnnlib_parser:Parsed CIFAR100_resnet_medium_prop_idx_4921_sidx_3617_eps_0.0039.vnnlib: 1 query(ies)\nINFO:act.back_end.solver.solver_hz:large_cls_proof_mode ACTIVE: conv=19 out_dim=100 relus=10 (triangle for relu 1..9, eq_lagr_v8 for last 1)\n[ACT] Using existing Gurobi license: ../ACT/modules/gurobi/gurobi.lic\n\u2705 Device Manager Initialized: device=cuda:0, dtype=torch.float64\n\n================================================================================\nACT: Abstract Constraint Transformer\nInference-based whitebox fuzzing for neural network verification\n================================================================================\n\n\n================================================================================\nVERIFICATION TEST: VNNLIB \u2192 VerifiableModel \u2192 verify_once\n================================================================================\n\n[vnnlib] category=cifar100_2024 max_instances=1 mode=hybridz (full TOP1_ROBUST via labeled_tensor collapse; device=cuda, timeout=180.0s)\n  [  1/1] cifar100_2024/onnx/CIFAR100_resnet_medium.onnx@vnnlib/CIFAR100_resnet_medium_prop_idx_4921_sidx_3617_eps_0.0039.vnnlib: UNKNOWN (6.7s)  V=0 A=0 U=1 E=0  R=0\n\n[vnnlib/hybridz] FINAL \u2014 total=1 wall=0.1 min\n  UNKNOWN      1\n  [structured] per-instance log \u2192 /data1/Kane/ACT/audit_results/coverage_gap_20260529T020143Z/cifar100_2024/per_instance_cifar100_2024_20260529T020251583876Z.json\n\n================================================================================\nVERIFICATION TEST SUMMARY\n================================================================================\n  \u2705 vnnlib                    PASSED\n================================================================================\n\n"
}
{
  "benchmark": "cifar100_2024",
  "instance_id": 7,
  "status": "OK",
  "cli_normalized": "OK",
  "wall_s": 8.004594065947458,
  "peak_rss_mb": 1904.68359375,
  "returncode": 0,
  "per_instance_json": "/data1/Kane/ACT/audit_results/coverage_gap_20260529T020143Z/cifar100_2024/per_instance_cifar100_2024_20260529T020259811463Z.json",
  "out_dir": "/data1/Kane/ACT/audit_results/coverage_gap_20260529T020143Z/cifar100_2024",
  "stdout_tail": "data_model_loader:  \u2713 Parsed VNNLIB: 3072 inputs, 100 outputs\nINFO:act.front_end.vnnlib_loader.data_model_loader:  \u2713 Ground truth label: 33\nINFO:act.front_end.vnnlib_loader.data_model_loader:Successfully loaded VNNLIB instance from 'cifar100_2024'\nINFO:act.front_end.vnnlib_loader.vnnlib_parser:Parsed CIFAR100_resnet_medium_prop_idx_5242_sidx_1208_eps_0.0039.vnnlib: 1 query(ies)\nINFO:act.back_end.solver.solver_hz:large_cls_proof_mode ACTIVE: conv=19 out_dim=100 relus=10 (triangle for relu 1..9, eq_lagr_v8 for last 1)\n[ACT] Using existing Gurobi license: ../ACT/modules/gurobi/gurobi.lic\n\u2705 Device Manager Initialized: device=cuda:0, dtype=torch.float64\n\n================================================================================\nACT: Abstract Constraint Transformer\nInference-based whitebox fuzzing for neural network verification\n================================================================================\n\n\n================================================================================\nVERIFICATION TEST: VNNLIB \u2192 VerifiableModel \u2192 verify_once\n================================================================================\n\n[vnnlib] category=cifar100_2024 max_instances=1 mode=hybridz (full TOP1_ROBUST via labeled_tensor collapse; device=cuda, timeout=180.0s)\n  [  1/1] cifar100_2024/onnx/CIFAR100_resnet_medium.onnx@vnnlib/CIFAR100_resnet_medium_prop_idx_5242_sidx_1208_eps_0.0039.vnnlib: UNKNOWN (4.5s)  V=0 A=0 U=1 E=0  R=0\n\n[vnnlib/hybridz] FINAL \u2014 total=1 wall=0.1 min\n  UNKNOWN      1\n  [structured] per-instance log \u2192 /data1/Kane/ACT/audit_results/coverage_gap_20260529T020143Z/cifar100_2024/per_instance_cifar100_2024_20260529T020259811463Z.json\n\n================================================================================\nVERIFICATION TEST SUMMARY\n================================================================================\n  \u2705 vnnlib                    PASSED\n================================================================================\n\n"
}
{
  "benchmark": "cifar100_2024",
  "instance_id": 8,
  "status": "OK",
  "cli_normalized": "OK",
  "wall_s": 8.504351701005362,
  "peak_rss_mb": 1923.71875,
  "returncode": 0,
  "per_instance_json": "/data1/Kane/ACT/audit_results/coverage_gap_20260529T020143Z/cifar100_2024/per_instance_cifar100_2024_20260529T020307934320Z.json",
  "out_dir": "/data1/Kane/ACT/audit_results/coverage_gap_20260529T020143Z/cifar100_2024",
  "stdout_tail": "data_model_loader:  \u2713 Parsed VNNLIB: 3072 inputs, 100 outputs\nINFO:act.front_end.vnnlib_loader.data_model_loader:  \u2713 Ground truth label: 70\nINFO:act.front_end.vnnlib_loader.data_model_loader:Successfully loaded VNNLIB instance from 'cifar100_2024'\nINFO:act.front_end.vnnlib_loader.vnnlib_parser:Parsed CIFAR100_resnet_medium_prop_idx_2176_sidx_3285_eps_0.0039.vnnlib: 1 query(ies)\nINFO:act.back_end.solver.solver_hz:large_cls_proof_mode ACTIVE: conv=19 out_dim=100 relus=10 (triangle for relu 1..9, eq_lagr_v8 for last 1)\n[ACT] Using existing Gurobi license: ../ACT/modules/gurobi/gurobi.lic\n\u2705 Device Manager Initialized: device=cuda:0, dtype=torch.float64\n\n================================================================================\nACT: Abstract Constraint Transformer\nInference-based whitebox fuzzing for neural network verification\n================================================================================\n\n\n================================================================================\nVERIFICATION TEST: VNNLIB \u2192 VerifiableModel \u2192 verify_once\n================================================================================\n\n[vnnlib] category=cifar100_2024 max_instances=1 mode=hybridz (full TOP1_ROBUST via labeled_tensor collapse; device=cuda, timeout=180.0s)\n  [  1/1] cifar100_2024/onnx/CIFAR100_resnet_medium.onnx@vnnlib/CIFAR100_resnet_medium_prop_idx_2176_sidx_3285_eps_0.0039.vnnlib: UNKNOWN (4.6s)  V=0 A=0 U=1 E=0  R=0\n\n[vnnlib/hybridz] FINAL \u2014 total=1 wall=0.1 min\n  UNKNOWN      1\n  [structured] per-instance log \u2192 /data1/Kane/ACT/audit_results/coverage_gap_20260529T020143Z/cifar100_2024/per_instance_cifar100_2024_20260529T020307934320Z.json\n\n================================================================================\nVERIFICATION TEST SUMMARY\n================================================================================\n  \u2705 vnnlib                    PASSED\n================================================================================\n\n"
}
{
  "benchmark": "cifar100_2024",
  "instance_id": 9,
  "status": "OK",
  "cli_normalized": "OK",
  "wall_s": 9.004813450039364,
  "peak_rss_mb": 1941.7578125,
  "returncode": 0,
  "per_instance_json": "/data1/Kane/ACT/audit_results/coverage_gap_20260529T020143Z/cifar100_2024/per_instance_cifar100_2024_20260529T020316960030Z.json",
  "out_dir": "/data1/Kane/ACT/audit_results/coverage_gap_20260529T020143Z/cifar100_2024",
  "stdout_tail": "data_model_loader:  \u2713 Parsed VNNLIB: 3072 inputs, 100 outputs\nINFO:act.front_end.vnnlib_loader.data_model_loader:  \u2713 Ground truth label: 63\nINFO:act.front_end.vnnlib_loader.data_model_loader:Successfully loaded VNNLIB instance from 'cifar100_2024'\nINFO:act.front_end.vnnlib_loader.vnnlib_parser:Parsed CIFAR100_resnet_medium_prop_idx_8762_sidx_3374_eps_0.0039.vnnlib: 1 query(ies)\nINFO:act.back_end.solver.solver_hz:large_cls_proof_mode ACTIVE: conv=19 out_dim=100 relus=10 (triangle for relu 1..9, eq_lagr_v8 for last 1)\n[ACT] Using existing Gurobi license: ../ACT/modules/gurobi/gurobi.lic\n\u2705 Device Manager Initialized: device=cuda:0, dtype=torch.float64\n\n================================================================================\nACT: Abstract Constraint Transformer\nInference-based whitebox fuzzing for neural network verification\n================================================================================\n\n\n================================================================================\nVERIFICATION TEST: VNNLIB \u2192 VerifiableModel \u2192 verify_once\n================================================================================\n\n[vnnlib] category=cifar100_2024 max_instances=1 mode=hybridz (full TOP1_ROBUST via labeled_tensor collapse; device=cuda, timeout=180.0s)\n  [  1/1] cifar100_2024/onnx/CIFAR100_resnet_medium.onnx@vnnlib/CIFAR100_resnet_medium_prop_idx_8762_sidx_3374_eps_0.0039.vnnlib: UNKNOWN (5.1s)  V=0 A=0 U=1 E=0  R=0\n\n[vnnlib/hybridz] FINAL \u2014 total=1 wall=0.1 min\n  UNKNOWN      1\n  [structured] per-instance log \u2192 /data1/Kane/ACT/audit_results/coverage_gap_20260529T020143Z/cifar100_2024/per_instance_cifar100_2024_20260529T020316960030Z.json\n\n================================================================================\nVERIFICATION TEST SUMMARY\n================================================================================\n  \u2705 vnnlib                    PASSED\n================================================================================\n\n"
}
{
  "benchmark": "cifar100_2024",
  "instance_id": 10,
  "status": "OK",
  "cli_normalized": "OK",
  "wall_s": 10.005503890919499,
  "peak_rss_mb": 2003.7109375,
  "returncode": 0,
  "per_instance_json": "/data1/Kane/ACT/audit_results/coverage_gap_20260529T020143Z/cifar100_2024/per_instance_cifar100_2024_20260529T020327176902Z.json",
  "out_dir": "/data1/Kane/ACT/audit_results/coverage_gap_20260529T020143Z/cifar100_2024",
  "stdout_tail": "data_model_loader:  \u2713 Parsed VNNLIB: 3072 inputs, 100 outputs\nINFO:act.front_end.vnnlib_loader.data_model_loader:  \u2713 Ground truth label: 96\nINFO:act.front_end.vnnlib_loader.data_model_loader:Successfully loaded VNNLIB instance from 'cifar100_2024'\nINFO:act.front_end.vnnlib_loader.vnnlib_parser:Parsed CIFAR100_resnet_medium_prop_idx_7704_sidx_3701_eps_0.0039.vnnlib: 1 query(ies)\nINFO:act.back_end.solver.solver_hz:large_cls_proof_mode ACTIVE: conv=19 out_dim=100 relus=10 (triangle for relu 1..9, eq_lagr_v8 for last 1)\n[ACT] Using existing Gurobi license: ../ACT/modules/gurobi/gurobi.lic\n\u2705 Device Manager Initialized: device=cuda:0, dtype=torch.float64\n\n================================================================================\nACT: Abstract Constraint Transformer\nInference-based whitebox fuzzing for neural network verification\n================================================================================\n\n\n================================================================================\nVERIFICATION TEST: VNNLIB \u2192 VerifiableModel \u2192 verify_once\n================================================================================\n\n[vnnlib] category=cifar100_2024 max_instances=1 mode=hybridz (full TOP1_ROBUST via labeled_tensor collapse; device=cuda, timeout=180.0s)\n  [  1/1] cifar100_2024/onnx/CIFAR100_resnet_medium.onnx@vnnlib/CIFAR100_resnet_medium_prop_idx_7704_sidx_3701_eps_0.0039.vnnlib: UNKNOWN (6.2s)  V=0 A=0 U=1 E=0  R=0\n\n[vnnlib/hybridz] FINAL \u2014 total=1 wall=0.1 min\n  UNKNOWN      1\n  [structured] per-instance log \u2192 /data1/Kane/ACT/audit_results/coverage_gap_20260529T020143Z/cifar100_2024/per_instance_cifar100_2024_20260529T020327176902Z.json\n\n================================================================================\nVERIFICATION TEST SUMMARY\n================================================================================\n  \u2705 vnnlib                    PASSED\n================================================================================\n\n"
}
{
  "benchmark": "cifar100_2024",
  "instance_id": 11,
  "status": "OK",
  "cli_normalized": "OK",
  "wall_s": 9.005247115972452,
  "peak_rss_mb": 1900.4765625,
  "returncode": 0,
  "per_instance_json": "/data1/Kane/ACT/audit_results/coverage_gap_20260529T020143Z/cifar100_2024/per_instance_cifar100_2024_20260529T020336067492Z.json",
  "out_dir": "/data1/Kane/ACT/audit_results/coverage_gap_20260529T020143Z/cifar100_2024",
  "stdout_tail": "data_model_loader:  \u2713 Parsed VNNLIB: 3072 inputs, 100 outputs\nINFO:act.front_end.vnnlib_loader.data_model_loader:  \u2713 Ground truth label: 73\nINFO:act.front_end.vnnlib_loader.data_model_loader:Successfully loaded VNNLIB instance from 'cifar100_2024'\nINFO:act.front_end.vnnlib_loader.vnnlib_parser:Parsed CIFAR100_resnet_medium_prop_idx_4752_sidx_1800_eps_0.0039.vnnlib: 1 query(ies)\nINFO:act.back_end.solver.solver_hz:large_cls_proof_mode ACTIVE: conv=19 out_dim=100 relus=10 (triangle for relu 1..9, eq_lagr_v8 for last 1)\n[ACT] Using existing Gurobi license: ../ACT/modules/gurobi/gurobi.lic\n\u2705 Device Manager Initialized: device=cuda:0, dtype=torch.float64\n\n================================================================================\nACT: Abstract Constraint Transformer\nInference-based whitebox fuzzing for neural network verification\n================================================================================\n\n\n================================================================================\nVERIFICATION TEST: VNNLIB \u2192 VerifiableModel \u2192 verify_once\n================================================================================\n\n[vnnlib] category=cifar100_2024 max_instances=1 mode=hybridz (full TOP1_ROBUST via labeled_tensor collapse; device=cuda, timeout=180.0s)\n  [  1/1] cifar100_2024/onnx/CIFAR100_resnet_medium.onnx@vnnlib/CIFAR100_resnet_medium_prop_idx_4752_sidx_1800_eps_0.0039.vnnlib: UNKNOWN (4.9s)  V=0 A=0 U=1 E=0  R=0\n\n[vnnlib/hybridz] FINAL \u2014 total=1 wall=0.1 min\n  UNKNOWN      1\n  [structured] per-instance log \u2192 /data1/Kane/ACT/audit_results/coverage_gap_20260529T020143Z/cifar100_2024/per_instance_cifar100_2024_20260529T020336067492Z.json\n\n================================================================================\nVERIFICATION TEST SUMMARY\n================================================================================\n  \u2705 vnnlib                    PASSED\n================================================================================\n\n"
}
{
  "benchmark": "cifar100_2024",
  "instance_id": 12,
  "status": "OK",
  "cli_normalized": "OK",
  "wall_s": 19.00849068304524,
  "peak_rss_mb": 1981.53125,
  "returncode": 0,
  "per_instance_json": "/data1/Kane/ACT/audit_results/coverage_gap_20260529T020143Z/cifar100_2024/per_instance_cifar100_2024_20260529T020355495172Z.json",
  "out_dir": "/data1/Kane/ACT/audit_results/coverage_gap_20260529T020143Z/cifar100_2024",
  "stdout_tail": "data_model_loader:  \u2713 Parsed VNNLIB: 3072 inputs, 100 outputs\nINFO:act.front_end.vnnlib_loader.data_model_loader:  \u2713 Ground truth label: 5\nINFO:act.front_end.vnnlib_loader.data_model_loader:Successfully loaded VNNLIB instance from 'cifar100_2024'\nINFO:act.front_end.vnnlib_loader.vnnlib_parser:Parsed CIFAR100_resnet_medium_prop_idx_6415_sidx_4543_eps_0.0039.vnnlib: 1 query(ies)\nINFO:act.back_end.solver.solver_hz:large_cls_proof_mode ACTIVE: conv=19 out_dim=100 relus=10 (triangle for relu 1..9, eq_lagr_v8 for last 1)\n[ACT] Using existing Gurobi license: ../ACT/modules/gurobi/gurobi.lic\n\u2705 Device Manager Initialized: device=cuda:0, dtype=torch.float64\n\n================================================================================\nACT: Abstract Constraint Transformer\nInference-based whitebox fuzzing for neural network verification\n================================================================================\n\n\n================================================================================\nVERIFICATION TEST: VNNLIB \u2192 VerifiableModel \u2192 verify_once\n================================================================================\n\n[vnnlib] category=cifar100_2024 max_instances=1 mode=hybridz (full TOP1_ROBUST via labeled_tensor collapse; device=cuda, timeout=180.0s)\n  [  1/1] cifar100_2024/onnx/CIFAR100_resnet_medium.onnx@vnnlib/CIFAR100_resnet_medium_prop_idx_6415_sidx_4543_eps_0.0039.vnnlib: UNKNOWN (15.4s)  V=0 A=0 U=1 E=0  R=0\n\n[vnnlib/hybridz] FINAL \u2014 total=1 wall=0.3 min\n  UNKNOWN      1\n  [structured] per-instance log \u2192 /data1/Kane/ACT/audit_results/coverage_gap_20260529T020143Z/cifar100_2024/per_instance_cifar100_2024_20260529T020355495172Z.json\n\n================================================================================\nVERIFICATION TEST SUMMARY\n================================================================================\n  \u2705 vnnlib                    PASSED\n================================================================================\n\n"
}
{
  "benchmark": "cifar100_2024",
  "instance_id": 13,
  "status": "OK",
  "cli_normalized": "OK",
  "wall_s": 14.511862009065226,
  "peak_rss_mb": 1931.0546875,
  "returncode": 0,
  "per_instance_json": "/data1/Kane/ACT/audit_results/coverage_gap_20260529T020143Z/cifar100_2024/per_instance_cifar100_2024_20260529T020409535544Z.json",
  "out_dir": "/data1/Kane/ACT/audit_results/coverage_gap_20260529T020143Z/cifar100_2024",
  "stdout_tail": ".data_model_loader:  \u2713 Parsed VNNLIB: 3072 inputs, 100 outputs\nINFO:act.front_end.vnnlib_loader.data_model_loader:  \u2713 Ground truth label: 17\nINFO:act.front_end.vnnlib_loader.data_model_loader:Successfully loaded VNNLIB instance from 'cifar100_2024'\nINFO:act.front_end.vnnlib_loader.vnnlib_parser:Parsed CIFAR100_resnet_medium_prop_idx_2477_sidx_388_eps_0.0039.vnnlib: 1 query(ies)\nINFO:act.back_end.solver.solver_hz:large_cls_proof_mode ACTIVE: conv=19 out_dim=100 relus=10 (triangle for relu 1..9, eq_lagr_v8 for last 1)\n[ACT] Using existing Gurobi license: ../ACT/modules/gurobi/gurobi.lic\n\u2705 Device Manager Initialized: device=cuda:0, dtype=torch.float64\n\n================================================================================\nACT: Abstract Constraint Transformer\nInference-based whitebox fuzzing for neural network verification\n================================================================================\n\n\n================================================================================\nVERIFICATION TEST: VNNLIB \u2192 VerifiableModel \u2192 verify_once\n================================================================================\n\n[vnnlib] category=cifar100_2024 max_instances=1 mode=hybridz (full TOP1_ROBUST via labeled_tensor collapse; device=cuda, timeout=180.0s)\n  [  1/1] cifar100_2024/onnx/CIFAR100_resnet_medium.onnx@vnnlib/CIFAR100_resnet_medium_prop_idx_2477_sidx_388_eps_0.0039.vnnlib: UNKNOWN (10.7s)  V=0 A=0 U=1 E=0  R=0\n\n[vnnlib/hybridz] FINAL \u2014 total=1 wall=0.2 min\n  UNKNOWN      1\n  [structured] per-instance log \u2192 /data1/Kane/ACT/audit_results/coverage_gap_20260529T020143Z/cifar100_2024/per_instance_cifar100_2024_20260529T020409535544Z.json\n\n================================================================================\nVERIFICATION TEST SUMMARY\n================================================================================\n  \u2705 vnnlib                    PASSED\n================================================================================\n\n"
}
{
  "benchmark": "cifar100_2024",
  "instance_id": 14,
  "status": "OK",
  "cli_normalized": "OK",
  "wall_s": 15.007266408996657,
  "peak_rss_mb": 1940.72265625,
  "returncode": 0,
  "per_instance_json": "/data1/Kane/ACT/audit_results/coverage_gap_20260529T020143Z/cifar100_2024/per_instance_cifar100_2024_20260529T020424578240Z.json",
  "out_dir": "/data1/Kane/ACT/audit_results/coverage_gap_20260529T020143Z/cifar100_2024",
  "stdout_tail": "ata_model_loader:  \u2713 Parsed VNNLIB: 3072 inputs, 100 outputs\nINFO:act.front_end.vnnlib_loader.data_model_loader:  \u2713 Ground truth label: 89\nINFO:act.front_end.vnnlib_loader.data_model_loader:Successfully loaded VNNLIB instance from 'cifar100_2024'\nINFO:act.front_end.vnnlib_loader.vnnlib_parser:Parsed CIFAR100_resnet_medium_prop_idx_6553_sidx_7265_eps_0.0039.vnnlib: 1 query(ies)\nINFO:act.back_end.solver.solver_hz:large_cls_proof_mode ACTIVE: conv=19 out_dim=100 relus=10 (triangle for relu 1..9, eq_lagr_v8 for last 1)\n[ACT] Using existing Gurobi license: ../ACT/modules/gurobi/gurobi.lic\n\u2705 Device Manager Initialized: device=cuda:0, dtype=torch.float64\n\n================================================================================\nACT: Abstract Constraint Transformer\nInference-based whitebox fuzzing for neural network verification\n================================================================================\n\n\n================================================================================\nVERIFICATION TEST: VNNLIB \u2192 VerifiableModel \u2192 verify_once\n================================================================================\n\n[vnnlib] category=cifar100_2024 max_instances=1 mode=hybridz (full TOP1_ROBUST via labeled_tensor collapse; device=cuda, timeout=180.0s)\n  [  1/1] cifar100_2024/onnx/CIFAR100_resnet_medium.onnx@vnnlib/CIFAR100_resnet_medium_prop_idx_6553_sidx_7265_eps_0.0039.vnnlib: UNKNOWN (11.2s)  V=0 A=0 U=1 E=0  R=0\n\n[vnnlib/hybridz] FINAL \u2014 total=1 wall=0.2 min\n  UNKNOWN      1\n  [structured] per-instance log \u2192 /data1/Kane/ACT/audit_results/coverage_gap_20260529T020143Z/cifar100_2024/per_instance_cifar100_2024_20260529T020424578240Z.json\n\n================================================================================\nVERIFICATION TEST SUMMARY\n================================================================================\n  \u2705 vnnlib                    PASSED\n================================================================================\n\n"
}
{
  "benchmark": "cifar100_2024",
  "instance_id": 15,
  "status": "OK",
  "cli_normalized": "OK",
  "wall_s": 18.509366270969622,
  "peak_rss_mb": 1941.77734375,
  "returncode": 0,
  "per_instance_json": "/data1/Kane/ACT/audit_results/coverage_gap_20260529T020143Z/cifar100_2024/per_instance_cifar100_2024_20260529T020443309919Z.json",
  "out_dir": "/data1/Kane/ACT/audit_results/coverage_gap_20260529T020143Z/cifar100_2024",
  "stdout_tail": "ata_model_loader:  \u2713 Parsed VNNLIB: 3072 inputs, 100 outputs\nINFO:act.front_end.vnnlib_loader.data_model_loader:  \u2713 Ground truth label: 90\nINFO:act.front_end.vnnlib_loader.data_model_loader:Successfully loaded VNNLIB instance from 'cifar100_2024'\nINFO:act.front_end.vnnlib_loader.vnnlib_parser:Parsed CIFAR100_resnet_medium_prop_idx_8600_sidx_2721_eps_0.0039.vnnlib: 1 query(ies)\nINFO:act.back_end.solver.solver_hz:large_cls_proof_mode ACTIVE: conv=19 out_dim=100 relus=10 (triangle for relu 1..9, eq_lagr_v8 for last 1)\n[ACT] Using existing Gurobi license: ../ACT/modules/gurobi/gurobi.lic\n\u2705 Device Manager Initialized: device=cuda:0, dtype=torch.float64\n\n================================================================================\nACT: Abstract Constraint Transformer\nInference-based whitebox fuzzing for neural network verification\n================================================================================\n\n\n================================================================================\nVERIFICATION TEST: VNNLIB \u2192 VerifiableModel \u2192 verify_once\n================================================================================\n\n[vnnlib] category=cifar100_2024 max_instances=1 mode=hybridz (full TOP1_ROBUST via labeled_tensor collapse; device=cuda, timeout=180.0s)\n  [  1/1] cifar100_2024/onnx/CIFAR100_resnet_medium.onnx@vnnlib/CIFAR100_resnet_medium_prop_idx_8600_sidx_2721_eps_0.0039.vnnlib: UNKNOWN (14.9s)  V=0 A=0 U=1 E=0  R=0\n\n[vnnlib/hybridz] FINAL \u2014 total=1 wall=0.2 min\n  UNKNOWN      1\n  [structured] per-instance log \u2192 /data1/Kane/ACT/audit_results/coverage_gap_20260529T020143Z/cifar100_2024/per_instance_cifar100_2024_20260529T020443309919Z.json\n\n================================================================================\nVERIFICATION TEST SUMMARY\n================================================================================\n  \u2705 vnnlib                    PASSED\n================================================================================\n\n"
}
{
  "benchmark": "cifar100_2024",
  "instance_id": 16,
  "status": "OK",
  "cli_normalized": "OK",
  "wall_s": 11.50666739908047,
  "peak_rss_mb": 2009.71875,
  "returncode": 0,
  "per_instance_json": "/data1/Kane/ACT/audit_results/coverage_gap_20260529T020143Z/cifar100_2024/per_instance_cifar100_2024_20260529T020454506842Z.json",
  "out_dir": "/data1/Kane/ACT/audit_results/coverage_gap_20260529T020143Z/cifar100_2024",
  "stdout_tail": "data_model_loader:  \u2713 Parsed VNNLIB: 3072 inputs, 100 outputs\nINFO:act.front_end.vnnlib_loader.data_model_loader:  \u2713 Ground truth label: 20\nINFO:act.front_end.vnnlib_loader.data_model_loader:Successfully loaded VNNLIB instance from 'cifar100_2024'\nINFO:act.front_end.vnnlib_loader.vnnlib_parser:Parsed CIFAR100_resnet_medium_prop_idx_7258_sidx_3539_eps_0.0039.vnnlib: 1 query(ies)\nINFO:act.back_end.solver.solver_hz:large_cls_proof_mode ACTIVE: conv=19 out_dim=100 relus=10 (triangle for relu 1..9, eq_lagr_v8 for last 1)\n[ACT] Using existing Gurobi license: ../ACT/modules/gurobi/gurobi.lic\n\u2705 Device Manager Initialized: device=cuda:0, dtype=torch.float64\n\n================================================================================\nACT: Abstract Constraint Transformer\nInference-based whitebox fuzzing for neural network verification\n================================================================================\n\n\n================================================================================\nVERIFICATION TEST: VNNLIB \u2192 VerifiableModel \u2192 verify_once\n================================================================================\n\n[vnnlib] category=cifar100_2024 max_instances=1 mode=hybridz (full TOP1_ROBUST via labeled_tensor collapse; device=cuda, timeout=180.0s)\n  [  1/1] cifar100_2024/onnx/CIFAR100_resnet_medium.onnx@vnnlib/CIFAR100_resnet_medium_prop_idx_7258_sidx_3539_eps_0.0039.vnnlib: UNKNOWN (7.3s)  V=0 A=0 U=1 E=0  R=0\n\n[vnnlib/hybridz] FINAL \u2014 total=1 wall=0.1 min\n  UNKNOWN      1\n  [structured] per-instance log \u2192 /data1/Kane/ACT/audit_results/coverage_gap_20260529T020143Z/cifar100_2024/per_instance_cifar100_2024_20260529T020454506842Z.json\n\n================================================================================\nVERIFICATION TEST SUMMARY\n================================================================================\n  \u2705 vnnlib                    PASSED\n================================================================================\n\n"
}
{
  "benchmark": "cifar100_2024",
  "instance_id": 17,
  "status": "OK",
  "cli_normalized": "OK",
  "wall_s": 12.507730299024843,
  "peak_rss_mb": 1917.859375,
  "returncode": 0,
  "per_instance_json": "/data1/Kane/ACT/audit_results/coverage_gap_20260529T020143Z/cifar100_2024/per_instance_cifar100_2024_20260529T020506714440Z.json",
  "out_dir": "/data1/Kane/ACT/audit_results/coverage_gap_20260529T020143Z/cifar100_2024",
  "stdout_tail": "data_model_loader:  \u2713 Parsed VNNLIB: 3072 inputs, 100 outputs\nINFO:act.front_end.vnnlib_loader.data_model_loader:  \u2713 Ground truth label: 60\nINFO:act.front_end.vnnlib_loader.data_model_loader:Successfully loaded VNNLIB instance from 'cifar100_2024'\nINFO:act.front_end.vnnlib_loader.vnnlib_parser:Parsed CIFAR100_resnet_medium_prop_idx_6659_sidx_4583_eps_0.0039.vnnlib: 1 query(ies)\nINFO:act.back_end.solver.solver_hz:large_cls_proof_mode ACTIVE: conv=19 out_dim=100 relus=10 (triangle for relu 1..9, eq_lagr_v8 for last 1)\n[ACT] Using existing Gurobi license: ../ACT/modules/gurobi/gurobi.lic\n\u2705 Device Manager Initialized: device=cuda:0, dtype=torch.float64\n\n================================================================================\nACT: Abstract Constraint Transformer\nInference-based whitebox fuzzing for neural network verification\n================================================================================\n\n\n================================================================================\nVERIFICATION TEST: VNNLIB \u2192 VerifiableModel \u2192 verify_once\n================================================================================\n\n[vnnlib] category=cifar100_2024 max_instances=1 mode=hybridz (full TOP1_ROBUST via labeled_tensor collapse; device=cuda, timeout=180.0s)\n  [  1/1] cifar100_2024/onnx/CIFAR100_resnet_medium.onnx@vnnlib/CIFAR100_resnet_medium_prop_idx_6659_sidx_4583_eps_0.0039.vnnlib: UNKNOWN (8.0s)  V=0 A=0 U=1 E=0  R=0\n\n[vnnlib/hybridz] FINAL \u2014 total=1 wall=0.1 min\n  UNKNOWN      1\n  [structured] per-instance log \u2192 /data1/Kane/ACT/audit_results/coverage_gap_20260529T020143Z/cifar100_2024/per_instance_cifar100_2024_20260529T020506714440Z.json\n\n================================================================================\nVERIFICATION TEST SUMMARY\n================================================================================\n  \u2705 vnnlib                    PASSED\n================================================================================\n\n"
}
{
  "benchmark": "cifar100_2024",
  "instance_id": 18,
  "status": "OK",
  "cli_normalized": "OK",
  "wall_s": 11.506057152990252,
  "peak_rss_mb": 1899.75390625,
  "returncode": 0,
  "per_instance_json": "/data1/Kane/ACT/audit_results/coverage_gap_20260529T020143Z/cifar100_2024/per_instance_cifar100_2024_20260529T020518240472Z.json",
  "out_dir": "/data1/Kane/ACT/audit_results/coverage_gap_20260529T020143Z/cifar100_2024",
  "stdout_tail": "r.data_model_loader:  \u2713 Parsed VNNLIB: 3072 inputs, 100 outputs\nINFO:act.front_end.vnnlib_loader.data_model_loader:  \u2713 Ground truth label: 44\nINFO:act.front_end.vnnlib_loader.data_model_loader:Successfully loaded VNNLIB instance from 'cifar100_2024'\nINFO:act.front_end.vnnlib_loader.vnnlib_parser:Parsed CIFAR100_resnet_medium_prop_idx_885_sidx_7654_eps_0.0039.vnnlib: 1 query(ies)\nINFO:act.back_end.solver.solver_hz:large_cls_proof_mode ACTIVE: conv=19 out_dim=100 relus=10 (triangle for relu 1..9, eq_lagr_v8 for last 1)\n[ACT] Using existing Gurobi license: ../ACT/modules/gurobi/gurobi.lic\n\u2705 Device Manager Initialized: device=cuda:0, dtype=torch.float64\n\n================================================================================\nACT: Abstract Constraint Transformer\nInference-based whitebox fuzzing for neural network verification\n================================================================================\n\n\n================================================================================\nVERIFICATION TEST: VNNLIB \u2192 VerifiableModel \u2192 verify_once\n================================================================================\n\n[vnnlib] category=cifar100_2024 max_instances=1 mode=hybridz (full TOP1_ROBUST via labeled_tensor collapse; device=cuda, timeout=180.0s)\n  [  1/1] cifar100_2024/onnx/CIFAR100_resnet_medium.onnx@vnnlib/CIFAR100_resnet_medium_prop_idx_885_sidx_7654_eps_0.0039.vnnlib: UNKNOWN (6.7s)  V=0 A=0 U=1 E=0  R=0\n\n[vnnlib/hybridz] FINAL \u2014 total=1 wall=0.1 min\n  UNKNOWN      1\n  [structured] per-instance log \u2192 /data1/Kane/ACT/audit_results/coverage_gap_20260529T020143Z/cifar100_2024/per_instance_cifar100_2024_20260529T020518240472Z.json\n\n================================================================================\nVERIFICATION TEST SUMMARY\n================================================================================\n  \u2705 vnnlib                    PASSED\n================================================================================\n\n"
}
{
  "benchmark": "cifar100_2024",
  "instance_id": 19,
  "status": "OK",
  "cli_normalized": "OK",
  "wall_s": 11.505945243989117,
  "peak_rss_mb": 1918.7109375,
  "returncode": 0,
  "per_instance_json": "/data1/Kane/ACT/audit_results/coverage_gap_20260529T020143Z/cifar100_2024/per_instance_cifar100_2024_20260529T020529772512Z.json",
  "out_dir": "/data1/Kane/ACT/audit_results/coverage_gap_20260529T020143Z/cifar100_2024",
  "stdout_tail": "er.data_model_loader:  \u2713 Parsed VNNLIB: 3072 inputs, 100 outputs\nINFO:act.front_end.vnnlib_loader.data_model_loader:  \u2713 Ground truth label: 5\nINFO:act.front_end.vnnlib_loader.data_model_loader:Successfully loaded VNNLIB instance from 'cifar100_2024'\nINFO:act.front_end.vnnlib_loader.vnnlib_parser:Parsed CIFAR100_resnet_medium_prop_idx_3006_sidx_928_eps_0.0039.vnnlib: 1 query(ies)\nINFO:act.back_end.solver.solver_hz:large_cls_proof_mode ACTIVE: conv=19 out_dim=100 relus=10 (triangle for relu 1..9, eq_lagr_v8 for last 1)\n[ACT] Using existing Gurobi license: ../ACT/modules/gurobi/gurobi.lic\n\u2705 Device Manager Initialized: device=cuda:0, dtype=torch.float64\n\n================================================================================\nACT: Abstract Constraint Transformer\nInference-based whitebox fuzzing for neural network verification\n================================================================================\n\n\n================================================================================\nVERIFICATION TEST: VNNLIB \u2192 VerifiableModel \u2192 verify_once\n================================================================================\n\n[vnnlib] category=cifar100_2024 max_instances=1 mode=hybridz (full TOP1_ROBUST via labeled_tensor collapse; device=cuda, timeout=180.0s)\n  [  1/1] cifar100_2024/onnx/CIFAR100_resnet_medium.onnx@vnnlib/CIFAR100_resnet_medium_prop_idx_3006_sidx_928_eps_0.0039.vnnlib: UNKNOWN (6.8s)  V=0 A=0 U=1 E=0  R=0\n\n[vnnlib/hybridz] FINAL \u2014 total=1 wall=0.1 min\n  UNKNOWN      1\n  [structured] per-instance log \u2192 /data1/Kane/ACT/audit_results/coverage_gap_20260529T020143Z/cifar100_2024/per_instance_cifar100_2024_20260529T020529772512Z.json\n\n================================================================================\nVERIFICATION TEST SUMMARY\n================================================================================\n  \u2705 vnnlib                    PASSED\n================================================================================\n\n"
}
{
  "benchmark": "cifar100_2024",
  "instance_id": 20,
  "status": "OK",
  "cli_normalized": "OK",
  "wall_s": 11.506414373987354,
  "peak_rss_mb": 1943.828125,
  "returncode": 0,
  "per_instance_json": "/data1/Kane/ACT/audit_results/coverage_gap_20260529T020143Z/cifar100_2024/per_instance_cifar100_2024_20260529T020541754445Z.json",
  "out_dir": "/data1/Kane/ACT/audit_results/coverage_gap_20260529T020143Z/cifar100_2024",
  "stdout_tail": "data_model_loader:  \u2713 Parsed VNNLIB: 3072 inputs, 100 outputs\nINFO:act.front_end.vnnlib_loader.data_model_loader:  \u2713 Ground truth label: 88\nINFO:act.front_end.vnnlib_loader.data_model_loader:Successfully loaded VNNLIB instance from 'cifar100_2024'\nINFO:act.front_end.vnnlib_loader.vnnlib_parser:Parsed CIFAR100_resnet_medium_prop_idx_1588_sidx_6654_eps_0.0039.vnnlib: 1 query(ies)\nINFO:act.back_end.solver.solver_hz:large_cls_proof_mode ACTIVE: conv=19 out_dim=100 relus=10 (triangle for relu 1..9, eq_lagr_v8 for last 1)\n[ACT] Using existing Gurobi license: ../ACT/modules/gurobi/gurobi.lic\n\u2705 Device Manager Initialized: device=cuda:0, dtype=torch.float64\n\n================================================================================\nACT: Abstract Constraint Transformer\nInference-based whitebox fuzzing for neural network verification\n================================================================================\n\n\n================================================================================\nVERIFICATION TEST: VNNLIB \u2192 VerifiableModel \u2192 verify_once\n================================================================================\n\n[vnnlib] category=cifar100_2024 max_instances=1 mode=hybridz (full TOP1_ROBUST via labeled_tensor collapse; device=cuda, timeout=180.0s)\n  [  1/1] cifar100_2024/onnx/CIFAR100_resnet_medium.onnx@vnnlib/CIFAR100_resnet_medium_prop_idx_1588_sidx_6654_eps_0.0039.vnnlib: UNKNOWN (7.3s)  V=0 A=0 U=1 E=0  R=0\n\n[vnnlib/hybridz] FINAL \u2014 total=1 wall=0.1 min\n  UNKNOWN      1\n  [structured] per-instance log \u2192 /data1/Kane/ACT/audit_results/coverage_gap_20260529T020143Z/cifar100_2024/per_instance_cifar100_2024_20260529T020541754445Z.json\n\n================================================================================\nVERIFICATION TEST SUMMARY\n================================================================================\n  \u2705 vnnlib                    PASSED\n================================================================================\n\n"
}
{
  "benchmark": "cifar100_2024",
  "instance_id": 21,
  "status": "OK",
  "cli_normalized": "OK",
  "wall_s": 12.006268071942031,
  "peak_rss_mb": 1979.37890625,
  "returncode": 0,
  "per_instance_json": "/data1/Kane/ACT/audit_results/coverage_gap_20260529T020143Z/cifar100_2024/per_instance_cifar100_2024_20260529T020553412473Z.json",
  "out_dir": "/data1/Kane/ACT/audit_results/coverage_gap_20260529T020143Z/cifar100_2024",
  "stdout_tail": "data_model_loader:  \u2713 Parsed VNNLIB: 3072 inputs, 100 outputs\nINFO:act.front_end.vnnlib_loader.data_model_loader:  \u2713 Ground truth label: 83\nINFO:act.front_end.vnnlib_loader.data_model_loader:Successfully loaded VNNLIB instance from 'cifar100_2024'\nINFO:act.front_end.vnnlib_loader.vnnlib_parser:Parsed CIFAR100_resnet_medium_prop_idx_8594_sidx_5815_eps_0.0039.vnnlib: 1 query(ies)\nINFO:act.back_end.solver.solver_hz:large_cls_proof_mode ACTIVE: conv=19 out_dim=100 relus=10 (triangle for relu 1..9, eq_lagr_v8 for last 1)\n[ACT] Using existing Gurobi license: ../ACT/modules/gurobi/gurobi.lic\n\u2705 Device Manager Initialized: device=cuda:0, dtype=torch.float64\n\n================================================================================\nACT: Abstract Constraint Transformer\nInference-based whitebox fuzzing for neural network verification\n================================================================================\n\n\n================================================================================\nVERIFICATION TEST: VNNLIB \u2192 VerifiableModel \u2192 verify_once\n================================================================================\n\n[vnnlib] category=cifar100_2024 max_instances=1 mode=hybridz (full TOP1_ROBUST via labeled_tensor collapse; device=cuda, timeout=180.0s)\n  [  1/1] cifar100_2024/onnx/CIFAR100_resnet_medium.onnx@vnnlib/CIFAR100_resnet_medium_prop_idx_8594_sidx_5815_eps_0.0039.vnnlib: UNKNOWN (7.6s)  V=0 A=0 U=1 E=0  R=0\n\n[vnnlib/hybridz] FINAL \u2014 total=1 wall=0.1 min\n  UNKNOWN      1\n  [structured] per-instance log \u2192 /data1/Kane/ACT/audit_results/coverage_gap_20260529T020143Z/cifar100_2024/per_instance_cifar100_2024_20260529T020553412473Z.json\n\n================================================================================\nVERIFICATION TEST SUMMARY\n================================================================================\n  \u2705 vnnlib                    PASSED\n================================================================================\n\n"
}
{
  "benchmark": "cifar100_2024",
  "instance_id": 22,
  "status": "OK",
  "cli_normalized": "OK",
  "wall_s": 12.506817699992098,
  "peak_rss_mb": 1936.16015625,
  "returncode": 0,
  "per_instance_json": "/data1/Kane/ACT/audit_results/coverage_gap_20260529T020143Z/cifar100_2024/per_instance_cifar100_2024_20260529T020605998824Z.json",
  "out_dir": "/data1/Kane/ACT/audit_results/coverage_gap_20260529T020143Z/cifar100_2024",
  "stdout_tail": "y in use. Process 3505371 has 51.63 GiB memory in use. Process 3505394 has 7.81 GiB memory in use. Including non-PyTorch memory, this process has 8.21 GiB memory in use. Of the allocated memory 7.21 GiB is allocated by PyTorch, and 374.01 MiB is reserved by PyTorch but unallocated. If reserved but unallocated memory is large try setting PYTORCH_CUDA_ALLOC_CONF=expandable_segments:True to avoid fragmentation.  See documentation for Memory Management  (https://pytorch.org/docs/stable/notes/cuda.html#environment-variables)\n[ACT] Using existing Gurobi license: ../ACT/modules/gurobi/gurobi.lic\n\u2705 Device Manager Initialized: device=cuda:0, dtype=torch.float64\n\n================================================================================\nACT: Abstract Constraint Transformer\nInference-based whitebox fuzzing for neural network verification\n================================================================================\n\n\n================================================================================\nVERIFICATION TEST: VNNLIB \u2192 VerifiableModel \u2192 verify_once\n================================================================================\n\n[vnnlib] category=cifar100_2024 max_instances=1 mode=hybridz (full TOP1_ROBUST via labeled_tensor collapse; device=cuda, timeout=180.0s)\n  [  1/1] cifar100_2024/onnx/CIFAR100_resnet_medium.onnx@vnnlib/CIFAR100_resnet_medium_prop_idx_9658_sidx_1660_eps_0.0039.vnnlib: UNKNOWN (8.2s)  V=0 A=0 U=1 E=0  R=0\n\n[vnnlib/hybridz] FINAL \u2014 total=1 wall=0.1 min\n  UNKNOWN      1\n  [structured] per-instance log \u2192 /data1/Kane/ACT/audit_results/coverage_gap_20260529T020143Z/cifar100_2024/per_instance_cifar100_2024_20260529T020605998824Z.json\n\n================================================================================\nVERIFICATION TEST SUMMARY\n================================================================================\n  \u2705 vnnlib                    PASSED\n================================================================================\n\n"
}
{
  "benchmark": "cifar100_2024",
  "instance_id": 23,
  "status": "OK",
  "cli_normalized": "OK",
  "wall_s": 10.006253049941733,
  "peak_rss_mb": 2042.69921875,
  "returncode": 0,
  "per_instance_json": "/data1/Kane/ACT/audit_results/coverage_gap_20260529T020143Z/cifar100_2024/per_instance_cifar100_2024_20260529T020615851853Z.json",
  "out_dir": "/data1/Kane/ACT/audit_results/coverage_gap_20260529T020143Z/cifar100_2024",
  "stdout_tail": "data_model_loader:  \u2713 Parsed VNNLIB: 3072 inputs, 100 outputs\nINFO:act.front_end.vnnlib_loader.data_model_loader:  \u2713 Ground truth label: 80\nINFO:act.front_end.vnnlib_loader.data_model_loader:Successfully loaded VNNLIB instance from 'cifar100_2024'\nINFO:act.front_end.vnnlib_loader.vnnlib_parser:Parsed CIFAR100_resnet_medium_prop_idx_8505_sidx_1690_eps_0.0039.vnnlib: 1 query(ies)\nINFO:act.back_end.solver.solver_hz:large_cls_proof_mode ACTIVE: conv=19 out_dim=100 relus=10 (triangle for relu 1..9, eq_lagr_v8 for last 1)\n[ACT] Using existing Gurobi license: ../ACT/modules/gurobi/gurobi.lic\n\u2705 Device Manager Initialized: device=cuda:0, dtype=torch.float64\n\n================================================================================\nACT: Abstract Constraint Transformer\nInference-based whitebox fuzzing for neural network verification\n================================================================================\n\n\n================================================================================\nVERIFICATION TEST: VNNLIB \u2192 VerifiableModel \u2192 verify_once\n================================================================================\n\n[vnnlib] category=cifar100_2024 max_instances=1 mode=hybridz (full TOP1_ROBUST via labeled_tensor collapse; device=cuda, timeout=180.0s)\n  [  1/1] cifar100_2024/onnx/CIFAR100_resnet_medium.onnx@vnnlib/CIFAR100_resnet_medium_prop_idx_8505_sidx_1690_eps_0.0039.vnnlib: UNKNOWN (5.2s)  V=0 A=0 U=1 E=0  R=0\n\n[vnnlib/hybridz] FINAL \u2014 total=1 wall=0.1 min\n  UNKNOWN      1\n  [structured] per-instance log \u2192 /data1/Kane/ACT/audit_results/coverage_gap_20260529T020143Z/cifar100_2024/per_instance_cifar100_2024_20260529T020615851853Z.json\n\n================================================================================\nVERIFICATION TEST SUMMARY\n================================================================================\n  \u2705 vnnlib                    PASSED\n================================================================================\n\n"
}
{
  "benchmark": "cifar100_2024",
  "instance_id": 24,
  "status": "OK",
  "cli_normalized": "OK",
  "wall_s": 10.50622362701688,
  "peak_rss_mb": 1923.421875,
  "returncode": 0,
  "per_instance_json": "/data1/Kane/ACT/audit_results/coverage_gap_20260529T020143Z/cifar100_2024/per_instance_cifar100_2024_20260529T020626385408Z.json",
  "out_dir": "/data1/Kane/ACT/audit_results/coverage_gap_20260529T020143Z/cifar100_2024",
  "stdout_tail": "data_model_loader:  \u2713 Parsed VNNLIB: 3072 inputs, 100 outputs\nINFO:act.front_end.vnnlib_loader.data_model_loader:  \u2713 Ground truth label: 99\nINFO:act.front_end.vnnlib_loader.data_model_loader:Successfully loaded VNNLIB instance from 'cifar100_2024'\nINFO:act.front_end.vnnlib_loader.vnnlib_parser:Parsed CIFAR100_resnet_medium_prop_idx_8945_sidx_3584_eps_0.0039.vnnlib: 1 query(ies)\nINFO:act.back_end.solver.solver_hz:large_cls_proof_mode ACTIVE: conv=19 out_dim=100 relus=10 (triangle for relu 1..9, eq_lagr_v8 for last 1)\n[ACT] Using existing Gurobi license: ../ACT/modules/gurobi/gurobi.lic\n\u2705 Device Manager Initialized: device=cuda:0, dtype=torch.float64\n\n================================================================================\nACT: Abstract Constraint Transformer\nInference-based whitebox fuzzing for neural network verification\n================================================================================\n\n\n================================================================================\nVERIFICATION TEST: VNNLIB \u2192 VerifiableModel \u2192 verify_once\n================================================================================\n\n[vnnlib] category=cifar100_2024 max_instances=1 mode=hybridz (full TOP1_ROBUST via labeled_tensor collapse; device=cuda, timeout=180.0s)\n  [  1/1] cifar100_2024/onnx/CIFAR100_resnet_medium.onnx@vnnlib/CIFAR100_resnet_medium_prop_idx_8945_sidx_3584_eps_0.0039.vnnlib: UNKNOWN (6.1s)  V=0 A=0 U=1 E=0  R=0\n\n[vnnlib/hybridz] FINAL \u2014 total=1 wall=0.1 min\n  UNKNOWN      1\n  [structured] per-instance log \u2192 /data1/Kane/ACT/audit_results/coverage_gap_20260529T020143Z/cifar100_2024/per_instance_cifar100_2024_20260529T020626385408Z.json\n\n================================================================================\nVERIFICATION TEST SUMMARY\n================================================================================\n  \u2705 vnnlib                    PASSED\n================================================================================\n\n"
}
{
  "benchmark": "cifar100_2024",
  "instance_id": 25,
  "status": "OK",
  "cli_normalized": "OK",
  "wall_s": 9.505463156965561,
  "peak_rss_mb": 1949.171875,
  "returncode": 0,
  "per_instance_json": "/data1/Kane/ACT/audit_results/coverage_gap_20260529T020143Z/cifar100_2024/per_instance_cifar100_2024_20260529T020636043632Z.json",
  "out_dir": "/data1/Kane/ACT/audit_results/coverage_gap_20260529T020143Z/cifar100_2024",
  "stdout_tail": "r.data_model_loader:  \u2713 Parsed VNNLIB: 3072 inputs, 100 outputs\nINFO:act.front_end.vnnlib_loader.data_model_loader:  \u2713 Ground truth label: 88\nINFO:act.front_end.vnnlib_loader.data_model_loader:Successfully loaded VNNLIB instance from 'cifar100_2024'\nINFO:act.front_end.vnnlib_loader.vnnlib_parser:Parsed CIFAR100_resnet_medium_prop_idx_6585_sidx_533_eps_0.0039.vnnlib: 1 query(ies)\nINFO:act.back_end.solver.solver_hz:large_cls_proof_mode ACTIVE: conv=19 out_dim=100 relus=10 (triangle for relu 1..9, eq_lagr_v8 for last 1)\n[ACT] Using existing Gurobi license: ../ACT/modules/gurobi/gurobi.lic\n\u2705 Device Manager Initialized: device=cuda:0, dtype=torch.float64\n\n================================================================================\nACT: Abstract Constraint Transformer\nInference-based whitebox fuzzing for neural network verification\n================================================================================\n\n\n================================================================================\nVERIFICATION TEST: VNNLIB \u2192 VerifiableModel \u2192 verify_once\n================================================================================\n\n[vnnlib] category=cifar100_2024 max_instances=1 mode=hybridz (full TOP1_ROBUST via labeled_tensor collapse; device=cuda, timeout=180.0s)\n  [  1/1] cifar100_2024/onnx/CIFAR100_resnet_medium.onnx@vnnlib/CIFAR100_resnet_medium_prop_idx_6585_sidx_533_eps_0.0039.vnnlib: UNKNOWN (5.0s)  V=0 A=0 U=1 E=0  R=0\n\n[vnnlib/hybridz] FINAL \u2014 total=1 wall=0.1 min\n  UNKNOWN      1\n  [structured] per-instance log \u2192 /data1/Kane/ACT/audit_results/coverage_gap_20260529T020143Z/cifar100_2024/per_instance_cifar100_2024_20260529T020636043632Z.json\n\n================================================================================\nVERIFICATION TEST SUMMARY\n================================================================================\n  \u2705 vnnlib                    PASSED\n================================================================================\n\n"
}
{
  "benchmark": "cifar100_2024",
  "instance_id": 26,
  "status": "OK",
  "cli_normalized": "OK",
  "wall_s": 12.006416645948775,
  "peak_rss_mb": 1918.109375,
  "returncode": 0,
  "per_instance_json": "/data1/Kane/ACT/audit_results/coverage_gap_20260529T020143Z/cifar100_2024/per_instance_cifar100_2024_20260529T020647867479Z.json",
  "out_dir": "/data1/Kane/ACT/audit_results/coverage_gap_20260529T020143Z/cifar100_2024",
  "stdout_tail": "data_model_loader:  \u2713 Parsed VNNLIB: 3072 inputs, 100 outputs\nINFO:act.front_end.vnnlib_loader.data_model_loader:  \u2713 Ground truth label: 29\nINFO:act.front_end.vnnlib_loader.data_model_loader:Successfully loaded VNNLIB instance from 'cifar100_2024'\nINFO:act.front_end.vnnlib_loader.vnnlib_parser:Parsed CIFAR100_resnet_medium_prop_idx_6573_sidx_5525_eps_0.0039.vnnlib: 1 query(ies)\nINFO:act.back_end.solver.solver_hz:large_cls_proof_mode ACTIVE: conv=19 out_dim=100 relus=10 (triangle for relu 1..9, eq_lagr_v8 for last 1)\n[ACT] Using existing Gurobi license: ../ACT/modules/gurobi/gurobi.lic\n\u2705 Device Manager Initialized: device=cuda:0, dtype=torch.float64\n\n================================================================================\nACT: Abstract Constraint Transformer\nInference-based whitebox fuzzing for neural network verification\n================================================================================\n\n\n================================================================================\nVERIFICATION TEST: VNNLIB \u2192 VerifiableModel \u2192 verify_once\n================================================================================\n\n[vnnlib] category=cifar100_2024 max_instances=1 mode=hybridz (full TOP1_ROBUST via labeled_tensor collapse; device=cuda, timeout=180.0s)\n  [  1/1] cifar100_2024/onnx/CIFAR100_resnet_medium.onnx@vnnlib/CIFAR100_resnet_medium_prop_idx_6573_sidx_5525_eps_0.0039.vnnlib: UNKNOWN (7.5s)  V=0 A=0 U=1 E=0  R=0\n\n[vnnlib/hybridz] FINAL \u2014 total=1 wall=0.1 min\n  UNKNOWN      1\n  [structured] per-instance log \u2192 /data1/Kane/ACT/audit_results/coverage_gap_20260529T020143Z/cifar100_2024/per_instance_cifar100_2024_20260529T020647867479Z.json\n\n================================================================================\nVERIFICATION TEST SUMMARY\n================================================================================\n  \u2705 vnnlib                    PASSED\n================================================================================\n\n"
}
{
  "benchmark": "cifar100_2024",
  "instance_id": 27,
  "status": "OK",
  "cli_normalized": "OK",
  "wall_s": 11.005884564947337,
  "peak_rss_mb": 1904.60546875,
  "returncode": 0,
  "per_instance_json": "/data1/Kane/ACT/audit_results/coverage_gap_20260529T020143Z/cifar100_2024/per_instance_cifar100_2024_20260529T020659134958Z.json",
  "out_dir": "/data1/Kane/ACT/audit_results/coverage_gap_20260529T020143Z/cifar100_2024",
  "stdout_tail": ".data_model_loader:  \u2713 Parsed VNNLIB: 3072 inputs, 100 outputs\nINFO:act.front_end.vnnlib_loader.data_model_loader:  \u2713 Ground truth label: 9\nINFO:act.front_end.vnnlib_loader.data_model_loader:Successfully loaded VNNLIB instance from 'cifar100_2024'\nINFO:act.front_end.vnnlib_loader.vnnlib_parser:Parsed CIFAR100_resnet_medium_prop_idx_8619_sidx_4461_eps_0.0039.vnnlib: 1 query(ies)\nINFO:act.back_end.solver.solver_hz:large_cls_proof_mode ACTIVE: conv=19 out_dim=100 relus=10 (triangle for relu 1..9, eq_lagr_v8 for last 1)\n[ACT] Using existing Gurobi license: ../ACT/modules/gurobi/gurobi.lic\n\u2705 Device Manager Initialized: device=cuda:0, dtype=torch.float64\n\n================================================================================\nACT: Abstract Constraint Transformer\nInference-based whitebox fuzzing for neural network verification\n================================================================================\n\n\n================================================================================\nVERIFICATION TEST: VNNLIB \u2192 VerifiableModel \u2192 verify_once\n================================================================================\n\n[vnnlib] category=cifar100_2024 max_instances=1 mode=hybridz (full TOP1_ROBUST via labeled_tensor collapse; device=cuda, timeout=180.0s)\n  [  1/1] cifar100_2024/onnx/CIFAR100_resnet_medium.onnx@vnnlib/CIFAR100_resnet_medium_prop_idx_8619_sidx_4461_eps_0.0039.vnnlib: UNKNOWN (6.8s)  V=0 A=0 U=1 E=0  R=0\n\n[vnnlib/hybridz] FINAL \u2014 total=1 wall=0.1 min\n  UNKNOWN      1\n  [structured] per-instance log \u2192 /data1/Kane/ACT/audit_results/coverage_gap_20260529T020143Z/cifar100_2024/per_instance_cifar100_2024_20260529T020659134958Z.json\n\n================================================================================\nVERIFICATION TEST SUMMARY\n================================================================================\n  \u2705 vnnlib                    PASSED\n================================================================================\n\n"
}
{
  "benchmark": "cifar100_2024",
  "instance_id": 28,
  "status": "OK",
  "cli_normalized": "OK",
  "wall_s": 11.01052906201221,
  "peak_rss_mb": 1967.796875,
  "returncode": 0,
  "per_instance_json": "/data1/Kane/ACT/audit_results/coverage_gap_20260529T020143Z/cifar100_2024/per_instance_cifar100_2024_20260529T020710125455Z.json",
  "out_dir": "/data1/Kane/ACT/audit_results/coverage_gap_20260529T020143Z/cifar100_2024",
  "stdout_tail": "der.data_model_loader:  \u2713 Parsed VNNLIB: 3072 inputs, 100 outputs\nINFO:act.front_end.vnnlib_loader.data_model_loader:  \u2713 Ground truth label: 54\nINFO:act.front_end.vnnlib_loader.data_model_loader:Successfully loaded VNNLIB instance from 'cifar100_2024'\nINFO:act.front_end.vnnlib_loader.vnnlib_parser:Parsed CIFAR100_resnet_medium_prop_idx_54_sidx_9735_eps_0.0039.vnnlib: 1 query(ies)\nINFO:act.back_end.solver.solver_hz:large_cls_proof_mode ACTIVE: conv=19 out_dim=100 relus=10 (triangle for relu 1..9, eq_lagr_v8 for last 1)\n[ACT] Using existing Gurobi license: ../ACT/modules/gurobi/gurobi.lic\n\u2705 Device Manager Initialized: device=cuda:0, dtype=torch.float64\n\n================================================================================\nACT: Abstract Constraint Transformer\nInference-based whitebox fuzzing for neural network verification\n================================================================================\n\n\n================================================================================\nVERIFICATION TEST: VNNLIB \u2192 VerifiableModel \u2192 verify_once\n================================================================================\n\n[vnnlib] category=cifar100_2024 max_instances=1 mode=hybridz (full TOP1_ROBUST via labeled_tensor collapse; device=cuda, timeout=180.0s)\n  [  1/1] cifar100_2024/onnx/CIFAR100_resnet_medium.onnx@vnnlib/CIFAR100_resnet_medium_prop_idx_54_sidx_9735_eps_0.0039.vnnlib: UNKNOWN (6.7s)  V=0 A=0 U=1 E=0  R=0\n\n[vnnlib/hybridz] FINAL \u2014 total=1 wall=0.1 min\n  UNKNOWN      1\n  [structured] per-instance log \u2192 /data1/Kane/ACT/audit_results/coverage_gap_20260529T020143Z/cifar100_2024/per_instance_cifar100_2024_20260529T020710125455Z.json\n\n================================================================================\nVERIFICATION TEST SUMMARY\n================================================================================\n  \u2705 vnnlib                    PASSED\n================================================================================\n\n"
}
{
  "benchmark": "cifar100_2024",
  "instance_id": 29,
  "status": "OK",
  "cli_normalized": "OK",
  "wall_s": 10.005940353032202,
  "peak_rss_mb": 1945.44921875,
  "returncode": 0,
  "per_instance_json": "/data1/Kane/ACT/audit_results/coverage_gap_20260529T020143Z/cifar100_2024/per_instance_cifar100_2024_20260529T020720133806Z.json",
  "out_dir": "/data1/Kane/ACT/audit_results/coverage_gap_20260529T020143Z/cifar100_2024",
  "stdout_tail": "data_model_loader:  \u2713 Parsed VNNLIB: 3072 inputs, 100 outputs\nINFO:act.front_end.vnnlib_loader.data_model_loader:  \u2713 Ground truth label: 76\nINFO:act.front_end.vnnlib_loader.data_model_loader:Successfully loaded VNNLIB instance from 'cifar100_2024'\nINFO:act.front_end.vnnlib_loader.vnnlib_parser:Parsed CIFAR100_resnet_medium_prop_idx_4429_sidx_1471_eps_0.0039.vnnlib: 1 query(ies)\nINFO:act.back_end.solver.solver_hz:large_cls_proof_mode ACTIVE: conv=19 out_dim=100 relus=10 (triangle for relu 1..9, eq_lagr_v8 for last 1)\n[ACT] Using existing Gurobi license: ../ACT/modules/gurobi/gurobi.lic\n\u2705 Device Manager Initialized: device=cuda:0, dtype=torch.float64\n\n================================================================================\nACT: Abstract Constraint Transformer\nInference-based whitebox fuzzing for neural network verification\n================================================================================\n\n\n================================================================================\nVERIFICATION TEST: VNNLIB \u2192 VerifiableModel \u2192 verify_once\n================================================================================\n\n[vnnlib] category=cifar100_2024 max_instances=1 mode=hybridz (full TOP1_ROBUST via labeled_tensor collapse; device=cuda, timeout=180.0s)\n  [  1/1] cifar100_2024/onnx/CIFAR100_resnet_medium.onnx@vnnlib/CIFAR100_resnet_medium_prop_idx_4429_sidx_1471_eps_0.0039.vnnlib: UNKNOWN (5.5s)  V=0 A=0 U=1 E=0  R=0\n\n[vnnlib/hybridz] FINAL \u2014 total=1 wall=0.1 min\n  UNKNOWN      1\n  [structured] per-instance log \u2192 /data1/Kane/ACT/audit_results/coverage_gap_20260529T020143Z/cifar100_2024/per_instance_cifar100_2024_20260529T020720133806Z.json\n\n================================================================================\nVERIFICATION TEST SUMMARY\n================================================================================\n  \u2705 vnnlib                    PASSED\n================================================================================\n\n"
}
[watchdog] summary written: /data1/Kane/ACT/audit_results/coverage_gap_20260529T020143Z/cifar100_2024/watchdog_summary.json
