[ACT] Auto-detecting project root: ../ACT
[ACT] Gurobi license found: ../ACT/modules/gurobi/gurobi.lic
{
  "benchmark": "relusplitter",
  "instance_id": 0,
  "status": "OK",
  "cli_normalized": "OK",
  "wall_s": 26.51640627393499,
  "peak_rss_mb": 1554.609375,
  "returncode": 0,
  "per_instance_json": "/data1/Kane/ACT/audit_results/r93_rerun_20260525T083118Z/overnight_cpu_20260525T144203Z/relusplitter/per_instance_relusplitter_20260525T152209058133Z.json",
  "out_dir": "/data1/Kane/ACT/audit_results/r93_rerun_20260525T083118Z/overnight_cpu_20260525T144203Z/relusplitter",
  "stdout_tail": "sing VNNLIB specification...\nINFO:act.front_end.vnnlib_loader.vnnlib_parser:Parsed VNNLIB: 784 inputs, 10 outputs, type=unknown\nINFO:act.front_end.vnnlib_loader.data_model_loader:  \u2713 Parsed VNNLIB: 784 inputs, 10 outputs\nINFO:act.front_end.vnnlib_loader.data_model_loader:  \u2713 Ground truth label: 3\nINFO:act.front_end.vnnlib_loader.data_model_loader:Successfully loaded VNNLIB instance from 'relusplitter'\nINFO:act.front_end.vnnlib_loader.vnnlib_parser:Parsed mnist_fc_vnncomp2022_prop_5_0.05.vnnlib: 1 query(ies)\n[ACT] Using existing Gurobi license: ../ACT/modules/gurobi/gurobi.lic\n\u2705 Device Manager Initialized: device=cpu, dtype=torch.float64\n\n================================================================================\nACT: Abstract Constraint Transformer\nInference-based whitebox fuzzing for neural network verification\n================================================================================\n\n\n================================================================================\nVERIFICATION TEST: VNNLIB \u2192 VerifiableModel \u2192 verify_once\n================================================================================\n\n[vnnlib] category=relusplitter max_instances=1 mode=hybridz (full TOP1_ROBUST via labeled_tensor collapse; device=cpu, timeout=30.0s)\n  [  1/1] relusplitter/onnx/mnist_fc_vnncomp2022_mnist-net_256x4.onnx@vnnlib/mnist_fc_vnncomp2022_prop_5_0.05.vnnlib: UNKNOWN (23.7s)  V=0 A=0 U=1 E=0  R=0\n\n[vnnlib/hybridz] FINAL \u2014 total=1 wall=0.4 min\n  UNKNOWN      1\n  [structured] per-instance log \u2192 /data1/Kane/ACT/audit_results/r93_rerun_20260525T083118Z/overnight_cpu_20260525T144203Z/relusplitter/per_instance_relusplitter_20260525T152209058133Z.json\n\n================================================================================\nVERIFICATION TEST SUMMARY\n================================================================================\n  \u2705 vnnlib                    PASSED\n================================================================================\n\n"
}
{
  "benchmark": "relusplitter",
  "instance_id": 1,
  "status": "OK",
  "cli_normalized": "OK",
  "wall_s": 34.02223379397765,
  "peak_rss_mb": 1857.8515625,
  "returncode": 0,
  "per_instance_json": "/data1/Kane/ACT/audit_results/r93_rerun_20260525T083118Z/overnight_cpu_20260525T144203Z/relusplitter/per_instance_relusplitter_20260525T152242963857Z.json",
  "out_dir": "/data1/Kane/ACT/audit_results/r93_rerun_20260525T083118Z/overnight_cpu_20260525T144203Z/relusplitter",
  "stdout_tail": "_end.vnnlib_loader.vnnlib_parser:Parsed VNNLIB: 784 inputs, 10 outputs, type=unknown\nINFO:act.front_end.vnnlib_loader.data_model_loader:  \u2713 Parsed VNNLIB: 784 inputs, 10 outputs\nINFO:act.front_end.vnnlib_loader.data_model_loader:  \u2713 Ground truth label: 3\nINFO:act.front_end.vnnlib_loader.data_model_loader:Successfully loaded VNNLIB instance from 'relusplitter'\nINFO:act.front_end.vnnlib_loader.vnnlib_parser:Parsed mnist_fc_vnncomp2022_prop_5_0.05.vnnlib: 1 query(ies)\n[ACT] Using existing Gurobi license: ../ACT/modules/gurobi/gurobi.lic\n\u2705 Device Manager Initialized: device=cpu, dtype=torch.float64\n\n================================================================================\nACT: Abstract Constraint Transformer\nInference-based whitebox fuzzing for neural network verification\n================================================================================\n\n\n================================================================================\nVERIFICATION TEST: VNNLIB \u2192 VerifiableModel \u2192 verify_once\n================================================================================\n\n[vnnlib] category=relusplitter max_instances=1 mode=hybridz (full TOP1_ROBUST via labeled_tensor collapse; device=cpu, timeout=30.0s)\n  [  1/1] relusplitter/onnx/mnist_fc_vnncomp2022_mnist-net_256x4_RSPLITTER_mnist_fc_vnncomp2022_prop_5_0.05.onnx@vnnlib/mnist_fc_vnncomp2022_prop_5_0.05.vnnlib: UNKNOWN (31.1s)  V=0 A=0 U=1 E=0  R=0\n\n[vnnlib/hybridz] FINAL \u2014 total=1 wall=0.5 min\n  UNKNOWN      1\n  [structured] per-instance log \u2192 /data1/Kane/ACT/audit_results/r93_rerun_20260525T083118Z/overnight_cpu_20260525T144203Z/relusplitter/per_instance_relusplitter_20260525T152242963857Z.json\n\n================================================================================\nVERIFICATION TEST SUMMARY\n================================================================================\n  \u2705 vnnlib                    PASSED\n================================================================================\n\n"
}
{
  "benchmark": "relusplitter",
  "instance_id": 2,
  "status": "OK",
  "cli_normalized": "OK",
  "wall_s": 8.506028102943674,
  "peak_rss_mb": 1212.30078125,
  "returncode": 0,
  "per_instance_json": "/data1/Kane/ACT/audit_results/r93_rerun_20260525T083118Z/overnight_cpu_20260525T144203Z/relusplitter/per_instance_relusplitter_20260525T152251350451Z.json",
  "out_dir": "/data1/Kane/ACT/audit_results/r93_rerun_20260525T083118Z/overnight_cpu_20260525T144203Z/relusplitter",
  "stdout_tail": "rsing VNNLIB specification...\nINFO:act.front_end.vnnlib_loader.vnnlib_parser:Parsed VNNLIB: 784 inputs, 10 outputs, type=unknown\nINFO:act.front_end.vnnlib_loader.data_model_loader:  \u2713 Parsed VNNLIB: 784 inputs, 10 outputs\nINFO:act.front_end.vnnlib_loader.data_model_loader:  \u2713 Ground truth label: 3\nINFO:act.front_end.vnnlib_loader.data_model_loader:Successfully loaded VNNLIB instance from 'relusplitter'\nINFO:act.front_end.vnnlib_loader.vnnlib_parser:Parsed mnist_fc_vnncomp2022_prop_3_0.05.vnnlib: 1 query(ies)\n[ACT] Using existing Gurobi license: ../ACT/modules/gurobi/gurobi.lic\n\u2705 Device Manager Initialized: device=cpu, dtype=torch.float64\n\n================================================================================\nACT: Abstract Constraint Transformer\nInference-based whitebox fuzzing for neural network verification\n================================================================================\n\n\n================================================================================\nVERIFICATION TEST: VNNLIB \u2192 VerifiableModel \u2192 verify_once\n================================================================================\n\n[vnnlib] category=relusplitter max_instances=1 mode=hybridz (full TOP1_ROBUST via labeled_tensor collapse; device=cpu, timeout=30.0s)\n  [  1/1] relusplitter/onnx/mnist_fc_vnncomp2022_mnist-net_256x4.onnx@vnnlib/mnist_fc_vnncomp2022_prop_3_0.05.vnnlib: UNKNOWN (5.4s)  V=0 A=0 U=1 E=0  R=0\n\n[vnnlib/hybridz] FINAL \u2014 total=1 wall=0.1 min\n  UNKNOWN      1\n  [structured] per-instance log \u2192 /data1/Kane/ACT/audit_results/r93_rerun_20260525T083118Z/overnight_cpu_20260525T144203Z/relusplitter/per_instance_relusplitter_20260525T152251350451Z.json\n\n================================================================================\nVERIFICATION TEST SUMMARY\n================================================================================\n  \u2705 vnnlib                    PASSED\n================================================================================\n\n"
}
{
  "benchmark": "relusplitter",
  "instance_id": 3,
  "status": "OK",
  "cli_normalized": "OK",
  "wall_s": 21.513720214017667,
  "peak_rss_mb": 1495.75,
  "returncode": 0,
  "per_instance_json": "/data1/Kane/ACT/audit_results/r93_rerun_20260525T083118Z/overnight_cpu_20260525T144203Z/relusplitter/per_instance_relusplitter_20260525T152312818431Z.json",
  "out_dir": "/data1/Kane/ACT/audit_results/r93_rerun_20260525T083118Z/overnight_cpu_20260525T144203Z/relusplitter",
  "stdout_tail": "_end.vnnlib_loader.vnnlib_parser:Parsed VNNLIB: 784 inputs, 10 outputs, type=unknown\nINFO:act.front_end.vnnlib_loader.data_model_loader:  \u2713 Parsed VNNLIB: 784 inputs, 10 outputs\nINFO:act.front_end.vnnlib_loader.data_model_loader:  \u2713 Ground truth label: 3\nINFO:act.front_end.vnnlib_loader.data_model_loader:Successfully loaded VNNLIB instance from 'relusplitter'\nINFO:act.front_end.vnnlib_loader.vnnlib_parser:Parsed mnist_fc_vnncomp2022_prop_3_0.05.vnnlib: 1 query(ies)\n[ACT] Using existing Gurobi license: ../ACT/modules/gurobi/gurobi.lic\n\u2705 Device Manager Initialized: device=cpu, dtype=torch.float64\n\n================================================================================\nACT: Abstract Constraint Transformer\nInference-based whitebox fuzzing for neural network verification\n================================================================================\n\n\n================================================================================\nVERIFICATION TEST: VNNLIB \u2192 VerifiableModel \u2192 verify_once\n================================================================================\n\n[vnnlib] category=relusplitter max_instances=1 mode=hybridz (full TOP1_ROBUST via labeled_tensor collapse; device=cpu, timeout=30.0s)\n  [  1/1] relusplitter/onnx/mnist_fc_vnncomp2022_mnist-net_256x4_RSPLITTER_mnist_fc_vnncomp2022_prop_3_0.05.onnx@vnnlib/mnist_fc_vnncomp2022_prop_3_0.05.vnnlib: UNKNOWN (18.4s)  V=0 A=0 U=1 E=0  R=0\n\n[vnnlib/hybridz] FINAL \u2014 total=1 wall=0.3 min\n  UNKNOWN      1\n  [structured] per-instance log \u2192 /data1/Kane/ACT/audit_results/r93_rerun_20260525T083118Z/overnight_cpu_20260525T144203Z/relusplitter/per_instance_relusplitter_20260525T152312818431Z.json\n\n================================================================================\nVERIFICATION TEST SUMMARY\n================================================================================\n  \u2705 vnnlib                    PASSED\n================================================================================\n\n"
}
{
  "benchmark": "relusplitter",
  "instance_id": 4,
  "status": "OK",
  "cli_normalized": "OK",
  "wall_s": 24.51613229198847,
  "peak_rss_mb": 1601.1484375,
  "returncode": 0,
  "per_instance_json": "/data1/Kane/ACT/audit_results/r93_rerun_20260525T083118Z/overnight_cpu_20260525T144203Z/relusplitter/per_instance_relusplitter_20260525T152337373880Z.json",
  "out_dir": "/data1/Kane/ACT/audit_results/r93_rerun_20260525T083118Z/overnight_cpu_20260525T144203Z/relusplitter",
  "stdout_tail": "sing VNNLIB specification...\nINFO:act.front_end.vnnlib_loader.vnnlib_parser:Parsed VNNLIB: 784 inputs, 10 outputs, type=unknown\nINFO:act.front_end.vnnlib_loader.data_model_loader:  \u2713 Parsed VNNLIB: 784 inputs, 10 outputs\nINFO:act.front_end.vnnlib_loader.data_model_loader:  \u2713 Ground truth label: 3\nINFO:act.front_end.vnnlib_loader.data_model_loader:Successfully loaded VNNLIB instance from 'relusplitter'\nINFO:act.front_end.vnnlib_loader.vnnlib_parser:Parsed mnist_fc_vnncomp2022_prop_6_0.05.vnnlib: 1 query(ies)\n[ACT] Using existing Gurobi license: ../ACT/modules/gurobi/gurobi.lic\n\u2705 Device Manager Initialized: device=cpu, dtype=torch.float64\n\n================================================================================\nACT: Abstract Constraint Transformer\nInference-based whitebox fuzzing for neural network verification\n================================================================================\n\n\n================================================================================\nVERIFICATION TEST: VNNLIB \u2192 VerifiableModel \u2192 verify_once\n================================================================================\n\n[vnnlib] category=relusplitter max_instances=1 mode=hybridz (full TOP1_ROBUST via labeled_tensor collapse; device=cpu, timeout=30.0s)\n  [  1/1] relusplitter/onnx/mnist_fc_vnncomp2022_mnist-net_256x4.onnx@vnnlib/mnist_fc_vnncomp2022_prop_6_0.05.vnnlib: UNKNOWN (21.5s)  V=0 A=0 U=1 E=0  R=0\n\n[vnnlib/hybridz] FINAL \u2014 total=1 wall=0.4 min\n  UNKNOWN      1\n  [structured] per-instance log \u2192 /data1/Kane/ACT/audit_results/r93_rerun_20260525T083118Z/overnight_cpu_20260525T144203Z/relusplitter/per_instance_relusplitter_20260525T152337373880Z.json\n\n================================================================================\nVERIFICATION TEST SUMMARY\n================================================================================\n  \u2705 vnnlib                    PASSED\n================================================================================\n\n"
}
{
  "benchmark": "relusplitter",
  "instance_id": 5,
  "status": "OK",
  "cli_normalized": "OK",
  "wall_s": 31.021386337000877,
  "peak_rss_mb": 1863.7421875,
  "returncode": 0,
  "per_instance_json": "/data1/Kane/ACT/audit_results/r93_rerun_20260525T083118Z/overnight_cpu_20260525T144203Z/relusplitter/per_instance_relusplitter_20260525T152408652858Z.json",
  "out_dir": "/data1/Kane/ACT/audit_results/r93_rerun_20260525T083118Z/overnight_cpu_20260525T144203Z/relusplitter",
  "stdout_tail": "_end.vnnlib_loader.vnnlib_parser:Parsed VNNLIB: 784 inputs, 10 outputs, type=unknown\nINFO:act.front_end.vnnlib_loader.data_model_loader:  \u2713 Parsed VNNLIB: 784 inputs, 10 outputs\nINFO:act.front_end.vnnlib_loader.data_model_loader:  \u2713 Ground truth label: 3\nINFO:act.front_end.vnnlib_loader.data_model_loader:Successfully loaded VNNLIB instance from 'relusplitter'\nINFO:act.front_end.vnnlib_loader.vnnlib_parser:Parsed mnist_fc_vnncomp2022_prop_6_0.05.vnnlib: 1 query(ies)\n[ACT] Using existing Gurobi license: ../ACT/modules/gurobi/gurobi.lic\n\u2705 Device Manager Initialized: device=cpu, dtype=torch.float64\n\n================================================================================\nACT: Abstract Constraint Transformer\nInference-based whitebox fuzzing for neural network verification\n================================================================================\n\n\n================================================================================\nVERIFICATION TEST: VNNLIB \u2192 VerifiableModel \u2192 verify_once\n================================================================================\n\n[vnnlib] category=relusplitter max_instances=1 mode=hybridz (full TOP1_ROBUST via labeled_tensor collapse; device=cpu, timeout=30.0s)\n  [  1/1] relusplitter/onnx/mnist_fc_vnncomp2022_mnist-net_256x4_RSPLITTER_mnist_fc_vnncomp2022_prop_6_0.05.onnx@vnnlib/mnist_fc_vnncomp2022_prop_6_0.05.vnnlib: UNKNOWN (28.2s)  V=0 A=0 U=1 E=0  R=0\n\n[vnnlib/hybridz] FINAL \u2014 total=1 wall=0.5 min\n  UNKNOWN      1\n  [structured] per-instance log \u2192 /data1/Kane/ACT/audit_results/r93_rerun_20260525T083118Z/overnight_cpu_20260525T144203Z/relusplitter/per_instance_relusplitter_20260525T152408652858Z.json\n\n================================================================================\nVERIFICATION TEST SUMMARY\n================================================================================\n  \u2705 vnnlib                    PASSED\n================================================================================\n\n"
}
{
  "benchmark": "relusplitter",
  "instance_id": 6,
  "status": "OK",
  "cli_normalized": "OK",
  "wall_s": 14.51060487003997,
  "peak_rss_mb": 1341.44921875,
  "returncode": 0,
  "per_instance_json": "/data1/Kane/ACT/audit_results/r93_rerun_20260525T083118Z/overnight_cpu_20260525T144203Z/relusplitter/per_instance_relusplitter_20260525T152422869885Z.json",
  "out_dir": "/data1/Kane/ACT/audit_results/r93_rerun_20260525T083118Z/overnight_cpu_20260525T144203Z/relusplitter",
  "stdout_tail": "sing VNNLIB specification...\nINFO:act.front_end.vnnlib_loader.vnnlib_parser:Parsed VNNLIB: 784 inputs, 10 outputs, type=unknown\nINFO:act.front_end.vnnlib_loader.data_model_loader:  \u2713 Parsed VNNLIB: 784 inputs, 10 outputs\nINFO:act.front_end.vnnlib_loader.data_model_loader:  \u2713 Ground truth label: 6\nINFO:act.front_end.vnnlib_loader.data_model_loader:Successfully loaded VNNLIB instance from 'relusplitter'\nINFO:act.front_end.vnnlib_loader.vnnlib_parser:Parsed mnist_fc_vnncomp2022_prop_0_0.03.vnnlib: 1 query(ies)\n[ACT] Using existing Gurobi license: ../ACT/modules/gurobi/gurobi.lic\n\u2705 Device Manager Initialized: device=cpu, dtype=torch.float64\n\n================================================================================\nACT: Abstract Constraint Transformer\nInference-based whitebox fuzzing for neural network verification\n================================================================================\n\n\n================================================================================\nVERIFICATION TEST: VNNLIB \u2192 VerifiableModel \u2192 verify_once\n================================================================================\n\n[vnnlib] category=relusplitter max_instances=1 mode=hybridz (full TOP1_ROBUST via labeled_tensor collapse; device=cpu, timeout=30.0s)\n  [  1/1] relusplitter/onnx/mnist_fc_vnncomp2022_mnist-net_256x4.onnx@vnnlib/mnist_fc_vnncomp2022_prop_0_0.03.vnnlib: UNKNOWN (11.4s)  V=0 A=0 U=1 E=0  R=0\n\n[vnnlib/hybridz] FINAL \u2014 total=1 wall=0.2 min\n  UNKNOWN      1\n  [structured] per-instance log \u2192 /data1/Kane/ACT/audit_results/r93_rerun_20260525T083118Z/overnight_cpu_20260525T144203Z/relusplitter/per_instance_relusplitter_20260525T152422869885Z.json\n\n================================================================================\nVERIFICATION TEST SUMMARY\n================================================================================\n  \u2705 vnnlib                    PASSED\n================================================================================\n\n"
}
{
  "benchmark": "relusplitter",
  "instance_id": 7,
  "status": "OK",
  "cli_normalized": "OK",
  "wall_s": 24.517204954987392,
  "peak_rss_mb": 1719.11328125,
  "returncode": 0,
  "per_instance_json": "/data1/Kane/ACT/audit_results/r93_rerun_20260525T083118Z/overnight_cpu_20260525T144203Z/relusplitter/per_instance_relusplitter_20260525T152447529763Z.json",
  "out_dir": "/data1/Kane/ACT/audit_results/r93_rerun_20260525T083118Z/overnight_cpu_20260525T144203Z/relusplitter",
  "stdout_tail": "_end.vnnlib_loader.vnnlib_parser:Parsed VNNLIB: 784 inputs, 10 outputs, type=unknown\nINFO:act.front_end.vnnlib_loader.data_model_loader:  \u2713 Parsed VNNLIB: 784 inputs, 10 outputs\nINFO:act.front_end.vnnlib_loader.data_model_loader:  \u2713 Ground truth label: 6\nINFO:act.front_end.vnnlib_loader.data_model_loader:Successfully loaded VNNLIB instance from 'relusplitter'\nINFO:act.front_end.vnnlib_loader.vnnlib_parser:Parsed mnist_fc_vnncomp2022_prop_0_0.03.vnnlib: 1 query(ies)\n[ACT] Using existing Gurobi license: ../ACT/modules/gurobi/gurobi.lic\n\u2705 Device Manager Initialized: device=cpu, dtype=torch.float64\n\n================================================================================\nACT: Abstract Constraint Transformer\nInference-based whitebox fuzzing for neural network verification\n================================================================================\n\n\n================================================================================\nVERIFICATION TEST: VNNLIB \u2192 VerifiableModel \u2192 verify_once\n================================================================================\n\n[vnnlib] category=relusplitter max_instances=1 mode=hybridz (full TOP1_ROBUST via labeled_tensor collapse; device=cpu, timeout=30.0s)\n  [  1/1] relusplitter/onnx/mnist_fc_vnncomp2022_mnist-net_256x4_RSPLITTER_mnist_fc_vnncomp2022_prop_0_0.03.onnx@vnnlib/mnist_fc_vnncomp2022_prop_0_0.03.vnnlib: UNKNOWN (21.5s)  V=0 A=0 U=1 E=0  R=0\n\n[vnnlib/hybridz] FINAL \u2014 total=1 wall=0.4 min\n  UNKNOWN      1\n  [structured] per-instance log \u2192 /data1/Kane/ACT/audit_results/r93_rerun_20260525T083118Z/overnight_cpu_20260525T144203Z/relusplitter/per_instance_relusplitter_20260525T152447529763Z.json\n\n================================================================================\nVERIFICATION TEST SUMMARY\n================================================================================\n  \u2705 vnnlib                    PASSED\n================================================================================\n\n"
}
{
  "benchmark": "relusplitter",
  "instance_id": 8,
  "status": "OK",
  "cli_normalized": "OK",
  "wall_s": 24.518024918041192,
  "peak_rss_mb": 1857.6796875,
  "returncode": 0,
  "per_instance_json": "/data1/Kane/ACT/audit_results/r93_rerun_20260525T083118Z/overnight_cpu_20260525T144203Z/relusplitter/per_instance_relusplitter_20260525T152511997248Z.json",
  "out_dir": "/data1/Kane/ACT/audit_results/r93_rerun_20260525T083118Z/overnight_cpu_20260525T144203Z/relusplitter",
  "stdout_tail": "sing VNNLIB specification...\nINFO:act.front_end.vnnlib_loader.vnnlib_parser:Parsed VNNLIB: 784 inputs, 10 outputs, type=unknown\nINFO:act.front_end.vnnlib_loader.data_model_loader:  \u2713 Parsed VNNLIB: 784 inputs, 10 outputs\nINFO:act.front_end.vnnlib_loader.data_model_loader:  \u2713 Ground truth label: 8\nINFO:act.front_end.vnnlib_loader.data_model_loader:Successfully loaded VNNLIB instance from 'relusplitter'\nINFO:act.front_end.vnnlib_loader.vnnlib_parser:Parsed mnist_fc_vnncomp2022_prop_4_0.05.vnnlib: 1 query(ies)\n[ACT] Using existing Gurobi license: ../ACT/modules/gurobi/gurobi.lic\n\u2705 Device Manager Initialized: device=cpu, dtype=torch.float64\n\n================================================================================\nACT: Abstract Constraint Transformer\nInference-based whitebox fuzzing for neural network verification\n================================================================================\n\n\n================================================================================\nVERIFICATION TEST: VNNLIB \u2192 VerifiableModel \u2192 verify_once\n================================================================================\n\n[vnnlib] category=relusplitter max_instances=1 mode=hybridz (full TOP1_ROBUST via labeled_tensor collapse; device=cpu, timeout=30.0s)\n  [  1/1] relusplitter/onnx/mnist_fc_vnncomp2022_mnist-net_256x4.onnx@vnnlib/mnist_fc_vnncomp2022_prop_4_0.05.vnnlib: UNKNOWN (21.5s)  V=0 A=0 U=1 E=0  R=0\n\n[vnnlib/hybridz] FINAL \u2014 total=1 wall=0.4 min\n  UNKNOWN      1\n  [structured] per-instance log \u2192 /data1/Kane/ACT/audit_results/r93_rerun_20260525T083118Z/overnight_cpu_20260525T144203Z/relusplitter/per_instance_relusplitter_20260525T152511997248Z.json\n\n================================================================================\nVERIFICATION TEST SUMMARY\n================================================================================\n  \u2705 vnnlib                    PASSED\n================================================================================\n\n"
}
{
  "benchmark": "relusplitter",
  "instance_id": 9,
  "status": "OK",
  "cli_normalized": "OK",
  "wall_s": 32.022814026102424,
  "peak_rss_mb": 2030.62109375,
  "returncode": 0,
  "per_instance_json": "/data1/Kane/ACT/audit_results/r93_rerun_20260525T083118Z/overnight_cpu_20260525T144203Z/relusplitter/per_instance_relusplitter_20260525T152544081801Z.json",
  "out_dir": "/data1/Kane/ACT/audit_results/r93_rerun_20260525T083118Z/overnight_cpu_20260525T144203Z/relusplitter",
  "stdout_tail": "_end.vnnlib_loader.vnnlib_parser:Parsed VNNLIB: 784 inputs, 10 outputs, type=unknown\nINFO:act.front_end.vnnlib_loader.data_model_loader:  \u2713 Parsed VNNLIB: 784 inputs, 10 outputs\nINFO:act.front_end.vnnlib_loader.data_model_loader:  \u2713 Ground truth label: 8\nINFO:act.front_end.vnnlib_loader.data_model_loader:Successfully loaded VNNLIB instance from 'relusplitter'\nINFO:act.front_end.vnnlib_loader.vnnlib_parser:Parsed mnist_fc_vnncomp2022_prop_4_0.05.vnnlib: 1 query(ies)\n[ACT] Using existing Gurobi license: ../ACT/modules/gurobi/gurobi.lic\n\u2705 Device Manager Initialized: device=cpu, dtype=torch.float64\n\n================================================================================\nACT: Abstract Constraint Transformer\nInference-based whitebox fuzzing for neural network verification\n================================================================================\n\n\n================================================================================\nVERIFICATION TEST: VNNLIB \u2192 VerifiableModel \u2192 verify_once\n================================================================================\n\n[vnnlib] category=relusplitter max_instances=1 mode=hybridz (full TOP1_ROBUST via labeled_tensor collapse; device=cpu, timeout=30.0s)\n  [  1/1] relusplitter/onnx/mnist_fc_vnncomp2022_mnist-net_256x4_RSPLITTER_mnist_fc_vnncomp2022_prop_4_0.05.onnx@vnnlib/mnist_fc_vnncomp2022_prop_4_0.05.vnnlib: UNKNOWN (29.1s)  V=0 A=0 U=1 E=0  R=0\n\n[vnnlib/hybridz] FINAL \u2014 total=1 wall=0.5 min\n  UNKNOWN      1\n  [structured] per-instance log \u2192 /data1/Kane/ACT/audit_results/r93_rerun_20260525T083118Z/overnight_cpu_20260525T144203Z/relusplitter/per_instance_relusplitter_20260525T152544081801Z.json\n\n================================================================================\nVERIFICATION TEST SUMMARY\n================================================================================\n  \u2705 vnnlib                    PASSED\n================================================================================\n\n"
}
{
  "benchmark": "relusplitter",
  "instance_id": 10,
  "status": "OK",
  "cli_normalized": "OK",
  "wall_s": 27.52104506001342,
  "peak_rss_mb": 1706.640625,
  "returncode": 0,
  "per_instance_json": "/data1/Kane/ACT/audit_results/r93_rerun_20260525T083118Z/overnight_cpu_20260525T144203Z/relusplitter/per_instance_relusplitter_20260525T152611486237Z.json",
  "out_dir": "/data1/Kane/ACT/audit_results/r93_rerun_20260525T083118Z/overnight_cpu_20260525T144203Z/relusplitter",
  "stdout_tail": "sing VNNLIB specification...\nINFO:act.front_end.vnnlib_loader.vnnlib_parser:Parsed VNNLIB: 784 inputs, 10 outputs, type=unknown\nINFO:act.front_end.vnnlib_loader.data_model_loader:  \u2713 Parsed VNNLIB: 784 inputs, 10 outputs\nINFO:act.front_end.vnnlib_loader.data_model_loader:  \u2713 Ground truth label: 6\nINFO:act.front_end.vnnlib_loader.data_model_loader:Successfully loaded VNNLIB instance from 'relusplitter'\nINFO:act.front_end.vnnlib_loader.vnnlib_parser:Parsed mnist_fc_vnncomp2022_prop_0_0.05.vnnlib: 1 query(ies)\n[ACT] Using existing Gurobi license: ../ACT/modules/gurobi/gurobi.lic\n\u2705 Device Manager Initialized: device=cpu, dtype=torch.float64\n\n================================================================================\nACT: Abstract Constraint Transformer\nInference-based whitebox fuzzing for neural network verification\n================================================================================\n\n\n================================================================================\nVERIFICATION TEST: VNNLIB \u2192 VerifiableModel \u2192 verify_once\n================================================================================\n\n[vnnlib] category=relusplitter max_instances=1 mode=hybridz (full TOP1_ROBUST via labeled_tensor collapse; device=cpu, timeout=30.0s)\n  [  1/1] relusplitter/onnx/mnist_fc_vnncomp2022_mnist-net_256x4.onnx@vnnlib/mnist_fc_vnncomp2022_prop_0_0.05.vnnlib: UNKNOWN (24.5s)  V=0 A=0 U=1 E=0  R=0\n\n[vnnlib/hybridz] FINAL \u2014 total=1 wall=0.4 min\n  UNKNOWN      1\n  [structured] per-instance log \u2192 /data1/Kane/ACT/audit_results/r93_rerun_20260525T083118Z/overnight_cpu_20260525T144203Z/relusplitter/per_instance_relusplitter_20260525T152611486237Z.json\n\n================================================================================\nVERIFICATION TEST SUMMARY\n================================================================================\n  \u2705 vnnlib                    PASSED\n================================================================================\n\n"
}
{
  "benchmark": "relusplitter",
  "instance_id": 11,
  "status": "OK",
  "cli_normalized": "OK",
  "wall_s": 35.02883750991896,
  "peak_rss_mb": 1827.32421875,
  "returncode": 0,
  "per_instance_json": "/data1/Kane/ACT/audit_results/r93_rerun_20260525T083118Z/overnight_cpu_20260525T144203Z/relusplitter/per_instance_relusplitter_20260525T152646914843Z.json",
  "out_dir": "/data1/Kane/ACT/audit_results/r93_rerun_20260525T083118Z/overnight_cpu_20260525T144203Z/relusplitter",
  "stdout_tail": "_end.vnnlib_loader.vnnlib_parser:Parsed VNNLIB: 784 inputs, 10 outputs, type=unknown\nINFO:act.front_end.vnnlib_loader.data_model_loader:  \u2713 Parsed VNNLIB: 784 inputs, 10 outputs\nINFO:act.front_end.vnnlib_loader.data_model_loader:  \u2713 Ground truth label: 6\nINFO:act.front_end.vnnlib_loader.data_model_loader:Successfully loaded VNNLIB instance from 'relusplitter'\nINFO:act.front_end.vnnlib_loader.vnnlib_parser:Parsed mnist_fc_vnncomp2022_prop_0_0.05.vnnlib: 1 query(ies)\n[ACT] Using existing Gurobi license: ../ACT/modules/gurobi/gurobi.lic\n\u2705 Device Manager Initialized: device=cpu, dtype=torch.float64\n\n================================================================================\nACT: Abstract Constraint Transformer\nInference-based whitebox fuzzing for neural network verification\n================================================================================\n\n\n================================================================================\nVERIFICATION TEST: VNNLIB \u2192 VerifiableModel \u2192 verify_once\n================================================================================\n\n[vnnlib] category=relusplitter max_instances=1 mode=hybridz (full TOP1_ROBUST via labeled_tensor collapse; device=cpu, timeout=30.0s)\n  [  1/1] relusplitter/onnx/mnist_fc_vnncomp2022_mnist-net_256x4_RSPLITTER_mnist_fc_vnncomp2022_prop_0_0.05.onnx@vnnlib/mnist_fc_vnncomp2022_prop_0_0.05.vnnlib: UNKNOWN (32.3s)  V=0 A=0 U=1 E=0  R=0\n\n[vnnlib/hybridz] FINAL \u2014 total=1 wall=0.5 min\n  UNKNOWN      1\n  [structured] per-instance log \u2192 /data1/Kane/ACT/audit_results/r93_rerun_20260525T083118Z/overnight_cpu_20260525T144203Z/relusplitter/per_instance_relusplitter_20260525T152646914843Z.json\n\n================================================================================\nVERIFICATION TEST SUMMARY\n================================================================================\n  \u2705 vnnlib                    PASSED\n================================================================================\n\n"
}
{
  "benchmark": "relusplitter",
  "instance_id": 12,
  "status": "OK",
  "cli_normalized": "OK",
  "wall_s": 5.003847243031487,
  "peak_rss_mb": 930.3203125,
  "returncode": 0,
  "per_instance_json": "/data1/Kane/ACT/audit_results/r93_rerun_20260525T083118Z/overnight_cpu_20260525T144203Z/relusplitter/per_instance_relusplitter_20260525T152651710909Z.json",
  "out_dir": "/data1/Kane/ACT/audit_results/r93_rerun_20260525T083118Z/overnight_cpu_20260525T144203Z/relusplitter",
  "stdout_tail": "g VNNLIB specification...\nINFO:act.front_end.vnnlib_loader.vnnlib_parser:Parsed VNNLIB: 784 inputs, 10 outputs, type=unknown\nINFO:act.front_end.vnnlib_loader.data_model_loader:  \u2713 Parsed VNNLIB: 784 inputs, 10 outputs\nINFO:act.front_end.vnnlib_loader.data_model_loader:  \u2713 Ground truth label: 8\nINFO:act.front_end.vnnlib_loader.data_model_loader:Successfully loaded VNNLIB instance from 'relusplitter'\nINFO:act.front_end.vnnlib_loader.vnnlib_parser:Parsed mnist_fc_vnncomp2022_prop_12_0.03.vnnlib: 1 query(ies)\n[ACT] Using existing Gurobi license: ../ACT/modules/gurobi/gurobi.lic\n\u2705 Device Manager Initialized: device=cpu, dtype=torch.float64\n\n================================================================================\nACT: Abstract Constraint Transformer\nInference-based whitebox fuzzing for neural network verification\n================================================================================\n\n\n================================================================================\nVERIFICATION TEST: VNNLIB \u2192 VerifiableModel \u2192 verify_once\n================================================================================\n\n[vnnlib] category=relusplitter max_instances=1 mode=hybridz (full TOP1_ROBUST via labeled_tensor collapse; device=cpu, timeout=30.0s)\n  [  1/1] relusplitter/onnx/mnist_fc_vnncomp2022_mnist-net_256x4.onnx@vnnlib/mnist_fc_vnncomp2022_prop_12_0.03.vnnlib: CERTIFIED (2.1s)  V=1 A=0 U=0 E=0  R=0\n\n[vnnlib/hybridz] FINAL \u2014 total=1 wall=0.0 min\n  CERTIFIED    1\n  [structured] per-instance log \u2192 /data1/Kane/ACT/audit_results/r93_rerun_20260525T083118Z/overnight_cpu_20260525T144203Z/relusplitter/per_instance_relusplitter_20260525T152651710909Z.json\n\n================================================================================\nVERIFICATION TEST SUMMARY\n================================================================================\n  \u2705 vnnlib                    PASSED\n================================================================================\n\n"
}
{
  "benchmark": "relusplitter",
  "instance_id": 13,
  "status": "OK",
  "cli_normalized": "OK",
  "wall_s": 16.011418952024542,
  "peak_rss_mb": 1429.421875,
  "returncode": 0,
  "per_instance_json": "/data1/Kane/ACT/audit_results/r93_rerun_20260525T083118Z/overnight_cpu_20260525T144203Z/relusplitter/per_instance_relusplitter_20260525T152707436119Z.json",
  "out_dir": "/data1/Kane/ACT/audit_results/r93_rerun_20260525T083118Z/overnight_cpu_20260525T144203Z/relusplitter",
  "stdout_tail": "d.vnnlib_loader.vnnlib_parser:Parsed VNNLIB: 784 inputs, 10 outputs, type=unknown\nINFO:act.front_end.vnnlib_loader.data_model_loader:  \u2713 Parsed VNNLIB: 784 inputs, 10 outputs\nINFO:act.front_end.vnnlib_loader.data_model_loader:  \u2713 Ground truth label: 8\nINFO:act.front_end.vnnlib_loader.data_model_loader:Successfully loaded VNNLIB instance from 'relusplitter'\nINFO:act.front_end.vnnlib_loader.vnnlib_parser:Parsed mnist_fc_vnncomp2022_prop_12_0.03.vnnlib: 1 query(ies)\n[ACT] Using existing Gurobi license: ../ACT/modules/gurobi/gurobi.lic\n\u2705 Device Manager Initialized: device=cpu, dtype=torch.float64\n\n================================================================================\nACT: Abstract Constraint Transformer\nInference-based whitebox fuzzing for neural network verification\n================================================================================\n\n\n================================================================================\nVERIFICATION TEST: VNNLIB \u2192 VerifiableModel \u2192 verify_once\n================================================================================\n\n[vnnlib] category=relusplitter max_instances=1 mode=hybridz (full TOP1_ROBUST via labeled_tensor collapse; device=cpu, timeout=30.0s)\n  [  1/1] relusplitter/onnx/mnist_fc_vnncomp2022_mnist-net_256x4_RSPLITTER_mnist_fc_vnncomp2022_prop_12_0.03.onnx@vnnlib/mnist_fc_vnncomp2022_prop_12_0.03.vnnlib: UNKNOWN (12.8s)  V=0 A=0 U=1 E=0  R=0\n\n[vnnlib/hybridz] FINAL \u2014 total=1 wall=0.2 min\n  UNKNOWN      1\n  [structured] per-instance log \u2192 /data1/Kane/ACT/audit_results/r93_rerun_20260525T083118Z/overnight_cpu_20260525T144203Z/relusplitter/per_instance_relusplitter_20260525T152707436119Z.json\n\n================================================================================\nVERIFICATION TEST SUMMARY\n================================================================================\n  \u2705 vnnlib                    PASSED\n================================================================================\n\n"
}
{
  "benchmark": "relusplitter",
  "instance_id": 14,
  "status": "OK",
  "cli_normalized": "OK",
  "wall_s": 28.019555397098884,
  "peak_rss_mb": 1641.3359375,
  "returncode": 0,
  "per_instance_json": "/data1/Kane/ACT/audit_results/r93_rerun_20260525T083118Z/overnight_cpu_20260525T144203Z/relusplitter/per_instance_relusplitter_20260525T152735980928Z.json",
  "out_dir": "/data1/Kane/ACT/audit_results/r93_rerun_20260525T083118Z/overnight_cpu_20260525T144203Z/relusplitter",
  "stdout_tail": "sing VNNLIB specification...\nINFO:act.front_end.vnnlib_loader.vnnlib_parser:Parsed VNNLIB: 784 inputs, 10 outputs, type=unknown\nINFO:act.front_end.vnnlib_loader.data_model_loader:  \u2713 Parsed VNNLIB: 784 inputs, 10 outputs\nINFO:act.front_end.vnnlib_loader.data_model_loader:  \u2713 Ground truth label: 1\nINFO:act.front_end.vnnlib_loader.data_model_loader:Successfully loaded VNNLIB instance from 'relusplitter'\nINFO:act.front_end.vnnlib_loader.vnnlib_parser:Parsed mnist_fc_vnncomp2022_prop_7_0.03.vnnlib: 1 query(ies)\n[ACT] Using existing Gurobi license: ../ACT/modules/gurobi/gurobi.lic\n\u2705 Device Manager Initialized: device=cpu, dtype=torch.float64\n\n================================================================================\nACT: Abstract Constraint Transformer\nInference-based whitebox fuzzing for neural network verification\n================================================================================\n\n\n================================================================================\nVERIFICATION TEST: VNNLIB \u2192 VerifiableModel \u2192 verify_once\n================================================================================\n\n[vnnlib] category=relusplitter max_instances=1 mode=hybridz (full TOP1_ROBUST via labeled_tensor collapse; device=cpu, timeout=30.0s)\n  [  1/1] relusplitter/onnx/mnist_fc_vnncomp2022_mnist-net_256x4.onnx@vnnlib/mnist_fc_vnncomp2022_prop_7_0.03.vnnlib: UNKNOWN (25.3s)  V=0 A=0 U=1 E=0  R=0\n\n[vnnlib/hybridz] FINAL \u2014 total=1 wall=0.4 min\n  UNKNOWN      1\n  [structured] per-instance log \u2192 /data1/Kane/ACT/audit_results/r93_rerun_20260525T083118Z/overnight_cpu_20260525T144203Z/relusplitter/per_instance_relusplitter_20260525T152735980928Z.json\n\n================================================================================\nVERIFICATION TEST SUMMARY\n================================================================================\n  \u2705 vnnlib                    PASSED\n================================================================================\n\n"
}
{
  "benchmark": "relusplitter",
  "instance_id": 15,
  "status": "OK",
  "cli_normalized": "OK",
  "wall_s": 37.02803108806256,
  "peak_rss_mb": 1972.3046875,
  "returncode": 0,
  "per_instance_json": "/data1/Kane/ACT/audit_results/r93_rerun_20260525T083118Z/overnight_cpu_20260525T144203Z/relusplitter/per_instance_relusplitter_20260525T152812555289Z.json",
  "out_dir": "/data1/Kane/ACT/audit_results/r93_rerun_20260525T083118Z/overnight_cpu_20260525T144203Z/relusplitter",
  "stdout_tail": "_end.vnnlib_loader.vnnlib_parser:Parsed VNNLIB: 784 inputs, 10 outputs, type=unknown\nINFO:act.front_end.vnnlib_loader.data_model_loader:  \u2713 Parsed VNNLIB: 784 inputs, 10 outputs\nINFO:act.front_end.vnnlib_loader.data_model_loader:  \u2713 Ground truth label: 1\nINFO:act.front_end.vnnlib_loader.data_model_loader:Successfully loaded VNNLIB instance from 'relusplitter'\nINFO:act.front_end.vnnlib_loader.vnnlib_parser:Parsed mnist_fc_vnncomp2022_prop_7_0.03.vnnlib: 1 query(ies)\n[ACT] Using existing Gurobi license: ../ACT/modules/gurobi/gurobi.lic\n\u2705 Device Manager Initialized: device=cpu, dtype=torch.float64\n\n================================================================================\nACT: Abstract Constraint Transformer\nInference-based whitebox fuzzing for neural network verification\n================================================================================\n\n\n================================================================================\nVERIFICATION TEST: VNNLIB \u2192 VerifiableModel \u2192 verify_once\n================================================================================\n\n[vnnlib] category=relusplitter max_instances=1 mode=hybridz (full TOP1_ROBUST via labeled_tensor collapse; device=cpu, timeout=30.0s)\n  [  1/1] relusplitter/onnx/mnist_fc_vnncomp2022_mnist-net_256x4_RSPLITTER_mnist_fc_vnncomp2022_prop_7_0.03.onnx@vnnlib/mnist_fc_vnncomp2022_prop_7_0.03.vnnlib: UNKNOWN (34.0s)  V=0 A=0 U=1 E=0  R=0\n\n[vnnlib/hybridz] FINAL \u2014 total=1 wall=0.6 min\n  UNKNOWN      1\n  [structured] per-instance log \u2192 /data1/Kane/ACT/audit_results/r93_rerun_20260525T083118Z/overnight_cpu_20260525T144203Z/relusplitter/per_instance_relusplitter_20260525T152812555289Z.json\n\n================================================================================\nVERIFICATION TEST SUMMARY\n================================================================================\n  \u2705 vnnlib                    PASSED\n================================================================================\n\n"
}
{
  "benchmark": "relusplitter",
  "instance_id": 16,
  "status": "UNKNOWN_TIMEOUT",
  "cli_normalized": "UNKNOWN_TIMEOUT",
  "wall_s": 38.12573220790364,
  "peak_rss_mb": 1879.578125,
  "returncode": -15,
  "per_instance_json": "/data1/Kane/ACT/audit_results/r93_rerun_20260525T083118Z/overnight_cpu_20260525T144203Z/relusplitter/per_instance_relusplitter_watchdog_iid16_20260525T152851735947Z.json",
  "out_dir": "/data1/Kane/ACT/audit_results/r93_rerun_20260525T083118Z/overnight_cpu_20260525T144203Z/relusplitter",
  "stdout_tail": "INFO:act.front_end.vnnlib_loader.data_model_loader:Loading VNNLIB instance: relusplitter/onnx/mnist_fc_vnncomp2022_mnist-net_256x4.onnx\nINFO:act.front_end.vnnlib_loader.data_model_loader:[1/3] Converting ONNX model to PyTorch...\nINFO:act.front_end.vnnlib_loader.onnx_converter:Loading ONNX model from /data1/Kane/data/vnncomp2025_benchmarks/benchmarks/relusplitter/onnx/mnist_fc_vnncomp2022_mnist-net_256x4.onnx\nINFO:act.front_end.vnnlib_loader.onnx_converter:Upgrading ONNX opset 9 \u2192 13\nINFO:act.front_end.vnnlib_loader.onnx_converter:Simplifying ONNX model\nINFO:act.front_end.vnnlib_loader.onnx_converter:Converting ONNX to PyTorch\nINFO:act.front_end.vnnlib_loader.onnx_converter:Converted model to device=cpu, dtype=torch.float64\nINFO:act.front_end.vnnlib_loader.onnx_converter:Successfully converted ONNX model: mnist_fc_vnncomp2022_mnist-net_256x4.onnx\nINFO:act.front_end.vnnlib_loader.data_model_loader:  \u2713 Model converted successfully\nINFO:act.front_end.vnnlib_loader.data_model_loader:[2/3] Extracting input shape...\nINFO:act.front_end.vnnlib_loader.onnx_converter:Extracted input shape: [1, 784, 1]\nINFO:act.front_end.vnnlib_loader.data_model_loader:  \u2713 Input shape: (1, 784, 1)\nINFO:act.front_end.vnnlib_loader.data_model_loader:[3/3] Parsing VNNLIB specification...\nINFO:act.front_end.vnnlib_loader.vnnlib_parser:Parsed VNNLIB: 784 inputs, 10 outputs, type=unknown\nINFO:act.front_end.vnnlib_loader.data_model_loader:  \u2713 Parsed VNNLIB: 784 inputs, 10 outputs\nINFO:act.front_end.vnnlib_loader.data_model_loader:  \u2713 Ground truth label: 1\nINFO:act.front_end.vnnlib_loader.data_model_loader:Successfully loaded VNNLIB instance from 'relusplitter'\nINFO:act.front_end.vnnlib_loader.vnnlib_parser:Parsed mnist_fc_vnncomp2022_prop_1_0.05.vnnlib: 1 query(ies)\n"
}
{
  "benchmark": "relusplitter",
  "instance_id": 17,
  "status": "UNKNOWN_TIMEOUT",
  "cli_normalized": "UNKNOWN_TIMEOUT",
  "wall_s": 38.12875344301574,
  "peak_rss_mb": 1627.91796875,
  "returncode": -15,
  "per_instance_json": "/data1/Kane/ACT/audit_results/r93_rerun_20260525T083118Z/overnight_cpu_20260525T144203Z/relusplitter/per_instance_relusplitter_watchdog_iid17_20260525T152929865717Z.json",
  "out_dir": "/data1/Kane/ACT/audit_results/r93_rerun_20260525T083118Z/overnight_cpu_20260525T144203Z/relusplitter",
  "stdout_tail": "INFO:act.front_end.vnnlib_loader.data_model_loader:Loading VNNLIB instance: relusplitter/onnx/mnist_fc_vnncomp2022_mnist-net_256x4_RSPLITTER_mnist_fc_vnncomp2022_prop_1_0.05.onnx\nINFO:act.front_end.vnnlib_loader.data_model_loader:[1/3] Converting ONNX model to PyTorch...\nINFO:act.front_end.vnnlib_loader.onnx_converter:Loading ONNX model from /data1/Kane/data/vnncomp2025_benchmarks/benchmarks/relusplitter/onnx/mnist_fc_vnncomp2022_mnist-net_256x4_RSPLITTER_mnist_fc_vnncomp2022_prop_1_0.05.onnx\nINFO:act.front_end.vnnlib_loader.onnx_converter:Upgrading ONNX opset 11 \u2192 13\nINFO:act.front_end.vnnlib_loader.onnx_converter:Simplifying ONNX model\nINFO:act.front_end.vnnlib_loader.onnx_converter:Converting ONNX to PyTorch\nINFO:act.front_end.vnnlib_loader.onnx_converter:Converted model to device=cpu, dtype=torch.float64\nINFO:act.front_end.vnnlib_loader.onnx_converter:Successfully converted ONNX model: mnist_fc_vnncomp2022_mnist-net_256x4_RSPLITTER_mnist_fc_vnncomp2022_prop_1_0.05.onnx\nINFO:act.front_end.vnnlib_loader.data_model_loader:  \u2713 Model converted successfully\nINFO:act.front_end.vnnlib_loader.data_model_loader:[2/3] Extracting input shape...\nINFO:act.front_end.vnnlib_loader.onnx_converter:Extracted input shape: [1, 784, 1]\nINFO:act.front_end.vnnlib_loader.data_model_loader:  \u2713 Input shape: (1, 784, 1)\nINFO:act.front_end.vnnlib_loader.data_model_loader:[3/3] Parsing VNNLIB specification...\nINFO:act.front_end.vnnlib_loader.vnnlib_parser:Parsed VNNLIB: 784 inputs, 10 outputs, type=unknown\nINFO:act.front_end.vnnlib_loader.data_model_loader:  \u2713 Parsed VNNLIB: 784 inputs, 10 outputs\nINFO:act.front_end.vnnlib_loader.data_model_loader:  \u2713 Ground truth label: 1\nINFO:act.front_end.vnnlib_loader.data_model_loader:Successfully loaded VNNLIB instance from 'relusplitter'\nINFO:act.front_end.vnnlib_loader.vnnlib_parser:Parsed mnist_fc_vnncomp2022_prop_1_0.05.vnnlib: 1 query(ies)\n"
}
{
  "benchmark": "relusplitter",
  "instance_id": 18,
  "status": "UNKNOWN_TIMEOUT",
  "cli_normalized": "UNKNOWN_TIMEOUT",
  "wall_s": 38.12943710805848,
  "peak_rss_mb": 1811.296875,
  "returncode": -15,
  "per_instance_json": "/data1/Kane/ACT/audit_results/r93_rerun_20260525T083118Z/overnight_cpu_20260525T144203Z/relusplitter/per_instance_relusplitter_watchdog_iid18_20260525T153007996055Z.json",
  "out_dir": "/data1/Kane/ACT/audit_results/r93_rerun_20260525T083118Z/overnight_cpu_20260525T144203Z/relusplitter",
  "stdout_tail": "INFO:act.front_end.vnnlib_loader.data_model_loader:Loading VNNLIB instance: relusplitter/onnx/mnist_fc_vnncomp2022_mnist-net_256x4.onnx\nINFO:act.front_end.vnnlib_loader.data_model_loader:[1/3] Converting ONNX model to PyTorch...\nINFO:act.front_end.vnnlib_loader.onnx_converter:Loading ONNX model from /data1/Kane/data/vnncomp2025_benchmarks/benchmarks/relusplitter/onnx/mnist_fc_vnncomp2022_mnist-net_256x4.onnx\nINFO:act.front_end.vnnlib_loader.onnx_converter:Upgrading ONNX opset 9 \u2192 13\nINFO:act.front_end.vnnlib_loader.onnx_converter:Simplifying ONNX model\nINFO:act.front_end.vnnlib_loader.onnx_converter:Converting ONNX to PyTorch\nINFO:act.front_end.vnnlib_loader.onnx_converter:Converted model to device=cpu, dtype=torch.float64\nINFO:act.front_end.vnnlib_loader.onnx_converter:Successfully converted ONNX model: mnist_fc_vnncomp2022_mnist-net_256x4.onnx\nINFO:act.front_end.vnnlib_loader.data_model_loader:  \u2713 Model converted successfully\nINFO:act.front_end.vnnlib_loader.data_model_loader:[2/3] Extracting input shape...\nINFO:act.front_end.vnnlib_loader.onnx_converter:Extracted input shape: [1, 784, 1]\nINFO:act.front_end.vnnlib_loader.data_model_loader:  \u2713 Input shape: (1, 784, 1)\nINFO:act.front_end.vnnlib_loader.data_model_loader:[3/3] Parsing VNNLIB specification...\nINFO:act.front_end.vnnlib_loader.vnnlib_parser:Parsed VNNLIB: 784 inputs, 10 outputs, type=unknown\nINFO:act.front_end.vnnlib_loader.data_model_loader:  \u2713 Parsed VNNLIB: 784 inputs, 10 outputs\nINFO:act.front_end.vnnlib_loader.data_model_loader:  \u2713 Ground truth label: 1\nINFO:act.front_end.vnnlib_loader.data_model_loader:Successfully loaded VNNLIB instance from 'relusplitter'\nINFO:act.front_end.vnnlib_loader.vnnlib_parser:Parsed mnist_fc_vnncomp2022_prop_7_0.05.vnnlib: 1 query(ies)\n"
}
{
  "benchmark": "relusplitter",
  "instance_id": 19,
  "status": "UNKNOWN_TIMEOUT",
  "cli_normalized": "UNKNOWN_TIMEOUT",
  "wall_s": 38.13315294904169,
  "peak_rss_mb": 1895.05078125,
  "returncode": -15,
  "per_instance_json": "/data1/Kane/ACT/audit_results/r93_rerun_20260525T083118Z/overnight_cpu_20260525T144203Z/relusplitter/per_instance_relusplitter_watchdog_iid19_20260525T153046130564Z.json",
  "out_dir": "/data1/Kane/ACT/audit_results/r93_rerun_20260525T083118Z/overnight_cpu_20260525T144203Z/relusplitter",
  "stdout_tail": "INFO:act.front_end.vnnlib_loader.data_model_loader:Loading VNNLIB instance: relusplitter/onnx/mnist_fc_vnncomp2022_mnist-net_256x4_RSPLITTER_mnist_fc_vnncomp2022_prop_7_0.05.onnx\nINFO:act.front_end.vnnlib_loader.data_model_loader:[1/3] Converting ONNX model to PyTorch...\nINFO:act.front_end.vnnlib_loader.onnx_converter:Loading ONNX model from /data1/Kane/data/vnncomp2025_benchmarks/benchmarks/relusplitter/onnx/mnist_fc_vnncomp2022_mnist-net_256x4_RSPLITTER_mnist_fc_vnncomp2022_prop_7_0.05.onnx\nINFO:act.front_end.vnnlib_loader.onnx_converter:Upgrading ONNX opset 11 \u2192 13\nINFO:act.front_end.vnnlib_loader.onnx_converter:Simplifying ONNX model\nINFO:act.front_end.vnnlib_loader.onnx_converter:Converting ONNX to PyTorch\nINFO:act.front_end.vnnlib_loader.onnx_converter:Converted model to device=cpu, dtype=torch.float64\nINFO:act.front_end.vnnlib_loader.onnx_converter:Successfully converted ONNX model: mnist_fc_vnncomp2022_mnist-net_256x4_RSPLITTER_mnist_fc_vnncomp2022_prop_7_0.05.onnx\nINFO:act.front_end.vnnlib_loader.data_model_loader:  \u2713 Model converted successfully\nINFO:act.front_end.vnnlib_loader.data_model_loader:[2/3] Extracting input shape...\nINFO:act.front_end.vnnlib_loader.onnx_converter:Extracted input shape: [1, 784, 1]\nINFO:act.front_end.vnnlib_loader.data_model_loader:  \u2713 Input shape: (1, 784, 1)\nINFO:act.front_end.vnnlib_loader.data_model_loader:[3/3] Parsing VNNLIB specification...\nINFO:act.front_end.vnnlib_loader.vnnlib_parser:Parsed VNNLIB: 784 inputs, 10 outputs, type=unknown\nINFO:act.front_end.vnnlib_loader.data_model_loader:  \u2713 Parsed VNNLIB: 784 inputs, 10 outputs\nINFO:act.front_end.vnnlib_loader.data_model_loader:  \u2713 Ground truth label: 1\nINFO:act.front_end.vnnlib_loader.data_model_loader:Successfully loaded VNNLIB instance from 'relusplitter'\nINFO:act.front_end.vnnlib_loader.vnnlib_parser:Parsed mnist_fc_vnncomp2022_prop_7_0.05.vnnlib: 1 query(ies)\n"
}
{
  "benchmark": "relusplitter",
  "instance_id": 20,
  "status": "OK",
  "cli_normalized": "OK",
  "wall_s": 14.513143602991477,
  "peak_rss_mb": 1322.15625,
  "returncode": 0,
  "per_instance_json": "/data1/Kane/ACT/audit_results/r93_rerun_20260525T083118Z/overnight_cpu_20260525T144203Z/relusplitter/per_instance_relusplitter_20260525T153059547791Z.json",
  "out_dir": "/data1/Kane/ACT/audit_results/r93_rerun_20260525T083118Z/overnight_cpu_20260525T144203Z/relusplitter",
  "stdout_tail": "sing VNNLIB specification...\nINFO:act.front_end.vnnlib_loader.vnnlib_parser:Parsed VNNLIB: 784 inputs, 10 outputs, type=unknown\nINFO:act.front_end.vnnlib_loader.data_model_loader:  \u2713 Parsed VNNLIB: 784 inputs, 10 outputs\nINFO:act.front_end.vnnlib_loader.data_model_loader:  \u2713 Ground truth label: 4\nINFO:act.front_end.vnnlib_loader.data_model_loader:Successfully loaded VNNLIB instance from 'relusplitter'\nINFO:act.front_end.vnnlib_loader.vnnlib_parser:Parsed mnist_fc_vnncomp2022_prop_8_0.05.vnnlib: 1 query(ies)\n[ACT] Using existing Gurobi license: ../ACT/modules/gurobi/gurobi.lic\n\u2705 Device Manager Initialized: device=cpu, dtype=torch.float64\n\n================================================================================\nACT: Abstract Constraint Transformer\nInference-based whitebox fuzzing for neural network verification\n================================================================================\n\n\n================================================================================\nVERIFICATION TEST: VNNLIB \u2192 VerifiableModel \u2192 verify_once\n================================================================================\n\n[vnnlib] category=relusplitter max_instances=1 mode=hybridz (full TOP1_ROBUST via labeled_tensor collapse; device=cpu, timeout=30.0s)\n  [  1/1] relusplitter/onnx/mnist_fc_vnncomp2022_mnist-net_256x4.onnx@vnnlib/mnist_fc_vnncomp2022_prop_8_0.05.vnnlib: UNKNOWN (11.3s)  V=0 A=0 U=1 E=0  R=0\n\n[vnnlib/hybridz] FINAL \u2014 total=1 wall=0.2 min\n  UNKNOWN      1\n  [structured] per-instance log \u2192 /data1/Kane/ACT/audit_results/r93_rerun_20260525T083118Z/overnight_cpu_20260525T144203Z/relusplitter/per_instance_relusplitter_20260525T153059547791Z.json\n\n================================================================================\nVERIFICATION TEST SUMMARY\n================================================================================\n  \u2705 vnnlib                    PASSED\n================================================================================\n\n"
}
{
  "benchmark": "relusplitter",
  "instance_id": 21,
  "status": "UNKNOWN_TIMEOUT",
  "cli_normalized": "UNKNOWN_TIMEOUT",
  "wall_s": 38.1295476090163,
  "peak_rss_mb": 1832.94921875,
  "returncode": -15,
  "per_instance_json": "/data1/Kane/ACT/audit_results/r93_rerun_20260525T083118Z/overnight_cpu_20260525T144203Z/relusplitter/per_instance_relusplitter_watchdog_iid21_20260525T153138775243Z.json",
  "out_dir": "/data1/Kane/ACT/audit_results/r93_rerun_20260525T083118Z/overnight_cpu_20260525T144203Z/relusplitter",
  "stdout_tail": "INFO:act.front_end.vnnlib_loader.data_model_loader:Loading VNNLIB instance: relusplitter/onnx/mnist_fc_vnncomp2022_mnist-net_256x4_RSPLITTER_mnist_fc_vnncomp2022_prop_8_0.05.onnx\nINFO:act.front_end.vnnlib_loader.data_model_loader:[1/3] Converting ONNX model to PyTorch...\nINFO:act.front_end.vnnlib_loader.onnx_converter:Loading ONNX model from /data1/Kane/data/vnncomp2025_benchmarks/benchmarks/relusplitter/onnx/mnist_fc_vnncomp2022_mnist-net_256x4_RSPLITTER_mnist_fc_vnncomp2022_prop_8_0.05.onnx\nINFO:act.front_end.vnnlib_loader.onnx_converter:Upgrading ONNX opset 11 \u2192 13\nINFO:act.front_end.vnnlib_loader.onnx_converter:Simplifying ONNX model\nINFO:act.front_end.vnnlib_loader.onnx_converter:Converting ONNX to PyTorch\nINFO:act.front_end.vnnlib_loader.onnx_converter:Converted model to device=cpu, dtype=torch.float64\nINFO:act.front_end.vnnlib_loader.onnx_converter:Successfully converted ONNX model: mnist_fc_vnncomp2022_mnist-net_256x4_RSPLITTER_mnist_fc_vnncomp2022_prop_8_0.05.onnx\nINFO:act.front_end.vnnlib_loader.data_model_loader:  \u2713 Model converted successfully\nINFO:act.front_end.vnnlib_loader.data_model_loader:[2/3] Extracting input shape...\nINFO:act.front_end.vnnlib_loader.onnx_converter:Extracted input shape: [1, 784, 1]\nINFO:act.front_end.vnnlib_loader.data_model_loader:  \u2713 Input shape: (1, 784, 1)\nINFO:act.front_end.vnnlib_loader.data_model_loader:[3/3] Parsing VNNLIB specification...\nINFO:act.front_end.vnnlib_loader.vnnlib_parser:Parsed VNNLIB: 784 inputs, 10 outputs, type=unknown\nINFO:act.front_end.vnnlib_loader.data_model_loader:  \u2713 Parsed VNNLIB: 784 inputs, 10 outputs\nINFO:act.front_end.vnnlib_loader.data_model_loader:  \u2713 Ground truth label: 4\nINFO:act.front_end.vnnlib_loader.data_model_loader:Successfully loaded VNNLIB instance from 'relusplitter'\nINFO:act.front_end.vnnlib_loader.vnnlib_parser:Parsed mnist_fc_vnncomp2022_prop_8_0.05.vnnlib: 1 query(ies)\n"
}
{
  "benchmark": "relusplitter",
  "instance_id": 22,
  "status": "OK",
  "cli_normalized": "OK",
  "wall_s": 8.007575972005725,
  "peak_rss_mb": 1148.9375,
  "returncode": 0,
  "per_instance_json": "/data1/Kane/ACT/audit_results/r93_rerun_20260525T083118Z/overnight_cpu_20260525T144203Z/relusplitter/per_instance_relusplitter_20260525T153146143985Z.json",
  "out_dir": "/data1/Kane/ACT/audit_results/r93_rerun_20260525T083118Z/overnight_cpu_20260525T144203Z/relusplitter",
  "stdout_tail": "g VNNLIB specification...\nINFO:act.front_end.vnnlib_loader.vnnlib_parser:Parsed VNNLIB: 784 inputs, 10 outputs, type=unknown\nINFO:act.front_end.vnnlib_loader.data_model_loader:  \u2713 Parsed VNNLIB: 784 inputs, 10 outputs\nINFO:act.front_end.vnnlib_loader.data_model_loader:  \u2713 Ground truth label: 8\nINFO:act.front_end.vnnlib_loader.data_model_loader:Successfully loaded VNNLIB instance from 'relusplitter'\nINFO:act.front_end.vnnlib_loader.vnnlib_parser:Parsed mnist_fc_vnncomp2022_prop_14_0.03.vnnlib: 1 query(ies)\n[ACT] Using existing Gurobi license: ../ACT/modules/gurobi/gurobi.lic\n\u2705 Device Manager Initialized: device=cpu, dtype=torch.float64\n\n================================================================================\nACT: Abstract Constraint Transformer\nInference-based whitebox fuzzing for neural network verification\n================================================================================\n\n\n================================================================================\nVERIFICATION TEST: VNNLIB \u2192 VerifiableModel \u2192 verify_once\n================================================================================\n\n[vnnlib] category=relusplitter max_instances=1 mode=hybridz (full TOP1_ROBUST via labeled_tensor collapse; device=cpu, timeout=30.0s)\n  [  1/1] relusplitter/onnx/mnist_fc_vnncomp2022_mnist-net_256x4.onnx@vnnlib/mnist_fc_vnncomp2022_prop_14_0.03.vnnlib: CERTIFIED (5.2s)  V=1 A=0 U=0 E=0  R=0\n\n[vnnlib/hybridz] FINAL \u2014 total=1 wall=0.1 min\n  CERTIFIED    1\n  [structured] per-instance log \u2192 /data1/Kane/ACT/audit_results/r93_rerun_20260525T083118Z/overnight_cpu_20260525T144203Z/relusplitter/per_instance_relusplitter_20260525T153146143985Z.json\n\n================================================================================\nVERIFICATION TEST SUMMARY\n================================================================================\n  \u2705 vnnlib                    PASSED\n================================================================================\n\n"
}
{
  "benchmark": "relusplitter",
  "instance_id": 23,
  "status": "OK",
  "cli_normalized": "OK",
  "wall_s": 17.513221531989984,
  "peak_rss_mb": 1453.078125,
  "returncode": 0,
  "per_instance_json": "/data1/Kane/ACT/audit_results/r93_rerun_20260525T083118Z/overnight_cpu_20260525T144203Z/relusplitter/per_instance_relusplitter_20260525T153203225811Z.json",
  "out_dir": "/data1/Kane/ACT/audit_results/r93_rerun_20260525T083118Z/overnight_cpu_20260525T144203Z/relusplitter",
  "stdout_tail": "d.vnnlib_loader.vnnlib_parser:Parsed VNNLIB: 784 inputs, 10 outputs, type=unknown\nINFO:act.front_end.vnnlib_loader.data_model_loader:  \u2713 Parsed VNNLIB: 784 inputs, 10 outputs\nINFO:act.front_end.vnnlib_loader.data_model_loader:  \u2713 Ground truth label: 8\nINFO:act.front_end.vnnlib_loader.data_model_loader:Successfully loaded VNNLIB instance from 'relusplitter'\nINFO:act.front_end.vnnlib_loader.vnnlib_parser:Parsed mnist_fc_vnncomp2022_prop_14_0.03.vnnlib: 1 query(ies)\n[ACT] Using existing Gurobi license: ../ACT/modules/gurobi/gurobi.lic\n\u2705 Device Manager Initialized: device=cpu, dtype=torch.float64\n\n================================================================================\nACT: Abstract Constraint Transformer\nInference-based whitebox fuzzing for neural network verification\n================================================================================\n\n\n================================================================================\nVERIFICATION TEST: VNNLIB \u2192 VerifiableModel \u2192 verify_once\n================================================================================\n\n[vnnlib] category=relusplitter max_instances=1 mode=hybridz (full TOP1_ROBUST via labeled_tensor collapse; device=cpu, timeout=30.0s)\n  [  1/1] relusplitter/onnx/mnist_fc_vnncomp2022_mnist-net_256x4_RSPLITTER_mnist_fc_vnncomp2022_prop_14_0.03.onnx@vnnlib/mnist_fc_vnncomp2022_prop_14_0.03.vnnlib: UNKNOWN (14.3s)  V=0 A=0 U=1 E=0  R=0\n\n[vnnlib/hybridz] FINAL \u2014 total=1 wall=0.2 min\n  UNKNOWN      1\n  [structured] per-instance log \u2192 /data1/Kane/ACT/audit_results/r93_rerun_20260525T083118Z/overnight_cpu_20260525T144203Z/relusplitter/per_instance_relusplitter_20260525T153203225811Z.json\n\n================================================================================\nVERIFICATION TEST SUMMARY\n================================================================================\n  \u2705 vnnlib                    PASSED\n================================================================================\n\n"
}
{
  "benchmark": "relusplitter",
  "instance_id": 24,
  "status": "OK",
  "cli_normalized": "OK",
  "wall_s": 18.013957372982986,
  "peak_rss_mb": 1490.80078125,
  "returncode": 0,
  "per_instance_json": "/data1/Kane/ACT/audit_results/r93_rerun_20260525T083118Z/overnight_cpu_20260525T144203Z/relusplitter/per_instance_relusplitter_20260525T153221443099Z.json",
  "out_dir": "/data1/Kane/ACT/audit_results/r93_rerun_20260525T083118Z/overnight_cpu_20260525T144203Z/relusplitter",
  "stdout_tail": "ng VNNLIB specification...\nINFO:act.front_end.vnnlib_loader.vnnlib_parser:Parsed VNNLIB: 784 inputs, 10 outputs, type=unknown\nINFO:act.front_end.vnnlib_loader.data_model_loader:  \u2713 Parsed VNNLIB: 784 inputs, 10 outputs\nINFO:act.front_end.vnnlib_loader.data_model_loader:  \u2713 Ground truth label: 1\nINFO:act.front_end.vnnlib_loader.data_model_loader:Successfully loaded VNNLIB instance from 'relusplitter'\nINFO:act.front_end.vnnlib_loader.vnnlib_parser:Parsed mnist_fc_vnncomp2022_prop_13_0.03.vnnlib: 1 query(ies)\n[ACT] Using existing Gurobi license: ../ACT/modules/gurobi/gurobi.lic\n\u2705 Device Manager Initialized: device=cpu, dtype=torch.float64\n\n================================================================================\nACT: Abstract Constraint Transformer\nInference-based whitebox fuzzing for neural network verification\n================================================================================\n\n\n================================================================================\nVERIFICATION TEST: VNNLIB \u2192 VerifiableModel \u2192 verify_once\n================================================================================\n\n[vnnlib] category=relusplitter max_instances=1 mode=hybridz (full TOP1_ROBUST via labeled_tensor collapse; device=cpu, timeout=30.0s)\n  [  1/1] relusplitter/onnx/mnist_fc_vnncomp2022_mnist-net_256x4.onnx@vnnlib/mnist_fc_vnncomp2022_prop_13_0.03.vnnlib: UNKNOWN (15.0s)  V=0 A=0 U=1 E=0  R=0\n\n[vnnlib/hybridz] FINAL \u2014 total=1 wall=0.3 min\n  UNKNOWN      1\n  [structured] per-instance log \u2192 /data1/Kane/ACT/audit_results/r93_rerun_20260525T083118Z/overnight_cpu_20260525T144203Z/relusplitter/per_instance_relusplitter_20260525T153221443099Z.json\n\n================================================================================\nVERIFICATION TEST SUMMARY\n================================================================================\n  \u2705 vnnlib                    PASSED\n================================================================================\n\n"
}
{
  "benchmark": "relusplitter",
  "instance_id": 25,
  "status": "OK",
  "cli_normalized": "OK",
  "wall_s": 32.524543834035285,
  "peak_rss_mb": 1852.5546875,
  "returncode": 0,
  "per_instance_json": "/data1/Kane/ACT/audit_results/r93_rerun_20260525T083118Z/overnight_cpu_20260525T144203Z/relusplitter/per_instance_relusplitter_20260525T153254084565Z.json",
  "out_dir": "/data1/Kane/ACT/audit_results/r93_rerun_20260525T083118Z/overnight_cpu_20260525T144203Z/relusplitter",
  "stdout_tail": "d.vnnlib_loader.vnnlib_parser:Parsed VNNLIB: 784 inputs, 10 outputs, type=unknown\nINFO:act.front_end.vnnlib_loader.data_model_loader:  \u2713 Parsed VNNLIB: 784 inputs, 10 outputs\nINFO:act.front_end.vnnlib_loader.data_model_loader:  \u2713 Ground truth label: 1\nINFO:act.front_end.vnnlib_loader.data_model_loader:Successfully loaded VNNLIB instance from 'relusplitter'\nINFO:act.front_end.vnnlib_loader.vnnlib_parser:Parsed mnist_fc_vnncomp2022_prop_13_0.03.vnnlib: 1 query(ies)\n[ACT] Using existing Gurobi license: ../ACT/modules/gurobi/gurobi.lic\n\u2705 Device Manager Initialized: device=cpu, dtype=torch.float64\n\n================================================================================\nACT: Abstract Constraint Transformer\nInference-based whitebox fuzzing for neural network verification\n================================================================================\n\n\n================================================================================\nVERIFICATION TEST: VNNLIB \u2192 VerifiableModel \u2192 verify_once\n================================================================================\n\n[vnnlib] category=relusplitter max_instances=1 mode=hybridz (full TOP1_ROBUST via labeled_tensor collapse; device=cpu, timeout=30.0s)\n  [  1/1] relusplitter/onnx/mnist_fc_vnncomp2022_mnist-net_256x4_RSPLITTER_mnist_fc_vnncomp2022_prop_13_0.03.onnx@vnnlib/mnist_fc_vnncomp2022_prop_13_0.03.vnnlib: UNKNOWN (29.6s)  V=0 A=0 U=1 E=0  R=0\n\n[vnnlib/hybridz] FINAL \u2014 total=1 wall=0.5 min\n  UNKNOWN      1\n  [structured] per-instance log \u2192 /data1/Kane/ACT/audit_results/r93_rerun_20260525T083118Z/overnight_cpu_20260525T144203Z/relusplitter/per_instance_relusplitter_20260525T153254084565Z.json\n\n================================================================================\nVERIFICATION TEST SUMMARY\n================================================================================\n  \u2705 vnnlib                    PASSED\n================================================================================\n\n"
}
{
  "benchmark": "relusplitter",
  "instance_id": 26,
  "status": "OK",
  "cli_normalized": "OK",
  "wall_s": 38.02854129602201,
  "peak_rss_mb": 1771.74609375,
  "returncode": 0,
  "per_instance_json": "/data1/Kane/ACT/audit_results/r93_rerun_20260525T083118Z/overnight_cpu_20260525T144203Z/relusplitter/per_instance_relusplitter_20260525T153332223607Z.json",
  "out_dir": "/data1/Kane/ACT/audit_results/r93_rerun_20260525T083118Z/overnight_cpu_20260525T144203Z/relusplitter",
  "stdout_tail": "sing VNNLIB specification...\nINFO:act.front_end.vnnlib_loader.vnnlib_parser:Parsed VNNLIB: 784 inputs, 10 outputs, type=unknown\nINFO:act.front_end.vnnlib_loader.data_model_loader:  \u2713 Parsed VNNLIB: 784 inputs, 10 outputs\nINFO:act.front_end.vnnlib_loader.data_model_loader:  \u2713 Ground truth label: 1\nINFO:act.front_end.vnnlib_loader.data_model_loader:Successfully loaded VNNLIB instance from 'relusplitter'\nINFO:act.front_end.vnnlib_loader.vnnlib_parser:Parsed mnist_fc_vnncomp2022_prop_2_0.05.vnnlib: 1 query(ies)\n[ACT] Using existing Gurobi license: ../ACT/modules/gurobi/gurobi.lic\n\u2705 Device Manager Initialized: device=cpu, dtype=torch.float64\n\n================================================================================\nACT: Abstract Constraint Transformer\nInference-based whitebox fuzzing for neural network verification\n================================================================================\n\n\n================================================================================\nVERIFICATION TEST: VNNLIB \u2192 VerifiableModel \u2192 verify_once\n================================================================================\n\n[vnnlib] category=relusplitter max_instances=1 mode=hybridz (full TOP1_ROBUST via labeled_tensor collapse; device=cpu, timeout=30.0s)\n  [  1/1] relusplitter/onnx/mnist_fc_vnncomp2022_mnist-net_256x4.onnx@vnnlib/mnist_fc_vnncomp2022_prop_2_0.05.vnnlib: UNKNOWN (35.3s)  V=0 A=0 U=1 E=0  R=0\n\n[vnnlib/hybridz] FINAL \u2014 total=1 wall=0.6 min\n  UNKNOWN      1\n  [structured] per-instance log \u2192 /data1/Kane/ACT/audit_results/r93_rerun_20260525T083118Z/overnight_cpu_20260525T144203Z/relusplitter/per_instance_relusplitter_20260525T153332223607Z.json\n\n================================================================================\nVERIFICATION TEST SUMMARY\n================================================================================\n  \u2705 vnnlib                    PASSED\n================================================================================\n\n"
}
{
  "benchmark": "relusplitter",
  "instance_id": 27,
  "status": "UNKNOWN_TIMEOUT",
  "cli_normalized": "UNKNOWN_TIMEOUT",
  "wall_s": 38.131552510894835,
  "peak_rss_mb": 2023.87109375,
  "returncode": -15,
  "per_instance_json": "/data1/Kane/ACT/audit_results/r93_rerun_20260525T083118Z/overnight_cpu_20260525T144203Z/relusplitter/per_instance_relusplitter_watchdog_iid27_20260525T153411048264Z.json",
  "out_dir": "/data1/Kane/ACT/audit_results/r93_rerun_20260525T083118Z/overnight_cpu_20260525T144203Z/relusplitter",
  "stdout_tail": "INFO:act.front_end.vnnlib_loader.data_model_loader:Loading VNNLIB instance: relusplitter/onnx/mnist_fc_vnncomp2022_mnist-net_256x4_RSPLITTER_mnist_fc_vnncomp2022_prop_2_0.05.onnx\nINFO:act.front_end.vnnlib_loader.data_model_loader:[1/3] Converting ONNX model to PyTorch...\nINFO:act.front_end.vnnlib_loader.onnx_converter:Loading ONNX model from /data1/Kane/data/vnncomp2025_benchmarks/benchmarks/relusplitter/onnx/mnist_fc_vnncomp2022_mnist-net_256x4_RSPLITTER_mnist_fc_vnncomp2022_prop_2_0.05.onnx\nINFO:act.front_end.vnnlib_loader.onnx_converter:Upgrading ONNX opset 11 \u2192 13\nINFO:act.front_end.vnnlib_loader.onnx_converter:Simplifying ONNX model\nINFO:act.front_end.vnnlib_loader.onnx_converter:Converting ONNX to PyTorch\nINFO:act.front_end.vnnlib_loader.onnx_converter:Converted model to device=cpu, dtype=torch.float64\nINFO:act.front_end.vnnlib_loader.onnx_converter:Successfully converted ONNX model: mnist_fc_vnncomp2022_mnist-net_256x4_RSPLITTER_mnist_fc_vnncomp2022_prop_2_0.05.onnx\nINFO:act.front_end.vnnlib_loader.data_model_loader:  \u2713 Model converted successfully\nINFO:act.front_end.vnnlib_loader.data_model_loader:[2/3] Extracting input shape...\nINFO:act.front_end.vnnlib_loader.onnx_converter:Extracted input shape: [1, 784, 1]\nINFO:act.front_end.vnnlib_loader.data_model_loader:  \u2713 Input shape: (1, 784, 1)\nINFO:act.front_end.vnnlib_loader.data_model_loader:[3/3] Parsing VNNLIB specification...\nINFO:act.front_end.vnnlib_loader.vnnlib_parser:Parsed VNNLIB: 784 inputs, 10 outputs, type=unknown\nINFO:act.front_end.vnnlib_loader.data_model_loader:  \u2713 Parsed VNNLIB: 784 inputs, 10 outputs\nINFO:act.front_end.vnnlib_loader.data_model_loader:  \u2713 Ground truth label: 1\nINFO:act.front_end.vnnlib_loader.data_model_loader:Successfully loaded VNNLIB instance from 'relusplitter'\nINFO:act.front_end.vnnlib_loader.vnnlib_parser:Parsed mnist_fc_vnncomp2022_prop_2_0.05.vnnlib: 1 query(ies)\n"
}
{
  "benchmark": "relusplitter",
  "instance_id": 28,
  "status": "OK",
  "cli_normalized": "OK",
  "wall_s": 5.004416700918227,
  "peak_rss_mb": 944.64453125,
  "returncode": 0,
  "per_instance_json": "/data1/Kane/ACT/audit_results/r93_rerun_20260525T083118Z/overnight_cpu_20260525T144203Z/relusplitter/per_instance_relusplitter_20260525T153415180557Z.json",
  "out_dir": "/data1/Kane/ACT/audit_results/r93_rerun_20260525T083118Z/overnight_cpu_20260525T144203Z/relusplitter",
  "stdout_tail": "g VNNLIB specification...\nINFO:act.front_end.vnnlib_loader.vnnlib_parser:Parsed VNNLIB: 784 inputs, 10 outputs, type=unknown\nINFO:act.front_end.vnnlib_loader.data_model_loader:  \u2713 Parsed VNNLIB: 784 inputs, 10 outputs\nINFO:act.front_end.vnnlib_loader.data_model_loader:  \u2713 Ground truth label: 6\nINFO:act.front_end.vnnlib_loader.data_model_loader:Successfully loaded VNNLIB instance from 'relusplitter'\nINFO:act.front_end.vnnlib_loader.vnnlib_parser:Parsed mnist_fc_vnncomp2022_prop_11_0.03.vnnlib: 1 query(ies)\n[ACT] Using existing Gurobi license: ../ACT/modules/gurobi/gurobi.lic\n\u2705 Device Manager Initialized: device=cpu, dtype=torch.float64\n\n================================================================================\nACT: Abstract Constraint Transformer\nInference-based whitebox fuzzing for neural network verification\n================================================================================\n\n\n================================================================================\nVERIFICATION TEST: VNNLIB \u2192 VerifiableModel \u2192 verify_once\n================================================================================\n\n[vnnlib] category=relusplitter max_instances=1 mode=hybridz (full TOP1_ROBUST via labeled_tensor collapse; device=cpu, timeout=30.0s)\n  [  1/1] relusplitter/onnx/mnist_fc_vnncomp2022_mnist-net_256x4.onnx@vnnlib/mnist_fc_vnncomp2022_prop_11_0.03.vnnlib: CERTIFIED (2.0s)  V=1 A=0 U=0 E=0  R=0\n\n[vnnlib/hybridz] FINAL \u2014 total=1 wall=0.0 min\n  CERTIFIED    1\n  [structured] per-instance log \u2192 /data1/Kane/ACT/audit_results/r93_rerun_20260525T083118Z/overnight_cpu_20260525T144203Z/relusplitter/per_instance_relusplitter_20260525T153415180557Z.json\n\n================================================================================\nVERIFICATION TEST SUMMARY\n================================================================================\n  \u2705 vnnlib                    PASSED\n================================================================================\n\n"
}
{
  "benchmark": "relusplitter",
  "instance_id": 29,
  "status": "OK",
  "cli_normalized": "OK",
  "wall_s": 25.020575177972205,
  "peak_rss_mb": 1478.640625,
  "returncode": 0,
  "per_instance_json": "/data1/Kane/ACT/audit_results/r93_rerun_20260525T083118Z/overnight_cpu_20260525T144203Z/relusplitter/per_instance_relusplitter_20260525T153440376696Z.json",
  "out_dir": "/data1/Kane/ACT/audit_results/r93_rerun_20260525T083118Z/overnight_cpu_20260525T144203Z/relusplitter",
  "stdout_tail": "d.vnnlib_loader.vnnlib_parser:Parsed VNNLIB: 784 inputs, 10 outputs, type=unknown\nINFO:act.front_end.vnnlib_loader.data_model_loader:  \u2713 Parsed VNNLIB: 784 inputs, 10 outputs\nINFO:act.front_end.vnnlib_loader.data_model_loader:  \u2713 Ground truth label: 6\nINFO:act.front_end.vnnlib_loader.data_model_loader:Successfully loaded VNNLIB instance from 'relusplitter'\nINFO:act.front_end.vnnlib_loader.vnnlib_parser:Parsed mnist_fc_vnncomp2022_prop_11_0.03.vnnlib: 1 query(ies)\n[ACT] Using existing Gurobi license: ../ACT/modules/gurobi/gurobi.lic\n\u2705 Device Manager Initialized: device=cpu, dtype=torch.float64\n\n================================================================================\nACT: Abstract Constraint Transformer\nInference-based whitebox fuzzing for neural network verification\n================================================================================\n\n\n================================================================================\nVERIFICATION TEST: VNNLIB \u2192 VerifiableModel \u2192 verify_once\n================================================================================\n\n[vnnlib] category=relusplitter max_instances=1 mode=hybridz (full TOP1_ROBUST via labeled_tensor collapse; device=cpu, timeout=30.0s)\n  [  1/1] relusplitter/onnx/mnist_fc_vnncomp2022_mnist-net_256x4_RSPLITTER_mnist_fc_vnncomp2022_prop_11_0.03.onnx@vnnlib/mnist_fc_vnncomp2022_prop_11_0.03.vnnlib: UNKNOWN (22.2s)  V=0 A=0 U=1 E=0  R=0\n\n[vnnlib/hybridz] FINAL \u2014 total=1 wall=0.4 min\n  UNKNOWN      1\n  [structured] per-instance log \u2192 /data1/Kane/ACT/audit_results/r93_rerun_20260525T083118Z/overnight_cpu_20260525T144203Z/relusplitter/per_instance_relusplitter_20260525T153440376696Z.json\n\n================================================================================\nVERIFICATION TEST SUMMARY\n================================================================================\n  \u2705 vnnlib                    PASSED\n================================================================================\n\n"
}
[watchdog] summary written: /data1/Kane/ACT/audit_results/r93_rerun_20260525T083118Z/overnight_cpu_20260525T144203Z/relusplitter/watchdog_summary.json
