Set parameter WLSAccessID
Set parameter WLSSecret
Set parameter LicenseID to value 2542227
Academic license 2542227 - for non-commercial use only - registered to ka___@unsw.edu.au
Running in parallel with 8 processes
Overapprox Round 1/3 has 1 set(s)
Layer 1/20: MatMulLayer (zono shape: (250, 985))... 0.01 sec
Layer 2/20: AddLayer (zono shape: (250, 985))... 0.002 sec
Layer 3/20: ReluLayer (zono shape: (250, 985))... 0.006 sec
Layer 4/20: MatMulLayer (zono shape: (250, 1235))... 0.013 sec
Layer 5/20: AddLayer (zono shape: (250, 1235))... 0.002 sec
Layer 6/20: ReluLayer (zono shape: (250, 1235))... 0.011 sec
Layer 7/20: MatMulLayer (zono shape: (250, 1485))... 0.009 sec
Layer 8/20: AddLayer (zono shape: (250, 1485))... 0.005 sec
Layer 9/20: ReluLayer (zono shape: (250, 1485))... 0.012 sec
Layer 10/20: MatMulLayer (zono shape: (250, 1735))... 0.011 sec
Layer 11/20: AddLayer (zono shape: (250, 1735))... 0.0 sec
Layer 12/20: ReluLayer (zono shape: (250, 1735))... 0.025 sec
Layer 13/20: MatMulLayer (zono shape: (250, 1985))... 0.147 sec
Layer 14/20: AddLayer (zono shape: (250, 1985))... 0.003 sec
Layer 15/20: ReluLayer (zono shape: (250, 1985))... 0.03 sec
Layer 16/20: MatMulLayer (zono shape: (250, 2235))... 0.085 sec
Layer 17/20: AddLayer (zono shape: (250, 2235))... 0.0 sec
Layer 18/20: ReluLayer (zono shape: (250, 2235))... 0.026 sec
Layer 19/20: MatMulLayer (zono shape: (250, 2485))... 0.009 sec
Layer 20/20: AddLayer (zono shape: (10, 2485))... 0.0 sec
Overapprox Round 2/3 has 3 set(s)
Layer 1/20: MatMulLayer (zono shape: (250, 985))... 0.091 sec
Layer 2/20: AddLayer (zono shape: (250, 985))... 0.0 sec
Layer 3/20: ReluLayer (zono shape: (250, 985))... 0.125 sec
Layer 4/20: MatMulLayer (zono shape: (250, 1234))... 0.147 sec
Layer 5/20: AddLayer (zono shape: (250, 1234))... 0.0 sec
Layer 6/20: ReluLayer (zono shape: (250, 1234))... 0.011 sec
Layer 7/20: MatMulLayer (zono shape: (250, 1484))... 0.023 sec
Layer 8/20: AddLayer (zono shape: (250, 1484))... 0.001 sec
Layer 9/20: ReluLayer (zono shape: (250, 1484))... 0.006 sec
Layer 10/20: MatMulLayer (zono shape: (250, 1734))... 0.01 sec
Layer 11/20: AddLayer (zono shape: (250, 1734))... 0.0 sec
Layer 12/20: ReluLayer (zono shape: (250, 1734))... 0.007 sec
Layer 13/20: MatMulLayer (zono shape: (250, 1984))... 0.041 sec
Layer 14/20: AddLayer (zono shape: (250, 1984))... 0.0 sec
Layer 15/20: ReluLayer (zono shape: (250, 1984))... 0.018 sec
Layer 16/20: MatMulLayer (zono shape: (250, 2234))... 0.094 sec
Layer 17/20: AddLayer (zono shape: (250, 2234))... 0.0 sec
Layer 18/20: ReluLayer (zono shape: (250, 2234))... 0.011 sec
Layer 19/20: MatMulLayer (zono shape: (250, 2484))... 0.017 sec
Layer 20/20: AddLayer (zono shape: (10, 2484))... 0.001 sec
Overapprox Round 3/3 has 4 set(s)
Layer 1/20: MatMulLayer (zono shape: (250, 985))... 0.018 sec
Layer 2/20: AddLayer (zono shape: (250, 985))... 0.0 sec
Layer 3/20: ReluLayer (zono shape: (250, 985))...
Using LP to check 249/250 potential ReLU splits... 6.26 sec
Layer 4/20: MatMulLayer (zono shape: (250, 1219))... 0.019 sec
Layer 5/20: AddLayer (zono shape: (250, 1219))... 0.0 sec
Layer 6/20: ReluLayer (zono shape: (250, 1219))...
Using LP to check 250/250 potential ReLU splits...


Total Stars: 0 (0 exact, 0 approx)
Runtime: 30.4 sec
Completed work frac: 0.0
Num Stars Copied Between Processes: 0
Num Lps During Enumeration: 0
Total Num Lps: 0

Timeout (30) reached during execution
