Set parameter WLSAccessID
Set parameter WLSSecret
Set parameter LicenseID to value 2542227
Academic license 2542227 - for non-commercial use only - registered to ka___@unsw.edu.au
Running in parallel with 8 processes
Overapprox Round 1/3 has 1 set(s)
Layer 1/20: MatMulLayer (zono shape: (250, 844))... 0.002 sec
Layer 2/20: AddLayer (zono shape: (250, 844))... 0.0 sec
Layer 3/20: ReluLayer (zono shape: (250, 844))... 0.001 sec
Layer 4/20: MatMulLayer (zono shape: (250, 988))... 0.002 sec
Layer 5/20: AddLayer (zono shape: (250, 988))... 0.0 sec
Layer 6/20: ReluLayer (zono shape: (250, 988))... 0.002 sec
Layer 7/20: MatMulLayer (zono shape: (250, 1235))... 0.003 sec
Layer 8/20: AddLayer (zono shape: (250, 1235))... 0.0 sec
Layer 9/20: ReluLayer (zono shape: (250, 1235))... 0.003 sec
Layer 10/20: MatMulLayer (zono shape: (250, 1485))... 0.007 sec
Layer 11/20: AddLayer (zono shape: (250, 1485))... 0.0 sec
Layer 12/20: ReluLayer (zono shape: (250, 1485))... 0.003 sec
Layer 13/20: MatMulLayer (zono shape: (250, 1735))... 0.004 sec
Layer 14/20: AddLayer (zono shape: (250, 1735))... 0.0 sec
Layer 15/20: ReluLayer (zono shape: (250, 1735))... 0.003 sec
Layer 16/20: MatMulLayer (zono shape: (250, 1985))... 0.004 sec
Layer 17/20: AddLayer (zono shape: (250, 1985))... 0.0 sec
Layer 18/20: ReluLayer (zono shape: (250, 1985))... 0.003 sec
Layer 19/20: MatMulLayer (zono shape: (250, 2235))... 0.0 sec
Layer 20/20: AddLayer (zono shape: (10, 2235))... 0.0 sec
Overapprox Round 2/3 has 3 set(s)
Layer 1/20: MatMulLayer (zono shape: (250, 844))... 0.009 sec
Layer 2/20: AddLayer (zono shape: (250, 844))... 0.0 sec
Layer 3/20: ReluLayer (zono shape: (250, 844))... 0.006 sec
Layer 4/20: MatMulLayer (zono shape: (250, 988))... 0.011 sec
Layer 5/20: AddLayer (zono shape: (250, 988))... 0.0 sec
Layer 6/20: ReluLayer (zono shape: (250, 988))... 0.006 sec
Layer 7/20: MatMulLayer (zono shape: (250, 1235))... 0.012 sec
Layer 8/20: AddLayer (zono shape: (250, 1235))... 0.0 sec
Layer 9/20: ReluLayer (zono shape: (250, 1235))... 0.013 sec
Layer 10/20: MatMulLayer (zono shape: (250, 1485))... 0.014 sec
Layer 11/20: AddLayer (zono shape: (250, 1485))... 0.002 sec
Layer 12/20: ReluLayer (zono shape: (250, 1485))... 0.015 sec
Layer 13/20: MatMulLayer (zono shape: (250, 1735))... 0.02 sec
Layer 14/20: AddLayer (zono shape: (250, 1735))... 0.0 sec
Layer 15/20: ReluLayer (zono shape: (250, 1735))... 0.006 sec
Layer 16/20: MatMulLayer (zono shape: (250, 1985))... 0.013 sec
Layer 17/20: AddLayer (zono shape: (250, 1985))... 0.0 sec
Layer 18/20: ReluLayer (zono shape: (250, 1985))... 0.006 sec
Layer 19/20: MatMulLayer (zono shape: (250, 2235))... 0.002 sec
Layer 20/20: AddLayer (zono shape: (10, 2235))... 0.0 sec
Overapprox Round 3/3 has 4 set(s)
Layer 1/20: MatMulLayer (zono shape: (250, 844))... 0.012 sec
Layer 2/20: AddLayer (zono shape: (250, 844))... 0.001 sec
Layer 3/20: ReluLayer (zono shape: (250, 844))...
Using LP to check 144/250 potential ReLU splits... 4.46 sec
Layer 4/20: MatMulLayer (zono shape: (250, 958))... 0.015 sec
Layer 5/20: AddLayer (zono shape: (250, 958))... 0.0 sec
Layer 6/20: ReluLayer (zono shape: (250, 958))...
Using LP to check 226/250 potential ReLU splits... 20.65 sec
Layer 7/20: MatMulLayer (zono shape: (250, 1131))... 0.018 sec
Layer 8/20: AddLayer (zono shape: (250, 1131))... 0.0 sec
Layer 9/20: ReluLayer (zono shape: (250, 1131))...
Using LP to check 250/250 potential ReLU splits...


Total Stars: 0 (0 exact, 0 approx)
Runtime: 31.3 sec
Completed work frac: 0.0
Num Stars Copied Between Processes: 0
Num Lps During Enumeration: 0
Total Num Lps: 0

Timeout (30) reached during execution
