Set parameter WLSAccessID
Set parameter WLSSecret
Set parameter LicenseID to value 2542227
Academic license 2542227 - for non-commercial use only - registered to ka___@unsw.edu.au
Running in parallel with 8 processes
Overapprox Round 1/3 has 1 set(s)
Layer 1/20: MatMulLayer (zono shape: (250, 838))... 0.068 sec
Layer 2/20: AddLayer (zono shape: (250, 838))... 0.0 sec
Layer 3/20: ReluLayer (zono shape: (250, 838))... 0.013 sec
Layer 4/20: MatMulLayer (zono shape: (250, 1024))... 0.025 sec
Layer 5/20: AddLayer (zono shape: (250, 1024))... 0.0 sec
Layer 6/20: ReluLayer (zono shape: (250, 1024))... 0.034 sec
Layer 7/20: MatMulLayer (zono shape: (250, 1274))... 0.05 sec
Layer 8/20: AddLayer (zono shape: (250, 1274))... 0.0 sec
Layer 9/20: ReluLayer (zono shape: (250, 1274))... 0.007 sec
Layer 10/20: MatMulLayer (zono shape: (250, 1524))... 0.04 sec
Layer 11/20: AddLayer (zono shape: (250, 1524))... 0.041 sec
Layer 12/20: ReluLayer (zono shape: (250, 1524))... 0.011 sec
Layer 13/20: MatMulLayer (zono shape: (250, 1774))... 0.021 sec
Layer 14/20: AddLayer (zono shape: (250, 1774))... 0.029 sec
Layer 15/20: ReluLayer (zono shape: (250, 1774))... 0.063 sec
Layer 16/20: MatMulLayer (zono shape: (250, 2024))... 0.196 sec
Layer 17/20: AddLayer (zono shape: (250, 2024))... 0.0 sec
Layer 18/20: ReluLayer (zono shape: (250, 2024))... 0.172 sec
Layer 19/20: MatMulLayer (zono shape: (250, 2274))... 0.0 sec
Layer 20/20: AddLayer (zono shape: (10, 2274))... 0.0 sec
Overapprox Round 2/3 has 3 set(s)
Layer 1/20: MatMulLayer (zono shape: (250, 838))... 0.089 sec
Layer 2/20: AddLayer (zono shape: (250, 838))... 0.001 sec
Layer 3/20: ReluLayer (zono shape: (250, 838))... 0.006 sec
Layer 4/20: MatMulLayer (zono shape: (250, 1024))... 0.03 sec
Layer 5/20: AddLayer (zono shape: (250, 1024))... 0.0 sec
Layer 6/20: ReluLayer (zono shape: (250, 1024))... 0.078 sec
Layer 7/20: MatMulLayer (zono shape: (250, 1274))... 0.124 sec
Layer 8/20: AddLayer (zono shape: (250, 1274))... 0.019 sec
Layer 9/20: ReluLayer (zono shape: (250, 1274))... 0.067 sec
Layer 10/20: MatMulLayer (zono shape: (250, 1524))... 0.518 sec
Layer 11/20: AddLayer (zono shape: (250, 1524))... 0.0 sec
Layer 12/20: ReluLayer (zono shape: (250, 1524))... 0.026 sec
Layer 13/20: MatMulLayer (zono shape: (250, 1774))... 0.015 sec
Layer 14/20: AddLayer (zono shape: (250, 1774))... 0.0 sec
Layer 15/20: ReluLayer (zono shape: (250, 1774))... 0.007 sec
Layer 16/20: MatMulLayer (zono shape: (250, 2024))... 0.022 sec
Layer 17/20: AddLayer (zono shape: (250, 2024))... 0.0 sec
Layer 18/20: ReluLayer (zono shape: (250, 2024))... 0.01 sec
Layer 19/20: MatMulLayer (zono shape: (250, 2274))... 0.002 sec
Layer 20/20: AddLayer (zono shape: (10, 2274))... 0.0 sec
Overapprox Round 3/3 has 4 set(s)
Layer 1/20: MatMulLayer (zono shape: (250, 838))... 0.009 sec
Layer 2/20: AddLayer (zono shape: (250, 838))... 0.0 sec
Layer 3/20: ReluLayer (zono shape: (250, 838))...
Using LP to check 186/250 potential ReLU splits... 3.541 sec
Layer 4/20: MatMulLayer (zono shape: (250, 996))... 0.315 sec
Layer 5/20: AddLayer (zono shape: (250, 996))... 0.0 sec
Layer 6/20: ReluLayer (zono shape: (250, 996))...
Using LP to check 250/250 potential ReLU splits... 15.375 sec
Layer 7/20: MatMulLayer (zono shape: (250, 1238))... 0.072 sec
Layer 8/20: AddLayer (zono shape: (250, 1238))... 0.002 sec
Layer 9/20: ReluLayer (zono shape: (250, 1238))...
Using LP to check 250/250 potential ReLU splits...


Total Stars: 0 (0 exact, 0 approx)
Runtime: 33.6 sec
Completed work frac: 0.0
Num Stars Copied Between Processes: 0
Num Lps During Enumeration: 0
Total Num Lps: 0

Timeout (30) reached during execution
