Set parameter WLSAccessID
Set parameter WLSSecret
Set parameter LicenseID to value 2542227
Academic license 2542227 - for non-commercial use only - registered to ka___@unsw.edu.au
Running in parallel with 8 processes
Overapprox Round 1/3 has 1 set(s)
Layer 1/20: MatMulLayer (zono shape: (250, 884))... 0.004 sec
Layer 2/20: AddLayer (zono shape: (250, 884))... 0.002 sec
Layer 3/20: ReluLayer (zono shape: (250, 884))... 0.014 sec
Layer 4/20: MatMulLayer (zono shape: (250, 1134))... 0.002 sec
Layer 5/20: AddLayer (zono shape: (250, 1134))... 0.0 sec
Layer 6/20: ReluLayer (zono shape: (250, 1134))... 0.013 sec
Layer 7/20: MatMulLayer (zono shape: (250, 1384))... 0.008 sec
Layer 8/20: AddLayer (zono shape: (250, 1384))... 0.003 sec
Layer 9/20: ReluLayer (zono shape: (250, 1384))... 0.003 sec
Layer 10/20: MatMulLayer (zono shape: (250, 1634))... 0.01 sec
Layer 11/20: AddLayer (zono shape: (250, 1634))... 0.005 sec
Layer 12/20: ReluLayer (zono shape: (250, 1634))... 0.005 sec
Layer 13/20: MatMulLayer (zono shape: (250, 1884))... 0.01 sec
Layer 14/20: AddLayer (zono shape: (250, 1884))... 0.001 sec
Layer 15/20: ReluLayer (zono shape: (250, 1884))... 0.01 sec
Layer 16/20: MatMulLayer (zono shape: (250, 2134))... 0.016 sec
Layer 17/20: AddLayer (zono shape: (250, 2134))... 0.01 sec
Layer 18/20: ReluLayer (zono shape: (250, 2134))... 0.004 sec
Layer 19/20: MatMulLayer (zono shape: (250, 2384))... 0.007 sec
Layer 20/20: AddLayer (zono shape: (10, 2384))... 0.005 sec
Overapprox Round 2/3 has 3 set(s)
Layer 1/20: MatMulLayer (zono shape: (250, 884))... 0.027 sec
Layer 2/20: AddLayer (zono shape: (250, 884))... 0.0 sec
Layer 3/20: ReluLayer (zono shape: (250, 884))... 0.013 sec
Layer 4/20: MatMulLayer (zono shape: (250, 1133))... 0.053 sec
Layer 5/20: AddLayer (zono shape: (250, 1133))... 0.008 sec
Layer 6/20: ReluLayer (zono shape: (250, 1133))... 0.028 sec
Layer 7/20: MatMulLayer (zono shape: (250, 1383))... 0.05 sec
Layer 8/20: AddLayer (zono shape: (250, 1383))... 0.001 sec
Layer 9/20: ReluLayer (zono shape: (250, 1383))... 0.01 sec
Layer 10/20: MatMulLayer (zono shape: (250, 1633))... 0.017 sec
Layer 11/20: AddLayer (zono shape: (250, 1633))... 0.001 sec
Layer 12/20: ReluLayer (zono shape: (250, 1633))... 0.008 sec
Layer 13/20: MatMulLayer (zono shape: (250, 1883))... 0.027 sec
Layer 14/20: AddLayer (zono shape: (250, 1883))... 0.0 sec
Layer 15/20: ReluLayer (zono shape: (250, 1883))... 0.01 sec
Layer 16/20: MatMulLayer (zono shape: (250, 2133))... 0.019 sec
Layer 17/20: AddLayer (zono shape: (250, 2133))... 0.0 sec
Layer 18/20: ReluLayer (zono shape: (250, 2133))... 0.011 sec
Layer 19/20: MatMulLayer (zono shape: (250, 2383))... 0.003 sec
Layer 20/20: AddLayer (zono shape: (10, 2383))... 0.0 sec
Overapprox Round 3/3 has 4 set(s)
Layer 1/20: MatMulLayer (zono shape: (250, 884))... 0.009 sec
Layer 2/20: AddLayer (zono shape: (250, 884))... 0.001 sec
Layer 3/20: ReluLayer (zono shape: (250, 884))...
Using LP to check 249/250 potential ReLU splits... 6.924 sec
Layer 4/20: MatMulLayer (zono shape: (250, 1112))... 0.022 sec
Layer 5/20: AddLayer (zono shape: (250, 1112))... 0.001 sec
Layer 6/20: ReluLayer (zono shape: (250, 1112))...
Using LP to check 250/250 potential ReLU splits... 26.218 sec



Total Stars: 0 (0 exact, 0 approx)
Runtime: 35.1 sec
Completed work frac: 0.0
Num Stars Copied Between Processes: 0
Num Lps During Enumeration: 0
Total Num Lps: 0

Timeout (30) reached during execution
