Set parameter WLSAccessID
Set parameter WLSSecret
Set parameter LicenseID to value 2542227
Academic license 2542227 - for non-commercial use only - registered to ka___@unsw.edu.au
Running in parallel with 8 processes
Overapprox Round 1/3 has 1 set(s)
Layer 1/20: MatMulLayer (zono shape: (250, 879))... 0.004 sec
Layer 2/20: AddLayer (zono shape: (250, 879))... 0.0 sec
Layer 3/20: ReluLayer (zono shape: (250, 879))... 0.002 sec
Layer 4/20: MatMulLayer (zono shape: (250, 1109))... 0.002 sec
Layer 5/20: AddLayer (zono shape: (250, 1109))... 0.0 sec
Layer 6/20: ReluLayer (zono shape: (250, 1109))... 0.003 sec
Layer 7/20: MatMulLayer (zono shape: (250, 1359))... 0.003 sec
Layer 8/20: AddLayer (zono shape: (250, 1359))... 0.0 sec
Layer 9/20: ReluLayer (zono shape: (250, 1359))... 0.002 sec
Layer 10/20: MatMulLayer (zono shape: (250, 1609))... 0.004 sec
Layer 11/20: AddLayer (zono shape: (250, 1609))... 0.0 sec
Layer 12/20: ReluLayer (zono shape: (250, 1609))... 0.003 sec
Layer 13/20: MatMulLayer (zono shape: (250, 1859))... 0.004 sec
Layer 14/20: AddLayer (zono shape: (250, 1859))... 0.001 sec
Layer 15/20: ReluLayer (zono shape: (250, 1859))... 0.003 sec
Layer 16/20: MatMulLayer (zono shape: (250, 2109))... 0.007 sec
Layer 17/20: AddLayer (zono shape: (250, 2109))... 0.001 sec
Layer 18/20: ReluLayer (zono shape: (250, 2109))... 0.004 sec
Layer 19/20: MatMulLayer (zono shape: (250, 2359))... 0.001 sec
Layer 20/20: AddLayer (zono shape: (10, 2359))... 0.0 sec
Overapprox Round 2/3 has 3 set(s)
Layer 1/20: MatMulLayer (zono shape: (250, 879))... 0.006 sec
Layer 2/20: AddLayer (zono shape: (250, 879))... 0.002 sec
Layer 3/20: ReluLayer (zono shape: (250, 879))... 0.005 sec
Layer 4/20: MatMulLayer (zono shape: (250, 1106))... 0.007 sec
Layer 5/20: AddLayer (zono shape: (250, 1106))... 0.001 sec
Layer 6/20: ReluLayer (zono shape: (250, 1106))... 0.006 sec
Layer 7/20: MatMulLayer (zono shape: (250, 1356))... 0.011 sec
Layer 8/20: AddLayer (zono shape: (250, 1356))... 0.001 sec
Layer 9/20: ReluLayer (zono shape: (250, 1356))... 0.008 sec
Layer 10/20: MatMulLayer (zono shape: (250, 1606))... 0.01 sec
Layer 11/20: AddLayer (zono shape: (250, 1606))... 0.001 sec
Layer 12/20: ReluLayer (zono shape: (250, 1606))... 0.006 sec
Layer 13/20: MatMulLayer (zono shape: (250, 1856))... 0.022 sec
Layer 14/20: AddLayer (zono shape: (250, 1856))... 0.001 sec
Layer 15/20: ReluLayer (zono shape: (250, 1856))... 0.011 sec
Layer 16/20: MatMulLayer (zono shape: (250, 2106))... 0.014 sec
Layer 17/20: AddLayer (zono shape: (250, 2106))... 0.001 sec
Layer 18/20: ReluLayer (zono shape: (250, 2106))... 0.009 sec
Layer 19/20: MatMulLayer (zono shape: (250, 2356))... 0.006 sec
Layer 20/20: AddLayer (zono shape: (10, 2356))... 0.0 sec
Overapprox Round 3/3 has 4 set(s)
Layer 1/20: MatMulLayer (zono shape: (250, 879))... 0.702 sec
Layer 2/20: AddLayer (zono shape: (250, 879))... 0.014 sec
Layer 3/20: ReluLayer (zono shape: (250, 879))...
Using LP to check 227/250 potential ReLU splits... 9.312 sec
Layer 4/20: MatMulLayer (zono shape: (250, 1076))... 0.019 sec
Layer 5/20: AddLayer (zono shape: (250, 1076))... 0.0 sec
Layer 6/20: ReluLayer (zono shape: (250, 1076))...
Using LP to check 250/250 potential ReLU splits...


Total Stars: 0 (0 exact, 0 approx)
Runtime: 30.4 sec
Completed work frac: 0.0
Num Stars Copied Between Processes: 0
Num Lps During Enumeration: 0
Total Num Lps: 0

Timeout (30) reached during execution
