Set parameter WLSAccessID
Set parameter WLSSecret
Set parameter LicenseID to value 2542227
Academic license 2542227 - for non-commercial use only - registered to ka___@unsw.edu.au
Running in parallel with 8 processes
Overapprox Round 1/3 has 1 set(s)
Layer 1/13: LinearOnnxSubnetworkLayer (zono shape: (250, 3322))... 0.024 sec
Layer 2/13: ReluLayer (zono shape: (250, 3322))... 0.006 sec
Layer 3/13: LinearOnnxSubnetworkLayer (zono shape: (250, 3572))... 0.03 sec
Layer 4/13: ReluLayer (zono shape: (250, 3572))... 0.01 sec
Layer 5/13: LinearOnnxSubnetworkLayer (zono shape: (250, 3822))... 0.166 sec
Layer 6/13: ReluLayer (zono shape: (250, 3822))... 0.024 sec
Layer 7/13: LinearOnnxSubnetworkLayer (zono shape: (250, 4072))... 0.078 sec
Layer 8/13: ReluLayer (zono shape: (250, 4072))... 0.018 sec
Layer 9/13: LinearOnnxSubnetworkLayer (zono shape: (250, 4322))... 0.034 sec
Layer 10/13: ReluLayer (zono shape: (250, 4322))... 0.007 sec
Layer 11/13: LinearOnnxSubnetworkLayer (zono shape: (250, 4572))... 0.092 sec
Layer 12/13: ReluLayer (zono shape: (250, 4572))... 0.031 sec
Layer 13/13: LinearOnnxSubnetworkLayer (zono shape: (250, 4822))... 0.115 sec
Overapprox Round 2/3 has 3 set(s)
Layer 1/13: LinearOnnxSubnetworkLayer (zono shape: (250, 3322))... 0.112 sec
Layer 2/13: ReluLayer (zono shape: (250, 3322))... 0.017 sec
Layer 3/13: LinearOnnxSubnetworkLayer (zono shape: (250, 3572))... 0.086 sec
Layer 4/13: ReluLayer (zono shape: (250, 3572))... 0.02 sec
Layer 5/13: LinearOnnxSubnetworkLayer (zono shape: (250, 3822))... 0.433 sec
Layer 6/13: ReluLayer (zono shape: (250, 3822))... 0.106 sec
Layer 7/13: LinearOnnxSubnetworkLayer (zono shape: (250, 4072))... 1.138 sec
Layer 8/13: ReluLayer (zono shape: (250, 4072))... 0.032 sec
Layer 9/13: LinearOnnxSubnetworkLayer (zono shape: (250, 4322))... 0.273 sec
Layer 10/13: ReluLayer (zono shape: (250, 4322))... 0.077 sec
Layer 11/13: LinearOnnxSubnetworkLayer (zono shape: (250, 4572))... 1.609 sec
Layer 12/13: ReluLayer (zono shape: (250, 4572))... 0.078 sec
Layer 13/13: LinearOnnxSubnetworkLayer (zono shape: (250, 4822))... 0.177 sec
Overapprox Round 3/3 has 4 set(s)
Layer 1/13: LinearOnnxSubnetworkLayer (zono shape: (250, 3322))... 0.1 sec
Layer 2/13: ReluLayer (zono shape: (250, 3322))...
Using LP to check 250/250 potential ReLU splits...


Total Stars: 0 (0 exact, 0 approx)
Runtime: 30.9 sec
Completed work frac: 0.0
Num Stars Copied Between Processes: 0
Num Lps During Enumeration: 0
Total Num Lps: 0

Timeout (30) reached during execution
