Set parameter WLSAccessID
Set parameter WLSSecret
Set parameter LicenseID to value 2542227
Academic license 2542227 - for non-commercial use only - registered to ka___@unsw.edu.au
Running in parallel with 8 processes
Overapprox Round 1/3 has 1 set(s)
Layer 1/13: LinearOnnxSubnetworkLayer (zono shape: (250, 3322))... 0.031 sec
Layer 2/13: ReluLayer (zono shape: (250, 3322))... 0.014 sec
Layer 3/13: LinearOnnxSubnetworkLayer (zono shape: (250, 3572))... 0.032 sec
Layer 4/13: ReluLayer (zono shape: (250, 3572))... 0.013 sec
Layer 5/13: LinearOnnxSubnetworkLayer (zono shape: (250, 3822))... 0.222 sec
Layer 6/13: ReluLayer (zono shape: (250, 3822))... 0.405 sec
Layer 7/13: LinearOnnxSubnetworkLayer (zono shape: (250, 4072))... 0.248 sec
Layer 8/13: ReluLayer (zono shape: (250, 4072))... 0.016 sec
Layer 9/13: LinearOnnxSubnetworkLayer (zono shape: (250, 4322))... 0.042 sec
Layer 10/13: ReluLayer (zono shape: (250, 4322))... 0.017 sec
Layer 11/13: LinearOnnxSubnetworkLayer (zono shape: (250, 4572))... 0.046 sec
Layer 12/13: ReluLayer (zono shape: (250, 4572))... 0.029 sec
Layer 13/13: LinearOnnxSubnetworkLayer (zono shape: (250, 4822))... 0.025 sec
Overapprox Round 2/3 has 3 set(s)
Layer 1/13: LinearOnnxSubnetworkLayer (zono shape: (250, 3322))... 0.089 sec
Layer 2/13: ReluLayer (zono shape: (250, 3322))... 0.083 sec
Layer 3/13: LinearOnnxSubnetworkLayer (zono shape: (250, 3572))... 1.879 sec
Layer 4/13: ReluLayer (zono shape: (250, 3572))... 0.999 sec
Layer 5/13: LinearOnnxSubnetworkLayer (zono shape: (250, 3822))... 1.664 sec
Layer 6/13: ReluLayer (zono shape: (250, 3822))... 0.984 sec
Layer 7/13: LinearOnnxSubnetworkLayer (zono shape: (250, 4072))... 2.506 sec
Layer 8/13: ReluLayer (zono shape: (250, 4072))... 0.213 sec
Layer 9/13: LinearOnnxSubnetworkLayer (zono shape: (250, 4322))... 0.15 sec
Layer 10/13: ReluLayer (zono shape: (250, 4322))... 0.054 sec
Layer 11/13: LinearOnnxSubnetworkLayer (zono shape: (250, 4572))... 0.887 sec
Layer 12/13: ReluLayer (zono shape: (250, 4572))... 2.792 sec
Layer 13/13: LinearOnnxSubnetworkLayer (zono shape: (250, 4822))... 2.874 sec
Overapprox Round 3/3 has 4 set(s)
Layer 1/13: LinearOnnxSubnetworkLayer (zono shape: (250, 3322))... 0.175 sec
Layer 2/13: ReluLayer (zono shape: (250, 3322))...
Using LP to check 250/250 potential ReLU splits...


Total Stars: 0 (0 exact, 0 approx)
Runtime: 38.5 sec
Completed work frac: 0.0
Num Stars Copied Between Processes: 0
Num Lps During Enumeration: 0
Total Num Lps: 0

Timeout (30) reached during execution
