Set parameter WLSAccessID
Set parameter WLSSecret
Set parameter LicenseID to value 2542227
Academic license 2542227 - for non-commercial use only - registered to ka___@unsw.edu.au
Running in parallel with 8 processes
Overapprox Round 1/3 has 1 set(s)
Layer 1/13: LinearOnnxSubnetworkLayer (zono shape: (250, 3322))... 0.039 sec
Layer 2/13: ReluLayer (zono shape: (250, 3322))... 0.013 sec
Layer 3/13: LinearOnnxSubnetworkLayer (zono shape: (250, 3572))... 0.027 sec
Layer 4/13: ReluLayer (zono shape: (250, 3572))... 0.007 sec
Layer 5/13: LinearOnnxSubnetworkLayer (zono shape: (250, 3822))... 0.048 sec
Layer 6/13: ReluLayer (zono shape: (250, 3822))... 0.009 sec
Layer 7/13: LinearOnnxSubnetworkLayer (zono shape: (250, 4072))... 0.048 sec
Layer 8/13: ReluLayer (zono shape: (250, 4072))... 0.044 sec
Layer 9/13: LinearOnnxSubnetworkLayer (zono shape: (250, 4322))... 0.037 sec
Layer 10/13: ReluLayer (zono shape: (250, 4322))... 0.011 sec
Layer 11/13: LinearOnnxSubnetworkLayer (zono shape: (250, 4572))... 0.039 sec
Layer 12/13: ReluLayer (zono shape: (250, 4572))... 0.012 sec
Layer 13/13: LinearOnnxSubnetworkLayer (zono shape: (250, 4822))... 0.04 sec
Overapprox Round 2/3 has 3 set(s)
Layer 1/13: LinearOnnxSubnetworkLayer (zono shape: (250, 3322))... 0.143 sec
Layer 2/13: ReluLayer (zono shape: (250, 3322))... 0.694 sec
Layer 3/13: LinearOnnxSubnetworkLayer (zono shape: (250, 3572))... 0.171 sec
Layer 4/13: ReluLayer (zono shape: (250, 3572))... 0.025 sec
Layer 5/13: LinearOnnxSubnetworkLayer (zono shape: (250, 3822))... 0.097 sec
Layer 6/13: ReluLayer (zono shape: (250, 3822))... 0.028 sec
Layer 7/13: LinearOnnxSubnetworkLayer (zono shape: (250, 4072))... 0.112 sec
Layer 8/13: ReluLayer (zono shape: (250, 4072))... 0.035 sec
Layer 9/13: LinearOnnxSubnetworkLayer (zono shape: (250, 4322))... 0.121 sec
Layer 10/13: ReluLayer (zono shape: (250, 4322))... 0.043 sec
Layer 11/13: LinearOnnxSubnetworkLayer (zono shape: (250, 4572))... 0.19 sec
Layer 12/13: ReluLayer (zono shape: (250, 4572))... 0.063 sec
Layer 13/13: LinearOnnxSubnetworkLayer (zono shape: (250, 4822))... 0.121 sec
Overapprox Round 3/3 has 4 set(s)
Layer 1/13: LinearOnnxSubnetworkLayer (zono shape: (250, 3322))... 1.945 sec
Layer 2/13: ReluLayer (zono shape: (250, 3322))...
Using LP to check 250/250 potential ReLU splits...


Total Stars: 0 (0 exact, 0 approx)
Runtime: 32.1 sec
Completed work frac: 0.0
Num Stars Copied Between Processes: 0
Num Lps During Enumeration: 0
Total Num Lps: 0

Timeout (30) reached during execution
