Set parameter WLSAccessID
Set parameter WLSSecret
Set parameter LicenseID to value 2542227
Academic license 2542227 - for non-commercial use only - registered to ka___@unsw.edu.au
Running in parallel with 8 processes
Overapprox Round 1/3 has 1 set(s)
Layer 1/13: LinearOnnxSubnetworkLayer (zono shape: (250, 3322))... 0.036 sec
Layer 2/13: ReluLayer (zono shape: (250, 3322))... 0.007 sec
Layer 3/13: LinearOnnxSubnetworkLayer (zono shape: (250, 3572))... 0.026 sec
Layer 4/13: ReluLayer (zono shape: (250, 3572))... 0.006 sec
Layer 5/13: LinearOnnxSubnetworkLayer (zono shape: (250, 3822))... 0.031 sec
Layer 6/13: ReluLayer (zono shape: (250, 3822))... 0.007 sec
Layer 7/13: LinearOnnxSubnetworkLayer (zono shape: (250, 4072))... 0.029 sec
Layer 8/13: ReluLayer (zono shape: (250, 4072))... 0.007 sec
Layer 9/13: LinearOnnxSubnetworkLayer (zono shape: (250, 4322))... 0.041 sec
Layer 10/13: ReluLayer (zono shape: (250, 4322))... 0.008 sec
Layer 11/13: LinearOnnxSubnetworkLayer (zono shape: (250, 4572))... 0.101 sec
Layer 12/13: ReluLayer (zono shape: (250, 4572))... 0.011 sec
Layer 13/13: LinearOnnxSubnetworkLayer (zono shape: (250, 4822))... 0.032 sec
Overapprox Round 2/3 has 3 set(s)
Layer 1/13: LinearOnnxSubnetworkLayer (zono shape: (250, 3322))... 0.103 sec
Layer 2/13: ReluLayer (zono shape: (250, 3322))... 0.019 sec
Layer 3/13: LinearOnnxSubnetworkLayer (zono shape: (250, 3572))... 0.11 sec
Layer 4/13: ReluLayer (zono shape: (250, 3572))... 0.018 sec
Layer 5/13: LinearOnnxSubnetworkLayer (zono shape: (250, 3822))... 0.118 sec
Layer 6/13: ReluLayer (zono shape: (250, 3822))... 0.021 sec
Layer 7/13: LinearOnnxSubnetworkLayer (zono shape: (250, 4072))... 0.124 sec
Layer 8/13: ReluLayer (zono shape: (250, 4072))... 0.024 sec
Layer 9/13: LinearOnnxSubnetworkLayer (zono shape: (250, 4322))... 0.136 sec
Layer 10/13: ReluLayer (zono shape: (250, 4322))... 0.028 sec
Layer 11/13: LinearOnnxSubnetworkLayer (zono shape: (250, 4572))... 0.149 sec
Layer 12/13: ReluLayer (zono shape: (250, 4572))... 0.037 sec
Layer 13/13: LinearOnnxSubnetworkLayer (zono shape: (250, 4822))... 0.101 sec
Overapprox Round 3/3 has 4 set(s)
Layer 1/13: LinearOnnxSubnetworkLayer (zono shape: (250, 3322))... 0.15 sec
Layer 2/13: ReluLayer (zono shape: (250, 3322))...
Using LP to check 250/250 potential ReLU splits... 22.418 sec
Layer 3/13: LinearOnnxSubnetworkLayer (zono shape: (250, 3572))... 0.15 sec
Layer 4/13: ReluLayer (zono shape: (250, 3572))...
Using LP to check 250/250 potential ReLU splits...


Total Stars: 0 (0 exact, 0 approx)
Runtime: 43.2 sec
Completed work frac: 0.0
Num Stars Copied Between Processes: 0
Num Lps During Enumeration: 0
Total Num Lps: 0

Timeout (30) reached during execution
