Set parameter WLSAccessID
Set parameter WLSSecret
Set parameter LicenseID to value 2542227
Academic license 2542227 - for non-commercial use only - registered to ka___@unsw.edu.au
Running in parallel with 8 processes
Overapprox Round 1/3 has 1 set(s)
Layer 1/13: LinearOnnxSubnetworkLayer (zono shape: (250, 3134))... 0.032 sec
Layer 2/13: ReluLayer (zono shape: (250, 3134))... 0.022 sec
Layer 3/13: LinearOnnxSubnetworkLayer (zono shape: (250, 3198))... 0.033 sec
Layer 4/13: ReluLayer (zono shape: (250, 3198))... 0.004 sec
Layer 5/13: LinearOnnxSubnetworkLayer (zono shape: (250, 3228))... 0.055 sec
Layer 6/13: ReluLayer (zono shape: (250, 3228))... 0.005 sec
Layer 7/13: LinearOnnxSubnetworkLayer (zono shape: (250, 3250))... 0.047 sec
Layer 8/13: ReluLayer (zono shape: (250, 3250))... 0.005 sec
Layer 9/13: LinearOnnxSubnetworkLayer (zono shape: (250, 3281))... 0.035 sec
Layer 10/13: ReluLayer (zono shape: (250, 3281))... 0.004 sec
Layer 11/13: LinearOnnxSubnetworkLayer (zono shape: (250, 3327))... 0.047 sec
Layer 12/13: ReluLayer (zono shape: (250, 3327))... 0.004 sec
Layer 13/13: LinearOnnxSubnetworkLayer (zono shape: (250, 3402))... 0.022 sec
Overapprox Round 2/3 has 3 set(s)
Layer 1/13: LinearOnnxSubnetworkLayer (zono shape: (250, 3134))... 0.095 sec
Layer 2/13: ReluLayer (zono shape: (250, 3134))... 0.029 sec
Layer 3/13: LinearOnnxSubnetworkLayer (zono shape: (250, 3198))... 0.097 sec
Layer 4/13: ReluLayer (zono shape: (250, 3198))... 0.014 sec
Layer 5/13: LinearOnnxSubnetworkLayer (zono shape: (250, 3228))... 0.102 sec
Layer 6/13: ReluLayer (zono shape: (250, 3228))... 0.021 sec
Layer 7/13: LinearOnnxSubnetworkLayer (zono shape: (250, 3250))... 0.114 sec
Layer 8/13: ReluLayer (zono shape: (250, 3250))... 0.023 sec
Layer 9/13: LinearOnnxSubnetworkLayer (zono shape: (250, 3281))... 0.161 sec
Layer 10/13: ReluLayer (zono shape: (250, 3281))... 0.018 sec
Layer 11/13: LinearOnnxSubnetworkLayer (zono shape: (250, 3327))... 0.126 sec
Layer 12/13: ReluLayer (zono shape: (250, 3327))... 0.017 sec
Layer 13/13: LinearOnnxSubnetworkLayer (zono shape: (250, 3402))... 0.071 sec
Overapprox Round 3/3 has 4 set(s)
Layer 1/13: LinearOnnxSubnetworkLayer (zono shape: (250, 3134))... 0.137 sec
Layer 2/13: ReluLayer (zono shape: (250, 3134))...
Using LP to check 64/250 potential ReLU splits... 1.754 sec
Layer 3/13: LinearOnnxSubnetworkLayer (zono shape: (250, 3191))... 0.138 sec
Layer 4/13: ReluLayer (zono shape: (250, 3191))...
Using LP to check 27/250 potential ReLU splits... 2.601 sec
Layer 5/13: LinearOnnxSubnetworkLayer (zono shape: (250, 3212))... 0.105 sec
Layer 6/13: ReluLayer (zono shape: (250, 3212))...
Using LP to check 22/250 potential ReLU splits... 4.828 sec
Layer 7/13: LinearOnnxSubnetworkLayer (zono shape: (250, 3231))... 0.146 sec
Layer 8/13: ReluLayer (zono shape: (250, 3231))...
Using LP to check 27/250 potential ReLU splits... 7.79 sec
Layer 9/13: LinearOnnxSubnetworkLayer (zono shape: (250, 3257))... 0.116 sec
Layer 10/13: ReluLayer (zono shape: (250, 3257))...
Using LP to check 44/250 potential ReLU splits... 9.091 sec
Layer 11/13: LinearOnnxSubnetworkLayer (zono shape: (250, 3289))... 0.176 sec
Layer 12/13: ReluLayer (zono shape: (250, 3289))...
Using LP to check 66/250 potential ReLU splits...


Total Stars: 0 (0 exact, 0 approx)
Runtime: 33.8 sec
Completed work frac: 0.0
Num Stars Copied Between Processes: 0
Num Lps During Enumeration: 0
Total Num Lps: 0

Timeout (30) reached during execution
