Set parameter WLSAccessID
Set parameter WLSSecret
Set parameter LicenseID to value 2542227
Academic license 2542227 - for non-commercial use only - registered to ka___@unsw.edu.au
Running in parallel with 8 processes
Overapprox Round 1/3 has 1 set(s)
Layer 1/13: LinearOnnxSubnetworkLayer (zono shape: (250, 3147))... 0.038 sec
Layer 2/13: ReluLayer (zono shape: (250, 3147))... 0.007 sec
Layer 3/13: LinearOnnxSubnetworkLayer (zono shape: (250, 3224))... 0.055 sec
Layer 4/13: ReluLayer (zono shape: (250, 3224))... 0.006 sec
Layer 5/13: LinearOnnxSubnetworkLayer (zono shape: (250, 3252))... 0.048 sec
Layer 6/13: ReluLayer (zono shape: (250, 3252))... 0.004 sec
Layer 7/13: LinearOnnxSubnetworkLayer (zono shape: (250, 3277))... 0.035 sec
Layer 8/13: ReluLayer (zono shape: (250, 3277))... 0.007 sec
Layer 9/13: LinearOnnxSubnetworkLayer (zono shape: (250, 3295))... 0.059 sec
Layer 10/13: ReluLayer (zono shape: (250, 3295))... 0.007 sec
Layer 11/13: LinearOnnxSubnetworkLayer (zono shape: (250, 3312))... 0.049 sec
Layer 12/13: ReluLayer (zono shape: (250, 3312))... 0.008 sec
Layer 13/13: LinearOnnxSubnetworkLayer (zono shape: (250, 3350))... 0.051 sec
Overapprox Round 2/3 has 3 set(s)
Layer 1/13: LinearOnnxSubnetworkLayer (zono shape: (250, 3147))... 0.098 sec
Layer 2/13: ReluLayer (zono shape: (250, 3147))... 0.016 sec
Layer 3/13: LinearOnnxSubnetworkLayer (zono shape: (250, 3224))... 0.124 sec
Layer 4/13: ReluLayer (zono shape: (250, 3224))... 0.03 sec
Layer 5/13: LinearOnnxSubnetworkLayer (zono shape: (250, 3252))... 0.108 sec
Layer 6/13: ReluLayer (zono shape: (250, 3252))... 0.016 sec
Layer 7/13: LinearOnnxSubnetworkLayer (zono shape: (250, 3277))... 0.168 sec
Layer 8/13: ReluLayer (zono shape: (250, 3277))... 0.019 sec
Layer 9/13: LinearOnnxSubnetworkLayer (zono shape: (250, 3295))... 0.112 sec
Layer 10/13: ReluLayer (zono shape: (250, 3295))... 0.012 sec
Layer 11/13: LinearOnnxSubnetworkLayer (zono shape: (250, 3312))... 0.1 sec
Layer 12/13: ReluLayer (zono shape: (250, 3312))... 0.013 sec
Layer 13/13: LinearOnnxSubnetworkLayer (zono shape: (250, 3350))... 0.069 sec
Overapprox Round 3/3 has 4 set(s)
Layer 1/13: LinearOnnxSubnetworkLayer (zono shape: (250, 3147))... 0.164 sec
Layer 2/13: ReluLayer (zono shape: (250, 3147))...
Using LP to check 77/250 potential ReLU splits... 2.558 sec
Layer 3/13: LinearOnnxSubnetworkLayer (zono shape: (250, 3219))... 0.138 sec
Layer 4/13: ReluLayer (zono shape: (250, 3219))...
Using LP to check 25/250 potential ReLU splits... 4.941 sec
Layer 5/13: LinearOnnxSubnetworkLayer (zono shape: (250, 3242))... 0.16 sec
Layer 6/13: ReluLayer (zono shape: (250, 3242))...
Using LP to check 24/250 potential ReLU splits... 10.217 sec
Layer 7/13: LinearOnnxSubnetworkLayer (zono shape: (250, 3264))... 0.224 sec
Layer 8/13: ReluLayer (zono shape: (250, 3264))...
Using LP to check 16/250 potential ReLU splits...


Total Stars: 0 (0 exact, 0 approx)
Runtime: 30.3 sec
Completed work frac: 0.0
Num Stars Copied Between Processes: 0
Num Lps During Enumeration: 0
Total Num Lps: 0

Timeout (30) reached during execution
