Set parameter WLSAccessID
Set parameter WLSSecret
Set parameter LicenseID to value 2542227
Academic license 2542227 - for non-commercial use only - registered to ka___@unsw.edu.au
Running in parallel with 8 processes
Overapprox Round 1/3 has 1 set(s)
Layer 1/13: LinearOnnxSubnetworkLayer (zono shape: (250, 3265))... 0.583 sec
Layer 2/13: ReluLayer (zono shape: (250, 3265))... 0.183 sec
Layer 3/13: LinearOnnxSubnetworkLayer (zono shape: (250, 3515))... 0.705 sec
Layer 4/13: ReluLayer (zono shape: (250, 3515))... 0.027 sec
Layer 5/13: LinearOnnxSubnetworkLayer (zono shape: (250, 3765))... 0.296 sec
Layer 6/13: ReluLayer (zono shape: (250, 3765))... 0.092 sec
Layer 7/13: LinearOnnxSubnetworkLayer (zono shape: (250, 4015))... 0.069 sec
Layer 8/13: ReluLayer (zono shape: (250, 4015))... 0.015 sec
Layer 9/13: LinearOnnxSubnetworkLayer (zono shape: (250, 4265))... 0.233 sec
Layer 10/13: ReluLayer (zono shape: (250, 4265))... 0.183 sec
Layer 11/13: LinearOnnxSubnetworkLayer (zono shape: (250, 4515))... 0.869 sec
Layer 12/13: ReluLayer (zono shape: (250, 4515))... 0.202 sec
Layer 13/13: LinearOnnxSubnetworkLayer (zono shape: (250, 4765))... 0.118 sec
Overapprox Round 2/3 has 3 set(s)
Layer 1/13: LinearOnnxSubnetworkLayer (zono shape: (250, 3265))... 0.566 sec
Layer 2/13: ReluLayer (zono shape: (250, 3265))... 0.109 sec
Layer 3/13: LinearOnnxSubnetworkLayer (zono shape: (250, 3515))... 0.393 sec
Layer 4/13: ReluLayer (zono shape: (250, 3515))... 0.124 sec
Layer 5/13: LinearOnnxSubnetworkLayer (zono shape: (250, 3765))... 0.218 sec
Layer 6/13: ReluLayer (zono shape: (250, 3765))... 0.128 sec
Layer 7/13: LinearOnnxSubnetworkLayer (zono shape: (250, 4015))... 0.166 sec
Layer 8/13: ReluLayer (zono shape: (250, 4015))... 0.058 sec
Layer 9/13: LinearOnnxSubnetworkLayer (zono shape: (250, 4265))... 0.268 sec
Layer 10/13: ReluLayer (zono shape: (250, 4265))... 0.027 sec
Layer 11/13: LinearOnnxSubnetworkLayer (zono shape: (250, 4515))... 0.134 sec
Layer 12/13: ReluLayer (zono shape: (250, 4515))... 0.327 sec
Layer 13/13: LinearOnnxSubnetworkLayer (zono shape: (250, 4765))... 0.36 sec
Overapprox Round 3/3 has 4 set(s)
Layer 1/13: LinearOnnxSubnetworkLayer (zono shape: (250, 3265))... 0.65 sec
Layer 2/13: ReluLayer (zono shape: (250, 3265))...
Using LP to check 250/250 potential ReLU splits...


Total Stars: 0 (0 exact, 0 approx)
Runtime: 31.5 sec
Completed work frac: 0.0
Num Stars Copied Between Processes: 0
Num Lps During Enumeration: 0
Total Num Lps: 0

Timeout (30) reached during execution
