Set parameter WLSAccessID
Set parameter WLSSecret
Set parameter LicenseID to value 2542227
Academic license 2542227 - for non-commercial use only - registered to ka___@unsw.edu.au
Running in parallel with 8 processes
Overapprox Round 1/3 has 1 set(s)
Layer 1/13: LinearOnnxSubnetworkLayer (zono shape: (250, 3191))... 1.693 sec
Layer 2/13: ReluLayer (zono shape: (250, 3191))... 0.011 sec
Layer 3/13: LinearOnnxSubnetworkLayer (zono shape: (250, 3405))... 0.411 sec
Layer 4/13: ReluLayer (zono shape: (250, 3405))... 0.049 sec
Layer 5/13: LinearOnnxSubnetworkLayer (zono shape: (250, 3654))... 0.653 sec
Layer 6/13: ReluLayer (zono shape: (250, 3654))... 0.011 sec
Layer 7/13: LinearOnnxSubnetworkLayer (zono shape: (250, 3904))... 0.041 sec
Layer 8/13: ReluLayer (zono shape: (250, 3904))... 0.026 sec
Layer 9/13: LinearOnnxSubnetworkLayer (zono shape: (250, 4154))... 0.449 sec
Layer 10/13: ReluLayer (zono shape: (250, 4154))... 0.144 sec
Layer 11/13: LinearOnnxSubnetworkLayer (zono shape: (250, 4404))... 0.342 sec
Layer 12/13: ReluLayer (zono shape: (250, 4404))... 0.01 sec
Layer 13/13: LinearOnnxSubnetworkLayer (zono shape: (250, 4654))... 0.032 sec
Overapprox Round 2/3 has 3 set(s)
Layer 1/13: LinearOnnxSubnetworkLayer (zono shape: (250, 3191))... 0.421 sec
Layer 2/13: ReluLayer (zono shape: (250, 3191))... 0.017 sec
Layer 3/13: LinearOnnxSubnetworkLayer (zono shape: (250, 3405))... 1.182 sec
Layer 4/13: ReluLayer (zono shape: (250, 3405))... 0.022 sec
Layer 5/13: LinearOnnxSubnetworkLayer (zono shape: (250, 3654))... 0.178 sec
Layer 6/13: ReluLayer (zono shape: (250, 3654))... 0.153 sec
Layer 7/13: LinearOnnxSubnetworkLayer (zono shape: (250, 3904))... 0.316 sec
Layer 8/13: ReluLayer (zono shape: (250, 3904))... 0.063 sec
Layer 9/13: LinearOnnxSubnetworkLayer (zono shape: (250, 4154))... 0.238 sec
Layer 10/13: ReluLayer (zono shape: (250, 4154))... 0.038 sec
Layer 11/13: LinearOnnxSubnetworkLayer (zono shape: (250, 4404))... 0.161 sec
Layer 12/13: ReluLayer (zono shape: (250, 4404))... 0.03 sec
Layer 13/13: LinearOnnxSubnetworkLayer (zono shape: (250, 4654))... 0.101 sec
Overapprox Round 3/3 has 4 set(s)
Layer 1/13: LinearOnnxSubnetworkLayer (zono shape: (250, 3191))... 1.216 sec
Layer 2/13: ReluLayer (zono shape: (250, 3191))...
Using LP to check 214/250 potential ReLU splits...


Total Stars: 0 (0 exact, 0 approx)
Runtime: 34.0 sec
Completed work frac: 0.0
Num Stars Copied Between Processes: 0
Num Lps During Enumeration: 0
Total Num Lps: 0

Timeout (30) reached during execution
