Set parameter WLSAccessID
Set parameter WLSSecret
Set parameter LicenseID to value 2542227
Academic license 2542227 - for non-commercial use only - registered to ka___@unsw.edu.au
Running in parallel with 8 processes
Overapprox Round 1/3 has 1 set(s)
Layer 1/13: LinearOnnxSubnetworkLayer (zono shape: (250, 3149))... 0.026 sec
Layer 2/13: ReluLayer (zono shape: (250, 3149))... 0.006 sec
Layer 3/13: LinearOnnxSubnetworkLayer (zono shape: (250, 3237))... 0.061 sec
Layer 4/13: ReluLayer (zono shape: (250, 3237))... 0.019 sec
Layer 5/13: LinearOnnxSubnetworkLayer (zono shape: (250, 3294))... 0.241 sec
Layer 6/13: ReluLayer (zono shape: (250, 3294))... 0.011 sec
Layer 7/13: LinearOnnxSubnetworkLayer (zono shape: (250, 3334))... 0.637 sec
Layer 8/13: ReluLayer (zono shape: (250, 3334))... 0.149 sec
Layer 9/13: LinearOnnxSubnetworkLayer (zono shape: (250, 3389))... 0.146 sec
Layer 10/13: ReluLayer (zono shape: (250, 3389))... 0.011 sec
Layer 11/13: LinearOnnxSubnetworkLayer (zono shape: (250, 3459))... 0.028 sec
Layer 12/13: ReluLayer (zono shape: (250, 3459))... 0.007 sec
Layer 13/13: LinearOnnxSubnetworkLayer (zono shape: (250, 3575))... 0.072 sec
Overapprox Round 2/3 has 3 set(s)
Layer 1/13: LinearOnnxSubnetworkLayer (zono shape: (250, 3149))... 0.767 sec
Layer 2/13: ReluLayer (zono shape: (250, 3149))... 0.256 sec
Layer 3/13: LinearOnnxSubnetworkLayer (zono shape: (250, 3237))... 0.433 sec
Layer 4/13: ReluLayer (zono shape: (250, 3237))... 0.017 sec
Layer 5/13: LinearOnnxSubnetworkLayer (zono shape: (250, 3294))... 0.643 sec
Layer 6/13: ReluLayer (zono shape: (250, 3294))... 0.192 sec
Layer 7/13: LinearOnnxSubnetworkLayer (zono shape: (250, 3334))... 0.08 sec
Layer 8/13: ReluLayer (zono shape: (250, 3334))... 0.069 sec
Layer 9/13: LinearOnnxSubnetworkLayer (zono shape: (250, 3389))... 0.503 sec
Layer 10/13: ReluLayer (zono shape: (250, 3389))... 0.075 sec
Layer 11/13: LinearOnnxSubnetworkLayer (zono shape: (250, 3459))... 0.12 sec
Layer 12/13: ReluLayer (zono shape: (250, 3459))... 0.018 sec
Layer 13/13: LinearOnnxSubnetworkLayer (zono shape: (250, 3575))... 1.596 sec
Overapprox Round 3/3 has 4 set(s)
Layer 1/13: LinearOnnxSubnetworkLayer (zono shape: (250, 3149))... 0.201 sec
Layer 2/13: ReluLayer (zono shape: (250, 3149))...
Using LP to check 88/250 potential ReLU splits... 14.449 sec



Total Stars: 0 (0 exact, 0 approx)
Runtime: 31.1 sec
Completed work frac: 0.0
Num Stars Copied Between Processes: 0
Num Lps During Enumeration: 0
Total Num Lps: 0

Timeout (30) reached during execution
