Set parameter WLSAccessID
Set parameter WLSSecret
Set parameter LicenseID to value 2542227
Academic license 2542227 - for non-commercial use only - registered to ka___@unsw.edu.au
Running in parallel with 8 processes
Overapprox Round 1/3 has 1 set(s)
Layer 1/13: LinearOnnxSubnetworkLayer (zono shape: (250, 3115))... 0.054 sec
Layer 2/13: ReluLayer (zono shape: (250, 3115))... 0.019 sec
Layer 3/13: LinearOnnxSubnetworkLayer (zono shape: (250, 3159))... 0.264 sec
Layer 4/13: ReluLayer (zono shape: (250, 3159))... 0.005 sec
Layer 5/13: LinearOnnxSubnetworkLayer (zono shape: (250, 3172))... 0.063 sec
Layer 6/13: ReluLayer (zono shape: (250, 3172))... 0.016 sec
Layer 7/13: LinearOnnxSubnetworkLayer (zono shape: (250, 3189))... 0.163 sec
Layer 8/13: ReluLayer (zono shape: (250, 3189))... 0.089 sec
Layer 9/13: LinearOnnxSubnetworkLayer (zono shape: (250, 3198))... 0.66 sec
Layer 10/13: ReluLayer (zono shape: (250, 3198))... 0.081 sec
Layer 11/13: LinearOnnxSubnetworkLayer (zono shape: (250, 3214))... 0.132 sec
Layer 12/13: ReluLayer (zono shape: (250, 3214))... 0.028 sec
Layer 13/13: LinearOnnxSubnetworkLayer (zono shape: (250, 3250))... 0.125 sec
Overapprox Round 2/3 has 3 set(s)
Layer 1/13: LinearOnnxSubnetworkLayer (zono shape: (250, 3115))... 0.608 sec
Layer 2/13: ReluLayer (zono shape: (250, 3115))... 0.151 sec
Layer 3/13: LinearOnnxSubnetworkLayer (zono shape: (250, 3159))... 0.546 sec
Layer 4/13: ReluLayer (zono shape: (250, 3159))... 0.018 sec
Layer 5/13: LinearOnnxSubnetworkLayer (zono shape: (250, 3172))... 0.729 sec
Layer 6/13: ReluLayer (zono shape: (250, 3172))... 0.233 sec
Layer 7/13: LinearOnnxSubnetworkLayer (zono shape: (250, 3189))... 0.831 sec
Layer 8/13: ReluLayer (zono shape: (250, 3189))... 0.243 sec
Layer 9/13: LinearOnnxSubnetworkLayer (zono shape: (250, 3198))... 0.69 sec
Layer 10/13: ReluLayer (zono shape: (250, 3198))... 0.042 sec
Layer 11/13: LinearOnnxSubnetworkLayer (zono shape: (250, 3214))... 0.144 sec
Layer 12/13: ReluLayer (zono shape: (250, 3214))... 0.04 sec
Layer 13/13: LinearOnnxSubnetworkLayer (zono shape: (250, 3250))... 1.514 sec
Overapprox Round 3/3 has 4 set(s)
Layer 1/13: LinearOnnxSubnetworkLayer (zono shape: (250, 3115))... 0.391 sec
Layer 2/13: ReluLayer (zono shape: (250, 3115))...
Using LP to check 44/250 potential ReLU splits... 8.166 sec
Layer 3/13: LinearOnnxSubnetworkLayer (zono shape: (250, 3157))... 0.118 sec
Layer 4/13: ReluLayer (zono shape: (250, 3157))...
Using LP to check 13/250 potential ReLU splits... 10.573 sec



Total Stars: 0 (0 exact, 0 approx)
Runtime: 32.9 sec
Completed work frac: 0.0
Num Stars Copied Between Processes: 0
Num Lps During Enumeration: 0
Total Num Lps: 0

Timeout (30) reached during execution
