[2026-05-26 20:34:43] === abcrown vnncomp2025-FORK supplemental sweep, --NOPGD
[2026-05-26 20:34:43] results -> /data1/Kane/ACT/audit_results/abcrown_nopgd_20260525
[2026-05-26 20:34:43] GPU: NVIDIA RTX PRO 6000 Blackwell Max-Q Workstation Edition, 97887 MiB
[2026-05-26 20:34:43] [nn4sys] CATEGORY=nn4sys instances=194
[2026-05-26 20:35:06] [nn4sys] 5/194 sat=0 unsat=0 timeout=0 err=5 resumed=0
[2026-05-26 20:35:28] [nn4sys] 10/194 sat=0 unsat=0 timeout=0 err=10 resumed=0
[2026-05-26 20:35:48] [nn4sys] 15/194 sat=0 unsat=0 timeout=0 err=15 resumed=0
[2026-05-26 20:36:11] [nn4sys] 20/194 sat=0 unsat=0 timeout=0 err=20 resumed=0
[2026-05-26 20:36:32] [nn4sys] 25/194 sat=0 unsat=0 timeout=0 err=25 resumed=0
[2026-05-26 20:36:54] [nn4sys] 30/194 sat=0 unsat=0 timeout=0 err=30 resumed=0
[2026-05-26 20:37:15] [nn4sys] 35/194 sat=0 unsat=0 timeout=0 err=35 resumed=0
[2026-05-26 20:37:35] [nn4sys] 40/194 sat=0 unsat=0 timeout=0 err=40 resumed=0
[2026-05-26 20:37:58] [nn4sys] 45/194 sat=0 unsat=0 timeout=0 err=45 resumed=0
[2026-05-26 20:38:20] [nn4sys] 50/194 sat=0 unsat=0 timeout=0 err=50 resumed=0
[2026-05-26 20:38:43] [nn4sys] 55/194 sat=0 unsat=0 timeout=0 err=55 resumed=0
[2026-05-26 20:39:06] [nn4sys] 60/194 sat=0 unsat=0 timeout=0 err=60 resumed=0
[2026-05-26 20:39:26] [nn4sys] 65/194 sat=0 unsat=0 timeout=0 err=65 resumed=0
[2026-05-26 20:39:50] [nn4sys] 70/194 sat=0 unsat=0 timeout=0 err=70 resumed=0
[2026-05-26 20:40:12] [nn4sys] 75/194 sat=0 unsat=0 timeout=0 err=75 resumed=0
[2026-05-26 20:40:35] [nn4sys] 80/194 sat=0 unsat=0 timeout=0 err=80 resumed=0
[2026-05-26 20:40:58] [nn4sys] 85/194 sat=0 unsat=0 timeout=0 err=85 resumed=0
[2026-05-26 20:41:18] [nn4sys] 90/194 sat=0 unsat=0 timeout=0 err=90 resumed=0
[2026-05-26 20:41:39] [nn4sys] 95/194 sat=0 unsat=0 timeout=0 err=95 resumed=0
[2026-05-26 20:42:00] [nn4sys] 100/194 sat=0 unsat=0 timeout=0 err=100 resumed=0
[2026-05-26 20:42:21] [nn4sys] 105/194 sat=0 unsat=0 timeout=0 err=105 resumed=0
[2026-05-26 20:42:41] [nn4sys] 110/194 sat=0 unsat=5 timeout=0 err=105 resumed=0
[2026-05-26 20:43:00] [nn4sys] 115/194 sat=0 unsat=10 timeout=0 err=105 resumed=0
[2026-05-26 20:43:20] [nn4sys] 120/194 sat=0 unsat=15 timeout=0 err=105 resumed=0
[2026-05-26 20:43:41] [nn4sys] 125/194 sat=0 unsat=20 timeout=0 err=105 resumed=0
[2026-05-26 20:44:08] [nn4sys] 130/194 sat=0 unsat=24 timeout=0 err=106 resumed=0
[2026-05-26 20:44:43] [nn4sys] 135/194 sat=0 unsat=29 timeout=0 err=106 resumed=0
[2026-05-26 20:45:26] [nn4sys] 140/194 sat=0 unsat=34 timeout=0 err=106 resumed=0
[2026-05-26 20:46:14] [nn4sys] 145/194 sat=0 unsat=39 timeout=0 err=106 resumed=0
[2026-05-26 20:47:17] [nn4sys] 150/194 sat=0 unsat=44 timeout=0 err=106 resumed=0
[2026-05-26 20:48:58] [nn4sys] 155/194 sat=0 unsat=49 timeout=0 err=106 resumed=0
[2026-05-26 20:50:58] [nn4sys] 160/194 sat=0 unsat=54 timeout=0 err=106 resumed=0
[2026-05-26 20:51:37] [nn4sys] 165/194 sat=0 unsat=54 timeout=0 err=111 resumed=0
[2026-05-26 20:52:41] [nn4sys] 170/194 sat=0 unsat=54 timeout=0 err=116 resumed=0
[2026-05-26 20:53:24] [nn4sys] 175/194 sat=0 unsat=54 timeout=0 err=121 resumed=0
[2026-05-26 20:53:58] [nn4sys] 180/194 sat=0 unsat=54 timeout=0 err=126 resumed=0
[2026-05-26 20:54:52] [nn4sys] 185/194 sat=0 unsat=54 timeout=0 err=131 resumed=0
[2026-05-26 20:56:43] [nn4sys] 190/194 sat=0 unsat=54 timeout=0 err=136 resumed=0
[2026-05-26 20:58:29] [nn4sys] 194/194 sat=0 unsat=54 timeout=0 err=140 resumed=0
[2026-05-26 20:58:29] [nn4sys] DONE — total=194 new=194 resumed=0 sat=0 unsat=54 timeout=0 err=140
[2026-05-26 20:58:29] === sweep complete
