=== CORA STRICT: bench=dist_shift_2023 idx=35  timeout=300  start=2026-05-27 13:54:29
=== onnx=./onnx/mnist_concat.onnx
=== vnnlib=./vnnlib/index6136_delta0.13.vnnlib
prepare_instance(dist_shift_2023,/data1/Kane/data/vnncomp2025_benchmarks/benchmarks/dist_shift_2023/onnx/mnist_concat.onnx,/data1/Kane/data/vnncomp2025_benchmarks/benchmarks/dist_shift_2023/vnnlib/index6136_delta0.13.vnnlib)...
--- Loading network... done
--- GPU available: true
--- Loading specification... done
--- Storing MATLAB file... done
______________________________
 neuralNetwork/verify options 
------------------------------
 - GPU: true                                                                                                                                                                                                                                                                                                  
 - Poly. Method: bounds                                     
 - Batchsize: 1024                                                                                                                          
 - Interval Center: false                 
 - Num. init. Generators: Inf 
 - Num. approx. Error (per nonl. Layer): Inf 
 - approx. Error Heuristic: sensitivity*length 
 - Falsification Method: none 
 - Refinement Method: naive     
 - Num. of Splits: 2                                                                                  
 - Num. of Dimensions: 1                          
 - Num. of Neuron-Splits: 0     
 - Num. of ReLU-Tightening Constraints: 0 
______________________________

run_instance(dist_shift_2023,/data1/Kane/data/vnncomp2025_benchmarks/benchmarks/dist_shift_2023/onnx/mnist_concat.onnx,/data1/Kane/data/vnncomp2025_benchmarks/benchmarks/dist_shift_2023/vnnlib/index6136_delta0.13.vnnlib,/data1/Kane/ACT/audit_results/cora_truestrict_20260527/dist_shift_2023/0035__mnist_concat__index6136_delta0.13.result,300,0)...
--- Loading MATLAB file... done
--- Deleting MATLAB file... done
--- GPU available: true
--- Running verification... done
Writing results...
--- opening results file ... done
--- writing file ...=== CORA STRICT: verdict=unknown wall=10.004s
[2026-05-27 13:54:39] [dist_shift_2023] 35/72 sat=0 unsat=0 timeout=35 err=0 resumed=0
