=== CORA STRICT: bench=relusplitter idx=220  timeout=180  start=2026-05-27 14:59:22
=== onnx=onnx/cifar_biasfield_vnncomp2022_cifar_bias_field_0_RSPLITTER_cifar_biasfield_vnncomp2022_prop_0.onnx
=== vnnlib=vnnlib/cifar_biasfield_vnncomp2022_prop_0.vnnlib
prepare_instance(relusplitter,/data1/Kane/data/vnncomp2025_benchmarks/benchmarks/relusplitter/onnx/cifar_biasfield_vnncomp2022_cifar_bias_field_0_RSPLITTER_cifar_biasfield_vnncomp2022_prop_0.onnx,/data1/Kane/data/vnncomp2025_benchmarks/benchmarks/relusplitter/vnnlib/cifar_biasfield_vnncomp2022_prop_0.vnnlib)...
--- Loading network...[Warning: The number of dimensions {1, 16} declared in the ONNX file do not
match the 'InputDataFormats' value "CSS" for the 1 input. The software will use
the derived data format.] 

Unexpected Error! --- Size vector must have at least two elements.
 --- dlarray/reshape [40]
 --- neuralNetwork/convertDLToolboxNetwork/convertDLToolboxNetwork/aux_convertLayer [299]
 --- neuralNetwork/convertDLToolboxNetwork/convertDLToolboxNetwork/aux_convertLayers [139]
 --- neuralNetwork/convertDLToolboxNetwork [46]
 --- neuralNetwork/readONNXNetwork [91]
 --- prepare_instance/aux_readNetworkAndOptions [231]
 --- prepare_instance/prepare_instance [9]
 --- cora_strict_sweep_runner/cora_strict_sweep_runner [167]

run_instance(relusplitter,/data1/Kane/data/vnncomp2025_benchmarks/benchmarks/relusplitter/onnx/cifar_biasfield_vnncomp2022_cifar_bias_field_0_RSPLITTER_cifar_biasfield_vnncomp2022_prop_0.onnx,/data1/Kane/data/vnncomp2025_benchmarks/benchmarks/relusplitter/vnnlib/cifar_biasfield_vnncomp2022_prop_0.vnnlib,/data1/Kane/ACT/audit_results/cora_truestrict_20260527/relusplitter/0220__cifar_biasfield_vnncomp2022_cifar_bias_field_0_RSPLITTER_cifar_biasfield_vnncomp2022_prop_0__cifar_biasfield_vnncomp2022_prop_0.result,180,0)...
--- Loading MATLAB file...
Unexpected Error! --- Unable to find file or directory "relusplitter_cifar_biasfield_vnncomp2022_cifar_bias_field_0_RSPLITTER_cifar_biasfield_vnncomp2022_prop_0_cifar_biasfield_vnncomp2022_prop_0.mat".
 --- run_instance/run_instance [21]
 --- cora_strict_sweep_runner/cora_strict_sweep_runner [168]

 done
=== CORA STRICT: verdict=unknown wall=16.718s
[2026-05-27 14:59:39] [relusplitter] 220/220 sat=0 unsat=0 timeout=220 err=0 resumed=0
[2026-05-27 14:59:39] [relusplitter] DONE -- total=220 new=220 resumed=0 sat=0 unsat=0 timeout=220 err=0
[2026-05-27 14:59:39] [cora_2024] instances=180 (start)
