[ACT] Auto-detecting project root: ../ACT
[ACT] Gurobi license found: ../ACT/modules/gurobi/gurobi.lic
{
  "benchmark": "metaroom_2023",
  "instance_id": 0,
  "status": "OK",
  "cli_normalized": "OK",
  "wall_s": 164.1045331780333,
  "peak_rss_mb": 2922.7890625,
  "returncode": 0,
  "per_instance_json": "/data1/Kane/ACT/audit_results/metaroom_full_b3_v2_20260528T015505Z/per_instance_metaroom_2023_20260528T015750635220Z.json",
  "out_dir": "/data1/Kane/ACT/audit_results/metaroom_full_b3_v2_20260528T015505Z",
  "stdout_tail": "uccessfully loaded VNNLIB instance from 'metaroom_2023'\nINFO:act.front_end.vnnlib_loader.vnnlib_parser:Parsed spec_idx_176_eps_0.00001000.vnnlib: 19 query(ies)\n/data1/Kane/miniconda3/envs/act-py312/lib/python3.12/site-packages/torch/utils/_device.py:103: UserWarning: Sparse CSR tensor support is in beta state. If you miss a functionality in the sparse tensor support, please submit a feature request to https://github.com/pytorch/pytorch/issues. (Triggered internally at /pytorch/aten/src/ATen/SparseCsrTensorImpl.cpp:53.)\n  return func(*args, **kwargs)\n[ACT] Using existing Gurobi license: ../ACT/modules/gurobi/gurobi.lic\n\u2705 Device Manager Initialized: device=cpu, dtype=torch.float64\n\n================================================================================\nACT: Abstract Constraint Transformer\nInference-based whitebox fuzzing for neural network verification\n================================================================================\n\n\n================================================================================\nVERIFICATION TEST: VNNLIB \u2192 VerifiableModel \u2192 verify_once\n================================================================================\n\n[vnnlib] category=metaroom_2023 max_instances=1 mode=hybridz (full TOP1_ROBUST via labeled_tensor collapse; device=cpu, timeout=600.0s)\n  [  1/1] metaroom_2023/./onnx/6cnn_tz_35_5_no_custom_OP.onnx@./vnnlib/spec_idx_176_eps_0.00001000.vnnlib: CERTIFIED (160.7s)  V=1 A=0 U=0 E=0  R=0\n\n[vnnlib/hybridz] FINAL \u2014 total=1 wall=2.7 min\n  CERTIFIED    1\n  [structured] per-instance log \u2192 /data1/Kane/ACT/audit_results/metaroom_full_b3_v2_20260528T015505Z/per_instance_metaroom_2023_20260528T015750635220Z.json\n\n================================================================================\nVERIFICATION TEST SUMMARY\n================================================================================\n  \u2705 vnnlib                    PASSED\n================================================================================\n\n"
}
{
  "benchmark": "metaroom_2023",
  "instance_id": 1,
  "status": "OK",
  "cli_normalized": "OK",
  "wall_s": 27.51869725296274,
  "peak_rss_mb": 2282.6171875,
  "returncode": 0,
  "per_instance_json": "/data1/Kane/ACT/audit_results/metaroom_full_b3_v2_20260528T015505Z/per_instance_metaroom_2023_20260528T015818216593Z.json",
  "out_dir": "/data1/Kane/ACT/audit_results/metaroom_full_b3_v2_20260528T015505Z",
  "stdout_tail": ":Successfully loaded VNNLIB instance from 'metaroom_2023'\nINFO:act.front_end.vnnlib_loader.vnnlib_parser:Parsed spec_idx_79_eps_0.00001000.vnnlib: 19 query(ies)\n/data1/Kane/miniconda3/envs/act-py312/lib/python3.12/site-packages/torch/utils/_device.py:103: UserWarning: Sparse CSR tensor support is in beta state. If you miss a functionality in the sparse tensor support, please submit a feature request to https://github.com/pytorch/pytorch/issues. (Triggered internally at /pytorch/aten/src/ATen/SparseCsrTensorImpl.cpp:53.)\n  return func(*args, **kwargs)\n[ACT] Using existing Gurobi license: ../ACT/modules/gurobi/gurobi.lic\n\u2705 Device Manager Initialized: device=cpu, dtype=torch.float64\n\n================================================================================\nACT: Abstract Constraint Transformer\nInference-based whitebox fuzzing for neural network verification\n================================================================================\n\n\n================================================================================\nVERIFICATION TEST: VNNLIB \u2192 VerifiableModel \u2192 verify_once\n================================================================================\n\n[vnnlib] category=metaroom_2023 max_instances=1 mode=hybridz (full TOP1_ROBUST via labeled_tensor collapse; device=cpu, timeout=600.0s)\n  [  1/1] metaroom_2023/./onnx/4cnn_tz_65_10_no_custom_OP.onnx@./vnnlib/spec_idx_79_eps_0.00001000.vnnlib: CERTIFIED (24.2s)  V=1 A=0 U=0 E=0  R=0\n\n[vnnlib/hybridz] FINAL \u2014 total=1 wall=0.4 min\n  CERTIFIED    1\n  [structured] per-instance log \u2192 /data1/Kane/ACT/audit_results/metaroom_full_b3_v2_20260528T015505Z/per_instance_metaroom_2023_20260528T015818216593Z.json\n\n================================================================================\nVERIFICATION TEST SUMMARY\n================================================================================\n  \u2705 vnnlib                    PASSED\n================================================================================\n\n"
}
{
  "benchmark": "metaroom_2023",
  "instance_id": 2,
  "status": "OK",
  "cli_normalized": "OK",
  "wall_s": 189.21225455403328,
  "peak_rss_mb": 2905.28125,
  "returncode": 0,
  "per_instance_json": "/data1/Kane/ACT/audit_results/metaroom_full_b3_v2_20260528T015505Z/per_instance_metaroom_2023_20260528T020127549981Z.json",
  "out_dir": "/data1/Kane/ACT/audit_results/metaroom_full_b3_v2_20260528T015505Z",
  "stdout_tail": "ccessfully loaded VNNLIB instance from 'metaroom_2023'\nINFO:act.front_end.vnnlib_loader.vnnlib_parser:Parsed spec_idx_196_eps_0.00001000.vnnlib: 19 query(ies)\n/data1/Kane/miniconda3/envs/act-py312/lib/python3.12/site-packages/torch/utils/_device.py:103: UserWarning: Sparse CSR tensor support is in beta state. If you miss a functionality in the sparse tensor support, please submit a feature request to https://github.com/pytorch/pytorch/issues. (Triggered internally at /pytorch/aten/src/ATen/SparseCsrTensorImpl.cpp:53.)\n  return func(*args, **kwargs)\n[ACT] Using existing Gurobi license: ../ACT/modules/gurobi/gurobi.lic\n\u2705 Device Manager Initialized: device=cpu, dtype=torch.float64\n\n================================================================================\nACT: Abstract Constraint Transformer\nInference-based whitebox fuzzing for neural network verification\n================================================================================\n\n\n================================================================================\nVERIFICATION TEST: VNNLIB \u2192 VerifiableModel \u2192 verify_once\n================================================================================\n\n[vnnlib] category=metaroom_2023 max_instances=1 mode=hybridz (full TOP1_ROBUST via labeled_tensor collapse; device=cpu, timeout=600.0s)\n  [  1/1] metaroom_2023/./onnx/6cnn_tz_65_10_no_custom_OP.onnx@./vnnlib/spec_idx_196_eps_0.00001000.vnnlib: CERTIFIED (186.0s)  V=1 A=0 U=0 E=0  R=0\n\n[vnnlib/hybridz] FINAL \u2014 total=1 wall=3.1 min\n  CERTIFIED    1\n  [structured] per-instance log \u2192 /data1/Kane/ACT/audit_results/metaroom_full_b3_v2_20260528T015505Z/per_instance_metaroom_2023_20260528T020127549981Z.json\n\n================================================================================\nVERIFICATION TEST SUMMARY\n================================================================================\n  \u2705 vnnlib                    PASSED\n================================================================================\n\n"
}
{
  "benchmark": "metaroom_2023",
  "instance_id": 3,
  "status": "OK",
  "cli_normalized": "OK",
  "wall_s": 164.59436698094942,
  "peak_rss_mb": 2991.57421875,
  "returncode": 0,
  "per_instance_json": "/data1/Kane/ACT/audit_results/metaroom_full_b3_v2_20260528T015505Z/per_instance_metaroom_2023_20260528T020412243292Z.json",
  "out_dir": "/data1/Kane/ACT/audit_results/metaroom_full_b3_v2_20260528T015505Z",
  "stdout_tail": "uccessfully loaded VNNLIB instance from 'metaroom_2023'\nINFO:act.front_end.vnnlib_loader.vnnlib_parser:Parsed spec_idx_114_eps_0.00000436.vnnlib: 19 query(ies)\n/data1/Kane/miniconda3/envs/act-py312/lib/python3.12/site-packages/torch/utils/_device.py:103: UserWarning: Sparse CSR tensor support is in beta state. If you miss a functionality in the sparse tensor support, please submit a feature request to https://github.com/pytorch/pytorch/issues. (Triggered internally at /pytorch/aten/src/ATen/SparseCsrTensorImpl.cpp:53.)\n  return func(*args, **kwargs)\n[ACT] Using existing Gurobi license: ../ACT/modules/gurobi/gurobi.lic\n\u2705 Device Manager Initialized: device=cpu, dtype=torch.float64\n\n================================================================================\nACT: Abstract Constraint Transformer\nInference-based whitebox fuzzing for neural network verification\n================================================================================\n\n\n================================================================================\nVERIFICATION TEST: VNNLIB \u2192 VerifiableModel \u2192 verify_once\n================================================================================\n\n[vnnlib] category=metaroom_2023 max_instances=1 mode=hybridz (full TOP1_ROBUST via labeled_tensor collapse; device=cpu, timeout=600.0s)\n  [  1/1] metaroom_2023/./onnx/6cnn_ry_30_5_no_custom_OP.onnx@./vnnlib/spec_idx_114_eps_0.00000436.vnnlib: CERTIFIED (161.4s)  V=1 A=0 U=0 E=0  R=0\n\n[vnnlib/hybridz] FINAL \u2014 total=1 wall=2.7 min\n  CERTIFIED    1\n  [structured] per-instance log \u2192 /data1/Kane/ACT/audit_results/metaroom_full_b3_v2_20260528T015505Z/per_instance_metaroom_2023_20260528T020412243292Z.json\n\n================================================================================\nVERIFICATION TEST SUMMARY\n================================================================================\n  \u2705 vnnlib                    PASSED\n================================================================================\n\n"
}
{
  "benchmark": "metaroom_2023",
  "instance_id": 4,
  "status": "OK",
  "cli_normalized": "OK",
  "wall_s": 27.01478763401974,
  "peak_rss_mb": 2309.22265625,
  "returncode": 0,
  "per_instance_json": "/data1/Kane/ACT/audit_results/metaroom_full_b3_v2_20260528T015505Z/per_instance_metaroom_2023_20260528T020439220139Z.json",
  "out_dir": "/data1/Kane/ACT/audit_results/metaroom_full_b3_v2_20260528T015505Z",
  "stdout_tail": "r:Successfully loaded VNNLIB instance from 'metaroom_2023'\nINFO:act.front_end.vnnlib_loader.vnnlib_parser:Parsed spec_idx_23_eps_0.00000436.vnnlib: 19 query(ies)\n/data1/Kane/miniconda3/envs/act-py312/lib/python3.12/site-packages/torch/utils/_device.py:103: UserWarning: Sparse CSR tensor support is in beta state. If you miss a functionality in the sparse tensor support, please submit a feature request to https://github.com/pytorch/pytorch/issues. (Triggered internally at /pytorch/aten/src/ATen/SparseCsrTensorImpl.cpp:53.)\n  return func(*args, **kwargs)\n[ACT] Using existing Gurobi license: ../ACT/modules/gurobi/gurobi.lic\n\u2705 Device Manager Initialized: device=cpu, dtype=torch.float64\n\n================================================================================\nACT: Abstract Constraint Transformer\nInference-based whitebox fuzzing for neural network verification\n================================================================================\n\n\n================================================================================\nVERIFICATION TEST: VNNLIB \u2192 VerifiableModel \u2192 verify_once\n================================================================================\n\n[vnnlib] category=metaroom_2023 max_instances=1 mode=hybridz (full TOP1_ROBUST via labeled_tensor collapse; device=cpu, timeout=600.0s)\n  [  1/1] metaroom_2023/./onnx/4cnn_ry_47_7_no_custom_OP.onnx@./vnnlib/spec_idx_23_eps_0.00000436.vnnlib: CERTIFIED (23.8s)  V=1 A=0 U=0 E=0  R=0\n\n[vnnlib/hybridz] FINAL \u2014 total=1 wall=0.4 min\n  CERTIFIED    1\n  [structured] per-instance log \u2192 /data1/Kane/ACT/audit_results/metaroom_full_b3_v2_20260528T015505Z/per_instance_metaroom_2023_20260528T020439220139Z.json\n\n================================================================================\nVERIFICATION TEST SUMMARY\n================================================================================\n  \u2705 vnnlib                    PASSED\n================================================================================\n\n"
}
{
  "benchmark": "metaroom_2023",
  "instance_id": 5,
  "status": "OK",
  "cli_normalized": "OK",
  "wall_s": 166.09748954803217,
  "peak_rss_mb": 2956.6015625,
  "returncode": 0,
  "per_instance_json": "/data1/Kane/ACT/audit_results/metaroom_full_b3_v2_20260528T015505Z/per_instance_metaroom_2023_20260528T020725398732Z.json",
  "out_dir": "/data1/Kane/ACT/audit_results/metaroom_full_b3_v2_20260528T015505Z",
  "stdout_tail": "Successfully loaded VNNLIB instance from 'metaroom_2023'\nINFO:act.front_end.vnnlib_loader.vnnlib_parser:Parsed spec_idx_130_eps_0.00000436.vnnlib: 19 query(ies)\n/data1/Kane/miniconda3/envs/act-py312/lib/python3.12/site-packages/torch/utils/_device.py:103: UserWarning: Sparse CSR tensor support is in beta state. If you miss a functionality in the sparse tensor support, please submit a feature request to https://github.com/pytorch/pytorch/issues. (Triggered internally at /pytorch/aten/src/ATen/SparseCsrTensorImpl.cpp:53.)\n  return func(*args, **kwargs)\n[ACT] Using existing Gurobi license: ../ACT/modules/gurobi/gurobi.lic\n\u2705 Device Manager Initialized: device=cpu, dtype=torch.float64\n\n================================================================================\nACT: Abstract Constraint Transformer\nInference-based whitebox fuzzing for neural network verification\n================================================================================\n\n\n================================================================================\nVERIFICATION TEST: VNNLIB \u2192 VerifiableModel \u2192 verify_once\n================================================================================\n\n[vnnlib] category=metaroom_2023 max_instances=1 mode=hybridz (full TOP1_ROBUST via labeled_tensor collapse; device=cpu, timeout=600.0s)\n  [  1/1] metaroom_2023/./onnx/6cnn_ry_5_0_no_custom_OP.onnx@./vnnlib/spec_idx_130_eps_0.00000436.vnnlib: CERTIFIED (163.0s)  V=1 A=0 U=0 E=0  R=0\n\n[vnnlib/hybridz] FINAL \u2014 total=1 wall=2.7 min\n  CERTIFIED    1\n  [structured] per-instance log \u2192 /data1/Kane/ACT/audit_results/metaroom_full_b3_v2_20260528T015505Z/per_instance_metaroom_2023_20260528T020725398732Z.json\n\n================================================================================\nVERIFICATION TEST SUMMARY\n================================================================================\n  \u2705 vnnlib                    PASSED\n================================================================================\n\n"
}
{
  "benchmark": "metaroom_2023",
  "instance_id": 6,
  "status": "OK",
  "cli_normalized": "OK",
  "wall_s": 28.021955793956295,
  "peak_rss_mb": 2349.19140625,
  "returncode": 0,
  "per_instance_json": "/data1/Kane/ACT/audit_results/metaroom_full_b3_v2_20260528T015505Z/per_instance_metaroom_2023_20260528T020753133726Z.json",
  "out_dir": "/data1/Kane/ACT/audit_results/metaroom_full_b3_v2_20260528T015505Z",
  "stdout_tail": ":Successfully loaded VNNLIB instance from 'metaroom_2023'\nINFO:act.front_end.vnnlib_loader.vnnlib_parser:Parsed spec_idx_33_eps_0.00000436.vnnlib: 19 query(ies)\n/data1/Kane/miniconda3/envs/act-py312/lib/python3.12/site-packages/torch/utils/_device.py:103: UserWarning: Sparse CSR tensor support is in beta state. If you miss a functionality in the sparse tensor support, please submit a feature request to https://github.com/pytorch/pytorch/issues. (Triggered internally at /pytorch/aten/src/ATen/SparseCsrTensorImpl.cpp:53.)\n  return func(*args, **kwargs)\n[ACT] Using existing Gurobi license: ../ACT/modules/gurobi/gurobi.lic\n\u2705 Device Manager Initialized: device=cpu, dtype=torch.float64\n\n================================================================================\nACT: Abstract Constraint Transformer\nInference-based whitebox fuzzing for neural network verification\n================================================================================\n\n\n================================================================================\nVERIFICATION TEST: VNNLIB \u2192 VerifiableModel \u2192 verify_once\n================================================================================\n\n[vnnlib] category=metaroom_2023 max_instances=1 mode=hybridz (full TOP1_ROBUST via labeled_tensor collapse; device=cpu, timeout=600.0s)\n  [  1/1] metaroom_2023/./onnx/4cnn_ry_65_10_no_custom_OP.onnx@./vnnlib/spec_idx_33_eps_0.00000436.vnnlib: CERTIFIED (24.5s)  V=1 A=0 U=0 E=0  R=0\n\n[vnnlib/hybridz] FINAL \u2014 total=1 wall=0.4 min\n  CERTIFIED    1\n  [structured] per-instance log \u2192 /data1/Kane/ACT/audit_results/metaroom_full_b3_v2_20260528T015505Z/per_instance_metaroom_2023_20260528T020753133726Z.json\n\n================================================================================\nVERIFICATION TEST SUMMARY\n================================================================================\n  \u2705 vnnlib                    PASSED\n================================================================================\n\n"
}
{
  "benchmark": "metaroom_2023",
  "instance_id": 7,
  "status": "OK",
  "cli_normalized": "OK",
  "wall_s": 27.517604894004762,
  "peak_rss_mb": 2326.91015625,
  "returncode": 0,
  "per_instance_json": "/data1/Kane/ACT/audit_results/metaroom_full_b3_v2_20260528T015505Z/per_instance_metaroom_2023_20260528T020820649258Z.json",
  "out_dir": "/data1/Kane/ACT/audit_results/metaroom_full_b3_v2_20260528T015505Z",
  "stdout_tail": "er:Successfully loaded VNNLIB instance from 'metaroom_2023'\nINFO:act.front_end.vnnlib_loader.vnnlib_parser:Parsed spec_idx_88_eps_0.00001000.vnnlib: 19 query(ies)\n/data1/Kane/miniconda3/envs/act-py312/lib/python3.12/site-packages/torch/utils/_device.py:103: UserWarning: Sparse CSR tensor support is in beta state. If you miss a functionality in the sparse tensor support, please submit a feature request to https://github.com/pytorch/pytorch/issues. (Triggered internally at /pytorch/aten/src/ATen/SparseCsrTensorImpl.cpp:53.)\n  return func(*args, **kwargs)\n[ACT] Using existing Gurobi license: ../ACT/modules/gurobi/gurobi.lic\n\u2705 Device Manager Initialized: device=cpu, dtype=torch.float64\n\n================================================================================\nACT: Abstract Constraint Transformer\nInference-based whitebox fuzzing for neural network verification\n================================================================================\n\n\n================================================================================\nVERIFICATION TEST: VNNLIB \u2192 VerifiableModel \u2192 verify_once\n================================================================================\n\n[vnnlib] category=metaroom_2023 max_instances=1 mode=hybridz (full TOP1_ROBUST via labeled_tensor collapse; device=cpu, timeout=600.0s)\n  [  1/1] metaroom_2023/./onnx/4cnn_tz_8_1_no_custom_OP.onnx@./vnnlib/spec_idx_88_eps_0.00001000.vnnlib: CERTIFIED (24.0s)  V=1 A=0 U=0 E=0  R=0\n\n[vnnlib/hybridz] FINAL \u2014 total=1 wall=0.4 min\n  CERTIFIED    1\n  [structured] per-instance log \u2192 /data1/Kane/ACT/audit_results/metaroom_full_b3_v2_20260528T015505Z/per_instance_metaroom_2023_20260528T020820649258Z.json\n\n================================================================================\nVERIFICATION TEST SUMMARY\n================================================================================\n  \u2705 vnnlib                    PASSED\n================================================================================\n\n"
}
{
  "benchmark": "metaroom_2023",
  "instance_id": 8,
  "status": "OK",
  "cli_normalized": "OK",
  "wall_s": 166.59076163603459,
  "peak_rss_mb": 2951.94921875,
  "returncode": 0,
  "per_instance_json": "/data1/Kane/ACT/audit_results/metaroom_full_b3_v2_20260528T015505Z/per_instance_metaroom_2023_20260528T021107420970Z.json",
  "out_dir": "/data1/Kane/ACT/audit_results/metaroom_full_b3_v2_20260528T015505Z",
  "stdout_tail": "uccessfully loaded VNNLIB instance from 'metaroom_2023'\nINFO:act.front_end.vnnlib_loader.vnnlib_parser:Parsed spec_idx_118_eps_0.00000436.vnnlib: 19 query(ies)\n/data1/Kane/miniconda3/envs/act-py312/lib/python3.12/site-packages/torch/utils/_device.py:103: UserWarning: Sparse CSR tensor support is in beta state. If you miss a functionality in the sparse tensor support, please submit a feature request to https://github.com/pytorch/pytorch/issues. (Triggered internally at /pytorch/aten/src/ATen/SparseCsrTensorImpl.cpp:53.)\n  return func(*args, **kwargs)\n[ACT] Using existing Gurobi license: ../ACT/modules/gurobi/gurobi.lic\n\u2705 Device Manager Initialized: device=cpu, dtype=torch.float64\n\n================================================================================\nACT: Abstract Constraint Transformer\nInference-based whitebox fuzzing for neural network verification\n================================================================================\n\n\n================================================================================\nVERIFICATION TEST: VNNLIB \u2192 VerifiableModel \u2192 verify_once\n================================================================================\n\n[vnnlib] category=metaroom_2023 max_instances=1 mode=hybridz (full TOP1_ROBUST via labeled_tensor collapse; device=cpu, timeout=600.0s)\n  [  1/1] metaroom_2023/./onnx/6cnn_ry_38_6_no_custom_OP.onnx@./vnnlib/spec_idx_118_eps_0.00000436.vnnlib: CERTIFIED (163.1s)  V=1 A=0 U=0 E=0  R=0\n\n[vnnlib/hybridz] FINAL \u2014 total=1 wall=2.7 min\n  CERTIFIED    1\n  [structured] per-instance log \u2192 /data1/Kane/ACT/audit_results/metaroom_full_b3_v2_20260528T015505Z/per_instance_metaroom_2023_20260528T021107420970Z.json\n\n================================================================================\nVERIFICATION TEST SUMMARY\n================================================================================\n  \u2705 vnnlib                    PASSED\n================================================================================\n\n"
}
{
  "benchmark": "metaroom_2023",
  "instance_id": 9,
  "status": "OK",
  "cli_normalized": "OK",
  "wall_s": 173.10018818301614,
  "peak_rss_mb": 2922.5703125,
  "returncode": 0,
  "per_instance_json": "/data1/Kane/ACT/audit_results/metaroom_full_b3_v2_20260528T015505Z/per_instance_metaroom_2023_20260528T021400323070Z.json",
  "out_dir": "/data1/Kane/ACT/audit_results/metaroom_full_b3_v2_20260528T015505Z",
  "stdout_tail": "uccessfully loaded VNNLIB instance from 'metaroom_2023'\nINFO:act.front_end.vnnlib_loader.vnnlib_parser:Parsed spec_idx_124_eps_0.00000436.vnnlib: 19 query(ies)\n/data1/Kane/miniconda3/envs/act-py312/lib/python3.12/site-packages/torch/utils/_device.py:103: UserWarning: Sparse CSR tensor support is in beta state. If you miss a functionality in the sparse tensor support, please submit a feature request to https://github.com/pytorch/pytorch/issues. (Triggered internally at /pytorch/aten/src/ATen/SparseCsrTensorImpl.cpp:53.)\n  return func(*args, **kwargs)\n[ACT] Using existing Gurobi license: ../ACT/modules/gurobi/gurobi.lic\n\u2705 Device Manager Initialized: device=cpu, dtype=torch.float64\n\n================================================================================\nACT: Abstract Constraint Transformer\nInference-based whitebox fuzzing for neural network verification\n================================================================================\n\n\n================================================================================\nVERIFICATION TEST: VNNLIB \u2192 VerifiableModel \u2192 verify_once\n================================================================================\n\n[vnnlib] category=metaroom_2023 max_instances=1 mode=hybridz (full TOP1_ROBUST via labeled_tensor collapse; device=cpu, timeout=600.0s)\n  [  1/1] metaroom_2023/./onnx/6cnn_ry_49_8_no_custom_OP.onnx@./vnnlib/spec_idx_124_eps_0.00000436.vnnlib: CERTIFIED (169.7s)  V=1 A=0 U=0 E=0  R=0\n\n[vnnlib/hybridz] FINAL \u2014 total=1 wall=2.8 min\n  CERTIFIED    1\n  [structured] per-instance log \u2192 /data1/Kane/ACT/audit_results/metaroom_full_b3_v2_20260528T015505Z/per_instance_metaroom_2023_20260528T021400323070Z.json\n\n================================================================================\nVERIFICATION TEST SUMMARY\n================================================================================\n  \u2705 vnnlib                    PASSED\n================================================================================\n\n"
}
{
  "benchmark": "metaroom_2023",
  "instance_id": 10,
  "status": "OK",
  "cli_normalized": "OK",
  "wall_s": 29.015829806914553,
  "peak_rss_mb": 2289.1484375,
  "returncode": 0,
  "per_instance_json": "/data1/Kane/ACT/audit_results/metaroom_full_b3_v2_20260528T015505Z/per_instance_metaroom_2023_20260528T021429266784Z.json",
  "out_dir": "/data1/Kane/ACT/audit_results/metaroom_full_b3_v2_20260528T015505Z",
  "stdout_tail": "r:Successfully loaded VNNLIB instance from 'metaroom_2023'\nINFO:act.front_end.vnnlib_loader.vnnlib_parser:Parsed spec_idx_12_eps_0.00000436.vnnlib: 19 query(ies)\n/data1/Kane/miniconda3/envs/act-py312/lib/python3.12/site-packages/torch/utils/_device.py:103: UserWarning: Sparse CSR tensor support is in beta state. If you miss a functionality in the sparse tensor support, please submit a feature request to https://github.com/pytorch/pytorch/issues. (Triggered internally at /pytorch/aten/src/ATen/SparseCsrTensorImpl.cpp:53.)\n  return func(*args, **kwargs)\n[ACT] Using existing Gurobi license: ../ACT/modules/gurobi/gurobi.lic\n\u2705 Device Manager Initialized: device=cpu, dtype=torch.float64\n\n================================================================================\nACT: Abstract Constraint Transformer\nInference-based whitebox fuzzing for neural network verification\n================================================================================\n\n\n================================================================================\nVERIFICATION TEST: VNNLIB \u2192 VerifiableModel \u2192 verify_once\n================================================================================\n\n[vnnlib] category=metaroom_2023 max_instances=1 mode=hybridz (full TOP1_ROBUST via labeled_tensor collapse; device=cpu, timeout=600.0s)\n  [  1/1] metaroom_2023/./onnx/4cnn_ry_34_5_no_custom_OP.onnx@./vnnlib/spec_idx_12_eps_0.00000436.vnnlib: CERTIFIED (25.5s)  V=1 A=0 U=0 E=0  R=0\n\n[vnnlib/hybridz] FINAL \u2014 total=1 wall=0.4 min\n  CERTIFIED    1\n  [structured] per-instance log \u2192 /data1/Kane/ACT/audit_results/metaroom_full_b3_v2_20260528T015505Z/per_instance_metaroom_2023_20260528T021429266784Z.json\n\n================================================================================\nVERIFICATION TEST SUMMARY\n================================================================================\n  \u2705 vnnlib                    PASSED\n================================================================================\n\n"
}
{
  "benchmark": "metaroom_2023",
  "instance_id": 11,
  "status": "OK",
  "cli_normalized": "OK",
  "wall_s": 26.516107197967358,
  "peak_rss_mb": 2316.8515625,
  "returncode": 0,
  "per_instance_json": "/data1/Kane/ACT/audit_results/metaroom_full_b3_v2_20260528T015505Z/per_instance_metaroom_2023_20260528T021456110006Z.json",
  "out_dir": "/data1/Kane/ACT/audit_results/metaroom_full_b3_v2_20260528T015505Z",
  "stdout_tail": "r:Successfully loaded VNNLIB instance from 'metaroom_2023'\nINFO:act.front_end.vnnlib_loader.vnnlib_parser:Parsed spec_idx_61_eps_0.00001000.vnnlib: 19 query(ies)\n/data1/Kane/miniconda3/envs/act-py312/lib/python3.12/site-packages/torch/utils/_device.py:103: UserWarning: Sparse CSR tensor support is in beta state. If you miss a functionality in the sparse tensor support, please submit a feature request to https://github.com/pytorch/pytorch/issues. (Triggered internally at /pytorch/aten/src/ATen/SparseCsrTensorImpl.cpp:53.)\n  return func(*args, **kwargs)\n[ACT] Using existing Gurobi license: ../ACT/modules/gurobi/gurobi.lic\n\u2705 Device Manager Initialized: device=cpu, dtype=torch.float64\n\n================================================================================\nACT: Abstract Constraint Transformer\nInference-based whitebox fuzzing for neural network verification\n================================================================================\n\n\n================================================================================\nVERIFICATION TEST: VNNLIB \u2192 VerifiableModel \u2192 verify_once\n================================================================================\n\n[vnnlib] category=metaroom_2023 max_instances=1 mode=hybridz (full TOP1_ROBUST via labeled_tensor collapse; device=cpu, timeout=600.0s)\n  [  1/1] metaroom_2023/./onnx/4cnn_tz_37_6_no_custom_OP.onnx@./vnnlib/spec_idx_61_eps_0.00001000.vnnlib: CERTIFIED (23.3s)  V=1 A=0 U=0 E=0  R=0\n\n[vnnlib/hybridz] FINAL \u2014 total=1 wall=0.4 min\n  CERTIFIED    1\n  [structured] per-instance log \u2192 /data1/Kane/ACT/audit_results/metaroom_full_b3_v2_20260528T015505Z/per_instance_metaroom_2023_20260528T021456110006Z.json\n\n================================================================================\nVERIFICATION TEST SUMMARY\n================================================================================\n  \u2705 vnnlib                    PASSED\n================================================================================\n\n"
}
{
  "benchmark": "metaroom_2023",
  "instance_id": 12,
  "status": "OK",
  "cli_normalized": "OK",
  "wall_s": 171.61906333395746,
  "peak_rss_mb": 2952.97265625,
  "returncode": 0,
  "per_instance_json": "/data1/Kane/ACT/audit_results/metaroom_full_b3_v2_20260528T015505Z/per_instance_metaroom_2023_20260528T021747390426Z.json",
  "out_dir": "/data1/Kane/ACT/audit_results/metaroom_full_b3_v2_20260528T015505Z",
  "stdout_tail": "cessfully loaded VNNLIB instance from 'metaroom_2023'\nINFO:act.front_end.vnnlib_loader.vnnlib_parser:Parsed spec_idx_160_eps_0.00001000.vnnlib: 19 query(ies)\n/data1/Kane/miniconda3/envs/act-py312/lib/python3.12/site-packages/torch/utils/_device.py:103: UserWarning: Sparse CSR tensor support is in beta state. If you miss a functionality in the sparse tensor support, please submit a feature request to https://github.com/pytorch/pytorch/issues. (Triggered internally at /pytorch/aten/src/ATen/SparseCsrTensorImpl.cpp:53.)\n  return func(*args, **kwargs)\n[ACT] Using existing Gurobi license: ../ACT/modules/gurobi/gurobi.lic\n\u2705 Device Manager Initialized: device=cpu, dtype=torch.float64\n\n================================================================================\nACT: Abstract Constraint Transformer\nInference-based whitebox fuzzing for neural network verification\n================================================================================\n\n\n================================================================================\nVERIFICATION TEST: VNNLIB \u2192 VerifiableModel \u2192 verify_once\n================================================================================\n\n[vnnlib] category=metaroom_2023 max_instances=1 mode=hybridz (full TOP1_ROBUST via labeled_tensor collapse; device=cpu, timeout=600.0s)\n  [  1/1] metaroom_2023/./onnx/6cnn_tz_114_19_no_custom_OP.onnx@./vnnlib/spec_idx_160_eps_0.00001000.vnnlib: CERTIFIED (168.0s)  V=1 A=0 U=0 E=0  R=0\n\n[vnnlib/hybridz] FINAL \u2014 total=1 wall=2.8 min\n  CERTIFIED    1\n  [structured] per-instance log \u2192 /data1/Kane/ACT/audit_results/metaroom_full_b3_v2_20260528T015505Z/per_instance_metaroom_2023_20260528T021747390426Z.json\n\n================================================================================\nVERIFICATION TEST SUMMARY\n================================================================================\n  \u2705 vnnlib                    PASSED\n================================================================================\n\n"
}
{
  "benchmark": "metaroom_2023",
  "instance_id": 13,
  "status": "OK",
  "cli_normalized": "OK",
  "wall_s": 27.5171720481012,
  "peak_rss_mb": 2301.91796875,
  "returncode": 0,
  "per_instance_json": "/data1/Kane/ACT/audit_results/metaroom_full_b3_v2_20260528T015505Z/per_instance_metaroom_2023_20260528T021815039674Z.json",
  "out_dir": "/data1/Kane/ACT/audit_results/metaroom_full_b3_v2_20260528T015505Z",
  "stdout_tail": "r:Successfully loaded VNNLIB instance from 'metaroom_2023'\nINFO:act.front_end.vnnlib_loader.vnnlib_parser:Parsed spec_idx_57_eps_0.00001000.vnnlib: 19 query(ies)\n/data1/Kane/miniconda3/envs/act-py312/lib/python3.12/site-packages/torch/utils/_device.py:103: UserWarning: Sparse CSR tensor support is in beta state. If you miss a functionality in the sparse tensor support, please submit a feature request to https://github.com/pytorch/pytorch/issues. (Triggered internally at /pytorch/aten/src/ATen/SparseCsrTensorImpl.cpp:53.)\n  return func(*args, **kwargs)\n[ACT] Using existing Gurobi license: ../ACT/modules/gurobi/gurobi.lic\n\u2705 Device Manager Initialized: device=cpu, dtype=torch.float64\n\n================================================================================\nACT: Abstract Constraint Transformer\nInference-based whitebox fuzzing for neural network verification\n================================================================================\n\n\n================================================================================\nVERIFICATION TEST: VNNLIB \u2192 VerifiableModel \u2192 verify_once\n================================================================================\n\n[vnnlib] category=metaroom_2023 max_instances=1 mode=hybridz (full TOP1_ROBUST via labeled_tensor collapse; device=cpu, timeout=600.0s)\n  [  1/1] metaroom_2023/./onnx/4cnn_tz_31_5_no_custom_OP.onnx@./vnnlib/spec_idx_57_eps_0.00001000.vnnlib: CERTIFIED (24.1s)  V=1 A=0 U=0 E=0  R=0\n\n[vnnlib/hybridz] FINAL \u2014 total=1 wall=0.4 min\n  CERTIFIED    1\n  [structured] per-instance log \u2192 /data1/Kane/ACT/audit_results/metaroom_full_b3_v2_20260528T015505Z/per_instance_metaroom_2023_20260528T021815039674Z.json\n\n================================================================================\nVERIFICATION TEST SUMMARY\n================================================================================\n  \u2705 vnnlib                    PASSED\n================================================================================\n\n"
}
{
  "benchmark": "metaroom_2023",
  "instance_id": 14,
  "status": "UNKNOWN_TIMEOUT",
  "cli_normalized": "UNKNOWN_TIMEOUT",
  "wall_s": 608.418250533985,
  "peak_rss_mb": 3128.10546875,
  "returncode": -15,
  "per_instance_json": "/data1/Kane/ACT/audit_results/metaroom_full_b3_v2_20260528T015505Z/per_instance_metaroom_2023_watchdog_iid14_20260528T022824563532Z.json",
  "out_dir": "/data1/Kane/ACT/audit_results/metaroom_full_b3_v2_20260528T015505Z",
  "stdout_tail": "nnlib_loader.data_model_loader:Loading VNNLIB instance: metaroom_2023/./onnx/6cnn_ry_93_15_no_custom_OP.onnx\nINFO:act.front_end.vnnlib_loader.data_model_loader:[1/3] Converting ONNX model to PyTorch...\nINFO:act.front_end.vnnlib_loader.onnx_converter:Loading ONNX model from /data1/Kane/data/vnncomp2025_benchmarks/benchmarks/metaroom_2023/onnx/6cnn_ry_93_15_no_custom_OP.onnx\nINFO:act.front_end.vnnlib_loader.onnx_converter:Converting ONNX to PyTorch (simplify-first; raw fallback)\nINFO:act.front_end.vnnlib_loader.onnx_converter:Simplifying ONNX model\nINFO:act.front_end.vnnlib_loader.onnx_converter:Converted model to device=cpu, dtype=torch.float64\nINFO:act.front_end.vnnlib_loader.onnx_converter:Successfully converted ONNX model: 6cnn_ry_93_15_no_custom_OP.onnx\nINFO:act.front_end.vnnlib_loader.data_model_loader:  \u2713 Model converted successfully\nINFO:act.front_end.vnnlib_loader.data_model_loader:[2/3] Extracting input shape...\nINFO:act.front_end.vnnlib_loader.onnx_converter:Extracted input shape: [1, 3, 32, 56]\nINFO:act.front_end.vnnlib_loader.data_model_loader:  \u2713 Input shape: (1, 3, 32, 56)\nINFO:act.front_end.vnnlib_loader.data_model_loader:[3/3] Parsing VNNLIB specification...\nINFO:act.front_end.vnnlib_loader.vnnlib_parser:Parsed VNNLIB: 5376 inputs, 20 outputs, type=unknown\nINFO:act.front_end.vnnlib_loader.data_model_loader:  \u2713 Parsed VNNLIB: 5376 inputs, 20 outputs\nINFO:act.front_end.vnnlib_loader.data_model_loader:Successfully loaded VNNLIB instance from 'metaroom_2023'\nINFO:act.front_end.vnnlib_loader.vnnlib_parser:Parsed spec_idx_148_eps_0.00000436.vnnlib: 19 query(ies)\n/data1/Kane/miniconda3/envs/act-py312/lib/python3.12/site-packages/torch/utils/_device.py:103: UserWarning: Sparse CSR tensor support is in beta state. If you miss a functionality in the sparse tensor support, please submit a feature request to https://github.com/pytorch/pytorch/issues. (Triggered internally at /pytorch/aten/src/ATen/SparseCsrTensorImpl.cpp:53.)\n  return func(*args, **kwargs)\n"
}
{
  "benchmark": "metaroom_2023",
  "instance_id": 15,
  "status": "OK",
  "cli_normalized": "OK",
  "wall_s": 27.514565530000255,
  "peak_rss_mb": 2257.8671875,
  "returncode": 0,
  "per_instance_json": "/data1/Kane/ACT/audit_results/metaroom_full_b3_v2_20260528T015505Z/per_instance_metaroom_2023_20260528T022851052194Z.json",
  "out_dir": "/data1/Kane/ACT/audit_results/metaroom_full_b3_v2_20260528T015505Z",
  "stdout_tail": "r:Successfully loaded VNNLIB instance from 'metaroom_2023'\nINFO:act.front_end.vnnlib_loader.vnnlib_parser:Parsed spec_idx_27_eps_0.00000436.vnnlib: 19 query(ies)\n/data1/Kane/miniconda3/envs/act-py312/lib/python3.12/site-packages/torch/utils/_device.py:103: UserWarning: Sparse CSR tensor support is in beta state. If you miss a functionality in the sparse tensor support, please submit a feature request to https://github.com/pytorch/pytorch/issues. (Triggered internally at /pytorch/aten/src/ATen/SparseCsrTensorImpl.cpp:53.)\n  return func(*args, **kwargs)\n[ACT] Using existing Gurobi license: ../ACT/modules/gurobi/gurobi.lic\n\u2705 Device Manager Initialized: device=cpu, dtype=torch.float64\n\n================================================================================\nACT: Abstract Constraint Transformer\nInference-based whitebox fuzzing for neural network verification\n================================================================================\n\n\n================================================================================\nVERIFICATION TEST: VNNLIB \u2192 VerifiableModel \u2192 verify_once\n================================================================================\n\n[vnnlib] category=metaroom_2023 max_instances=1 mode=hybridz (full TOP1_ROBUST via labeled_tensor collapse; device=cpu, timeout=600.0s)\n  [  1/1] metaroom_2023/./onnx/4cnn_ry_56_9_no_custom_OP.onnx@./vnnlib/spec_idx_27_eps_0.00000436.vnnlib: CERTIFIED (22.5s)  V=1 A=0 U=0 E=0  R=0\n\n[vnnlib/hybridz] FINAL \u2014 total=1 wall=0.4 min\n  CERTIFIED    1\n  [structured] per-instance log \u2192 /data1/Kane/ACT/audit_results/metaroom_full_b3_v2_20260528T015505Z/per_instance_metaroom_2023_20260528T022851052194Z.json\n\n================================================================================\nVERIFICATION TEST SUMMARY\n================================================================================\n  \u2705 vnnlib                    PASSED\n================================================================================\n\n"
}