[0;93m2026-05-27 09:58:39.520004694 [W:onnxruntime:Default, device_discovery.cc:283 GetGpuDevices] Failed to detect devices under "/sys/class/drm/card0": device_discovery.cc:93 ReadFileContents Failed to open file: "/sys/class/drm/card0/device/vendor"[m
Set parameter WLSAccessID
Set parameter WLSSecret
Set parameter LicenseID to value 2542227
Academic license 2542227 - for non-commercial use only - registered to ka___@unsw.edu.au

 [!] GlobalSettings:
	- use_restart                             : True
	- use_mip_tightening                      : True
	- use_attack                              : False
	- attack_interval                         : 10
	- use_mip_verify                          : True
	- input_splitting_threshold               : 0.5
	- hidden_splitting_threshold              : 0.01
	- safety_num_input_perturbed              : 200
	- skip_preprocess                         : False
	- use_save_reasoning_step                 : False
	- max_iterations                          : 1000000000.0
	- skip_initial_worst_bound                : -1000000.0
	- max_domains                             : 1000000000.0
	- use_decompose                           : False
	- restart_current_hidden_branches         : 2000
	- restart_visited_hidden_branches         : 20000
	- restart_current_input_branches          : 20000
	- restart_visited_input_branches          : 200000
	- restart_max_runtime                     : 60.0
	- restart_max_runtime_percentage          : 0.4
	- mip_tightening_patience                 : 10
	- mip_tightening_timeout_per_neuron       : 15.0
	- mip_tightening_topk                     : 64
	- use_gpu_tightening                      : False
	- gpu_tightening_current_hidden_branches  : 1000
	- gpu_tightening_visited_hidden_branches  : 5000
	- gpu_tightening_timeout                  : 10.0
	- gpu_tightening_patience                 : 10
	- gpu_tightening_topk                     : 500
	- use_mip_attack                          : False
	- mip_verify_threshold                    : 2
	- share_alphas                            : False
	- backward_batch_size                     : inf
	- forward_max_dim                         : 10000
	- forward_dynamic                         : False
	- use_decompose_incomplete                : False
	- init_abstraction_method                 : crown-optimized
	- subverifier_decision_method             : smart
	- verify_candidate_batch                  : 3
	- verify_last_timeout                     : 200.0
	- verify_interm_timeout                   : 20.0
	- sequential_batch                        : 100
	- use_sequential_abstract_forward         : False
	- verify_extra_opts                       : {'sparse_intermediate_bounds': True}
	- verify_splitting_strategy               : hidden
	- use_extra_substitution                  : False
	- verify_max_iteration                    : 4
	- verify_candidate_num                    : 128
	- verify_interpolate_factor               : 0.5

ConvertModel(
  (MatMul_model/linearLayer/BiasAdd:0): Linear(in_features=2, out_features=8, bias=True)
  (MatMul_model/selectionLayer/BiasAdd:0): Linear(in_features=8, out_features=64, bias=True)
  (MatMul_model/minBank0_0/BiasAdd:0): Linear(in_features=64, out_features=128, bias=True)
  (Relu_model/minBank0_0/Relu:0): ReLU()
  (MatMul_model/minBank0_1/BiasAdd:0): Linear(in_features=128, out_features=32, bias=True)
  (MatMul_model/minBank1_0/BiasAdd:0): Linear(in_features=32, out_features=64, bias=True)
  (Relu_model/minBank1_0/Relu:0): ReLU()
  (MatMul_model/minBank1_1/BiasAdd:0): Linear(in_features=64, out_features=16, bias=True)
  (MatMul_model/minBank2_0/BiasAdd:0): Linear(in_features=16, out_features=32, bias=True)
  (Relu_model/minBank2_0/Relu:0): ReLU()
  (MatMul_model/minBank2_1/BiasAdd:0): Linear(in_features=32, out_features=8, bias=True)
  (MatMul_model/maxBank0_0/BiasAdd:0): Linear(in_features=8, out_features=16, bias=True)
  (Relu_model/maxBank0_0/Relu:0): ReLU()
  (MatMul_model/maxBank0_1/BiasAdd:0): Linear(in_features=16, out_features=4, bias=True)
  (MatMul_model/maxBank1_0/BiasAdd:0): Linear(in_features=4, out_features=8, bias=True)
  (Relu_model/maxBank1_0/Relu:0): ReLU()
  (MatMul_model/maxBank1_1/BiasAdd:0): Linear(in_features=8, out_features=2, bias=True)
  (MatMul_model/maxBank2_0/BiasAdd:0): Linear(in_features=2, out_features=4, bias=True)
  (Relu_model/maxBank2_0/Relu:0): ReLU()
  (MatMul_maxBank2_1): Linear(in_features=4, out_features=1, bias=True)
)
INFO     09:58:46     [!] Input shape: (1, 2)
INFO     09:58:46     [!] Output shape: (1, 1)
INFO     09:58:46     [!] VNNLIB: 2 inputs, 1 outputs
INFO     09:58:46     [!] eps=4.000000, perturbed=2
INFO     09:58:46     Params of 1-th run: {'input_split': True, 'abstract_method': 'forward+backward', 'decision_method': 'naive', 'decision_topk': 1}
INFO     09:58:46     [_setup_restart] _init_abstractor
DEBUG    09:58:47     [select_params] Try self.input_split=True Settings.backward_batch_size=inf extra_opts={} mode='patches' method='forward+backward'
DEBUG    09:58:47     [_init_module] Try bound_opts={'conv_mode': 'patches', 'verbosity': 0}
INFO     09:58:49     [select_params] Success: self.input_split=True Settings.backward_batch_size=inf extra_opts={} mode='patches' method='forward+backward'
INFO     09:58:49     Try batch size 1000
INFO     09:58:50     Initial bounds (first 10): tensor([-570.8568])
DEBUG    09:58:50     Fixed self.batch=1
INFO     09:58:50     [Input splitting]     Iteration: 1          Remaining: 2          Visited: 2          Bound: -254.790680     Time elapsed (s): 4.29       Iteration elapsed (s): 0.27       GPU Mem (%): 91.86     Batch: 1         Restart: 1         
DEBUG    09:58:51     Fixed self.batch=1
INFO     09:58:51     [Input splitting]     Iteration: 2          Remaining: 3          Visited: 3          Bound: -254.790680     Time elapsed (s): 4.55       Iteration elapsed (s): 0.25       GPU Mem (%): 91.86     Batch: 1         Restart: 1         
DEBUG    09:58:51     Fixed self.batch=1
INFO     09:58:51     [Input splitting]     Iteration: 3          Remaining: 4          Visited: 4          Bound: -254.790680     Time elapsed (s): 4.99       Iteration elapsed (s): 0.44       GPU Mem (%): 91.86     Batch: 1         Restart: 1         
DEBUG    09:58:51     Fixed self.batch=1
INFO     09:58:51     [Input splitting]     Iteration: 4          Remaining: 3          Visited: 5          Bound: -254.790680     Time elapsed (s): 5.26       Iteration elapsed (s): 0.27       GPU Mem (%): 91.86     Batch: 1         Restart: 1         
DEBUG    09:58:51     Fixed self.batch=1
INFO     09:58:51     [Input splitting]     Iteration: 5          Remaining: 4          Visited: 6          Bound: -254.790680     Time elapsed (s): 5.44       Iteration elapsed (s): 0.17       GPU Mem (%): 91.86     Batch: 1         Restart: 1         
DEBUG    09:58:52     Fixed self.batch=1
INFO     09:58:52     [Input splitting]     Iteration: 6          Remaining: 5          Visited: 7          Bound: -254.790680     Time elapsed (s): 5.66       Iteration elapsed (s): 0.22       GPU Mem (%): 91.86     Batch: 1         Restart: 1         
DEBUG    09:58:52     Fixed self.batch=1
INFO     09:58:52     [Input splitting]     Iteration: 7          Remaining: 4          Visited: 8          Bound: -254.790680     Time elapsed (s): 5.91       Iteration elapsed (s): 0.25       GPU Mem (%): 85.54     Batch: 1         Restart: 1         
DEBUG    09:58:52     Fixed self.batch=1
INFO     09:58:52     [Input splitting]     Iteration: 8          Remaining: 4          Visited: 9          Bound: -254.790680     Time elapsed (s): 6.33       Iteration elapsed (s): 0.42       GPU Mem (%): 91.86     Batch: 1         Restart: 1         
DEBUG    09:58:53     Fixed self.batch=1
INFO     09:58:53     [Input splitting]     Iteration: 9          Remaining: 3          Visited: 10         Bound: -254.790680     Time elapsed (s): 6.56       Iteration elapsed (s): 0.22       GPU Mem (%): 91.86     Batch: 1         Restart: 1         
INFO     09:58:53     [Input splitting]     Iteration: 10         Remaining: 4          Visited: 11         Bound: -254.790680     Time elapsed (s): 6.67       Iteration elapsed (s): 0.11       GPU Mem (%): 72.90     Batch: 1         Restart: 1         
DEBUG    09:58:53     Fixed self.batch=1
INFO     09:58:53     [Input splitting]     Iteration: 11         Remaining: 3          Visited: 12         Bound: -254.790680     Time elapsed (s): 6.82       Iteration elapsed (s): 0.14       GPU Mem (%): 85.54     Batch: 1         Restart: 1         
DEBUG    09:58:53     Fixed self.batch=1
INFO     09:58:53     [Input splitting]     Iteration: 12         Remaining: 4          Visited: 13         Bound: -254.790680     Time elapsed (s): 6.89       Iteration elapsed (s): 0.08       GPU Mem (%): 91.86     Batch: 1         Restart: 1         
DEBUG    09:58:53     Fixed self.batch=1
INFO     09:58:53     [Input splitting]     Iteration: 13         Remaining: 3          Visited: 14         Bound: -254.790680     Time elapsed (s): 6.93       Iteration elapsed (s): 0.03       GPU Mem (%): 91.86     Batch: 1         Restart: 1         
DEBUG    09:58:53     Fixed self.batch=1
INFO     09:58:53     [Input splitting]     Iteration: 14         Remaining: 3          Visited: 15         Bound: -254.790680     Time elapsed (s): 7.03       Iteration elapsed (s): 0.10       GPU Mem (%): 91.86     Batch: 1         Restart: 1         
DEBUG    09:58:53     Fixed self.batch=1
INFO     09:58:53     [Input splitting]     Iteration: 15         Remaining: 2          Visited: 16         Bound: -254.790680     Time elapsed (s): 7.13       Iteration elapsed (s): 0.09       GPU Mem (%): 91.86     Batch: 1         Restart: 1         
DEBUG    09:58:53     Fixed self.batch=1
INFO     09:58:53     [Input splitting]     Iteration: 16         Remaining: 3          Visited: 17         Bound: -254.790680     Time elapsed (s): 7.18       Iteration elapsed (s): 0.05       GPU Mem (%): 91.86     Batch: 1         Restart: 1         
DEBUG    09:58:53     Fixed self.batch=1
INFO     09:58:53     [Input splitting]     Iteration: 17         Remaining: 2          Visited: 18         Bound: -254.790680     Time elapsed (s): 7.19       Iteration elapsed (s): 0.01       GPU Mem (%): 91.86     Batch: 1         Restart: 1         
DEBUG    09:58:53     Fixed self.batch=1
INFO     09:58:53     [Input splitting]     Iteration: 18         Remaining: 3          Visited: 19         Bound: -254.790680     Time elapsed (s): 7.20       Iteration elapsed (s): 0.01       GPU Mem (%): 91.86     Batch: 1         Restart: 1         
DEBUG    09:58:53     Fixed self.batch=1
INFO     09:58:53     [Input splitting]     Iteration: 19         Remaining: 4          Visited: 20         Bound: -254.790680     Time elapsed (s): 7.23       Iteration elapsed (s): 0.03       GPU Mem (%): 91.86     Batch: 1         Restart: 1         
DEBUG    09:58:53     Fixed self.batch=1
INFO     09:58:53     [Input splitting]     Iteration: 20         Remaining: 3          Visited: 21         Bound: -254.790680     Time elapsed (s): 7.26       Iteration elapsed (s): 0.03       GPU Mem (%): 85.54     Batch: 1         Restart: 1         
INFO     09:58:53     [Input splitting]     Iteration: 21         Remaining: 3          Visited: 22         Bound: -254.790680     Time elapsed (s): 7.30       Iteration elapsed (s): 0.04       GPU Mem (%): 72.90     Batch: 1         Restart: 1         
INFO     09:58:53     [Input splitting]     Iteration: 22         Remaining: 2          Visited: 23         Bound: -254.790680     Time elapsed (s): 7.33       Iteration elapsed (s): 0.03       GPU Mem (%): 72.90     Batch: 1         Restart: 1         
DEBUG    09:58:53     Fixed self.batch=1
INFO     09:58:53     [Input splitting]     Iteration: 23         Remaining: 2          Visited: 24         Bound: -254.790680     Time elapsed (s): 7.48       Iteration elapsed (s): 0.14       GPU Mem (%): 85.54     Batch: 1         Restart: 1         
DEBUG    09:58:54     Fixed self.batch=1
INFO     09:58:54     [Input splitting]     Iteration: 24         Remaining: 2          Visited: 25         Bound: -254.790680     Time elapsed (s): 7.62       Iteration elapsed (s): 0.14       GPU Mem (%): 91.86     Batch: 1         Restart: 1         
DEBUG    09:58:54     Fixed self.batch=1
INFO     09:58:54     [Input splitting]     Iteration: 25         Remaining: 1          Visited: 26         Bound: -254.790680     Time elapsed (s): 7.68       Iteration elapsed (s): 0.06       GPU Mem (%): 91.86     Batch: 1         Restart: 1         
DEBUG    09:58:54     Fixed self.batch=1
INFO     09:58:54     [Input splitting]     Iteration: 26         Remaining: 2          Visited: 27         Bound: -153.536392     Time elapsed (s): 7.75       Iteration elapsed (s): 0.07       GPU Mem (%): 91.86     Batch: 1         Restart: 1         
DEBUG    09:58:54     Fixed self.batch=1
INFO     09:58:54     [Input splitting]     Iteration: 27         Remaining: 3          Visited: 28         Bound: -153.536392     Time elapsed (s): 7.84       Iteration elapsed (s): 0.08       GPU Mem (%): 91.86     Batch: 1         Restart: 1         
DEBUG    09:58:54     Fixed self.batch=1
INFO     09:58:54     [Input splitting]     Iteration: 28         Remaining: 4          Visited: 29         Bound: -153.536392     Time elapsed (s): 7.88       Iteration elapsed (s): 0.04       GPU Mem (%): 91.86     Batch: 1         Restart: 1         
INFO     09:58:54     [Input splitting]     Iteration: 29         Remaining: 3          Visited: 30         Bound: -153.536392     Time elapsed (s): 7.91       Iteration elapsed (s): 0.03       GPU Mem (%): 72.85     Batch: 1         Restart: 1         
INFO     09:58:54     [Input splitting]     Iteration: 30         Remaining: 4          Visited: 31         Bound: -153.536392     Time elapsed (s): 7.95       Iteration elapsed (s): 0.03       GPU Mem (%): 72.85     Batch: 1         Restart: 1         
DEBUG    09:58:54     Fixed self.batch=1
INFO     09:58:54     [Input splitting]     Iteration: 31         Remaining: 4          Visited: 32         Bound: -153.536392     Time elapsed (s): 8.02       Iteration elapsed (s): 0.07       GPU Mem (%): 91.81     Batch: 1         Restart: 1         
DEBUG    09:58:54     Fixed self.batch=1
INFO     09:58:54     [Input splitting]     Iteration: 32         Remaining: 5          Visited: 33         Bound: -153.536392     Time elapsed (s): 8.10       Iteration elapsed (s): 0.08       GPU Mem (%): 91.81     Batch: 1         Restart: 1         
DEBUG    09:58:54     Fixed self.batch=1
INFO     09:58:54     [Input splitting]     Iteration: 33         Remaining: 5          Visited: 34         Bound: -153.536392     Time elapsed (s): 8.19       Iteration elapsed (s): 0.08       GPU Mem (%): 91.81     Batch: 1         Restart: 1         
DEBUG    09:58:54     Fixed self.batch=1
INFO     09:58:54     [Input splitting]     Iteration: 34         Remaining: 4          Visited: 35         Bound: -153.536392     Time elapsed (s): 8.24       Iteration elapsed (s): 0.05       GPU Mem (%): 91.81     Batch: 1         Restart: 1         
DEBUG    09:58:54     Fixed self.batch=1
INFO     09:58:54     [Input splitting]     Iteration: 35         Remaining: 3          Visited: 36         Bound: -153.536392     Time elapsed (s): 8.29       Iteration elapsed (s): 0.05       GPU Mem (%): 91.81     Batch: 1         Restart: 1         
DEBUG    09:58:54     Fixed self.batch=1
INFO     09:58:54     [Input splitting]     Iteration: 36         Remaining: 2          Visited: 37         Bound: -153.536392     Time elapsed (s): 8.34       Iteration elapsed (s): 0.05       GPU Mem (%): 91.81     Batch: 1         Restart: 1         
DEBUG    09:58:54     Fixed self.batch=1
INFO     09:58:54     [Input splitting]     Iteration: 37         Remaining: 3          Visited: 38         Bound: -153.536392     Time elapsed (s): 8.43       Iteration elapsed (s): 0.09       GPU Mem (%): 91.81     Batch: 1         Restart: 1         
INFO     09:58:54     [Input splitting]     Iteration: 38         Remaining: 2          Visited: 39         Bound: -153.536392     Time elapsed (s): 8.46       Iteration elapsed (s): 0.03       GPU Mem (%): 72.85     Batch: 1         Restart: 1         
INFO     09:58:54     [Input splitting]     Iteration: 39         Remaining: 2          Visited: 40         Bound: -153.536392     Time elapsed (s): 8.50       Iteration elapsed (s): 0.04       GPU Mem (%): 72.85     Batch: 1         Restart: 1         
DEBUG    09:58:55     Fixed self.batch=1
INFO     09:58:55     [Input splitting]     Iteration: 40         Remaining: 1          Visited: 41         Bound: -153.536392     Time elapsed (s): 8.56       Iteration elapsed (s): 0.06       GPU Mem (%): 85.49     Batch: 1         Restart: 1         
DEBUG    09:58:55     Fixed self.batch=1
INFO     09:58:55     [Input splitting]     Iteration: 41         Remaining: 2          Visited: 42         Bound: -102.269928     Time elapsed (s): 8.65       Iteration elapsed (s): 0.08       GPU Mem (%): 91.81     Batch: 1         Restart: 1         
DEBUG    09:58:55     Fixed self.batch=1
INFO     09:58:55     [Input splitting]     Iteration: 42         Remaining: 3          Visited: 43         Bound: -77.679962      Time elapsed (s): 8.72       Iteration elapsed (s): 0.07       GPU Mem (%): 91.81     Batch: 1         Restart: 1         
DEBUG    09:58:55     Fixed self.batch=1
INFO     09:58:55     [Input splitting]     Iteration: 43         Remaining: 4          Visited: 44         Bound: -45.927696      Time elapsed (s): 8.77       Iteration elapsed (s): 0.05       GPU Mem (%): 91.81     Batch: 1         Restart: 1         
DEBUG    09:58:55     Fixed self.batch=1
INFO     09:58:55     [Input splitting]     Iteration: 44         Remaining: 5          Visited: 45         Bound: -45.927696      Time elapsed (s): 8.84       Iteration elapsed (s): 0.07       GPU Mem (%): 91.81     Batch: 1         Restart: 1         
DEBUG    09:58:55     Fixed self.batch=1
INFO     09:58:55     [Input splitting]     Iteration: 45         Remaining: 6          Visited: 46         Bound: -45.927696      Time elapsed (s): 8.90       Iteration elapsed (s): 0.06       GPU Mem (%): 91.81     Batch: 1         Restart: 1         
DEBUG    09:58:55     Fixed self.batch=1
INFO     09:58:55     [Input splitting]     Iteration: 46         Remaining: 6          Visited: 47         Bound: -45.927696      Time elapsed (s): 8.99       Iteration elapsed (s): 0.09       GPU Mem (%): 85.49     Batch: 1         Restart: 1         
DEBUG    09:58:55     Fixed self.batch=1
INFO     09:58:55     [Input splitting]     Iteration: 47         Remaining: 5          Visited: 48         Bound: -45.927696      Time elapsed (s): 9.08       Iteration elapsed (s): 0.09       GPU Mem (%): 85.49     Batch: 1         Restart: 1         
DEBUG    09:58:55     Fixed self.batch=1
INFO     09:58:55     [Input splitting]     Iteration: 48         Remaining: 6          Visited: 49         Bound: -45.927696      Time elapsed (s): 9.18       Iteration elapsed (s): 0.10       GPU Mem (%): 91.81     Batch: 1         Restart: 1         
DEBUG    09:58:55     Fixed self.batch=1
INFO     09:58:55     [Input splitting]     Iteration: 49         Remaining: 5          Visited: 50         Bound: -45.927696      Time elapsed (s): 9.21       Iteration elapsed (s): 0.03       GPU Mem (%): 91.81     Batch: 1         Restart: 1         
DEBUG    09:58:55     Fixed self.batch=1
INFO     09:58:55     [Input splitting]     Iteration: 50         Remaining: 5          Visited: 51         Bound: -45.927696      Time elapsed (s): 9.27       Iteration elapsed (s): 0.05       GPU Mem (%): 91.81     Batch: 1         Restart: 1         
DEBUG    09:58:55     Fixed self.batch=1
INFO     09:58:55     [Input splitting]     Iteration: 51         Remaining: 4          Visited: 52         Bound: -45.927696      Time elapsed (s): 9.31       Iteration elapsed (s): 0.04       GPU Mem (%): 91.81     Batch: 1         Restart: 1         
DEBUG    09:58:55     Fixed self.batch=1
INFO     09:58:55     [Input splitting]     Iteration: 52         Remaining: 3          Visited: 53         Bound: -45.927696      Time elapsed (s): 9.33       Iteration elapsed (s): 0.03       GPU Mem (%): 91.81     Batch: 1         Restart: 1         
DEBUG    09:58:55     Fixed self.batch=1
INFO     09:58:55     [Input splitting]     Iteration: 53         Remaining: 4          Visited: 54         Bound: -45.927696      Time elapsed (s): 9.42       Iteration elapsed (s): 0.09       GPU Mem (%): 91.81     Batch: 1         Restart: 1         
DEBUG    09:58:55     Fixed self.batch=1
INFO     09:58:55     [Input splitting]     Iteration: 54         Remaining: 4          Visited: 55         Bound: -45.927696      Time elapsed (s): 9.48       Iteration elapsed (s): 0.06       GPU Mem (%): 91.81     Batch: 1         Restart: 1         
DEBUG    09:58:55     Fixed self.batch=1
INFO     09:58:55     [Input splitting]     Iteration: 55         Remaining: 3          Visited: 56         Bound: -45.927696      Time elapsed (s): 9.51       Iteration elapsed (s): 0.03       GPU Mem (%): 91.81     Batch: 1         Restart: 1         
DEBUG    09:58:55     Fixed self.batch=1
INFO     09:58:55     [Input splitting]     Iteration: 56         Remaining: 4          Visited: 57         Bound: -45.927696      Time elapsed (s): 9.52       Iteration elapsed (s): 0.01       GPU Mem (%): 91.81     Batch: 1         Restart: 1         
DEBUG    09:58:55     Fixed self.batch=1
INFO     09:58:55     [Input splitting]     Iteration: 57         Remaining: 4          Visited: 58         Bound: -45.927696      Time elapsed (s): 9.53       Iteration elapsed (s): 0.01       GPU Mem (%): 91.81     Batch: 1         Restart: 1         
DEBUG    09:58:55     Fixed self.batch=1
INFO     09:58:55     [Input splitting]     Iteration: 58         Remaining: 3          Visited: 59         Bound: -45.927696      Time elapsed (s): 9.54       Iteration elapsed (s): 0.01       GPU Mem (%): 91.81     Batch: 1         Restart: 1         
DEBUG    09:58:56     Fixed self.batch=1
INFO     09:58:56     [Input splitting]     Iteration: 59         Remaining: 3          Visited: 60         Bound: -45.927696      Time elapsed (s): 9.56       Iteration elapsed (s): 0.03       GPU Mem (%): 91.81     Batch: 1         Restart: 1         
DEBUG    09:58:56     Fixed self.batch=1
INFO     09:58:56     [Input splitting]     Iteration: 60         Remaining: 2          Visited: 61         Bound: -45.927696      Time elapsed (s): 9.58       Iteration elapsed (s): 0.01       GPU Mem (%): 91.81     Batch: 1         Restart: 1         
DEBUG    09:58:56     Fixed self.batch=1
INFO     09:58:56     [Input splitting]     Iteration: 61         Remaining: 3          Visited: 62         Bound: -45.927696      Time elapsed (s): 9.59       Iteration elapsed (s): 0.01       GPU Mem (%): 91.81     Batch: 1         Restart: 1         
DEBUG    09:58:56     Fixed self.batch=1
INFO     09:58:56     [Input splitting]     Iteration: 62         Remaining: 3          Visited: 63         Bound: -45.927696      Time elapsed (s): 9.60       Iteration elapsed (s): 0.01       GPU Mem (%): 85.49     Batch: 1         Restart: 1         
INFO     09:58:56     [Input splitting]     Iteration: 63         Remaining: 2          Visited: 64         Bound: -45.927696      Time elapsed (s): 9.64       Iteration elapsed (s): 0.04       GPU Mem (%): 72.85     Batch: 1         Restart: 1         
DEBUG    09:58:56     Fixed self.batch=1
INFO     09:58:56     [Input splitting]     Iteration: 64         Remaining: 3          Visited: 65         Bound: -45.927696      Time elapsed (s): 9.90       Iteration elapsed (s): 0.27       GPU Mem (%): 85.49     Batch: 1         Restart: 1         
DEBUG    09:58:56     Fixed self.batch=1
INFO     09:58:56     [Input splitting]     Iteration: 65         Remaining: 3          Visited: 66         Bound: -45.927696      Time elapsed (s): 10.15      Iteration elapsed (s): 0.24       GPU Mem (%): 91.81     Batch: 1         Restart: 1         
DEBUG    09:58:56     Fixed self.batch=1
INFO     09:58:56     [Input splitting]     Iteration: 66         Remaining: 3          Visited: 67         Bound: -45.927696      Time elapsed (s): 10.34      Iteration elapsed (s): 0.20       GPU Mem (%): 85.44     Batch: 1         Restart: 1         
DEBUG    09:58:56     Fixed self.batch=1
INFO     09:58:56     [Input splitting]     Iteration: 67         Remaining: 2          Visited: 68         Bound: -45.927696      Time elapsed (s): 10.50      Iteration elapsed (s): 0.15       GPU Mem (%): 91.76     Batch: 1         Restart: 1         
DEBUG    09:58:57     Fixed self.batch=1
INFO     09:58:57     [Input splitting]     Iteration: 68         Remaining: 1          Visited: 69         Bound: -45.927696      Time elapsed (s): 10.56      Iteration elapsed (s): 0.07       GPU Mem (%): 91.76     Batch: 1         Restart: 1         
DEBUG    09:58:57     Fixed self.batch=1
INFO     09:58:57     [Input splitting]     Iteration: 69         Remaining: 2          Visited: 70         Bound: -25.398863      Time elapsed (s): 10.63      Iteration elapsed (s): 0.07       GPU Mem (%): 91.76     Batch: 1         Restart: 1         
DEBUG    09:58:57     Fixed self.batch=1
INFO     09:58:57     [Input splitting]     Iteration: 70         Remaining: 3          Visited: 71         Bound: -25.398863      Time elapsed (s): 10.69      Iteration elapsed (s): 0.06       GPU Mem (%): 91.76     Batch: 1         Restart: 1         
DEBUG    09:58:57     Fixed self.batch=1
INFO     09:58:57     [Input splitting]     Iteration: 71         Remaining: 2          Visited: 72         Bound: -25.398863      Time elapsed (s): 10.78      Iteration elapsed (s): 0.09       GPU Mem (%): 91.76     Batch: 1         Restart: 1         
DEBUG    09:58:57     Fixed self.batch=1
INFO     09:58:57     [Input splitting]     Iteration: 72         Remaining: 1          Visited: 73         Bound: -25.398863      Time elapsed (s): 11.04      Iteration elapsed (s): 0.26       GPU Mem (%): 85.44     Batch: 1         Restart: 1         
DEBUG    09:58:57     Fixed self.batch=1
INFO     09:58:57     [Input splitting]     Iteration: 73         Remaining: 2          Visited: 74         Bound: -18.381855      Time elapsed (s): 11.36      Iteration elapsed (s): 0.32       GPU Mem (%): 91.76     Batch: 1         Restart: 1         
INFO     09:58:58     [Input splitting]     Iteration: 74         Remaining: 3          Visited: 75         Bound: -6.600505       Time elapsed (s): 11.62      Iteration elapsed (s): 0.26       GPU Mem (%): 72.80     Batch: 1         Restart: 1         
DEBUG    09:58:58     Fixed self.batch=1
INFO     09:58:58     [Input splitting]     Iteration: 75         Remaining: 3          Visited: 76         Bound: -6.600505       Time elapsed (s): 12.02      Iteration elapsed (s): 0.40       GPU Mem (%): 91.76     Batch: 1         Restart: 1         
DEBUG    09:58:58     Fixed self.batch=1
INFO     09:58:58     [Input splitting]     Iteration: 76         Remaining: 2          Visited: 77         Bound: -6.600505       Time elapsed (s): 12.16      Iteration elapsed (s): 0.14       GPU Mem (%): 91.76     Batch: 1         Restart: 1         
DEBUG    09:58:58     Fixed self.batch=1
INFO     09:58:58     [Input splitting]     Iteration: 77         Remaining: 3          Visited: 78         Bound: -2.599046       Time elapsed (s): 12.26      Iteration elapsed (s): 0.09       GPU Mem (%): 91.76     Batch: 1         Restart: 1         
DEBUG    09:58:58     Fixed self.batch=1
INFO     09:58:58     [Input splitting]     Iteration: 78         Remaining: 2          Visited: 79         Bound: -2.599046       Time elapsed (s): 12.36      Iteration elapsed (s): 0.09       GPU Mem (%): 91.76     Batch: 1         Restart: 1         
INFO     09:58:58     [Input splitting]     Iteration: 79         Remaining: 1          Visited: 80         Bound: -2.599046       Time elapsed (s): 12.44      Iteration elapsed (s): 0.09       GPU Mem (%): 72.80     Batch: 1         Restart: 1         
DEBUG    09:58:59     Fixed self.batch=1
INFO     09:58:59     [Input splitting]     Iteration: 80         Remaining: 0          Visited: 81         Bound: 0.000001        Time elapsed (s): 12.56      Iteration elapsed (s): 0.12       GPU Mem (%): 85.44     Batch: 1         Restart: 1         
INFO     09:58:59     Verified: 1 	 Remain: 0
INFO     09:58:59     [!] Iterations: 80
INFO     09:58:59     [!] Result: unsat
INFO     09:58:59     [!] Runtime: 14.7865
unsat,14.7865
