[0;93m2026-05-27 10:10:05.040454416 [W:onnxruntime:Default, device_discovery.cc:283 GetGpuDevices] Failed to detect devices under "/sys/class/drm/card0": device_discovery.cc:93 ReadFileContents Failed to open file: "/sys/class/drm/card0/device/vendor"[m
Set parameter WLSAccessID
Set parameter WLSSecret
Set parameter LicenseID to value 2542227
Academic license 2542227 - for non-commercial use only - registered to ka___@unsw.edu.au

 [!] GlobalSettings:
	- use_restart                             : True
	- use_mip_tightening                      : True
	- use_attack                              : False
	- attack_interval                         : 10
	- use_mip_verify                          : True
	- input_splitting_threshold               : 0.5
	- hidden_splitting_threshold              : 0.01
	- safety_num_input_perturbed              : 200
	- skip_preprocess                         : False
	- use_save_reasoning_step                 : False
	- max_iterations                          : 1000000000.0
	- skip_initial_worst_bound                : -1000000.0
	- max_domains                             : 1000000000.0
	- use_decompose                           : False
	- restart_current_hidden_branches         : 2000
	- restart_visited_hidden_branches         : 20000
	- restart_current_input_branches          : 20000
	- restart_visited_input_branches          : 200000
	- restart_max_runtime                     : 60.0
	- restart_max_runtime_percentage          : 0.4
	- mip_tightening_patience                 : 10
	- mip_tightening_timeout_per_neuron       : 15.0
	- mip_tightening_topk                     : 64
	- use_gpu_tightening                      : False
	- gpu_tightening_current_hidden_branches  : 1000
	- gpu_tightening_visited_hidden_branches  : 5000
	- gpu_tightening_timeout                  : 10.0
	- gpu_tightening_patience                 : 10
	- gpu_tightening_topk                     : 500
	- use_mip_attack                          : False
	- mip_verify_threshold                    : 2
	- share_alphas                            : False
	- backward_batch_size                     : inf
	- forward_max_dim                         : 10000
	- forward_dynamic                         : False
	- use_decompose_incomplete                : False
	- init_abstraction_method                 : crown-optimized
	- subverifier_decision_method             : smart
	- verify_candidate_batch                  : 3
	- verify_last_timeout                     : 200.0
	- verify_interm_timeout                   : 20.0
	- sequential_batch                        : 100
	- use_sequential_abstract_forward         : False
	- verify_extra_opts                       : {'sparse_intermediate_bounds': True}
	- verify_splitting_strategy               : hidden
	- use_extra_substitution                  : False
	- verify_max_iteration                    : 4
	- verify_candidate_num                    : 128
	- verify_interpolate_factor               : 0.5

ConvertModel(
  (MatMul_model_30/linearLayer/BiasAdd:0): Linear(in_features=2, out_features=16, bias=True)
  (MatMul_model_30/selectionLayer/BiasAdd:0): Linear(in_features=16, out_features=256, bias=True)
  (MatMul_model_30/minBank0_0/BiasAdd:0): Linear(in_features=256, out_features=512, bias=True)
  (Relu_model_30/minBank0_0/Relu:0): ReLU()
  (MatMul_model_30/minBank0_1/BiasAdd:0): Linear(in_features=512, out_features=128, bias=True)
  (MatMul_model_30/minBank1_0/BiasAdd:0): Linear(in_features=128, out_features=256, bias=True)
  (Relu_model_30/minBank1_0/Relu:0): ReLU()
  (MatMul_model_30/minBank1_1/BiasAdd:0): Linear(in_features=256, out_features=64, bias=True)
  (MatMul_model_30/minBank2_0/BiasAdd:0): Linear(in_features=64, out_features=128, bias=True)
  (Relu_model_30/minBank2_0/Relu:0): ReLU()
  (MatMul_model_30/minBank2_1/BiasAdd:0): Linear(in_features=128, out_features=32, bias=True)
  (MatMul_model_30/minBank3_0/BiasAdd:0): Linear(in_features=32, out_features=64, bias=True)
  (Relu_model_30/minBank3_0/Relu:0): ReLU()
  (MatMul_model_30/minBank3_1/BiasAdd:0): Linear(in_features=64, out_features=16, bias=True)
  (MatMul_model_30/maxBank0_0/BiasAdd:0): Linear(in_features=16, out_features=32, bias=True)
  (Relu_model_30/maxBank0_0/Relu:0): ReLU()
  (MatMul_model_30/maxBank0_1/BiasAdd:0): Linear(in_features=32, out_features=8, bias=True)
  (MatMul_model_30/maxBank1_0/BiasAdd:0): Linear(in_features=8, out_features=16, bias=True)
  (Relu_model_30/maxBank1_0/Relu:0): ReLU()
  (MatMul_model_30/maxBank1_1/BiasAdd:0): Linear(in_features=16, out_features=4, bias=True)
  (MatMul_model_30/maxBank2_0/BiasAdd:0): Linear(in_features=4, out_features=8, bias=True)
  (Relu_model_30/maxBank2_0/Relu:0): ReLU()
  (MatMul_model_30/maxBank2_1/BiasAdd:0): Linear(in_features=8, out_features=2, bias=True)
  (MatMul_model_30/maxBank3_0/BiasAdd:0): Linear(in_features=2, out_features=4, bias=True)
  (Relu_model_30/maxBank3_0/Relu:0): ReLU()
  (MatMul_maxBank3_1): Linear(in_features=4, out_features=1, bias=True)
)
INFO     10:10:09     [!] Input shape: (1, 2)
INFO     10:10:09     [!] Output shape: (1, 1)
INFO     10:10:09     [!] VNNLIB: 2 inputs, 1 outputs
INFO     10:10:09     [!] eps=4.000000, perturbed=2
INFO     10:10:09     Params of 1-th run: {'input_split': True, 'abstract_method': 'forward+backward', 'decision_method': 'naive', 'decision_topk': 1}
INFO     10:10:09     [_setup_restart] _init_abstractor
DEBUG    10:10:09     [select_params] Try self.input_split=True Settings.backward_batch_size=inf extra_opts={} mode='patches' method='forward+backward'
DEBUG    10:10:09     [_init_module] Try bound_opts={'conv_mode': 'patches', 'verbosity': 0}
INFO     10:10:10     [select_params] Success: self.input_split=True Settings.backward_batch_size=inf extra_opts={} mode='patches' method='forward+backward'
INFO     10:10:10     Try batch size 1000
INFO     10:10:10     Initial bounds (first 10): tensor([-1044.9365])
DEBUG    10:10:10     Fixed self.batch=1
INFO     10:10:10     [Input splitting]     Iteration: 1          Remaining: 2          Visited: 2          Bound: -675.092346     Time elapsed (s): 0.97       Iteration elapsed (s): 0.08       GPU Mem (%): 80.33     Batch: 1         Restart: 1         
DEBUG    10:10:10     Fixed self.batch=1
INFO     10:10:10     [Input splitting]     Iteration: 2          Remaining: 3          Visited: 3          Bound: -571.568787     Time elapsed (s): 0.99       Iteration elapsed (s): 0.02       GPU Mem (%): 80.33     Batch: 1         Restart: 1         
DEBUG    10:10:10     Fixed self.batch=1
INFO     10:10:10     [Input splitting]     Iteration: 3          Remaining: 4          Visited: 4          Bound: -571.568787     Time elapsed (s): 1.02       Iteration elapsed (s): 0.03       GPU Mem (%): 86.65     Batch: 1         Restart: 1         
DEBUG    10:10:10     Fixed self.batch=1
INFO     10:10:10     [Input splitting]     Iteration: 4          Remaining: 4          Visited: 5          Bound: -571.568787     Time elapsed (s): 1.12       Iteration elapsed (s): 0.09       GPU Mem (%): 86.65     Batch: 1         Restart: 1         
DEBUG    10:10:10     Fixed self.batch=1
INFO     10:10:10     [Input splitting]     Iteration: 5          Remaining: 5          Visited: 6          Bound: -571.568787     Time elapsed (s): 1.22       Iteration elapsed (s): 0.10       GPU Mem (%): 86.65     Batch: 1         Restart: 1         
DEBUG    10:10:10     Fixed self.batch=1
INFO     10:10:10     [Input splitting]     Iteration: 6          Remaining: 5          Visited: 7          Bound: -571.568787     Time elapsed (s): 1.29       Iteration elapsed (s): 0.07       GPU Mem (%): 86.65     Batch: 1         Restart: 1         
DEBUG    10:10:10     Fixed self.batch=1
INFO     10:10:10     [Input splitting]     Iteration: 7          Remaining: 4          Visited: 8          Bound: -571.568787     Time elapsed (s): 1.32       Iteration elapsed (s): 0.04       GPU Mem (%): 86.65     Batch: 1         Restart: 1         
DEBUG    10:10:10     Fixed self.batch=1
INFO     10:10:10     [Input splitting]     Iteration: 8          Remaining: 4          Visited: 9          Bound: -571.568787     Time elapsed (s): 1.39       Iteration elapsed (s): 0.06       GPU Mem (%): 86.65     Batch: 1         Restart: 1         
DEBUG    10:10:10     Fixed self.batch=1
INFO     10:10:10     [Input splitting]     Iteration: 9          Remaining: 4          Visited: 10         Bound: -571.568787     Time elapsed (s): 1.46       Iteration elapsed (s): 0.07       GPU Mem (%): 86.65     Batch: 1         Restart: 1         
DEBUG    10:10:10     Fixed self.batch=1
INFO     10:10:10     [Input splitting]     Iteration: 10         Remaining: 3          Visited: 11         Bound: -571.568787     Time elapsed (s): 1.49       Iteration elapsed (s): 0.03       GPU Mem (%): 86.65     Batch: 1         Restart: 1         
DEBUG    10:10:10     Fixed self.batch=1
INFO     10:10:10     [Input splitting]     Iteration: 11         Remaining: 4          Visited: 12         Bound: -571.568787     Time elapsed (s): 1.54       Iteration elapsed (s): 0.05       GPU Mem (%): 86.65     Batch: 1         Restart: 1         
DEBUG    10:10:10     Fixed self.batch=1
INFO     10:10:10     [Input splitting]     Iteration: 12         Remaining: 4          Visited: 13         Bound: -571.568787     Time elapsed (s): 1.62       Iteration elapsed (s): 0.09       GPU Mem (%): 92.97     Batch: 1         Restart: 1         
DEBUG    10:10:11     Fixed self.batch=1
INFO     10:10:11     [Input splitting]     Iteration: 13         Remaining: 3          Visited: 14         Bound: -571.568787     Time elapsed (s): 1.66       Iteration elapsed (s): 0.04       GPU Mem (%): 92.97     Batch: 1         Restart: 1         
DEBUG    10:10:11     Fixed self.batch=1
INFO     10:10:11     [Input splitting]     Iteration: 14         Remaining: 4          Visited: 15         Bound: -571.568787     Time elapsed (s): 1.72       Iteration elapsed (s): 0.06       GPU Mem (%): 92.97     Batch: 1         Restart: 1         
DEBUG    10:10:11     Fixed self.batch=1
INFO     10:10:11     [Input splitting]     Iteration: 15         Remaining: 4          Visited: 16         Bound: -571.568787     Time elapsed (s): 1.79       Iteration elapsed (s): 0.06       GPU Mem (%): 92.97     Batch: 1         Restart: 1         
DEBUG    10:10:11     Fixed self.batch=1
INFO     10:10:11     [Input splitting]     Iteration: 16         Remaining: 4          Visited: 17         Bound: -571.568787     Time elapsed (s): 1.89       Iteration elapsed (s): 0.10       GPU Mem (%): 92.97     Batch: 1         Restart: 1         
DEBUG    10:10:11     Fixed self.batch=1
INFO     10:10:11     [Input splitting]     Iteration: 17         Remaining: 3          Visited: 18         Bound: -571.568787     Time elapsed (s): 1.96       Iteration elapsed (s): 0.08       GPU Mem (%): 92.97     Batch: 1         Restart: 1         
DEBUG    10:10:11     Fixed self.batch=1
INFO     10:10:11     [Input splitting]     Iteration: 18         Remaining: 4          Visited: 19         Bound: -571.568787     Time elapsed (s): 2.03       Iteration elapsed (s): 0.07       GPU Mem (%): 92.97     Batch: 1         Restart: 1         
DEBUG    10:10:11     Fixed self.batch=1
INFO     10:10:11     [Input splitting]     Iteration: 19         Remaining: 3          Visited: 20         Bound: -571.568787     Time elapsed (s): 2.10       Iteration elapsed (s): 0.07       GPU Mem (%): 80.33     Batch: 1         Restart: 1         
DEBUG    10:10:11     Fixed self.batch=1
INFO     10:10:11     [Input splitting]     Iteration: 20         Remaining: 3          Visited: 21         Bound: -571.568787     Time elapsed (s): 2.19       Iteration elapsed (s): 0.09       GPU Mem (%): 86.65     Batch: 1         Restart: 1         
DEBUG    10:10:11     Fixed self.batch=1
INFO     10:10:11     [Input splitting]     Iteration: 21         Remaining: 2          Visited: 22         Bound: -571.568787     Time elapsed (s): 2.25       Iteration elapsed (s): 0.05       GPU Mem (%): 86.67     Batch: 1         Restart: 1         
DEBUG    10:10:11     Fixed self.batch=1
INFO     10:10:11     [Input splitting]     Iteration: 22         Remaining: 3          Visited: 23         Bound: -571.568787     Time elapsed (s): 2.33       Iteration elapsed (s): 0.08       GPU Mem (%): 86.67     Batch: 1         Restart: 1         
DEBUG    10:10:11     Fixed self.batch=1
INFO     10:10:11     [Input splitting]     Iteration: 23         Remaining: 4          Visited: 24         Bound: -571.568787     Time elapsed (s): 2.40       Iteration elapsed (s): 0.06       GPU Mem (%): 86.67     Batch: 1         Restart: 1         
DEBUG    10:10:11     Fixed self.batch=1
INFO     10:10:11     [Input splitting]     Iteration: 24         Remaining: 5          Visited: 25         Bound: -571.568787     Time elapsed (s): 2.46       Iteration elapsed (s): 0.06       GPU Mem (%): 86.67     Batch: 1         Restart: 1         
DEBUG    10:10:11     Fixed self.batch=1
INFO     10:10:11     [Input splitting]     Iteration: 25         Remaining: 5          Visited: 26         Bound: -571.568787     Time elapsed (s): 2.52       Iteration elapsed (s): 0.06       GPU Mem (%): 86.67     Batch: 1         Restart: 1         
DEBUG    10:10:11     Fixed self.batch=1
INFO     10:10:11     [Input splitting]     Iteration: 26         Remaining: 5          Visited: 27         Bound: -571.568787     Time elapsed (s): 2.57       Iteration elapsed (s): 0.06       GPU Mem (%): 86.67     Batch: 1         Restart: 1         
DEBUG    10:10:11     Fixed self.batch=1
INFO     10:10:11     [Input splitting]     Iteration: 27         Remaining: 4          Visited: 28         Bound: -571.568787     Time elapsed (s): 2.60       Iteration elapsed (s): 0.03       GPU Mem (%): 86.67     Batch: 1         Restart: 1         
DEBUG    10:10:11     Fixed self.batch=1
INFO     10:10:11     [Input splitting]     Iteration: 28         Remaining: 5          Visited: 29         Bound: -571.568787     Time elapsed (s): 2.66       Iteration elapsed (s): 0.06       GPU Mem (%): 86.68     Batch: 1         Restart: 1         
DEBUG    10:10:12     Fixed self.batch=1
INFO     10:10:12     [Input splitting]     Iteration: 29         Remaining: 4          Visited: 30         Bound: -571.568787     Time elapsed (s): 2.68       Iteration elapsed (s): 0.02       GPU Mem (%): 86.68     Batch: 1         Restart: 1         
DEBUG    10:10:12     Fixed self.batch=1
INFO     10:10:12     [Input splitting]     Iteration: 30         Remaining: 3          Visited: 31         Bound: -571.568787     Time elapsed (s): 2.71       Iteration elapsed (s): 0.03       GPU Mem (%): 92.99     Batch: 1         Restart: 1         
DEBUG    10:10:12     Fixed self.batch=1
INFO     10:10:12     [Input splitting]     Iteration: 31         Remaining: 4          Visited: 32         Bound: -571.568787     Time elapsed (s): 2.77       Iteration elapsed (s): 0.06       GPU Mem (%): 92.99     Batch: 1         Restart: 1         
DEBUG    10:10:12     Fixed self.batch=1
INFO     10:10:12     [Input splitting]     Iteration: 32         Remaining: 3          Visited: 33         Bound: -571.568787     Time elapsed (s): 2.82       Iteration elapsed (s): 0.05       GPU Mem (%): 92.99     Batch: 1         Restart: 1         
DEBUG    10:10:12     Fixed self.batch=1
INFO     10:10:12     [Input splitting]     Iteration: 33         Remaining: 2          Visited: 34         Bound: -571.568787     Time elapsed (s): 2.85       Iteration elapsed (s): 0.03       GPU Mem (%): 92.99     Batch: 1         Restart: 1         
DEBUG    10:10:12     Fixed self.batch=1
INFO     10:10:12     [Input splitting]     Iteration: 34         Remaining: 3          Visited: 35         Bound: -571.568787     Time elapsed (s): 2.95       Iteration elapsed (s): 0.10       GPU Mem (%): 92.99     Batch: 1         Restart: 1         
DEBUG    10:10:12     Fixed self.batch=1
INFO     10:10:12     [Input splitting]     Iteration: 35         Remaining: 4          Visited: 36         Bound: -571.568787     Time elapsed (s): 3.29       Iteration elapsed (s): 0.35       GPU Mem (%): 89.94     Batch: 1         Restart: 1         
DEBUG    10:10:12     Fixed self.batch=1
INFO     10:10:12     [Input splitting]     Iteration: 36         Remaining: 5          Visited: 37         Bound: -571.568787     Time elapsed (s): 3.37       Iteration elapsed (s): 0.07       GPU Mem (%): 83.65     Batch: 1         Restart: 1         
DEBUG    10:10:12     Fixed self.batch=1
INFO     10:10:12     [Input splitting]     Iteration: 37         Remaining: 5          Visited: 38         Bound: -571.568787     Time elapsed (s): 3.47       Iteration elapsed (s): 0.10       GPU Mem (%): 83.65     Batch: 1         Restart: 1         
DEBUG    10:10:12     Fixed self.batch=1
INFO     10:10:12     [Input splitting]     Iteration: 38         Remaining: 4          Visited: 39         Bound: -571.568787     Time elapsed (s): 3.57       Iteration elapsed (s): 0.09       GPU Mem (%): 83.65     Batch: 1         Restart: 1         
DEBUG    10:10:12     Fixed self.batch=1
INFO     10:10:12     [Input splitting]     Iteration: 39         Remaining: 3          Visited: 40         Bound: -571.568787     Time elapsed (s): 3.61       Iteration elapsed (s): 0.04       GPU Mem (%): 83.65     Batch: 1         Restart: 1         
DEBUG    10:10:13     Fixed self.batch=1
INFO     10:10:13     [Input splitting]     Iteration: 40         Remaining: 4          Visited: 41         Bound: -571.568787     Time elapsed (s): 3.72       Iteration elapsed (s): 0.10       GPU Mem (%): 83.67     Batch: 1         Restart: 1         
DEBUG    10:10:13     Fixed self.batch=1
INFO     10:10:13     [Input splitting]     Iteration: 41         Remaining: 5          Visited: 42         Bound: -571.568787     Time elapsed (s): 3.86       Iteration elapsed (s): 0.14       GPU Mem (%): 84.81     Batch: 1         Restart: 1         
DEBUG    10:10:13     Fixed self.batch=1
INFO     10:10:13     [Input splitting]     Iteration: 42         Remaining: 6          Visited: 43         Bound: -571.568787     Time elapsed (s): 3.99       Iteration elapsed (s): 0.13       GPU Mem (%): 91.12     Batch: 1         Restart: 1         
DEBUG    10:10:13     Fixed self.batch=1
INFO     10:10:13     [Input splitting]     Iteration: 43         Remaining: 5          Visited: 44         Bound: -571.568787     Time elapsed (s): 4.05       Iteration elapsed (s): 0.06       GPU Mem (%): 91.12     Batch: 1         Restart: 1         
DEBUG    10:10:13     Fixed self.batch=1
INFO     10:10:13     [Input splitting]     Iteration: 44         Remaining: 4          Visited: 45         Bound: -571.568787     Time elapsed (s): 4.11       Iteration elapsed (s): 0.06       GPU Mem (%): 91.12     Batch: 1         Restart: 1         
DEBUG    10:10:13     Fixed self.batch=1
INFO     10:10:13     [Input splitting]     Iteration: 45         Remaining: 3          Visited: 46         Bound: -571.568787     Time elapsed (s): 4.18       Iteration elapsed (s): 0.08       GPU Mem (%): 91.12     Batch: 1         Restart: 1         
DEBUG    10:10:13     Fixed self.batch=1
INFO     10:10:13     [Input splitting]     Iteration: 46         Remaining: 2          Visited: 47         Bound: -571.568787     Time elapsed (s): 4.26       Iteration elapsed (s): 0.07       GPU Mem (%): 91.12     Batch: 1         Restart: 1         
DEBUG    10:10:13     Fixed self.batch=1
INFO     10:10:13     [Input splitting]     Iteration: 47         Remaining: 2          Visited: 48         Bound: -571.568787     Time elapsed (s): 4.33       Iteration elapsed (s): 0.07       GPU Mem (%): 91.12     Batch: 1         Restart: 1         
DEBUG    10:10:13     Fixed self.batch=1
INFO     10:10:13     [Input splitting]     Iteration: 48         Remaining: 3          Visited: 49         Bound: -571.568787     Time elapsed (s): 4.40       Iteration elapsed (s): 0.07       GPU Mem (%): 91.12     Batch: 1         Restart: 1         
DEBUG    10:10:13     Fixed self.batch=1
INFO     10:10:13     [Input splitting]     Iteration: 49         Remaining: 2          Visited: 50         Bound: -571.568787     Time elapsed (s): 4.43       Iteration elapsed (s): 0.04       GPU Mem (%): 91.12     Batch: 1         Restart: 1         
INFO     10:10:13     [Input splitting]     Iteration: 50         Remaining: 1          Visited: 51         Bound: -571.568787     Time elapsed (s): 4.46       Iteration elapsed (s): 0.03       GPU Mem (%): 72.16     Batch: 1         Restart: 1         
DEBUG    10:10:13     Fixed self.batch=1
INFO     10:10:13     [Input splitting]     Iteration: 51         Remaining: 2          Visited: 52         Bound: -229.573761     Time elapsed (s): 4.53       Iteration elapsed (s): 0.07       GPU Mem (%): 84.80     Batch: 1         Restart: 1         
DEBUG    10:10:13     Fixed self.batch=1
INFO     10:10:13     [Input splitting]     Iteration: 52         Remaining: 3          Visited: 53         Bound: -229.573761     Time elapsed (s): 4.60       Iteration elapsed (s): 0.07       GPU Mem (%): 84.80     Batch: 1         Restart: 1         
DEBUG    10:10:13     Fixed self.batch=1
INFO     10:10:13     [Input splitting]     Iteration: 53         Remaining: 4          Visited: 54         Bound: -229.573761     Time elapsed (s): 4.66       Iteration elapsed (s): 0.06       GPU Mem (%): 84.80     Batch: 1         Restart: 1         
DEBUG    10:10:14     Fixed self.batch=1
INFO     10:10:14     [Input splitting]     Iteration: 54         Remaining: 4          Visited: 55         Bound: -229.573761     Time elapsed (s): 4.72       Iteration elapsed (s): 0.06       GPU Mem (%): 84.80     Batch: 1         Restart: 1         
DEBUG    10:10:14     Fixed self.batch=1
INFO     10:10:14     [Input splitting]     Iteration: 55         Remaining: 3          Visited: 56         Bound: -229.573761     Time elapsed (s): 4.75       Iteration elapsed (s): 0.03       GPU Mem (%): 84.80     Batch: 1         Restart: 1         
DEBUG    10:10:14     Fixed self.batch=1
INFO     10:10:14     [Input splitting]     Iteration: 56         Remaining: 4          Visited: 57         Bound: -229.573761     Time elapsed (s): 4.82       Iteration elapsed (s): 0.07       GPU Mem (%): 84.80     Batch: 1         Restart: 1         
DEBUG    10:10:14     Fixed self.batch=1
INFO     10:10:14     [Input splitting]     Iteration: 57         Remaining: 4          Visited: 58         Bound: -229.573761     Time elapsed (s): 4.92       Iteration elapsed (s): 0.10       GPU Mem (%): 84.80     Batch: 1         Restart: 1         
DEBUG    10:10:14     Fixed self.batch=1
INFO     10:10:14     [Input splitting]     Iteration: 58         Remaining: 3          Visited: 59         Bound: -229.573761     Time elapsed (s): 4.97       Iteration elapsed (s): 0.05       GPU Mem (%): 84.81     Batch: 1         Restart: 1         
INFO     10:10:14     [Input splitting]     Iteration: 59         Remaining: 2          Visited: 60         Bound: -229.573761     Time elapsed (s): 5.00       Iteration elapsed (s): 0.03       GPU Mem (%): 78.49     Batch: 1         Restart: 1         
DEBUG    10:10:14     Fixed self.batch=1
INFO     10:10:14     [Input splitting]     Iteration: 60         Remaining: 3          Visited: 61         Bound: -229.573761     Time elapsed (s): 5.19       Iteration elapsed (s): 0.19       GPU Mem (%): 84.81     Batch: 1         Restart: 1         
DEBUG    10:10:14     Fixed self.batch=1
INFO     10:10:14     [Input splitting]     Iteration: 61         Remaining: 4          Visited: 62         Bound: -229.573761     Time elapsed (s): 5.40       Iteration elapsed (s): 0.21       GPU Mem (%): 84.81     Batch: 1         Restart: 1         
DEBUG    10:10:14     Fixed self.batch=1
INFO     10:10:14     [Input splitting]     Iteration: 62         Remaining: 3          Visited: 63         Bound: -229.573761     Time elapsed (s): 5.55       Iteration elapsed (s): 0.16       GPU Mem (%): 91.12     Batch: 1         Restart: 1         
DEBUG    10:10:15     Fixed self.batch=1
INFO     10:10:15     [Input splitting]     Iteration: 63         Remaining: 2          Visited: 64         Bound: -229.573761     Time elapsed (s): 5.77       Iteration elapsed (s): 0.21       GPU Mem (%): 91.12     Batch: 1         Restart: 1         
DEBUG    10:10:15     Fixed self.batch=1
INFO     10:10:15     [Input splitting]     Iteration: 64         Remaining: 3          Visited: 65         Bound: -229.573761     Time elapsed (s): 5.98       Iteration elapsed (s): 0.21       GPU Mem (%): 91.12     Batch: 1         Restart: 1         
DEBUG    10:10:15     Fixed self.batch=1
INFO     10:10:15     [Input splitting]     Iteration: 65         Remaining: 2          Visited: 66         Bound: -229.573761     Time elapsed (s): 6.16       Iteration elapsed (s): 0.18       GPU Mem (%): 91.12     Batch: 1         Restart: 1         
DEBUG    10:10:15     Fixed self.batch=1
INFO     10:10:15     [Input splitting]     Iteration: 66         Remaining: 1          Visited: 67         Bound: -229.573761     Time elapsed (s): 6.20       Iteration elapsed (s): 0.04       GPU Mem (%): 91.12     Batch: 1         Restart: 1         
DEBUG    10:10:15     Fixed self.batch=1
INFO     10:10:15     [Input splitting]     Iteration: 67         Remaining: 2          Visited: 68         Bound: -170.001892     Time elapsed (s): 6.25       Iteration elapsed (s): 0.06       GPU Mem (%): 91.12     Batch: 1         Restart: 1         
DEBUG    10:10:15     Fixed self.batch=1
INFO     10:10:15     [Input splitting]     Iteration: 68         Remaining: 3          Visited: 69         Bound: -134.975204     Time elapsed (s): 6.32       Iteration elapsed (s): 0.06       GPU Mem (%): 91.12     Batch: 1         Restart: 1         
DEBUG    10:10:15     Fixed self.batch=1
INFO     10:10:15     [Input splitting]     Iteration: 69         Remaining: 4          Visited: 70         Bound: -134.975204     Time elapsed (s): 6.38       Iteration elapsed (s): 0.06       GPU Mem (%): 91.12     Batch: 1         Restart: 1         
DEBUG    10:10:15     Fixed self.batch=1
INFO     10:10:15     [Input splitting]     Iteration: 70         Remaining: 5          Visited: 71         Bound: -134.975204     Time elapsed (s): 6.48       Iteration elapsed (s): 0.09       GPU Mem (%): 91.12     Batch: 1         Restart: 1         
DEBUG    10:10:15     Fixed self.batch=1
INFO     10:10:15     [Input splitting]     Iteration: 71         Remaining: 6          Visited: 72         Bound: -134.975204     Time elapsed (s): 6.54       Iteration elapsed (s): 0.06       GPU Mem (%): 91.12     Batch: 1         Restart: 1         
DEBUG    10:10:16     Fixed self.batch=1
INFO     10:10:16     [Input splitting]     Iteration: 72         Remaining: 5          Visited: 73         Bound: -134.975204     Time elapsed (s): 6.68       Iteration elapsed (s): 0.14       GPU Mem (%): 91.12     Batch: 1         Restart: 1         
DEBUG    10:10:16     Fixed self.batch=1
INFO     10:10:16     [Input splitting]     Iteration: 73         Remaining: 4          Visited: 74         Bound: -134.975204     Time elapsed (s): 6.76       Iteration elapsed (s): 0.07       GPU Mem (%): 91.12     Batch: 1         Restart: 1         
DEBUG    10:10:16     Fixed self.batch=1
INFO     10:10:16     [Input splitting]     Iteration: 74         Remaining: 5          Visited: 75         Bound: -134.975204     Time elapsed (s): 6.82       Iteration elapsed (s): 0.06       GPU Mem (%): 91.12     Batch: 1         Restart: 1         
DEBUG    10:10:16     Fixed self.batch=1
INFO     10:10:16     [Input splitting]     Iteration: 75         Remaining: 4          Visited: 76         Bound: -134.975204     Time elapsed (s): 6.86       Iteration elapsed (s): 0.04       GPU Mem (%): 91.12     Batch: 1         Restart: 1         
DEBUG    10:10:16     Fixed self.batch=1
INFO     10:10:16     [Input splitting]     Iteration: 76         Remaining: 3          Visited: 77         Bound: -134.975204     Time elapsed (s): 6.89       Iteration elapsed (s): 0.04       GPU Mem (%): 91.12     Batch: 1         Restart: 1         
DEBUG    10:10:16     Fixed self.batch=1
INFO     10:10:16     [Input splitting]     Iteration: 77         Remaining: 2          Visited: 78         Bound: -134.975204     Time elapsed (s): 6.95       Iteration elapsed (s): 0.06       GPU Mem (%): 91.12     Batch: 1         Restart: 1         
DEBUG    10:10:16     Fixed self.batch=1
INFO     10:10:16     [Input splitting]     Iteration: 78         Remaining: 3          Visited: 79         Bound: -134.975204     Time elapsed (s): 7.06       Iteration elapsed (s): 0.11       GPU Mem (%): 91.12     Batch: 1         Restart: 1         
DEBUG    10:10:16     Fixed self.batch=1
INFO     10:10:16     [Input splitting]     Iteration: 79         Remaining: 4          Visited: 80         Bound: -134.975204     Time elapsed (s): 7.11       Iteration elapsed (s): 0.05       GPU Mem (%): 91.12     Batch: 1         Restart: 1         
DEBUG    10:10:16     Fixed self.batch=1
INFO     10:10:16     [Input splitting]     Iteration: 80         Remaining: 3          Visited: 81         Bound: -134.975204     Time elapsed (s): 7.13       Iteration elapsed (s): 0.03       GPU Mem (%): 91.12     Batch: 1         Restart: 1         
DEBUG    10:10:16     Fixed self.batch=1
INFO     10:10:16     [Input splitting]     Iteration: 81         Remaining: 2          Visited: 82         Bound: -134.975204     Time elapsed (s): 7.16       Iteration elapsed (s): 0.02       GPU Mem (%): 91.12     Batch: 1         Restart: 1         
DEBUG    10:10:16     Fixed self.batch=1
INFO     10:10:16     [Input splitting]     Iteration: 82         Remaining: 3          Visited: 83         Bound: -134.975204     Time elapsed (s): 7.21       Iteration elapsed (s): 0.05       GPU Mem (%): 91.12     Batch: 1         Restart: 1         
DEBUG    10:10:16     Fixed self.batch=1
INFO     10:10:16     [Input splitting]     Iteration: 83         Remaining: 3          Visited: 84         Bound: -134.975204     Time elapsed (s): 7.26       Iteration elapsed (s): 0.06       GPU Mem (%): 91.12     Batch: 1         Restart: 1         
DEBUG    10:10:16     Fixed self.batch=1
INFO     10:10:16     [Input splitting]     Iteration: 84         Remaining: 2          Visited: 85         Bound: -134.975204     Time elapsed (s): 7.37       Iteration elapsed (s): 0.11       GPU Mem (%): 91.12     Batch: 1         Restart: 1         
DEBUG    10:10:16     Fixed self.batch=1
INFO     10:10:16     [Input splitting]     Iteration: 85         Remaining: 2          Visited: 86         Bound: -134.975204     Time elapsed (s): 7.42       Iteration elapsed (s): 0.05       GPU Mem (%): 91.12     Batch: 1         Restart: 1         
DEBUG    10:10:16     Fixed self.batch=1
INFO     10:10:16     [Input splitting]     Iteration: 86         Remaining: 1          Visited: 87         Bound: -134.975204     Time elapsed (s): 7.45       Iteration elapsed (s): 0.03       GPU Mem (%): 91.12     Batch: 1         Restart: 1         
DEBUG    10:10:16     Fixed self.batch=1
INFO     10:10:16     [Input splitting]     Iteration: 87         Remaining: 2          Visited: 88         Bound: -31.238121      Time elapsed (s): 7.50       Iteration elapsed (s): 0.05       GPU Mem (%): 91.12     Batch: 1         Restart: 1         
DEBUG    10:10:16     Fixed self.batch=1
INFO     10:10:16     [Input splitting]     Iteration: 88         Remaining: 3          Visited: 89         Bound: -31.238121      Time elapsed (s): 7.56       Iteration elapsed (s): 0.05       GPU Mem (%): 91.12     Batch: 1         Restart: 1         
DEBUG    10:10:16     Fixed self.batch=1
INFO     10:10:16     [Input splitting]     Iteration: 89         Remaining: 2          Visited: 90         Bound: -31.238121      Time elapsed (s): 7.59       Iteration elapsed (s): 0.03       GPU Mem (%): 91.12     Batch: 1         Restart: 1         
DEBUG    10:10:16     Fixed self.batch=1
INFO     10:10:16     [Input splitting]     Iteration: 90         Remaining: 2          Visited: 91         Bound: -31.238121      Time elapsed (s): 7.62       Iteration elapsed (s): 0.04       GPU Mem (%): 91.12     Batch: 1         Restart: 1         
DEBUG    10:10:16     Fixed self.batch=1
INFO     10:10:16     [Input splitting]     Iteration: 91         Remaining: 2          Visited: 92         Bound: -31.238121      Time elapsed (s): 7.65       Iteration elapsed (s): 0.03       GPU Mem (%): 91.12     Batch: 1         Restart: 1         
DEBUG    10:10:17     Fixed self.batch=1
INFO     10:10:17     [Input splitting]     Iteration: 92         Remaining: 1          Visited: 93         Bound: -31.238121      Time elapsed (s): 7.67       Iteration elapsed (s): 0.02       GPU Mem (%): 91.12     Batch: 1         Restart: 1         
DEBUG    10:10:17     Fixed self.batch=1
INFO     10:10:17     [Input splitting]     Iteration: 93         Remaining: 2          Visited: 94         Bound: -20.796715      Time elapsed (s): 7.74       Iteration elapsed (s): 0.07       GPU Mem (%): 91.12     Batch: 1         Restart: 1         
DEBUG    10:10:17     Fixed self.batch=1
INFO     10:10:17     [Input splitting]     Iteration: 94         Remaining: 2          Visited: 95         Bound: -4.536019       Time elapsed (s): 7.79       Iteration elapsed (s): 0.05       GPU Mem (%): 91.12     Batch: 1         Restart: 1         
DEBUG    10:10:17     Fixed self.batch=1
INFO     10:10:17     [Input splitting]     Iteration: 95         Remaining: 2          Visited: 96         Bound: -3.550187       Time elapsed (s): 7.85       Iteration elapsed (s): 0.06       GPU Mem (%): 91.12     Batch: 1         Restart: 1         
DEBUG    10:10:17     Fixed self.batch=1
INFO     10:10:17     [Input splitting]     Iteration: 96         Remaining: 1          Visited: 97         Bound: -3.550187       Time elapsed (s): 7.88       Iteration elapsed (s): 0.03       GPU Mem (%): 91.12     Batch: 1         Restart: 1         
DEBUG    10:10:17     Fixed self.batch=1
INFO     10:10:17     [Input splitting]     Iteration: 97         Remaining: 0          Visited: 98         Bound: 0.000001        Time elapsed (s): 7.91       Iteration elapsed (s): 0.03       GPU Mem (%): 91.12     Batch: 1         Restart: 1         
INFO     10:10:17     Verified: 1 	 Remain: 0
INFO     10:10:17     [!] Iterations: 97
INFO     10:10:17     [!] Result: unsat
INFO     10:10:17     [!] Runtime: 9.2213
unsat,9.2213
