[0;93m2026-05-27 10:45:32.977088083 [W:onnxruntime:Default, device_discovery.cc:283 GetGpuDevices] Failed to detect devices under "/sys/class/drm/card0": device_discovery.cc:93 ReadFileContents Failed to open file: "/sys/class/drm/card0/device/vendor"[m
Set parameter WLSAccessID
Set parameter WLSSecret
Set parameter LicenseID to value 2542227
Academic license 2542227 - for non-commercial use only - registered to ka___@unsw.edu.au

 [!] GlobalSettings:
	- use_restart                             : True
	- use_mip_tightening                      : True
	- use_attack                              : False
	- attack_interval                         : 10
	- use_mip_verify                          : True
	- input_splitting_threshold               : 0.5
	- hidden_splitting_threshold              : 0.01
	- safety_num_input_perturbed              : 200
	- skip_preprocess                         : False
	- use_save_reasoning_step                 : False
	- max_iterations                          : 1000000000.0
	- skip_initial_worst_bound                : -1000000.0
	- max_domains                             : 1000000000.0
	- use_decompose                           : False
	- restart_current_hidden_branches         : 2000
	- restart_visited_hidden_branches         : 20000
	- restart_current_input_branches          : 20000
	- restart_visited_input_branches          : 200000
	- restart_max_runtime                     : 60.0
	- restart_max_runtime_percentage          : 0.4
	- mip_tightening_patience                 : 10
	- mip_tightening_timeout_per_neuron       : 15.0
	- mip_tightening_topk                     : 64
	- use_gpu_tightening                      : False
	- gpu_tightening_current_hidden_branches  : 1000
	- gpu_tightening_visited_hidden_branches  : 5000
	- gpu_tightening_timeout                  : 10.0
	- gpu_tightening_patience                 : 10
	- gpu_tightening_topk                     : 500
	- use_mip_attack                          : False
	- mip_verify_threshold                    : 2
	- share_alphas                            : False
	- backward_batch_size                     : inf
	- forward_max_dim                         : 10000
	- forward_dynamic                         : False
	- use_decompose_incomplete                : False
	- init_abstraction_method                 : crown-optimized
	- subverifier_decision_method             : smart
	- verify_candidate_batch                  : 3
	- verify_last_timeout                     : 200.0
	- verify_interm_timeout                   : 20.0
	- sequential_batch                        : 100
	- use_sequential_abstract_forward         : False
	- verify_extra_opts                       : {'sparse_intermediate_bounds': True}
	- verify_splitting_strategy               : hidden
	- use_extra_substitution                  : False
	- verify_max_iteration                    : 4
	- verify_candidate_num                    : 128
	- verify_interpolate_factor               : 0.5

ConvertModel(
  (MatMul_model_183/linearLayer/BiasAdd:0): Linear(in_features=2, out_features=56, bias=True)
  (MatMul_model_183/selectionLayer/BiasAdd:0): Linear(in_features=56, out_features=3136, bias=True)
  (MatMul_model_183/minBank0_0/BiasAdd:0): Linear(in_features=3136, out_features=6272, bias=True)
  (Relu_model_183/minBank0_0/Relu:0): ReLU()
  (MatMul_model_183/minBank0_1/BiasAdd:0): Linear(in_features=6272, out_features=1568, bias=True)
  (MatMul_model_183/minBank1_0/BiasAdd:0): Linear(in_features=1568, out_features=3136, bias=True)
  (Relu_model_183/minBank1_0/Relu:0): ReLU()
  (MatMul_model_183/minBank1_1/BiasAdd:0): Linear(in_features=3136, out_features=784, bias=True)
  (MatMul_model_183/minBank2_0/BiasAdd:0): Linear(in_features=784, out_features=1568, bias=True)
  (Relu_model_183/minBank2_0/Relu:0): ReLU()
  (MatMul_model_183/minBank2_1/BiasAdd:0): Linear(in_features=1568, out_features=392, bias=True)
  (MatMul_model_183/minBank3_0/BiasAdd:0): Linear(in_features=392, out_features=896, bias=True)
  (Relu_model_183/minBank3_0/Relu:0): ReLU()
  (MatMul_model_183/minBank3_1/BiasAdd:0): Linear(in_features=896, out_features=224, bias=True)
  (MatMul_model_183/minBank4_0/BiasAdd:0): Linear(in_features=224, out_features=448, bias=True)
  (Relu_model_183/minBank4_0/Relu:0): ReLU()
  (MatMul_model_183/minBank4_1/BiasAdd:0): Linear(in_features=448, out_features=112, bias=True)
  (MatMul_model_183/minBank5_0/BiasAdd:0): Linear(in_features=112, out_features=224, bias=True)
  (Relu_model_183/minBank5_0/Relu:0): ReLU()
  (MatMul_model_183/minBank5_1/BiasAdd:0): Linear(in_features=224, out_features=56, bias=True)
  (MatMul_model_183/maxBank0_0/BiasAdd:0): Linear(in_features=56, out_features=112, bias=True)
  (Relu_model_183/maxBank0_0/Relu:0): ReLU()
  (MatMul_model_183/maxBank0_1/BiasAdd:0): Linear(in_features=112, out_features=28, bias=True)
  (MatMul_model_183/maxBank1_0/BiasAdd:0): Linear(in_features=28, out_features=56, bias=True)
  (Relu_model_183/maxBank1_0/Relu:0): ReLU()
  (MatMul_model_183/maxBank1_1/BiasAdd:0): Linear(in_features=56, out_features=14, bias=True)
  (MatMul_model_183/maxBank2_0/BiasAdd:0): Linear(in_features=14, out_features=28, bias=True)
  (Relu_model_183/maxBank2_0/Relu:0): ReLU()
  (MatMul_model_183/maxBank2_1/BiasAdd:0): Linear(in_features=28, out_features=7, bias=True)
  (MatMul_model_183/maxBank3_0/BiasAdd:0): Linear(in_features=7, out_features=16, bias=True)
  (Relu_model_183/maxBank3_0/Relu:0): ReLU()
  (MatMul_model_183/maxBank3_1/BiasAdd:0): Linear(in_features=16, out_features=4, bias=True)
  (MatMul_model_183/maxBank4_0/BiasAdd:0): Linear(in_features=4, out_features=8, bias=True)
  (Relu_model_183/maxBank4_0/Relu:0): ReLU()
  (MatMul_model_183/maxBank4_1/BiasAdd:0): Linear(in_features=8, out_features=2, bias=True)
  (MatMul_model_183/maxBank5_0/BiasAdd:0): Linear(in_features=2, out_features=4, bias=True)
  (Relu_model_183/maxBank5_0/Relu:0): ReLU()
  (MatMul_maxBank5_1): Linear(in_features=4, out_features=1, bias=True)
)
INFO     10:45:36     [!] Input shape: (1, 2)
INFO     10:45:36     [!] Output shape: (1, 1)
INFO     10:45:36     [!] VNNLIB: 2 inputs, 1 outputs
INFO     10:45:36     [!] eps=4.000000, perturbed=2
INFO     10:45:36     Params of 1-th run: {'input_split': True, 'abstract_method': 'forward+backward', 'decision_method': 'naive', 'decision_topk': 1}
INFO     10:45:36     [_setup_restart] _init_abstractor
DEBUG    10:45:36     [select_params] Try self.input_split=True Settings.backward_batch_size=inf extra_opts={} mode='patches' method='forward+backward'
DEBUG    10:45:36     [_init_module] Try bound_opts={'conv_mode': 'patches', 'verbosity': 0}
INFO     10:45:37     [select_params] Success: self.input_split=True Settings.backward_batch_size=inf extra_opts={} mode='patches' method='forward+backward'
INFO     10:45:37     Try batch size 1000
INFO     10:45:37     Initial bounds (first 10): tensor([-89836.2734])
INFO     10:45:37     [Input splitting]     Iteration: 1          Remaining: 2          Visited: 2          Bound: -59870.164062   Time elapsed (s): 0.90       Iteration elapsed (s): 0.04       GPU Mem (%): 10.09     Batch: 1000      Restart: 1         
INFO     10:45:37     [Input splitting]     Iteration: 2          Remaining: 4          Visited: 4          Bound: -29501.117188   Time elapsed (s): 0.93       Iteration elapsed (s): 0.03       GPU Mem (%): 10.09     Batch: 1000      Restart: 1         
INFO     10:45:37     [Input splitting]     Iteration: 3          Remaining: 8          Visited: 8          Bound: -22674.855469   Time elapsed (s): 0.96       Iteration elapsed (s): 0.03       GPU Mem (%): 10.09     Batch: 1000      Restart: 1         
INFO     10:45:37     [Input splitting]     Iteration: 4          Remaining: 16         Visited: 16         Bound: -12097.428711   Time elapsed (s): 0.99       Iteration elapsed (s): 0.03       GPU Mem (%): 10.10     Batch: 1000      Restart: 1         
INFO     10:45:37     [Input splitting]     Iteration: 5          Remaining: 32         Visited: 32         Bound: -9000.623047    Time elapsed (s): 1.02       Iteration elapsed (s): 0.03       GPU Mem (%): 10.12     Batch: 1000      Restart: 1         
INFO     10:45:37     [Input splitting]     Iteration: 6          Remaining: 64         Visited: 64         Bound: -3887.581543    Time elapsed (s): 1.05       Iteration elapsed (s): 0.03       GPU Mem (%): 10.12     Batch: 1000      Restart: 1         
INFO     10:45:37     [Input splitting]     Iteration: 7          Remaining: 128        Visited: 128        Bound: -3365.776611    Time elapsed (s): 1.08       Iteration elapsed (s): 0.03       GPU Mem (%): 10.20     Batch: 1000      Restart: 1         
INFO     10:45:37     [Input splitting]     Iteration: 8          Remaining: 256        Visited: 256        Bound: -1752.727539    Time elapsed (s): 1.11       Iteration elapsed (s): 0.03       GPU Mem (%): 10.27     Batch: 1000      Restart: 1         
INFO     10:45:37     [Input splitting]     Iteration: 9          Remaining: 512        Visited: 512        Bound: -1285.476807    Time elapsed (s): 1.15       Iteration elapsed (s): 0.04       GPU Mem (%): 10.57     Batch: 1000      Restart: 1         
INFO     10:45:37     [Input splitting]     Iteration: 10         Remaining: 956        Visited: 1024       Bound: -802.525513     Time elapsed (s): 1.20       Iteration elapsed (s): 0.05       GPU Mem (%): 11.27     Batch: 1000      Restart: 1         
INFO     10:45:37     [Input splitting]     Iteration: 11         Remaining: 1605       Visited: 1980       Bound: -514.031860     Time elapsed (s): 1.29       Iteration elapsed (s): 0.10       GPU Mem (%): 12.43     Batch: 1000      Restart: 1         
DEBUG    10:45:37     Increase current_batch=1000 old_domains_length=1605 self.batch=2000
INFO     10:45:37     [Input splitting]     Iteration: 12         Remaining: 1923       Visited: 2980       Bound: -461.202240     Time elapsed (s): 1.38       Iteration elapsed (s): 0.08       GPU Mem (%): 12.84     Batch: 2000      Restart: 1         
INFO     10:45:38     [Input splitting]     Iteration: 13         Remaining: 2546       Visited: 4903       Bound: -217.650269     Time elapsed (s): 1.52       Iteration elapsed (s): 0.15       GPU Mem (%): 15.08     Batch: 2000      Restart: 1         
DEBUG    10:45:38     Increase current_batch=2000 old_domains_length=2546 self.batch=4000
INFO     10:45:38     [Input splitting]     Iteration: 14         Remaining: 3114       Visited: 6903       Bound: -217.650269     Time elapsed (s): 1.67       Iteration elapsed (s): 0.15       GPU Mem (%): 16.37     Batch: 4000      Restart: 1         
INFO     10:45:38     [Input splitting]     Iteration: 15         Remaining: 4646       Visited: 10017      Bound: -150.231537     Time elapsed (s): 1.89       Iteration elapsed (s): 0.22       GPU Mem (%): 18.29     Batch: 4000      Restart: 1         
DEBUG    10:45:38     Increase current_batch=4000 old_domains_length=4646 self.batch=8000
INFO     10:45:38     [Input splitting]     Iteration: 16         Remaining: 7020       Visited: 14017      Bound: -143.599808     Time elapsed (s): 2.18       Iteration elapsed (s): 0.29       GPU Mem (%): 21.22     Batch: 8000      Restart: 1         
INFO     10:45:39     [Input splitting]     Iteration: 17         Remaining: 12446      Visited: 21037      Bound: -72.629623      Time elapsed (s): 2.65       Iteration elapsed (s): 0.47       GPU Mem (%): 28.69     Batch: 8000      Restart: 1         
DEBUG    10:45:39     Increase current_batch=8000 old_domains_length=12446 self.batch=16000
INFO     10:45:39     [Input splitting]     Iteration: 18         Remaining: 19218      Visited: 29037      Bound: -69.328918      Time elapsed (s): 3.22       Iteration elapsed (s): 0.57       GPU Mem (%): 33.19     Batch: 16000     Restart: 1         
INFO     10:45:40     [Input splitting]     Iteration: 19         Remaining: 33756      Visited: 45037      Bound: -69.328918      Time elapsed (s): 4.27       Iteration elapsed (s): 1.05       GPU Mem (%): 52.57     Batch: 16000     Restart: 1         
DEBUG    10:45:40     [Restart] Number of remaining domains exceeded 20000 domains
DEBUG    10:45:40     Restarting
INFO     10:45:40     Params of 2-th run: {'input_split': True, 'abstract_method': 'backward', 'decision_method': 'smart', 'decision_topk': 1}
INFO     10:45:40     [_setup_restart] _init_abstractor
DEBUG    10:45:41     [select_params] Try self.input_split=True Settings.backward_batch_size=inf extra_opts={} mode='patches' method='backward'
DEBUG    10:45:41     [_init_module] Try bound_opts={'conv_mode': 'patches', 'verbosity': 0}
INFO     10:45:41     [select_params] Success: self.input_split=True Settings.backward_batch_size=inf extra_opts={} mode='patches' method='backward'
INFO     10:45:41     Try batch size 1000
INFO     10:45:41     Initial bounds (first 10): tensor([-2659.1719])
INFO     10:45:41     [Input splitting]     Iteration: 20         Remaining: 2          Visited: 2          Bound: -1725.693848    Time elapsed (s): 5.37       Iteration elapsed (s): 0.22       GPU Mem (%): 14.07     Batch: 1000      Restart: 2         
INFO     10:45:42     [Input splitting]     Iteration: 21         Remaining: 4          Visited: 4          Bound: -863.716003     Time elapsed (s): 5.66       Iteration elapsed (s): 0.28       GPU Mem (%): 14.37     Batch: 1000      Restart: 2         
INFO     10:45:42     [Input splitting]     Iteration: 22         Remaining: 8          Visited: 8          Bound: -788.246216     Time elapsed (s): 6.13       Iteration elapsed (s): 0.47       GPU Mem (%): 17.16     Batch: 1000      Restart: 2         
INFO     10:45:43     [Input splitting]     Iteration: 23         Remaining: 16         Visited: 16         Bound: -303.471191     Time elapsed (s): 6.98       Iteration elapsed (s): 0.85       GPU Mem (%): 21.32     Batch: 1000      Restart: 2         
INFO     10:45:44     [Input splitting]     Iteration: 24         Remaining: 32         Visited: 32         Bound: -280.396149     Time elapsed (s): 8.01       Iteration elapsed (s): 1.03       GPU Mem (%): 27.95     Batch: 1000      Restart: 2         
INFO     10:45:46     [Input splitting]     Iteration: 25         Remaining: 60         Visited: 64         Bound: -115.617928     Time elapsed (s): 10.30      Iteration elapsed (s): 2.29       GPU Mem (%): 44.00     Batch: 1000      Restart: 2         
DEBUG    10:45:47     [!] RuntimeError exception
Traceback (most recent call last):
  File "/data1/Kane/neuralsat/src/verifier/verifier.py", line 177, in _verify_with_restart
    status = self._verify_one(
             ^^^^^^^^^^^^^^^^^
  File "<@beartype(verifier.verifier.Verifier._verify_one) at 0x797f0b385f80>", line 94, in _verify_one
  File "/data1/Kane/neuralsat/src/verifier/verifier.py", line 302, in _verify_one
    self._parallel_dpll()
  File "<@beartype(verifier.verifier.Verifier._parallel_dpll) at 0x797f0b3863e0>", line 33, in _parallel_dpll
  File "/data1/Kane/neuralsat/src/verifier/verifier.py", line 455, in _parallel_dpll
    abstraction_ret = self.abstractor.forward(decisions, pruned_ret)
                      ^^^^^^^^^^^^^^^^^^^^^^^^^^^^^^^^^^^^^^^^^^^^^^
  File "<@beartype(abstractor.abstractor.NetworkAbstractor.forward) at 0x797f0b366c00>", line 73, in forward
  File "/data1/Kane/neuralsat/src/abstractor/abstractor.py", line 563, in forward
    return forward_func(domain_params=domain_params, decisions=decisions, simplify=False)
           ^^^^^^^^^^^^^^^^^^^^^^^^^^^^^^^^^^^^^^^^^^^^^^^^^^^^^^^^^^^^^^^^^^^^^^^^^^^^^^
  File "<@beartype(abstractor.abstractor.NetworkAbstractor._forward_input) at 0x797f0b366840>", line 88, in _forward_input
  File "/data1/Kane/neuralsat/src/abstractor/abstractor.py", line 476, in _forward_input
    double_output_lbs, _ = self.net.compute_bounds(
                           ^^^^^^^^^^^^^^^^^^^^^^^^
  File "/data1/Kane/neuralsat/src/abstractor/auto_LiRPA/bound_general.py", line 1235, in compute_bounds
    return self._compute_bounds_main(C=C,
           ^^^^^^^^^^^^^^^^^^^^^^^^^^^^^^
  File "/data1/Kane/neuralsat/src/abstractor/auto_LiRPA/bound_general.py", line 1326, in _compute_bounds_main
    self.check_prior_bounds(final, C=C)
  File "/data1/Kane/neuralsat/src/abstractor/auto_LiRPA/bound_general.py", line 835, in check_prior_bounds
    self.check_prior_bounds(n)
  File "/data1/Kane/neuralsat/src/abstractor/auto_LiRPA/bound_general.py", line 835, in check_prior_bounds
    self.check_prior_bounds(n)
  File "/data1/Kane/neuralsat/src/abstractor/auto_LiRPA/bound_general.py", line 835, in check_prior_bounds
    self.check_prior_bounds(n)
  [Previous line repeated 28 more times]
  File "/data1/Kane/neuralsat/src/abstractor/auto_LiRPA/bound_general.py", line 848, in check_prior_bounds
    self.compute_intermediate_bounds(node.inputs[i], prior_checked=True)
  File "/data1/Kane/neuralsat/src/abstractor/auto_LiRPA/bound_general.py", line 909, in compute_intermediate_bounds
    node.lower, node.upper = self.backward_general(node, newC, unstable_idx=unstable_idx,)
                             ^^^^^^^^^^^^^^^^^^^^^^^^^^^^^^^^^^^^^^^^^^^^^^^^^^^^^^^^^^^^^
  File "/data1/Kane/neuralsat/src/abstractor/auto_LiRPA/backward_bound.py", line 249, in backward_general
    A, lower_b, upper_b = l.bound_backward(
                          ^^^^^^^^^^^^^^^^^
  File "/data1/Kane/neuralsat/src/abstractor/auto_LiRPA/operators/relu.py", line 275, in bound_backward
    uA, ubias = _bound_oneside(
                ^^^^^^^^^^^^^^^
  File "/data1/Kane/neuralsat/src/abstractor/auto_LiRPA/operators/relu.py", line 236, in _bound_oneside
    _A, _bias = multiply_by_A_signs(last_A, d_pos, d_neg, b_pos, b_neg, reduce_bias=reduce_bias, same_slope=same_slope)
                ^^^^^^^^^^^^^^^^^^^^^^^^^^^^^^^^^^^^^^^^^^^^^^^^^^^^^^^^^^^^^^^^^^^^^^^^^^^^^^^^^^^^^^^^^^^^^^^^^^^^^^^
  File "/data1/Kane/neuralsat/src/abstractor/auto_LiRPA/operators/clampmult.py", line 141, in multiply_by_A_signs
    return ClampedMultiplication.apply(A, d_pos, d_neg, b_pos, b_neg, False, reduce_bias, same_slope)
           ^^^^^^^^^^^^^^^^^^^^^^^^^^^^^^^^^^^^^^^^^^^^^^^^^^^^^^^^^^^^^^^^^^^^^^^^^^^^^^^^^^^^^^^^^^
  File "/data1/Kane/miniconda3/envs/neuralsat/lib/python3.11/site-packages/torch/autograd/function.py", line 581, in apply
    return super().apply(*args, **kwargs)  # type: ignore[misc]
           ^^^^^^^^^^^^^^^^^^^^^^^^^^^^^^
  File "/data1/Kane/neuralsat/src/abstractor/auto_LiRPA/operators/clampmult.py", line 120, in forward
    return ClampedMultiplication.clamp_mutiply_forward(A, d_pos, d_neg, b_pos, b_neg, patches_mode, reduce_bias, same_slope)
           ^^^^^^^^^^^^^^^^^^^^^^^^^^^^^^^^^^^^^^^^^^^^^^^^^^^^^^^^^^^^^^^^^^^^^^^^^^^^^^^^^^^^^^^^^^^^^^^^^^^^^^^^^^^^^^^^^
  File "/data1/Kane/miniconda3/envs/neuralsat/lib/python3.11/site-packages/torch/utils/_contextlib.py", line 120, in decorate_context
    return func(*args, **kwargs)
           ^^^^^^^^^^^^^^^^^^^^^
RuntimeError: The following operation failed in the TorchScript interpreter.
Traceback of TorchScript (most recent call last):
RuntimeError: CUDA driver error: invalid argument

Traceback (most recent call last):
  File "/data1/Kane/neuralsat/src/main.py", line 97, in <module>
    status = verifier.verify(objectives, timeout=timeout, force_split=args.force_split)
             ^^^^^^^^^^^^^^^^^^^^^^^^^^^^^^^^^^^^^^^^^^^^^^^^^^^^^^^^^^^^^^^^^^^^^^^^^^
  File "<@beartype(verifier.verifier.Verifier.verify) at 0x797f0b3858a0>", line 113, in verify
  File "/data1/Kane/neuralsat/src/verifier/verifier.py", line 73, in verify
    self.status = self._verify(
                  ^^^^^^^^^^^^^
  File "<@beartype(verifier.verifier.Verifier._verify) at 0x797f0b3859e0>", line 126, in _verify
beartype.roar.BeartypeCallHintReturnViolation: Method verifier.verifier.Verifier._verify() return "None" violates type hint <class 'str'>, as <class "builtins.NoneType"> "None" not instance of str.
