[0;93m2026-05-27 08:52:32.163495888 [W:onnxruntime:Default, device_discovery.cc:283 GetGpuDevices] Failed to detect devices under "/sys/class/drm/card0": device_discovery.cc:93 ReadFileContents Failed to open file: "/sys/class/drm/card0/device/vendor"[m
Set parameter WLSAccessID
Set parameter WLSSecret
Set parameter LicenseID to value 2542227
Academic license 2542227 - for non-commercial use only - registered to ka___@unsw.edu.au

 [!] GlobalSettings:
	- use_restart                             : True
	- use_mip_tightening                      : True
	- use_attack                              : False
	- attack_interval                         : 10
	- use_mip_verify                          : True
	- input_splitting_threshold               : 0.5
	- hidden_splitting_threshold              : 0.01
	- safety_num_input_perturbed              : 200
	- skip_preprocess                         : False
	- use_save_reasoning_step                 : False
	- max_iterations                          : 1000000000.0
	- skip_initial_worst_bound                : -1000000.0
	- max_domains                             : 1000000000.0
	- use_decompose                           : False
	- restart_current_hidden_branches         : 2000
	- restart_visited_hidden_branches         : 20000
	- restart_current_input_branches          : 20000
	- restart_visited_input_branches          : 200000
	- restart_max_runtime                     : 60.0
	- restart_max_runtime_percentage          : 0.4
	- mip_tightening_patience                 : 10
	- mip_tightening_timeout_per_neuron       : 15.0
	- mip_tightening_topk                     : 64
	- use_gpu_tightening                      : False
	- gpu_tightening_current_hidden_branches  : 1000
	- gpu_tightening_visited_hidden_branches  : 5000
	- gpu_tightening_timeout                  : 10.0
	- gpu_tightening_patience                 : 10
	- gpu_tightening_topk                     : 500
	- use_mip_attack                          : False
	- mip_verify_threshold                    : 2
	- share_alphas                            : False
	- backward_batch_size                     : inf
	- forward_max_dim                         : 10000
	- forward_dynamic                         : False
	- use_decompose_incomplete                : False
	- init_abstraction_method                 : crown-optimized
	- subverifier_decision_method             : smart
	- verify_candidate_batch                  : 3
	- verify_last_timeout                     : 200.0
	- verify_interm_timeout                   : 20.0
	- sequential_batch                        : 100
	- use_sequential_abstract_forward         : False
	- verify_extra_opts                       : {'sparse_intermediate_bounds': True}
	- verify_splitting_strategy               : hidden
	- use_extra_substitution                  : False
	- verify_max_iteration                    : 4
	- verify_candidate_num                    : 128
	- verify_interpolate_factor               : 0.5

ConvertModel(
  (Gemm_dense_0): Linear(in_features=32, out_features=4, bias=True)
  (Relu_dense_0_relu): ReLU()
  (Gemm_dense_1): Linear(in_features=32, out_features=32, bias=True)
  (Relu_dense_1_relu): ReLU()
  (Gemm_dense_2): Linear(in_features=1, out_features=32, bias=True)
  (Gemm_dense_3): Linear(in_features=2, out_features=1, bias=True)
  (Gemm_dense_4): Linear(in_features=1, out_features=4, bias=True)
  (Gemm_dense_5): Linear(in_features=1, out_features=1, bias=True)
  (Relu_dense_5_relu): ReLU()
  (Gemm_dense_6): Linear(in_features=1, out_features=1, bias=True)
  (Add_add_0): Add()
  (Gemm_dense_7): Linear(in_features=1, out_features=4, bias=True)
  (Gemm_dense_8): Linear(in_features=1, out_features=1, bias=True)
  (Relu_dense_8_relu): ReLU()
  (Gemm_dense_9): Linear(in_features=1, out_features=1, bias=True)
  (Add_add_1): Add()
  (Gemm_dense_10): Linear(in_features=1, out_features=1, bias=True)
  (Add_add_2): Add()
  (Gemm_dense_11): Linear(in_features=1, out_features=1, bias=True)
  (Relu_dense_11_relu): ReLU()
  (Gemm_dense_12): Linear(in_features=1, out_features=4, bias=True)
  (Gemm_dense_13): Linear(in_features=1, out_features=1, bias=True)
  (Relu_dense_13_relu): ReLU()
  (Gemm_dense_14): Linear(in_features=1, out_features=1, bias=True)
  (Add_add_3): Add()
  (Add_add_4): Add()
  (Gemm_dense_15): Linear(in_features=2, out_features=1, bias=True)
  (Add_add_5): Add()
)
INFO     08:52:39     [!] Input shape: (1, 4)
INFO     08:52:39     [!] Output shape: (1, 2)
INFO     08:52:39     [!] VNNLIB: 4 inputs, 2 outputs
INFO     08:52:39     [!] eps=4.000000, perturbed=4
[!] Found unsupported layer: <class 'helper.network.onnx2pytorch.operations.add.Add'>
INFO     08:52:39     Params of 1-th run: {'input_split': True, 'abstract_method': 'forward+backward', 'decision_method': 'naive', 'decision_topk': 1}
INFO     08:52:39     [_setup_restart] _init_abstractor
DEBUG    08:52:39     [select_params] Try self.input_split=True Settings.backward_batch_size=inf extra_opts={} mode='patches' method='forward+backward'
DEBUG    08:52:39     [_init_module] Try bound_opts={'conv_mode': 'patches', 'verbosity': 0}
INFO     08:52:41     [select_params] Success: self.input_split=True Settings.backward_batch_size=inf extra_opts={} mode='patches' method='forward+backward'
INFO     08:52:41     Try batch size 1000
INFO     08:52:41     Initial bounds (first 10): tensor([-4.8417, -2.2944])
INFO     08:52:41     [Input splitting]     Iteration: 1          Remaining: 2          Visited: 2          Bound: -2.294395       Time elapsed (s): 2.18       Iteration elapsed (s): 0.04       GPU Mem (%): 2.06      Batch: 1000      Restart: 1         
INFO     08:52:41     [Input splitting]     Iteration: 2          Remaining: 4          Visited: 4          Bound: -0.908556       Time elapsed (s): 2.19       Iteration elapsed (s): 0.02       GPU Mem (%): 2.06      Batch: 1000      Restart: 1         
INFO     08:52:41     [Input splitting]     Iteration: 3          Remaining: 8          Visited: 8          Bound: -0.743140       Time elapsed (s): 2.24       Iteration elapsed (s): 0.05       GPU Mem (%): 2.06      Batch: 1000      Restart: 1         
INFO     08:52:41     [Input splitting]     Iteration: 4          Remaining: 16         Visited: 16         Bound: -0.743140       Time elapsed (s): 2.26       Iteration elapsed (s): 0.02       GPU Mem (%): 2.06      Batch: 1000      Restart: 1         
INFO     08:52:41     [Input splitting]     Iteration: 5          Remaining: 32         Visited: 32         Bound: -0.743140       Time elapsed (s): 2.28       Iteration elapsed (s): 0.02       GPU Mem (%): 2.06      Batch: 1000      Restart: 1         
INFO     08:52:41     [Input splitting]     Iteration: 6          Remaining: 35         Visited: 64         Bound: -0.564897       Time elapsed (s): 2.29       Iteration elapsed (s): 0.01       GPU Mem (%): 2.06      Batch: 1000      Restart: 1         
INFO     08:52:41     [Input splitting]     Iteration: 7          Remaining: 46         Visited: 99         Bound: -0.487376       Time elapsed (s): 2.31       Iteration elapsed (s): 0.02       GPU Mem (%): 2.06      Batch: 1000      Restart: 1         
INFO     08:52:41     [Input splitting]     Iteration: 8          Remaining: 90         Visited: 145        Bound: -0.487376       Time elapsed (s): 2.33       Iteration elapsed (s): 0.02       GPU Mem (%): 2.06      Batch: 1000      Restart: 1         
INFO     08:52:41     [Input splitting]     Iteration: 9          Remaining: 160        Visited: 235        Bound: -0.487376       Time elapsed (s): 2.35       Iteration elapsed (s): 0.02       GPU Mem (%): 2.06      Batch: 1000      Restart: 1         
INFO     08:52:41     [Input splitting]     Iteration: 10         Remaining: 122        Visited: 395        Bound: -0.303098       Time elapsed (s): 2.36       Iteration elapsed (s): 0.01       GPU Mem (%): 2.06      Batch: 1000      Restart: 1         
INFO     08:52:41     [Input splitting]     Iteration: 11         Remaining: 85         Visited: 517        Bound: -0.225576       Time elapsed (s): 2.38       Iteration elapsed (s): 0.02       GPU Mem (%): 2.06      Batch: 1000      Restart: 1         
INFO     08:52:41     [Input splitting]     Iteration: 12         Remaining: 160        Visited: 602        Bound: -0.225576       Time elapsed (s): 2.41       Iteration elapsed (s): 0.02       GPU Mem (%): 2.06      Batch: 1000      Restart: 1         
INFO     08:52:41     [Input splitting]     Iteration: 13         Remaining: 276        Visited: 762        Bound: -0.225576       Time elapsed (s): 2.42       Iteration elapsed (s): 0.02       GPU Mem (%): 2.06      Batch: 1000      Restart: 1         
INFO     08:52:41     [Input splitting]     Iteration: 14         Remaining: 310        Visited: 1038       Bound: -0.188755       Time elapsed (s): 2.44       Iteration elapsed (s): 0.01       GPU Mem (%): 2.06      Batch: 1000      Restart: 1         
INFO     08:52:41     [Input splitting]     Iteration: 15         Remaining: 240        Visited: 1348       Bound: -0.075000       Time elapsed (s): 2.46       Iteration elapsed (s): 0.02       GPU Mem (%): 2.06      Batch: 1000      Restart: 1         
INFO     08:52:41     [Input splitting]     Iteration: 16         Remaining: 459        Visited: 1588       Bound: -0.075000       Time elapsed (s): 2.48       Iteration elapsed (s): 0.01       GPU Mem (%): 2.06      Batch: 1000      Restart: 1         
INFO     08:52:41     [Input splitting]     Iteration: 17         Remaining: 812        Visited: 2047       Bound: -0.075000       Time elapsed (s): 2.50       Iteration elapsed (s): 0.02       GPU Mem (%): 2.06      Batch: 1000      Restart: 1         
INFO     08:52:41     [Input splitting]     Iteration: 18         Remaining: 1004       Visited: 2859       Bound: -0.064657       Time elapsed (s): 2.51       Iteration elapsed (s): 0.01       GPU Mem (%): 2.07      Batch: 1000      Restart: 1         
DEBUG    08:52:41     Increase current_batch=1000 old_domains_length=1004 self.batch=10000
INFO     08:52:41     [Input splitting]     Iteration: 19         Remaining: 989        Visited: 3859       Bound: -0.064097       Time elapsed (s): 2.52       Iteration elapsed (s): 0.01       GPU Mem (%): 2.07      Batch: 10000     Restart: 1         
INFO     08:52:41     [Input splitting]     Iteration: 20         Remaining: 1892       Visited: 4848       Bound: -0.012500       Time elapsed (s): 2.53       Iteration elapsed (s): 0.01       GPU Mem (%): 2.07      Batch: 10000     Restart: 1         
INFO     08:52:41     [Input splitting]     Iteration: 21         Remaining: 3566       Visited: 6740       Bound: -0.012500       Time elapsed (s): 2.53       Iteration elapsed (s): 0.01       GPU Mem (%): 2.10      Batch: 10000     Restart: 1         
INFO     08:52:41     [Input splitting]     Iteration: 22         Remaining: 5901       Visited: 10306      Bound: -0.012500       Time elapsed (s): 2.54       Iteration elapsed (s): 0.01       GPU Mem (%): 2.12      Batch: 10000     Restart: 1         
INFO     08:52:41     [Input splitting]     Iteration: 23         Remaining: 672        Visited: 16207      Bound: -0.012500       Time elapsed (s): 2.55       Iteration elapsed (s): 0.01       GPU Mem (%): 2.16      Batch: 10000     Restart: 1         
INFO     08:52:41     [Input splitting]     Iteration: 24         Remaining: 1259       Visited: 16879      Bound: -0.012500       Time elapsed (s): 2.56       Iteration elapsed (s): 0.01       GPU Mem (%): 2.15      Batch: 10000     Restart: 1         
INFO     08:52:41     [Input splitting]     Iteration: 25         Remaining: 2381       Visited: 18138      Bound: -0.012500       Time elapsed (s): 2.58       Iteration elapsed (s): 0.02       GPU Mem (%): 2.07      Batch: 10000     Restart: 1         
INFO     08:52:41     [Input splitting]     Iteration: 26         Remaining: 3856       Visited: 20519      Bound: -0.012500       Time elapsed (s): 2.60       Iteration elapsed (s): 0.02       GPU Mem (%): 2.09      Batch: 10000     Restart: 1         
INFO     08:52:41     [Input splitting]     Iteration: 27         Remaining: 0          Visited: 24375      Bound: 0.000001        Time elapsed (s): 2.62       Iteration elapsed (s): 0.02       GPU Mem (%): 2.12      Batch: 10000     Restart: 1         
INFO     08:52:42     Verified: 1 	 Remain: 0
INFO     08:52:42     [!] Iterations: 27
INFO     08:52:42     [!] Result: unsat
INFO     08:52:42     [!] Runtime: 5.1323
unsat,5.1323
