[0;93m2026-05-26 17:36:26.725550042 [W:onnxruntime:Default, device_discovery.cc:283 GetGpuDevices] Failed to detect devices under "/sys/class/drm/card0": device_discovery.cc:93 ReadFileContents Failed to open file: "/sys/class/drm/card0/device/vendor"[m
INFO     17:36:28     [tensor_storage.py:70] Hugepage enabled for branch-and-bound domains.
Configurations:

general:
  device: cuda
  seed: 100
  conv_mode: patches
  deterministic: false
  double_fp: false
  loss_reduction_func: max
  sparse_alpha: true
  sparse_interm: true
  save_adv_example: true
  verify_onnxruntime_output: false
  eval_adv_example: false
  onnx_adv_example: false
  show_adv_example: false
  precompile_jit: true
  reset_seed_after_precompile: false
  prepare_only: false
  complete_verifier: bab
  enable_incomplete_verification: true
  csv_name: instances.csv
  results_file: /data1/Kane/ACT/audit_results/abcrown_nopgd_20260525/vggnet16_2022/0009__vgg16-7__spec8_megalith.result
  root_path: ../../vnncomp2023_benchmarks/benchmarks/vggnet16
  deterministic_opt: false
  graph_optimizer: 'Customized("custom_graph_optimizer", "maxpool_to_relu")'
  buffer_has_batchdim: false
  save_output: false
  output_file: out.pkl
  return_optimized_model: false
  store_all_specs_on_cpu: false
  adhoc_tuning: 'Customized("custom_adhoc_tuning", "customized_vggnet16_tuning")'
model:
  name: null
  path: null
  onnx_path: /data1/Kane/data/vnncomp2025_benchmarks/benchmarks/vggnet16_2022/onnx/vgg16-7.onnx
  onnx_path_prefix: ''
  cache_onnx_conversion: true
  debug_onnx: false
  onnx_quirks: null
  input_shape: null
  onnx_loader: default_onnx_and_vnnlib_loader
  onnx_optimization_flags: []
  onnx_vnnlib_joint_optimization_flags: none
  check_optimized: false
  flatten_final_output: false
  optimize_graph: null
  with_jacobian: false
data:
  start: 0
  end: 10000
  select_instance: null
  num_outputs: 10
  mean: 0.0
  std: 1.0
  pkl_path: null
  dataset: null
  data_filter_path: null
  data_idx_file: null
specification:
  type: lp
  robustness_type: verified-acc
  norm: .inf
  epsilon: null
  epsilon_min: 0.0
  vnnlib_path: /data1/Kane/data/vnncomp2025_benchmarks/benchmarks/vggnet16_2022/vnnlib/spec8_megalith.vnnlib
  vnnlib_path_prefix: ''
  shrink_eps: null
  rhs_offset: null
solver:
  batch_size: 1
  auto_enlarge_batch_size: false
  batched_crown_auto_enlarge_max_vram_ratio: 0.9
  min_batch_size_ratio: 0.1
  use_float64_in_last_iteration: false
  early_stop_patience: 10
  start_save_best: 0.5
  bound_prop_method: dynamic-forward+backward
  init_bound_prop_method: same
  prune_after_crown: true
  optimize_disjuncts_separately: false
  build_batch_size: 1000000
  skip_with_refined_bound: true
  forward_before_compute_bounds: false
  crown:
    batch_size: 64
    max_crown_size: 1000000000
    activation_bound_option: adaptive
    compare_crown_with_ibp: false
  alpha-crown:
    alpha: true
    lr_alpha: 0.1
    iteration: 100
    share_alphas: false
    lr_decay: 0.98
    full_conv_alpha: true
    max_coeff_mul: .inf
    matmul_share_alphas: false
    disable_optimization: []
    max_time: 1.0
    alpha_dtype: float16
  invprop:
    apply_output_constraints_to: []
    tighten_input_bounds: false
    best_of_oc_and_no_oc: false
    directly_optimize: []
    oc_lr: 0.1
    share_gammas: false
  beta-crown:
    lr_alpha: 0.01
    lr_beta: 0.05
    lr_decay: 0.98
    optimizer: adam
    iteration: 10
    beta: true
    beta_warmup: true
    enable_opt_interm_bounds: false
    all_node_split_LP: false
  forward:
    refine: false
    max_dim: 100
    reset_threshold: 1.0
  intermediate_refinement:
    enabled: false
    batch_size: 10
    opt_coeffs: false
    opt_bias: false
    lr: 0.05
    layers: [-1]
    max_domains: 1000
  mip:
    unstable_neuron_threshold: 0
    parallel_solvers: null
    solver_threads: 1
    refine_neuron_timeout: 15
    refine_neuron_time_percentage: 0.8
    early_stop: true
    adv_warmup: true
    mip_solver: gurobi
    skip_unsafe: false
    topk_filter: 1.0
    sliding_window: -1
    extra_constraint: false
    refine_neuron_timeout_increasement: 0
    timeout_neuron_percentage: 0.3
    remaining_timeout_threshold: 1
    remove_unstable_neurons: false
    lp_solver: false
bab:
  max_domains: .inf
  decision_thresh: 0
  timeout: 1200.0
  timeout_scale: 1
  max_iterations: -1
  override_timeout: null
  get_upper_bound: false
  pruning_in_iteration: true
  pruning_in_iteration_ratio: 0.2
  sort_targets: false
  batched_domain_list: true
  optimized_interm: ''
  interm_transfer: true
  recompute_interm: false
  sort_domain_interval: -1
  vanilla_crown: false
  tree_traversal: depth_first
  hugetensor_allocator: true
  cut:
    enabled: false
    cuts_path: null
    implication: false
    bab_cut: false
    lp_cut: false
    method: null
    lr: 0.01
    lr_decay: 1.0
    iteration: 100
    bab_iteration: -1
    early_stop_patience: -1
    lr_beta: 0.02
    number_cuts: 50
    topk_cuts_in_filter: 1000
    batch_size_primal: 100
    max_num: 1000000000
    patches_cut: false
    cplex_cuts: false
    cplex_cuts_wait: 0
    cplex_cuts_revpickup: true
    cut_reference_bounds: true
    fix_intermediate_bounds: false
    _tmp_cuts: null
    fixed_cuts: false
    add_implied_cuts: false
    add_input_cuts: false
    biccos:
      enabled: false
      constraint_strengthening: true
      recursively_strengthening: false
      drop_ratio: 0.5
      verified_bonus: 0.3
      max_infer_iter: 20
      max_domain: 10000.0
      heuristic: neuron_influence_score
      save_biccos_cuts: false
      multi_tree_branching:
        enabled: false
        restore_best_tree: false
        keep_n_best_domains: 1
        k_splits: 1
        iterations: 1
  clip_n_verify:
    rearrange_constraints: false
    alpha_crown: false
    prune: false
    final_layer: false
    clip_input_domain:
      enabled: false
      clip_type: relaxed
      heuristic_K: 0.0
      clip_iterations: 1
      clip_calculate_volume_metrics: false
    clip_interm_domain:
      enabled: false
      with_input: false
      clip_in_alpha_crown: false
      topk_objective: 0
  branching:
    method: sb
    candidates: 3
    reduceop: min
    enable_intermediate_bound_opt: false
    branching_input_and_activation: false
    branching_input_and_activation_order: [input, relu]
    branching_input_iterations: 30
    branching_relu_iterations: 50
    nonlinear_split:
      method: bbps
      disable: false
      branching_point_method: uniform
      num_branches: 2
      filter: false
      filter_beta: false
      filter_clamp: false
      filter_batch_size: 10000
      filter_iterations: 25
      relu_only: false
      loose_tanh_threshold: null
      branching_point:
        db_path: branching_points.pt
        num_iterations: 1000
        batch_size: 1000000
        range_l: -5.0
        range_u: 5.0
        log_interval: 100
        step_size_1d: 0.01
        step_size: 0.2
    input_split:
      split_hint: null
      enable: true
      reorder_bab: false
      input_dim_threshold: 20
      adv_check: 0
      split_partitions: 2
      sb_margin_weight: 1.0
      sb_sum: false
      sb_primary_spec: null
      bf_backup_thresh: -1
      bf_rhs_offset: 0
      bf_iters: 1000000000.0
      bf_batch_size: 100000
      bf_zero_crossing_score: false
      touch_zero_score: 0
      ibp_enhancement: false
      compare_with_old_bounds: true
      update_rhs_with_attack: false
      sb_coeff_thresh: 0.001
      sort_index: null
      sort_descending: true
      show_progress: false
      presplit_domains: null
      skip_getting_worst_domain: false
  attack:
    enabled: false
    beam_candidates: 8
    beam_depth: 7
    max_dive_fix_ratio: 0.8
    min_local_free_ratio: 0.2
    mip_start_iteration: 5
    mip_timeout: 30.0
    adv_pool_threshold: null
    refined_mip_attacker: false
    refined_batch_size: null
attack:
  general_attack: true
  pgd_order: skip
  pgd_steps: 100
  pgd_restarts: 30
  pgd_batch_size: 100000000
  pgd_early_stop: true
  pgd_lr_decay: 0.99
  pgd_alpha: auto
  pgd_alpha_scale: false
  pgd_loss_mode: null
  pgd_restart_when_stuck: false
  enable_mip_attack: false
  adv_saver: default_adv_saver
  adv_verifier: default_adv_verifier
  early_stop_condition: default_early_stop_condition
  adv_example_finalizer: default_adv_example_finalizer
  pgd_loss: default_pgd_loss
  cex_path: ./test_cex.txt
  attack_mode: PGD
  attack_tolerance: 0.0
  attack_func: attack_with_general_specs
  gama_lambda: 10.0
  gama_decay: 0.9
  input_split:
    pgd_steps: 100
    pgd_restarts: 30
    pgd_alpha: auto
  input_split_check_adv:
    enabled: auto
    pgd_steps: 5
    pgd_restarts: 5
    pgd_alpha: auto
    max_num_domains: 10
debug:
  view_model: false
  lp_test: null
  rescale_vnnlib_ptb: null
  test_optimized_bounds: false
  test_optimized_bounds_after_n_iterations: 0
  print_verbose_decisions: false
  sanity_check: null
  save_minimal_config: null
  save_minimal_config_omit_keys: []

Experiments at Tue May 26 17:36:28 2026 on dell-pro-max-tower-t2
Pre-compile jit kernels on a toy network...
JIT kernels compiled in 1.2973s.
Internal results will be saved to /data1/Kane/ACT/audit_results/abcrown_nopgd_20260525/vggnet16_2022/0009__vgg16-7__spec8_megalith.result.

 %%%%%%%%%%%%%%%%%%%%%%%%%%%%%%%%%%% idx: 0, vnnlib ID: 0 %%%%%%%%%%%%%%%%%%%%%%%%%%%%%%%%%%%
Using onnx /data1/Kane/data/vnncomp2025_benchmarks/benchmarks/vggnet16_2022/onnx/vgg16-7.onnx
Using vnnlib /data1/Kane/data/vnncomp2025_benchmarks/benchmarks/vggnet16_2022/vnnlib/spec8_megalith.vnnlib
150528 inputs and 1000 outputs in vnnlib
Loading cached onnx model from /data1/Kane/data/vnncomp2025_benchmarks/benchmarks/vggnet16_2022/onnx/vgg16-7.onnx.cached
Cached converted model loaded in 4.6698 seconds
Finished vnnlib processing in 0.083509 seconds
Number of perturbed inputs: 10
torch allclose failed: norm 3.93642476410605e-05
Model: BoundedModule(
  (/input-1): BoundInput(name=/input-1, inputs=[], perturbed=True)
  (/33): BoundParams(name=/33, inputs=[], perturbed=False)
  (/34): BoundParams(name=/34, inputs=[], perturbed=False)
  (/35): BoundParams(name=/35, inputs=[], perturbed=False)
  (/36): BoundParams(name=/36, inputs=[], perturbed=False)
  (/37): BoundParams(name=/37, inputs=[], perturbed=False)
  (/38): BoundParams(name=/38, inputs=[], perturbed=False)
  (/39): BoundParams(name=/39, inputs=[], perturbed=False)
  (/40): BoundParams(name=/40, inputs=[], perturbed=False)
  (/41): BoundParams(name=/41, inputs=[], perturbed=False)
  (/42): BoundParams(name=/42, inputs=[], perturbed=False)
  (/43): BoundParams(name=/43, inputs=[], perturbed=False)
  (/44): BoundParams(name=/44, inputs=[], perturbed=False)
  (/45): BoundParams(name=/45, inputs=[], perturbed=False)
  (/46): BoundParams(name=/46, inputs=[], perturbed=False)
  (/47): BoundParams(name=/47, inputs=[], perturbed=False)
  (/48): BoundParams(name=/48, inputs=[], perturbed=False)
  (/49): BoundParams(name=/49, inputs=[], perturbed=False)
  (/50): BoundParams(name=/50, inputs=[], perturbed=False)
  (/51): BoundParams(name=/51, inputs=[], perturbed=False)
  (/52): BoundParams(name=/52, inputs=[], perturbed=False)
  (/53): BoundParams(name=/53, inputs=[], perturbed=False)
  (/54): BoundParams(name=/54, inputs=[], perturbed=False)
  (/55): BoundParams(name=/55, inputs=[], perturbed=False)
  (/56): BoundParams(name=/56, inputs=[], perturbed=False)
  (/57): BoundParams(name=/57, inputs=[], perturbed=False)
  (/58): BoundParams(name=/58, inputs=[], perturbed=False)
  (/59): BoundParams(name=/59, inputs=[], perturbed=False)
  (/60): BoundParams(name=/60, inputs=[], perturbed=False)
  (/61): BoundParams(name=/61, inputs=[], perturbed=False)
  (/62): BoundParams(name=/62, inputs=[], perturbed=False)
  (/63): BoundParams(name=/63, inputs=[], perturbed=False)
  (/64): BoundParams(name=/64, inputs=[], perturbed=False)
  (/input): BoundConv(name=/input, inputs=[/input-1, /33, /34], perturbed=True)
  (/input-4): BoundRelu(name=/input-4, inputs=[/input], perturbed=True)
  (/input-8): BoundConv(name=/input-8, inputs=[/input-4, /35, /36], perturbed=True)
  (/68): BoundRelu(name=/68, inputs=[/input-8], perturbed=True)
  (/input-16): BoundConv(name=/input-16, inputs=[/input-12/conv_4, /37, /38], perturbed=True)
  (/input-20): BoundRelu(name=/input-20, inputs=[/input-16], perturbed=True)
  (/input-24): BoundConv(name=/input-24, inputs=[/input-20, /39, /40], perturbed=True)
  (/73): BoundRelu(name=/73, inputs=[/input-24], perturbed=True)
  (/input-32): BoundConv(name=/input-32, inputs=[/input-28/conv_4, /41, /42], perturbed=True)
  (/input-36): BoundRelu(name=/input-36, inputs=[/input-32], perturbed=True)
  (/input-40): BoundConv(name=/input-40, inputs=[/input-36, /43, /44], perturbed=True)
  (/input-44): BoundRelu(name=/input-44, inputs=[/input-40], perturbed=True)
  (/input-48): BoundConv(name=/input-48, inputs=[/input-44, /45, /46], perturbed=True)
  (/80): BoundRelu(name=/80, inputs=[/input-48], perturbed=True)
  (/input-56): BoundConv(name=/input-56, inputs=[/input-52/conv_4, /47, /48], perturbed=True)
  (/input-60): BoundRelu(name=/input-60, inputs=[/input-56], perturbed=True)
  (/input-64): BoundConv(name=/input-64, inputs=[/input-60, /49, /50], perturbed=True)
  (/input-68): BoundRelu(name=/input-68, inputs=[/input-64], perturbed=True)
  (/input-72): BoundConv(name=/input-72, inputs=[/input-68, /51, /52], perturbed=True)
  (/87): BoundRelu(name=/87, inputs=[/input-72], perturbed=True)
  (/input-80): BoundConv(name=/input-80, inputs=[/input-76/conv_4, /53, /54], perturbed=True)
  (/input-84): BoundRelu(name=/input-84, inputs=[/input-80], perturbed=True)
  (/input-88): BoundConv(name=/input-88, inputs=[/input-84, /55, /56], perturbed=True)
  (/input-92): BoundRelu(name=/input-92, inputs=[/input-88], perturbed=True)
  (/input-96): BoundConv(name=/input-96, inputs=[/input-92, /57, /58], perturbed=True)
  (/94): BoundRelu(name=/94, inputs=[/input-96], perturbed=True)
  (/96): BoundFlatten(name=/96, inputs=[/95/conv_4], perturbed=True)
  (/input-100): BoundLinear(name=/input-100, inputs=[/96, /59, /60], perturbed=True)
  (/98): BoundRelu(name=/98, inputs=[/input-100], perturbed=True)
  (/99): BoundFlatten(name=/99, inputs=[/98], perturbed=True)
  (/input-104): BoundLinear(name=/input-104, inputs=[/99, /61, /62], perturbed=True)
  (/101): BoundRelu(name=/101, inputs=[/input-104], perturbed=True)
  (/102): BoundFlatten(name=/102, inputs=[/101], perturbed=True)
  (/103): BoundLinear(name=/103, inputs=[/102, /63, /64], perturbed=True)
  (/input-12/conv_1): BoundConv(name=/input-12/conv_1, inputs=[/68, /input-12/conv_1_w], perturbed=True)
  (/input-12/conv_1_relu): BoundRelu(name=/input-12/conv_1_relu, inputs=[/input-12/conv_1], perturbed=True)
  (/input-12/conv_1_w): BoundParams(name=/input-12/conv_1_w, inputs=[], perturbed=False)
  (/input-12/conv_2): BoundConv(name=/input-12/conv_2, inputs=[/input-12/conv_1_relu, /input-12/conv_2_w], perturbed=True)
  (/input-12/conv_2_relu): BoundRelu(name=/input-12/conv_2_relu, inputs=[/input-12/conv_2], perturbed=True)
  (/input-12/conv_2_w): BoundParams(name=/input-12/conv_2_w, inputs=[], perturbed=False)
  (/input-12/conv_4): BoundConv(name=/input-12/conv_4, inputs=[/input-12/conv_2_relu, /input-12/conv_3_w], perturbed=True)
  (/input-12/conv_3_w): BoundParams(name=/input-12/conv_3_w, inputs=[], perturbed=False)
  (/input-28/conv_1): BoundConv(name=/input-28/conv_1, inputs=[/73, /input-28/conv_1_w], perturbed=True)
  (/input-28/conv_1_relu): BoundRelu(name=/input-28/conv_1_relu, inputs=[/input-28/conv_1], perturbed=True)
  (/input-28/conv_1_w): BoundParams(name=/input-28/conv_1_w, inputs=[], perturbed=False)
  (/input-28/conv_2): BoundConv(name=/input-28/conv_2, inputs=[/input-28/conv_1_relu, /input-28/conv_2_w], perturbed=True)
  (/input-28/conv_2_relu): BoundRelu(name=/input-28/conv_2_relu, inputs=[/input-28/conv_2], perturbed=True)
  (/input-28/conv_2_w): BoundParams(name=/input-28/conv_2_w, inputs=[], perturbed=False)
  (/input-28/conv_4): BoundConv(name=/input-28/conv_4, inputs=[/input-28/conv_2_relu, /input-28/conv_3_w], perturbed=True)
  (/input-28/conv_3_w): BoundParams(name=/input-28/conv_3_w, inputs=[], perturbed=False)
  (/input-52/conv_1): BoundConv(name=/input-52/conv_1, inputs=[/80, /input-52/conv_1_w], perturbed=True)
  (/input-52/conv_1_relu): BoundRelu(name=/input-52/conv_1_relu, inputs=[/input-52/conv_1], perturbed=True)
  (/input-52/conv_1_w): BoundParams(name=/input-52/conv_1_w, inputs=[], perturbed=False)
  (/input-52/conv_2): BoundConv(name=/input-52/conv_2, inputs=[/input-52/conv_1_relu, /input-52/conv_2_w], perturbed=True)
  (/input-52/conv_2_relu): BoundRelu(name=/input-52/conv_2_relu, inputs=[/input-52/conv_2], perturbed=True)
  (/input-52/conv_2_w): BoundParams(name=/input-52/conv_2_w, inputs=[], perturbed=False)
  (/input-52/conv_4): BoundConv(name=/input-52/conv_4, inputs=[/input-52/conv_2_relu, /input-52/conv_3_w], perturbed=True)
  (/input-52/conv_3_w): BoundParams(name=/input-52/conv_3_w, inputs=[], perturbed=False)
  (/input-76/conv_1): BoundConv(name=/input-76/conv_1, inputs=[/87, /input-76/conv_1_w], perturbed=True)
  (/input-76/conv_1_relu): BoundRelu(name=/input-76/conv_1_relu, inputs=[/input-76/conv_1], perturbed=True)
  (/input-76/conv_1_w): BoundParams(name=/input-76/conv_1_w, inputs=[], perturbed=False)
  (/input-76/conv_2): BoundConv(name=/input-76/conv_2, inputs=[/input-76/conv_1_relu, /input-76/conv_2_w], perturbed=True)
  (/input-76/conv_2_relu): BoundRelu(name=/input-76/conv_2_relu, inputs=[/input-76/conv_2], perturbed=True)
  (/input-76/conv_2_w): BoundParams(name=/input-76/conv_2_w, inputs=[], perturbed=False)
  (/input-76/conv_4): BoundConv(name=/input-76/conv_4, inputs=[/input-76/conv_2_relu, /input-76/conv_3_w], perturbed=True)
  (/input-76/conv_3_w): BoundParams(name=/input-76/conv_3_w, inputs=[], perturbed=False)
  (/95/conv_1): BoundConv(name=/95/conv_1, inputs=[/94, /95/conv_1_w], perturbed=True)
  (/95/conv_1_relu): BoundRelu(name=/95/conv_1_relu, inputs=[/95/conv_1], perturbed=True)
  (/95/conv_1_w): BoundParams(name=/95/conv_1_w, inputs=[], perturbed=False)
  (/95/conv_2): BoundConv(name=/95/conv_2, inputs=[/95/conv_1_relu, /95/conv_2_w], perturbed=True)
  (/95/conv_2_relu): BoundRelu(name=/95/conv_2_relu, inputs=[/95/conv_2], perturbed=True)
  (/95/conv_2_w): BoundParams(name=/95/conv_2_w, inputs=[], perturbed=False)
  (/95/conv_4): BoundConv(name=/95/conv_4, inputs=[/95/conv_2_relu, /95/conv_3_w], perturbed=True)
  (/95/conv_3_w): BoundParams(name=/95/conv_3_w, inputs=[], perturbed=False)
)
Original output in the first batch: tensor([[-2.71806288e+00, -6.77162361e+00, -3.31366062e+00, -2.36363649e+00,
          5.42785786e-03, -3.97135592e+00, -4.09298325e+00, -7.17179477e-01,
         -1.13381195e+00,  1.04806781e+00, -3.35008836e+00, -3.60371780e+00,
         -1.46116507e+00, -2.07291913e+00, -3.01574087e+00,  2.80626863e-03,
         -4.03478670e+00, -1.84829962e+00, -1.71701849e+00, -2.31273174e+00,
         -2.02487588e+00, -2.84010172e-01,  2.42086053e+00,  3.18177849e-01,
          4.68588781e+00, -9.85502839e-01, -4.91039991e+00, -2.68382859e+00,
         -2.56818199e+00, -4.37803698e+00,  3.35072494e+00,  2.57807732e+00,
          1.18059611e+00,  5.47638595e-01,  2.80758381e+00,  1.43443322e+00,
          2.69349337e+00, -3.39040947e+00, -5.19562781e-01,  3.85365891e+00,
          3.94301295e-01, -3.30120587e+00,  6.90475464e-01,  2.93784499e+00,
         -1.73979878e+00,  2.49471992e-01, -1.02697104e-01, -7.43929088e-01,
          3.62335348e+00,  1.46130145e+00,  1.62974405e+00,  7.17579174e+00,
         -6.31747198e+00, -5.39086485e+00, -1.46824455e+00, -2.53803706e+00,
         -6.58451366e+00, -4.82443857e+00, -1.75133979e+00, -2.64021587e+00,
         -1.70086432e+00, -2.39089274e+00, -1.20727253e+00, -3.00792718e+00,
          2.31025219e-01, -2.68526530e+00, -1.26001918e+00, -5.44319332e-01,
         -2.18785524e+00,  3.99262041e-01, -6.66055107e+00, -6.17233801e+00,
         -8.44727516e+00, -3.58675838e+00, -4.18265772e+00, -6.99462938e+00,
         -3.98638082e+00, -3.79853749e+00, -7.13976908e+00, -7.68547153e+00,
          3.66790724e+00,  1.75853860e+00, -8.05510283e-02, -5.95823303e-03,
         -6.20793641e-01, -5.28199375e-02, -2.02382505e-01, -3.89640832e+00,
         -2.42451787e+00, -1.50855565e+00, -5.30180407e+00, -3.91277599e+00,
         -4.50371838e+00, -8.17004263e-01, -3.98371434e+00, -6.21345186e+00,
         -5.22197962e+00, -2.70401335e+00, -6.15466976e+00,  1.54295838e+00,
          5.86487007e+00,  7.42395306e+00, -7.35525966e-01, -4.08802837e-01,
          4.46767521e+00, -3.38179827e-01,  8.42004395e+00, -4.54332685e+00,
         -4.93603516e+00, -3.90815496e-01, -4.83850145e+00, -3.98824239e+00,
          5.87138224e+00, -1.27247527e-01,  4.53964062e-02, -2.70884585e+00,
          1.13480711e+00, -3.03329086e+00, -6.46964312e+00,  1.12988007e+00,
         -6.95580292e+00, -5.44866991e+00, -3.87821937e+00, -3.42410421e+00,
         -3.53659534e+00, -3.40875059e-01, -6.51390791e+00, -2.74235654e+00,
         -3.54277372e+00, -5.20737839e+00, -5.40191031e+00, -2.66268015e+00,
         -7.93690562e-01, -1.11541045e+00, -3.88337898e+00, -3.75136447e+00,
         -8.90056193e-01,  3.55277467e+00, -4.13810968e+00, -3.50209236e+00,
         -4.16145086e+00, -9.23848629e-01, -3.71241093e+00, -9.83351886e-01,
         -1.80218816e+00,  5.42761803e+00,  1.28983355e+00,  6.67799902e+00,
         -6.40181124e-01, -1.41998231e+00,  5.85743284e+00, -1.74822736e+00,
         -3.50223112e+00, -2.35879970e+00, -5.94583368e+00, -1.78659582e+00,
         -5.91353513e-02, -3.36711884e+00, -5.18884230e+00,  2.13858679e-01,
          2.82996345e+00,  3.01522940e-01, -1.31798768e+00, -1.16282880e+00,
          4.91814947e+00, -4.26889658e-01,  7.42600206e-03,  3.72243071e+00,
         -3.84132743e-01, -1.57908595e+00,  2.18388820e+00, -4.13581848e+00,
          1.92439115e+00,  1.02726936e+00,  2.63616276e+00, -1.65184283e+00,
         -7.65593529e-01,  2.28728652e+00,  1.05279183e+00,  6.65153325e-01,
         -8.33896756e-01,  3.28586841e+00,  1.25726914e+00,  1.14890814e+01,
          4.27714825e+00,  1.78894234e+00,  6.95690155e-01, -6.22425795e-01,
          5.13471317e+00,  6.17292833e+00,  1.83577752e+00,  7.93375397e+00,
          2.65219235e+00, -3.51781869e+00, -6.68548632e+00,  3.29526687e+00,
          3.15272832e+00,  7.66004372e+00,  5.23039675e+00,  2.95656776e+00,
         -1.44387811e-01, -2.95431924e+00,  1.85336947e+00,  5.44783020e+00,
         -1.20645261e+00, -9.07077849e-01,  2.92414713e+00, -2.28276610e+00,
          1.56745088e+00,  3.13449764e+00,  5.03887987e+00,  6.43929601e-01,
          2.28345776e+00, -8.71785760e-01,  4.32328129e+00, -4.80186045e-01,
          1.04930604e+00,  3.70641518e+00, -1.18437040e+00,  2.61591315e+00,
          2.21693492e+00,  2.98892474e+00,  1.34568229e-01, -4.74016011e-01,
          2.54994011e+00,  6.46403313e-01,  1.44033551e+00,  2.75241542e+00,
          3.02502179e+00,  3.06297016e+00, -3.15416741e+00,  1.06171656e+00,
          1.16748106e+00,  6.41425705e+00,  1.61470640e+00,  4.27247614e-01,
          1.47922945e+00, -2.35871458e+00,  8.79043400e-01,  5.87057590e-01,
          2.69406128e+00,  4.69290352e+00,  4.62489891e+00,  5.24543810e+00,
         -2.72949886e+00,  2.40088439e+00,  3.53447604e+00,  1.55289137e+00,
          2.28264499e+00,  1.16434622e+00,  2.47180438e+00,  2.88879180e+00,
         -2.78177905e+00,  1.73859632e+00,  8.11351955e-01, -1.88545609e+00,
          5.08719683e+00, -2.42690623e-01,  1.46771002e+00, -4.97156048e+00,
          5.80486238e-01, -4.40448761e+00, -3.68525326e-01, -9.56156909e-01,
          2.35038471e+00, -7.20241107e-03,  1.57316697e+00,  5.47279930e+00,
         -3.68694723e-01,  5.23712492e+00,  4.35378170e+00,  1.08500242e+00,
          5.05839777e+00,  2.57427049e+00, -1.02027690e+00,  1.51312375e+00,
          4.54085016e+00,  2.26518536e+00,  9.71653879e-01,  4.31628466e+00,
          3.94255018e+00,  2.31467080e+00,  3.34260678e+00, -2.15950680e+00,
         -3.50405788e+00,  7.06399155e+00,  6.33488750e+00,  9.26939487e+00,
          9.40240765e+00,  7.07037544e+00,  5.07613516e+00,  3.81872296e+00,
          3.66382575e+00,  6.20408344e+00,  9.37859917e+00,  7.09393930e+00,
          6.41636229e+00,  8.72002900e-01,  5.10608959e+00,  4.08172655e+00,
         -7.41782665e+00, -1.65556824e+00, -6.65780115e+00, -3.16604614e+00,
         -4.71742630e+00, -3.53599620e+00, -1.31486285e+00, -3.64544392e+00,
         -5.24606419e+00, -7.28997707e+00, -2.43614054e+00, -3.56639266e+00,
         -4.17267609e+00, -5.54099131e+00, -3.34148788e+00, -3.40915918e+00,
         -2.81109381e+00, -2.25818753e+00, -5.46636724e+00, -4.86894608e+00,
         -9.97733498e+00, -2.22421241e+00, -3.93702555e+00, -6.10922527e+00,
         -3.98660541e+00, -6.38585043e+00, -2.61019206e+00,  1.55876970e+00,
         -1.40483415e+00,  2.75077081e+00,  8.70921671e-01,  3.01559877e+00,
         -9.05840302e+00, -5.22342348e+00, -3.12392449e+00,  4.43735456e+00,
          7.10416460e+00,  4.82983303e+00, -4.39638233e+00, -2.00345707e+00,
          4.58008623e+00,  1.54106510e+00,  3.67764330e+00,  8.85777593e-01,
          4.05746412e+00,  1.78717649e+00,  1.69418561e+00,  5.65267324e+00,
          2.44161558e+00,  2.05015326e+00,  3.92411923e+00, -3.05158806e+00,
         -1.90888286e+00, -4.65244561e-01,  6.40024137e+00,  5.80738258e+00,
          6.62378740e+00,  5.60379171e+00, -2.46991539e+00, -3.31193233e+00,
          5.82844067e+00, -2.65805411e+00,  1.30441105e+00, -2.96977520e+00,
         -8.43827724e-01, -3.14821815e+00,  3.44442868e+00,  4.96095330e-01,
         -1.17604852e+00, -1.54120147e-01, -3.29184842e+00,  3.83033681e+00,
          2.38374376e+00,  3.42925715e+00,  1.40334237e+00, -2.43619776e+00,
         -3.04235053e+00, -2.73075438e+00, -1.72300887e+00, -3.39432240e+00,
         -2.35546732e+00, -1.86686492e+00, -3.68557692e+00,  1.87065935e+00,
         -1.27762520e+00,  6.26845026e+00,  6.28419685e+00, -1.54539609e+00,
         -6.32687509e-01,  1.33929884e+00,  1.51223838e+00,  1.18757641e+00,
         -4.52921867e+00, -6.07596302e+00,  6.30860776e-02, -8.07624936e-01,
         -2.24872065e+00, -3.39545226e+00, -3.65444994e+00,  7.10774136e+00,
         -1.43367970e+00,  4.17006314e-01, -4.66865301e+00, -3.25014496e+00,
         -5.13884354e+00,  1.43826854e+00,  1.26283526e+00, -1.98825562e+00,
         -2.33477497e+00,  3.52384520e+00,  1.36804879e-01, -2.96777821e+00,
          7.30819511e+00,  1.05025780e+00, -8.69038552e-02,  3.17828417e-01,
         -1.11428082e-01,  1.98318112e+00, -4.12172985e+00,  1.38130188e+00,
         -1.36138022e+00,  3.99998164e+00,  5.92141747e-01, -3.57762384e+00,
         -6.65424395e+00,  5.29274845e+00, -2.32406855e+00,  4.80064869e+00,
          4.54124928e+00, -3.56554651e+00, -5.45247698e+00, -2.71966648e+00,
         -2.26234984e+00, -1.54160035e+00,  2.32698393e+00,  3.29566884e+00,
         -2.02217698e+00,  7.24130630e+00, -1.59224594e+00,  2.25656331e-01,
          3.21123576e+00, -1.78382373e+00,  5.08955574e+00, -3.83587074e+00,
         -1.24752057e+00,  9.91374910e-01, -4.64109755e+00,  5.43950081e+00,
          5.17683601e+00,  1.39421737e+00, -4.10182428e+00, -1.61971068e+00,
         -1.54958940e+00, -2.53694034e+00, -5.16462040e+00, -2.50518465e+00,
          8.27612519e-01,  4.77516508e+00,  5.85248089e+00, -6.04518533e-01,
          1.03689976e+01,  4.92762947e+00, -1.14033544e+00,  7.33357525e+00,
          5.00633049e+00,  1.94469720e-01, -7.36398506e+00, -1.91927171e+00,
         -1.73390627e+00,  3.03754735e+00,  7.48177958e+00,  8.73664188e+00,
          1.54600811e+00, -3.14463209e-03,  4.60903978e+00,  1.57269633e+00,
         -3.50666761e+00, -5.13571262e-01, -6.64145872e-02,  1.30517876e+00,
         -2.50295258e+00, -4.77943611e+00, -4.19326639e+00,  1.37389431e+01,
         -7.65115142e-01, -6.09205961e+00, -4.70344210e+00, -3.58219445e-01,
          6.46569300e+00,  1.34596491e+00,  7.86969781e-01,  4.53950214e+00,
         -1.07005262e+00, -5.80265188e+00,  4.36909962e+00, -3.33763242e+00,
         -5.97328329e+00,  8.53892612e+00, -2.56461763e+00,  1.97925389e+00,
          7.09860182e+00,  7.53662491e+00,  4.35730267e+00, -1.85539091e+00,
          2.69992638e+00,  3.23727894e+00,  3.01245809e+00, -3.31809449e+00,
         -4.36212444e+00, -2.20093513e+00, -1.41534770e+00, -1.16234803e+00,
         -1.53436315e+00, -1.35375726e+00,  8.37713242e+00,  6.34852505e+00,
         -9.55993772e-01, -4.29283142e-01, -1.52451921e+00, -2.39237353e-01,
         -5.51948643e+00, -4.14594698e+00,  1.80715787e+00,  2.41741228e+00,
          5.96162605e+00, -7.08070219e-01, -6.47809458e+00, -4.27159119e+00,
         -2.07976818e+00, -8.00442994e-02, -1.04989755e+00,  5.12030959e-01,
         -1.07846415e+00, -3.61217594e+00, -5.02413511e+00, -5.33072567e+00,
          5.67158103e-01, -2.23802972e+00,  1.89979339e+00,  8.39048386e-01,
          1.58159375e-01, -2.59511185e+00, -2.19605970e+00,  4.47068119e+00,
         -9.14277732e-01, -2.60305023e+00, -4.61866570e+00, -7.85895443e+00,
         -1.89412677e+00, -2.87305546e+00, -2.83116388e+00, -3.58995748e+00,
         -1.74054289e+00, -3.18363380e+00, -3.38216591e+00, -6.08820534e+00,
         -6.25815964e+00,  2.76928258e+00,  1.87217641e+00, -2.51099253e+00,
         -6.26397133e-01, -9.79971409e-01,  1.09894571e+01, -3.94657135e+00,
         -2.33966994e+00, -4.35132551e+00,  1.98814392e+00, -1.69953251e+00,
          8.28107262e+00,  8.11569393e-02,  1.04484248e+00, -1.55229211e+00,
         -7.35280812e-01, -6.93425834e-01,  2.57756400e+00,  2.00330049e-01,
         -4.66875935e+00, -1.95491946e+00,  5.16444159e+00, -1.51179135e+00,
         -7.51088560e-01, -1.94465593e-01, -2.32023907e+00, -2.42130733e+00,
         -2.54162002e+00, -1.30605865e+00,  9.12290871e-01,  6.20679569e+00,
         -2.97426891e+00, -3.87855148e+00, -4.32586479e+00, -3.82845074e-01,
         -3.36169291e+00, -1.53558552e+00,  6.13683350e-02,  7.61589289e-01,
          7.32923698e+00, -2.26439190e+00, -2.95409298e+00, -6.22221410e-01,
          6.30895710e+00, -1.86577988e+00,  3.35396618e-01, -7.46496975e-01,
         -2.00561881e-01, -3.19246411e-01,  5.89193392e+00, -3.28229976e+00,
          1.36639857e+00,  3.36039901e+00,  1.77454090e+00, -5.43248653e-01,
         -4.91491938e+00, -2.20372534e+00,  5.33528376e+00,  4.39797997e-01,
          4.06567383e+00,  1.02245390e+00, -8.05244207e-01, -2.94099540e-01,
         -2.78095174e+00,  1.75981307e+00,  1.39362544e-01, -4.59469408e-01,
         -4.40119410e+00, -1.01834810e+00,  1.64473319e+00, -1.09985076e-01,
          2.72631854e-01, -2.16188574e+00, -9.11023080e-01, -1.23310363e+00,
          5.37119329e-01, -5.70770693e+00,  2.48887110e+00, -3.63948607e+00,
         -1.63816184e-01,  6.14409924e+00, -2.59041727e-01,  8.90404165e-01,
          2.53668594e+00, -5.65725422e+00, -3.85292053e+00,  3.45884705e+00,
          3.66997957e+00, -3.71002793e-01,  1.01032333e+01, -5.31231546e+00,
         -2.26518369e+00,  3.52905807e+01, -3.68877387e+00, -4.49503994e+00,
          5.24359226e+00,  5.87976646e+00, -2.59672999e-01,  1.25752556e+00,
          2.20265675e+00,  1.46813405e+00,  3.18127012e+00, -4.65732956e+00,
          8.64869416e-01, -4.61025572e+00, -4.03293037e+00,  6.09922457e+00,
          1.23263776e+00, -1.36380219e+00,  6.31854248e+00, -6.93228006e-01,
         -2.15496063e+00, -4.62282562e+00, -1.78393817e+00,  2.98983884e+00,
          3.66124511e+00, -6.94057989e+00, -1.86992109e+00, -5.99367857e+00,
         -1.36144698e+00,  7.93209934e+00, -5.28187990e-01, -1.14912915e+00,
          1.64995480e+00, -1.88503361e+00,  1.35579996e+01,  1.35250330e+00,
          4.87873107e-01, -6.82918596e+00, -4.48083115e+00, -4.57543182e+00,
         -5.87548828e+00, -1.40177041e-01, -2.36984324e+00, -5.28229332e+00,
         -2.12436032e+00, -7.13362932e-01, -3.42020845e+00,  3.97718096e+00,
          2.47010422e+00,  1.77559888e+00,  4.89291143e+00,  3.45254827e+00,
          6.47280395e-01,  8.67346898e-02, -7.51640320e-01,  6.97077656e+00,
          2.08565474e+00, -4.14352560e+00,  5.23861110e-01, -3.23340893e+00,
          1.12470570e+01, -3.39989305e+00, -2.74248004e+00,  2.10006618e+00,
         -9.82189751e+00, -3.83641863e+00, -5.77689219e+00, -8.60663772e-01,
          1.06775236e+01,  1.86076283e+00,  4.58879566e+00, -1.95416689e+00,
          7.27601051e-01,  3.04896593e+00, -5.79356384e+00, -1.50945437e+00,
          4.84334290e-01,  3.72303200e+00, -4.33064747e+00, -1.08977509e+00,
          3.75090146e+00, -4.36102200e+00,  5.89100647e+00, -1.81841457e+00,
         -2.67297864e+00,  7.49380302e+00, -4.71451139e+00,  2.38980722e+00,
         -6.38526821e+00, -1.08710909e+00,  2.68754530e+00, -2.25001049e+00,
         -5.35072327e+00,  2.44031921e-02, -1.03475296e+00,  2.78653312e+00,
          2.75717664e+00, -4.49463272e+00, -4.83926678e+00, -1.22940578e-01,
         -1.18926036e+00, -2.81319261e+00, -8.73848855e-01, -8.63806546e-01,
         -5.61146450e+00,  5.61298275e+00, -4.74100076e-02,  2.96288872e+00,
          3.20483625e-01,  2.13850856e+00,  2.46570396e+00, -2.23120522e+00,
          2.86243153e+00,  4.60862964e-01, -5.10068941e+00, -1.04734190e-01,
          1.30043769e+00,  1.21007204e+00, -2.88801169e+00, -3.25455278e-01,
          2.20019996e-01, -1.50433809e-01,  3.89202923e-01, -3.33232641e+00,
          3.75959128e-01,  5.65118027e+00, -8.03503394e-02,  6.60949421e+00,
          9.83090281e-01, -5.39912581e-01, -1.49320889e+00, -1.97523654e+00,
         -1.65181351e+00, -5.88797235e+00,  1.60003626e+00,  4.83779097e+00,
          8.19122195e-01, -5.26911259e+00, -6.48640990e-01, -1.20825451e-02,
         -2.80510449e+00, -4.40675926e+00, -5.37752867e+00,  6.20251238e-01,
          7.70150232e+00, -4.11014986e+00,  1.04636836e+00,  2.19660234e+00,
         -1.84216332e+00,  3.19071674e+00, -4.18325043e+00, -3.52796602e+00,
         -4.26063204e+00, -2.72143841e-01,  2.46984100e+00, -4.37513649e-01,
         -5.33896863e-01,  1.72596955e+00,  3.83918309e+00, -3.05230355e+00,
          1.76210308e+00, -4.19799852e+00, -4.39175177e+00, -2.87414002e+00,
         -4.92516786e-01,  7.18705654e-01, -4.56249619e+00, -2.11384344e+00,
         -3.91140628e+00, -3.01742792e+00, -1.18776548e+00, -1.91203952e+00,
         -1.67255628e+00, -1.62219822e+00, -4.28338718e+00, -5.04568291e+00,
          4.29643679e+00,  1.59493866e+01, -2.85349035e+00, -9.17654872e-01,
         -2.97413850e+00, -4.64187431e+00,  1.67833066e+00,  2.19143033e+00,
          9.84143925e+00, -3.03116560e-01,  5.46637392e+00,  7.79884386e+00,
          4.73694175e-01,  1.07755256e+00,  1.85209548e+00,  2.41526675e+00,
          1.25083613e+00,  2.11567426e+00,  2.77028966e+00,  1.95294428e+00,
          2.72387671e+00, -3.63277388e+00, -2.53630590e+00,  2.08627558e+00,
         -5.47178650e+00,  6.79458261e-01,  3.42027688e+00,  3.71868682e+00,
          3.18163705e+00,  7.15127659e+00, -1.43117523e+00,  3.98774242e+00,
          3.18274885e-01,  2.20012689e+00,  5.65717030e+00,  2.83497691e+00,
         -5.40376711e+00, -3.33755583e-01,  1.84164488e+00,  9.12667465e+00,
         -1.13582444e+00, -4.94227695e+00,  4.25429678e+00,  3.22313756e-01,
         -8.51814508e-01,  3.43127537e+00, -9.15605009e-01, -2.28216767e+00,
          9.12410498e-01,  6.95707369e+00, -5.13170242e+00, -2.49553919e-01,
          1.11887217e+00,  1.03564084e+00, -1.94936943e+00,  4.73543978e+00,
          2.86768413e+00, -4.35215998e+00, -2.17781329e+00,  3.84564757e+00,
          6.10956383e+00,  3.67432547e+00, -2.62707496e+00,  4.42695856e-01,
          7.73464966e+00, -2.18504190e+00, -4.75885344e+00, -4.56927395e+00,
         -1.68610668e+00, -2.11948776e+00,  5.33219993e-01, -1.41112804e+00,
          1.44592988e+00, -9.16886568e-01,  4.42039347e+00,  4.48126125e+00,
          1.75973427e+00, -2.60249996e+00,  1.56498265e+00, -2.84452200e+00,
         -4.97771311e+00, -2.61946583e+00, -1.05462182e+00,  3.10367417e+00,
         -5.03529549e+00, -5.27378988e+00,  8.63999277e-02,  5.43966818e+00,
          1.03341589e+01,  1.22379131e+01, -2.01722693e+00,  3.55615282e+00,
          1.66431522e+00, -2.84269285e+00, -5.96624470e+00,  1.02934337e+00,
         -1.37650621e+00,  6.29570782e-01, -5.39760971e+00, -2.77625251e+00,
          3.79411817e+00, -7.69985819e+00, -8.64532566e+00, -6.12964535e+00,
         -1.05214548e+00,  5.33123922e+00,  8.68429959e-01, -3.35524678e+00,
         -6.18180275e-01, -7.41530275e+00, -4.57581949e+00, -1.47354293e+00,
         -1.34666836e+00, -9.32265967e-02,  6.75083756e-01,  1.63801277e+00,
         -4.83570051e+00, -2.81504297e+00, -2.85328364e+00,  3.76567221e+00,
         -1.26714587e+00, -1.09073699e+00, -3.99247241e+00,  5.75538254e+00,
         -8.08327973e-01, -1.85086787e+00, -3.69995332e+00, -1.08430314e+00,
         -1.25495088e+00, -1.17698586e+00,  9.77692783e-01,  6.95047915e-01,
          1.10077846e+00, -3.78203940e+00,  9.54525566e+00, -6.72320127e+00,
         -1.01431155e+00, -2.52170563e+00, -2.87173581e+00, -6.45160151e+00,
         -6.48749065e+00,  1.86862409e-01, -1.59907472e+00, -4.99892902e+00,
          4.24974471e-01, -4.17119503e+00,  8.45254230e+00,  3.04850817e-01,
          1.32118845e+01,  9.39094305e-01,  9.07088757e+00,  8.83409786e+00,
          1.19988756e+01,  5.95661259e+00,  9.33474255e+00,  6.56906319e+00,
          2.46573281e+00, -3.03411150e+00,  4.83128834e+00,  9.59336221e-01,
          8.11234951e+00, -3.16714191e+00, -5.50227833e+00,  3.65544772e+00,
          1.58980203e+00, -4.57209778e+00,  4.95468289e-01,  3.75657582e+00,
         -1.09071803e+00,  3.02444601e+00,  3.66057158e+00,  3.49423361e+00,
          1.85338056e+00,  4.02943671e-01,  3.78805566e+00, -6.13617934e-02]],
       device='cuda:0')/data1/Kane/alpha-beta-CROWN_vnncomp2025/complete_verifier/auto_LiRPA/perturbations.py:364: UserWarning: The reduce argument of torch.scatter with Tensor src is deprecated and will be removed in a future PyTorch release. Use torch.scatter_reduce instead for more reduction options. (Triggered internally at /pytorch/aten/src/ATen/native/TensorAdvancedIndexing.cpp:232.)
  self.x_L_sparse.scatter_(dim=-1, index=index, src=(x_L - lb).view(batch_size, -1), reduce='add')

build batch [1/1]
Using Linf sparse perturbation. Perturbed dimensions: 10.
Avg perturbation: 0.0019999861251562834
initial dynamic-forward+backward bounds (first 10 items): [19.340911865234375]
Global lower bound: 19.340911865234375
verified with init bound!
Result: unsat
Time: 8.648565530776978

------------------------- COMMAND ------------------------------
/data1/Kane/miniconda3/envs/abcrown25/bin/python /data1/Kane/alpha-beta-CROWN_vnncomp2025/complete_verifier/abcrown.py --config /data1/Kane/alpha-beta-CROWN_vnncomp2025/complete_verifier/exp_configs/vnncomp23/vggnet16.yaml --precompile_jit --onnx_path /data1/Kane/data/vnncomp2025_benchmarks/benchmarks/vggnet16_2022/onnx/vgg16-7.onnx --vnnlib_path /data1/Kane/data/vnncomp2025_benchmarks/benchmarks/vggnet16_2022/vnnlib/spec8_megalith.vnnlib --results_file /data1/Kane/ACT/audit_results/abcrown_nopgd_20260525/vggnet16_2022/0009__vgg16-7__spec8_megalith.result --timeout 1200.0 --save_adv_example --pgd_order=skip
----------------------------------------------------------------

