[0;93m2026-05-26 17:36:40.187876913 [W:onnxruntime:Default, device_discovery.cc:283 GetGpuDevices] Failed to detect devices under "/sys/class/drm/card0": device_discovery.cc:93 ReadFileContents Failed to open file: "/sys/class/drm/card0/device/vendor"[m
INFO     17:36:41     [tensor_storage.py:70] Hugepage enabled for branch-and-bound domains.
Configurations:

general:
  device: cuda
  seed: 100
  conv_mode: patches
  deterministic: false
  double_fp: false
  loss_reduction_func: max
  sparse_alpha: true
  sparse_interm: true
  save_adv_example: true
  verify_onnxruntime_output: false
  eval_adv_example: false
  onnx_adv_example: false
  show_adv_example: false
  precompile_jit: true
  reset_seed_after_precompile: false
  prepare_only: false
  complete_verifier: bab
  enable_incomplete_verification: true
  csv_name: instances.csv
  results_file: /data1/Kane/ACT/audit_results/abcrown_nopgd_20260525/vggnet16_2022/0010__vgg16-7__spec9_sidewinder.result
  root_path: ../../vnncomp2023_benchmarks/benchmarks/vggnet16
  deterministic_opt: false
  graph_optimizer: 'Customized("custom_graph_optimizer", "maxpool_to_relu")'
  buffer_has_batchdim: false
  save_output: false
  output_file: out.pkl
  return_optimized_model: false
  store_all_specs_on_cpu: false
  adhoc_tuning: 'Customized("custom_adhoc_tuning", "customized_vggnet16_tuning")'
model:
  name: null
  path: null
  onnx_path: /data1/Kane/data/vnncomp2025_benchmarks/benchmarks/vggnet16_2022/onnx/vgg16-7.onnx
  onnx_path_prefix: ''
  cache_onnx_conversion: true
  debug_onnx: false
  onnx_quirks: null
  input_shape: null
  onnx_loader: default_onnx_and_vnnlib_loader
  onnx_optimization_flags: []
  onnx_vnnlib_joint_optimization_flags: none
  check_optimized: false
  flatten_final_output: false
  optimize_graph: null
  with_jacobian: false
data:
  start: 0
  end: 10000
  select_instance: null
  num_outputs: 10
  mean: 0.0
  std: 1.0
  pkl_path: null
  dataset: null
  data_filter_path: null
  data_idx_file: null
specification:
  type: lp
  robustness_type: verified-acc
  norm: .inf
  epsilon: null
  epsilon_min: 0.0
  vnnlib_path: /data1/Kane/data/vnncomp2025_benchmarks/benchmarks/vggnet16_2022/vnnlib/spec9_sidewinder.vnnlib
  vnnlib_path_prefix: ''
  shrink_eps: null
  rhs_offset: null
solver:
  batch_size: 1
  auto_enlarge_batch_size: false
  batched_crown_auto_enlarge_max_vram_ratio: 0.9
  min_batch_size_ratio: 0.1
  use_float64_in_last_iteration: false
  early_stop_patience: 10
  start_save_best: 0.5
  bound_prop_method: dynamic-forward+backward
  init_bound_prop_method: same
  prune_after_crown: true
  optimize_disjuncts_separately: false
  build_batch_size: 1000000
  skip_with_refined_bound: true
  forward_before_compute_bounds: false
  crown:
    batch_size: 64
    max_crown_size: 1000000000
    activation_bound_option: adaptive
    compare_crown_with_ibp: false
  alpha-crown:
    alpha: true
    lr_alpha: 0.1
    iteration: 100
    share_alphas: false
    lr_decay: 0.98
    full_conv_alpha: true
    max_coeff_mul: .inf
    matmul_share_alphas: false
    disable_optimization: []
    max_time: 1.0
    alpha_dtype: float16
  invprop:
    apply_output_constraints_to: []
    tighten_input_bounds: false
    best_of_oc_and_no_oc: false
    directly_optimize: []
    oc_lr: 0.1
    share_gammas: false
  beta-crown:
    lr_alpha: 0.01
    lr_beta: 0.05
    lr_decay: 0.98
    optimizer: adam
    iteration: 10
    beta: true
    beta_warmup: true
    enable_opt_interm_bounds: false
    all_node_split_LP: false
  forward:
    refine: false
    max_dim: 100
    reset_threshold: 1.0
  intermediate_refinement:
    enabled: false
    batch_size: 10
    opt_coeffs: false
    opt_bias: false
    lr: 0.05
    layers: [-1]
    max_domains: 1000
  mip:
    unstable_neuron_threshold: 0
    parallel_solvers: null
    solver_threads: 1
    refine_neuron_timeout: 15
    refine_neuron_time_percentage: 0.8
    early_stop: true
    adv_warmup: true
    mip_solver: gurobi
    skip_unsafe: false
    topk_filter: 1.0
    sliding_window: -1
    extra_constraint: false
    refine_neuron_timeout_increasement: 0
    timeout_neuron_percentage: 0.3
    remaining_timeout_threshold: 1
    remove_unstable_neurons: false
    lp_solver: false
bab:
  max_domains: .inf
  decision_thresh: 0
  timeout: 1200.0
  timeout_scale: 1
  max_iterations: -1
  override_timeout: null
  get_upper_bound: false
  pruning_in_iteration: true
  pruning_in_iteration_ratio: 0.2
  sort_targets: false
  batched_domain_list: true
  optimized_interm: ''
  interm_transfer: true
  recompute_interm: false
  sort_domain_interval: -1
  vanilla_crown: false
  tree_traversal: depth_first
  hugetensor_allocator: true
  cut:
    enabled: false
    cuts_path: null
    implication: false
    bab_cut: false
    lp_cut: false
    method: null
    lr: 0.01
    lr_decay: 1.0
    iteration: 100
    bab_iteration: -1
    early_stop_patience: -1
    lr_beta: 0.02
    number_cuts: 50
    topk_cuts_in_filter: 1000
    batch_size_primal: 100
    max_num: 1000000000
    patches_cut: false
    cplex_cuts: false
    cplex_cuts_wait: 0
    cplex_cuts_revpickup: true
    cut_reference_bounds: true
    fix_intermediate_bounds: false
    _tmp_cuts: null
    fixed_cuts: false
    add_implied_cuts: false
    add_input_cuts: false
    biccos:
      enabled: false
      constraint_strengthening: true
      recursively_strengthening: false
      drop_ratio: 0.5
      verified_bonus: 0.3
      max_infer_iter: 20
      max_domain: 10000.0
      heuristic: neuron_influence_score
      save_biccos_cuts: false
      multi_tree_branching:
        enabled: false
        restore_best_tree: false
        keep_n_best_domains: 1
        k_splits: 1
        iterations: 1
  clip_n_verify:
    rearrange_constraints: false
    alpha_crown: false
    prune: false
    final_layer: false
    clip_input_domain:
      enabled: false
      clip_type: relaxed
      heuristic_K: 0.0
      clip_iterations: 1
      clip_calculate_volume_metrics: false
    clip_interm_domain:
      enabled: false
      with_input: false
      clip_in_alpha_crown: false
      topk_objective: 0
  branching:
    method: sb
    candidates: 3
    reduceop: min
    enable_intermediate_bound_opt: false
    branching_input_and_activation: false
    branching_input_and_activation_order: [input, relu]
    branching_input_iterations: 30
    branching_relu_iterations: 50
    nonlinear_split:
      method: bbps
      disable: false
      branching_point_method: uniform
      num_branches: 2
      filter: false
      filter_beta: false
      filter_clamp: false
      filter_batch_size: 10000
      filter_iterations: 25
      relu_only: false
      loose_tanh_threshold: null
      branching_point:
        db_path: branching_points.pt
        num_iterations: 1000
        batch_size: 1000000
        range_l: -5.0
        range_u: 5.0
        log_interval: 100
        step_size_1d: 0.01
        step_size: 0.2
    input_split:
      split_hint: null
      enable: true
      reorder_bab: false
      input_dim_threshold: 20
      adv_check: 0
      split_partitions: 2
      sb_margin_weight: 1.0
      sb_sum: false
      sb_primary_spec: null
      bf_backup_thresh: -1
      bf_rhs_offset: 0
      bf_iters: 1000000000.0
      bf_batch_size: 100000
      bf_zero_crossing_score: false
      touch_zero_score: 0
      ibp_enhancement: false
      compare_with_old_bounds: true
      update_rhs_with_attack: false
      sb_coeff_thresh: 0.001
      sort_index: null
      sort_descending: true
      show_progress: false
      presplit_domains: null
      skip_getting_worst_domain: false
  attack:
    enabled: false
    beam_candidates: 8
    beam_depth: 7
    max_dive_fix_ratio: 0.8
    min_local_free_ratio: 0.2
    mip_start_iteration: 5
    mip_timeout: 30.0
    adv_pool_threshold: null
    refined_mip_attacker: false
    refined_batch_size: null
attack:
  general_attack: true
  pgd_order: skip
  pgd_steps: 100
  pgd_restarts: 30
  pgd_batch_size: 100000000
  pgd_early_stop: true
  pgd_lr_decay: 0.99
  pgd_alpha: auto
  pgd_alpha_scale: false
  pgd_loss_mode: null
  pgd_restart_when_stuck: false
  enable_mip_attack: false
  adv_saver: default_adv_saver
  adv_verifier: default_adv_verifier
  early_stop_condition: default_early_stop_condition
  adv_example_finalizer: default_adv_example_finalizer
  pgd_loss: default_pgd_loss
  cex_path: ./test_cex.txt
  attack_mode: PGD
  attack_tolerance: 0.0
  attack_func: attack_with_general_specs
  gama_lambda: 10.0
  gama_decay: 0.9
  input_split:
    pgd_steps: 100
    pgd_restarts: 30
    pgd_alpha: auto
  input_split_check_adv:
    enabled: auto
    pgd_steps: 5
    pgd_restarts: 5
    pgd_alpha: auto
    max_num_domains: 10
debug:
  view_model: false
  lp_test: null
  rescale_vnnlib_ptb: null
  test_optimized_bounds: false
  test_optimized_bounds_after_n_iterations: 0
  print_verbose_decisions: false
  sanity_check: null
  save_minimal_config: null
  save_minimal_config_omit_keys: []

Experiments at Tue May 26 17:36:41 2026 on dell-pro-max-tower-t2
Pre-compile jit kernels on a toy network...
JIT kernels compiled in 1.5831s.
Internal results will be saved to /data1/Kane/ACT/audit_results/abcrown_nopgd_20260525/vggnet16_2022/0010__vgg16-7__spec9_sidewinder.result.

 %%%%%%%%%%%%%%%%%%%%%%%%%%%%%%%%%%% idx: 0, vnnlib ID: 0 %%%%%%%%%%%%%%%%%%%%%%%%%%%%%%%%%%%
Using onnx /data1/Kane/data/vnncomp2025_benchmarks/benchmarks/vggnet16_2022/onnx/vgg16-7.onnx
Using vnnlib /data1/Kane/data/vnncomp2025_benchmarks/benchmarks/vggnet16_2022/vnnlib/spec9_sidewinder.vnnlib
150528 inputs and 1000 outputs in vnnlib
Loading cached onnx model from /data1/Kane/data/vnncomp2025_benchmarks/benchmarks/vggnet16_2022/onnx/vgg16-7.onnx.cached
Cached converted model loaded in 4.7262 seconds
Finished vnnlib processing in 0.051956 seconds
Number of perturbed inputs: 20
torch allclose failed: norm 3.93642476410605e-05
Model: BoundedModule(
  (/input-1): BoundInput(name=/input-1, inputs=[], perturbed=True)
  (/33): BoundParams(name=/33, inputs=[], perturbed=False)
  (/34): BoundParams(name=/34, inputs=[], perturbed=False)
  (/35): BoundParams(name=/35, inputs=[], perturbed=False)
  (/36): BoundParams(name=/36, inputs=[], perturbed=False)
  (/37): BoundParams(name=/37, inputs=[], perturbed=False)
  (/38): BoundParams(name=/38, inputs=[], perturbed=False)
  (/39): BoundParams(name=/39, inputs=[], perturbed=False)
  (/40): BoundParams(name=/40, inputs=[], perturbed=False)
  (/41): BoundParams(name=/41, inputs=[], perturbed=False)
  (/42): BoundParams(name=/42, inputs=[], perturbed=False)
  (/43): BoundParams(name=/43, inputs=[], perturbed=False)
  (/44): BoundParams(name=/44, inputs=[], perturbed=False)
  (/45): BoundParams(name=/45, inputs=[], perturbed=False)
  (/46): BoundParams(name=/46, inputs=[], perturbed=False)
  (/47): BoundParams(name=/47, inputs=[], perturbed=False)
  (/48): BoundParams(name=/48, inputs=[], perturbed=False)
  (/49): BoundParams(name=/49, inputs=[], perturbed=False)
  (/50): BoundParams(name=/50, inputs=[], perturbed=False)
  (/51): BoundParams(name=/51, inputs=[], perturbed=False)
  (/52): BoundParams(name=/52, inputs=[], perturbed=False)
  (/53): BoundParams(name=/53, inputs=[], perturbed=False)
  (/54): BoundParams(name=/54, inputs=[], perturbed=False)
  (/55): BoundParams(name=/55, inputs=[], perturbed=False)
  (/56): BoundParams(name=/56, inputs=[], perturbed=False)
  (/57): BoundParams(name=/57, inputs=[], perturbed=False)
  (/58): BoundParams(name=/58, inputs=[], perturbed=False)
  (/59): BoundParams(name=/59, inputs=[], perturbed=False)
  (/60): BoundParams(name=/60, inputs=[], perturbed=False)
  (/61): BoundParams(name=/61, inputs=[], perturbed=False)
  (/62): BoundParams(name=/62, inputs=[], perturbed=False)
  (/63): BoundParams(name=/63, inputs=[], perturbed=False)
  (/64): BoundParams(name=/64, inputs=[], perturbed=False)
  (/input): BoundConv(name=/input, inputs=[/input-1, /33, /34], perturbed=True)
  (/input-4): BoundRelu(name=/input-4, inputs=[/input], perturbed=True)
  (/input-8): BoundConv(name=/input-8, inputs=[/input-4, /35, /36], perturbed=True)
  (/68): BoundRelu(name=/68, inputs=[/input-8], perturbed=True)
  (/input-16): BoundConv(name=/input-16, inputs=[/input-12/conv_4, /37, /38], perturbed=True)
  (/input-20): BoundRelu(name=/input-20, inputs=[/input-16], perturbed=True)
  (/input-24): BoundConv(name=/input-24, inputs=[/input-20, /39, /40], perturbed=True)
  (/73): BoundRelu(name=/73, inputs=[/input-24], perturbed=True)
  (/input-32): BoundConv(name=/input-32, inputs=[/input-28/conv_4, /41, /42], perturbed=True)
  (/input-36): BoundRelu(name=/input-36, inputs=[/input-32], perturbed=True)
  (/input-40): BoundConv(name=/input-40, inputs=[/input-36, /43, /44], perturbed=True)
  (/input-44): BoundRelu(name=/input-44, inputs=[/input-40], perturbed=True)
  (/input-48): BoundConv(name=/input-48, inputs=[/input-44, /45, /46], perturbed=True)
  (/80): BoundRelu(name=/80, inputs=[/input-48], perturbed=True)
  (/input-56): BoundConv(name=/input-56, inputs=[/input-52/conv_4, /47, /48], perturbed=True)
  (/input-60): BoundRelu(name=/input-60, inputs=[/input-56], perturbed=True)
  (/input-64): BoundConv(name=/input-64, inputs=[/input-60, /49, /50], perturbed=True)
  (/input-68): BoundRelu(name=/input-68, inputs=[/input-64], perturbed=True)
  (/input-72): BoundConv(name=/input-72, inputs=[/input-68, /51, /52], perturbed=True)
  (/87): BoundRelu(name=/87, inputs=[/input-72], perturbed=True)
  (/input-80): BoundConv(name=/input-80, inputs=[/input-76/conv_4, /53, /54], perturbed=True)
  (/input-84): BoundRelu(name=/input-84, inputs=[/input-80], perturbed=True)
  (/input-88): BoundConv(name=/input-88, inputs=[/input-84, /55, /56], perturbed=True)
  (/input-92): BoundRelu(name=/input-92, inputs=[/input-88], perturbed=True)
  (/input-96): BoundConv(name=/input-96, inputs=[/input-92, /57, /58], perturbed=True)
  (/94): BoundRelu(name=/94, inputs=[/input-96], perturbed=True)
  (/96): BoundFlatten(name=/96, inputs=[/95/conv_4], perturbed=True)
  (/input-100): BoundLinear(name=/input-100, inputs=[/96, /59, /60], perturbed=True)
  (/98): BoundRelu(name=/98, inputs=[/input-100], perturbed=True)
  (/99): BoundFlatten(name=/99, inputs=[/98], perturbed=True)
  (/input-104): BoundLinear(name=/input-104, inputs=[/99, /61, /62], perturbed=True)
  (/101): BoundRelu(name=/101, inputs=[/input-104], perturbed=True)
  (/102): BoundFlatten(name=/102, inputs=[/101], perturbed=True)
  (/103): BoundLinear(name=/103, inputs=[/102, /63, /64], perturbed=True)
  (/input-12/conv_1): BoundConv(name=/input-12/conv_1, inputs=[/68, /input-12/conv_1_w], perturbed=True)
  (/input-12/conv_1_relu): BoundRelu(name=/input-12/conv_1_relu, inputs=[/input-12/conv_1], perturbed=True)
  (/input-12/conv_1_w): BoundParams(name=/input-12/conv_1_w, inputs=[], perturbed=False)
  (/input-12/conv_2): BoundConv(name=/input-12/conv_2, inputs=[/input-12/conv_1_relu, /input-12/conv_2_w], perturbed=True)
  (/input-12/conv_2_relu): BoundRelu(name=/input-12/conv_2_relu, inputs=[/input-12/conv_2], perturbed=True)
  (/input-12/conv_2_w): BoundParams(name=/input-12/conv_2_w, inputs=[], perturbed=False)
  (/input-12/conv_4): BoundConv(name=/input-12/conv_4, inputs=[/input-12/conv_2_relu, /input-12/conv_3_w], perturbed=True)
  (/input-12/conv_3_w): BoundParams(name=/input-12/conv_3_w, inputs=[], perturbed=False)
  (/input-28/conv_1): BoundConv(name=/input-28/conv_1, inputs=[/73, /input-28/conv_1_w], perturbed=True)
  (/input-28/conv_1_relu): BoundRelu(name=/input-28/conv_1_relu, inputs=[/input-28/conv_1], perturbed=True)
  (/input-28/conv_1_w): BoundParams(name=/input-28/conv_1_w, inputs=[], perturbed=False)
  (/input-28/conv_2): BoundConv(name=/input-28/conv_2, inputs=[/input-28/conv_1_relu, /input-28/conv_2_w], perturbed=True)
  (/input-28/conv_2_relu): BoundRelu(name=/input-28/conv_2_relu, inputs=[/input-28/conv_2], perturbed=True)
  (/input-28/conv_2_w): BoundParams(name=/input-28/conv_2_w, inputs=[], perturbed=False)
  (/input-28/conv_4): BoundConv(name=/input-28/conv_4, inputs=[/input-28/conv_2_relu, /input-28/conv_3_w], perturbed=True)
  (/input-28/conv_3_w): BoundParams(name=/input-28/conv_3_w, inputs=[], perturbed=False)
  (/input-52/conv_1): BoundConv(name=/input-52/conv_1, inputs=[/80, /input-52/conv_1_w], perturbed=True)
  (/input-52/conv_1_relu): BoundRelu(name=/input-52/conv_1_relu, inputs=[/input-52/conv_1], perturbed=True)
  (/input-52/conv_1_w): BoundParams(name=/input-52/conv_1_w, inputs=[], perturbed=False)
  (/input-52/conv_2): BoundConv(name=/input-52/conv_2, inputs=[/input-52/conv_1_relu, /input-52/conv_2_w], perturbed=True)
  (/input-52/conv_2_relu): BoundRelu(name=/input-52/conv_2_relu, inputs=[/input-52/conv_2], perturbed=True)
  (/input-52/conv_2_w): BoundParams(name=/input-52/conv_2_w, inputs=[], perturbed=False)
  (/input-52/conv_4): BoundConv(name=/input-52/conv_4, inputs=[/input-52/conv_2_relu, /input-52/conv_3_w], perturbed=True)
  (/input-52/conv_3_w): BoundParams(name=/input-52/conv_3_w, inputs=[], perturbed=False)
  (/input-76/conv_1): BoundConv(name=/input-76/conv_1, inputs=[/87, /input-76/conv_1_w], perturbed=True)
  (/input-76/conv_1_relu): BoundRelu(name=/input-76/conv_1_relu, inputs=[/input-76/conv_1], perturbed=True)
  (/input-76/conv_1_w): BoundParams(name=/input-76/conv_1_w, inputs=[], perturbed=False)
  (/input-76/conv_2): BoundConv(name=/input-76/conv_2, inputs=[/input-76/conv_1_relu, /input-76/conv_2_w], perturbed=True)
  (/input-76/conv_2_relu): BoundRelu(name=/input-76/conv_2_relu, inputs=[/input-76/conv_2], perturbed=True)
  (/input-76/conv_2_w): BoundParams(name=/input-76/conv_2_w, inputs=[], perturbed=False)
  (/input-76/conv_4): BoundConv(name=/input-76/conv_4, inputs=[/input-76/conv_2_relu, /input-76/conv_3_w], perturbed=True)
  (/input-76/conv_3_w): BoundParams(name=/input-76/conv_3_w, inputs=[], perturbed=False)
  (/95/conv_1): BoundConv(name=/95/conv_1, inputs=[/94, /95/conv_1_w], perturbed=True)
  (/95/conv_1_relu): BoundRelu(name=/95/conv_1_relu, inputs=[/95/conv_1], perturbed=True)
  (/95/conv_1_w): BoundParams(name=/95/conv_1_w, inputs=[], perturbed=False)
  (/95/conv_2): BoundConv(name=/95/conv_2, inputs=[/95/conv_1_relu, /95/conv_2_w], perturbed=True)
  (/95/conv_2_relu): BoundRelu(name=/95/conv_2_relu, inputs=[/95/conv_2], perturbed=True)
  (/95/conv_2_w): BoundParams(name=/95/conv_2_w, inputs=[], perturbed=False)
  (/95/conv_4): BoundConv(name=/95/conv_4, inputs=[/95/conv_2_relu, /95/conv_3_w], perturbed=True)
  (/95/conv_3_w): BoundParams(name=/95/conv_3_w, inputs=[], perturbed=False)
)
Original output in the first batch: tensor([[ 5.77080071e-01, -6.46607816e-01, -8.16711724e-01,  3.08859444e+00,
          4.42128479e-01,  6.11674404e+00,  1.83101404e+00, -1.18665230e+00,
          1.47129750e+00,  2.72101909e-01,  1.41418648e+00, -3.38928747e+00,
         -1.75356364e+00, -1.37872910e+00, -3.05518651e+00, -2.55633068e+00,
         -1.09471512e+00, -2.12961316e+00, -2.54514313e+00, -2.10163546e+00,
         -2.08613324e+00,  1.07957482e+00, -3.53251195e+00, -1.60711658e+00,
          1.18618548e+00,  3.69761157e+00,  8.08471489e+00,  4.79302835e+00,
          3.95596361e+00,  5.51730251e+00,  4.47187901e+00,  2.01057243e+00,
          8.45733547e+00,  5.28215933e+00,  5.47914362e+00,  3.05227041e+00,
          5.83561516e+00,  1.82945520e-01,  1.43467560e+01,  2.87471962e+00,
          2.65507174e+00,  1.04727602e+01,  8.45384121e+00,  8.77197170e+00,
          9.97861481e+00,  7.81764412e+00,  2.69146681e+00,  9.57191658e+00,
          4.29635382e+00,  4.63475704e+00,  3.19610620e+00,  2.38442540e+00,
          1.20831089e+01,  1.05278940e+01,  1.68651772e+01,  4.81983709e+00,
          1.24558983e+01,  8.54372692e+00,  1.05718489e+01,  1.08645077e+01,
          1.69958534e+01,  9.88356209e+00,  1.52506008e+01,  1.36044016e+01,
          9.12417793e+00,  1.19732723e+01,  1.75629101e+01,  1.54259405e+01,
          1.81999454e+01,  6.77841544e-01, -5.98924696e-01,  2.21343756e+00,
         -1.10207784e+00,  2.66612792e+00, -1.19113255e+00, -7.47398674e-01,
         -1.82085347e+00, -9.84837174e-01,  1.56670988e+00,  2.16812277e+00,
          5.19472837e+00,  4.25997353e+00,  3.99567461e+00,  5.35741997e+00,
         -1.60909578e-01,  1.48462200e+00,  4.33807993e+00, -6.04217231e-01,
         -2.52575970e+00, -3.47588968e+00, -2.84277320e+00, -1.75385565e-01,
         -3.16391492e+00, -1.99260044e+00, -1.56492198e+00, -2.90623736e+00,
         -2.53724480e+00, -1.24652767e+00,  1.27574432e+00, -1.42996264e+00,
          6.83551073e-01,  1.59313217e-01,  2.94781864e-01,  1.94503808e+00,
          1.99112928e+00,  3.38479191e-01,  2.99725860e-01, -2.20117664e+00,
         -2.87376165e-01,  1.64504051e+00,  3.98128629e+00,  6.79854870e+00,
          3.08428860e+00,  3.22531319e+00,  5.18894148e+00,  3.25090933e+00,
          2.86118770e+00,  3.93537426e+00, -2.08435893e+00,  6.96645737e-01,
          1.81652188e+00,  4.85105932e-01,  3.65919977e-01,  1.35912567e-01,
         -9.61142659e-01,  1.98424935e+00,  2.37942362e+00, -5.48447037e+00,
         -2.91923553e-01, -2.76824403e+00, -2.16220355e+00, -2.49878407e+00,
         -3.00023389e+00, -4.21558857e-01, -3.53411365e+00, -4.98849183e-01,
         -2.29823136e+00, -2.82507777e+00,  1.78942347e+00,  1.58278656e+00,
          1.00936472e+00,  6.22213721e-01,  2.44733715e+00, -1.66436017e+00,
         -4.24162197e+00, -2.92872000e+00, -8.07384431e-01,  1.33770776e+00,
         -3.28278929e-01,  6.83008611e-01,  5.95033467e-02,  9.16889548e-01,
          4.06668782e-01, -1.20371985e+00, -1.52687061e+00, -4.80661780e-01,
         -2.68577635e-01, -6.18736207e-01,  1.79631889e-01, -5.37962578e-02,
          2.80384660e-01,  3.61764401e-01, -8.08858573e-01,  4.58440214e-01,
          2.57783532e+00, -4.40695465e-01,  6.30081654e-01,  5.80310404e-01,
          3.08135867e-01, -9.88034010e-01, -4.96942014e-01,  1.09550977e+00,
          1.07609701e+00, -3.34818721e-01, -1.25531018e+00,  2.60757923e-01,
          7.32765555e-01,  5.00232875e-01, -1.66763794e+00, -9.24848080e-01,
         -7.48153627e-02,  6.06388748e-02, -2.10339546e+00,  9.73776057e-02,
         -2.55094576e+00, -1.70488870e+00, -3.57511818e-01, -1.30336475e+00,
          8.92753184e-01,  7.06934407e-02, -9.66832519e-01, -1.16533256e+00,
         -2.35631227e+00, -1.40724266e+00,  1.86100706e-01, -1.02819490e+00,
         -1.47631073e+00, -7.31114089e-01, -1.05109644e+00, -1.64957654e+00,
         -1.46513355e+00, -4.17339706e+00, -2.19980764e+00, -1.61427152e+00,
         -1.81153607e+00, -4.95069593e-01,  1.36843598e+00, -1.11515272e+00,
         -8.02129567e-01, -8.05195034e-01,  4.33118677e+00, -1.20758843e+00,
          7.51195967e-01, -1.03315723e+00, -1.37708378e+00,  7.34743178e-01,
         -7.23450184e-01, -5.83869636e-01, -2.92085372e-02, -2.08608173e-02,
          1.55179358e+00,  1.99024081e+00, -1.44146824e+00, -3.84131849e-01,
         -2.02301908e+00, -1.62068439e+00, -2.12751484e+00,  7.62445629e-01,
         -1.35972941e+00, -5.01825392e-01, -3.86617613e+00, -2.33457828e+00,
         -7.84520566e-01,  2.26893708e-01, -1.26124465e+00, -7.53972977e-02,
         -1.32750583e+00, -1.31716752e+00, -1.92322814e+00, -1.77992761e+00,
         -1.61248469e+00, -2.53243595e-01, -2.10254931e+00, -1.67610586e-01,
         -7.15054989e-01, -1.42691278e+00,  2.35284877e+00, -1.02457035e+00,
         -1.51189590e+00, -2.67755842e+00, -1.69967622e-01, -8.61182734e-02,
         -7.46631384e-01, -6.04798853e-01, -8.68453801e-01, -2.88549566e+00,
         -1.01457942e+00, -2.50328636e+00, -2.48444462e+00, -1.82834172e+00,
         -1.71112466e+00, -2.58892918e+00, -9.90153015e-01, -2.26089311e+00,
          4.04409170e-01,  2.62009408e-02, -1.51722848e+00, -8.90407681e-01,
          1.11171424e+00, -1.58104157e+00, -1.77811420e+00,  5.21397769e-01,
         -4.75129008e-01,  1.26239967e+00,  1.81930169e-01,  1.93649518e+00,
          2.81571674e+00, -1.69791257e+00, -4.96929109e-01, -1.96654201e-01,
          1.63240218e+00,  3.73769665e+00,  1.68055320e+00, -1.21897686e+00,
          1.18359816e+00,  4.91475964e+00,  2.87452292e+00,  3.09886909e+00,
          5.79899454e+00,  3.67157722e+00,  5.47360516e+00, -8.30630660e-01,
          2.86661208e-01,  5.12912750e+00, -2.30479217e+00, -1.53564596e+00,
         -3.65958428e+00, -1.40249741e+00,  3.47764111e+00,  2.12844563e+00,
         -1.12826979e+00, -1.33237207e+00, -7.92883158e-01, -1.78462595e-01,
         -1.88505232e+00, -5.67275465e-01, -2.23654127e+00,  5.56899488e-01,
         -2.96446896e+00, -3.19498658e+00,  2.16299582e+00, -9.76756394e-01,
         -4.44491088e-01, -1.77301335e+00,  4.76233542e-01, -2.15131164e+00,
         -2.49741554e+00, -2.62554955e+00,  1.22435153e+00, -7.48629212e-01,
         -1.65996385e+00, -1.82657385e+00,  3.12157106e-02, -3.31711602e+00,
         -3.35593271e+00, -2.28512311e+00,  1.71446458e-01,  5.53188467e+00,
          2.99033642e-01,  5.17083597e+00,  2.16681886e+00,  7.42534578e-01,
         -8.46855938e-01, -1.73431349e+00,  8.32229495e-01,  2.19997978e+00,
         -3.04608679e+00,  3.75349462e-01, -1.78716624e+00, -3.45543385e+00,
          5.91698349e-01,  6.65602535e-02, -1.74326885e+00, -1.95847571e+00,
         -7.60275543e-01, -1.33822155e+00, -1.82148182e+00, -4.36367035e+00,
         -2.34036732e+00,  6.26745462e-01,  5.60709476e-01,  1.45488679e+00,
          6.75259054e-01,  1.87819743e+00, -1.39741588e+00, -2.51720858e+00,
          3.93238521e+00,  2.89450407e+00,  3.12143683e+00,  3.59336543e+00,
          1.57752550e+00,  1.25269985e+00,  9.28340971e-01,  3.74187541e+00,
          1.79988277e+00, -2.63321877e+00, -4.22662401e+00, -2.41542292e+00,
         -2.13597035e+00, -1.04231274e+00, -5.68787098e-01, -4.67172638e-03,
         -1.46093655e+00, -1.35547721e+00, -1.60645044e+00, -1.36029077e+00,
         -1.35546541e+00,  2.54163599e+00, -4.60797906e-01, -1.65549183e+00,
          1.49458194e+00, -1.91902006e+00, -8.08219612e-01,  1.97159696e+00,
          3.03006434e+00, -3.30035202e-02, -1.00791955e+00, -1.29723454e+00,
         -2.18627715e+00,  2.87652802e+00,  9.71198463e+00,  1.66413337e-01,
          1.50563073e+00, -2.60287237e+00,  1.33577263e+00,  5.57366657e+00,
          2.60072589e-01,  1.22008383e+00, -8.63370672e-03,  1.54322311e-01,
         -3.57979417e+00, -3.15527892e+00,  2.93204457e-01, -2.13831949e+00,
         -2.27798796e+00, -1.96101332e+00, -2.02677870e+00, -2.19877839e+00,
          7.41406202e-01, -7.61641324e-01, -5.50472617e-01, -8.49274039e-01,
         -1.57274818e+00, -1.04089308e+00, -2.78616738e+00, -2.35023811e-01,
         -4.98266637e-01, -1.43818283e+00, -1.09630847e+00,  3.16003591e-01,
          1.14701974e+00,  8.49727988e-01,  1.17193615e+00, -1.16406083e+00,
         -3.35077763e+00, -3.45446515e+00, -1.02431011e+00, -1.95488185e-01,
          1.82950616e+00,  3.09092969e-01, -1.39407694e+00,  8.14390421e-01,
         -5.96598566e-01, -3.75021160e-01, -7.95844853e-01,  1.41093528e+00,
         -1.71963811e+00, -6.32641613e-01, -5.08538425e-01,  9.40170527e-01,
         -4.95250654e+00, -2.73883915e+00, -2.51627707e+00,  3.70129079e-01,
         -1.10185218e+00,  4.11776543e-01, -9.48116004e-01, -5.61535954e-01,
          9.05341625e-01, -1.74544311e+00, -5.80251515e-01,  3.03540850e+00,
          1.80611455e+00, -8.70166004e-01, -3.22122598e+00, -2.49796331e-01,
          1.99690211e+00, -7.68144950e-02, -1.74840224e+00,  2.26637077e+00,
          6.52499869e-02, -6.69206023e-01, -9.02441368e-02, -4.65446591e-01,
          3.08863878e+00, -3.38351220e-01, -2.93977213e+00, -6.02576137e-01,
         -3.34742427e+00,  6.54217184e-01,  1.71497762e+00, -1.13146830e+00,
         -5.90714872e-01,  1.49255002e+00, -2.85483062e-01, -1.18522120e+00,
         -1.15085447e+00, -1.45514274e+00, -7.41980910e-01, -4.17411536e-01,
         -1.95602190e+00,  5.07087886e-01, -1.25780022e+00, -9.98013377e-01,
         -1.10361969e+00, -1.92423558e+00, -3.59437513e+00, -1.91959989e+00,
          5.55835009e+00, -1.06800243e-01,  4.12190390e+00, -6.55906439e-01,
          2.26373747e-01, -5.01405716e-01,  1.39392808e-01, -1.75081491e+00,
          7.49279022e-01, -4.51910591e+00, -2.75339508e+00,  8.95109475e-01,
          3.80705863e-01, -7.18759477e-01,  2.75404215e+00, -6.90909922e-01,
          5.33029251e-02, -7.47255385e-01,  3.23252606e+00, -4.27918702e-01,
         -1.99306345e+00, -5.48374951e-01, -1.63498843e+00, -1.09884655e+00,
          2.94927806e-01, -1.92445827e+00,  7.57411897e-01,  1.35998321e+00,
          8.86456192e-01,  3.39938968e-01, -1.76273024e+00, -3.05687457e-01,
         -2.24314046e+00, -2.30229163e+00, -1.29500771e+00,  7.09421933e-01,
         -1.31174946e+00,  2.02385977e-01, -7.68603921e-01, -1.90966904e+00,
         -5.41533887e-01,  7.86294401e-01, -1.53383684e+00, -7.70100355e-01,
          8.57909381e-01, -6.42861962e-01, -2.49834943e+00, -8.68664145e-01,
         -1.82260358e+00, -1.91674817e+00, -1.65333557e+00,  2.47758079e+00,
         -2.63796985e-01,  8.42251539e-01,  1.37014854e+00,  6.99990273e-01,
          8.04734826e-02,  7.87765086e-02,  9.47808802e-01, -2.44537854e+00,
         -1.40807819e+00,  1.47122896e+00, -3.16881323e+00,  2.14502120e+00,
         -1.62198544e+00, -1.50546813e+00, -4.17690897e+00, -2.48062706e+00,
          2.20268250e+00,  7.09484160e-01,  1.50385749e+00,  4.15684842e-02,
         -4.45277882e+00, -2.37439346e+00, -3.05449200e+00, -2.31696510e+00,
          1.45173550e-01, -2.05938816e+00, -1.40120044e-01, -3.42821479e-02,
         -2.03324866e+00, -3.62590885e+00, -1.48213041e+00, -2.49277139e+00,
          7.43237853e-01,  3.98128033e-02,  1.77099407e+00,  8.61898512e-02,
          1.93502203e-01,  2.87460351e+00, -2.80627394e+00, -3.46849394e+00,
         -1.70872724e+00, -2.31336403e+00, -1.32347834e+00, -2.27129743e-01,
          5.60717201e+00, -2.30922079e+00,  2.98968792e+00,  2.79107869e-01,
         -1.36344582e-01,  2.97452603e-02, -7.32433736e-01,  1.05940878e+00,
         -3.63810825e+00, -1.77802217e+00,  7.79157281e-01, -9.51905489e-01,
          2.27176642e+00, -1.90429425e+00, -1.48601389e+00,  3.79598403e+00,
          5.14893913e+00, -8.57281983e-01, -2.73637652e-01, -2.38689232e+00,
         -2.21989536e+00, -3.20642853e+00,  1.56620288e+00, -2.26741672e+00,
         -1.50759697e+00, -1.94660580e+00,  2.37522781e-01, -2.04554453e-01,
         -1.63007855e+00, -6.97776377e-01, -2.49889326e+00, -1.28623807e+00,
          7.55983067e+00, -1.23358226e+00,  3.57243848e+00,  2.50200421e-01,
         -4.42833513e-01, -1.25257730e+00, -3.56463909e+00,  5.07986498e+00,
         -2.54371786e+00, -2.16277957e+00, -8.44363749e-01, -1.73624945e+00,
         -3.24829721e+00, -1.91694885e-01, -6.09130502e-01, -1.03586102e+00,
         -2.43205953e+00,  2.05878997e+00,  1.80716670e+00,  1.99992132e+00,
         -7.13751242e-02, -2.52662683e+00,  1.27832675e+00,  2.04090905e+00,
          9.82472301e-01,  1.67652977e+00, -2.03687620e+00,  6.17034435e-01,
          1.25911498e+00, -8.15006137e-01,  2.08093095e+00, -6.13407433e-01,
         -2.36830544e+00, -5.72157800e-01, -3.51988256e-01, -3.53268564e-01,
         -1.48052359e+00, -3.25308830e-01, -2.97439218e+00, -1.84161985e+00,
         -1.68334568e+00, -1.40247941e+00,  2.57216120e+00,  1.67763269e+00,
         -1.28615618e-01, -3.17516065e+00, -1.21567965e+00,  2.71663517e-01,
         -1.58568370e+00, -2.08750725e+00,  3.61254168e+00, -1.28191435e+00,
         -2.02587533e+00, -1.56527984e+00, -1.35353661e+00,  7.87135303e-01,
         -1.48303688e+00, -4.52815950e-01,  1.19589579e+00, -1.80042398e+00,
          6.97161496e-01,  4.46115398e+00,  8.45627725e-01,  1.55724883e+00,
         -3.78214478e-01, -3.17507243e+00, -2.83541059e+00,  1.19553745e+00,
          1.63262129e+00, -1.58023524e+00,  5.41801631e-01, -4.00441313e+00,
         -1.45160520e+00, -1.28135324e-01,  1.87398478e-01, -7.14623570e-01,
          4.36811626e-01, -1.50563449e-01, -4.58319336e-01, -5.53195775e-01,
         -1.05889916e+00,  4.91525620e-01, -1.20055950e+00,  3.95977318e-01,
          9.08124387e-01,  3.47740799e-01,  6.10607266e-01, -3.45414400e-01,
         -3.10461283e+00, -2.07608700e+00, -3.46328378e-01, -2.10996318e+00,
          6.21003389e-01, -2.79043341e+00, -2.01341629e+00, -1.41579437e+00,
          3.76281470e-01, -1.04889381e+00,  3.71319532e+00, -9.28907841e-03,
         -2.42223763e+00, -1.36769700e+00, -1.74227881e+00, -3.96677077e-01,
         -1.36150837e+00, -1.36323988e+00,  9.57685113e-01,  5.27965963e-01,
         -1.03012896e+00,  5.76706588e-01,  7.61912048e-01, -2.85012335e-01,
          1.20534413e-01,  2.67732382e+00,  7.49832451e-01,  4.21253294e-02,
         -3.53443813e+00,  1.69567764e-01, -3.07892251e+00, -1.03297448e+00,
         -2.00617671e+00, -3.85256052e+00,  3.59961343e+00,  2.77913666e+00,
         -8.68588090e-01,  2.90711474e+00, -3.31793308e+00,  1.19586980e+00,
         -3.44465792e-01, -1.96103573e+00,  2.30161548e+00, -1.70708263e+00,
          1.08627069e+00,  2.08524966e+00,  1.52259755e+00, -1.55014002e+00,
         -1.45655358e+00, -1.04354584e+00, -1.19501293e-01,  1.25979733e+00,
         -2.79065371e-01, -1.83731103e+00, -9.80836749e-02, -2.82013249e+00,
         -2.70800924e+00, -1.60895789e+00, -5.27243733e-01,  5.02528071e-01,
         -1.08464456e+00,  3.04244369e-01, -2.97091794e+00, -4.40728635e-01,
         -2.83314228e+00,  1.34537220e+00, -7.47859001e-01, -2.79818743e-01,
          2.21383882e+00, -2.73649979e+00,  4.11109447e+00,  1.36556029e-01,
         -1.59844053e+00,  3.39956355e+00, -9.69314158e-01, -3.90628171e+00,
         -1.72694159e+00, -1.08751619e+00, -9.88601923e-01,  8.38885188e-01,
         -9.09662127e-01, -2.63145900e+00, -1.46963668e+00,  1.72246218e-01,
         -9.97793734e-01, -1.44878447e-01,  1.00245583e+00, -2.05253339e+00,
          6.55865252e-01,  3.18825841e+00, -6.54800534e-01,  9.27505493e-01,
          1.83913517e+00, -2.50190854e-01, -1.06454241e+00, -3.16294527e+00,
         -3.16166520e+00, -1.75645065e+00, -1.35710096e+00, -9.27812874e-01,
          4.56760257e-01, -1.00415158e+00,  8.90154064e-01,  8.83589208e-01,
          3.42341495e+00, -3.04285258e-01, -7.26125181e-01, -6.41771317e-01,
         -3.16515565e+00,  1.29593587e+00, -1.50494075e+00, -2.43861055e+00,
          1.87360182e-01, -2.54557347e+00, -8.88556838e-01, -1.82268429e+00,
         -2.93144894e+00,  1.28056383e+00, -1.22189522e+00,  2.49392724e+00,
          2.80028462e+00,  1.15023530e+00,  8.46959233e-01, -8.63152921e-01,
          4.37847137e-01, -3.83028269e+00, -3.50263894e-01,  1.21101177e+00,
         -2.74787712e+00, -3.43195248e+00, -2.61736226e+00, -1.72731161e+00,
          2.41409659e-01, -1.10051990e+00,  3.28522682e-01, -2.51137376e+00,
         -1.15328860e+00, -9.35156107e-01,  9.87533033e-01, -2.73432672e-01,
         -1.65564299e+00, -1.15273249e+00,  9.07524899e-02,  1.28084993e+00,
         -6.67850792e-01, -1.23321012e-01, -5.07750273e-01, -1.23533809e+00,
         -1.32475924e+00, -6.03914618e-01, -1.37011027e+00,  1.43448222e+00,
          1.16693234e+00,  2.43581846e-01,  2.26200151e+00, -2.46156263e+00,
          9.11760032e-02,  1.45528877e+00, -2.03973818e+00, -2.44720507e+00,
         -1.66079259e+00, -1.33857048e+00, -1.90218472e+00, -1.59590399e+00,
          1.64125896e+00, -2.16702175e+00, -1.79391634e-02, -1.78118980e+00,
         -8.74648988e-01, -2.21414495e+00, -2.60547924e+00, -1.93706656e+00,
          6.01189017e-01, -2.93325257e+00, -1.48644185e+00, -3.07476497e+00,
          8.87752593e-01, -3.09632039e+00, -1.58291829e+00,  1.64430916e+00,
          2.25390363e+00,  2.76137829e+00, -3.10046077e+00,  3.51072311e-01,
         -2.90930748e+00, -3.18173146e+00, -1.97773850e+00,  1.38164568e+00,
          6.19401187e-02, -7.37881586e-02, -1.49914539e+00, -2.99110985e+00,
          1.28434598e+00, -3.09436727e+00, -1.05077350e+00,  1.38551223e+00,
         -3.38680816e+00,  9.01098013e-01,  3.11517572e+00, -7.65681326e-01,
          7.23670363e-01, -1.23004663e+00,  1.17365015e+00, -1.51596940e+00,
         -4.58716631e+00, -1.88773680e+00,  3.82665247e-01,  2.53291559e+00,
          6.39520693e+00, -1.14582777e+00, -2.08348250e+00, -2.81397796e+00,
         -1.10710728e+00,  8.09139907e-01, -1.25362170e+00, -1.31661940e+00,
         -4.02272320e+00,  1.02215219e+00, -2.93185735e+00,  7.71421432e-01,
         -5.34018815e-01,  3.10885966e-01, -2.19410658e+00,  4.25825506e-01,
         -2.02438879e+00, -2.20505905e+00,  1.62604749e+00,  1.43061459e+00,
          1.96759748e+00, -3.11654854e+00, -2.13463378e+00, -2.11082768e+00,
         -3.51766139e-01, -2.84510422e+00, -1.75686216e+00, -9.33132112e-01,
         -7.26896599e-02, -6.87290370e-01,  8.98985684e-01, -2.13948512e+00,
         -1.69107485e+00, -2.14235306e+00, -3.74650747e-01,  1.08654165e+00,
         -1.62498963e+00, -2.24896863e-01, -1.81356502e+00, -2.15088415e+00,
         -1.85953307e+00, -2.07864189e+00,  3.52503270e-01, -2.73387194e+00,
          1.58614981e+00, -6.58994913e-01, -2.71857762e+00, -4.03961301e-01,
         -2.01975942e+00,  7.55493492e-02,  9.64688897e-01, -9.33240354e-01,
          3.75626117e-01,  4.72942293e-01, -1.85471416e+00, -2.22620940e+00,
          4.17770416e-01,  1.02925324e+00,  8.09563398e-01, -1.88270736e+00,
         -1.53490484e+00,  6.58335447e-01, -5.43293715e-01,  4.16588604e-01,
          7.98392773e-01,  2.43026280e+00,  2.87746096e+00, -8.75580668e-01,
          3.61098260e-01, -3.08533728e-01, -4.45914745e+00, -1.30679560e+00,
         -4.46113062e+00, -1.88568366e+00, -1.19844508e+00, -5.76190315e-02,
          4.59149122e-01, -3.72329831e-01, -2.47458601e+00,  8.40071559e-01,
         -2.82026142e-01,  2.92560196e+00,  3.64406753e+00,  3.30496979e+00,
          4.37339973e+00,  2.44738960e+00,  9.24240947e-01, -1.53675354e+00]],
       device='cuda:0')/data1/Kane/alpha-beta-CROWN_vnncomp2025/complete_verifier/auto_LiRPA/perturbations.py:364: UserWarning: The reduce argument of torch.scatter with Tensor src is deprecated and will be removed in a future PyTorch release. Use torch.scatter_reduce instead for more reduction options. (Triggered internally at /pytorch/aten/src/ATen/native/TensorAdvancedIndexing.cpp:232.)
  self.x_L_sparse.scatter_(dim=-1, index=index, src=(x_L - lb).view(batch_size, -1), reduce='add')

build batch [1/1]
Using Linf sparse perturbation. Perturbed dimensions: 20.
Avg perturbation: 2.0024181139888242e-05
initial dynamic-forward+backward bounds (first 10 items): [0.6370313167572021]
Global lower bound: 0.6370313167572021
verified with init bound!
Result: unsat
Time: 7.0776121616363525

------------------------- COMMAND ------------------------------
/data1/Kane/miniconda3/envs/abcrown25/bin/python /data1/Kane/alpha-beta-CROWN_vnncomp2025/complete_verifier/abcrown.py --config /data1/Kane/alpha-beta-CROWN_vnncomp2025/complete_verifier/exp_configs/vnncomp23/vggnet16.yaml --precompile_jit --onnx_path /data1/Kane/data/vnncomp2025_benchmarks/benchmarks/vggnet16_2022/onnx/vgg16-7.onnx --vnnlib_path /data1/Kane/data/vnncomp2025_benchmarks/benchmarks/vggnet16_2022/vnnlib/spec9_sidewinder.vnnlib --results_file /data1/Kane/ACT/audit_results/abcrown_nopgd_20260525/vggnet16_2022/0010__vgg16-7__spec9_sidewinder.result --timeout 1200.0 --save_adv_example --pgd_order=skip
----------------------------------------------------------------

