[ACT] Auto-detecting project root: ../ACT
[ACT] Gurobi license found: ../ACT/modules/gurobi/gurobi.lic
{
  "benchmark": "cifar100_2024",
  "instance_id": 100,
  "status": "OK",
  "cli_normalized": "OK",
  "wall_s": 182.60838246298954,
  "peak_rss_mb": 20438.78125,
  "returncode": 0,
  "per_instance_json": "/data1/Kane/ACT/audit_results/step1_t2b_longwall_20260527T130815Z/per_instance_cifar100_2024_20260527T131120022023Z.json",
  "out_dir": "/data1/Kane/ACT/audit_results/step1_t2b_longwall_20260527T130815Z",
  "stdout_tail": ")\nINFO:act.back_end.solver.solver_hz:large_cls_proof_mode ACTIVE: conv=20 out_dim=100 relus=10 (triangle for relu 1..7, eq_lagr_v8 for last 3)\n/data1/Kane/miniconda3/envs/act-py312/lib/python3.12/site-packages/torch/utils/_device.py:103: UserWarning: Sparse CSR tensor support is in beta state. If you miss a functionality in the sparse tensor support, please submit a feature request to https://github.com/pytorch/pytorch/issues. (Triggered internally at /pytorch/aten/src/ATen/SparseCsrTensorImpl.cpp:53.)\n  return func(*args, **kwargs)\n[ACT] Using existing Gurobi license: ../ACT/modules/gurobi/gurobi.lic\n\u2705 Device Manager Initialized: device=cpu, dtype=torch.float64\n\n================================================================================\nACT: Abstract Constraint Transformer\nInference-based whitebox fuzzing for neural network verification\n================================================================================\n\n\n================================================================================\nVERIFICATION TEST: VNNLIB \u2192 VerifiableModel \u2192 verify_once\n================================================================================\n\n[vnnlib] category=cifar100_2024 max_instances=1 mode=hybridz (full TOP1_ROBUST via labeled_tensor collapse; device=cpu, timeout=300.0s)\n  [  1/1] cifar100_2024/onnx/CIFAR100_resnet_large.onnx@vnnlib/CIFAR100_resnet_large_prop_idx_496_sidx_1194_eps_0.0039.vnnlib: UNKNOWN (179.2s)  V=0 A=0 U=1 E=0  R=0\n\n[vnnlib/hybridz] FINAL \u2014 total=1 wall=3.0 min\n  UNKNOWN      1\n  [structured] per-instance log \u2192 /data1/Kane/ACT/audit_results/step1_t2b_longwall_20260527T130815Z/per_instance_cifar100_2024_20260527T131120022023Z.json\n\n================================================================================\nVERIFICATION TEST SUMMARY\n================================================================================\n  \u2705 vnnlib                    PASSED\n================================================================================\n\n"
}
{
  "benchmark": "cifar100_2024",
  "instance_id": 105,
  "status": "OK",
  "cli_normalized": "OK",
  "wall_s": 160.60108358494472,
  "peak_rss_mb": 17958.0625,
  "returncode": 0,
  "per_instance_json": "/data1/Kane/ACT/audit_results/step1_t2b_longwall_20260527T130815Z/per_instance_cifar100_2024_20260527T131400951249Z.json",
  "out_dir": "/data1/Kane/ACT/audit_results/step1_t2b_longwall_20260527T130815Z",
  "stdout_tail": "\nINFO:act.back_end.solver.solver_hz:large_cls_proof_mode ACTIVE: conv=20 out_dim=100 relus=10 (triangle for relu 1..7, eq_lagr_v8 for last 3)\n/data1/Kane/miniconda3/envs/act-py312/lib/python3.12/site-packages/torch/utils/_device.py:103: UserWarning: Sparse CSR tensor support is in beta state. If you miss a functionality in the sparse tensor support, please submit a feature request to https://github.com/pytorch/pytorch/issues. (Triggered internally at /pytorch/aten/src/ATen/SparseCsrTensorImpl.cpp:53.)\n  return func(*args, **kwargs)\n[ACT] Using existing Gurobi license: ../ACT/modules/gurobi/gurobi.lic\n\u2705 Device Manager Initialized: device=cpu, dtype=torch.float64\n\n================================================================================\nACT: Abstract Constraint Transformer\nInference-based whitebox fuzzing for neural network verification\n================================================================================\n\n\n================================================================================\nVERIFICATION TEST: VNNLIB \u2192 VerifiableModel \u2192 verify_once\n================================================================================\n\n[vnnlib] category=cifar100_2024 max_instances=1 mode=hybridz (full TOP1_ROBUST via labeled_tensor collapse; device=cpu, timeout=300.0s)\n  [  1/1] cifar100_2024/onnx/CIFAR100_resnet_large.onnx@vnnlib/CIFAR100_resnet_large_prop_idx_8589_sidx_3105_eps_0.0039.vnnlib: UNKNOWN (157.5s)  V=0 A=0 U=1 E=0  R=0\n\n[vnnlib/hybridz] FINAL \u2014 total=1 wall=2.6 min\n  UNKNOWN      1\n  [structured] per-instance log \u2192 /data1/Kane/ACT/audit_results/step1_t2b_longwall_20260527T130815Z/per_instance_cifar100_2024_20260527T131400951249Z.json\n\n================================================================================\nVERIFICATION TEST SUMMARY\n================================================================================\n  \u2705 vnnlib                    PASSED\n================================================================================\n\n"
}
{
  "benchmark": "cifar100_2024",
  "instance_id": 110,
  "status": "OK",
  "cli_normalized": "OK",
  "wall_s": 179.5991366050439,
  "peak_rss_mb": 18730.01171875,
  "returncode": 0,
  "per_instance_json": "/data1/Kane/ACT/audit_results/step1_t2b_longwall_20260527T130815Z/per_instance_cifar100_2024_20260527T131700158005Z.json",
  "out_dir": "/data1/Kane/ACT/audit_results/step1_t2b_longwall_20260527T130815Z",
  "stdout_tail": "\nINFO:act.back_end.solver.solver_hz:large_cls_proof_mode ACTIVE: conv=20 out_dim=100 relus=10 (triangle for relu 1..7, eq_lagr_v8 for last 3)\n/data1/Kane/miniconda3/envs/act-py312/lib/python3.12/site-packages/torch/utils/_device.py:103: UserWarning: Sparse CSR tensor support is in beta state. If you miss a functionality in the sparse tensor support, please submit a feature request to https://github.com/pytorch/pytorch/issues. (Triggered internally at /pytorch/aten/src/ATen/SparseCsrTensorImpl.cpp:53.)\n  return func(*args, **kwargs)\n[ACT] Using existing Gurobi license: ../ACT/modules/gurobi/gurobi.lic\n\u2705 Device Manager Initialized: device=cpu, dtype=torch.float64\n\n================================================================================\nACT: Abstract Constraint Transformer\nInference-based whitebox fuzzing for neural network verification\n================================================================================\n\n\n================================================================================\nVERIFICATION TEST: VNNLIB \u2192 VerifiableModel \u2192 verify_once\n================================================================================\n\n[vnnlib] category=cifar100_2024 max_instances=1 mode=hybridz (full TOP1_ROBUST via labeled_tensor collapse; device=cpu, timeout=300.0s)\n  [  1/1] cifar100_2024/onnx/CIFAR100_resnet_large.onnx@vnnlib/CIFAR100_resnet_large_prop_idx_1063_sidx_7948_eps_0.0039.vnnlib: UNKNOWN (176.4s)  V=0 A=0 U=1 E=0  R=0\n\n[vnnlib/hybridz] FINAL \u2014 total=1 wall=2.9 min\n  UNKNOWN      1\n  [structured] per-instance log \u2192 /data1/Kane/ACT/audit_results/step1_t2b_longwall_20260527T130815Z/per_instance_cifar100_2024_20260527T131700158005Z.json\n\n================================================================================\nVERIFICATION TEST SUMMARY\n================================================================================\n  \u2705 vnnlib                    PASSED\n================================================================================\n\n"
}
{
  "benchmark": "cifar100_2024",
  "instance_id": 115,
  "status": "OK",
  "cli_normalized": "OK",
  "wall_s": 187.60978843993507,
  "peak_rss_mb": 20811.3984375,
  "returncode": 0,
  "per_instance_json": "/data1/Kane/ACT/audit_results/step1_t2b_longwall_20260527T130815Z/per_instance_cifar100_2024_20260527T132008154448Z.json",
  "out_dir": "/data1/Kane/ACT/audit_results/step1_t2b_longwall_20260527T130815Z",
  "stdout_tail": "\nINFO:act.back_end.solver.solver_hz:large_cls_proof_mode ACTIVE: conv=20 out_dim=100 relus=10 (triangle for relu 1..7, eq_lagr_v8 for last 3)\n/data1/Kane/miniconda3/envs/act-py312/lib/python3.12/site-packages/torch/utils/_device.py:103: UserWarning: Sparse CSR tensor support is in beta state. If you miss a functionality in the sparse tensor support, please submit a feature request to https://github.com/pytorch/pytorch/issues. (Triggered internally at /pytorch/aten/src/ATen/SparseCsrTensorImpl.cpp:53.)\n  return func(*args, **kwargs)\n[ACT] Using existing Gurobi license: ../ACT/modules/gurobi/gurobi.lic\n\u2705 Device Manager Initialized: device=cpu, dtype=torch.float64\n\n================================================================================\nACT: Abstract Constraint Transformer\nInference-based whitebox fuzzing for neural network verification\n================================================================================\n\n\n================================================================================\nVERIFICATION TEST: VNNLIB \u2192 VerifiableModel \u2192 verify_once\n================================================================================\n\n[vnnlib] category=cifar100_2024 max_instances=1 mode=hybridz (full TOP1_ROBUST via labeled_tensor collapse; device=cpu, timeout=300.0s)\n  [  1/1] cifar100_2024/onnx/CIFAR100_resnet_large.onnx@vnnlib/CIFAR100_resnet_large_prop_idx_2636_sidx_1992_eps_0.0039.vnnlib: UNKNOWN (184.5s)  V=0 A=0 U=1 E=0  R=0\n\n[vnnlib/hybridz] FINAL \u2014 total=1 wall=3.1 min\n  UNKNOWN      1\n  [structured] per-instance log \u2192 /data1/Kane/ACT/audit_results/step1_t2b_longwall_20260527T130815Z/per_instance_cifar100_2024_20260527T132008154448Z.json\n\n================================================================================\nVERIFICATION TEST SUMMARY\n================================================================================\n  \u2705 vnnlib                    PASSED\n================================================================================\n\n"
}
{
  "benchmark": "cifar100_2024",
  "instance_id": 120,
  "status": "OK",
  "cli_normalized": "OK",
  "wall_s": 169.5973920110846,
  "peak_rss_mb": 18783.1796875,
  "returncode": 0,
  "per_instance_json": "/data1/Kane/ACT/audit_results/step1_t2b_longwall_20260527T130815Z/per_instance_cifar100_2024_20260527T132257466775Z.json",
  "out_dir": "/data1/Kane/ACT/audit_results/step1_t2b_longwall_20260527T130815Z",
  "stdout_tail": "\nINFO:act.back_end.solver.solver_hz:large_cls_proof_mode ACTIVE: conv=20 out_dim=100 relus=10 (triangle for relu 1..7, eq_lagr_v8 for last 3)\n/data1/Kane/miniconda3/envs/act-py312/lib/python3.12/site-packages/torch/utils/_device.py:103: UserWarning: Sparse CSR tensor support is in beta state. If you miss a functionality in the sparse tensor support, please submit a feature request to https://github.com/pytorch/pytorch/issues. (Triggered internally at /pytorch/aten/src/ATen/SparseCsrTensorImpl.cpp:53.)\n  return func(*args, **kwargs)\n[ACT] Using existing Gurobi license: ../ACT/modules/gurobi/gurobi.lic\n\u2705 Device Manager Initialized: device=cpu, dtype=torch.float64\n\n================================================================================\nACT: Abstract Constraint Transformer\nInference-based whitebox fuzzing for neural network verification\n================================================================================\n\n\n================================================================================\nVERIFICATION TEST: VNNLIB \u2192 VerifiableModel \u2192 verify_once\n================================================================================\n\n[vnnlib] category=cifar100_2024 max_instances=1 mode=hybridz (full TOP1_ROBUST via labeled_tensor collapse; device=cpu, timeout=300.0s)\n  [  1/1] cifar100_2024/onnx/CIFAR100_resnet_large.onnx@vnnlib/CIFAR100_resnet_large_prop_idx_2993_sidx_2485_eps_0.0039.vnnlib: UNKNOWN (166.3s)  V=0 A=0 U=1 E=0  R=0\n\n[vnnlib/hybridz] FINAL \u2014 total=1 wall=2.8 min\n  UNKNOWN      1\n  [structured] per-instance log \u2192 /data1/Kane/ACT/audit_results/step1_t2b_longwall_20260527T130815Z/per_instance_cifar100_2024_20260527T132257466775Z.json\n\n================================================================================\nVERIFICATION TEST SUMMARY\n================================================================================\n  \u2705 vnnlib                    PASSED\n================================================================================\n\n"
}
{
  "benchmark": "cifar100_2024",
  "instance_id": 125,
  "status": "OK",
  "cli_normalized": "OK",
  "wall_s": 176.10018833703361,
  "peak_rss_mb": 20016.1796875,
  "returncode": 0,
  "per_instance_json": "/data1/Kane/ACT/audit_results/step1_t2b_longwall_20260527T130815Z/per_instance_cifar100_2024_20260527T132553936502Z.json",
  "out_dir": "/data1/Kane/ACT/audit_results/step1_t2b_longwall_20260527T130815Z",
  "stdout_tail": ")\nINFO:act.back_end.solver.solver_hz:large_cls_proof_mode ACTIVE: conv=20 out_dim=100 relus=10 (triangle for relu 1..7, eq_lagr_v8 for last 3)\n/data1/Kane/miniconda3/envs/act-py312/lib/python3.12/site-packages/torch/utils/_device.py:103: UserWarning: Sparse CSR tensor support is in beta state. If you miss a functionality in the sparse tensor support, please submit a feature request to https://github.com/pytorch/pytorch/issues. (Triggered internally at /pytorch/aten/src/ATen/SparseCsrTensorImpl.cpp:53.)\n  return func(*args, **kwargs)\n[ACT] Using existing Gurobi license: ../ACT/modules/gurobi/gurobi.lic\n\u2705 Device Manager Initialized: device=cpu, dtype=torch.float64\n\n================================================================================\nACT: Abstract Constraint Transformer\nInference-based whitebox fuzzing for neural network verification\n================================================================================\n\n\n================================================================================\nVERIFICATION TEST: VNNLIB \u2192 VerifiableModel \u2192 verify_once\n================================================================================\n\n[vnnlib] category=cifar100_2024 max_instances=1 mode=hybridz (full TOP1_ROBUST via labeled_tensor collapse; device=cpu, timeout=300.0s)\n  [  1/1] cifar100_2024/onnx/CIFAR100_resnet_large.onnx@vnnlib/CIFAR100_resnet_large_prop_idx_3443_sidx_918_eps_0.0039.vnnlib: UNKNOWN (173.2s)  V=0 A=0 U=1 E=0  R=0\n\n[vnnlib/hybridz] FINAL \u2014 total=1 wall=2.9 min\n  UNKNOWN      1\n  [structured] per-instance log \u2192 /data1/Kane/ACT/audit_results/step1_t2b_longwall_20260527T130815Z/per_instance_cifar100_2024_20260527T132553936502Z.json\n\n================================================================================\nVERIFICATION TEST SUMMARY\n================================================================================\n  \u2705 vnnlib                    PASSED\n================================================================================\n\n"
}
{
  "benchmark": "cifar100_2024",
  "instance_id": 130,
  "status": "OK",
  "cli_normalized": "OK",
  "wall_s": 185.6044094110839,
  "peak_rss_mb": 21356.44140625,
  "returncode": 0,
  "per_instance_json": "/data1/Kane/ACT/audit_results/step1_t2b_longwall_20260527T130815Z/per_instance_cifar100_2024_20260527T132859103365Z.json",
  "out_dir": "/data1/Kane/ACT/audit_results/step1_t2b_longwall_20260527T130815Z",
  "stdout_tail": "\nINFO:act.back_end.solver.solver_hz:large_cls_proof_mode ACTIVE: conv=20 out_dim=100 relus=10 (triangle for relu 1..7, eq_lagr_v8 for last 3)\n/data1/Kane/miniconda3/envs/act-py312/lib/python3.12/site-packages/torch/utils/_device.py:103: UserWarning: Sparse CSR tensor support is in beta state. If you miss a functionality in the sparse tensor support, please submit a feature request to https://github.com/pytorch/pytorch/issues. (Triggered internally at /pytorch/aten/src/ATen/SparseCsrTensorImpl.cpp:53.)\n  return func(*args, **kwargs)\n[ACT] Using existing Gurobi license: ../ACT/modules/gurobi/gurobi.lic\n\u2705 Device Manager Initialized: device=cpu, dtype=torch.float64\n\n================================================================================\nACT: Abstract Constraint Transformer\nInference-based whitebox fuzzing for neural network verification\n================================================================================\n\n\n================================================================================\nVERIFICATION TEST: VNNLIB \u2192 VerifiableModel \u2192 verify_once\n================================================================================\n\n[vnnlib] category=cifar100_2024 max_instances=1 mode=hybridz (full TOP1_ROBUST via labeled_tensor collapse; device=cpu, timeout=300.0s)\n  [  1/1] cifar100_2024/onnx/CIFAR100_resnet_large.onnx@vnnlib/CIFAR100_resnet_large_prop_idx_3703_sidx_3842_eps_0.0039.vnnlib: UNKNOWN (182.3s)  V=0 A=0 U=1 E=0  R=0\n\n[vnnlib/hybridz] FINAL \u2014 total=1 wall=3.0 min\n  UNKNOWN      1\n  [structured] per-instance log \u2192 /data1/Kane/ACT/audit_results/step1_t2b_longwall_20260527T130815Z/per_instance_cifar100_2024_20260527T132859103365Z.json\n\n================================================================================\nVERIFICATION TEST SUMMARY\n================================================================================\n  \u2705 vnnlib                    PASSED\n================================================================================\n\n"
}
{
  "benchmark": "cifar100_2024",
  "instance_id": 135,
  "status": "OK",
  "cli_normalized": "OK",
  "wall_s": 162.09320991602726,
  "peak_rss_mb": 17783.69921875,
  "returncode": 0,
  "per_instance_json": "/data1/Kane/ACT/audit_results/step1_t2b_longwall_20260527T130815Z/per_instance_cifar100_2024_20260527T133141439516Z.json",
  "out_dir": "/data1/Kane/ACT/audit_results/step1_t2b_longwall_20260527T130815Z",
  "stdout_tail": "\nINFO:act.back_end.solver.solver_hz:large_cls_proof_mode ACTIVE: conv=20 out_dim=100 relus=10 (triangle for relu 1..7, eq_lagr_v8 for last 3)\n/data1/Kane/miniconda3/envs/act-py312/lib/python3.12/site-packages/torch/utils/_device.py:103: UserWarning: Sparse CSR tensor support is in beta state. If you miss a functionality in the sparse tensor support, please submit a feature request to https://github.com/pytorch/pytorch/issues. (Triggered internally at /pytorch/aten/src/ATen/SparseCsrTensorImpl.cpp:53.)\n  return func(*args, **kwargs)\n[ACT] Using existing Gurobi license: ../ACT/modules/gurobi/gurobi.lic\n\u2705 Device Manager Initialized: device=cpu, dtype=torch.float64\n\n================================================================================\nACT: Abstract Constraint Transformer\nInference-based whitebox fuzzing for neural network verification\n================================================================================\n\n\n================================================================================\nVERIFICATION TEST: VNNLIB \u2192 VerifiableModel \u2192 verify_once\n================================================================================\n\n[vnnlib] category=cifar100_2024 max_instances=1 mode=hybridz (full TOP1_ROBUST via labeled_tensor collapse; device=cpu, timeout=300.0s)\n  [  1/1] cifar100_2024/onnx/CIFAR100_resnet_large.onnx@vnnlib/CIFAR100_resnet_large_prop_idx_1280_sidx_5310_eps_0.0039.vnnlib: UNKNOWN (159.1s)  V=0 A=0 U=1 E=0  R=0\n\n[vnnlib/hybridz] FINAL \u2014 total=1 wall=2.7 min\n  UNKNOWN      1\n  [structured] per-instance log \u2192 /data1/Kane/ACT/audit_results/step1_t2b_longwall_20260527T130815Z/per_instance_cifar100_2024_20260527T133141439516Z.json\n\n================================================================================\nVERIFICATION TEST SUMMARY\n================================================================================\n  \u2705 vnnlib                    PASSED\n================================================================================\n\n"
}
{
  "benchmark": "cifar100_2024",
  "instance_id": 140,
  "status": "OK",
  "cli_normalized": "OK",
  "wall_s": 172.59269154502545,
  "peak_rss_mb": 19573.33203125,
  "returncode": 0,
  "per_instance_json": "/data1/Kane/ACT/audit_results/step1_t2b_longwall_20260527T130815Z/per_instance_cifar100_2024_20260527T133434039079Z.json",
  "out_dir": "/data1/Kane/ACT/audit_results/step1_t2b_longwall_20260527T130815Z",
  "stdout_tail": "\nINFO:act.back_end.solver.solver_hz:large_cls_proof_mode ACTIVE: conv=20 out_dim=100 relus=10 (triangle for relu 1..7, eq_lagr_v8 for last 3)\n/data1/Kane/miniconda3/envs/act-py312/lib/python3.12/site-packages/torch/utils/_device.py:103: UserWarning: Sparse CSR tensor support is in beta state. If you miss a functionality in the sparse tensor support, please submit a feature request to https://github.com/pytorch/pytorch/issues. (Triggered internally at /pytorch/aten/src/ATen/SparseCsrTensorImpl.cpp:53.)\n  return func(*args, **kwargs)\n[ACT] Using existing Gurobi license: ../ACT/modules/gurobi/gurobi.lic\n\u2705 Device Manager Initialized: device=cpu, dtype=torch.float64\n\n================================================================================\nACT: Abstract Constraint Transformer\nInference-based whitebox fuzzing for neural network verification\n================================================================================\n\n\n================================================================================\nVERIFICATION TEST: VNNLIB \u2192 VerifiableModel \u2192 verify_once\n================================================================================\n\n[vnnlib] category=cifar100_2024 max_instances=1 mode=hybridz (full TOP1_ROBUST via labeled_tensor collapse; device=cpu, timeout=300.0s)\n  [  1/1] cifar100_2024/onnx/CIFAR100_resnet_large.onnx@vnnlib/CIFAR100_resnet_large_prop_idx_8005_sidx_2582_eps_0.0039.vnnlib: UNKNOWN (169.6s)  V=0 A=0 U=1 E=0  R=0\n\n[vnnlib/hybridz] FINAL \u2014 total=1 wall=2.8 min\n  UNKNOWN      1\n  [structured] per-instance log \u2192 /data1/Kane/ACT/audit_results/step1_t2b_longwall_20260527T130815Z/per_instance_cifar100_2024_20260527T133434039079Z.json\n\n================================================================================\nVERIFICATION TEST SUMMARY\n================================================================================\n  \u2705 vnnlib                    PASSED\n================================================================================\n\n"
}
{
  "benchmark": "cifar100_2024",
  "instance_id": 145,
  "status": "OK",
  "cli_normalized": "OK",
  "wall_s": 155.0832054800121,
  "peak_rss_mb": 17125.2734375,
  "returncode": 0,
  "per_instance_json": "/data1/Kane/ACT/audit_results/step1_t2b_longwall_20260527T130815Z/per_instance_cifar100_2024_20260527T133709321393Z.json",
  "out_dir": "/data1/Kane/ACT/audit_results/step1_t2b_longwall_20260527T130815Z",
  "stdout_tail": "\nINFO:act.back_end.solver.solver_hz:large_cls_proof_mode ACTIVE: conv=20 out_dim=100 relus=10 (triangle for relu 1..7, eq_lagr_v8 for last 3)\n/data1/Kane/miniconda3/envs/act-py312/lib/python3.12/site-packages/torch/utils/_device.py:103: UserWarning: Sparse CSR tensor support is in beta state. If you miss a functionality in the sparse tensor support, please submit a feature request to https://github.com/pytorch/pytorch/issues. (Triggered internally at /pytorch/aten/src/ATen/SparseCsrTensorImpl.cpp:53.)\n  return func(*args, **kwargs)\n[ACT] Using existing Gurobi license: ../ACT/modules/gurobi/gurobi.lic\n\u2705 Device Manager Initialized: device=cpu, dtype=torch.float64\n\n================================================================================\nACT: Abstract Constraint Transformer\nInference-based whitebox fuzzing for neural network verification\n================================================================================\n\n\n================================================================================\nVERIFICATION TEST: VNNLIB \u2192 VerifiableModel \u2192 verify_once\n================================================================================\n\n[vnnlib] category=cifar100_2024 max_instances=1 mode=hybridz (full TOP1_ROBUST via labeled_tensor collapse; device=cpu, timeout=300.0s)\n  [  1/1] cifar100_2024/onnx/CIFAR100_resnet_large.onnx@vnnlib/CIFAR100_resnet_large_prop_idx_1309_sidx_8525_eps_0.0039.vnnlib: UNKNOWN (152.3s)  V=0 A=0 U=1 E=0  R=0\n\n[vnnlib/hybridz] FINAL \u2014 total=1 wall=2.5 min\n  UNKNOWN      1\n  [structured] per-instance log \u2192 /data1/Kane/ACT/audit_results/step1_t2b_longwall_20260527T130815Z/per_instance_cifar100_2024_20260527T133709321393Z.json\n\n================================================================================\nVERIFICATION TEST SUMMARY\n================================================================================\n  \u2705 vnnlib                    PASSED\n================================================================================\n\n"
}
{
  "benchmark": "cifar100_2024",
  "instance_id": 150,
  "status": "OK",
  "cli_normalized": "OK",
  "wall_s": 178.69868522603065,
  "peak_rss_mb": 19424.953125,
  "returncode": 0,
  "per_instance_json": "/data1/Kane/ACT/audit_results/step1_t2b_longwall_20260527T130815Z/per_instance_cifar100_2024_20260527T134007205381Z.json",
  "out_dir": "/data1/Kane/ACT/audit_results/step1_t2b_longwall_20260527T130815Z",
  "stdout_tail": "\nINFO:act.back_end.solver.solver_hz:large_cls_proof_mode ACTIVE: conv=20 out_dim=100 relus=10 (triangle for relu 1..7, eq_lagr_v8 for last 3)\n/data1/Kane/miniconda3/envs/act-py312/lib/python3.12/site-packages/torch/utils/_device.py:103: UserWarning: Sparse CSR tensor support is in beta state. If you miss a functionality in the sparse tensor support, please submit a feature request to https://github.com/pytorch/pytorch/issues. (Triggered internally at /pytorch/aten/src/ATen/SparseCsrTensorImpl.cpp:53.)\n  return func(*args, **kwargs)\n[ACT] Using existing Gurobi license: ../ACT/modules/gurobi/gurobi.lic\n\u2705 Device Manager Initialized: device=cpu, dtype=torch.float64\n\n================================================================================\nACT: Abstract Constraint Transformer\nInference-based whitebox fuzzing for neural network verification\n================================================================================\n\n\n================================================================================\nVERIFICATION TEST: VNNLIB \u2192 VerifiableModel \u2192 verify_once\n================================================================================\n\n[vnnlib] category=cifar100_2024 max_instances=1 mode=hybridz (full TOP1_ROBUST via labeled_tensor collapse; device=cpu, timeout=300.0s)\n  [  1/1] cifar100_2024/onnx/CIFAR100_resnet_large.onnx@vnnlib/CIFAR100_resnet_large_prop_idx_8748_sidx_4804_eps_0.0039.vnnlib: UNKNOWN (175.1s)  V=0 A=0 U=1 E=0  R=0\n\n[vnnlib/hybridz] FINAL \u2014 total=1 wall=2.9 min\n  UNKNOWN      1\n  [structured] per-instance log \u2192 /data1/Kane/ACT/audit_results/step1_t2b_longwall_20260527T130815Z/per_instance_cifar100_2024_20260527T134007205381Z.json\n\n================================================================================\nVERIFICATION TEST SUMMARY\n================================================================================\n  \u2705 vnnlib                    PASSED\n================================================================================\n\n"
}
{
  "benchmark": "cifar100_2024",
  "instance_id": 155,
  "status": "OK",
  "cli_normalized": "OK",
  "wall_s": 181.60816670104396,
  "peak_rss_mb": 20953.16015625,
  "returncode": 0,
  "per_instance_json": "/data1/Kane/ACT/audit_results/step1_t2b_longwall_20260527T130815Z/per_instance_cifar100_2024_20260527T134309585472Z.json",
  "out_dir": "/data1/Kane/ACT/audit_results/step1_t2b_longwall_20260527T130815Z",
  "stdout_tail": "\nINFO:act.back_end.solver.solver_hz:large_cls_proof_mode ACTIVE: conv=20 out_dim=100 relus=10 (triangle for relu 1..7, eq_lagr_v8 for last 3)\n/data1/Kane/miniconda3/envs/act-py312/lib/python3.12/site-packages/torch/utils/_device.py:103: UserWarning: Sparse CSR tensor support is in beta state. If you miss a functionality in the sparse tensor support, please submit a feature request to https://github.com/pytorch/pytorch/issues. (Triggered internally at /pytorch/aten/src/ATen/SparseCsrTensorImpl.cpp:53.)\n  return func(*args, **kwargs)\n[ACT] Using existing Gurobi license: ../ACT/modules/gurobi/gurobi.lic\n\u2705 Device Manager Initialized: device=cpu, dtype=torch.float64\n\n================================================================================\nACT: Abstract Constraint Transformer\nInference-based whitebox fuzzing for neural network verification\n================================================================================\n\n\n================================================================================\nVERIFICATION TEST: VNNLIB \u2192 VerifiableModel \u2192 verify_once\n================================================================================\n\n[vnnlib] category=cifar100_2024 max_instances=1 mode=hybridz (full TOP1_ROBUST via labeled_tensor collapse; device=cpu, timeout=300.0s)\n  [  1/1] cifar100_2024/onnx/CIFAR100_resnet_large.onnx@vnnlib/CIFAR100_resnet_large_prop_idx_8332_sidx_4482_eps_0.0039.vnnlib: UNKNOWN (177.8s)  V=0 A=0 U=1 E=0  R=0\n\n[vnnlib/hybridz] FINAL \u2014 total=1 wall=3.0 min\n  UNKNOWN      1\n  [structured] per-instance log \u2192 /data1/Kane/ACT/audit_results/step1_t2b_longwall_20260527T130815Z/per_instance_cifar100_2024_20260527T134309585472Z.json\n\n================================================================================\nVERIFICATION TEST SUMMARY\n================================================================================\n  \u2705 vnnlib                    PASSED\n================================================================================\n\n"
}
{
  "benchmark": "cifar100_2024",
  "instance_id": 160,
  "status": "OK",
  "cli_normalized": "OK",
  "wall_s": 155.59628535900265,
  "peak_rss_mb": 17057.2890625,
  "returncode": 0,
  "per_instance_json": "/data1/Kane/ACT/audit_results/step1_t2b_longwall_20260527T130815Z/per_instance_cifar100_2024_20260527T134544963385Z.json",
  "out_dir": "/data1/Kane/ACT/audit_results/step1_t2b_longwall_20260527T130815Z",
  "stdout_tail": "\nINFO:act.back_end.solver.solver_hz:large_cls_proof_mode ACTIVE: conv=20 out_dim=100 relus=10 (triangle for relu 1..7, eq_lagr_v8 for last 3)\n/data1/Kane/miniconda3/envs/act-py312/lib/python3.12/site-packages/torch/utils/_device.py:103: UserWarning: Sparse CSR tensor support is in beta state. If you miss a functionality in the sparse tensor support, please submit a feature request to https://github.com/pytorch/pytorch/issues. (Triggered internally at /pytorch/aten/src/ATen/SparseCsrTensorImpl.cpp:53.)\n  return func(*args, **kwargs)\n[ACT] Using existing Gurobi license: ../ACT/modules/gurobi/gurobi.lic\n\u2705 Device Manager Initialized: device=cpu, dtype=torch.float64\n\n================================================================================\nACT: Abstract Constraint Transformer\nInference-based whitebox fuzzing for neural network verification\n================================================================================\n\n\n================================================================================\nVERIFICATION TEST: VNNLIB \u2192 VerifiableModel \u2192 verify_once\n================================================================================\n\n[vnnlib] category=cifar100_2024 max_instances=1 mode=hybridz (full TOP1_ROBUST via labeled_tensor collapse; device=cpu, timeout=300.0s)\n  [  1/1] cifar100_2024/onnx/CIFAR100_resnet_large.onnx@vnnlib/CIFAR100_resnet_large_prop_idx_5162_sidx_8126_eps_0.0039.vnnlib: UNKNOWN (152.6s)  V=0 A=0 U=1 E=0  R=0\n\n[vnnlib/hybridz] FINAL \u2014 total=1 wall=2.5 min\n  UNKNOWN      1\n  [structured] per-instance log \u2192 /data1/Kane/ACT/audit_results/step1_t2b_longwall_20260527T130815Z/per_instance_cifar100_2024_20260527T134544963385Z.json\n\n================================================================================\nVERIFICATION TEST SUMMARY\n================================================================================\n  \u2705 vnnlib                    PASSED\n================================================================================\n\n"
}
{
  "benchmark": "cifar100_2024",
  "instance_id": 165,
  "status": "OK",
  "cli_normalized": "OK",
  "wall_s": 226.09945179300848,
  "peak_rss_mb": 19164.62890625,
  "returncode": 0,
  "per_instance_json": "/data1/Kane/ACT/audit_results/step1_t2b_longwall_20260527T130815Z/per_instance_cifar100_2024_20260527T134930981648Z.json",
  "out_dir": "/data1/Kane/ACT/audit_results/step1_t2b_longwall_20260527T130815Z",
  "stdout_tail": "\nINFO:act.back_end.solver.solver_hz:large_cls_proof_mode ACTIVE: conv=20 out_dim=100 relus=10 (triangle for relu 1..7, eq_lagr_v8 for last 3)\n/data1/Kane/miniconda3/envs/act-py312/lib/python3.12/site-packages/torch/utils/_device.py:103: UserWarning: Sparse CSR tensor support is in beta state. If you miss a functionality in the sparse tensor support, please submit a feature request to https://github.com/pytorch/pytorch/issues. (Triggered internally at /pytorch/aten/src/ATen/SparseCsrTensorImpl.cpp:53.)\n  return func(*args, **kwargs)\n[ACT] Using existing Gurobi license: ../ACT/modules/gurobi/gurobi.lic\n\u2705 Device Manager Initialized: device=cpu, dtype=torch.float64\n\n================================================================================\nACT: Abstract Constraint Transformer\nInference-based whitebox fuzzing for neural network verification\n================================================================================\n\n\n================================================================================\nVERIFICATION TEST: VNNLIB \u2192 VerifiableModel \u2192 verify_once\n================================================================================\n\n[vnnlib] category=cifar100_2024 max_instances=1 mode=hybridz (full TOP1_ROBUST via labeled_tensor collapse; device=cpu, timeout=300.0s)\n  [  1/1] cifar100_2024/onnx/CIFAR100_resnet_large.onnx@vnnlib/CIFAR100_resnet_large_prop_idx_5804_sidx_1885_eps_0.0039.vnnlib: UNKNOWN (222.9s)  V=0 A=0 U=1 E=0  R=0\n\n[vnnlib/hybridz] FINAL \u2014 total=1 wall=3.7 min\n  UNKNOWN      1\n  [structured] per-instance log \u2192 /data1/Kane/ACT/audit_results/step1_t2b_longwall_20260527T130815Z/per_instance_cifar100_2024_20260527T134930981648Z.json\n\n================================================================================\nVERIFICATION TEST SUMMARY\n================================================================================\n  \u2705 vnnlib                    PASSED\n================================================================================\n\n"
}
{
  "benchmark": "cifar100_2024",
  "instance_id": 170,
  "status": "OK",
  "cli_normalized": "OK",
  "wall_s": 298.57570906402543,
  "peak_rss_mb": 20392.703125,
  "returncode": 0,
  "per_instance_json": "/data1/Kane/ACT/audit_results/step1_t2b_longwall_20260527T130815Z/per_instance_cifar100_2024_20260527T135429130165Z.json",
  "out_dir": "/data1/Kane/ACT/audit_results/step1_t2b_longwall_20260527T130815Z",
  "stdout_tail": "\nINFO:act.back_end.solver.solver_hz:large_cls_proof_mode ACTIVE: conv=20 out_dim=100 relus=10 (triangle for relu 1..7, eq_lagr_v8 for last 3)\n/data1/Kane/miniconda3/envs/act-py312/lib/python3.12/site-packages/torch/utils/_device.py:103: UserWarning: Sparse CSR tensor support is in beta state. If you miss a functionality in the sparse tensor support, please submit a feature request to https://github.com/pytorch/pytorch/issues. (Triggered internally at /pytorch/aten/src/ATen/SparseCsrTensorImpl.cpp:53.)\n  return func(*args, **kwargs)\n[ACT] Using existing Gurobi license: ../ACT/modules/gurobi/gurobi.lic\n\u2705 Device Manager Initialized: device=cpu, dtype=torch.float64\n\n================================================================================\nACT: Abstract Constraint Transformer\nInference-based whitebox fuzzing for neural network verification\n================================================================================\n\n\n================================================================================\nVERIFICATION TEST: VNNLIB \u2192 VerifiableModel \u2192 verify_once\n================================================================================\n\n[vnnlib] category=cifar100_2024 max_instances=1 mode=hybridz (full TOP1_ROBUST via labeled_tensor collapse; device=cpu, timeout=300.0s)\n  [  1/1] cifar100_2024/onnx/CIFAR100_resnet_large.onnx@vnnlib/CIFAR100_resnet_large_prop_idx_6343_sidx_1886_eps_0.0039.vnnlib: UNKNOWN (294.9s)  V=0 A=0 U=1 E=0  R=0\n\n[vnnlib/hybridz] FINAL \u2014 total=1 wall=4.9 min\n  UNKNOWN      1\n  [structured] per-instance log \u2192 /data1/Kane/ACT/audit_results/step1_t2b_longwall_20260527T130815Z/per_instance_cifar100_2024_20260527T135429130165Z.json\n\n================================================================================\nVERIFICATION TEST SUMMARY\n================================================================================\n  \u2705 vnnlib                    PASSED\n================================================================================\n\n"
}
{
  "benchmark": "cifar100_2024",
  "instance_id": 175,
  "status": "OK",
  "cli_normalized": "OK",
  "wall_s": 241.22731974406634,
  "peak_rss_mb": 21128.23046875,
  "returncode": 0,
  "per_instance_json": "/data1/Kane/ACT/audit_results/step1_t2b_longwall_20260527T130815Z/per_instance_cifar100_2024_20260527T135830224267Z.json",
  "out_dir": "/data1/Kane/ACT/audit_results/step1_t2b_longwall_20260527T130815Z",
  "stdout_tail": "\nINFO:act.back_end.solver.solver_hz:large_cls_proof_mode ACTIVE: conv=20 out_dim=100 relus=10 (triangle for relu 1..7, eq_lagr_v8 for last 3)\n/data1/Kane/miniconda3/envs/act-py312/lib/python3.12/site-packages/torch/utils/_device.py:103: UserWarning: Sparse CSR tensor support is in beta state. If you miss a functionality in the sparse tensor support, please submit a feature request to https://github.com/pytorch/pytorch/issues. (Triggered internally at /pytorch/aten/src/ATen/SparseCsrTensorImpl.cpp:53.)\n  return func(*args, **kwargs)\n[ACT] Using existing Gurobi license: ../ACT/modules/gurobi/gurobi.lic\n\u2705 Device Manager Initialized: device=cpu, dtype=torch.float64\n\n================================================================================\nACT: Abstract Constraint Transformer\nInference-based whitebox fuzzing for neural network verification\n================================================================================\n\n\n================================================================================\nVERIFICATION TEST: VNNLIB \u2192 VerifiableModel \u2192 verify_once\n================================================================================\n\n[vnnlib] category=cifar100_2024 max_instances=1 mode=hybridz (full TOP1_ROBUST via labeled_tensor collapse; device=cpu, timeout=300.0s)\n  [  1/1] cifar100_2024/onnx/CIFAR100_resnet_large.onnx@vnnlib/CIFAR100_resnet_large_prop_idx_8395_sidx_8915_eps_0.0039.vnnlib: UNKNOWN (236.2s)  V=0 A=0 U=1 E=0  R=0\n\n[vnnlib/hybridz] FINAL \u2014 total=1 wall=3.9 min\n  UNKNOWN      1\n  [structured] per-instance log \u2192 /data1/Kane/ACT/audit_results/step1_t2b_longwall_20260527T130815Z/per_instance_cifar100_2024_20260527T135830224267Z.json\n\n================================================================================\nVERIFICATION TEST SUMMARY\n================================================================================\n  \u2705 vnnlib                    PASSED\n================================================================================\n\n"
}