=== CORA STRICT: bench=relusplitter idx=149  timeout=60  start=2026-05-27 00:37:15
=== onnx=onnx/cifar_biasfield_vnncomp2022_cifar_bias_field_24.onnx
=== vnnlib=vnnlib/cifar_biasfield_vnncomp2022_prop_24.vnnlib
prepare_instance(relusplitter,/data1/Kane/data/vnncomp2025_benchmarks/benchmarks/relusplitter/onnx/cifar_biasfield_vnncomp2022_cifar_bias_field_24.onnx,/data1/Kane/data/vnncomp2025_benchmarks/benchmarks/relusplitter/vnnlib/cifar_biasfield_vnncomp2022_prop_24.vnnlib)...
--- Loading network...[Warning: The number of dimensions {1, 16} declared in the ONNX file do not
match the 'InputDataFormats' value "CSS" for the 1 input. The software will use
the derived data format.] 

Unexpected Error! --- Size vector must have at least two elements.
 --- dlarray/reshape [40]
 --- neuralNetwork/convertDLToolboxNetwork/convertDLToolboxNetwork/aux_convertLayer [299]
 --- neuralNetwork/convertDLToolboxNetwork/convertDLToolboxNetwork/aux_convertLayers [139]
 --- neuralNetwork/convertDLToolboxNetwork [46]
 --- neuralNetwork/readONNXNetwork [91]
 --- prepare_instance/aux_readNetworkAndOptions [225]
 --- prepare_instance/prepare_instance [9]
 --- cora_strict_sweep_runner/cora_strict_sweep_runner [167]

run_instance(relusplitter,/data1/Kane/data/vnncomp2025_benchmarks/benchmarks/relusplitter/onnx/cifar_biasfield_vnncomp2022_cifar_bias_field_24.onnx,/data1/Kane/data/vnncomp2025_benchmarks/benchmarks/relusplitter/vnnlib/cifar_biasfield_vnncomp2022_prop_24.vnnlib,/data1/Kane/ACT/audit_results/cora_strict_20260526/relusplitter/0149__cifar_biasfield_vnncomp2022_cifar_bias_field_24__cifar_biasfield_vnncomp2022_prop_24.result,60,0)...
--- Loading MATLAB file...
Unexpected Error! --- Unable to find file or directory "relusplitter_cifar_biasfield_vnncomp2022_cifar_bias_field_24_cifar_biasfield_vnncomp2022_prop_24.mat".
 --- run_instance/run_instance [21]
 --- cora_strict_sweep_runner/cora_strict_sweep_runner [168]

 done
=== CORA STRICT: verdict=unknown wall=3.679s
