[0;93m2026-05-26 16:37:32.704198089 [W:onnxruntime:Default, device_discovery.cc:325 DiscoverDevicesForPlatform] GPU device discovery failed: device_discovery.cc:92 ReadFileContents Failed to open file: "/sys/class/drm/card0/device/vendor"[m
Configurations:

general:
  device: cuda
  seed: 100
  conv_mode: patches
  deterministic: false
  double_fp: false
  loss_reduction_func: sum
  sparse_alpha: true
  sparse_interm: true
  save_adv_example: true
  verify_onnxruntime_output: false
  eval_adv_example: false
  show_adv_example: false
  precompile_jit: true
  prepare_only: false
  complete_verifier: bab
  enable_incomplete_verification: true
  csv_name: instances.csv
  results_file: /data1/Kane/ACT/audit_results/abcrown_nopgd_20260525/cifar100_2024/0045__CIFAR100_resnet_medium__CIFAR100_resnet_medium_prop_idx_4597_sidx_282_eps_0.0039.result
  root_path: ../../vnncomp2024_benchmarks/benchmarks/cifar100
  deterministic_opt: false
  graph_optimizer: 'Customized("custom_graph_optimizer", "default_optimizer")'
  buffer_has_batchdim: false
  save_output: false
  output_file: out.pkl
  return_optimized_model: false
model:
  name: null
  path: null
  onnx_path: /data1/Kane/data/vnncomp2025_benchmarks/benchmarks/cifar100_2024/onnx/CIFAR100_resnet_medium.onnx
  onnx_path_prefix: ''
  cache_onnx_conversion: false
  debug_onnx: false
  onnx_quirks: null
  input_shape: null
  onnx_loader: default_onnx_and_vnnlib_loader
  onnx_optimization_flags: [merge_bn]
  onnx_vnnlib_joint_optimization_flags: none
  check_optimized: false
  flatten_final_output: false
  optimize_graph: null
  with_jacobian: false
data:
  start: 0
  end: 10000
  select_instance: null
  num_outputs: 10
  mean: 0.0
  std: 1.0
  pkl_path: null
  dataset: null
  data_filter_path: null
  data_idx_file: null
specification:
  type: lp
  robustness_type: verified-acc
  norm: .inf
  epsilon: null
  epsilon_min: 0.0
  vnnlib_path: /data1/Kane/data/vnncomp2025_benchmarks/benchmarks/cifar100_2024/vnnlib/CIFAR100_resnet_medium_prop_idx_4597_sidx_282_eps_0.0039.vnnlib
  vnnlib_path_prefix: ''
  rhs_offset: null
solver:
  batch_size: 256
  auto_enlarge_batch_size: true
  min_batch_size_ratio: 0.1
  use_float64_in_last_iteration: false
  early_stop_patience: 10
  start_save_best: 0.5
  bound_prop_method: alpha-crown
  init_bound_prop_method: same
  prune_after_crown: true
  optimize_disjuncts_separately: false
  crown:
    batch_size: 1000000000
    max_crown_size: 1000000000
    activation_bound_option: adaptive
    compare_crown_with_ibp: false
  alpha-crown:
    alpha: true
    lr_alpha: 0.25
    iteration: 20
    share_alphas: false
    lr_decay: 0.98
    full_conv_alpha: false
    max_coeff_mul: .inf
    matmul_share_alphas: false
    disable_optimization: []
    max_time: 1.0
  invprop:
    apply_output_constraints_to: []
    tighten_input_bounds: false
    best_of_oc_and_no_oc: false
    directly_optimize: []
    oc_lr: 0.1
    share_gammas: false
  beta-crown:
    lr_alpha: 0.1
    lr_beta: 0.2
    lr_decay: 0.98
    optimizer: adam
    iteration: 10
    beta: true
    beta_warmup: true
    enable_opt_interm_bounds: false
    all_node_split_LP: false
  forward:
    refine: false
    max_dim: 10000
    reset_threshold: 1.0
  multi_class:
    label_batch_size: 32
    skip_with_refined_bound: true
  mip:
    unstable_neuron_threshold: 0
    parallel_solvers: null
    solver_threads: 1
    refine_neuron_timeout: 15
    refine_neuron_time_percentage: 0.8
    early_stop: true
    adv_warmup: true
    mip_solver: gurobi
    skip_unsafe: false
    topk_filter: 1.0
    sliding_window: -1
    extra_constraint: false
    refine_neuron_timeout_increasement: 0
    timeout_neuron_percentage: 0.3
    remaining_timeout_threshold: 1
    remove_unstable_neurons: false
    lp_solver: false
bab:
  initial_max_domains: 100
  backing_up_max_domain: null
  max_domains: .inf
  decision_thresh: 0
  timeout: 100.0
  timeout_scale: 1
  max_iterations: -1
  override_timeout: null
  get_upper_bound: false
  pruning_in_iteration: true
  pruning_in_iteration_ratio: 0.2
  sort_targets: false
  batched_domain_list: true
  optimized_interm: ''
  interm_transfer: false
  recompute_interm: false
  sort_domain_interval: -1
  vanilla_crown: false
  tree_traversal: depth_first
  cut:
    enabled: false
    cuts_path: /tmp/abcrown_cuts
    implication: false
    bab_cut: false
    lp_cut: false
    method: null
    lr: 0.01
    lr_decay: 1.0
    iteration: 100
    bab_iteration: -1
    early_stop_patience: -1
    lr_beta: 0.02
    number_cuts: 50
    topk_cuts_in_filter: 1000
    batch_size_primal: 100
    max_num: 1000000000
    patches_cut: false
    cplex_cuts: false
    cplex_cuts_wait: 0
    cplex_cuts_revpickup: true
    cut_reference_bounds: true
    fix_intermediate_bounds: false
    biccos:
      enabled: false
      constraint_strengthening: true
      recursively_strengthening: false
      drop_ratio: 0.5
      verified_bonus: 0.3
      max_infer_iter: 20
      heuristic: neuron_influence_score
      save_biccos_cuts: false
      multi_tree_branching:
        enabled: false
        restore_best_tree: false
        keep_n_best_domains: 1
        k_splits: 1
        iterations: 1
  branching:
    method: kfsb
    candidates: 7
    reduceop: max
    enable_intermediate_bound_opt: false
    branching_input_and_activation: false
    branching_input_and_activation_order: [input, relu]
    branching_input_iterations: 30
    branching_relu_iterations: 50
    nonlinear_split:
      method: bbps
      disable: false
      branching_point_method: uniform
      num_branches: 2
      filter: false
      filter_beta: false
      filter_clamp: false
      filter_batch_size: 10000
      filter_iterations: 25
      relu_only: false
      loose_tanh_threshold: null
      branching_point:
        db_path: branching_points.pt
        num_iterations: 1000
        batch_size: 1000000
        range_l: -5.0
        range_u: 5.0
        log_interval: 100
        step_size_1d: 0.01
        step_size: 0.2
    input_split:
      enable_clip_domains: false
      split_hint: null
      reorder_bab: false
      enable: false
      enhanced_bound_prop_method: alpha-crown
      enhanced_branching_method: naive
      enhanced_bound_patience: 100000000.0
      attack_patience: 100000000.0
      adv_check: 0
      split_partitions: 2
      sb_margin_weight: 1.0
      sb_sum: false
      sb_primary_spec: null
      bf_backup_thresh: -1
      bf_rhs_offset: 0
      bf_iters: 1000000000.0
      bf_batch_size: 100000
      bf_zero_crossing_score: false
      touch_zero_score: 0
      ibp_enhancement: false
      compare_with_old_bounds: false
      update_rhs_with_attack: false
      sb_coeff_thresh: 0.001
      sort_index: null
      sort_descending: true
      show_progress: false
      presplit_domains: null
      skip_getting_worst_domain: false
  attack:
    enabled: false
    beam_candidates: 8
    beam_depth: 7
    max_dive_fix_ratio: 0.8
    min_local_free_ratio: 0.2
    mip_start_iteration: 5
    mip_timeout: 30.0
    adv_pool_threshold: null
    refined_mip_attacker: false
    refined_batch_size: null
attack:
  pgd_order: skip
  pgd_steps: 100
  pgd_restarts: 10
  pgd_batch_size: 100000000
  pgd_early_stop: true
  pgd_lr_decay: 0.99
  pgd_alpha: auto
  pgd_alpha_scale: false
  pgd_loss_mode: null
  pgd_restart_when_stuck: false
  enable_mip_attack: false
  adv_saver: default_adv_saver
  adv_verifier: default_adv_verifier
  early_stop_condition: default_early_stop_condition
  adv_example_finalizer: default_adv_example_finalizer
  pgd_loss: default_pgd_loss
  cex_path: ./test_cex.txt
  attack_mode: PGD
  attack_tolerance: 0.0
  attack_func: attack_with_general_specs
  gama_lambda: 10.0
  gama_decay: 0.9
  check_clean: false
  input_split:
    pgd_steps: 100
    pgd_restarts: 30
    pgd_alpha: auto
  input_split_enhanced:
    pgd_steps: 200
    pgd_restarts: 500000
    pgd_alpha: auto
  input_split_check_adv:
    enabled: auto
    pgd_steps: 5
    pgd_restarts: 5
    pgd_alpha: auto
    max_num_domains: 10
debug:
  view_model: false
  lp_test: null
  rescale_vnnlib_ptb: null
  test_optimized_bounds: false
  test_optimized_bounds_after_n_iterations: 0
  print_verbose_decisions: false
  sanity_check: null
  save_minimal_config: null
  save_minimal_config_omit_keys: []

Experiments at Tue May 26 16:37:33 2026 on dell-pro-max-tower-t2
Pre-compile jit kernels on a toy network...
JIT kernels compiled in 1.2914s./data1/Kane/miniconda3/envs/GenBaB/lib/python3.11/site-packages/onnx2pytorch/convert/model.py:151: UserWarning: Using experimental implementation that allows 'batch_size > 1'.Batchnorm layers could potentially produce false outputs.
  warnings.warn(
/data1/Kane/miniconda3/envs/GenBaB/lib/python3.11/site-packages/onnx2pytorch/utils.py:21: TracerWarning: Converting a tensor to a Python boolean might cause the trace to be incorrect. We can't record the data flow of Python values, so this value will be treated as a constant in the future. This means that the trace might not generalize to other inputs!
  return value.ndim == 0 or value.shape == torch.Size([1])
/data1/Kane/miniconda3/envs/GenBaB/lib/python3.11/site-packages/onnx2pytorch/operations/add.py:34: TracerWarning: Converting a tensor to a Python boolean might cause the trace to be incorrect. We can't record the data flow of Python values, so this value will be treated as a constant in the future. This means that the trace might not generalize to other inputs!
  elif all(x == 1 for x in input[0].shape):

Internal results will be saved to /data1/Kane/ACT/audit_results/abcrown_nopgd_20260525/cifar100_2024/0045__CIFAR100_resnet_medium__CIFAR100_resnet_medium_prop_idx_4597_sidx_282_eps_0.0039.result.

 %%%%%%%%%%%%%%%%%%%%%%%%%%%%%%%%%%% idx: 0, vnnlib ID: 0 %%%%%%%%%%%%%%%%%%%%%%%%%%%%%%%%%%%
Using onnx /data1/Kane/data/vnncomp2025_benchmarks/benchmarks/cifar100_2024/onnx/CIFAR100_resnet_medium.onnx
Using vnnlib /data1/Kane/data/vnncomp2025_benchmarks/benchmarks/cifar100_2024/vnnlib/CIFAR100_resnet_medium_prop_idx_4597_sidx_282_eps_0.0039.vnnlib
3072 inputs and 100 outputs in vnnlib
Loading onnx /data1/Kane/data/vnncomp2025_benchmarks/benchmarks/cifar100_2024/onnx/CIFAR100_resnet_medium.onnx with quirks {}
Onnx optimization with flags: ['merge_bn']
Found existed optimized onnx model at /data1/Kane/data/vnncomp2025_benchmarks/benchmarks/cifar100_2024/onnx/CIFAR100_resnet_medium.onnx.optimized
Finished onnx model loading in 0.0697 seconds
Model: BoundedModule(
  (/input-1): BoundInput(name=/input-1, inputs=[], perturbed=True)
  (/43): BoundParams(name=/43, inputs=[], perturbed=False)
  (/44): BoundParams(name=/44, inputs=[], perturbed=False)
  (/45): BoundParams(name=/45, inputs=[], perturbed=False)
  (/46): BoundParams(name=/46, inputs=[], perturbed=False)
  (/47): BoundParams(name=/47, inputs=[], perturbed=False)
  (/48): BoundParams(name=/48, inputs=[], perturbed=False)
  (/49): BoundParams(name=/49, inputs=[], perturbed=False)
  (/50): BoundParams(name=/50, inputs=[], perturbed=False)
  (/51): BoundParams(name=/51, inputs=[], perturbed=False)
  (/52): BoundParams(name=/52, inputs=[], perturbed=False)
  (/53): BoundParams(name=/53, inputs=[], perturbed=False)
  (/54): BoundParams(name=/54, inputs=[], perturbed=False)
  (/55): BoundParams(name=/55, inputs=[], perturbed=False)
  (/56): BoundParams(name=/56, inputs=[], perturbed=False)
  (/57): BoundParams(name=/57, inputs=[], perturbed=False)
  (/58): BoundParams(name=/58, inputs=[], perturbed=False)
  (/59): BoundParams(name=/59, inputs=[], perturbed=False)
  (/60): BoundParams(name=/60, inputs=[], perturbed=False)
  (/61): BoundParams(name=/61, inputs=[], perturbed=False)
  (/62): BoundParams(name=/62, inputs=[], perturbed=False)
  (/63): BoundParams(name=/63, inputs=[], perturbed=False)
  (/64): BoundParams(name=/64, inputs=[], perturbed=False)
  (/65): BoundParams(name=/65, inputs=[], perturbed=False)
  (/66): BoundParams(name=/66, inputs=[], perturbed=False)
  (/67): BoundParams(name=/67, inputs=[], perturbed=False)
  (/68): BoundParams(name=/68, inputs=[], perturbed=False)
  (/69): BoundParams(name=/69, inputs=[], perturbed=False)
  (/70): BoundParams(name=/70, inputs=[], perturbed=False)
  (/71): BoundParams(name=/71, inputs=[], perturbed=False)
  (/72): BoundParams(name=/72, inputs=[], perturbed=False)
  (/73): BoundParams(name=/73, inputs=[], perturbed=False)
  (/74): BoundParams(name=/74, inputs=[], perturbed=False)
  (/75): BoundParams(name=/75, inputs=[], perturbed=False)
  (/76): BoundParams(name=/76, inputs=[], perturbed=False)
  (/77): BoundParams(name=/77, inputs=[], perturbed=False)
  (/78): BoundParams(name=/78, inputs=[], perturbed=False)
  (/79): BoundParams(name=/79, inputs=[], perturbed=False)
  (/80): BoundParams(name=/80, inputs=[], perturbed=False)
  (/81): BoundParams(name=/81, inputs=[], perturbed=False)
  (/82): BoundParams(name=/82, inputs=[], perturbed=False)
  (/83): BoundParams(name=/83, inputs=[], perturbed=False)
  (/84): BoundParams(name=/84, inputs=[], perturbed=False)
  (/input): BoundConv(name=/input, inputs=[/input-1, /43, /44], perturbed=True)
  (/input-4): BoundRelu(name=/input-4, inputs=[/input], perturbed=True)
  (/input-8): BoundConv(name=/input-8, inputs=[/input-4, /45, /46], perturbed=True)
  (/input-12): BoundRelu(name=/input-12, inputs=[/input-8], perturbed=True)
  (/89): BoundConv(name=/89, inputs=[/input-12, /47, /48], perturbed=True)
  (/90): BoundConv(name=/90, inputs=[/input-4, /49, /50], perturbed=True)
  (/91): BoundAdd(name=/91, inputs=[/89, /90], perturbed=True)
  (/input-16): BoundConv(name=/input-16, inputs=[/91, /51, /52], perturbed=True)
  (/input-20): BoundRelu(name=/input-20, inputs=[/input-16], perturbed=True)
  (/94): BoundConv(name=/94, inputs=[/input-20, /53, /54], perturbed=True)
  (/95): BoundAdd(name=/95, inputs=[/94, /91], perturbed=True)
  (/input-24): BoundConv(name=/input-24, inputs=[/95, /55, /56], perturbed=True)
  (/input-28): BoundRelu(name=/input-28, inputs=[/input-24], perturbed=True)
  (/98): BoundConv(name=/98, inputs=[/input-28, /57, /58], perturbed=True)
  (/99): BoundAdd(name=/99, inputs=[/98, /95], perturbed=True)
  (/input-32): BoundConv(name=/input-32, inputs=[/99, /59, /60], perturbed=True)
  (/input-36): BoundRelu(name=/input-36, inputs=[/input-32], perturbed=True)
  (/102): BoundConv(name=/102, inputs=[/input-36, /61, /62], perturbed=True)
  (/103): BoundAdd(name=/103, inputs=[/102, /99], perturbed=True)
  (/input-40): BoundConv(name=/input-40, inputs=[/103, /63, /64], perturbed=True)
  (/input-44): BoundRelu(name=/input-44, inputs=[/input-40], perturbed=True)
  (/106): BoundConv(name=/106, inputs=[/input-44, /65, /66], perturbed=True)
  (/107): BoundConv(name=/107, inputs=[/103, /67, /68], perturbed=True)
  (/108): BoundAdd(name=/108, inputs=[/106, /107], perturbed=True)
  (/input-48): BoundConv(name=/input-48, inputs=[/108, /69, /70], perturbed=True)
  (/input-52): BoundRelu(name=/input-52, inputs=[/input-48], perturbed=True)
  (/111): BoundConv(name=/111, inputs=[/input-52, /71, /72], perturbed=True)
  (/112): BoundAdd(name=/112, inputs=[/111, /108], perturbed=True)
  (/input-56): BoundConv(name=/input-56, inputs=[/112, /73, /74], perturbed=True)
  (/input-60): BoundRelu(name=/input-60, inputs=[/input-56], perturbed=True)
  (/115): BoundConv(name=/115, inputs=[/input-60, /75, /76], perturbed=True)
  (/116): BoundAdd(name=/116, inputs=[/115, /112], perturbed=True)
  (/input-64): BoundConv(name=/input-64, inputs=[/116, /77, /78], perturbed=True)
  (/input-68): BoundRelu(name=/input-68, inputs=[/input-64], perturbed=True)
  (/119): BoundConv(name=/119, inputs=[/input-68, /79, /80], perturbed=True)
  (/120): BoundAdd(name=/120, inputs=[/119, /116], perturbed=True)
  (/121): BoundFlatten(name=/121, inputs=[/120], perturbed=True)
  (/input-72): BoundLinear(name=/input-72, inputs=[/121, /81, /82], perturbed=True)
  (/123): BoundRelu(name=/123, inputs=[/input-72], perturbed=True)
  (/124): BoundLinear(name=/124, inputs=[/123, /83, /84], perturbed=True)
)
Original output: tensor([[-10.87199593,  -7.16830206, -10.01857758,  -6.84869957,  -5.60725832,
         -10.57916451,  -9.73166561,  -8.31361008,  -8.60934830,  -8.55127811,
          -8.36279678,  -9.52514553,  -6.85620594,  -9.40731525, -12.14489079,
          -9.09358788,  -9.76721096,  -9.01696301,  -6.92486906, -10.37510300,
         -12.42532825, -10.61317158,  -9.05130005,  -7.48056173,  -8.69215012,
         -10.28787518,  -7.33272362,  -4.15300179, -11.78828907,  -9.05374336,
           0.84454453, -10.37877178,  -5.98012304,  -6.37378597, -12.25620747,
         -11.00463295, -12.11664391,  -9.89283371,  -7.83112764,  -5.00452518,
          -8.60065269,  -7.91062689, -10.17990303, -12.52369976,  -6.99102831,
          -4.34267426, -10.21026707,  -8.94190025, -10.21343136,  -8.20056438,
          -7.57068682, -13.87031269,  -9.69161224, -12.36302280,  -7.14457464,
          -3.97535944,  -7.15963459,  -9.28196526,  -7.82320499,  -6.72706366,
          -6.94394588, -11.32092381, -11.32280540,  -9.94063950,  -7.95249605,
         -10.02521324,  -9.38297176,  -2.94133878, -11.30059147,  -7.00414896,
         -10.80080318,  -5.04865694,  -1.40356493,   0.09479168,  -7.14926434,
          -9.18567944,  -6.67425966,  -8.61859417,  -9.09306812,  -6.59387159,
         -10.65897846,  -9.23797607, -10.12354374,  -9.00323963, -10.54396629,
          -6.97155237, -10.92958069, -11.26088142, -11.59057522, -10.56859779,
          -8.11833858,  -5.90263128,  -9.63914013,  -1.72476053, -13.15282822,
          -0.53686249,  -9.68500137, -10.42292786, -10.42900372,  -5.69343805]],
       device='cuda:0')
Split layers:
Nonlinear functions:
   BoundRelu(name=/input-4, inputs=[/input], perturbed=True)
   BoundRelu(name=/input-12, inputs=[/input-8], perturbed=True)
   BoundRelu(name=/input-20, inputs=[/input-16], perturbed=True)
   BoundRelu(name=/input-28, inputs=[/input-24], perturbed=True)
   BoundRelu(name=/input-36, inputs=[/input-32], perturbed=True)
   BoundRelu(name=/input-44, inputs=[/input-40], perturbed=True)
   BoundRelu(name=/input-52, inputs=[/input-48], perturbed=True)
   BoundRelu(name=/input-60, inputs=[/input-56], perturbed=True)
   BoundRelu(name=/input-68, inputs=[/input-64], perturbed=True)
   BoundRelu(name=/123, inputs=[/input-72], perturbed=True)
layer /input-4 using sparse-features alpha with shape [523]; unstable size 523; total size 14400 ([1, 64, 15, 15])
layer /input-4 start_node /input-8 using sparse-spec alpha [2, 79, 1, 523] with unstable size 78 total_size 128 output_shape 128
layer /input-4 start_node /input-16 using sparse-spec alpha [2, 26, 1, 523] with unstable size 25 total_size 128 output_shape 128
layer /input-4 start_node /input-24 using sparse-spec alpha [2, 39, 1, 523] with unstable size 38 total_size 8192 output_shape torch.Size([128, 8, 8])
layer /input-4 start_node /input-40 using sparse-spec alpha [2, 48, 1, 523] with unstable size 47 total_size 2048 output_shape torch.Size([128, 4, 4])
layer /input-4 start_node /input-72 using sparse-spec alpha [2, 19, 1, 523] with unstable size 18 total_size 100 output_shape torch.Size([100])
layer /input-4 start_node /124 using full alpha [2, 99, 1, 523] with unstable size None total_size 99 output_shape 99
layer /input-12 using sparse-features alpha with shape [221]; unstable size 221; total size 8192 ([1, 128, 8, 8])
layer /input-12 start_node /input-16 using sparse-spec alpha [2, 26, 1, 221] with unstable size 25 total_size 128 output_shape 128
layer /input-12 start_node /input-24 using sparse-spec alpha [2, 39, 1, 221] with unstable size 38 total_size 8192 output_shape torch.Size([128, 8, 8])
layer /input-12 start_node /input-40 using sparse-spec alpha [2, 48, 1, 221] with unstable size 47 total_size 2048 output_shape torch.Size([128, 4, 4])
layer /input-12 start_node /input-72 using sparse-spec alpha [2, 19, 1, 221] with unstable size 18 total_size 100 output_shape torch.Size([100])
layer /input-12 start_node /124 using full alpha [2, 99, 1, 221] with unstable size None total_size 99 output_shape 99
layer /input-20 using sparse-features alpha with shape [112]; unstable size 112; total size 8192 ([1, 128, 8, 8])
layer /input-20 start_node /input-24 using sparse-spec alpha [2, 8, 1, 112] with unstable size 7 total_size 128 output_shape 128
layer /input-20 start_node /input-40 using sparse-spec alpha [2, 48, 1, 112] with unstable size 47 total_size 2048 output_shape torch.Size([128, 4, 4])
layer /input-20 start_node /input-72 using sparse-spec alpha [2, 19, 1, 112] with unstable size 18 total_size 100 output_shape torch.Size([100])
layer /input-20 start_node /124 using full alpha [2, 99, 1, 112] with unstable size None total_size 99 output_shape 99
layer /input-28 using sparse-features alpha with shape [38]; unstable size 38; total size 8192 ([1, 128, 8, 8])
layer /input-28 start_node /input-40 using sparse-spec alpha [2, 48, 1, 38] with unstable size 47 total_size 2048 output_shape torch.Size([128, 4, 4])
layer /input-28 start_node /input-72 using sparse-spec alpha [2, 19, 1, 38] with unstable size 18 total_size 100 output_shape torch.Size([100])
layer /input-28 start_node /124 using full alpha [2, 99, 1, 38] with unstable size None total_size 99 output_shape 99
layer /input-36 using sparse-features alpha with shape [0]; unstable size 0; total size 8192 ([1, 128, 8, 8])
layer /input-36 start_node /input-40 using sparse-spec alpha [2, 28, 1, 0] with unstable size 27 total_size 128 output_shape 128
layer /input-36 start_node /input-72 using sparse-spec alpha [2, 19, 1, 0] with unstable size 18 total_size 100 output_shape torch.Size([100])
layer /input-36 start_node /124 using full alpha [2, 99, 1, 0] with unstable size None total_size 99 output_shape 99
layer /input-44 using sparse-features alpha with shape [47]; unstable size 47; total size 2048 ([1, 128, 4, 4])
layer /input-44 start_node /input-72 using sparse-spec alpha [2, 19, 1, 47] with unstable size 18 total_size 100 output_shape torch.Size([100])
layer /input-44 start_node /124 using full alpha [2, 99, 1, 47] with unstable size None total_size 99 output_shape 99
layer /input-52 using sparse-features alpha with shape [0]; unstable size 0; total size 2048 ([1, 128, 4, 4])
layer /input-52 start_node /input-72 using sparse-spec alpha [2, 19, 1, 0] with unstable size 18 total_size 100 output_shape torch.Size([100])
layer /input-52 start_node /124 using full alpha [2, 99, 1, 0] with unstable size None total_size 99 output_shape 99
layer /input-60 using sparse-features alpha with shape [0]; unstable size 0; total size 2048 ([1, 128, 4, 4])
layer /input-60 start_node /input-72 using sparse-spec alpha [2, 19, 1, 0] with unstable size 18 total_size 100 output_shape torch.Size([100])
layer /input-60 start_node /124 using full alpha [2, 99, 1, 0] with unstable size None total_size 99 output_shape 99
layer /input-68 using sparse-features alpha with shape [0]; unstable size 0; total size 2048 ([1, 128, 4, 4])
layer /input-68 start_node /input-72 using sparse-spec alpha [2, 19, 1, 0] with unstable size 18 total_size 100 output_shape torch.Size([100])
layer /input-68 start_node /124 using full alpha [2, 99, 1, 0] with unstable size None total_size 99 output_shape 99
layer /123 using sparse-features alpha with shape [18]; unstable size 18; total size 100 ([1, 100])
layer /123 start_node /124 using full alpha [2, 99, 1, 18] with unstable size None total_size 99 output_shape 99
Optimizable variables initialized.
initial CROWN bounds: tensor([[ 9.62291145,  6.31790113,  9.28467560,  6.50558949,  5.06174564,
          9.56149483,  8.96798706,  7.53627777,  7.38354588,  7.32169151,
          7.14969826,  8.74405670,  5.86771488,  8.36658001, 11.18002510,
          8.45346451,  8.47598839,  7.89516830,  6.24708605,  9.63244629,
         11.15640354,  9.64752293,  7.67997074,  6.59782934,  7.94459248,
          9.32334423,  6.58095455,  3.98016644, 10.42476368,  8.53351116,
          9.65483093,  4.90553379,  5.25661469, 11.82228470, 10.10850716,
         11.13724899,  8.81306648,  7.45427608,  3.83891058,  7.62953568,
          6.88003492,  9.47219086, 11.85611534,  6.43941689,  3.58474350,
          9.44804764,  7.66170263,  9.08677197,  7.32619095,  6.86003494,
         12.78665447,  8.50177574, 11.15887737,  6.53960371,  3.73289132,
          6.29990673,  8.30334091,  6.80278111,  5.60127926,  5.93782568,
          9.90707207, 10.06277084,  8.95778751,  7.09091663,  9.33720970,
          8.48262405,  2.05948663, 10.24618721,  6.26316214,  9.70441437,
          4.27937555,  1.28319931, -0.34285951,  6.68309927,  8.39898300,
          5.59639359,  7.83105135,  8.16743279,  5.91809893, 10.03083801,
          7.95478344,  8.89436340,  7.78382587,  9.50942898,  6.00806475,
          9.57131958, 10.02988911, 11.16170406,  9.52661419,  7.18819714,
          5.36899757,  8.60863876,  1.03927326, 11.66736984,  0.51800489,
          8.27848244, 10.00526714,  9.67185879,  4.61311054]], device='cuda:0') None
prune_after_crown optimization in use: original label size = 99 pruned label size = 1
best_l after optimization: -0.2514232397079468
alpha/beta optimization time: 1.960118293762207
initial alpha-crown bounds: tensor([[        inf,         inf,         inf,         inf,         inf,
                 inf,         inf,         inf,         inf,         inf,
                 inf,         inf,         inf,         inf,         inf,
                 inf,         inf,         inf,         inf,         inf,
                 inf,         inf,         inf,         inf,         inf,
                 inf,         inf,         inf,         inf,         inf,
                 inf,         inf,         inf,         inf,         inf,
                 inf,         inf,         inf,         inf,         inf,
                 inf,         inf,         inf,         inf,         inf,
                 inf,         inf,         inf,         inf,         inf,
                 inf,         inf,         inf,         inf,         inf,
                 inf,         inf,         inf,         inf,         inf,
                 inf,         inf,         inf,         inf,         inf,
                 inf,         inf,         inf,         inf,         inf,
                 inf,         inf, -0.25142324,         inf,         inf,
                 inf,         inf,         inf,         inf,         inf,
                 inf,         inf,         inf,         inf,         inf,
                 inf,         inf,         inf,         inf,         inf,
                 inf,         inf,         inf,         inf,         inf,
                 inf,         inf,         inf,         inf]], device='cuda:0')
Number of class (without rhs): 1 ; Worst class: (+ rhs) -0.2514232397079468
Total VNNLIB file length: 99, max property batch size: 100, total number of batches: 1
lA shape: [torch.Size([99, 1, 64, 15, 15]), torch.Size([99, 1, 128, 8, 8]), torch.Size([99, 1, 128, 8, 8]), torch.Size([99, 1, 128, 8, 8]), torch.Size([99, 1, 128, 8, 8]), torch.Size([99, 1, 128, 4, 4]), torch.Size([99, 1, 128, 4, 4]), torch.Size([99, 1, 128, 4, 4]), torch.Size([99, 1, 128, 4, 4]), torch.Size([99, 1, 100])]

Properties batch 0, size 99
Remaining timeout: 96.56246566772461
Verifying property 0 with 99 instances.
##### Instance 0 first 10 spec matrices: 
tensor([[[-1.,  0.,  0.,  0.,  0.,  0.,  0.,  0.,  0.,  0.,  0.,  0.,  0.,  0.,
           0.,  0.,  0.,  0.,  0.,  0.,  0.,  0.,  0.,  0.,  0.,  0.,  0.,  0.,
           0.,  0.,  1.,  0.,  0.,  0.,  0.,  0.,  0.,  0.,  0.,  0.,  0.,  0.,
           0.,  0.,  0.,  0.,  0.,  0.,  0.,  0.,  0.,  0.,  0.,  0.,  0.,  0.,
           0.,  0.,  0.,  0.,  0.,  0.,  0.,  0.,  0.,  0.,  0.,  0.,  0.,  0.,
           0.,  0.,  0.,  0.,  0.,  0.,  0.,  0.,  0.,  0.,  0.,  0.,  0.,  0.,
           0.,  0.,  0.,  0.,  0.,  0.,  0.,  0.,  0.,  0.,  0.,  0.,  0.,  0.,
           0.,  0.]],

        [[ 0., -1.,  0.,  0.,  0.,  0.,  0.,  0.,  0.,  0.,  0.,  0.,  0.,  0.,
           0.,  0.,  0.,  0.,  0.,  0.,  0.,  0.,  0.,  0.,  0.,  0.,  0.,  0.,
           0.,  0.,  1.,  0.,  0.,  0.,  0.,  0.,  0.,  0.,  0.,  0.,  0.,  0.,
           0.,  0.,  0.,  0.,  0.,  0.,  0.,  0.,  0.,  0.,  0.,  0.,  0.,  0.,
           0.,  0.,  0.,  0.,  0.,  0.,  0.,  0.,  0.,  0.,  0.,  0.,  0.,  0.,
           0.,  0.,  0.,  0.,  0.,  0.,  0.,  0.,  0.,  0.,  0.,  0.,  0.,  0.,
           0.,  0.,  0.,  0.,  0.,  0.,  0.,  0.,  0.,  0.,  0.,  0.,  0.,  0.,
           0.,  0.]],

        [[ 0.,  0., -1.,  0.,  0.,  0.,  0.,  0.,  0.,  0.,  0.,  0.,  0.,  0.,
           0.,  0.,  0.,  0.,  0.,  0.,  0.,  0.,  0.,  0.,  0.,  0.,  0.,  0.,
           0.,  0.,  1.,  0.,  0.,  0.,  0.,  0.,  0.,  0.,  0.,  0.,  0.,  0.,
           0.,  0.,  0.,  0.,  0.,  0.,  0.,  0.,  0.,  0.,  0.,  0.,  0.,  0.,
           0.,  0.,  0.,  0.,  0.,  0.,  0.,  0.,  0.,  0.,  0.,  0.,  0.,  0.,
           0.,  0.,  0.,  0.,  0.,  0.,  0.,  0.,  0.,  0.,  0.,  0.,  0.,  0.,
           0.,  0.,  0.,  0.,  0.,  0.,  0.,  0.,  0.,  0.,  0.,  0.,  0.,  0.,
           0.,  0.]],

        [[ 0.,  0.,  0., -1.,  0.,  0.,  0.,  0.,  0.,  0.,  0.,  0.,  0.,  0.,
           0.,  0.,  0.,  0.,  0.,  0.,  0.,  0.,  0.,  0.,  0.,  0.,  0.,  0.,
           0.,  0.,  1.,  0.,  0.,  0.,  0.,  0.,  0.,  0.,  0.,  0.,  0.,  0.,
           0.,  0.,  0.,  0.,  0.,  0.,  0.,  0.,  0.,  0.,  0.,  0.,  0.,  0.,
           0.,  0.,  0.,  0.,  0.,  0.,  0.,  0.,  0.,  0.,  0.,  0.,  0.,  0.,
           0.,  0.,  0.,  0.,  0.,  0.,  0.,  0.,  0.,  0.,  0.,  0.,  0.,  0.,
           0.,  0.,  0.,  0.,  0.,  0.,  0.,  0.,  0.,  0.,  0.,  0.,  0.,  0.,
           0.,  0.]],

        [[ 0.,  0.,  0.,  0., -1.,  0.,  0.,  0.,  0.,  0.,  0.,  0.,  0.,  0.,
           0.,  0.,  0.,  0.,  0.,  0.,  0.,  0.,  0.,  0.,  0.,  0.,  0.,  0.,
           0.,  0.,  1.,  0.,  0.,  0.,  0.,  0.,  0.,  0.,  0.,  0.,  0.,  0.,
           0.,  0.,  0.,  0.,  0.,  0.,  0.,  0.,  0.,  0.,  0.,  0.,  0.,  0.,
           0.,  0.,  0.,  0.,  0.,  0.,  0.,  0.,  0.,  0.,  0.,  0.,  0.,  0.,
           0.,  0.,  0.,  0.,  0.,  0.,  0.,  0.,  0.,  0.,  0.,  0.,  0.,  0.,
           0.,  0.,  0.,  0.,  0.,  0.,  0.,  0.,  0.,  0.,  0.,  0.,  0.,  0.,
           0.,  0.]],

        [[ 0.,  0.,  0.,  0.,  0., -1.,  0.,  0.,  0.,  0.,  0.,  0.,  0.,  0.,
           0.,  0.,  0.,  0.,  0.,  0.,  0.,  0.,  0.,  0.,  0.,  0.,  0.,  0.,
           0.,  0.,  1.,  0.,  0.,  0.,  0.,  0.,  0.,  0.,  0.,  0.,  0.,  0.,
           0.,  0.,  0.,  0.,  0.,  0.,  0.,  0.,  0.,  0.,  0.,  0.,  0.,  0.,
           0.,  0.,  0.,  0.,  0.,  0.,  0.,  0.,  0.,  0.,  0.,  0.,  0.,  0.,
           0.,  0.,  0.,  0.,  0.,  0.,  0.,  0.,  0.,  0.,  0.,  0.,  0.,  0.,
           0.,  0.,  0.,  0.,  0.,  0.,  0.,  0.,  0.,  0.,  0.,  0.,  0.,  0.,
           0.,  0.]],

        [[ 0.,  0.,  0.,  0.,  0.,  0., -1.,  0.,  0.,  0.,  0.,  0.,  0.,  0.,
           0.,  0.,  0.,  0.,  0.,  0.,  0.,  0.,  0.,  0.,  0.,  0.,  0.,  0.,
           0.,  0.,  1.,  0.,  0.,  0.,  0.,  0.,  0.,  0.,  0.,  0.,  0.,  0.,
           0.,  0.,  0.,  0.,  0.,  0.,  0.,  0.,  0.,  0.,  0.,  0.,  0.,  0.,
           0.,  0.,  0.,  0.,  0.,  0.,  0.,  0.,  0.,  0.,  0.,  0.,  0.,  0.,
           0.,  0.,  0.,  0.,  0.,  0.,  0.,  0.,  0.,  0.,  0.,  0.,  0.,  0.,
           0.,  0.,  0.,  0.,  0.,  0.,  0.,  0.,  0.,  0.,  0.,  0.,  0.,  0.,
           0.,  0.]],

        [[ 0.,  0.,  0.,  0.,  0.,  0.,  0., -1.,  0.,  0.,  0.,  0.,  0.,  0.,
           0.,  0.,  0.,  0.,  0.,  0.,  0.,  0.,  0.,  0.,  0.,  0.,  0.,  0.,
           0.,  0.,  1.,  0.,  0.,  0.,  0.,  0.,  0.,  0.,  0.,  0.,  0.,  0.,
           0.,  0.,  0.,  0.,  0.,  0.,  0.,  0.,  0.,  0.,  0.,  0.,  0.,  0.,
           0.,  0.,  0.,  0.,  0.,  0.,  0.,  0.,  0.,  0.,  0.,  0.,  0.,  0.,
           0.,  0.,  0.,  0.,  0.,  0.,  0.,  0.,  0.,  0.,  0.,  0.,  0.,  0.,
           0.,  0.,  0.,  0.,  0.,  0.,  0.,  0.,  0.,  0.,  0.,  0.,  0.,  0.,
           0.,  0.]],

        [[ 0.,  0.,  0.,  0.,  0.,  0.,  0.,  0., -1.,  0.,  0.,  0.,  0.,  0.,
           0.,  0.,  0.,  0.,  0.,  0.,  0.,  0.,  0.,  0.,  0.,  0.,  0.,  0.,
           0.,  0.,  1.,  0.,  0.,  0.,  0.,  0.,  0.,  0.,  0.,  0.,  0.,  0.,
           0.,  0.,  0.,  0.,  0.,  0.,  0.,  0.,  0.,  0.,  0.,  0.,  0.,  0.,
           0.,  0.,  0.,  0.,  0.,  0.,  0.,  0.,  0.,  0.,  0.,  0.,  0.,  0.,
           0.,  0.,  0.,  0.,  0.,  0.,  0.,  0.,  0.,  0.,  0.,  0.,  0.,  0.,
           0.,  0.,  0.,  0.,  0.,  0.,  0.,  0.,  0.,  0.,  0.,  0.,  0.,  0.,
           0.,  0.]],

        [[ 0.,  0.,  0.,  0.,  0.,  0.,  0.,  0.,  0., -1.,  0.,  0.,  0.,  0.,
           0.,  0.,  0.,  0.,  0.,  0.,  0.,  0.,  0.,  0.,  0.,  0.,  0.,  0.,
           0.,  0.,  1.,  0.,  0.,  0.,  0.,  0.,  0.,  0.,  0.,  0.,  0.,  0.,
           0.,  0.,  0.,  0.,  0.,  0.,  0.,  0.,  0.,  0.,  0.,  0.,  0.,  0.,
           0.,  0.,  0.,  0.,  0.,  0.,  0.,  0.,  0.,  0.,  0.,  0.,  0.,  0.,
           0.,  0.,  0.,  0.,  0.,  0.,  0.,  0.,  0.,  0.,  0.,  0.,  0.,  0.,
           0.,  0.,  0.,  0.,  0.,  0.,  0.,  0.,  0.,  0.,  0.,  0.,  0.,  0.,
           0.,  0.]]], dtype=torch.float64)
thresholds: tensor([0., 0., 0., 0., 0., 0., 0., 0., 0., 0.], device='cuda:0') ######
Initial alpha-CROWN verified for spec index tensor([ 0,  1,  2,  3,  4,  5,  6,  7,  8,  9, 10, 11, 12, 13, 14, 15, 16, 17,
        18, 19, 20, 21, 22, 23, 24, 25, 26, 27, 28, 29, 30, 31, 32, 33, 34, 35,
        36, 37, 38, 39, 40, 41, 42, 43, 44, 45, 46, 47, 48, 49, 50, 51, 52, 53,
        54, 55, 56, 57, 58, 59, 60, 61, 62, 63, 64, 65, 66, 67, 68, 69, 70, 71,
        73, 74, 75, 76, 77, 78, 79, 80, 81, 82, 83, 84, 85, 86, 87, 88, 89, 90,
        91, 92, 93, 94, 95, 96, 97, 98], device='cuda:0') with bound tensor([inf, inf, inf, inf, inf, inf, inf, inf, inf, inf, inf, inf, inf, inf, inf, inf, inf, inf, inf, inf, inf, inf, inf, inf,
        inf, inf, inf, inf, inf, inf, inf, inf, inf, inf, inf, inf, inf, inf, inf, inf, inf, inf, inf, inf, inf, inf, inf, inf,
        inf, inf, inf, inf, inf, inf, inf, inf, inf, inf, inf, inf, inf, inf, inf, inf, inf, inf, inf, inf, inf, inf, inf, inf,
        inf, inf, inf, inf, inf, inf, inf, inf, inf, inf, inf, inf, inf, inf, inf, inf, inf, inf, inf, inf, inf, inf, inf, inf,
        inf, inf], device='cuda:0').
Remaining spec index tensor([72], device='cuda:0') with bounds tensor([[-0.25142324]], device='cuda:0') need to verify.
Model prediction is: tensor([-10.87199593,  -7.16830206, -10.01857758,  -6.84869957,  -5.60725832,
        -10.57916451,  -9.73166561,  -8.31361008,  -8.60934830,  -8.55127811,
         -8.36279678,  -9.52514553,  -6.85620594,  -9.40731525, -12.14489079,
         -9.09358788,  -9.76721096,  -9.01696301,  -6.92486906, -10.37510300,
        -12.42532825, -10.61317158,  -9.05130005,  -7.48056173,  -8.69215012,
        -10.28787518,  -7.33272362,  -4.15300179, -11.78828907,  -9.05374336,
          0.84454453, -10.37877178,  -5.98012304,  -6.37378597, -12.25620747,
        -11.00463295, -12.11664391,  -9.89283371,  -7.83112764,  -5.00452518,
         -8.60065269,  -7.91062689, -10.17990303, -12.52369976,  -6.99102831,
         -4.34267426, -10.21026707,  -8.94190025, -10.21343136,  -8.20056438,
         -7.57068682, -13.87031269,  -9.69161224, -12.36302280,  -7.14457464,
         -3.97535944,  -7.15963459,  -9.28196526,  -7.82320499,  -6.72706366,
         -6.94394588, -11.32092381, -11.32280540,  -9.94063950,  -7.95249605,
        -10.02521324,  -9.38297176,  -2.94133878, -11.30059147,  -7.00414896,
        -10.80080318,  -5.04865694,  -1.40356493,   0.09479168,  -7.14926434,
         -9.18567944,  -6.67425966,  -8.61859417,  -9.09306812,  -6.59387159,
        -10.65897846,  -9.23797607, -10.12354374,  -9.00323963, -10.54396629,
         -6.97155237, -10.92958069, -11.26088142, -11.59057522, -10.56859779,
         -8.11833858,  -5.90263128,  -9.63914013,  -1.72476053, -13.15282822,
         -0.53686249,  -9.68500137, -10.42292786, -10.42900372,  -5.69343805],
       device='cuda:0')
build_with_refined_bounds batch [1/1]
setting alpha for layer /input-4 start_node /124 with alignment adjustment
setting alpha for layer /input-12 start_node /124 with alignment adjustment
setting alpha for layer /input-20 start_node /124 with alignment adjustment
setting alpha for layer /input-28 start_node /124 with alignment adjustment
setting alpha for layer /input-36 start_node /124 with alignment adjustment
setting alpha for layer /input-44 start_node /124 with alignment adjustment
setting alpha for layer /input-52 start_node /124 with alignment adjustment
setting alpha for layer /input-60 start_node /124 with alignment adjustment
setting alpha for layer /input-68 start_node /124 with alignment adjustment
setting alpha for layer /123 start_node /124 with alignment adjustment
all alpha initialized
directly get lb and ub from refined bounds
c shape: torch.Size([1, 1, 100])
lA shapes: [torch.Size([1, 1, 64, 15, 15]), torch.Size([1, 1, 128, 8, 8]), torch.Size([1, 1, 128, 8, 8]), torch.Size([1, 1, 128, 8, 8]), torch.Size([1, 1, 128, 8, 8]), torch.Size([1, 1, 128, 4, 4]), torch.Size([1, 1, 128, 4, 4]), torch.Size([1, 1, 128, 4, 4]), torch.Size([1, 1, 128, 4, 4]), torch.Size([1, 1, 100])]
(alpha-)CROWN with fixed intermediate bounds: tensor([[-0.25142324]], device='cuda:0') tensor([[inf]], device='cuda:0')
Intermediate layers: /input,/input-8,/input-16,/input-24,/input-32,/input-40,/input-48,/input-56,/input-64,/input-72,/124
Keeping alphas for these layers: ['/124']
Keeping alphas for these layers: ['/124']
Node /input-4 input 0: size torch.Size([64, 15, 15]) unstable 523
Node /input-12 input 0: size torch.Size([128, 8, 8]) unstable 219
Node /input-20 input 0: size torch.Size([128, 8, 8]) unstable 111
Node /input-28 input 0: size torch.Size([128, 8, 8]) unstable 36
Node /input-36 input 0: size torch.Size([128, 8, 8]) unstable 0
Node /input-44 input 0: size torch.Size([128, 4, 4]) unstable 47
Node /input-52 input 0: size torch.Size([128, 4, 4]) unstable 0
Node /input-60 input 0: size torch.Size([128, 4, 4]) unstable 0
Node /input-68 input 0: size torch.Size([128, 4, 4]) unstable 0
Node /123 input 0: size torch.Size([100]) unstable 18
-----------------
# of unstable neurons: 954
-----------------

BaB round 1
batch: 1
splitting decisions: 
split level 0: [/input-72, 93] 
split level 1: [/input-72, 51] 
split level 2: [/input-72, 34] 
split level 3: [/input-72, 60] 
pruning_in_iteration open status: True
ratio of positive domain = 14 / 16 = 0.875
pruning-in-iteration extra time: 0.003065347671508789
Time: prepare 0.0004    bound 0.1626    transfer 0.0019    finalize 0.0004    func 0.1652    
Accumulated time: func 0.1652    prepare 0.0008    bound 0.1626    transfer 0.0019    finalize 0.0004    
Current worst splitting domains lb-rhs (depth):
-0.20047 (4), -0.03100 (4), 
Length of domains: 2
Time: pickout 0.0006    decision 0.0830    set_bounds 0.0011    solve 0.1653    add 0.0006    
Accumulated time: pickout 0.0006    decision 0.0830    set_bounds 0.0011    solve 0.1653    add 0.0006    
Current (lb-rhs): -0.2004668414592743
2 domains visited
Cumulative time: 0.4486207962036133

BaB round 2
batch: 2
splitting decisions: 
split level 0: [/input-72, 2] [/input-72, 2] 
split level 1: [/input-24, 3428] [/input-72, 98] 
split level 2: [/input-24, 3427] [/input-72, 10] 
pruning_in_iteration open status: True
ratio of positive domain = 11 / 16 = 0.6875
pruning-in-iteration extra time: 0.02155470848083496
Time: prepare 0.0007    bound 0.2699    transfer 0.0238    finalize 0.0145    func 0.3090    
Accumulated time: func 0.4742    prepare 0.0018    bound 0.4325    transfer 0.0257    finalize 0.0149    
Current worst splitting domains lb-rhs (depth):
-0.15618 (7), -0.09056 (7), -0.08499 (7), -0.05881 (7), -0.01983 (7), 
Length of domains: 5
Time: pickout 0.0008    decision 0.0486    set_bounds 0.0012    solve 0.3090    add 0.0046    
Accumulated time: pickout 0.0014    decision 0.1315    set_bounds 0.0023    solve 0.4743    add 0.0052    
Current (lb-rhs): -0.156183660030365
7 domains visited
Cumulative time: 0.813014030456543

BaB round 3
batch: 5
splitting decisions: 
split level 0: [/input-72, 81] [/input-24, 3428] [/input-8, 6508] [/input-24, 3428] [/input-24, 3428] 
split level 1: [/input-24, 3428] [/input-24, 3427] [/input-24, 3427] [/input-24, 3427] [/input-24, 3427] 
pruning_in_iteration open status: True
ratio of positive domain = 7 / 20 = 0.35
pruning-in-iteration extra time: 0.016604900360107422
Time: prepare 0.0010    bound 0.2681    transfer 0.0022    finalize 0.0005    func 0.2719    
Accumulated time: func 0.7461    prepare 0.0032    bound 0.7006    transfer 0.0279    finalize 0.0154    
Current worst splitting domains lb-rhs (depth):
-0.14518 (9), -0.11740 (9), -0.07667 (9), -0.07186 (9), -0.05705 (9), -0.05507 (9), -0.04613 (9), -0.04583 (9), -0.03603 (9), -0.03419 (9), -0.02229 (9), -0.01258 (9), -0.00858 (9), 
Length of domains: 13
Time: pickout 0.0096    decision 0.2192    set_bounds 0.0013    solve 0.2719    add 0.0016    
Accumulated time: pickout 0.0111    decision 0.3507    set_bounds 0.0035    solve 0.7462    add 0.0068    
Current (lb-rhs): -0.14518004655838013
20 domains visited
Cumulative time: 1.3167743682861328

BaB round 4
batch: 13
splitting decisions: 
split level 0: [/input-40, 1275] [/input-72, 81] [/input-72, 13] [/input-8, 6508] [/input-72, 81] [/input-8, 6508] [/input-40, 1275] [/input-72, 81] [/input-72, 13] [/input-8, 6508] 
pruning_in_iteration open status: True
ratio of positive domain = 7 / 26 = 0.2692307692307693
pruning-in-iteration extra time: 0.021111488342285156
Time: prepare 0.0011    bound 0.2934    transfer 0.0255    finalize 0.0144    func 0.3345    
Accumulated time: func 1.0806    prepare 0.0047    bound 0.9940    transfer 0.0535    finalize 0.0298    
Current worst splitting domains lb-rhs (depth):
-0.14383 (10), -0.12725 (10), -0.11223 (10), -0.10689 (10), -0.07225 (10), -0.06692 (10), -0.05194 (10), -0.04285 (10), -0.04034 (10), -0.03984 (10), -0.03357 (10), -0.03215 (10), -0.03086 (10), -0.02279 (10), -0.02055 (10), -0.01973 (10), -0.01467 (10), -0.01050 (10), -0.00463 (10), 
Length of domains: 19
Time: pickout 0.0452    decision 0.1776    set_bounds 0.0133    solve 0.3345    add 0.0046    
Accumulated time: pickout 0.0563    decision 0.5284    set_bounds 0.0168    solve 1.0807    add 0.0113    
Current (lb-rhs): -0.1438310146331787
39 domains visited
Cumulative time: 1.892183780670166

BaB round 5
batch: 19
splitting decisions: 
split level 0: [/input-72, 81] [/input-24, 3428] [/input-40, 182] [/input-24, 3427] [/input-24, 3428] [/input-72, 13] [/input-72, 81] [/input-24, 3428] [/input-16, 1949] [/input-24, 3427] 
pruning_in_iteration open status: False
ratio of positive domain = 4 / 38 = 0.10526315789473684
pruning-in-iteration extra time: 0.0001709461212158203
Time: prepare 0.0016    bound 0.2375    transfer 0.0016    finalize 0.0007    func 0.2414    
Accumulated time: func 1.3220    prepare 0.0066    bound 1.2315    transfer 0.0551    finalize 0.0304    
Current worst splitting domains lb-rhs (depth):
-0.13518 (11), -0.12327 (11), -0.11886 (11), -0.10375 (11), -0.10148 (11), -0.09881 (11), -0.08998 (11), -0.08110 (11), -0.06630 (11), -0.06097 (11), -0.04505 (11), -0.03850 (11), -0.03269 (11), -0.02922 (11), -0.02855 (11), -0.02849 (11), -0.02772 (11), -0.02369 (11), -0.02303 (11), -0.02295 (11), 
Length of domains: 33
Time: pickout 0.0110    decision 0.2258    set_bounds 0.0013    solve 0.2415    add 0.0031    
Accumulated time: pickout 0.0673    decision 0.7542    set_bounds 0.0181    solve 1.3222    add 0.0144    
Current (lb-rhs): -0.13518184423446655
72 domains visited
Cumulative time: 2.375129461288452

BaB round 6
batch: 33
splitting decisions: 
split level 0: [/input-24, 3435] [/input-72, 13] [/input-8, 2467] [/input-72, 13] [/input-72, 13] [/input-40, 182] [/input-40, 26] [/input-72, 13] [/input-40, 182] [/input-72, 13] 
pruning_in_iteration open status: True
ratio of positive domain = 23 / 66 = 0.3484848484848485
pruning-in-iteration extra time: 0.02169513702392578
Time: prepare 0.0025    bound 0.3050    transfer 0.0219    finalize 0.0066    func 0.3361    
Accumulated time: func 1.6581    prepare 0.0095    bound 1.5365    transfer 0.0770    finalize 0.0370    
Current worst splitting domains lb-rhs (depth):
-0.12245 (12), -0.12183 (12), -0.11027 (12), -0.10999 (12), -0.10592 (12), -0.10586 (12), -0.09087 (12), -0.09068 (12), -0.08795 (12), -0.08771 (12), -0.08585 (12), -0.08572 (12), -0.07534 (12), -0.07505 (12), -0.06707 (12), -0.06661 (12), -0.05460 (12), -0.04928 (12), -0.04826 (12), -0.04413 (12), 
Length of domains: 43
Time: pickout 0.0014    decision 0.2225    set_bounds 0.0017    solve 0.3362    add 0.0072    
Accumulated time: pickout 0.0687    decision 0.9767    set_bounds 0.0198    solve 1.6583    add 0.0216    
Current (lb-rhs): -0.12244531512260437
115 domains visited
Cumulative time: 2.9444236755371094

BaB round 7
batch: 43
splitting decisions: 
split level 0: [/input-8, 6508] [/input-8, 6508] [/input-40, 151] [/input-40, 151] [/input-40, 151] [/input-8, 2467] [/input-40, 151] [/input-40, 151] [/input-24, 1963] [/input-16, 1949] 
pruning_in_iteration open status: False
ratio of positive domain = 13 / 86 = 0.15116279069767447
pruning-in-iteration extra time: 0.0022373199462890625
Time: prepare 0.0033    bound 0.2363    transfer 0.0049    finalize 0.0014    func 0.2459    
Accumulated time: func 1.9040    prepare 0.0132    bound 1.7727    transfer 0.0820    finalize 0.0384    
Current worst splitting domains lb-rhs (depth):
-0.11447 (13), -0.11245 (13), -0.11159 (13), -0.11020 (13), -0.10308 (13), -0.10286 (13), -0.09878 (13), -0.09847 (13), -0.09769 (13), -0.09600 (13), -0.09509 (13), -0.09452 (13), -0.08264 (13), -0.08097 (13), -0.08086 (13), -0.08059 (13), -0.07976 (13), -0.07921 (13), -0.07789 (13), -0.07675 (13), 
Length of domains: 72
Time: pickout 0.0686    decision 0.2739    set_bounds 0.0019    solve 0.2460    add 0.0060    
Accumulated time: pickout 0.1372    decision 1.2506    set_bounds 0.0217    solve 1.9043    add 0.0276    
Current (lb-rhs): -0.1144685447216034
187 domains visited
Cumulative time: 3.541093349456787

BaB round 8
batch: 72
splitting decisions: 
split level 0: [/input-40, 26] [/input-16, 1949] [/input-40, 182] [/input-40, 182] [/input-24, 1963] [/input-40, 182] [/input-40, 182] [/input-40, 2024] [/input-24, 1963] [/input-40, 182] 
pruning_in_iteration open status: True
ratio of positive domain = 45 / 144 = 0.3125
pruning-in-iteration extra time: 0.024092912673950195
Time: prepare 0.0061    bound 0.3086    transfer 0.0218    finalize 0.0075    func 0.3440    
Accumulated time: func 2.2480    prepare 0.0197    bound 2.0813    transfer 0.1037    finalize 0.0459    
Current worst splitting domains lb-rhs (depth):
-0.10511 (14), -0.10464 (14), -0.10426 (14), -0.10383 (14), -0.10119 (14), -0.10030 (14), -0.09964 (14), -0.09874 (14), -0.09308 (14), -0.09302 (14), -0.09208 (14), -0.09203 (14), -0.08890 (14), -0.08860 (14), -0.08860 (14), -0.08782 (14), -0.08782 (14), -0.08771 (14), -0.08717 (14), -0.08616 (14), 
Length of domains: 99
Time: pickout 0.0140    decision 0.2239    set_bounds 0.0036    solve 0.3441    add 0.0098    
Accumulated time: pickout 0.1512    decision 1.4744    set_bounds 0.0253    solve 2.2484    add 0.0374    
Current (lb-rhs): -0.10511457920074463
286 domains visited
Cumulative time: 4.137099027633667

BaB round 9
batch: 99
splitting decisions: 
split level 0: [/input-24, 1963] [/input-8, 2467] [/input-24, 3436] [/input-24, 1963] [/input-8, 2467] [/input-8, 6508] [/input-24, 1963] [/input-24, 1963] [/input-40, 182] [/input-24, 1963] 
pruning_in_iteration open status: False
ratio of positive domain = 26 / 198 = 0.13131313131313127
pruning-in-iteration extra time: 6.628036499023438e-05
Time: prepare 0.0070    bound 0.2510    transfer 0.0074    finalize 0.0023    func 0.2677    
Accumulated time: func 2.5157    prepare 0.0271    bound 2.3323    transfer 0.1111    finalize 0.0482    
Current worst splitting domains lb-rhs (depth):
-0.10353 (15), -0.10303 (15), -0.10264 (15), -0.10223 (15), -0.09806 (15), -0.09706 (15), -0.09568 (15), -0.09482 (15), -0.08944 (15), -0.08944 (15), -0.08836 (15), -0.08812 (15), -0.08761 (15), -0.08753 (15), -0.08686 (15), -0.08682 (15), -0.08659 (15), -0.08651 (15), -0.08610 (15), -0.08607 (15), 
Length of domains: 172
Time: pickout 0.0679    decision 0.2903    set_bounds 0.0047    solve 0.2677    add 0.0152    
Accumulated time: pickout 0.2192    decision 1.7647    set_bounds 0.0300    solve 2.5161    add 0.0526    
Current (lb-rhs): -0.1035270094871521
458 domains visited
Cumulative time: 4.783569812774658

BaB round 10
batch: 172
splitting decisions: 
split level 0: [/input-24, 1963] [/input-40, 2024] [/input-40, 2024] [/input-24, 1963] [/input-24, 1963] [/input-72, 48] [/input-24, 3436] [/input-40, 837] [/input-72, 48] [/input-40, 2024] 
pruning_in_iteration open status: True
ratio of positive domain = 80 / 344 = 0.2325581395348837
pruning-in-iteration extra time: 0.019273042678833008
Time: prepare 0.0116    bound 0.3165    transfer 0.0270    finalize 0.0042    func 0.3593    
Accumulated time: func 2.8750    prepare 0.0390    bound 2.6488    transfer 0.1381    finalize 0.0524    
Current worst splitting domains lb-rhs (depth):
-0.09806 (16), -0.09752 (16), -0.09709 (16), -0.09673 (16), -0.09251 (16), -0.09230 (16), -0.09158 (16), -0.09144 (16), -0.08865 (16), -0.08570 (16), -0.08523 (16), -0.08484 (16), -0.08467 (16), -0.08419 (16), -0.08405 (16), -0.08317 (16), -0.08308 (16), -0.08265 (16), -0.08256 (16), -0.08197 (16), 
Length of domains: 264
Time: pickout 0.0613    decision 0.3874    set_bounds 0.0069    solve 0.3594    add 0.0206    
Accumulated time: pickout 0.2805    decision 2.1521    set_bounds 0.0370    solve 2.8755    add 0.0732    
Current (lb-rhs): -0.09805631637573242
722 domains visited
Cumulative time: 5.6203389167785645

BaB round 11
batch: 256
splitting decisions: 
split level 0: [/input-72, 48] [/input-24, 1963] [/input-72, 48] [/input-24, 3436] [/input-72, 48] [/input-72, 48] [/input-16, 1949] [/input-72, 48] [/input-16, 1949] [/input-16, 1949] 
pruning_in_iteration open status: True
ratio of positive domain = 180 / 512 = 0.3515625
pruning-in-iteration extra time: 0.0035924911499023438
Time: prepare 0.0169    bound 0.1963    transfer 0.0189    finalize 0.0050    func 0.2372    
Accumulated time: func 3.1122    prepare 0.0565    bound 2.8450    transfer 0.1570    finalize 0.0574    
Current worst splitting domains lb-rhs (depth):
-0.09462 (17), -0.09414 (17), -0.09366 (17), -0.09333 (17), -0.09192 (17), -0.08980 (17), -0.08910 (17), -0.08819 (17), -0.08467 (16), -0.08319 (17), -0.08234 (17), -0.08224 (17), -0.08222 (17), -0.08172 (17), -0.08137 (17), -0.08133 (17), -0.08123 (17), -0.08120 (17), -0.08105 (17), -0.08047 (17), 
Length of domains: 340
Time: pickout 0.0692    decision 0.6535    set_bounds 0.0325    solve 0.2373    add 0.0260    
Accumulated time: pickout 0.3497    decision 2.8056    set_bounds 0.0695    solve 3.1128    add 0.0992    
Current (lb-rhs): -0.09462136030197144
1054 domains visited
current_vram/total_varm: 4.8GB/102.0GB, batch_size increase to 512
Cumulative time: 6.64262580871582

BaB round 12
batch: 340
splitting decisions: 
split level 0: [/input-72, 48] [/input-72, 48] [/input-72, 48] [/input-24, 3436] [/input-16, 1949] [/input-16, 1949] [/input-24, 1963] [/input-40, 2024] [/input-24, 3436] [/input-24, 3436] 
pruning_in_iteration open status: True
ratio of positive domain = 184 / 680 = 0.2705882352941177
pruning-in-iteration extra time: 0.00360107421875
Time: prepare 0.0234    bound 0.1838    transfer 0.0381    finalize 0.0070    func 0.2524    
Accumulated time: func 3.3645    prepare 0.0803    bound 3.0288    transfer 0.1951    finalize 0.0645    
Current worst splitting domains lb-rhs (depth):
-0.08940 (18), -0.08863 (18), -0.08747 (18), -0.08642 (18), -0.08612 (18), -0.08547 (18), -0.08519 (18), -0.08480 (18), -0.08456 (18), -0.08425 (18), -0.08386 (18), -0.08004 (17), -0.07980 (18), -0.07949 (18), -0.07925 (18), -0.07888 (18), -0.07880 (18), -0.07874 (18), -0.07802 (18), -0.07786 (18), 
Length of domains: 496
Time: pickout 0.0069    decision 0.3368    set_bounds 0.1148    solve 0.2525    add 0.0394    
Accumulated time: pickout 0.3566    decision 3.1424    set_bounds 0.1843    solve 3.3653    add 0.1386    
Current (lb-rhs): -0.08940446376800537
1550 domains visited
Cumulative time: 7.397463321685791

BaB round 13
batch: 496
splitting decisions: 
split level 0: [/input-16, 1949] [/input-16, 1949] [/input-16, 1949] [/input-40, 2024] [/input-40, 2024] [/input-24, 3436] [/input-16, 1949] [/input-72, 48] [/input-16, 1949] [/input-16, 1949] 
pruning_in_iteration open status: True
ratio of positive domain = 230 / 992 = 0.23185483870967738
pruning-in-iteration extra time: 0.0021262168884277344
Time: prepare 0.0350    bound 0.3759    transfer 0.0732    finalize 0.0114    func 0.4956    
Accumulated time: func 3.8602    prepare 0.1159    bound 3.4047    transfer 0.2684    finalize 0.0759    
Current worst splitting domains lb-rhs (depth):
-0.08712 (19), -0.08692 (19), -0.08619 (19), -0.08554 (19), -0.08510 (19), -0.08476 (19), -0.08440 (19), -0.08360 (19), -0.08347 (19), -0.08338 (19), -0.08069 (19), -0.07906 (19), -0.07880 (19), -0.07716 (18), -0.07676 (19), -0.07586 (19), -0.07495 (19), -0.07470 (19), -0.07469 (19), -0.07401 (19), 
Length of domains: 762
Time: pickout 0.0099    decision 0.5100    set_bounds 0.0175    solve 0.4959    add 0.0597    
Accumulated time: pickout 0.3666    decision 3.6525    set_bounds 0.2018    solve 3.8612    add 0.1983    
Current (lb-rhs): -0.08712202310562134
2312 domains visited
Cumulative time: 8.498313665390015

BaB round 14
batch: 512
splitting decisions: 
split level 0: [/input-40, 2024] [/input-40, 26] [/input-40, 2024] [/input-40, 26] [/input-24, 3436] [/input-8, 2467] [/input-16, 1949] [/input-16, 1949] [/input-16, 1949] [/input-16, 1949] 
pruning_in_iteration open status: True
ratio of positive domain = 344 / 1024 = 0.3359375
pruning-in-iteration extra time: 0.003223896026611328
Time: prepare 0.0386    bound 0.2586    transfer 0.0800    finalize 0.1157    func 0.4929    
Accumulated time: func 4.3531    prepare 0.1551    bound 3.6633    transfer 0.3484    finalize 0.1915    
Current worst splitting domains lb-rhs (depth):
-0.08712 (19), -0.08692 (19), -0.08619 (19), -0.08510 (19), -0.08360 (19), -0.08338 (19), -0.08251 (20), -0.08169 (20), -0.08144 (20), -0.08050 (20), -0.08031 (20), -0.07906 (19), -0.07716 (18), -0.07676 (19), -0.07586 (19), -0.07559 (20), -0.07495 (19), -0.07470 (19), -0.07469 (19), -0.07401 (19), 
Length of domains: 930
Time: pickout 0.0144    decision 0.4608    set_bounds 0.0167    solve 0.4931    add 0.0458    
Accumulated time: pickout 0.3809    decision 4.1133    set_bounds 0.2185    solve 4.3543    add 0.2441    
Current (lb-rhs): -0.08712202310562134
2992 domains visited
current_vram/total_varm: 11.0GB/102.0GB, batch_size increase to 1024
Cumulative time: 9.538384914398193

BaB round 15
batch: 930
splitting decisions: 
split level 0: [/input-8, 5689] [/input-40, 26] [/input-40, 2024] [/input-8, 5689] [/input-8, 5689] [/input-40, 26] [/input-40, 26] [/input-40, 26] [/input-40, 1062] [/input-40, 26] 
pruning_in_iteration open status: True
ratio of positive domain = 544 / 1860 = 0.2924731182795699
pruning-in-iteration extra time: 0.010559558868408203
Time: prepare 0.0680    bound 1.3767    transfer 0.1582    finalize 0.0305    func 1.6335    
Accumulated time: func 5.9866    prepare 0.2237    bound 5.0400    transfer 0.5065    finalize 0.2221    
Current worst splitting domains lb-rhs (depth):
-0.08503 (20), -0.08406 (20), -0.08307 (20), -0.08215 (20), -0.08071 (20), -0.07934 (21), -0.07765 (20), -0.07714 (20), -0.07713 (21), -0.07690 (21), -0.07679 (19), -0.07669 (21), -0.07582 (21), -0.07570 (20), -0.07135 (20), -0.07113 (20), -0.07110 (20), -0.07077 (21), -0.07017 (20), -0.07015 (20), 
Length of domains: 1316
Time: pickout 0.0186    decision 1.4874    set_bounds 0.0538    solve 1.6338    add 0.2614    
Accumulated time: pickout 0.3995    decision 5.6007    set_bounds 0.2724    solve 5.9881    add 0.5055    
Current (lb-rhs): -0.08503329753875732
4308 domains visited
Cumulative time: 13.009122848510742

BaB round 16
batch: 1024
splitting decisions: 
split level 0: [/input-40, 26] [/input-24, 3436] [/input-24, 3436] [/input-40, 1062] [/input-24, 3436] [/input-40, 26] [/input-24, 3436] [/input-40, 26] [/input-40, 837] [/input-24, 3436] 
pruning_in_iteration open status: True
ratio of positive domain = 668 / 2048 = 0.326171875
pruning-in-iteration extra time: 0.018670320510864258
Time: prepare 0.0759    bound 1.3832    transfer 0.1683    finalize 0.0322    func 1.6598    
Accumulated time: func 7.6463    prepare 0.3003    bound 6.4231    transfer 0.6748    finalize 0.2543    
Current worst splitting domains lb-rhs (depth):
-0.08503 (20), -0.08406 (20), -0.08307 (20), -0.08215 (20), -0.08071 (20), -0.07765 (20), -0.07731 (22), -0.07679 (19), -0.07570 (20), -0.07181 (21), -0.07181 (22), -0.07135 (20), -0.07134 (22), -0.07129 (22), -0.07113 (20), -0.07040 (22), -0.07017 (20), -0.06964 (20), -0.06931 (20), -0.06863 (20), 
Length of domains: 1672
Time: pickout 0.0841    decision 2.2161    set_bounds 0.0534    solve 1.6604    add 0.1531    
Accumulated time: pickout 0.4836    decision 7.8168    set_bounds 0.3258    solve 7.6486    add 0.6586    
Current (lb-rhs): -0.08503329753875732
5688 domains visited
current_vram/total_varm: 24.1GB/102.0GB, batch_size increase to 2048
Cumulative time: 17.194308519363403

BaB round 17
batch: 1672
splitting decisions: 
split level 0: [/input-40, 26] [/input-24, 3436] [/input-40, 26] [/input-40, 26] [/input-24, 3436] [/input-24, 3436] [/input-8, 5689] [/input-24, 3436] [/input-8, 5689] [/input-24, 3436] 
pruning_in_iteration open status: True
ratio of positive domain = 1030 / 3344 = 0.30801435406698563
pruning-in-iteration extra time: 0.0059969425201416016
Time: prepare 0.1247    bound 1.3051    transfer 0.2787    finalize 0.0294    func 1.7381    
Accumulated time: func 9.3844    prepare 0.4256    bound 7.7282    transfer 0.9535    finalize 0.2837    
Current worst splitting domains lb-rhs (depth):
-0.08211 (21), -0.07974 (21), -0.07806 (21), -0.07745 (21), -0.07659 (21), -0.07595 (21), -0.07266 (23), -0.07238 (20), -0.07231 (21), -0.07084 (21), -0.06961 (21), -0.06850 (23), -0.06784 (21), -0.06723 (22), -0.06681 (21), -0.06573 (23), -0.06505 (21), -0.06494 (23), -0.06492 (21), -0.06470 (22), 
Length of domains: 2314
Time: pickout 0.0561    decision 3.1757    set_bounds 0.1974    solve 1.7389    add 0.4097    
Accumulated time: pickout 0.5397    decision 10.9925    set_bounds 0.5231    solve 9.3874    add 1.0683    
Current (lb-rhs): -0.08211171627044678
8002 domains visited
Cumulative time: 22.80218529701233

BaB round 18
batch: 2048
splitting decisions: 
split level 0: [/input-24, 1950] [/input-24, 1964] [/input-40, 2024] [/input-40, 1062] [/input-24, 1964] [/input-24, 1950] [/input-40, 26] [/input-24, 1950] [/input-24, 1950] [/input-40, 837] 
pruning_in_iteration open status: True
ratio of positive domain = 1271 / 4096 = 0.310302734375
pruning-in-iteration extra time: 0.020449161529541016
Time: prepare 0.1519    bound 2.6685    transfer 0.3641    finalize 0.0482    func 3.2331    
Accumulated time: func 12.6176    prepare 0.5783    bound 10.3967    transfer 1.3176    finalize 0.3319    
Current worst splitting domains lb-rhs (depth):
-0.08211 (21), -0.07974 (21), -0.07806 (21), -0.07321 (22), -0.07177 (22), -0.07051 (22), -0.06961 (21), -0.06784 (21), -0.06745 (24), -0.06683 (22), -0.06681 (21), -0.06543 (22), -0.06505 (21), -0.06470 (22), -0.06449 (21), -0.06398 (21), -0.06343 (21), -0.06343 (21), -0.06295 (24), -0.06170 (22), 
Length of domains: 3091
Time: pickout 0.0412    decision 5.8862    set_bounds 0.2212    solve 3.2340    add 0.3129    
Accumulated time: pickout 0.5809    decision 16.8787    set_bounds 0.7443    solve 12.6214    add 1.3812    
Current (lb-rhs): -0.08211171627044678
10827 domains visited
current_vram/total_varm: 40.8GB/102.0GB, batch_size increase to 4096
Cumulative time: 32.53822588920593

BaB round 19
batch: 3091
splitting decisions: 
split level 0: [/input-40, 2024] [/input-8, 5689] [/input-24, 3436] [/input-24, 3436] [/input-24, 1964] [/input-40, 2024] [/input-24, 1964] [/input-24, 3436] [/input-24, 1964] [/input-8, 2467] 
pruning_in_iteration open status: True
ratio of positive domain = 2047 / 6182 = 0.3311226140407635
pruning-in-iteration extra time: 0.01619267463684082
Time: prepare 0.2358    bound 3.4499    transfer 0.5307    finalize 0.2200    func 4.4369    
Accumulated time: func 17.0544    prepare 0.8147    bound 13.8466    transfer 1.8483    finalize 0.5519    
Current worst splitting domains lb-rhs (depth):
-0.07879 (22), -0.07469 (22), -0.07440 (22), -0.06801 (23), -0.06613 (22), -0.06612 (23), -0.06500 (23), -0.06224 (22), -0.06205 (22), -0.06195 (25), -0.06174 (22), -0.06143 (23), -0.06135 (22), -0.06003 (23), -0.05918 (23), -0.05838 (25), -0.05820 (25), -0.05807 (23), -0.05778 (22), -0.05760 (22), 
Length of domains: 4135
Time: pickout 0.0676    decision 2.0614    set_bounds 0.2702    solve 4.4380    add 0.7932    
Accumulated time: pickout 0.6485    decision 18.9401    set_bounds 1.0145    solve 17.0594    add 2.1745    
Current (lb-rhs): -0.07879078388214111
14962 domains visited
Cumulative time: 40.23491954803467

BaB round 20
batch: 4096
splitting decisions: 
split level 0: [/input-8, 2467] [/input-40, 1062] [/input-24, 1950] [/input-24, 1950] [/input-24, 1964] [/input-24, 1950] [/input-40, 26] [/input-24, 1950] [/input-24, 1964] [/input-24, 1950] 
pruning_in_iteration open status: True
ratio of positive domain = 2809 / 8192 = 0.3428955078125
pruning-in-iteration extra time: 0.011749744415283203
Time: prepare 0.3223    bound 4.3378    transfer 0.6982    finalize 0.0943    func 5.4534    
Accumulated time: func 22.5079    prepare 1.1378    bound 18.1844    transfer 2.5465    finalize 0.6462    
Current worst splitting domains lb-rhs (depth):
-0.07353 (23), -0.06991 (23), -0.06944 (23), -0.06250 (24), -0.06164 (24), -0.06101 (23), -0.06081 (24), -0.06067 (23), -0.05955 (23), -0.05789 (23), -0.05745 (22), -0.05744 (23), -0.05730 (26), -0.05721 (24), -0.05663 (22), -0.05632 (23), -0.05581 (24), -0.05552 (23), -0.05472 (24), -0.05445 (23), 
Length of domains: 5422
Time: pickout 0.1184    decision 3.8636    set_bounds 0.4957    solve 5.4551    add 0.6315    
Accumulated time: pickout 0.7670    decision 22.8037    set_bounds 1.5102    solve 22.5146    add 2.8059    
Current (lb-rhs): -0.07353079319000244
20345 domains visited
current_vram/total_varm: 45.6GB/102.0GB, batch_size increase to 8192
Cumulative time: 50.89034175872803

BaB round 21
batch: 5422
Traceback (most recent call last):
  File "/data1/Kane/GenBaB/alpha-beta-CROWN/complete_verifier/abcrown.py", line 823, in <module>
    abcrown.main()
  File "/data1/Kane/GenBaB/alpha-beta-CROWN/complete_verifier/abcrown.py", line 797, in main
    verified_status = self.complete_verifier(
                      ^^^^^^^^^^^^^^^^^^^^^^^
  File "/data1/Kane/GenBaB/alpha-beta-CROWN/complete_verifier/abcrown.py", line 501, in complete_verifier
    l, nodes, ret = self.bab(
                    ^^^^^^^^^
  File "/data1/Kane/GenBaB/alpha-beta-CROWN/complete_verifier/abcrown.py", line 308, in bab
    result = general_bab(
             ^^^^^^^^^^^^
  File "/data1/Kane/GenBaB/alpha-beta-CROWN/complete_verifier/bab.py", line 462, in general_bab
    global_lb = act_split_round(
                ^^^^^^^^^^^^^^^^
  File "/data1/Kane/GenBaB/alpha-beta-CROWN/complete_verifier/bab.py", line 189, in act_split_round
    split_domain(net, domains, d, batch, impl_params=impl_params,
  File "/data1/Kane/GenBaB/alpha-beta-CROWN/complete_verifier/bab.py", line 74, in split_domain
    branching_heuristic.get_branching_decisions(
  File "/data1/Kane/miniconda3/envs/GenBaB/lib/python3.11/site-packages/torch/utils/_contextlib.py", line 120, in decorate_context
    return func(*args, **kwargs)
           ^^^^^^^^^^^^^^^^^^^^^
  File "/data1/Kane/GenBaB/alpha-beta-CROWN/complete_verifier/heuristics/kfsb.py", line 158, in get_branching_decisions
    k_ret_lbs = self.net.update_bounds(
                ^^^^^^^^^^^^^^^^^^^^^^^
  File "/data1/Kane/GenBaB/alpha-beta-CROWN/complete_verifier/beta_CROWN_solver.py", line 319, in update_bounds
    lb, _, = self.net.compute_bounds(
             ^^^^^^^^^^^^^^^^^^^^^^^^
  File "/data1/Kane/GenBaB/alpha-beta-CROWN/complete_verifier/auto_LiRPA/bound_general.py", line 1402, in compute_bounds
    return self._compute_bounds_main(C=C,
           ^^^^^^^^^^^^^^^^^^^^^^^^^^^^^^
  File "/data1/Kane/GenBaB/alpha-beta-CROWN/complete_verifier/auto_LiRPA/bound_general.py", line 1507, in _compute_bounds_main
    ret = self.backward_general(
          ^^^^^^^^^^^^^^^^^^^^^^
  File "/data1/Kane/GenBaB/alpha-beta-CROWN/complete_verifier/auto_LiRPA/backward_bound.py", line 282, in backward_general
    A, lower_b, upper_b = l.bound_backward(
                          ^^^^^^^^^^^^^^^^^
  File "/data1/Kane/GenBaB/alpha-beta-CROWN/complete_verifier/auto_LiRPA/operators/relu.py", line 260, in bound_backward
    self._backward_relaxation(last_lA, last_uA, x, start_node, unstable_idx)
  File "/data1/Kane/GenBaB/alpha-beta-CROWN/complete_verifier/auto_LiRPA/operators/relu.py", line 639, in _backward_relaxation
    lb_lower_d, ub_lower_d, zero_coeffs = self._relu_mask_alpha(lower, upper, lb_lower_d, ub_lower_d)
                                          ^^^^^^^^^^^^^^^^^^^^^^^^^^^^^^^^^^^^^^^^^^^^^^^^^^^^^^^^^^^
  File "/data1/Kane/GenBaB/alpha-beta-CROWN/complete_verifier/auto_LiRPA/operators/relu.py", line 580, in _relu_mask_alpha
    no_mask = (1. - lower_mask) * (1. - upper_mask.to(upper.dtype))
                                   ~~~^~~~~~~~~~~~~~~~~~~~~~~~~~~~
  File "/data1/Kane/miniconda3/envs/GenBaB/lib/python3.11/site-packages/torch/_tensor.py", line 45, in wrapped
    return f(self, *args, **kwargs)
           ^^^^^^^^^^^^^^^^^^^^^^^^
  File "/data1/Kane/miniconda3/envs/GenBaB/lib/python3.11/site-packages/torch/_tensor.py", line 1075, in __rsub__
    return _C._VariableFunctions.rsub(self, other)
           ^^^^^^^^^^^^^^^^^^^^^^^^^^^^^^^^^^^^^^^
torch.OutOfMemoryError: CUDA out of memory. Tried to allocate 678.00 MiB. GPU 0 has a total capacity of 94.96 GiB of which 628.81 MiB is free. Process 2687037 has 690.00 MiB memory in use. Process 4074470 has 44.67 GiB memory in use. Including non-PyTorch memory, this process has 48.94 GiB memory in use. Of the allocated memory 39.16 GiB is allocated by PyTorch, and 9.12 GiB is reserved by PyTorch but unallocated. If reserved but unallocated memory is large try setting PYTORCH_CUDA_ALLOC_CONF=expandable_segments:True to avoid fragmentation.  See documentation for Memory Management  (https://pytorch.org/docs/stable/notes/cuda.html#environment-variables)

------------------------- COMMAND ------------------------------
/data1/Kane/miniconda3/envs/GenBaB/bin/python /data1/Kane/GenBaB/alpha-beta-CROWN/complete_verifier/abcrown.py --config /data1/Kane/GenBaB/alpha-beta-CROWN/complete_verifier/exp_configs/vnncomp24/cifar100.yaml --precompile_jit --onnx_path /data1/Kane/data/vnncomp2025_benchmarks/benchmarks/cifar100_2024/onnx/CIFAR100_resnet_medium.onnx --vnnlib_path /data1/Kane/data/vnncomp2025_benchmarks/benchmarks/cifar100_2024/vnnlib/CIFAR100_resnet_medium_prop_idx_4597_sidx_282_eps_0.0039.vnnlib --results_file /data1/Kane/ACT/audit_results/abcrown_nopgd_20260525/cifar100_2024/0045__CIFAR100_resnet_medium__CIFAR100_resnet_medium_prop_idx_4597_sidx_282_eps_0.0039.result --timeout 100.0 --save_adv_example --pgd_order=skip
----------------------------------------------------------------

