[0;93m2026-05-26 17:50:44.574217296 [W:onnxruntime:Default, device_discovery.cc:325 DiscoverDevicesForPlatform] GPU device discovery failed: device_discovery.cc:92 ReadFileContents Failed to open file: "/sys/class/drm/card0/device/vendor"[m
Configurations:

general:
  device: cuda
  seed: 100
  conv_mode: patches
  deterministic: false
  double_fp: false
  loss_reduction_func: sum
  sparse_alpha: true
  sparse_interm: true
  save_adv_example: true
  verify_onnxruntime_output: false
  eval_adv_example: false
  show_adv_example: false
  precompile_jit: true
  prepare_only: false
  complete_verifier: bab
  enable_incomplete_verification: true
  csv_name: instances.csv
  results_file: /data1/Kane/ACT/audit_results/abcrown_nopgd_20260525/cifar100_2024/0154__CIFAR100_resnet_large__CIFAR100_resnet_large_prop_idx_4652_sidx_1371_eps_0.0039.result
  root_path: ../../vnncomp2024_benchmarks/benchmarks/cifar100
  deterministic_opt: false
  graph_optimizer: 'Customized("custom_graph_optimizer", "default_optimizer")'
  buffer_has_batchdim: false
  save_output: false
  output_file: out.pkl
  return_optimized_model: false
model:
  name: null
  path: null
  onnx_path: /data1/Kane/data/vnncomp2025_benchmarks/benchmarks/cifar100_2024/onnx/CIFAR100_resnet_large.onnx
  onnx_path_prefix: ''
  cache_onnx_conversion: false
  debug_onnx: false
  onnx_quirks: null
  input_shape: null
  onnx_loader: default_onnx_and_vnnlib_loader
  onnx_optimization_flags: [merge_bn]
  onnx_vnnlib_joint_optimization_flags: none
  check_optimized: false
  flatten_final_output: false
  optimize_graph: null
  with_jacobian: false
data:
  start: 0
  end: 10000
  select_instance: null
  num_outputs: 10
  mean: 0.0
  std: 1.0
  pkl_path: null
  dataset: null
  data_filter_path: null
  data_idx_file: null
specification:
  type: lp
  robustness_type: verified-acc
  norm: .inf
  epsilon: null
  epsilon_min: 0.0
  vnnlib_path: /data1/Kane/data/vnncomp2025_benchmarks/benchmarks/cifar100_2024/vnnlib/CIFAR100_resnet_large_prop_idx_4652_sidx_1371_eps_0.0039.vnnlib
  vnnlib_path_prefix: ''
  rhs_offset: null
solver:
  batch_size: 256
  auto_enlarge_batch_size: true
  min_batch_size_ratio: 0.1
  use_float64_in_last_iteration: false
  early_stop_patience: 10
  start_save_best: 0.5
  bound_prop_method: alpha-crown
  init_bound_prop_method: same
  prune_after_crown: true
  optimize_disjuncts_separately: false
  crown:
    batch_size: 1000000000
    max_crown_size: 1000000000
    activation_bound_option: adaptive
    compare_crown_with_ibp: false
  alpha-crown:
    alpha: true
    lr_alpha: 0.25
    iteration: 20
    share_alphas: false
    lr_decay: 0.98
    full_conv_alpha: false
    max_coeff_mul: .inf
    matmul_share_alphas: false
    disable_optimization: []
    max_time: 1.0
  invprop:
    apply_output_constraints_to: []
    tighten_input_bounds: false
    best_of_oc_and_no_oc: false
    directly_optimize: []
    oc_lr: 0.1
    share_gammas: false
  beta-crown:
    lr_alpha: 0.1
    lr_beta: 0.2
    lr_decay: 0.98
    optimizer: adam
    iteration: 10
    beta: true
    beta_warmup: true
    enable_opt_interm_bounds: false
    all_node_split_LP: false
  forward:
    refine: false
    max_dim: 10000
    reset_threshold: 1.0
  multi_class:
    label_batch_size: 32
    skip_with_refined_bound: true
  mip:
    unstable_neuron_threshold: 0
    parallel_solvers: null
    solver_threads: 1
    refine_neuron_timeout: 15
    refine_neuron_time_percentage: 0.8
    early_stop: true
    adv_warmup: true
    mip_solver: gurobi
    skip_unsafe: false
    topk_filter: 1.0
    sliding_window: -1
    extra_constraint: false
    refine_neuron_timeout_increasement: 0
    timeout_neuron_percentage: 0.3
    remaining_timeout_threshold: 1
    remove_unstable_neurons: false
    lp_solver: false
bab:
  initial_max_domains: 100
  backing_up_max_domain: null
  max_domains: .inf
  decision_thresh: 0
  timeout: 100.0
  timeout_scale: 1
  max_iterations: -1
  override_timeout: null
  get_upper_bound: false
  pruning_in_iteration: true
  pruning_in_iteration_ratio: 0.2
  sort_targets: false
  batched_domain_list: true
  optimized_interm: ''
  interm_transfer: false
  recompute_interm: false
  sort_domain_interval: -1
  vanilla_crown: false
  tree_traversal: depth_first
  cut:
    enabled: false
    cuts_path: /tmp/abcrown_cuts
    implication: false
    bab_cut: false
    lp_cut: false
    method: null
    lr: 0.01
    lr_decay: 1.0
    iteration: 100
    bab_iteration: -1
    early_stop_patience: -1
    lr_beta: 0.02
    number_cuts: 50
    topk_cuts_in_filter: 1000
    batch_size_primal: 100
    max_num: 1000000000
    patches_cut: false
    cplex_cuts: false
    cplex_cuts_wait: 0
    cplex_cuts_revpickup: true
    cut_reference_bounds: true
    fix_intermediate_bounds: false
    biccos:
      enabled: false
      constraint_strengthening: true
      recursively_strengthening: false
      drop_ratio: 0.5
      verified_bonus: 0.3
      max_infer_iter: 20
      heuristic: neuron_influence_score
      save_biccos_cuts: false
      multi_tree_branching:
        enabled: false
        restore_best_tree: false
        keep_n_best_domains: 1
        k_splits: 1
        iterations: 1
  branching:
    method: kfsb
    candidates: 7
    reduceop: max
    enable_intermediate_bound_opt: false
    branching_input_and_activation: false
    branching_input_and_activation_order: [input, relu]
    branching_input_iterations: 30
    branching_relu_iterations: 50
    nonlinear_split:
      method: bbps
      disable: false
      branching_point_method: uniform
      num_branches: 2
      filter: false
      filter_beta: false
      filter_clamp: false
      filter_batch_size: 10000
      filter_iterations: 25
      relu_only: false
      loose_tanh_threshold: null
      branching_point:
        db_path: branching_points.pt
        num_iterations: 1000
        batch_size: 1000000
        range_l: -5.0
        range_u: 5.0
        log_interval: 100
        step_size_1d: 0.01
        step_size: 0.2
    input_split:
      enable_clip_domains: false
      split_hint: null
      reorder_bab: false
      enable: false
      enhanced_bound_prop_method: alpha-crown
      enhanced_branching_method: naive
      enhanced_bound_patience: 100000000.0
      attack_patience: 100000000.0
      adv_check: 0
      split_partitions: 2
      sb_margin_weight: 1.0
      sb_sum: false
      sb_primary_spec: null
      bf_backup_thresh: -1
      bf_rhs_offset: 0
      bf_iters: 1000000000.0
      bf_batch_size: 100000
      bf_zero_crossing_score: false
      touch_zero_score: 0
      ibp_enhancement: false
      compare_with_old_bounds: false
      update_rhs_with_attack: false
      sb_coeff_thresh: 0.001
      sort_index: null
      sort_descending: true
      show_progress: false
      presplit_domains: null
      skip_getting_worst_domain: false
  attack:
    enabled: false
    beam_candidates: 8
    beam_depth: 7
    max_dive_fix_ratio: 0.8
    min_local_free_ratio: 0.2
    mip_start_iteration: 5
    mip_timeout: 30.0
    adv_pool_threshold: null
    refined_mip_attacker: false
    refined_batch_size: null
attack:
  pgd_order: skip
  pgd_steps: 100
  pgd_restarts: 10
  pgd_batch_size: 100000000
  pgd_early_stop: true
  pgd_lr_decay: 0.99
  pgd_alpha: auto
  pgd_alpha_scale: false
  pgd_loss_mode: null
  pgd_restart_when_stuck: false
  enable_mip_attack: false
  adv_saver: default_adv_saver
  adv_verifier: default_adv_verifier
  early_stop_condition: default_early_stop_condition
  adv_example_finalizer: default_adv_example_finalizer
  pgd_loss: default_pgd_loss
  cex_path: ./test_cex.txt
  attack_mode: PGD
  attack_tolerance: 0.0
  attack_func: attack_with_general_specs
  gama_lambda: 10.0
  gama_decay: 0.9
  check_clean: false
  input_split:
    pgd_steps: 100
    pgd_restarts: 30
    pgd_alpha: auto
  input_split_enhanced:
    pgd_steps: 200
    pgd_restarts: 500000
    pgd_alpha: auto
  input_split_check_adv:
    enabled: auto
    pgd_steps: 5
    pgd_restarts: 5
    pgd_alpha: auto
    max_num_domains: 10
debug:
  view_model: false
  lp_test: null
  rescale_vnnlib_ptb: null
  test_optimized_bounds: false
  test_optimized_bounds_after_n_iterations: 0
  print_verbose_decisions: false
  sanity_check: null
  save_minimal_config: null
  save_minimal_config_omit_keys: []

Experiments at Tue May 26 17:50:45 2026 on dell-pro-max-tower-t2
Pre-compile jit kernels on a toy network...
JIT kernels compiled in 1.3372s./data1/Kane/miniconda3/envs/GenBaB/lib/python3.11/site-packages/onnx2pytorch/convert/model.py:151: UserWarning: Using experimental implementation that allows 'batch_size > 1'.Batchnorm layers could potentially produce false outputs.
  warnings.warn(
/data1/Kane/miniconda3/envs/GenBaB/lib/python3.11/site-packages/onnx2pytorch/utils.py:21: TracerWarning: Converting a tensor to a Python boolean might cause the trace to be incorrect. We can't record the data flow of Python values, so this value will be treated as a constant in the future. This means that the trace might not generalize to other inputs!
  return value.ndim == 0 or value.shape == torch.Size([1])
/data1/Kane/miniconda3/envs/GenBaB/lib/python3.11/site-packages/onnx2pytorch/operations/add.py:34: TracerWarning: Converting a tensor to a Python boolean might cause the trace to be incorrect. We can't record the data flow of Python values, so this value will be treated as a constant in the future. This means that the trace might not generalize to other inputs!
  elif all(x == 1 for x in input[0].shape):

Internal results will be saved to /data1/Kane/ACT/audit_results/abcrown_nopgd_20260525/cifar100_2024/0154__CIFAR100_resnet_large__CIFAR100_resnet_large_prop_idx_4652_sidx_1371_eps_0.0039.result.

 %%%%%%%%%%%%%%%%%%%%%%%%%%%%%%%%%%% idx: 0, vnnlib ID: 0 %%%%%%%%%%%%%%%%%%%%%%%%%%%%%%%%%%%
Using onnx /data1/Kane/data/vnncomp2025_benchmarks/benchmarks/cifar100_2024/onnx/CIFAR100_resnet_large.onnx
Using vnnlib /data1/Kane/data/vnncomp2025_benchmarks/benchmarks/cifar100_2024/vnnlib/CIFAR100_resnet_large_prop_idx_4652_sidx_1371_eps_0.0039.vnnlib
3072 inputs and 100 outputs in vnnlib
Loading onnx /data1/Kane/data/vnncomp2025_benchmarks/benchmarks/cifar100_2024/onnx/CIFAR100_resnet_large.onnx with quirks {}
Onnx optimization with flags: ['merge_bn']
Found existed optimized onnx model at /data1/Kane/data/vnncomp2025_benchmarks/benchmarks/cifar100_2024/onnx/CIFAR100_resnet_large.onnx.optimized
Finished onnx model loading in 0.1121 seconds
Model: BoundedModule(
  (/input-1): BoundInput(name=/input-1, inputs=[], perturbed=True)
  (/45): BoundParams(name=/45, inputs=[], perturbed=False)
  (/46): BoundParams(name=/46, inputs=[], perturbed=False)
  (/47): BoundParams(name=/47, inputs=[], perturbed=False)
  (/48): BoundParams(name=/48, inputs=[], perturbed=False)
  (/49): BoundParams(name=/49, inputs=[], perturbed=False)
  (/50): BoundParams(name=/50, inputs=[], perturbed=False)
  (/51): BoundParams(name=/51, inputs=[], perturbed=False)
  (/52): BoundParams(name=/52, inputs=[], perturbed=False)
  (/53): BoundParams(name=/53, inputs=[], perturbed=False)
  (/54): BoundParams(name=/54, inputs=[], perturbed=False)
  (/55): BoundParams(name=/55, inputs=[], perturbed=False)
  (/56): BoundParams(name=/56, inputs=[], perturbed=False)
  (/57): BoundParams(name=/57, inputs=[], perturbed=False)
  (/58): BoundParams(name=/58, inputs=[], perturbed=False)
  (/59): BoundParams(name=/59, inputs=[], perturbed=False)
  (/60): BoundParams(name=/60, inputs=[], perturbed=False)
  (/61): BoundParams(name=/61, inputs=[], perturbed=False)
  (/62): BoundParams(name=/62, inputs=[], perturbed=False)
  (/63): BoundParams(name=/63, inputs=[], perturbed=False)
  (/64): BoundParams(name=/64, inputs=[], perturbed=False)
  (/65): BoundParams(name=/65, inputs=[], perturbed=False)
  (/66): BoundParams(name=/66, inputs=[], perturbed=False)
  (/67): BoundParams(name=/67, inputs=[], perturbed=False)
  (/68): BoundParams(name=/68, inputs=[], perturbed=False)
  (/69): BoundParams(name=/69, inputs=[], perturbed=False)
  (/70): BoundParams(name=/70, inputs=[], perturbed=False)
  (/71): BoundParams(name=/71, inputs=[], perturbed=False)
  (/72): BoundParams(name=/72, inputs=[], perturbed=False)
  (/73): BoundParams(name=/73, inputs=[], perturbed=False)
  (/74): BoundParams(name=/74, inputs=[], perturbed=False)
  (/75): BoundParams(name=/75, inputs=[], perturbed=False)
  (/76): BoundParams(name=/76, inputs=[], perturbed=False)
  (/77): BoundParams(name=/77, inputs=[], perturbed=False)
  (/78): BoundParams(name=/78, inputs=[], perturbed=False)
  (/79): BoundParams(name=/79, inputs=[], perturbed=False)
  (/80): BoundParams(name=/80, inputs=[], perturbed=False)
  (/81): BoundParams(name=/81, inputs=[], perturbed=False)
  (/82): BoundParams(name=/82, inputs=[], perturbed=False)
  (/83): BoundParams(name=/83, inputs=[], perturbed=False)
  (/84): BoundParams(name=/84, inputs=[], perturbed=False)
  (/85): BoundParams(name=/85, inputs=[], perturbed=False)
  (/86): BoundParams(name=/86, inputs=[], perturbed=False)
  (/87): BoundParams(name=/87, inputs=[], perturbed=False)
  (/88): BoundParams(name=/88, inputs=[], perturbed=False)
  (/input): BoundConv(name=/input, inputs=[/input-1, /45, /46], perturbed=True)
  (/input-4): BoundRelu(name=/input-4, inputs=[/input], perturbed=True)
  (/input-8): BoundConv(name=/input-8, inputs=[/input-4, /47, /48], perturbed=True)
  (/input-12): BoundRelu(name=/input-12, inputs=[/input-8], perturbed=True)
  (/93): BoundConv(name=/93, inputs=[/input-12, /49, /50], perturbed=True)
  (/94): BoundAdd(name=/94, inputs=[/93, /input-4], perturbed=True)
  (/input-16): BoundConv(name=/input-16, inputs=[/94, /51, /52], perturbed=True)
  (/input-20): BoundRelu(name=/input-20, inputs=[/input-16], perturbed=True)
  (/97): BoundConv(name=/97, inputs=[/input-20, /53, /54], perturbed=True)
  (/98): BoundAdd(name=/98, inputs=[/97, /94], perturbed=True)
  (/input-24): BoundConv(name=/input-24, inputs=[/98, /55, /56], perturbed=True)
  (/input-28): BoundRelu(name=/input-28, inputs=[/input-24], perturbed=True)
  (/101): BoundConv(name=/101, inputs=[/input-28, /57, /58], perturbed=True)
  (/102): BoundConv(name=/102, inputs=[/98, /59, /60], perturbed=True)
  (/103): BoundAdd(name=/103, inputs=[/101, /102], perturbed=True)
  (/input-32): BoundConv(name=/input-32, inputs=[/103, /61, /62], perturbed=True)
  (/input-36): BoundRelu(name=/input-36, inputs=[/input-32], perturbed=True)
  (/106): BoundConv(name=/106, inputs=[/input-36, /63, /64], perturbed=True)
  (/107): BoundAdd(name=/107, inputs=[/106, /103], perturbed=True)
  (/input-40): BoundConv(name=/input-40, inputs=[/107, /65, /66], perturbed=True)
  (/input-44): BoundRelu(name=/input-44, inputs=[/input-40], perturbed=True)
  (/110): BoundConv(name=/110, inputs=[/input-44, /67, /68], perturbed=True)
  (/111): BoundConv(name=/111, inputs=[/107, /69, /70], perturbed=True)
  (/112): BoundAdd(name=/112, inputs=[/110, /111], perturbed=True)
  (/input-48): BoundConv(name=/input-48, inputs=[/112, /71, /72], perturbed=True)
  (/input-52): BoundRelu(name=/input-52, inputs=[/input-48], perturbed=True)
  (/115): BoundConv(name=/115, inputs=[/input-52, /73, /74], perturbed=True)
  (/116): BoundAdd(name=/116, inputs=[/115, /112], perturbed=True)
  (/input-56): BoundConv(name=/input-56, inputs=[/116, /75, /76], perturbed=True)
  (/input-60): BoundRelu(name=/input-60, inputs=[/input-56], perturbed=True)
  (/119): BoundConv(name=/119, inputs=[/input-60, /77, /78], perturbed=True)
  (/120): BoundConv(name=/120, inputs=[/116, /79, /80], perturbed=True)
  (/121): BoundAdd(name=/121, inputs=[/119, /120], perturbed=True)
  (/input-64): BoundConv(name=/input-64, inputs=[/121, /81, /82], perturbed=True)
  (/input-68): BoundRelu(name=/input-68, inputs=[/input-64], perturbed=True)
  (/124): BoundConv(name=/124, inputs=[/input-68, /83, /84], perturbed=True)
  (/125): BoundAdd(name=/125, inputs=[/124, /121], perturbed=True)
  (/126): BoundFlatten(name=/126, inputs=[/125], perturbed=True)
  (/input-72): BoundLinear(name=/input-72, inputs=[/126, /85, /86], perturbed=True)
  (/128): BoundRelu(name=/128, inputs=[/input-72], perturbed=True)
  (/129): BoundLinear(name=/129, inputs=[/128, /87, /88], perturbed=True)
)
Original output: tensor([[-11.87724209,  -5.46926689, -10.15217876, -10.44633865,  -7.62485266,
          -8.98686409, -12.82287312, -10.89060593, -10.53522301,  -8.34277344,
          -6.08934069, -10.65195560,  -3.38414073,  -5.30975533,  -7.91405773,
          -5.15520144,  -9.66265106,  -6.35699368,  -8.10843086,  -7.72552443,
          -6.92869329, -12.97221279,  -8.38024044,  -6.95072460,  -9.94411945,
          -7.11967611,  -4.15462780,  -6.43456888,  -8.16374302,  -5.60856724,
          -4.11883307,  -9.21428680,  -4.58280182,  -8.27664375, -12.67468834,
         -11.01042080, -14.30795765,  -5.22000122,  -9.85735321,  -8.35721874,
          -6.15265322,  -8.80627441, -11.53928757, -13.85252380,  -5.65233946,
          -7.15286636,  -8.21614933,  -9.26878834, -10.91869354,  -3.98065948,
          -8.59110165,  -7.15268564, -11.85139561, -14.29916382,  -6.69953060,
          -5.63477468,  -9.49913597,  -8.62312794,  -3.99077034,  -7.60699224,
          -9.70188522,  -9.73247242,  -8.87119865, -10.97153854,  -9.25458717,
          -9.14215374, -11.29388046,  -2.51568794,  -8.76046753,  -1.99035764,
          -6.79652357,  -7.86557674,  -4.89708614,  -1.36908817,  -9.13837528,
          -6.23772812,  -6.13046169,  -8.28298473,  -9.13564205,  -7.31675959,
         -10.03491020,  -7.06108856,  -8.09676361,  -8.96844387,  -7.71281576,
          -1.56870484,  -9.98295021,  -7.39913130, -14.03243256,  -8.36159039,
          -5.55649042,  -2.87715888,  -7.09087133,  -1.54749513, -15.92373753,
          -1.02447915, -10.05319977, -10.40750790,  -9.90027142,  -6.08395195]],
       device='cuda:0')
Split layers:
Nonlinear functions:
   BoundRelu(name=/input-4, inputs=[/input], perturbed=True)
   BoundRelu(name=/input-12, inputs=[/input-8], perturbed=True)
   BoundRelu(name=/input-20, inputs=[/input-16], perturbed=True)
   BoundRelu(name=/input-28, inputs=[/input-24], perturbed=True)
   BoundRelu(name=/input-36, inputs=[/input-32], perturbed=True)
   BoundRelu(name=/input-44, inputs=[/input-40], perturbed=True)
   BoundRelu(name=/input-52, inputs=[/input-48], perturbed=True)
   BoundRelu(name=/input-60, inputs=[/input-56], perturbed=True)
   BoundRelu(name=/input-68, inputs=[/input-64], perturbed=True)
   BoundRelu(name=/128, inputs=[/input-72], perturbed=True)
layer /input-4 using sparse-features alpha with shape [648]; unstable size 648; total size 65536 ([1, 64, 32, 32])
layer /input-4 start_node /input-8 using sparse-spec alpha [2, 46, 1, 648] with unstable size 45 total_size 64 output_shape 64
layer /input-4 start_node /input-24 using sparse-spec alpha [2, 48, 1, 648] with unstable size 47 total_size 128 output_shape 128
layer /input-4 start_node /input-40 using sparse-spec alpha [2, 54, 1, 648] with unstable size 53 total_size 128 output_shape 128
layer /input-4 start_node /input-56 using sparse-spec alpha [2, 1, 1, 648] with unstable size 0 total_size 4096 output_shape torch.Size([256, 4, 4])
layer /input-4 start_node /input-72 using sparse-spec alpha [2, 7, 1, 648] with unstable size 6 total_size 100 output_shape torch.Size([100])
layer /input-4 start_node /129 using full alpha [2, 99, 1, 648] with unstable size None total_size 99 output_shape 99
layer /input-12 using sparse-features alpha with shape [822]; unstable size 822; total size 65536 ([1, 64, 32, 32])
layer /input-12 start_node /input-24 using sparse-spec alpha [2, 48, 1, 822] with unstable size 47 total_size 128 output_shape 128
layer /input-12 start_node /input-40 using sparse-spec alpha [2, 54, 1, 822] with unstable size 53 total_size 128 output_shape 128
layer /input-12 start_node /input-56 using sparse-spec alpha [2, 1, 1, 822] with unstable size 0 total_size 4096 output_shape torch.Size([256, 4, 4])
layer /input-12 start_node /input-72 using sparse-spec alpha [2, 7, 1, 822] with unstable size 6 total_size 100 output_shape torch.Size([100])
layer /input-12 start_node /129 using full alpha [2, 99, 1, 822] with unstable size None total_size 99 output_shape 99
layer /input-20 using sparse-features alpha with shape [0]; unstable size 0; total size 65536 ([1, 64, 32, 32])
layer /input-20 start_node /input-24 using sparse-spec alpha [2, 48, 1, 0] with unstable size 47 total_size 128 output_shape 128
layer /input-20 start_node /input-40 using sparse-spec alpha [2, 54, 1, 0] with unstable size 53 total_size 128 output_shape 128
layer /input-20 start_node /input-56 using sparse-spec alpha [2, 1, 1, 0] with unstable size 0 total_size 4096 output_shape torch.Size([256, 4, 4])
layer /input-20 start_node /input-72 using sparse-spec alpha [2, 7, 1, 0] with unstable size 6 total_size 100 output_shape torch.Size([100])
layer /input-20 start_node /129 using full alpha [2, 99, 1, 0] with unstable size None total_size 99 output_shape 99
layer /input-28 using sparse-features alpha with shape [167]; unstable size 167; total size 32768 ([1, 128, 16, 16])
layer /input-28 start_node /input-40 using sparse-spec alpha [2, 54, 1, 167] with unstable size 53 total_size 128 output_shape 128
layer /input-28 start_node /input-56 using sparse-spec alpha [2, 1, 1, 167] with unstable size 0 total_size 4096 output_shape torch.Size([256, 4, 4])
layer /input-28 start_node /input-72 using sparse-spec alpha [2, 7, 1, 167] with unstable size 6 total_size 100 output_shape torch.Size([100])
layer /input-28 start_node /129 using full alpha [2, 99, 1, 167] with unstable size None total_size 99 output_shape 99
layer /input-36 using sparse-features alpha with shape [0]; unstable size 0; total size 32768 ([1, 128, 16, 16])
layer /input-36 start_node /input-40 using sparse-spec alpha [2, 54, 1, 0] with unstable size 53 total_size 128 output_shape 128
layer /input-36 start_node /input-56 using sparse-spec alpha [2, 1, 1, 0] with unstable size 0 total_size 4096 output_shape torch.Size([256, 4, 4])
layer /input-36 start_node /input-72 using sparse-spec alpha [2, 7, 1, 0] with unstable size 6 total_size 100 output_shape torch.Size([100])
layer /input-36 start_node /129 using full alpha [2, 99, 1, 0] with unstable size None total_size 99 output_shape 99
layer /input-44 using sparse-features alpha with shape [106]; unstable size 106; total size 8192 ([1, 128, 8, 8])
layer /input-44 start_node /input-56 using sparse-spec alpha [2, 1, 1, 106] with unstable size 0 total_size 4096 output_shape torch.Size([256, 4, 4])
layer /input-44 start_node /input-72 using sparse-spec alpha [2, 7, 1, 106] with unstable size 6 total_size 100 output_shape torch.Size([100])
layer /input-44 start_node /129 using full alpha [2, 99, 1, 106] with unstable size None total_size 99 output_shape 99
layer /input-52 using sparse-features alpha with shape [0]; unstable size 0; total size 8192 ([1, 128, 8, 8])
layer /input-52 start_node /input-56 using sparse-spec alpha [2, 1, 1, 0] with unstable size 0 total_size 256 output_shape 256
layer /input-52 start_node /input-72 using sparse-spec alpha [2, 7, 1, 0] with unstable size 6 total_size 100 output_shape torch.Size([100])
layer /input-52 start_node /129 using full alpha [2, 99, 1, 0] with unstable size None total_size 99 output_shape 99
layer /input-60 using sparse-features alpha with shape [0]; unstable size 0; total size 4096 ([1, 256, 4, 4])
layer /input-60 start_node /input-72 using sparse-spec alpha [2, 7, 1, 0] with unstable size 6 total_size 100 output_shape torch.Size([100])
layer /input-60 start_node /129 using full alpha [2, 99, 1, 0] with unstable size None total_size 99 output_shape 99
layer /input-68 using sparse-features alpha with shape [0]; unstable size 0; total size 4096 ([1, 256, 4, 4])
layer /input-68 start_node /input-72 using sparse-spec alpha [2, 7, 1, 0] with unstable size 6 total_size 100 output_shape torch.Size([100])
layer /input-68 start_node /129 using full alpha [2, 99, 1, 0] with unstable size None total_size 99 output_shape 99
layer /128 using sparse-features alpha with shape [6]; unstable size 6; total size 100 ([1, 100])
layer /128 start_node /129 using full alpha [2, 99, 1, 6] with unstable size None total_size 99 output_shape 99
Optimizable variables initialized.
initial CROWN bounds: tensor([[ 1.00716705e+01,  3.78879142e+00,  8.64387512e+00,  8.85676765e+00,
          6.15302753e+00,  7.30712557e+00,  1.10289669e+01,  9.34396362e+00,
          8.76932144e+00,  6.73580074e+00,  4.40062284e+00,  9.04584312e+00,
          1.72917795e+00,  3.61935663e+00,  6.26855278e+00,  3.48866701e+00,
          8.02043915e+00,  4.47995377e+00,  6.49486637e+00,  5.94411755e+00,
          5.36720085e+00,  1.14730682e+01,  6.74716806e+00,  5.17318630e+00,
          8.39337444e+00,  5.54688454e+00,  2.60639715e+00,  4.84043026e+00,
          6.30639553e+00,  4.05863094e+00,  2.65486979e+00,  7.61953497e+00,
          3.06650543e+00,  6.55362511e+00,  1.09706526e+01,  9.38454819e+00,
          1.24637833e+01,  3.48116016e+00,  8.17122269e+00,  6.73699093e+00,
          4.59299660e+00,  7.14515686e+00,  9.88423157e+00,  1.21005802e+01,
          4.11984015e+00,  5.52579403e+00,  6.63639545e+00,  7.62200642e+00,
          8.98882103e+00,  2.23594284e+00,  6.99373341e+00,  5.57458162e+00,
          1.01429110e+01,  1.23886671e+01,  5.00875807e+00,  4.17853594e+00,
          7.68255949e+00,  6.77965927e+00,  2.17094326e+00,  5.88851261e+00,
          7.82026005e+00,  8.08281136e+00,  7.17923021e+00,  9.31533146e+00,
          7.45152426e+00,  7.45364332e+00,  9.51448631e+00,  8.85218859e-01,
          6.93722534e+00,  3.62149239e-01,  5.12035704e+00,  6.12448263e+00,
          3.40385866e+00, -9.39231515e-02,  7.63166618e+00,  4.60556698e+00,
          4.43831778e+00,  6.75015259e+00,  7.65896130e+00,  5.65625191e+00,
          8.47831154e+00,  5.36126041e+00,  6.26720715e+00,  7.33371258e+00,
          6.10520267e+00, -1.48887873e-01,  8.29197025e+00,  5.79993153e+00,
          1.23040171e+01,  6.54383612e+00,  3.79792738e+00,  1.31536102e+00,
          5.32788134e+00,  1.22554600e-02,  1.42232056e+01,  8.26075172e+00,
          8.72264481e+00,  8.36255169e+00,  4.53439140e+00]], device='cuda:0') None
prune_after_crown optimization in use: original label size = 99 pruned label size = 2
best_l after optimization: -0.18911361694335938
alpha/beta optimization time: 4.416189432144165
initial alpha-crown bounds: tensor([[        inf,         inf,         inf,         inf,         inf,
                 inf,         inf,         inf,         inf,         inf,
                 inf,         inf,         inf,         inf,         inf,
                 inf,         inf,         inf,         inf,         inf,
                 inf,         inf,         inf,         inf,         inf,
                 inf,         inf,         inf,         inf,         inf,
                 inf,         inf,         inf,         inf,         inf,
                 inf,         inf,         inf,         inf,         inf,
                 inf,         inf,         inf,         inf,         inf,
                 inf,         inf,         inf,         inf,         inf,
                 inf,         inf,         inf,         inf,         inf,
                 inf,         inf,         inf,         inf,         inf,
                 inf,         inf,         inf,         inf,         inf,
                 inf,         inf,         inf,         inf,         inf,
                 inf,         inf,         inf, -0.07913053,         inf,
                 inf,         inf,         inf,         inf,         inf,
                 inf,         inf,         inf,         inf,         inf,
         -0.10998309,         inf,         inf,         inf,         inf,
                 inf,         inf,         inf,         inf,         inf,
                 inf,         inf,         inf,         inf]], device='cuda:0')
Number of class (without rhs): 2 ; Worst class: (+ rhs) -0.10998308658599854
Total VNNLIB file length: 99, max property batch size: 100, total number of batches: 1
lA shape: [torch.Size([99, 1, 64, 32, 32]), torch.Size([99, 1, 64, 32, 32]), torch.Size([99, 1, 64, 32, 32]), torch.Size([99, 1, 128, 16, 16]), torch.Size([99, 1, 128, 16, 16]), torch.Size([99, 1, 128, 8, 8]), torch.Size([99, 1, 128, 8, 8]), torch.Size([99, 1, 256, 4, 4]), torch.Size([99, 1, 256, 4, 4]), torch.Size([99, 1, 100])]

Properties batch 0, size 99
Remaining timeout: 93.94999027252197
Verifying property 0 with 99 instances.
##### Instance 0 first 10 spec matrices: 
tensor([[[-1.,  0.,  0.,  0.,  0.,  0.,  0.,  0.,  0.,  0.,  0.,  0.,  0.,  0.,
           0.,  0.,  0.,  0.,  0.,  0.,  0.,  0.,  0.,  0.,  0.,  0.,  0.,  0.,
           0.,  0.,  0.,  0.,  0.,  0.,  0.,  0.,  0.,  0.,  0.,  0.,  0.,  0.,
           0.,  0.,  0.,  0.,  0.,  0.,  0.,  0.,  0.,  0.,  0.,  0.,  0.,  0.,
           0.,  0.,  0.,  0.,  0.,  0.,  0.,  0.,  0.,  0.,  0.,  0.,  0.,  0.,
           0.,  0.,  0.,  0.,  0.,  0.,  0.,  0.,  0.,  0.,  0.,  0.,  0.,  0.,
           0.,  0.,  0.,  0.,  0.,  0.,  0.,  0.,  0.,  0.,  0.,  1.,  0.,  0.,
           0.,  0.]],

        [[ 0., -1.,  0.,  0.,  0.,  0.,  0.,  0.,  0.,  0.,  0.,  0.,  0.,  0.,
           0.,  0.,  0.,  0.,  0.,  0.,  0.,  0.,  0.,  0.,  0.,  0.,  0.,  0.,
           0.,  0.,  0.,  0.,  0.,  0.,  0.,  0.,  0.,  0.,  0.,  0.,  0.,  0.,
           0.,  0.,  0.,  0.,  0.,  0.,  0.,  0.,  0.,  0.,  0.,  0.,  0.,  0.,
           0.,  0.,  0.,  0.,  0.,  0.,  0.,  0.,  0.,  0.,  0.,  0.,  0.,  0.,
           0.,  0.,  0.,  0.,  0.,  0.,  0.,  0.,  0.,  0.,  0.,  0.,  0.,  0.,
           0.,  0.,  0.,  0.,  0.,  0.,  0.,  0.,  0.,  0.,  0.,  1.,  0.,  0.,
           0.,  0.]],

        [[ 0.,  0., -1.,  0.,  0.,  0.,  0.,  0.,  0.,  0.,  0.,  0.,  0.,  0.,
           0.,  0.,  0.,  0.,  0.,  0.,  0.,  0.,  0.,  0.,  0.,  0.,  0.,  0.,
           0.,  0.,  0.,  0.,  0.,  0.,  0.,  0.,  0.,  0.,  0.,  0.,  0.,  0.,
           0.,  0.,  0.,  0.,  0.,  0.,  0.,  0.,  0.,  0.,  0.,  0.,  0.,  0.,
           0.,  0.,  0.,  0.,  0.,  0.,  0.,  0.,  0.,  0.,  0.,  0.,  0.,  0.,
           0.,  0.,  0.,  0.,  0.,  0.,  0.,  0.,  0.,  0.,  0.,  0.,  0.,  0.,
           0.,  0.,  0.,  0.,  0.,  0.,  0.,  0.,  0.,  0.,  0.,  1.,  0.,  0.,
           0.,  0.]],

        [[ 0.,  0.,  0., -1.,  0.,  0.,  0.,  0.,  0.,  0.,  0.,  0.,  0.,  0.,
           0.,  0.,  0.,  0.,  0.,  0.,  0.,  0.,  0.,  0.,  0.,  0.,  0.,  0.,
           0.,  0.,  0.,  0.,  0.,  0.,  0.,  0.,  0.,  0.,  0.,  0.,  0.,  0.,
           0.,  0.,  0.,  0.,  0.,  0.,  0.,  0.,  0.,  0.,  0.,  0.,  0.,  0.,
           0.,  0.,  0.,  0.,  0.,  0.,  0.,  0.,  0.,  0.,  0.,  0.,  0.,  0.,
           0.,  0.,  0.,  0.,  0.,  0.,  0.,  0.,  0.,  0.,  0.,  0.,  0.,  0.,
           0.,  0.,  0.,  0.,  0.,  0.,  0.,  0.,  0.,  0.,  0.,  1.,  0.,  0.,
           0.,  0.]],

        [[ 0.,  0.,  0.,  0., -1.,  0.,  0.,  0.,  0.,  0.,  0.,  0.,  0.,  0.,
           0.,  0.,  0.,  0.,  0.,  0.,  0.,  0.,  0.,  0.,  0.,  0.,  0.,  0.,
           0.,  0.,  0.,  0.,  0.,  0.,  0.,  0.,  0.,  0.,  0.,  0.,  0.,  0.,
           0.,  0.,  0.,  0.,  0.,  0.,  0.,  0.,  0.,  0.,  0.,  0.,  0.,  0.,
           0.,  0.,  0.,  0.,  0.,  0.,  0.,  0.,  0.,  0.,  0.,  0.,  0.,  0.,
           0.,  0.,  0.,  0.,  0.,  0.,  0.,  0.,  0.,  0.,  0.,  0.,  0.,  0.,
           0.,  0.,  0.,  0.,  0.,  0.,  0.,  0.,  0.,  0.,  0.,  1.,  0.,  0.,
           0.,  0.]],

        [[ 0.,  0.,  0.,  0.,  0., -1.,  0.,  0.,  0.,  0.,  0.,  0.,  0.,  0.,
           0.,  0.,  0.,  0.,  0.,  0.,  0.,  0.,  0.,  0.,  0.,  0.,  0.,  0.,
           0.,  0.,  0.,  0.,  0.,  0.,  0.,  0.,  0.,  0.,  0.,  0.,  0.,  0.,
           0.,  0.,  0.,  0.,  0.,  0.,  0.,  0.,  0.,  0.,  0.,  0.,  0.,  0.,
           0.,  0.,  0.,  0.,  0.,  0.,  0.,  0.,  0.,  0.,  0.,  0.,  0.,  0.,
           0.,  0.,  0.,  0.,  0.,  0.,  0.,  0.,  0.,  0.,  0.,  0.,  0.,  0.,
           0.,  0.,  0.,  0.,  0.,  0.,  0.,  0.,  0.,  0.,  0.,  1.,  0.,  0.,
           0.,  0.]],

        [[ 0.,  0.,  0.,  0.,  0.,  0., -1.,  0.,  0.,  0.,  0.,  0.,  0.,  0.,
           0.,  0.,  0.,  0.,  0.,  0.,  0.,  0.,  0.,  0.,  0.,  0.,  0.,  0.,
           0.,  0.,  0.,  0.,  0.,  0.,  0.,  0.,  0.,  0.,  0.,  0.,  0.,  0.,
           0.,  0.,  0.,  0.,  0.,  0.,  0.,  0.,  0.,  0.,  0.,  0.,  0.,  0.,
           0.,  0.,  0.,  0.,  0.,  0.,  0.,  0.,  0.,  0.,  0.,  0.,  0.,  0.,
           0.,  0.,  0.,  0.,  0.,  0.,  0.,  0.,  0.,  0.,  0.,  0.,  0.,  0.,
           0.,  0.,  0.,  0.,  0.,  0.,  0.,  0.,  0.,  0.,  0.,  1.,  0.,  0.,
           0.,  0.]],

        [[ 0.,  0.,  0.,  0.,  0.,  0.,  0., -1.,  0.,  0.,  0.,  0.,  0.,  0.,
           0.,  0.,  0.,  0.,  0.,  0.,  0.,  0.,  0.,  0.,  0.,  0.,  0.,  0.,
           0.,  0.,  0.,  0.,  0.,  0.,  0.,  0.,  0.,  0.,  0.,  0.,  0.,  0.,
           0.,  0.,  0.,  0.,  0.,  0.,  0.,  0.,  0.,  0.,  0.,  0.,  0.,  0.,
           0.,  0.,  0.,  0.,  0.,  0.,  0.,  0.,  0.,  0.,  0.,  0.,  0.,  0.,
           0.,  0.,  0.,  0.,  0.,  0.,  0.,  0.,  0.,  0.,  0.,  0.,  0.,  0.,
           0.,  0.,  0.,  0.,  0.,  0.,  0.,  0.,  0.,  0.,  0.,  1.,  0.,  0.,
           0.,  0.]],

        [[ 0.,  0.,  0.,  0.,  0.,  0.,  0.,  0., -1.,  0.,  0.,  0.,  0.,  0.,
           0.,  0.,  0.,  0.,  0.,  0.,  0.,  0.,  0.,  0.,  0.,  0.,  0.,  0.,
           0.,  0.,  0.,  0.,  0.,  0.,  0.,  0.,  0.,  0.,  0.,  0.,  0.,  0.,
           0.,  0.,  0.,  0.,  0.,  0.,  0.,  0.,  0.,  0.,  0.,  0.,  0.,  0.,
           0.,  0.,  0.,  0.,  0.,  0.,  0.,  0.,  0.,  0.,  0.,  0.,  0.,  0.,
           0.,  0.,  0.,  0.,  0.,  0.,  0.,  0.,  0.,  0.,  0.,  0.,  0.,  0.,
           0.,  0.,  0.,  0.,  0.,  0.,  0.,  0.,  0.,  0.,  0.,  1.,  0.,  0.,
           0.,  0.]],

        [[ 0.,  0.,  0.,  0.,  0.,  0.,  0.,  0.,  0., -1.,  0.,  0.,  0.,  0.,
           0.,  0.,  0.,  0.,  0.,  0.,  0.,  0.,  0.,  0.,  0.,  0.,  0.,  0.,
           0.,  0.,  0.,  0.,  0.,  0.,  0.,  0.,  0.,  0.,  0.,  0.,  0.,  0.,
           0.,  0.,  0.,  0.,  0.,  0.,  0.,  0.,  0.,  0.,  0.,  0.,  0.,  0.,
           0.,  0.,  0.,  0.,  0.,  0.,  0.,  0.,  0.,  0.,  0.,  0.,  0.,  0.,
           0.,  0.,  0.,  0.,  0.,  0.,  0.,  0.,  0.,  0.,  0.,  0.,  0.,  0.,
           0.,  0.,  0.,  0.,  0.,  0.,  0.,  0.,  0.,  0.,  0.,  1.,  0.,  0.,
           0.,  0.]]], dtype=torch.float64)
thresholds: tensor([0., 0., 0., 0., 0., 0., 0., 0., 0., 0.], device='cuda:0') ######
Initial alpha-CROWN verified for spec index tensor([ 0,  1,  2,  3,  4,  5,  6,  7,  8,  9, 10, 11, 12, 13, 14, 15, 16, 17,
        18, 19, 20, 21, 22, 23, 24, 25, 26, 27, 28, 29, 30, 31, 32, 33, 34, 35,
        36, 37, 38, 39, 40, 41, 42, 43, 44, 45, 46, 47, 48, 49, 50, 51, 52, 53,
        54, 55, 56, 57, 58, 59, 60, 61, 62, 63, 64, 65, 66, 67, 68, 69, 70, 71,
        72, 74, 75, 76, 77, 78, 79, 80, 81, 82, 83, 84, 86, 87, 88, 89, 90, 91,
        92, 93, 94, 95, 96, 97, 98], device='cuda:0') with bound tensor([inf, inf, inf, inf, inf, inf, inf, inf, inf, inf, inf, inf, inf, inf, inf, inf, inf, inf, inf, inf, inf, inf, inf, inf,
        inf, inf, inf, inf, inf, inf, inf, inf, inf, inf, inf, inf, inf, inf, inf, inf, inf, inf, inf, inf, inf, inf, inf, inf,
        inf, inf, inf, inf, inf, inf, inf, inf, inf, inf, inf, inf, inf, inf, inf, inf, inf, inf, inf, inf, inf, inf, inf, inf,
        inf, inf, inf, inf, inf, inf, inf, inf, inf, inf, inf, inf, inf, inf, inf, inf, inf, inf, inf, inf, inf, inf, inf, inf,
        inf], device='cuda:0').
Remaining spec index tensor([73, 85], device='cuda:0') with bounds tensor([[-0.07913053],
        [-0.10998309]], device='cuda:0') need to verify.
Model prediction is: tensor([-11.87724209,  -5.46926689, -10.15217876, -10.44633865,  -7.62485266,
         -8.98686409, -12.82287312, -10.89060593, -10.53522301,  -8.34277344,
         -6.08934069, -10.65195560,  -3.38414073,  -5.30975533,  -7.91405773,
         -5.15520144,  -9.66265106,  -6.35699368,  -8.10843086,  -7.72552443,
         -6.92869329, -12.97221279,  -8.38024044,  -6.95072460,  -9.94411945,
         -7.11967611,  -4.15462780,  -6.43456888,  -8.16374302,  -5.60856724,
         -4.11883307,  -9.21428680,  -4.58280182,  -8.27664375, -12.67468834,
        -11.01042080, -14.30795765,  -5.22000122,  -9.85735321,  -8.35721874,
         -6.15265322,  -8.80627441, -11.53928757, -13.85252380,  -5.65233946,
         -7.15286636,  -8.21614933,  -9.26878834, -10.91869354,  -3.98065948,
         -8.59110165,  -7.15268564, -11.85139561, -14.29916382,  -6.69953060,
         -5.63477468,  -9.49913597,  -8.62312794,  -3.99077034,  -7.60699224,
         -9.70188522,  -9.73247242,  -8.87119865, -10.97153854,  -9.25458717,
         -9.14215374, -11.29388046,  -2.51568794,  -8.76046753,  -1.99035764,
         -6.79652357,  -7.86557674,  -4.89708614,  -1.36908817,  -9.13837528,
         -6.23772812,  -6.13046169,  -8.28298473,  -9.13564205,  -7.31675959,
        -10.03491020,  -7.06108856,  -8.09676361,  -8.96844387,  -7.71281576,
         -1.56870484,  -9.98295021,  -7.39913130, -14.03243256,  -8.36159039,
         -5.55649042,  -2.87715888,  -7.09087133,  -1.54749513, -15.92373753,
         -1.02447915, -10.05319977, -10.40750790,  -9.90027142,  -6.08395195],
       device='cuda:0')
build_with_refined_bounds batch [1/1]
setting alpha for layer /input-4 start_node /129 with alignment adjustment
setting alpha for layer /input-12 start_node /129 with alignment adjustment
setting alpha for layer /input-20 start_node /129 with alignment adjustment
setting alpha for layer /input-28 start_node /129 with alignment adjustment
setting alpha for layer /input-36 start_node /129 with alignment adjustment
setting alpha for layer /input-44 start_node /129 with alignment adjustment
setting alpha for layer /input-52 start_node /129 with alignment adjustment
setting alpha for layer /input-60 start_node /129 with alignment adjustment
setting alpha for layer /input-68 start_node /129 with alignment adjustment
setting alpha for layer /128 start_node /129 with alignment adjustment
all alpha initialized
directly get lb and ub from refined bounds
c shape: torch.Size([2, 1, 100])
lA shapes: [torch.Size([2, 1, 64, 32, 32]), torch.Size([2, 1, 64, 32, 32]), torch.Size([2, 1, 64, 32, 32]), torch.Size([2, 1, 128, 16, 16]), torch.Size([2, 1, 128, 16, 16]), torch.Size([2, 1, 128, 8, 8]), torch.Size([2, 1, 128, 8, 8]), torch.Size([2, 1, 256, 4, 4]), torch.Size([2, 1, 256, 4, 4]), torch.Size([2, 1, 100])]
(alpha-)CROWN with fixed intermediate bounds: tensor([[-0.07913053],
        [-0.10998309]], device='cuda:0') tensor([[inf],
        [inf]], device='cuda:0')
Intermediate layers: /input,/input-8,/input-16,/input-24,/input-32,/input-40,/input-48,/input-56,/input-64,/input-72,/129
Keeping alphas for these layers: ['/129']
Keeping alphas for these layers: ['/129']
Node /input-4 input 0: size torch.Size([64, 32, 32]) unstable 648
Node /input-12 input 0: size torch.Size([64, 32, 32]) unstable 819
Node /input-20 input 0: size torch.Size([64, 32, 32]) unstable 0
Node /input-28 input 0: size torch.Size([128, 16, 16]) unstable 162
Node /input-36 input 0: size torch.Size([128, 16, 16]) unstable 0
Node /input-44 input 0: size torch.Size([128, 8, 8]) unstable 101
Node /input-52 input 0: size torch.Size([128, 8, 8]) unstable 0
Node /input-60 input 0: size torch.Size([256, 4, 4]) unstable 0
Node /input-68 input 0: size torch.Size([256, 4, 4]) unstable 0
Node /128 input 0: size torch.Size([100]) unstable 6
-----------------
# of unstable neurons: 1736
-----------------

BaB round 1
batch: 2
splitting decisions: 
split level 0: [/input-72, 75] [/input-72, 30] 
split level 1: [/input-72, 73] [/input-72, 73] 
split level 2: [/input-72, 30] [/input-24, 11895] 
pruning_in_iteration open status: True
ratio of positive domain = 13 / 16 = 0.8125
pruning-in-iteration extra time: 0.02767801284790039
Time: prepare 0.0005    bound 0.4369    transfer 0.0272    finalize 0.0129    func 0.4775    
Accumulated time: func 0.4775    prepare 0.0010    bound 0.4369    transfer 0.0272    finalize 0.0129    
Current worst splitting domains lb-rhs (depth):
-0.09300 (3), -0.08505 (3), -0.05316 (3), 
Length of domains: 3
Time: pickout 0.0010    decision 0.2765    set_bounds 0.0015    solve 0.4776    add 0.0049    
Accumulated time: pickout 0.0010    decision 0.2765    set_bounds 0.0015    solve 0.4776    add 0.0049    
Current (lb-rhs): -0.0929955244064331
3 domains visited
Cumulative time: 1.6759862899780273

BaB round 2
batch: 3
splitting decisions: 
split level 0: [/input-40, 417] [/input-72, 69] [/input-40, 2388] 
split level 1: [/input-40, 2388] [/input-40, 3954] [/input-40, 417] 
split level 2: [/input-40, 3954] [/input-40, 1953] [/input-40, 3954] 
pruning_in_iteration open status: False
ratio of positive domain = 0 / 24 = 0.0
pruning-in-iteration extra time: 9.465217590332031e-05
Time: prepare 0.0010    bound 0.2891    transfer 0.0064    finalize 0.0108    func 0.3073    
Accumulated time: func 0.7848    prepare 0.0025    bound 0.7259    transfer 0.0336    finalize 0.0237    
Current worst splitting domains lb-rhs (depth):
-0.08521 (6), -0.08413 (6), -0.07958 (6), -0.07855 (6), -0.07726 (6), -0.07724 (6), -0.07629 (6), -0.07617 (6), -0.07209 (6), -0.07164 (6), -0.07100 (6), -0.07095 (6), -0.06942 (6), -0.06833 (6), -0.06427 (6), -0.06314 (6), -0.03084 (6), -0.02959 (6), -0.02898 (6), -0.02788 (6), 
Length of domains: 24
Time: pickout 0.0324    decision 0.2023    set_bounds 0.0014    solve 0.3073    add 0.0120    
Accumulated time: pickout 0.0333    decision 0.4789    set_bounds 0.0029    solve 0.7849    add 0.0169    
Current (lb-rhs): -0.08520838618278503
27 domains visited
Cumulative time: 2.2316060066223145

BaB round 3
batch: 24
splitting decisions: 
split level 0: [/input-24, 11864] [/input-24, 11864] [/input-24, 11864] [/input-24, 11864] [/input-24, 11864] [/input-24, 11864] [/input-24, 11864] [/input-24, 11864] [/input-24, 11864] [/input-24, 11864] 
pruning_in_iteration open status: False
ratio of positive domain = 3 / 48 = 0.0625
pruning-in-iteration extra time: 0.0023756027221679688
Time: prepare 0.0017    bound 0.2802    transfer 0.0156    finalize 0.0121    func 0.3096    
Accumulated time: func 1.0944    prepare 0.0047    bound 1.0061    transfer 0.0492    finalize 0.0358    
Current worst splitting domains lb-rhs (depth):
-0.08348 (7), -0.08228 (7), -0.08024 (7), -0.07780 (7), -0.07659 (7), -0.07572 (7), -0.07555 (7), -0.07547 (7), -0.07456 (7), -0.07441 (7), -0.07435 (7), -0.07232 (7), -0.07212 (7), -0.07011 (7), -0.06999 (7), -0.06985 (7), -0.06878 (7), -0.06870 (7), -0.06836 (7), -0.06786 (7), 
Length of domains: 44
Time: pickout 0.0496    decision 0.3438    set_bounds 0.0051    solve 0.3096    add 0.0193    
Accumulated time: pickout 0.0830    decision 0.8227    set_bounds 0.0081    solve 1.0946    add 0.0361    
Current (lb-rhs): -0.08348226547241211
71 domains visited
Cumulative time: 2.9624390602111816

BaB round 4
batch: 44
splitting decisions: 
split level 0: [/input-40, 1953] [/input-40, 1953] [/input-40, 1953] [/input-40, 1953] [/input-40, 1953] [/input-40, 7461] [/input-40, 1953] [/input-40, 1953] [/input-40, 7461] [/input-40, 1953] 
pruning_in_iteration open status: False
ratio of positive domain = 3 / 88 = 0.03409090909090906
pruning-in-iteration extra time: 0.0022029876708984375
Time: prepare 0.0029    bound 0.3285    transfer 0.0466    finalize 0.0129    func 0.3910    
Accumulated time: func 1.4855    prepare 0.0082    bound 1.3347    transfer 0.0958    finalize 0.0487    
Current worst splitting domains lb-rhs (depth):
-0.08083 (8), -0.07959 (8), -0.07923 (8), -0.07800 (8), -0.07755 (8), -0.07606 (8), -0.07519 (8), -0.07399 (8), -0.07349 (8), -0.07290 (8), -0.07287 (8), -0.07279 (8), -0.07228 (8), -0.07195 (8), -0.07173 (8), -0.07166 (8), -0.07140 (8), -0.07127 (8), -0.07118 (8), -0.07024 (8), 
Length of domains: 84
Time: pickout 0.0515    decision 0.4813    set_bounds 0.0051    solve 0.3911    add 0.0382    
Accumulated time: pickout 0.1345    decision 1.3040    set_bounds 0.0132    solve 1.4857    add 0.0743    
Current (lb-rhs): -0.08082771301269531
155 domains visited
Cumulative time: 3.933985471725464

BaB round 5
batch: 84
splitting decisions: 
split level 0: [/input-24, 18825] [/input-24, 18825] [/input-24, 18825] [/input-24, 18825] [/input-24, 18825] [/input-24, 18825] [/input-24, 18825] [/input-24, 18825] [/input-24, 18825] [/input-24, 18825] 
pruning_in_iteration open status: False
ratio of positive domain = 5 / 168 = 0.029761904761904767
pruning-in-iteration extra time: 0.002439737319946289
Time: prepare 0.0051    bound 0.4628    transfer 0.0865    finalize 0.0133    func 0.5677    
Accumulated time: func 2.0531    prepare 0.0138    bound 1.7974    transfer 0.1823    finalize 0.0620    
Current worst splitting domains lb-rhs (depth):
-0.07777 (9), -0.07683 (9), -0.07655 (9), -0.07613 (9), -0.07560 (9), -0.07531 (9), -0.07494 (9), -0.07450 (9), -0.07396 (9), -0.07353 (9), -0.07295 (9), -0.07214 (9), -0.07198 (9), -0.07137 (9), -0.07094 (9), -0.07043 (9), -0.07009 (9), -0.06987 (9), -0.06981 (9), -0.06964 (9), 
Length of domains: 163
Time: pickout 0.0535    decision 0.9094    set_bounds 0.0131    solve 0.5677    add 0.0949    
Accumulated time: pickout 0.1880    decision 2.2134    set_bounds 0.0263    solve 2.0534    add 0.1692    
Current (lb-rhs): -0.07777467370033264
318 domains visited
Cumulative time: 5.57736611366272

BaB round 6
batch: 163
splitting decisions: 
split level 0: [/input-24, 19020] [/input-24, 19020] [/input-24, 19020] [/input-24, 19020] [/input-24, 19020] [/input-24, 19020] [/input-24, 19020] [/input-24, 19020] [/input-24, 19020] [/input-24, 19020] 
pruning_in_iteration open status: False
ratio of positive domain = 15 / 326 = 0.04601226993865026
pruning-in-iteration extra time: 0.0002415180206298828
Time: prepare 0.0100    bound 1.0066    transfer 0.1306    finalize 0.0146    func 1.1619    
Accumulated time: func 3.2150    prepare 0.0245    bound 2.8040    transfer 0.3129    finalize 0.0766    
Current worst splitting domains lb-rhs (depth):
-0.07567 (10), -0.07479 (10), -0.07468 (10), -0.07447 (10), -0.07405 (10), -0.07381 (10), -0.07358 (10), -0.07350 (10), -0.07316 (10), -0.07307 (10), -0.07289 (10), -0.07265 (10), -0.07244 (10), -0.07218 (10), -0.07198 (10), -0.07190 (10), -0.07154 (10), -0.07149 (10), -0.07100 (10), -0.07080 (10), 
Length of domains: 308
Time: pickout 0.0586    decision 1.5857    set_bounds 0.0155    solve 1.1619    add 0.1959    
Accumulated time: pickout 0.2467    decision 3.7991    set_bounds 0.0418    solve 3.2153    add 0.3652    
Current (lb-rhs): -0.075673907995224
626 domains visited
Cumulative time: 8.605169773101807

BaB round 7
batch: 256
splitting decisions: 
split level 0: [/input-40, 1248] [/input-40, 1248] [/input-40, 6031] [/input-40, 1248] [/input-40, 1248] [/input-40, 1248] [/input-40, 1248] [/input-8, 15923] [/input-40, 1248] [/input-40, 1248] 
pruning_in_iteration open status: False
ratio of positive domain = 8 / 512 = 0.015625
pruning-in-iteration extra time: 0.002340555191040039
Time: prepare 0.0152    bound 1.4113    transfer 0.2241    finalize 0.0164    func 1.6670    
Accumulated time: func 4.8820    prepare 0.0403    bound 4.2153    transfer 0.5370    finalize 0.0929    
Current worst splitting domains lb-rhs (depth):
-0.07505 (11), -0.07468 (10), -0.07416 (11), -0.07384 (11), -0.07350 (10), -0.07333 (11), -0.07318 (11), -0.07296 (11), -0.07245 (11), -0.07234 (11), -0.07214 (11), -0.07202 (11), -0.07176 (11), -0.07149 (10), -0.07145 (11), -0.07128 (11), -0.07113 (11), -0.07089 (11), -0.07028 (11), -0.07007 (11), 
Length of domains: 556
Time: pickout 0.0736    decision 2.5246    set_bounds 0.0236    solve 1.6671    add 0.3128    
Accumulated time: pickout 0.3202    decision 6.3237    set_bounds 0.0654    solve 4.8824    add 0.6779    
Current (lb-rhs): -0.07504719495773315
1130 domains visited
current_vram/total_varm: 17.9GB/102.0GB, batch_size increase to 512
Cumulative time: 13.22478723526001

BaB round 8
batch: 512
splitting decisions: 
split level 0: [/input-40, 1248] [/input-40, 6031] [/input-40, 1248] [/input-40, 1248] [/input-40, 1248] [/input-40, 1248] [/input-40, 1248] [/input-40, 1248] [/input-24, 21128] [/input-40, 6874] 
pruning_in_iteration open status: False
ratio of positive domain = 32 / 1024 = 0.03125
pruning-in-iteration extra time: 0.0002307891845703125
Time: prepare 0.0305    bound 2.8983    transfer 0.4648    finalize 0.0198    func 3.4135    
Accumulated time: func 8.2955    prepare 0.0715    bound 7.1136    transfer 1.0018    finalize 0.1127    
Current worst splitting domains lb-rhs (depth):
-0.07468 (10), -0.07441 (12), -0.07354 (12), -0.07350 (10), -0.07321 (12), -0.07272 (12), -0.07257 (12), -0.07234 (12), -0.07185 (12), -0.07175 (12), -0.07153 (12), -0.07149 (10), -0.07131 (12), -0.07114 (12), -0.07086 (12), -0.07068 (12), -0.07053 (12), -0.07028 (12), -0.06969 (12), -0.06947 (12), 
Length of domains: 1028
Time: pickout 0.0859    decision 5.0339    set_bounds 0.1366    solve 3.4137    add 1.0038    
Accumulated time: pickout 0.4062    decision 11.3576    set_bounds 0.2020    solve 8.2961    add 1.6818    
Current (lb-rhs): -0.07468262314796448
2114 domains visited
current_vram/total_varm: 31.8GB/102.0GB, batch_size increase to 1024
Cumulative time: 22.95106053352356

BaB round 9
batch: 1024
Traceback (most recent call last):
  File "/data1/Kane/GenBaB/alpha-beta-CROWN/complete_verifier/abcrown.py", line 823, in <module>
    abcrown.main()
  File "/data1/Kane/GenBaB/alpha-beta-CROWN/complete_verifier/abcrown.py", line 797, in main
    verified_status = self.complete_verifier(
                      ^^^^^^^^^^^^^^^^^^^^^^^
  File "/data1/Kane/GenBaB/alpha-beta-CROWN/complete_verifier/abcrown.py", line 501, in complete_verifier
    l, nodes, ret = self.bab(
                    ^^^^^^^^^
  File "/data1/Kane/GenBaB/alpha-beta-CROWN/complete_verifier/abcrown.py", line 308, in bab
    result = general_bab(
             ^^^^^^^^^^^^
  File "/data1/Kane/GenBaB/alpha-beta-CROWN/complete_verifier/bab.py", line 462, in general_bab
    global_lb = act_split_round(
                ^^^^^^^^^^^^^^^^
  File "/data1/Kane/GenBaB/alpha-beta-CROWN/complete_verifier/bab.py", line 189, in act_split_round
    split_domain(net, domains, d, batch, impl_params=impl_params,
  File "/data1/Kane/GenBaB/alpha-beta-CROWN/complete_verifier/bab.py", line 74, in split_domain
    branching_heuristic.get_branching_decisions(
  File "/data1/Kane/miniconda3/envs/GenBaB/lib/python3.11/site-packages/torch/utils/_contextlib.py", line 120, in decorate_context
    return func(*args, **kwargs)
           ^^^^^^^^^^^^^^^^^^^^^
  File "/data1/Kane/GenBaB/alpha-beta-CROWN/complete_verifier/heuristics/kfsb.py", line 149, in get_branching_decisions
    self.net.build_history_and_set_bounds(args_update_bounds, split)
  File "/data1/Kane/GenBaB/alpha-beta-CROWN/complete_verifier/beta_CROWN_solver.py", line 814, in build_history_and_set_bounds
    domain_updater.set_branched_bounds(d, split, mode)
  File "/data1/Kane/GenBaB/alpha-beta-CROWN/complete_verifier/domain_updater.py", line 109, in set_branched_bounds
    d['upper_bounds'] = {
                        ^
  File "/data1/Kane/GenBaB/alpha-beta-CROWN/complete_verifier/domain_updater.py", line 110, in <dictcomp>
    k: repeat(v, self.num_copy, unsqueeze=True)
       ^^^^^^^^^^^^^^^^^^^^^^^^^^^^^^^^^^^^^^^^
  File "/data1/Kane/GenBaB/alpha-beta-CROWN/complete_verifier/domain_updater.py", line 32, in repeat
    return x.unsqueeze(0).repeat(num_copy, *[1]*x.ndim)
           ^^^^^^^^^^^^^^^^^^^^^^^^^^^^^^^^^^^^^^^^^^^^
torch.OutOfMemoryError: CUDA out of memory. Tried to allocate 1024.00 MiB. GPU 0 has a total capacity of 94.96 GiB of which 675.50 MiB is free. Process 2687037 has 690.00 MiB memory in use. Process 104727 has 62.22 GiB memory in use. Including non-PyTorch memory, this process has 30.61 GiB memory in use. Process 121673 has 736.00 MiB memory in use. Of the allocated memory 28.72 GiB is allocated by PyTorch, and 1.23 GiB is reserved by PyTorch but unallocated. If reserved but unallocated memory is large try setting PYTORCH_CUDA_ALLOC_CONF=expandable_segments:True to avoid fragmentation.  See documentation for Memory Management  (https://pytorch.org/docs/stable/notes/cuda.html#environment-variables)

------------------------- COMMAND ------------------------------
/data1/Kane/miniconda3/envs/GenBaB/bin/python /data1/Kane/GenBaB/alpha-beta-CROWN/complete_verifier/abcrown.py --config /data1/Kane/GenBaB/alpha-beta-CROWN/complete_verifier/exp_configs/vnncomp24/cifar100.yaml --precompile_jit --onnx_path /data1/Kane/data/vnncomp2025_benchmarks/benchmarks/cifar100_2024/onnx/CIFAR100_resnet_large.onnx --vnnlib_path /data1/Kane/data/vnncomp2025_benchmarks/benchmarks/cifar100_2024/vnnlib/CIFAR100_resnet_large_prop_idx_4652_sidx_1371_eps_0.0039.vnnlib --results_file /data1/Kane/ACT/audit_results/abcrown_nopgd_20260525/cifar100_2024/0154__CIFAR100_resnet_large__CIFAR100_resnet_large_prop_idx_4652_sidx_1371_eps_0.0039.result --timeout 100.0 --save_adv_example --pgd_order=skip
----------------------------------------------------------------

