[ACT] Auto-detecting project root: .
[ACT] Gurobi license found: modules/gurobi/gurobi.lic
{
  "benchmark": "nn4sys",
  "instance_id": 1,
  "status": "OK",
  "cli_normalized": "OK",
  "wall_s": 4.0026329109678045,
  "peak_rss_mb": 1202.3046875,
  "returncode": 0,
  "per_instance_json": "/data1/Kane/ACT/audit_results/nn4sys_bad_current_20260530T065605Z/b1/per_instance_nn4sys_20260530T065610541933Z.json",
  "out_dir": "/data1/Kane/ACT/audit_results/nn4sys_bad_current_20260530T065605Z/b1",
  "stdout_tail": "n assumes batch=1. Results may be incorrect.\nINFO:act.front_end.vnnlib_loader.data_model_loader:  \u2713 Input shape: (12, 8)\nINFO:act.front_end.vnnlib_loader.data_model_loader:[3/3] Parsing VNNLIB specification...\nINFO:act.front_end.vnnlib_loader.vnnlib_parser:Parsed VNNLIB: 96 inputs, 1 outputs, type=safety\nINFO:act.front_end.vnnlib_loader.data_model_loader:  \u2713 Parsed VNNLIB: 96 inputs, 1 outputs\nINFO:act.front_end.vnnlib_loader.data_model_loader:Successfully loaded VNNLIB instance from 'nn4sys'\nINFO:act.front_end.vnnlib_loader.vnnlib_parser:Parsed pensieve_parallel_1.vnnlib: 1 query(ies)\n[ACT] Using existing Gurobi license: modules/gurobi/gurobi.lic\n\u2705 Device Manager Initialized: device=cuda:0, dtype=torch.float64\n\n================================================================================\nACT: Abstract Constraint Transformer\nInference-based whitebox fuzzing for neural network verification\n================================================================================\n\n\n================================================================================\nVERIFICATION TEST: VNNLIB \u2192 VerifiableModel \u2192 verify_once\n================================================================================\n\n[vnnlib] category=nn4sys max_instances=1 mode=hybridz (full TOP1_ROBUST via labeled_tensor collapse; device=cuda, timeout=90.0s)\n  [  1/1] nn4sys/onnx/pensieve_big_parallel.onnx@vnnlib/pensieve_parallel_1.vnnlib: CERTIFIED (0.6s)  V=1 A=0 U=0 E=0  R=0\n\n[vnnlib/hybridz] FINAL \u2014 total=1 wall=0.0 min\n  CERTIFIED    1\n  [structured] per-instance log \u2192 /data1/Kane/ACT/audit_results/nn4sys_bad_current_20260530T065605Z/b1/per_instance_nn4sys_20260530T065610541933Z.json\n\n================================================================================\nVERIFICATION TEST SUMMARY\n================================================================================\n  \u2705 vnnlib                    PASSED\n================================================================================\n\n"
}
{
  "benchmark": "nn4sys",
  "instance_id": 102,
  "status": "OK",
  "cli_normalized": "OK",
  "wall_s": 3.5021832030033693,
  "peak_rss_mb": 1205.75,
  "returncode": 0,
  "per_instance_json": "/data1/Kane/ACT/audit_results/nn4sys_bad_current_20260530T065605Z/b1/per_instance_nn4sys_20260530T065614526620Z.json",
  "out_dir": "/data1/Kane/ACT/audit_results/nn4sys_bad_current_20260530T065605Z/b1",
  "stdout_tail": "sumes batch=1. Results may be incorrect.\nINFO:act.front_end.vnnlib_loader.data_model_loader:  \u2713 Input shape: (12, 8)\nINFO:act.front_end.vnnlib_loader.data_model_loader:[3/3] Parsing VNNLIB specification...\nINFO:act.front_end.vnnlib_loader.vnnlib_parser:Parsed VNNLIB: 96 inputs, 1 outputs, type=safety\nINFO:act.front_end.vnnlib_loader.data_model_loader:  \u2713 Parsed VNNLIB: 96 inputs, 1 outputs\nINFO:act.front_end.vnnlib_loader.data_model_loader:Successfully loaded VNNLIB instance from 'nn4sys'\nINFO:act.front_end.vnnlib_loader.vnnlib_parser:Parsed pensieve_parallel_102.vnnlib: 1 query(ies)\n[ACT] Using existing Gurobi license: modules/gurobi/gurobi.lic\n\u2705 Device Manager Initialized: device=cuda:0, dtype=torch.float64\n\n================================================================================\nACT: Abstract Constraint Transformer\nInference-based whitebox fuzzing for neural network verification\n================================================================================\n\n\n================================================================================\nVERIFICATION TEST: VNNLIB \u2192 VerifiableModel \u2192 verify_once\n================================================================================\n\n[vnnlib] category=nn4sys max_instances=1 mode=hybridz (full TOP1_ROBUST via labeled_tensor collapse; device=cuda, timeout=90.0s)\n  [  1/1] nn4sys/onnx/pensieve_big_parallel.onnx@vnnlib/pensieve_parallel_102.vnnlib: CERTIFIED (0.5s)  V=1 A=0 U=0 E=0  R=0\n\n[vnnlib/hybridz] FINAL \u2014 total=1 wall=0.0 min\n  CERTIFIED    1\n  [structured] per-instance log \u2192 /data1/Kane/ACT/audit_results/nn4sys_bad_current_20260530T065605Z/b1/per_instance_nn4sys_20260530T065614526620Z.json\n\n================================================================================\nVERIFICATION TEST SUMMARY\n================================================================================\n  \u2705 vnnlib                    PASSED\n================================================================================\n\n"
}
{
  "benchmark": "nn4sys",
  "instance_id": 108,
  "status": "UNKNOWN_TIMEOUT",
  "cli_normalized": "UNKNOWN_TIMEOUT",
  "wall_s": 98.45004647003952,
  "peak_rss_mb": 1431.1875,
  "returncode": -15,
  "per_instance_json": "/data1/Kane/ACT/audit_results/nn4sys_bad_current_20260530T065605Z/b1/per_instance_nn4sys_watchdog_iid108_20260530T065753756611Z.json",
  "out_dir": "/data1/Kane/ACT/audit_results/nn4sys_bad_current_20260530T065605Z/b1",
  "stdout_tail": "INFO:act.front_end.vnnlib_loader.data_model_loader:Loading VNNLIB instance: nn4sys/onnx/lindex_deep.onnx\nINFO:act.front_end.vnnlib_loader.data_model_loader:[1/3] Converting ONNX model to PyTorch...\nINFO:act.front_end.vnnlib_loader.onnx_converter:Loading ONNX model from /data1/Kane/data/vnncomp2025_benchmarks/benchmarks/nn4sys/onnx/lindex_deep.onnx\nINFO:act.front_end.vnnlib_loader.onnx_converter:Converting ONNX to PyTorch (simplify-first; raw fallback)\nINFO:act.front_end.vnnlib_loader.onnx_converter:Upgrading ONNX opset 10 \u2192 13\nINFO:act.front_end.vnnlib_loader.onnx_converter:Simplifying ONNX model\nINFO:act.front_end.vnnlib_loader.onnx_converter:Converted model to device=cuda:0, dtype=torch.float64\nINFO:act.front_end.vnnlib_loader.onnx_converter:Successfully converted ONNX model: lindex_deep.onnx\nINFO:act.front_end.vnnlib_loader.data_model_loader:  \u2713 Model converted successfully\nINFO:act.front_end.vnnlib_loader.data_model_loader:[2/3] Extracting input shape...\nINFO:act.front_end.vnnlib_loader.onnx_converter:Normalized dynamic batch to 1: (1, 1)\nINFO:act.front_end.vnnlib_loader.data_model_loader:  \u2713 Input shape: (1, 1)\nINFO:act.front_end.vnnlib_loader.data_model_loader:[3/3] Parsing VNNLIB specification...\nINFO:act.front_end.vnnlib_loader.vnnlib_parser:Parsed VNNLIB: 1 inputs, 1 outputs, type=safety\nINFO:act.front_end.vnnlib_loader.data_model_loader:  \u2713 Parsed VNNLIB: 1 inputs, 1 outputs\nINFO:act.front_end.vnnlib_loader.data_model_loader:Successfully loaded VNNLIB instance from 'nn4sys'\nINFO:act.front_end.vnnlib_loader.vnnlib_parser:Parsed lindex_200.vnnlib: 400 query(ies)\n"
}
{
  "benchmark": "nn4sys",
  "instance_id": 111,
  "status": "UNKNOWN_TIMEOUT",
  "cli_normalized": "UNKNOWN_TIMEOUT",
  "wall_s": 98.45348166604526,
  "peak_rss_mb": 1430.08203125,
  "returncode": -15,
  "per_instance_json": "/data1/Kane/ACT/audit_results/nn4sys_bad_current_20260530T065605Z/b1/per_instance_nn4sys_watchdog_iid111_20260530T065932210565Z.json",
  "out_dir": "/data1/Kane/ACT/audit_results/nn4sys_bad_current_20260530T065605Z/b1",
  "stdout_tail": "INFO:act.front_end.vnnlib_loader.data_model_loader:Loading VNNLIB instance: nn4sys/onnx/lindex.onnx\nINFO:act.front_end.vnnlib_loader.data_model_loader:[1/3] Converting ONNX model to PyTorch...\nINFO:act.front_end.vnnlib_loader.onnx_converter:Loading ONNX model from /data1/Kane/data/vnncomp2025_benchmarks/benchmarks/nn4sys/onnx/lindex.onnx\nINFO:act.front_end.vnnlib_loader.onnx_converter:Converting ONNX to PyTorch (simplify-first; raw fallback)\nINFO:act.front_end.vnnlib_loader.onnx_converter:Upgrading ONNX opset 10 \u2192 13\nINFO:act.front_end.vnnlib_loader.onnx_converter:Simplifying ONNX model\nINFO:act.front_end.vnnlib_loader.onnx_converter:Converted model to device=cuda:0, dtype=torch.float64\nINFO:act.front_end.vnnlib_loader.onnx_converter:Successfully converted ONNX model: lindex.onnx\nINFO:act.front_end.vnnlib_loader.data_model_loader:  \u2713 Model converted successfully\nINFO:act.front_end.vnnlib_loader.data_model_loader:[2/3] Extracting input shape...\nINFO:act.front_end.vnnlib_loader.onnx_converter:Normalized dynamic batch to 1: (1, 1)\nINFO:act.front_end.vnnlib_loader.data_model_loader:  \u2713 Input shape: (1, 1)\nINFO:act.front_end.vnnlib_loader.data_model_loader:[3/3] Parsing VNNLIB specification...\nINFO:act.front_end.vnnlib_loader.vnnlib_parser:Parsed VNNLIB: 1 inputs, 1 outputs, type=safety\nINFO:act.front_end.vnnlib_loader.data_model_loader:  \u2713 Parsed VNNLIB: 1 inputs, 1 outputs\nINFO:act.front_end.vnnlib_loader.data_model_loader:Successfully loaded VNNLIB instance from 'nn4sys'\nINFO:act.front_end.vnnlib_loader.vnnlib_parser:Parsed lindex_600.vnnlib: 1200 query(ies)\n"
}