INFO:act.front_end.vnnlib_loader.data_model_loader:Loading VNNLIB instance: cifar100_2024/onnx/CIFAR100_resnet_medium.onnx
INFO:act.front_end.vnnlib_loader.data_model_loader:[1/3] Converting ONNX model to PyTorch...
INFO:act.front_end.vnnlib_loader.onnx_converter:Loading ONNX model from /data1/Kane/data/vnncomp2025_benchmarks/benchmarks/cifar100_2024/onnx/CIFAR100_resnet_medium.onnx
INFO:act.front_end.vnnlib_loader.onnx_converter:Converting ONNX to PyTorch (simplify-first; raw fallback)
INFO:act.front_end.vnnlib_loader.onnx_converter:Upgrading ONNX opset 12 → 13
INFO:act.front_end.vnnlib_loader.onnx_converter:Simplifying ONNX model
INFO:act.front_end.vnnlib_loader.onnx_converter:Converted model to device=cpu, dtype=torch.float64
INFO:act.front_end.vnnlib_loader.onnx_converter:Successfully converted ONNX model: CIFAR100_resnet_medium.onnx
INFO:act.front_end.vnnlib_loader.data_model_loader:  ✓ Model converted successfully
INFO:act.front_end.vnnlib_loader.data_model_loader:[2/3] Extracting input shape...
INFO:act.front_end.vnnlib_loader.onnx_converter:Normalized dynamic batch to 1: (1, 3, 32, 32)
INFO:act.front_end.vnnlib_loader.data_model_loader:  ✓ Input shape: (1, 3, 32, 32)
INFO:act.front_end.vnnlib_loader.data_model_loader:[3/3] Parsing VNNLIB specification...
INFO:act.front_end.vnnlib_loader.vnnlib_parser:Parsed VNNLIB: 3072 inputs, 100 outputs, type=unknown
INFO:act.front_end.vnnlib_loader.data_model_loader:  ✓ Parsed VNNLIB: 3072 inputs, 100 outputs
INFO:act.front_end.vnnlib_loader.data_model_loader:  ✓ Ground truth label: 27
INFO:act.front_end.vnnlib_loader.data_model_loader:Successfully loaded VNNLIB instance from 'cifar100_2024'
INFO:act.front_end.vnnlib_loader.vnnlib_parser:Parsed CIFAR100_resnet_medium_prop_idx_6232_sidx_3020_eps_0.0039.vnnlib: 1 query(ies)
INFO:act.back_end.solver.solver_hz:large_cls_proof_mode ACTIVE: conv=19 out_dim=100 relus=10 (triangle for relu 1..7, eq_lagr_v8 for last 3)
/data1/Kane/miniconda3/envs/act-py312/lib/python3.12/site-packages/torch/utils/_device.py:103: UserWarning: Sparse CSR tensor support is in beta state. If you miss a functionality in the sparse tensor support, please submit a feature request to https://github.com/pytorch/pytorch/issues. (Triggered internally at /pytorch/aten/src/ATen/SparseCsrTensorImpl.cpp:53.)
  return func(*args, **kwargs)
[ACT] Using existing Gurobi license: ../ACT/modules/gurobi/gurobi.lic
✅ Device Manager Initialized: device=cpu, dtype=torch.float64

================================================================================
ACT: Abstract Constraint Transformer
Inference-based whitebox fuzzing for neural network verification
================================================================================


================================================================================
VERIFICATION TEST: VNNLIB → VerifiableModel → verify_once
================================================================================

[vnnlib] category=cifar100_2024 max_instances=1 mode=hybridz (full TOP1_ROBUST via labeled_tensor collapse; device=cpu, timeout=60.0s)
  [  1/1] cifar100_2024/onnx/CIFAR100_resnet_medium.onnx@vnnlib/CIFAR100_resnet_medium_prop_idx_6232_sidx_3020_eps_0.0039.vnnlib: UNKNOWN (39.5s)  V=0 A=0 U=1 E=0  R=0

[vnnlib/hybridz] FINAL — total=1 wall=0.7 min
  UNKNOWN      1
  [structured] per-instance log → /data1/Kane/ACT/audit_results/t2_pilot_sweep_sparse_t2_20260527T090327Z/per_instance_cifar100_2024_20260527T090546485347Z.json

================================================================================
VERIFICATION TEST SUMMARY
================================================================================
  ✅ vnnlib                    PASSED
================================================================================

