[ACT] Auto-detecting project root: .
[ACT] Gurobi license found: modules/gurobi/gurobi.lic
{
  "benchmark": "vggnet16_2022",
  "instance_id": 12,
  "status": "OK",
  "cli_normalized": "OK",
  "wall_s": 47.52740484906826,
  "peak_rss_mb": 7482.67578125,
  "returncode": 0,
  "per_instance_json": "/data1/Kane/ACT/audit_results/vgg_forced_triangle_tail_20260528T155652Z/per_instance_vggnet16_2022_20260528T155739947322Z.json",
  "out_dir": "/data1/Kane/ACT/audit_results/vgg_forced_triangle_tail_20260528T155652Z",
  "stdout_tail": "del_loader:[3/3] Parsing VNNLIB specification...\nINFO:act.front_end.vnnlib_loader.vnnlib_parser:Parsed VNNLIB: 150528 inputs, 1000 outputs, type=unknown\nINFO:act.front_end.vnnlib_loader.data_model_loader:  \u2713 Parsed VNNLIB: 150528 inputs, 1000 outputs\nINFO:act.front_end.vnnlib_loader.data_model_loader:Successfully loaded VNNLIB instance from 'vggnet16_2022'\nINFO:act.front_end.vnnlib_loader.vnnlib_parser:Parsed spec12_borzoi.vnnlib: 1 query(ies)\nINFO:act.back_end.solver.solver_hz:large_cls_proof_mode ACTIVE: conv=13 out_dim=1000 relus=15 (triangle for relu 1..14, eq_lagr_v8 for last 1)\n[ACT] Using existing Gurobi license: modules/gurobi/gurobi.lic\n\u2705 Device Manager Initialized: device=cuda:0, dtype=torch.float64\n\n================================================================================\nACT: Abstract Constraint Transformer\nInference-based whitebox fuzzing for neural network verification\n================================================================================\n\n\n================================================================================\nVERIFICATION TEST: VNNLIB \u2192 VerifiableModel \u2192 verify_once\n================================================================================\n\n[vnnlib] category=vggnet16_2022 max_instances=1 mode=hybridz (full TOP1_ROBUST via labeled_tensor collapse; device=cuda, timeout=300.0s)\n  [  1/1] vggnet16_2022/onnx/vgg16-7.onnx@vnnlib/spec12_borzoi.vnnlib: UNKNOWN (43.6s)  V=0 A=0 U=1 E=0  R=0\n\n[vnnlib/hybridz] FINAL \u2014 total=1 wall=0.7 min\n  UNKNOWN      1\n  [structured] per-instance log \u2192 /data1/Kane/ACT/audit_results/vgg_forced_triangle_tail_20260528T155652Z/per_instance_vggnet16_2022_20260528T155739947322Z.json\n\n================================================================================\nVERIFICATION TEST SUMMARY\n================================================================================\n  \u2705 vnnlib                    PASSED\n================================================================================\n\n"
}
{
  "benchmark": "vggnet16_2022",
  "instance_id": 13,
  "status": "OK",
  "cli_normalized": "OK",
  "wall_s": 47.034038396086544,
  "peak_rss_mb": 7489.04296875,
  "returncode": 0,
  "per_instance_json": "/data1/Kane/ACT/audit_results/vgg_forced_triangle_tail_20260528T155652Z/per_instance_vggnet16_2022_20260528T155826493836Z.json",
  "out_dir": "/data1/Kane/ACT/audit_results/vgg_forced_triangle_tail_20260528T155652Z",
  "stdout_tail": "del_loader:[3/3] Parsing VNNLIB specification...\nINFO:act.front_end.vnnlib_loader.vnnlib_parser:Parsed VNNLIB: 150528 inputs, 1000 outputs, type=unknown\nINFO:act.front_end.vnnlib_loader.data_model_loader:  \u2713 Parsed VNNLIB: 150528 inputs, 1000 outputs\nINFO:act.front_end.vnnlib_loader.data_model_loader:Successfully loaded VNNLIB instance from 'vggnet16_2022'\nINFO:act.front_end.vnnlib_loader.vnnlib_parser:Parsed spec13_pillow.vnnlib: 1 query(ies)\nINFO:act.back_end.solver.solver_hz:large_cls_proof_mode ACTIVE: conv=13 out_dim=1000 relus=15 (triangle for relu 1..14, eq_lagr_v8 for last 1)\n[ACT] Using existing Gurobi license: modules/gurobi/gurobi.lic\n\u2705 Device Manager Initialized: device=cuda:0, dtype=torch.float64\n\n================================================================================\nACT: Abstract Constraint Transformer\nInference-based whitebox fuzzing for neural network verification\n================================================================================\n\n\n================================================================================\nVERIFICATION TEST: VNNLIB \u2192 VerifiableModel \u2192 verify_once\n================================================================================\n\n[vnnlib] category=vggnet16_2022 max_instances=1 mode=hybridz (full TOP1_ROBUST via labeled_tensor collapse; device=cuda, timeout=300.0s)\n  [  1/1] vggnet16_2022/onnx/vgg16-7.onnx@vnnlib/spec13_pillow.vnnlib: UNKNOWN (42.4s)  V=0 A=0 U=1 E=0  R=0\n\n[vnnlib/hybridz] FINAL \u2014 total=1 wall=0.7 min\n  UNKNOWN      1\n  [structured] per-instance log \u2192 /data1/Kane/ACT/audit_results/vgg_forced_triangle_tail_20260528T155652Z/per_instance_vggnet16_2022_20260528T155826493836Z.json\n\n================================================================================\nVERIFICATION TEST SUMMARY\n================================================================================\n  \u2705 vnnlib                    PASSED\n================================================================================\n\n"
}
{
  "benchmark": "vggnet16_2022",
  "instance_id": 14,
  "status": "OK",
  "cli_normalized": "OK",
  "wall_s": 48.026782809058204,
  "peak_rss_mb": 7517.703125,
  "returncode": 0,
  "per_instance_json": "/data1/Kane/ACT/audit_results/vgg_forced_triangle_tail_20260528T155652Z/per_instance_vggnet16_2022_20260528T155914946760Z.json",
  "out_dir": "/data1/Kane/ACT/audit_results/vgg_forced_triangle_tail_20260528T155652Z",
  "stdout_tail": "a_model_loader:[3/3] Parsing VNNLIB specification...\nINFO:act.front_end.vnnlib_loader.vnnlib_parser:Parsed VNNLIB: 150528 inputs, 1000 outputs, type=unknown\nINFO:act.front_end.vnnlib_loader.data_model_loader:  \u2713 Parsed VNNLIB: 150528 inputs, 1000 outputs\nINFO:act.front_end.vnnlib_loader.data_model_loader:Successfully loaded VNNLIB instance from 'vggnet16_2022'\nINFO:act.front_end.vnnlib_loader.vnnlib_parser:Parsed spec14_mink.vnnlib: 1 query(ies)\nINFO:act.back_end.solver.solver_hz:large_cls_proof_mode ACTIVE: conv=13 out_dim=1000 relus=15 (triangle for relu 1..14, eq_lagr_v8 for last 1)\n[ACT] Using existing Gurobi license: modules/gurobi/gurobi.lic\n\u2705 Device Manager Initialized: device=cuda:0, dtype=torch.float64\n\n================================================================================\nACT: Abstract Constraint Transformer\nInference-based whitebox fuzzing for neural network verification\n================================================================================\n\n\n================================================================================\nVERIFICATION TEST: VNNLIB \u2192 VerifiableModel \u2192 verify_once\n================================================================================\n\n[vnnlib] category=vggnet16_2022 max_instances=1 mode=hybridz (full TOP1_ROBUST via labeled_tensor collapse; device=cuda, timeout=300.0s)\n  [  1/1] vggnet16_2022/onnx/vgg16-7.onnx@vnnlib/spec14_mink.vnnlib: UNKNOWN (44.0s)  V=0 A=0 U=1 E=0  R=0\n\n[vnnlib/hybridz] FINAL \u2014 total=1 wall=0.7 min\n  UNKNOWN      1\n  [structured] per-instance log \u2192 /data1/Kane/ACT/audit_results/vgg_forced_triangle_tail_20260528T155652Z/per_instance_vggnet16_2022_20260528T155914946760Z.json\n\n================================================================================\nVERIFICATION TEST SUMMARY\n================================================================================\n  \u2705 vnnlib                    PASSED\n================================================================================\n\n"
}
{
  "benchmark": "vggnet16_2022",
  "instance_id": 15,
  "status": "OK",
  "cli_normalized": "OK",
  "wall_s": 46.535006218007766,
  "peak_rss_mb": 7417.671875,
  "returncode": 0,
  "per_instance_json": "/data1/Kane/ACT/audit_results/vgg_forced_triangle_tail_20260528T155652Z/per_instance_vggnet16_2022_20260528T160001381203Z.json",
  "out_dir": "/data1/Kane/ACT/audit_results/vgg_forced_triangle_tail_20260528T155652Z",
  "stdout_tail": "3/3] Parsing VNNLIB specification...\nINFO:act.front_end.vnnlib_loader.vnnlib_parser:Parsed VNNLIB: 150528 inputs, 1000 outputs, type=unknown\nINFO:act.front_end.vnnlib_loader.data_model_loader:  \u2713 Parsed VNNLIB: 150528 inputs, 1000 outputs\nINFO:act.front_end.vnnlib_loader.data_model_loader:Successfully loaded VNNLIB instance from 'vggnet16_2022'\nINFO:act.front_end.vnnlib_loader.vnnlib_parser:Parsed spec15_tiger_beetle.vnnlib: 1 query(ies)\nINFO:act.back_end.solver.solver_hz:large_cls_proof_mode ACTIVE: conv=13 out_dim=1000 relus=15 (triangle for relu 1..14, eq_lagr_v8 for last 1)\n[ACT] Using existing Gurobi license: modules/gurobi/gurobi.lic\n\u2705 Device Manager Initialized: device=cuda:0, dtype=torch.float64\n\n================================================================================\nACT: Abstract Constraint Transformer\nInference-based whitebox fuzzing for neural network verification\n================================================================================\n\n\n================================================================================\nVERIFICATION TEST: VNNLIB \u2192 VerifiableModel \u2192 verify_once\n================================================================================\n\n[vnnlib] category=vggnet16_2022 max_instances=1 mode=hybridz (full TOP1_ROBUST via labeled_tensor collapse; device=cuda, timeout=300.0s)\n  [  1/1] vggnet16_2022/onnx/vgg16-7.onnx@vnnlib/spec15_tiger_beetle.vnnlib: UNKNOWN (42.4s)  V=0 A=0 U=1 E=0  R=0\n\n[vnnlib/hybridz] FINAL \u2014 total=1 wall=0.7 min\n  UNKNOWN      1\n  [structured] per-instance log \u2192 /data1/Kane/ACT/audit_results/vgg_forced_triangle_tail_20260528T155652Z/per_instance_vggnet16_2022_20260528T160001381203Z.json\n\n================================================================================\nVERIFICATION TEST SUMMARY\n================================================================================\n  \u2705 vnnlib                    PASSED\n================================================================================\n\n"
}
{
  "benchmark": "vggnet16_2022",
  "instance_id": 16,
  "status": "OK",
  "cli_normalized": "OK",
  "wall_s": 45.02646488300525,
  "peak_rss_mb": 7495.203125,
  "returncode": 0,
  "per_instance_json": "/data1/Kane/ACT/audit_results/vgg_forced_triangle_tail_20260528T155652Z/per_instance_vggnet16_2022_20260528T160046207107Z.json",
  "out_dir": "/data1/Kane/ACT/audit_results/vgg_forced_triangle_tail_20260528T155652Z",
  "stdout_tail": ":[3/3] Parsing VNNLIB specification...\nINFO:act.front_end.vnnlib_loader.vnnlib_parser:Parsed VNNLIB: 150528 inputs, 1000 outputs, type=unknown\nINFO:act.front_end.vnnlib_loader.data_model_loader:  \u2713 Parsed VNNLIB: 150528 inputs, 1000 outputs\nINFO:act.front_end.vnnlib_loader.data_model_loader:Successfully loaded VNNLIB instance from 'vggnet16_2022'\nINFO:act.front_end.vnnlib_loader.vnnlib_parser:Parsed spec16_breastplate.vnnlib: 1 query(ies)\nINFO:act.back_end.solver.solver_hz:large_cls_proof_mode ACTIVE: conv=13 out_dim=1000 relus=15 (triangle for relu 1..14, eq_lagr_v8 for last 1)\n[ACT] Using existing Gurobi license: modules/gurobi/gurobi.lic\n\u2705 Device Manager Initialized: device=cuda:0, dtype=torch.float64\n\n================================================================================\nACT: Abstract Constraint Transformer\nInference-based whitebox fuzzing for neural network verification\n================================================================================\n\n\n================================================================================\nVERIFICATION TEST: VNNLIB \u2192 VerifiableModel \u2192 verify_once\n================================================================================\n\n[vnnlib] category=vggnet16_2022 max_instances=1 mode=hybridz (full TOP1_ROBUST via labeled_tensor collapse; device=cuda, timeout=300.0s)\n  [  1/1] vggnet16_2022/onnx/vgg16-7.onnx@vnnlib/spec16_breastplate.vnnlib: UNKNOWN (40.7s)  V=0 A=0 U=1 E=0  R=0\n\n[vnnlib/hybridz] FINAL \u2014 total=1 wall=0.7 min\n  UNKNOWN      1\n  [structured] per-instance log \u2192 /data1/Kane/ACT/audit_results/vgg_forced_triangle_tail_20260528T155652Z/per_instance_vggnet16_2022_20260528T160046207107Z.json\n\n================================================================================\nVERIFICATION TEST SUMMARY\n================================================================================\n  \u2705 vnnlib                    PASSED\n================================================================================\n\n"
}
{
  "benchmark": "vggnet16_2022",
  "instance_id": 17,
  "status": "OK",
  "cli_normalized": "OK",
  "wall_s": 47.029745284002274,
  "peak_rss_mb": 7522.1953125,
  "returncode": 0,
  "per_instance_json": "/data1/Kane/ACT/audit_results/vgg_forced_triangle_tail_20260528T155652Z/per_instance_vggnet16_2022_20260528T160133347010Z.json",
  "out_dir": "/data1/Kane/ACT/audit_results/vgg_forced_triangle_tail_20260528T155652Z",
  "stdout_tail": ":[3/3] Parsing VNNLIB specification...\nINFO:act.front_end.vnnlib_loader.vnnlib_parser:Parsed VNNLIB: 150528 inputs, 1000 outputs, type=unknown\nINFO:act.front_end.vnnlib_loader.data_model_loader:  \u2713 Parsed VNNLIB: 150528 inputs, 1000 outputs\nINFO:act.front_end.vnnlib_loader.data_model_loader:Successfully loaded VNNLIB instance from 'vggnet16_2022'\nINFO:act.front_end.vnnlib_loader.vnnlib_parser:Parsed spec17_paper_towel.vnnlib: 1 query(ies)\nINFO:act.back_end.solver.solver_hz:large_cls_proof_mode ACTIVE: conv=13 out_dim=1000 relus=15 (triangle for relu 1..14, eq_lagr_v8 for last 1)\n[ACT] Using existing Gurobi license: modules/gurobi/gurobi.lic\n\u2705 Device Manager Initialized: device=cuda:0, dtype=torch.float64\n\n================================================================================\nACT: Abstract Constraint Transformer\nInference-based whitebox fuzzing for neural network verification\n================================================================================\n\n\n================================================================================\nVERIFICATION TEST: VNNLIB \u2192 VerifiableModel \u2192 verify_once\n================================================================================\n\n[vnnlib] category=vggnet16_2022 max_instances=1 mode=hybridz (full TOP1_ROBUST via labeled_tensor collapse; device=cuda, timeout=300.0s)\n  [  1/1] vggnet16_2022/onnx/vgg16-7.onnx@vnnlib/spec17_paper_towel.vnnlib: UNKNOWN (42.8s)  V=0 A=0 U=1 E=0  R=0\n\n[vnnlib/hybridz] FINAL \u2014 total=1 wall=0.7 min\n  UNKNOWN      1\n  [structured] per-instance log \u2192 /data1/Kane/ACT/audit_results/vgg_forced_triangle_tail_20260528T155652Z/per_instance_vggnet16_2022_20260528T160133347010Z.json\n\n================================================================================\nVERIFICATION TEST SUMMARY\n================================================================================\n  \u2705 vnnlib                    PASSED\n================================================================================\n\n"
}
[watchdog] summary written: /data1/Kane/ACT/audit_results/vgg_forced_triangle_tail_20260528T155652Z/watchdog_summary.json
