[0;93m2026-05-26 15:57:21.410933876 [W:onnxruntime:Default, device_discovery.cc:325 DiscoverDevicesForPlatform] GPU device discovery failed: device_discovery.cc:92 ReadFileContents Failed to open file: "/sys/class/drm/card0/device/vendor"[m
Configurations:

general:
  device: cuda
  seed: 100
  conv_mode: patches
  deterministic: false
  double_fp: false
  loss_reduction_func: sum
  sparse_alpha: true
  sparse_interm: true
  save_adv_example: true
  verify_onnxruntime_output: false
  eval_adv_example: false
  show_adv_example: false
  precompile_jit: true
  prepare_only: false
  complete_verifier: bab
  enable_incomplete_verification: true
  csv_name: instances.csv
  results_file: /data1/Kane/ACT/audit_results/abcrown_nopgd_20260525/cifar100_2024/0003__CIFAR100_resnet_medium__CIFAR100_resnet_medium_prop_idx_6232_sidx_3020_eps_0.0039.result
  root_path: ../../vnncomp2024_benchmarks/benchmarks/cifar100
  deterministic_opt: false
  graph_optimizer: 'Customized("custom_graph_optimizer", "default_optimizer")'
  buffer_has_batchdim: false
  save_output: false
  output_file: out.pkl
  return_optimized_model: false
model:
  name: null
  path: null
  onnx_path: /data1/Kane/data/vnncomp2025_benchmarks/benchmarks/cifar100_2024/onnx/CIFAR100_resnet_medium.onnx
  onnx_path_prefix: ''
  cache_onnx_conversion: false
  debug_onnx: false
  onnx_quirks: null
  input_shape: null
  onnx_loader: default_onnx_and_vnnlib_loader
  onnx_optimization_flags: [merge_bn]
  onnx_vnnlib_joint_optimization_flags: none
  check_optimized: false
  flatten_final_output: false
  optimize_graph: null
  with_jacobian: false
data:
  start: 0
  end: 10000
  select_instance: null
  num_outputs: 10
  mean: 0.0
  std: 1.0
  pkl_path: null
  dataset: null
  data_filter_path: null
  data_idx_file: null
specification:
  type: lp
  robustness_type: verified-acc
  norm: .inf
  epsilon: null
  epsilon_min: 0.0
  vnnlib_path: /data1/Kane/data/vnncomp2025_benchmarks/benchmarks/cifar100_2024/vnnlib/CIFAR100_resnet_medium_prop_idx_6232_sidx_3020_eps_0.0039.vnnlib
  vnnlib_path_prefix: ''
  rhs_offset: null
solver:
  batch_size: 256
  auto_enlarge_batch_size: true
  min_batch_size_ratio: 0.1
  use_float64_in_last_iteration: false
  early_stop_patience: 10
  start_save_best: 0.5
  bound_prop_method: alpha-crown
  init_bound_prop_method: same
  prune_after_crown: true
  optimize_disjuncts_separately: false
  crown:
    batch_size: 1000000000
    max_crown_size: 1000000000
    activation_bound_option: adaptive
    compare_crown_with_ibp: false
  alpha-crown:
    alpha: true
    lr_alpha: 0.25
    iteration: 20
    share_alphas: false
    lr_decay: 0.98
    full_conv_alpha: false
    max_coeff_mul: .inf
    matmul_share_alphas: false
    disable_optimization: []
    max_time: 1.0
  invprop:
    apply_output_constraints_to: []
    tighten_input_bounds: false
    best_of_oc_and_no_oc: false
    directly_optimize: []
    oc_lr: 0.1
    share_gammas: false
  beta-crown:
    lr_alpha: 0.1
    lr_beta: 0.2
    lr_decay: 0.98
    optimizer: adam
    iteration: 10
    beta: true
    beta_warmup: true
    enable_opt_interm_bounds: false
    all_node_split_LP: false
  forward:
    refine: false
    max_dim: 10000
    reset_threshold: 1.0
  multi_class:
    label_batch_size: 32
    skip_with_refined_bound: true
  mip:
    unstable_neuron_threshold: 0
    parallel_solvers: null
    solver_threads: 1
    refine_neuron_timeout: 15
    refine_neuron_time_percentage: 0.8
    early_stop: true
    adv_warmup: true
    mip_solver: gurobi
    skip_unsafe: false
    topk_filter: 1.0
    sliding_window: -1
    extra_constraint: false
    refine_neuron_timeout_increasement: 0
    timeout_neuron_percentage: 0.3
    remaining_timeout_threshold: 1
    remove_unstable_neurons: false
    lp_solver: false
bab:
  initial_max_domains: 100
  backing_up_max_domain: null
  max_domains: .inf
  decision_thresh: 0
  timeout: 100.0
  timeout_scale: 1
  max_iterations: -1
  override_timeout: null
  get_upper_bound: false
  pruning_in_iteration: true
  pruning_in_iteration_ratio: 0.2
  sort_targets: false
  batched_domain_list: true
  optimized_interm: ''
  interm_transfer: false
  recompute_interm: false
  sort_domain_interval: -1
  vanilla_crown: false
  tree_traversal: depth_first
  cut:
    enabled: false
    cuts_path: /tmp/abcrown_cuts
    implication: false
    bab_cut: false
    lp_cut: false
    method: null
    lr: 0.01
    lr_decay: 1.0
    iteration: 100
    bab_iteration: -1
    early_stop_patience: -1
    lr_beta: 0.02
    number_cuts: 50
    topk_cuts_in_filter: 1000
    batch_size_primal: 100
    max_num: 1000000000
    patches_cut: false
    cplex_cuts: false
    cplex_cuts_wait: 0
    cplex_cuts_revpickup: true
    cut_reference_bounds: true
    fix_intermediate_bounds: false
    biccos:
      enabled: false
      constraint_strengthening: true
      recursively_strengthening: false
      drop_ratio: 0.5
      verified_bonus: 0.3
      max_infer_iter: 20
      heuristic: neuron_influence_score
      save_biccos_cuts: false
      multi_tree_branching:
        enabled: false
        restore_best_tree: false
        keep_n_best_domains: 1
        k_splits: 1
        iterations: 1
  branching:
    method: kfsb
    candidates: 7
    reduceop: max
    enable_intermediate_bound_opt: false
    branching_input_and_activation: false
    branching_input_and_activation_order: [input, relu]
    branching_input_iterations: 30
    branching_relu_iterations: 50
    nonlinear_split:
      method: bbps
      disable: false
      branching_point_method: uniform
      num_branches: 2
      filter: false
      filter_beta: false
      filter_clamp: false
      filter_batch_size: 10000
      filter_iterations: 25
      relu_only: false
      loose_tanh_threshold: null
      branching_point:
        db_path: branching_points.pt
        num_iterations: 1000
        batch_size: 1000000
        range_l: -5.0
        range_u: 5.0
        log_interval: 100
        step_size_1d: 0.01
        step_size: 0.2
    input_split:
      enable_clip_domains: false
      split_hint: null
      reorder_bab: false
      enable: false
      enhanced_bound_prop_method: alpha-crown
      enhanced_branching_method: naive
      enhanced_bound_patience: 100000000.0
      attack_patience: 100000000.0
      adv_check: 0
      split_partitions: 2
      sb_margin_weight: 1.0
      sb_sum: false
      sb_primary_spec: null
      bf_backup_thresh: -1
      bf_rhs_offset: 0
      bf_iters: 1000000000.0
      bf_batch_size: 100000
      bf_zero_crossing_score: false
      touch_zero_score: 0
      ibp_enhancement: false
      compare_with_old_bounds: false
      update_rhs_with_attack: false
      sb_coeff_thresh: 0.001
      sort_index: null
      sort_descending: true
      show_progress: false
      presplit_domains: null
      skip_getting_worst_domain: false
  attack:
    enabled: false
    beam_candidates: 8
    beam_depth: 7
    max_dive_fix_ratio: 0.8
    min_local_free_ratio: 0.2
    mip_start_iteration: 5
    mip_timeout: 30.0
    adv_pool_threshold: null
    refined_mip_attacker: false
    refined_batch_size: null
attack:
  pgd_order: skip
  pgd_steps: 100
  pgd_restarts: 10
  pgd_batch_size: 100000000
  pgd_early_stop: true
  pgd_lr_decay: 0.99
  pgd_alpha: auto
  pgd_alpha_scale: false
  pgd_loss_mode: null
  pgd_restart_when_stuck: false
  enable_mip_attack: false
  adv_saver: default_adv_saver
  adv_verifier: default_adv_verifier
  early_stop_condition: default_early_stop_condition
  adv_example_finalizer: default_adv_example_finalizer
  pgd_loss: default_pgd_loss
  cex_path: ./test_cex.txt
  attack_mode: PGD
  attack_tolerance: 0.0
  attack_func: attack_with_general_specs
  gama_lambda: 10.0
  gama_decay: 0.9
  check_clean: false
  input_split:
    pgd_steps: 100
    pgd_restarts: 30
    pgd_alpha: auto
  input_split_enhanced:
    pgd_steps: 200
    pgd_restarts: 500000
    pgd_alpha: auto
  input_split_check_adv:
    enabled: auto
    pgd_steps: 5
    pgd_restarts: 5
    pgd_alpha: auto
    max_num_domains: 10
debug:
  view_model: false
  lp_test: null
  rescale_vnnlib_ptb: null
  test_optimized_bounds: false
  test_optimized_bounds_after_n_iterations: 0
  print_verbose_decisions: false
  sanity_check: null
  save_minimal_config: null
  save_minimal_config_omit_keys: []

Experiments at Tue May 26 15:57:22 2026 on dell-pro-max-tower-t2
Pre-compile jit kernels on a toy network...
JIT kernels compiled in 1.0174s./data1/Kane/miniconda3/envs/GenBaB/lib/python3.11/site-packages/onnx2pytorch/convert/model.py:151: UserWarning: Using experimental implementation that allows 'batch_size > 1'.Batchnorm layers could potentially produce false outputs.
  warnings.warn(
/data1/Kane/miniconda3/envs/GenBaB/lib/python3.11/site-packages/onnx2pytorch/utils.py:21: TracerWarning: Converting a tensor to a Python boolean might cause the trace to be incorrect. We can't record the data flow of Python values, so this value will be treated as a constant in the future. This means that the trace might not generalize to other inputs!
  return value.ndim == 0 or value.shape == torch.Size([1])
/data1/Kane/miniconda3/envs/GenBaB/lib/python3.11/site-packages/onnx2pytorch/operations/add.py:34: TracerWarning: Converting a tensor to a Python boolean might cause the trace to be incorrect. We can't record the data flow of Python values, so this value will be treated as a constant in the future. This means that the trace might not generalize to other inputs!
  elif all(x == 1 for x in input[0].shape):

Internal results will be saved to /data1/Kane/ACT/audit_results/abcrown_nopgd_20260525/cifar100_2024/0003__CIFAR100_resnet_medium__CIFAR100_resnet_medium_prop_idx_6232_sidx_3020_eps_0.0039.result.

 %%%%%%%%%%%%%%%%%%%%%%%%%%%%%%%%%%% idx: 0, vnnlib ID: 0 %%%%%%%%%%%%%%%%%%%%%%%%%%%%%%%%%%%
Using onnx /data1/Kane/data/vnncomp2025_benchmarks/benchmarks/cifar100_2024/onnx/CIFAR100_resnet_medium.onnx
Using vnnlib /data1/Kane/data/vnncomp2025_benchmarks/benchmarks/cifar100_2024/vnnlib/CIFAR100_resnet_medium_prop_idx_6232_sidx_3020_eps_0.0039.vnnlib
3072 inputs and 100 outputs in vnnlib
Loading onnx /data1/Kane/data/vnncomp2025_benchmarks/benchmarks/cifar100_2024/onnx/CIFAR100_resnet_medium.onnx with quirks {}
Onnx optimization with flags: ['merge_bn']
Found existed optimized onnx model at /data1/Kane/data/vnncomp2025_benchmarks/benchmarks/cifar100_2024/onnx/CIFAR100_resnet_medium.onnx.optimized
Finished onnx model loading in 0.0676 seconds
Model: BoundedModule(
  (/input-1): BoundInput(name=/input-1, inputs=[], perturbed=True)
  (/43): BoundParams(name=/43, inputs=[], perturbed=False)
  (/44): BoundParams(name=/44, inputs=[], perturbed=False)
  (/45): BoundParams(name=/45, inputs=[], perturbed=False)
  (/46): BoundParams(name=/46, inputs=[], perturbed=False)
  (/47): BoundParams(name=/47, inputs=[], perturbed=False)
  (/48): BoundParams(name=/48, inputs=[], perturbed=False)
  (/49): BoundParams(name=/49, inputs=[], perturbed=False)
  (/50): BoundParams(name=/50, inputs=[], perturbed=False)
  (/51): BoundParams(name=/51, inputs=[], perturbed=False)
  (/52): BoundParams(name=/52, inputs=[], perturbed=False)
  (/53): BoundParams(name=/53, inputs=[], perturbed=False)
  (/54): BoundParams(name=/54, inputs=[], perturbed=False)
  (/55): BoundParams(name=/55, inputs=[], perturbed=False)
  (/56): BoundParams(name=/56, inputs=[], perturbed=False)
  (/57): BoundParams(name=/57, inputs=[], perturbed=False)
  (/58): BoundParams(name=/58, inputs=[], perturbed=False)
  (/59): BoundParams(name=/59, inputs=[], perturbed=False)
  (/60): BoundParams(name=/60, inputs=[], perturbed=False)
  (/61): BoundParams(name=/61, inputs=[], perturbed=False)
  (/62): BoundParams(name=/62, inputs=[], perturbed=False)
  (/63): BoundParams(name=/63, inputs=[], perturbed=False)
  (/64): BoundParams(name=/64, inputs=[], perturbed=False)
  (/65): BoundParams(name=/65, inputs=[], perturbed=False)
  (/66): BoundParams(name=/66, inputs=[], perturbed=False)
  (/67): BoundParams(name=/67, inputs=[], perturbed=False)
  (/68): BoundParams(name=/68, inputs=[], perturbed=False)
  (/69): BoundParams(name=/69, inputs=[], perturbed=False)
  (/70): BoundParams(name=/70, inputs=[], perturbed=False)
  (/71): BoundParams(name=/71, inputs=[], perturbed=False)
  (/72): BoundParams(name=/72, inputs=[], perturbed=False)
  (/73): BoundParams(name=/73, inputs=[], perturbed=False)
  (/74): BoundParams(name=/74, inputs=[], perturbed=False)
  (/75): BoundParams(name=/75, inputs=[], perturbed=False)
  (/76): BoundParams(name=/76, inputs=[], perturbed=False)
  (/77): BoundParams(name=/77, inputs=[], perturbed=False)
  (/78): BoundParams(name=/78, inputs=[], perturbed=False)
  (/79): BoundParams(name=/79, inputs=[], perturbed=False)
  (/80): BoundParams(name=/80, inputs=[], perturbed=False)
  (/81): BoundParams(name=/81, inputs=[], perturbed=False)
  (/82): BoundParams(name=/82, inputs=[], perturbed=False)
  (/83): BoundParams(name=/83, inputs=[], perturbed=False)
  (/84): BoundParams(name=/84, inputs=[], perturbed=False)
  (/input): BoundConv(name=/input, inputs=[/input-1, /43, /44], perturbed=True)
  (/input-4): BoundRelu(name=/input-4, inputs=[/input], perturbed=True)
  (/input-8): BoundConv(name=/input-8, inputs=[/input-4, /45, /46], perturbed=True)
  (/input-12): BoundRelu(name=/input-12, inputs=[/input-8], perturbed=True)
  (/89): BoundConv(name=/89, inputs=[/input-12, /47, /48], perturbed=True)
  (/90): BoundConv(name=/90, inputs=[/input-4, /49, /50], perturbed=True)
  (/91): BoundAdd(name=/91, inputs=[/89, /90], perturbed=True)
  (/input-16): BoundConv(name=/input-16, inputs=[/91, /51, /52], perturbed=True)
  (/input-20): BoundRelu(name=/input-20, inputs=[/input-16], perturbed=True)
  (/94): BoundConv(name=/94, inputs=[/input-20, /53, /54], perturbed=True)
  (/95): BoundAdd(name=/95, inputs=[/94, /91], perturbed=True)
  (/input-24): BoundConv(name=/input-24, inputs=[/95, /55, /56], perturbed=True)
  (/input-28): BoundRelu(name=/input-28, inputs=[/input-24], perturbed=True)
  (/98): BoundConv(name=/98, inputs=[/input-28, /57, /58], perturbed=True)
  (/99): BoundAdd(name=/99, inputs=[/98, /95], perturbed=True)
  (/input-32): BoundConv(name=/input-32, inputs=[/99, /59, /60], perturbed=True)
  (/input-36): BoundRelu(name=/input-36, inputs=[/input-32], perturbed=True)
  (/102): BoundConv(name=/102, inputs=[/input-36, /61, /62], perturbed=True)
  (/103): BoundAdd(name=/103, inputs=[/102, /99], perturbed=True)
  (/input-40): BoundConv(name=/input-40, inputs=[/103, /63, /64], perturbed=True)
  (/input-44): BoundRelu(name=/input-44, inputs=[/input-40], perturbed=True)
  (/106): BoundConv(name=/106, inputs=[/input-44, /65, /66], perturbed=True)
  (/107): BoundConv(name=/107, inputs=[/103, /67, /68], perturbed=True)
  (/108): BoundAdd(name=/108, inputs=[/106, /107], perturbed=True)
  (/input-48): BoundConv(name=/input-48, inputs=[/108, /69, /70], perturbed=True)
  (/input-52): BoundRelu(name=/input-52, inputs=[/input-48], perturbed=True)
  (/111): BoundConv(name=/111, inputs=[/input-52, /71, /72], perturbed=True)
  (/112): BoundAdd(name=/112, inputs=[/111, /108], perturbed=True)
  (/input-56): BoundConv(name=/input-56, inputs=[/112, /73, /74], perturbed=True)
  (/input-60): BoundRelu(name=/input-60, inputs=[/input-56], perturbed=True)
  (/115): BoundConv(name=/115, inputs=[/input-60, /75, /76], perturbed=True)
  (/116): BoundAdd(name=/116, inputs=[/115, /112], perturbed=True)
  (/input-64): BoundConv(name=/input-64, inputs=[/116, /77, /78], perturbed=True)
  (/input-68): BoundRelu(name=/input-68, inputs=[/input-64], perturbed=True)
  (/119): BoundConv(name=/119, inputs=[/input-68, /79, /80], perturbed=True)
  (/120): BoundAdd(name=/120, inputs=[/119, /116], perturbed=True)
  (/121): BoundFlatten(name=/121, inputs=[/120], perturbed=True)
  (/input-72): BoundLinear(name=/input-72, inputs=[/121, /81, /82], perturbed=True)
  (/123): BoundRelu(name=/123, inputs=[/input-72], perturbed=True)
  (/124): BoundLinear(name=/124, inputs=[/123, /83, /84], perturbed=True)
)
Original output: tensor([[-12.87938690,  -8.95495033,  -6.85317230,  -7.21972752,  -7.18555832,
         -10.79401684,  -9.44759655,  -8.85709000,  -5.76705456,  -9.70681858,
          -8.83480072,  -7.26821327,  -7.59661674,  -8.95908833, -11.94681549,
          -8.87099743,  -8.76961803, -12.40022755,  -9.22014809,  -7.40061331,
         -11.26774597,  -8.71193314, -10.41248131,  -9.22405243, -10.37237740,
          -9.81836891, -10.02985573,  -4.41097069,  -7.01346922,  -8.03563213,
          -7.02304840,  -6.95106649,  -7.75534678,  -8.56247711,  -7.52774191,
          -8.35331249,  -9.82730961,  -8.72368622,  -6.08271074, -10.43920135,
          -9.50622272,  -8.94890213,  -6.35806847,  -9.45998764,  -6.92578983,
          -7.07818365,  -7.18001175,  -9.19848251,  -8.45723343, -11.95130348,
          -8.60734081, -10.84858036,  -9.99459076, -13.19832134,  -9.98913956,
          -5.86216259,  -6.89254332, -11.39004517,  -9.24416828,  -6.64022350,
          -9.09485531, -13.16672897, -12.95232105,  -8.00929451,  -9.07627392,
          -6.74616098,  -7.67366838,  -7.85840893,  -5.63903475,  -8.73809528,
         -11.06437874,  -6.95499754,  -6.20420361,  -7.18267822,  -6.85023069,
          -9.61464405, -10.76401043,  -7.60799217,  -8.39522171,  -7.68675995,
          -6.19542313,  -7.31574106,  -9.36851120, -13.55860519,  -8.88520622,
          -8.66294098, -11.64512253,  -9.08905220,  -8.09886074,  -9.59523296,
          -8.68663692,  -8.88519287, -13.01334763,  -7.17693043, -11.45799255,
          -8.38686848,  -8.17084122,  -7.85942411,  -8.79295063, -11.40109634]],
       device='cuda:0')
Split layers:
Nonlinear functions:
   BoundRelu(name=/input-4, inputs=[/input], perturbed=True)
   BoundRelu(name=/input-12, inputs=[/input-8], perturbed=True)
   BoundRelu(name=/input-20, inputs=[/input-16], perturbed=True)
   BoundRelu(name=/input-28, inputs=[/input-24], perturbed=True)
   BoundRelu(name=/input-36, inputs=[/input-32], perturbed=True)
   BoundRelu(name=/input-44, inputs=[/input-40], perturbed=True)
   BoundRelu(name=/input-52, inputs=[/input-48], perturbed=True)
   BoundRelu(name=/input-60, inputs=[/input-56], perturbed=True)
   BoundRelu(name=/input-68, inputs=[/input-64], perturbed=True)
   BoundRelu(name=/123, inputs=[/input-72], perturbed=True)
layer /input-4 using sparse-features alpha with shape [564]; unstable size 564; total size 14400 ([1, 64, 15, 15])
layer /input-4 start_node /input-8 using sparse-spec alpha [2, 98, 1, 564] with unstable size 97 total_size 128 output_shape 128
layer /input-4 start_node /input-16 using sparse-spec alpha [2, 47, 1, 564] with unstable size 46 total_size 128 output_shape 128
layer /input-4 start_node /input-24 using sparse-spec alpha [2, 21, 1, 564] with unstable size 20 total_size 8192 output_shape torch.Size([128, 8, 8])
layer /input-4 start_node /input-40 using sparse-spec alpha [2, 97, 1, 564] with unstable size 96 total_size 2048 output_shape torch.Size([128, 4, 4])
layer /input-4 start_node /input-72 using sparse-spec alpha [2, 38, 1, 564] with unstable size 37 total_size 100 output_shape torch.Size([100])
layer /input-4 start_node /124 using full alpha [2, 99, 1, 564] with unstable size None total_size 99 output_shape 99
layer /input-12 using sparse-features alpha with shape [318]; unstable size 318; total size 8192 ([1, 128, 8, 8])
layer /input-12 start_node /input-16 using sparse-spec alpha [2, 47, 1, 318] with unstable size 46 total_size 128 output_shape 128
layer /input-12 start_node /input-24 using sparse-spec alpha [2, 21, 1, 318] with unstable size 20 total_size 8192 output_shape torch.Size([128, 8, 8])
layer /input-12 start_node /input-40 using sparse-spec alpha [2, 97, 1, 318] with unstable size 96 total_size 2048 output_shape torch.Size([128, 4, 4])
layer /input-12 start_node /input-72 using sparse-spec alpha [2, 38, 1, 318] with unstable size 37 total_size 100 output_shape torch.Size([100])
layer /input-12 start_node /124 using full alpha [2, 99, 1, 318] with unstable size None total_size 99 output_shape 99
layer /input-20 using sparse-features alpha with shape [197]; unstable size 197; total size 8192 ([1, 128, 8, 8])
layer /input-20 start_node /input-24 using sparse-spec alpha [2, 9, 1, 197] with unstable size 8 total_size 128 output_shape 128
layer /input-20 start_node /input-40 using sparse-spec alpha [2, 97, 1, 197] with unstable size 96 total_size 2048 output_shape torch.Size([128, 4, 4])
layer /input-20 start_node /input-72 using sparse-spec alpha [2, 38, 1, 197] with unstable size 37 total_size 100 output_shape torch.Size([100])
layer /input-20 start_node /124 using full alpha [2, 99, 1, 197] with unstable size None total_size 99 output_shape 99
layer /input-28 using sparse-features alpha with shape [20]; unstable size 20; total size 8192 ([1, 128, 8, 8])
layer /input-28 start_node /input-40 using sparse-spec alpha [2, 97, 1, 20] with unstable size 96 total_size 2048 output_shape torch.Size([128, 4, 4])
layer /input-28 start_node /input-72 using sparse-spec alpha [2, 38, 1, 20] with unstable size 37 total_size 100 output_shape torch.Size([100])
layer /input-28 start_node /124 using full alpha [2, 99, 1, 20] with unstable size None total_size 99 output_shape 99
layer /input-36 using sparse-features alpha with shape [0]; unstable size 0; total size 8192 ([1, 128, 8, 8])
layer /input-36 start_node /input-40 using sparse-spec alpha [2, 48, 1, 0] with unstable size 47 total_size 128 output_shape 128
layer /input-36 start_node /input-72 using sparse-spec alpha [2, 38, 1, 0] with unstable size 37 total_size 100 output_shape torch.Size([100])
layer /input-36 start_node /124 using full alpha [2, 99, 1, 0] with unstable size None total_size 99 output_shape 99
layer /input-44 using sparse-features alpha with shape [96]; unstable size 96; total size 2048 ([1, 128, 4, 4])
layer /input-44 start_node /input-72 using sparse-spec alpha [2, 38, 1, 96] with unstable size 37 total_size 100 output_shape torch.Size([100])
layer /input-44 start_node /124 using full alpha [2, 99, 1, 96] with unstable size None total_size 99 output_shape 99
layer /input-52 using sparse-features alpha with shape [0]; unstable size 0; total size 2048 ([1, 128, 4, 4])
layer /input-52 start_node /input-72 using sparse-spec alpha [2, 38, 1, 0] with unstable size 37 total_size 100 output_shape torch.Size([100])
layer /input-52 start_node /124 using full alpha [2, 99, 1, 0] with unstable size None total_size 99 output_shape 99
layer /input-60 using sparse-features alpha with shape [0]; unstable size 0; total size 2048 ([1, 128, 4, 4])
layer /input-60 start_node /input-72 using sparse-spec alpha [2, 38, 1, 0] with unstable size 37 total_size 100 output_shape torch.Size([100])
layer /input-60 start_node /124 using full alpha [2, 99, 1, 0] with unstable size None total_size 99 output_shape 99
layer /input-68 using sparse-features alpha with shape [0]; unstable size 0; total size 2048 ([1, 128, 4, 4])
layer /input-68 start_node /input-72 using sparse-spec alpha [2, 38, 1, 0] with unstable size 37 total_size 100 output_shape torch.Size([100])
layer /input-68 start_node /124 using full alpha [2, 99, 1, 0] with unstable size None total_size 99 output_shape 99
layer /123 using sparse-features alpha with shape [37]; unstable size 37; total size 100 ([1, 100])
layer /123 start_node /124 using full alpha [2, 99, 1, 37] with unstable size None total_size 99 output_shape 99
Optimizable variables initialized.
initial CROWN bounds: tensor([[ 5.37863350,  2.25615048,  0.11748314,  0.33671063,  0.91423124,
          3.32311630,  2.34308243,  1.53252316, -1.58221102,  2.17655826,
          1.51441193,  0.31796682,  0.65977621,  1.66826820,  4.95663595,
          1.81823957,  0.84942234,  5.30511189,  2.69727635,  0.47305942,
          3.43373489,  1.21014643,  3.10906386,  2.00189781,  2.88852453,
          2.36177850,  3.05009556, -0.73885548,  1.54816782,  0.59757018,
         -0.06285882,  1.15816379,  1.38459682,  0.57221544,  1.29113126,
          2.87821293,  1.64985847, -0.68884128,  2.93961716,  1.80623555,
          1.57950270, -0.13319194,  2.37895536,  0.56561160,  0.53166294,
          0.05582380,  2.03196526,  0.99928141,  4.89750528,  1.85011101,
          3.47953129,  2.84517145,  5.71382666,  2.91903591, -0.41972971,
         -0.44145727,  4.31975269,  2.06641817, -0.72907138,  1.90656757,
          5.43985558,  5.77516508,  1.25416481,  2.52201653, -0.10377932,
          0.66683984,  1.07997036, -1.82518637,  1.52382982,  3.95995998,
         -0.23963165,  0.02393293,  0.89064598,  0.35325480,  2.49925494,
          3.26903772,  0.55020452,  1.43325698,  0.56150025, -0.27215815,
         -0.13332987,  2.35374832,  6.30180454,  1.41512406,  1.67383575,
          3.63851643,  1.38308096,  1.25552106,  2.34676766,  1.48431087,
          2.27892041,  5.65499496,  0.82583928,  3.69588327,  1.52331710,
          1.00825453,  0.91270041,  1.63805175,  4.05001974]], device='cuda:0') None
prune_after_crown optimization in use: original label size = 99 pruned label size = 13
best_l after optimization: -4.469544410705566
alpha/beta optimization time: 2.2477264404296875
initial alpha-crown bounds: tensor([[        inf,         inf,         inf,         inf,         inf,
                 inf,         inf,         inf, -1.36386132,         inf,
                 inf,         inf,         inf,         inf,         inf,
                 inf,         inf,         inf,         inf,         inf,
                 inf,         inf,         inf,         inf,         inf,
                 inf,         inf, -0.44955897,         inf,         inf,
          0.16960788,         inf,         inf,         inf,         inf,
                 inf,         inf, -0.48876679,         inf,         inf,
                 inf,  0.01127416,         inf,         inf,         inf,
                 inf,         inf,         inf,         inf,         inf,
                 inf,         inf,         inf,         inf, -0.24444544,
         -0.22441530,         inf,         inf, -0.50754380,         inf,
                 inf,         inf,         inf,         inf,  0.14096653,
                 inf,         inf, -1.56504321,         inf,         inf,
         -0.00257456,         inf,         inf,         inf,         inf,
                 inf,         inf,         inf,         inf, -0.07683039,
          0.13164663,         inf,         inf,         inf,         inf,
                 inf,         inf,         inf,         inf,         inf,
                 inf,         inf,         inf,         inf,         inf,
                 inf,         inf,         inf,         inf]], device='cuda:0')
Number of class (without rhs): 9 ; Worst class: (+ rhs) -1.5650432109832764
Total VNNLIB file length: 99, max property batch size: 100, total number of batches: 1
lA shape: [torch.Size([99, 1, 64, 15, 15]), torch.Size([99, 1, 128, 8, 8]), torch.Size([99, 1, 128, 8, 8]), torch.Size([99, 1, 128, 8, 8]), torch.Size([99, 1, 128, 8, 8]), torch.Size([99, 1, 128, 4, 4]), torch.Size([99, 1, 128, 4, 4]), torch.Size([99, 1, 128, 4, 4]), torch.Size([99, 1, 128, 4, 4]), torch.Size([99, 1, 100])]

Properties batch 0, size 99
Remaining timeout: 96.4182550907135
Verifying property 0 with 99 instances.
##### Instance 0 first 10 spec matrices: 
tensor([[[-1.,  0.,  0.,  0.,  0.,  0.,  0.,  0.,  0.,  0.,  0.,  0.,  0.,  0.,
           0.,  0.,  0.,  0.,  0.,  0.,  0.,  0.,  0.,  0.,  0.,  0.,  0.,  1.,
           0.,  0.,  0.,  0.,  0.,  0.,  0.,  0.,  0.,  0.,  0.,  0.,  0.,  0.,
           0.,  0.,  0.,  0.,  0.,  0.,  0.,  0.,  0.,  0.,  0.,  0.,  0.,  0.,
           0.,  0.,  0.,  0.,  0.,  0.,  0.,  0.,  0.,  0.,  0.,  0.,  0.,  0.,
           0.,  0.,  0.,  0.,  0.,  0.,  0.,  0.,  0.,  0.,  0.,  0.,  0.,  0.,
           0.,  0.,  0.,  0.,  0.,  0.,  0.,  0.,  0.,  0.,  0.,  0.,  0.,  0.,
           0.,  0.]],

        [[ 0., -1.,  0.,  0.,  0.,  0.,  0.,  0.,  0.,  0.,  0.,  0.,  0.,  0.,
           0.,  0.,  0.,  0.,  0.,  0.,  0.,  0.,  0.,  0.,  0.,  0.,  0.,  1.,
           0.,  0.,  0.,  0.,  0.,  0.,  0.,  0.,  0.,  0.,  0.,  0.,  0.,  0.,
           0.,  0.,  0.,  0.,  0.,  0.,  0.,  0.,  0.,  0.,  0.,  0.,  0.,  0.,
           0.,  0.,  0.,  0.,  0.,  0.,  0.,  0.,  0.,  0.,  0.,  0.,  0.,  0.,
           0.,  0.,  0.,  0.,  0.,  0.,  0.,  0.,  0.,  0.,  0.,  0.,  0.,  0.,
           0.,  0.,  0.,  0.,  0.,  0.,  0.,  0.,  0.,  0.,  0.,  0.,  0.,  0.,
           0.,  0.]],

        [[ 0.,  0., -1.,  0.,  0.,  0.,  0.,  0.,  0.,  0.,  0.,  0.,  0.,  0.,
           0.,  0.,  0.,  0.,  0.,  0.,  0.,  0.,  0.,  0.,  0.,  0.,  0.,  1.,
           0.,  0.,  0.,  0.,  0.,  0.,  0.,  0.,  0.,  0.,  0.,  0.,  0.,  0.,
           0.,  0.,  0.,  0.,  0.,  0.,  0.,  0.,  0.,  0.,  0.,  0.,  0.,  0.,
           0.,  0.,  0.,  0.,  0.,  0.,  0.,  0.,  0.,  0.,  0.,  0.,  0.,  0.,
           0.,  0.,  0.,  0.,  0.,  0.,  0.,  0.,  0.,  0.,  0.,  0.,  0.,  0.,
           0.,  0.,  0.,  0.,  0.,  0.,  0.,  0.,  0.,  0.,  0.,  0.,  0.,  0.,
           0.,  0.]],

        [[ 0.,  0.,  0., -1.,  0.,  0.,  0.,  0.,  0.,  0.,  0.,  0.,  0.,  0.,
           0.,  0.,  0.,  0.,  0.,  0.,  0.,  0.,  0.,  0.,  0.,  0.,  0.,  1.,
           0.,  0.,  0.,  0.,  0.,  0.,  0.,  0.,  0.,  0.,  0.,  0.,  0.,  0.,
           0.,  0.,  0.,  0.,  0.,  0.,  0.,  0.,  0.,  0.,  0.,  0.,  0.,  0.,
           0.,  0.,  0.,  0.,  0.,  0.,  0.,  0.,  0.,  0.,  0.,  0.,  0.,  0.,
           0.,  0.,  0.,  0.,  0.,  0.,  0.,  0.,  0.,  0.,  0.,  0.,  0.,  0.,
           0.,  0.,  0.,  0.,  0.,  0.,  0.,  0.,  0.,  0.,  0.,  0.,  0.,  0.,
           0.,  0.]],

        [[ 0.,  0.,  0.,  0., -1.,  0.,  0.,  0.,  0.,  0.,  0.,  0.,  0.,  0.,
           0.,  0.,  0.,  0.,  0.,  0.,  0.,  0.,  0.,  0.,  0.,  0.,  0.,  1.,
           0.,  0.,  0.,  0.,  0.,  0.,  0.,  0.,  0.,  0.,  0.,  0.,  0.,  0.,
           0.,  0.,  0.,  0.,  0.,  0.,  0.,  0.,  0.,  0.,  0.,  0.,  0.,  0.,
           0.,  0.,  0.,  0.,  0.,  0.,  0.,  0.,  0.,  0.,  0.,  0.,  0.,  0.,
           0.,  0.,  0.,  0.,  0.,  0.,  0.,  0.,  0.,  0.,  0.,  0.,  0.,  0.,
           0.,  0.,  0.,  0.,  0.,  0.,  0.,  0.,  0.,  0.,  0.,  0.,  0.,  0.,
           0.,  0.]],

        [[ 0.,  0.,  0.,  0.,  0., -1.,  0.,  0.,  0.,  0.,  0.,  0.,  0.,  0.,
           0.,  0.,  0.,  0.,  0.,  0.,  0.,  0.,  0.,  0.,  0.,  0.,  0.,  1.,
           0.,  0.,  0.,  0.,  0.,  0.,  0.,  0.,  0.,  0.,  0.,  0.,  0.,  0.,
           0.,  0.,  0.,  0.,  0.,  0.,  0.,  0.,  0.,  0.,  0.,  0.,  0.,  0.,
           0.,  0.,  0.,  0.,  0.,  0.,  0.,  0.,  0.,  0.,  0.,  0.,  0.,  0.,
           0.,  0.,  0.,  0.,  0.,  0.,  0.,  0.,  0.,  0.,  0.,  0.,  0.,  0.,
           0.,  0.,  0.,  0.,  0.,  0.,  0.,  0.,  0.,  0.,  0.,  0.,  0.,  0.,
           0.,  0.]],

        [[ 0.,  0.,  0.,  0.,  0.,  0., -1.,  0.,  0.,  0.,  0.,  0.,  0.,  0.,
           0.,  0.,  0.,  0.,  0.,  0.,  0.,  0.,  0.,  0.,  0.,  0.,  0.,  1.,
           0.,  0.,  0.,  0.,  0.,  0.,  0.,  0.,  0.,  0.,  0.,  0.,  0.,  0.,
           0.,  0.,  0.,  0.,  0.,  0.,  0.,  0.,  0.,  0.,  0.,  0.,  0.,  0.,
           0.,  0.,  0.,  0.,  0.,  0.,  0.,  0.,  0.,  0.,  0.,  0.,  0.,  0.,
           0.,  0.,  0.,  0.,  0.,  0.,  0.,  0.,  0.,  0.,  0.,  0.,  0.,  0.,
           0.,  0.,  0.,  0.,  0.,  0.,  0.,  0.,  0.,  0.,  0.,  0.,  0.,  0.,
           0.,  0.]],

        [[ 0.,  0.,  0.,  0.,  0.,  0.,  0., -1.,  0.,  0.,  0.,  0.,  0.,  0.,
           0.,  0.,  0.,  0.,  0.,  0.,  0.,  0.,  0.,  0.,  0.,  0.,  0.,  1.,
           0.,  0.,  0.,  0.,  0.,  0.,  0.,  0.,  0.,  0.,  0.,  0.,  0.,  0.,
           0.,  0.,  0.,  0.,  0.,  0.,  0.,  0.,  0.,  0.,  0.,  0.,  0.,  0.,
           0.,  0.,  0.,  0.,  0.,  0.,  0.,  0.,  0.,  0.,  0.,  0.,  0.,  0.,
           0.,  0.,  0.,  0.,  0.,  0.,  0.,  0.,  0.,  0.,  0.,  0.,  0.,  0.,
           0.,  0.,  0.,  0.,  0.,  0.,  0.,  0.,  0.,  0.,  0.,  0.,  0.,  0.,
           0.,  0.]],

        [[ 0.,  0.,  0.,  0.,  0.,  0.,  0.,  0., -1.,  0.,  0.,  0.,  0.,  0.,
           0.,  0.,  0.,  0.,  0.,  0.,  0.,  0.,  0.,  0.,  0.,  0.,  0.,  1.,
           0.,  0.,  0.,  0.,  0.,  0.,  0.,  0.,  0.,  0.,  0.,  0.,  0.,  0.,
           0.,  0.,  0.,  0.,  0.,  0.,  0.,  0.,  0.,  0.,  0.,  0.,  0.,  0.,
           0.,  0.,  0.,  0.,  0.,  0.,  0.,  0.,  0.,  0.,  0.,  0.,  0.,  0.,
           0.,  0.,  0.,  0.,  0.,  0.,  0.,  0.,  0.,  0.,  0.,  0.,  0.,  0.,
           0.,  0.,  0.,  0.,  0.,  0.,  0.,  0.,  0.,  0.,  0.,  0.,  0.,  0.,
           0.,  0.]],

        [[ 0.,  0.,  0.,  0.,  0.,  0.,  0.,  0.,  0., -1.,  0.,  0.,  0.,  0.,
           0.,  0.,  0.,  0.,  0.,  0.,  0.,  0.,  0.,  0.,  0.,  0.,  0.,  1.,
           0.,  0.,  0.,  0.,  0.,  0.,  0.,  0.,  0.,  0.,  0.,  0.,  0.,  0.,
           0.,  0.,  0.,  0.,  0.,  0.,  0.,  0.,  0.,  0.,  0.,  0.,  0.,  0.,
           0.,  0.,  0.,  0.,  0.,  0.,  0.,  0.,  0.,  0.,  0.,  0.,  0.,  0.,
           0.,  0.,  0.,  0.,  0.,  0.,  0.,  0.,  0.,  0.,  0.,  0.,  0.,  0.,
           0.,  0.,  0.,  0.,  0.,  0.,  0.,  0.,  0.,  0.,  0.,  0.,  0.,  0.,
           0.,  0.]]], dtype=torch.float64)
thresholds: tensor([0., 0., 0., 0., 0., 0., 0., 0., 0., 0.], device='cuda:0') ######
Initial alpha-CROWN verified for spec index tensor([ 0,  1,  2,  3,  4,  5,  6,  7,  9, 10, 11, 12, 13, 14, 15, 16, 17, 18,
        19, 20, 21, 22, 23, 24, 25, 26, 28, 29, 30, 31, 32, 33, 34, 35, 36, 38,
        39, 40, 41, 42, 43, 44, 45, 46, 47, 48, 49, 50, 51, 52, 53, 56, 57, 59,
        60, 61, 62, 63, 64, 65, 66, 68, 69, 71, 72, 73, 74, 75, 76, 77, 78, 80,
        81, 82, 83, 84, 85, 86, 87, 88, 89, 90, 91, 92, 93, 94, 95, 96, 97, 98],
       device='cuda:0') with bound tensor([       inf,        inf,        inf,        inf,        inf,        inf,
               inf,        inf,        inf,        inf,        inf,        inf,
               inf,        inf,        inf,        inf,        inf,        inf,
               inf,        inf,        inf,        inf,        inf,        inf,
               inf,        inf,        inf,        inf, 0.16960788,        inf,
               inf,        inf,        inf,        inf,        inf,        inf,
               inf,        inf, 0.01127416,        inf,        inf,        inf,
               inf,        inf,        inf,        inf,        inf,        inf,
               inf,        inf,        inf,        inf,        inf,        inf,
               inf,        inf,        inf,        inf, 0.14096653,        inf,
               inf,        inf,        inf,        inf,        inf,        inf,
               inf,        inf,        inf,        inf,        inf, 0.13164663,
               inf,        inf,        inf,        inf,        inf,        inf,
               inf,        inf,        inf,        inf,        inf,        inf,
               inf,        inf,        inf,        inf,        inf,        inf],
       device='cuda:0').
Remaining spec index tensor([ 8, 27, 37, 54, 55, 58, 67, 70, 79], device='cuda:0') with bounds tensor([[-1.36386132],
        [-0.44955897],
        [-0.48876679],
        [-0.24444544],
        [-0.22441530],
        [-0.50754380],
        [-1.56504321],
        [-0.00257456],
        [-0.07683039]], device='cuda:0') need to verify.
Model prediction is: tensor([-12.87938690,  -8.95495033,  -6.85317230,  -7.21972752,  -7.18555832,
        -10.79401684,  -9.44759655,  -8.85709000,  -5.76705456,  -9.70681858,
         -8.83480072,  -7.26821327,  -7.59661674,  -8.95908833, -11.94681549,
         -8.87099743,  -8.76961803, -12.40022755,  -9.22014809,  -7.40061331,
        -11.26774597,  -8.71193314, -10.41248131,  -9.22405243, -10.37237740,
         -9.81836891, -10.02985573,  -4.41097069,  -7.01346922,  -8.03563213,
         -7.02304840,  -6.95106649,  -7.75534678,  -8.56247711,  -7.52774191,
         -8.35331249,  -9.82730961,  -8.72368622,  -6.08271074, -10.43920135,
         -9.50622272,  -8.94890213,  -6.35806847,  -9.45998764,  -6.92578983,
         -7.07818365,  -7.18001175,  -9.19848251,  -8.45723343, -11.95130348,
         -8.60734081, -10.84858036,  -9.99459076, -13.19832134,  -9.98913956,
         -5.86216259,  -6.89254332, -11.39004517,  -9.24416828,  -6.64022350,
         -9.09485531, -13.16672897, -12.95232105,  -8.00929451,  -9.07627392,
         -6.74616098,  -7.67366838,  -7.85840893,  -5.63903475,  -8.73809528,
        -11.06437874,  -6.95499754,  -6.20420361,  -7.18267822,  -6.85023069,
         -9.61464405, -10.76401043,  -7.60799217,  -8.39522171,  -7.68675995,
         -6.19542313,  -7.31574106,  -9.36851120, -13.55860519,  -8.88520622,
         -8.66294098, -11.64512253,  -9.08905220,  -8.09886074,  -9.59523296,
         -8.68663692,  -8.88519287, -13.01334763,  -7.17693043, -11.45799255,
         -8.38686848,  -8.17084122,  -7.85942411,  -8.79295063, -11.40109634],
       device='cuda:0')
build_with_refined_bounds batch [1/1]
setting alpha for layer /input-4 start_node /124 with alignment adjustment
setting alpha for layer /input-12 start_node /124 with alignment adjustment
setting alpha for layer /input-20 start_node /124 with alignment adjustment
setting alpha for layer /input-28 start_node /124 with alignment adjustment
setting alpha for layer /input-36 start_node /124 with alignment adjustment
setting alpha for layer /input-44 start_node /124 with alignment adjustment
setting alpha for layer /input-52 start_node /124 with alignment adjustment
setting alpha for layer /input-60 start_node /124 with alignment adjustment
setting alpha for layer /input-68 start_node /124 with alignment adjustment
setting alpha for layer /123 start_node /124 with alignment adjustment
all alpha initialized
directly get lb and ub from refined bounds
c shape: torch.Size([9, 1, 100])
lA shapes: [torch.Size([9, 1, 64, 15, 15]), torch.Size([9, 1, 128, 8, 8]), torch.Size([9, 1, 128, 8, 8]), torch.Size([9, 1, 128, 8, 8]), torch.Size([9, 1, 128, 8, 8]), torch.Size([9, 1, 128, 4, 4]), torch.Size([9, 1, 128, 4, 4]), torch.Size([9, 1, 128, 4, 4]), torch.Size([9, 1, 128, 4, 4]), torch.Size([9, 1, 100])]
(alpha-)CROWN with fixed intermediate bounds: tensor([[-1.36386132],
        [-0.44955897],
        [-0.48876679],
        [-0.24444544],
        [-0.22441530],
        [-0.50754380],
        [-1.56504321],
        [-0.00257456],
        [-0.07683039]], device='cuda:0') tensor([[inf],
        [inf],
        [inf],
        [inf],
        [inf],
        [inf],
        [inf],
        [inf],
        [inf]], device='cuda:0')
Intermediate layers: /input,/input-8,/input-16,/input-24,/input-32,/input-40,/input-48,/input-56,/input-64,/input-72,/124
Keeping alphas for these layers: ['/124']
Keeping alphas for these layers: ['/124']
Node /input-4 input 0: size torch.Size([64, 15, 15]) unstable 564
Node /input-12 input 0: size torch.Size([128, 8, 8]) unstable 309
Node /input-20 input 0: size torch.Size([128, 8, 8]) unstable 189
Node /input-28 input 0: size torch.Size([128, 8, 8]) unstable 20
Node /input-36 input 0: size torch.Size([128, 8, 8]) unstable 0
Node /input-44 input 0: size torch.Size([128, 4, 4]) unstable 92
Node /input-52 input 0: size torch.Size([128, 4, 4]) unstable 0
Node /input-60 input 0: size torch.Size([128, 4, 4]) unstable 0
Node /input-68 input 0: size torch.Size([128, 4, 4]) unstable 0
Node /123 input 0: size torch.Size([100]) unstable 35
-----------------
# of unstable neurons: 1209
-----------------

BaB round 1
batch: 9
splitting decisions: 
split level 0: [/input-72, 34] [/input-72, 37] [/input-72, 85] [/input-72, 8] [/input-72, 8] [/input-72, 8] [/input-72, 9] [/input-72, 8] [/input-72, 93] 
pruning_in_iteration open status: True
ratio of positive domain = 7 / 18 = 0.38888888888888884
pruning-in-iteration extra time: 0.003926277160644531
Time: prepare 0.0004    bound 0.2382    transfer 0.0009    finalize 0.0004    func 0.2399    
Accumulated time: func 0.2399    prepare 0.0008    bound 0.2382    transfer 0.0009    finalize 0.0004    
Current worst splitting domains lb-rhs (depth):
-1.45760 (1), -1.30859 (1), -1.01643 (1), -0.70545 (1), -0.44819 (1), -0.40256 (1), -0.32138 (1), -0.24396 (1), -0.18382 (1), -0.15938 (1), -0.03353 (1), 
Length of domains: 11
Time: pickout 0.0008    decision 0.2065    set_bounds 0.0049    solve 0.2399    add 0.0012    
Accumulated time: pickout 0.0008    decision 0.2065    set_bounds 0.0049    solve 0.2399    add 0.0012    
Current (lb-rhs): -1.4575974941253662
11 domains visited
Cumulative time: 0.6618118286132812

BaB round 2
batch: 11
splitting decisions: 
split level 0: [/input-72, 8] [/input-72, 8] [/input-72, 8] [/input-72, 9] [/input-72, 8] [/input-72, 8] [/input-72, 8] [/input-72, 93] [/input-40, 1190] [/input-72, 9] 
pruning_in_iteration open status: True
ratio of positive domain = 5 / 22 = 0.2272727272727273
pruning-in-iteration extra time: 0.010210514068603516
Time: prepare 0.0008    bound 0.1721    transfer 0.0164    finalize 0.0065    func 0.1958    
Accumulated time: func 0.4357    prepare 0.0019    bound 0.4103    transfer 0.0172    finalize 0.0069    
Current worst splitting domains lb-rhs (depth):
-1.39445 (2), -1.27158 (2), -0.95001 (2), -0.93082 (2), -0.79934 (2), -0.65095 (2), -0.39093 (2), -0.35009 (2), -0.34672 (2), -0.34374 (2), -0.24883 (2), -0.20123 (2), -0.17562 (2), -0.11180 (2), -0.06197 (2), -0.01420 (2), -0.00245 (2), 
Length of domains: 17
Time: pickout 0.0008    decision 0.0501    set_bounds 0.0010    solve 0.1958    add 0.0016    
Accumulated time: pickout 0.0017    decision 0.2566    set_bounds 0.0059    solve 0.4357    add 0.0028    
Current (lb-rhs): -1.3944525718688965
28 domains visited
Cumulative time: 0.9114196300506592

BaB round 3
batch: 17
splitting decisions: 
split level 0: [/input-72, 93] [/input-72, 93] [/input-72, 89] [/input-72, 93] [/input-72, 93] [/input-72, 58] [/input-72, 89] [/input-72, 93] [/input-72, 93] [/input-72, 93] 
pruning_in_iteration open status: True
ratio of positive domain = 12 / 34 = 0.3529411764705882
pruning-in-iteration extra time: 0.007544755935668945
Time: prepare 0.0011    bound 0.1715    transfer 0.0018    finalize 0.0009    func 0.1754    
Accumulated time: func 0.6110    prepare 0.0034    bound 0.5818    transfer 0.0191    finalize 0.0078    
Current worst splitting domains lb-rhs (depth):
-1.34772 (3), -1.19945 (3), -1.07815 (3), -1.00111 (3), -0.90082 (3), -0.85795 (3), -0.69485 (3), -0.61165 (3), -0.60921 (3), -0.57132 (3), -0.51852 (3), -0.40534 (3), -0.31817 (3), -0.27654 (3), -0.26429 (3), -0.25931 (3), -0.22509 (3), -0.20886 (3), -0.17311 (3), -0.16961 (3), 
Length of domains: 22
Time: pickout 0.0029    decision 0.1469    set_bounds 0.0016    solve 0.1754    add 0.0017    
Accumulated time: pickout 0.0046    decision 0.4035    set_bounds 0.0074    solve 0.6112    add 0.0045    
Current (lb-rhs): -1.3477184772491455
50 domains visited
Cumulative time: 1.240159034729004

BaB round 4
batch: 22
splitting decisions: 
split level 0: [/input-72, 3] [/input-72, 93] [/input-72, 3] [/input-72, 19] [/input-72, 93] [/input-72, 3] [/input-72, 51] [/input-72, 93] [/input-72, 3] [/input-72, 19] 
pruning_in_iteration open status: False
ratio of positive domain = 3 / 44 = 0.06818181818181823
pruning-in-iteration extra time: 0.0002949237823486328
Time: prepare 0.0012    bound 0.1323    transfer 0.0016    finalize 0.0013    func 0.1364    
Accumulated time: func 0.7475    prepare 0.0049    bound 0.7141    transfer 0.0207    finalize 0.0091    
Current worst splitting domains lb-rhs (depth):
-1.24387 (4), -1.20684 (4), -1.10075 (4), -1.09734 (4), -0.98293 (4), -0.96897 (4), -0.87533 (4), -0.86055 (4), -0.80374 (4), -0.74988 (4), -0.71178 (4), -0.70667 (4), -0.60704 (4), -0.56643 (4), -0.52162 (4), -0.50012 (4), -0.47181 (4), -0.46910 (4), -0.46560 (4), -0.42815 (4), 
Length of domains: 40
Time: pickout 0.0009    decision 0.0517    set_bounds 0.0014    solve 0.1365    add 0.0032    
Accumulated time: pickout 0.0055    decision 0.4553    set_bounds 0.0088    solve 0.7476    add 0.0078    
Current (lb-rhs): -1.2438695430755615
90 domains visited
Cumulative time: 1.4341423511505127

BaB round 5
batch: 40
splitting decisions: 
split level 0: [/input-72, 4] [/input-72, 34] [/input-72, 4] [/input-72, 93] [/input-72, 34] [/input-72, 4] [/input-72, 34] [/input-72, 34] [/input-72, 4] [/input-72, 34] 
pruning_in_iteration open status: True
ratio of positive domain = 20 / 80 = 0.25
pruning-in-iteration extra time: 0.0041501522064208984
Time: prepare 0.0022    bound 0.1949    transfer 0.0046    finalize 0.0013    func 0.2030    
Accumulated time: func 0.9505    prepare 0.0075    bound 0.9090    transfer 0.0252    finalize 0.0104    
Current worst splitting domains lb-rhs (depth):
-1.17680 (5), -1.14074 (5), -1.10266 (5), -1.06810 (5), -1.06401 (5), -1.05093 (5), -0.95370 (5), -0.94064 (5), -0.92030 (5), -0.91406 (5), -0.80430 (5), -0.79011 (5), -0.74590 (5), -0.73317 (5), -0.71247 (5), -0.67705 (5), -0.65144 (5), -0.63632 (5), -0.61994 (5), -0.61870 (5), 
Length of domains: 60
Time: pickout 0.0152    decision 0.1394    set_bounds 0.0092    solve 0.2031    add 0.0047    
Accumulated time: pickout 0.0207    decision 0.5947    set_bounds 0.0180    solve 0.9507    add 0.0124    
Current (lb-rhs): -1.176795244216919
150 domains visited
Cumulative time: 1.806077003479004

BaB round 6
batch: 60
splitting decisions: 
split level 0: [/input-40, 1273] [/input-72, 9] [/input-40, 1273] [/input-40, 1273] [/input-40, 1273] [/input-72, 9] [/input-40, 1273] [/input-72, 82] [/input-16, 2068] [/input-72, 9] 
pruning_in_iteration open status: True
ratio of positive domain = 29 / 120 = 0.2416666666666667
pruning-in-iteration extra time: 0.0049936771392822266
Time: prepare 0.0031    bound 0.1555    transfer 0.0135    finalize 0.0156    func 0.1878    
Accumulated time: func 1.1383    prepare 0.0109    bound 1.0645    transfer 0.0388    finalize 0.0260    
Current worst splitting domains lb-rhs (depth):
-1.13107 (6), -1.12670 (6), -1.08526 (6), -1.05597 (6), -1.03964 (6), -1.03484 (6), -1.02777 (6), -0.99599 (6), -0.91570 (6), -0.91139 (6), -0.90919 (6), -0.89634 (6), -0.87196 (6), -0.86479 (6), -0.86278 (6), -0.85348 (6), -0.85102 (6), -0.84175 (6), -0.78875 (6), -0.75519 (6), 
Length of domains: 91
Time: pickout 0.0013    decision 0.0559    set_bounds 0.0027    solve 0.1878    add 0.0084    
Accumulated time: pickout 0.0220    decision 0.6506    set_bounds 0.0207    solve 1.1385    add 0.0209    
Current (lb-rhs): -1.131073236465454
241 domains visited
Cumulative time: 2.062714099884033

BaB round 7
batch: 91
splitting decisions: 
split level 0: [/input-72, 51] [/input-72, 82] [/input-40, 1269] [/input-72, 51] [/input-72, 51] [/input-72, 51] [/input-72, 9] [/input-40, 1269] [/input-16, 5723] [/input-72, 79] 
pruning_in_iteration open status: False
ratio of positive domain = 25 / 182 = 0.13736263736263732
pruning-in-iteration extra time: 4.506111145019531e-05
Time: prepare 0.0046    bound 0.1211    transfer 0.0073    finalize 0.0020    func 0.1351    
Accumulated time: func 1.2733    prepare 0.0159    bound 1.1856    transfer 0.0461    finalize 0.0281    
Current worst splitting domains lb-rhs (depth):
-1.12277 (7), -1.07977 (7), -1.06373 (7), -1.03995 (7), -1.03578 (7), -0.99287 (7), -0.98830 (7), -0.98358 (7), -0.98061 (7), -0.96628 (7), -0.96374 (7), -0.92796 (7), -0.87722 (7), -0.87605 (7), -0.86330 (7), -0.86291 (7), -0.85850 (7), -0.84275 (7), -0.83883 (7), -0.83116 (7), 
Length of domains: 156
Time: pickout 0.0195    decision 0.2123    set_bounds 0.0162    solve 0.1351    add 0.0105    
Accumulated time: pickout 0.0415    decision 0.8630    set_bounds 0.0369    solve 1.2736    add 0.0314    
Current (lb-rhs): -1.1227744817733765
397 domains visited
Cumulative time: 2.4570436477661133

BaB round 8
batch: 156
splitting decisions: 
split level 0: [/input-72, 71] [/input-40, 1113] [/input-16, 2068] [/input-72, 71] [/input-72, 79] [/input-72, 79] [/input-72, 87] [/input-16, 5723] [/input-72, 79] [/input-40, 1273] 
pruning_in_iteration open status: False
ratio of positive domain = 29 / 312 = 0.09294871794871795
pruning-in-iteration extra time: 0.00018358230590820312
Time: prepare 0.0082    bound 0.1752    transfer 0.0130    finalize 0.0155    func 0.2119    
Accumulated time: func 1.4853    prepare 0.0245    bound 1.3608    transfer 0.0591    finalize 0.0436    
Current worst splitting domains lb-rhs (depth):
-1.10169 (8), -1.05675 (8), -1.05489 (8), -1.03100 (8), -1.02717 (8), -0.96797 (8), -0.96406 (8), -0.96339 (8), -0.94118 (8), -0.93874 (8), -0.93664 (8), -0.92268 (8), -0.91908 (8), -0.89702 (8), -0.89198 (8), -0.89064 (8), -0.88049 (8), -0.85040 (8), -0.84355 (8), -0.84278 (8), 
Length of domains: 283
Time: pickout 0.0030    decision 0.0668    set_bounds 0.0060    solve 0.2120    add 0.0216    
Accumulated time: pickout 0.0444    decision 0.9297    set_bounds 0.0429    solve 1.4856    add 0.0530    
Current (lb-rhs): -1.1016855239868164
680 domains visited
Cumulative time: 2.767136335372925

BaB round 9
batch: 256
splitting decisions: 
split level 0: [/input-40, 505] [/input-72, 19] [/input-40, 505] [/input-40, 505] [/input-16, 884] [/input-72, 87] [/input-16, 884] [/input-40, 1273] [/input-72, 19] [/input-40, 1113] 
pruning_in_iteration open status: False
ratio of positive domain = 79 / 512 = 0.154296875
pruning-in-iteration extra time: 4.4345855712890625e-05
Time: prepare 0.0137    bound 0.1277    transfer 0.0213    finalize 0.0055    func 0.1682    
Accumulated time: func 1.6535    prepare 0.0387    bound 1.4885    transfer 0.0804    finalize 0.0491    
Current worst splitting domains lb-rhs (depth):
-1.10169 (8), -1.05675 (8), -1.02090 (9), -1.01196 (9), -1.00833 (9), -0.97407 (9), -0.94918 (9), -0.94496 (9), -0.93664 (8), -0.92292 (9), -0.92153 (9), -0.91948 (9), -0.90423 (9), -0.90061 (9), -0.88765 (9), -0.88093 (9), -0.87255 (9), -0.87137 (9), -0.87018 (9), -0.86434 (9), 
Length of domains: 458
Time: pickout 0.0058    decision 0.3456    set_bounds 0.0096    solve 0.1683    add 0.0357    
Accumulated time: pickout 0.0502    decision 1.2753    set_bounds 0.0525    solve 1.6540    add 0.0887    
Current (lb-rhs): -1.1016855239868164
1111 domains visited
current_vram/total_varm: 4.7GB/102.0GB, batch_size increase to 512
Cumulative time: 3.3350658416748047

BaB round 10
batch: 458
splitting decisions: 
split level 0: [/input-72, 79] [/input-40, 505] [/input-16, 5723] [/input-72, 79] [/input-72, 71] [/input-72, 19] [/input-40, 1113] [/input-72, 79] [/input-72, 4] [/input-16, 884] 
pruning_in_iteration open status: False
ratio of positive domain = 111 / 916 = 0.12117903930131002
pruning-in-iteration extra time: 0.00019073486328125
Time: prepare 0.0243    bound 0.4401    transfer 0.0569    finalize 0.0098    func 0.5312    
Accumulated time: func 2.1847    prepare 0.0636    bound 1.9286    transfer 0.1373    finalize 0.0589    
Current worst splitting domains lb-rhs (depth):
-1.09496 (9), -1.01010 (9), -1.00544 (10), -0.98667 (9), -0.97915 (10), -0.96611 (10), -0.96216 (10), -0.93647 (10), -0.93553 (10), -0.93162 (10), -0.93126 (10), -0.92689 (9), -0.90685 (10), -0.90501 (10), -0.89090 (10), -0.88743 (10), -0.87870 (10), -0.86023 (10), -0.85815 (10), -0.85675 (10), 
Length of domains: 802
Time: pickout 0.0074    decision 0.7219    set_bounds 0.1194    solve 0.5313    add 0.0703    
Accumulated time: pickout 0.0576    decision 1.9973    set_bounds 0.1719    solve 2.1853    add 0.1591    
Current (lb-rhs): -1.0949599742889404
1913 domains visited
Cumulative time: 4.789959192276001

BaB round 11
batch: 512
splitting decisions: 
split level 0: [/input-16, 884] [/input-16, 885] [/input-40, 493] [/input-40, 1269] [/input-16, 1588] [/input-40, 505] [/input-72, 19] [/input-16, 884] [/input-40, 1190] [/input-40, 1190] 
pruning_in_iteration open status: False
ratio of positive domain = 172 / 1024 = 0.16796875
pruning-in-iteration extra time: 7.2479248046875e-05
Time: prepare 0.0283    bound 0.4107    transfer 0.0729    finalize 0.0230    func 0.6419    
Accumulated time: func 2.8266    prepare 0.0924    bound 2.3393    transfer 0.2101    finalize 0.0819    
Current worst splitting domains lb-rhs (depth):
-1.09496 (9), -1.01010 (9), -1.00544 (10), -0.97613 (10), -0.96611 (10), -0.96216 (10), -0.93553 (10), -0.93439 (11), -0.93162 (10), -0.93126 (10), -0.92689 (9), -0.90696 (11), -0.90685 (10), -0.90501 (10), -0.90105 (11), -0.89090 (10), -0.88743 (10), -0.87870 (10), -0.86023 (10), -0.85815 (10), 
Length of domains: 1138
Time: pickout 0.0339    decision 0.7795    set_bounds 0.0187    solve 0.6421    add 0.1643    
Accumulated time: pickout 0.0916    decision 2.7768    set_bounds 0.1906    solve 2.8274    add 0.3233    
Current (lb-rhs): -1.0949599742889404
2761 domains visited
current_vram/total_varm: 11.3GB/102.0GB, batch_size increase to 1024
Cumulative time: 6.434423446655273

BaB round 12
batch: 1024
splitting decisions: 
split level 0: [/input-40, 505] [/input-40, 1190] [/input-40, 1114] [/input-40, 1273] [/input-40, 1273] [/input-40, 1278] [/input-40, 1273] [/input-72, 79] [/input-40, 493] [/input-40, 493] 
pruning_in_iteration open status: False
ratio of positive domain = 365 / 2048 = 0.17822265625
pruning-in-iteration extra time: 0.0001678466796875
Time: prepare 0.0576    bound 1.1096    transfer 0.1704    finalize 0.1523    func 1.4901    
Accumulated time: func 4.3166    prepare 0.1506    bound 3.4488    transfer 0.3805    finalize 0.2342    
Current worst splitting domains lb-rhs (depth):
-1.09496 (9), -1.01010 (9), -0.96611 (10), -0.96216 (10), -0.96008 (11), -0.94773 (11), -0.93553 (10), -0.93541 (11), -0.93162 (10), -0.93126 (10), -0.92806 (12), -0.92689 (9), -0.90685 (10), -0.90501 (10), -0.89206 (12), -0.89149 (11), -0.87743 (11), -0.87223 (11), -0.86519 (11), -0.85848 (12), 
Length of domains: 1784
Time: pickout 0.0173    decision 1.2340    set_bounds 0.0367    solve 1.4904    add 0.1939    
Accumulated time: pickout 0.1089    decision 4.0108    set_bounds 0.2273    solve 4.3178    add 0.5172    
Current (lb-rhs): -1.0949599742889404
4431 domains visited
current_vram/total_varm: 20.6GB/102.0GB, batch_size increase to 2048
Cumulative time: 9.423577070236206

BaB round 13
batch: 1784
splitting decisions: 
split level 0: [/input-72, 19] [/input-40, 493] [/input-72, 79] [/input-16, 885] [/input-72, 19] [/input-40, 1114] [/input-40, 1049] [/input-72, 19] [/input-40, 505] [/input-72, 19] 
pruning_in_iteration open status: False
ratio of positive domain = 686 / 3568 = 0.19226457399103136
pruning-in-iteration extra time: 0.0001659393310546875
Time: prepare 0.1098    bound 1.9582    transfer 0.2871    finalize 0.0352    func 2.3908    
Accumulated time: func 6.7074    prepare 0.2611    bound 5.4070    transfer 0.6676    finalize 0.2694    
Current worst splitting domains lb-rhs (depth):
-1.05165 (10), -1.02215 (10), -1.00128 (10), -0.95283 (12), -0.94015 (12), -0.93493 (11), -0.92637 (12), -0.92317 (11), -0.91942 (11), -0.91294 (11), -0.90453 (10), -0.90310 (13), -0.90103 (11), -0.89191 (11), -0.88502 (11), -0.88410 (11), -0.88292 (11), -0.88105 (12), -0.86613 (13), -0.86570 (12), 
Length of domains: 2860
Time: pickout 0.0293    decision 3.2780    set_bounds 0.2044    solve 2.3914    add 0.4894    
Accumulated time: pickout 0.1382    decision 7.2889    set_bounds 0.4317    solve 6.7091    add 1.0066    
Current (lb-rhs): -1.0516465902328491
7291 domains visited
Cumulative time: 15.845034122467041

BaB round 14
batch: 2048
splitting decisions: 
split level 0: [/input-40, 1049] [/input-16, 347] [/input-72, 71] [/input-40, 510] [/input-16, 1586] [/input-16, 6995] [/input-72, 79] [/input-72, 87] [/input-72, 3] [/input-72, 79] 
pruning_in_iteration open status: True
ratio of positive domain = 970 / 4096 = 0.23681640625
pruning-in-iteration extra time: 0.00507664680480957
Time: prepare 0.1295    bound 2.0815    transfer 0.3506    finalize 0.0528    func 2.6146    
Accumulated time: func 9.3220    prepare 0.3913    bound 7.4885    transfer 1.0182    finalize 0.3222    
Current worst splitting domains lb-rhs (depth):
-1.02215 (10), -1.00550 (11), -1.00128 (10), -0.98337 (11), -0.95283 (12), -0.94015 (12), -0.93493 (11), -0.92317 (11), -0.91942 (11), -0.91294 (11), -0.90453 (10), -0.90310 (13), -0.90021 (13), -0.89191 (11), -0.88502 (11), -0.88410 (11), -0.87309 (13), -0.87304 (12), -0.87219 (12), -0.86613 (13), 
Length of domains: 3938
Time: pickout 0.0538    decision 3.9340    set_bounds 0.2833    solve 2.6155    add 0.3556    
Accumulated time: pickout 0.1920    decision 11.2229    set_bounds 0.7150    solve 9.3246    add 1.3622    
Current (lb-rhs): -1.0221503973007202
10417 domains visited
current_vram/total_varm: 45.8GB/102.0GB, batch_size increase to 4096
Cumulative time: 23.12730383872986

BaB round 15
batch: 3938
splitting decisions: 
split level 0: [/input-16, 885] [/input-72, 79] [/input-24, 6669] [/input-16, 884] [/input-16, 885] [/input-40, 505] [/input-24, 6669] [/input-40, 1190] [/input-40, 1114] [/input-40, 1269] 
pruning_in_iteration open status: True
ratio of positive domain = 1777 / 7876 = 0.2256221432199086
pruning-in-iteration extra time: 0.0043032169342041016
Time: prepare 0.2579    bound 4.7767    transfer 0.7275    finalize 0.0875    func 5.8500    
Accumulated time: func 15.1719    prepare 0.6499    bound 12.2652    transfer 1.7457    finalize 0.4098    
Current worst splitting domains lb-rhs (depth):
-0.99780 (12), -0.97495 (12), -0.97429 (11), -0.97418 (11), -0.95631 (11), -0.93230 (13), -0.92758 (12), -0.92704 (13), -0.92506 (11), -0.90705 (12), -0.89709 (12), -0.89360 (12), -0.88313 (14), -0.88011 (14), -0.87865 (12), -0.87514 (12), -0.86729 (12), -0.86441 (13), -0.86431 (13), -0.85679 (11), 
Length of domains: 6099
Time: pickout 0.0716    decision 5.6793    set_bounds 0.5096    solve 5.8514    add 1.1004    
Accumulated time: pickout 0.2636    decision 16.9022    set_bounds 1.2246    solve 15.1760    add 2.4626    
Current (lb-rhs): -0.9977952241897583
16516 domains visited
Cumulative time: 36.44375944137573

BaB round 16
batch: 4096
splitting decisions: 
split level 0: [/input-40, 1273] [/input-40, 951] [/input-40, 1269] [/input-16, 1587] [/input-40, 1273] [/input-16, 1588] [/input-24, 3419] [/input-40, 1271] [/input-40, 1273] [/input-72, 3] 
pruning_in_iteration open status: True
ratio of positive domain = 1907 / 8192 = 0.2327880859375
pruning-in-iteration extra time: 0.004730701446533203
Time: prepare 0.2776    bound 6.0919    transfer 0.7565    finalize 0.3082    func 7.4347    
Accumulated time: func 22.6066    prepare 0.9283    bound 18.3571    transfer 2.5022    finalize 0.7180    
Current worst splitting domains lb-rhs (depth):
-0.99780 (12), -0.97429 (11), -0.97418 (11), -0.94847 (13), -0.94833 (12), -0.93230 (13), -0.92758 (12), -0.92704 (13), -0.91398 (12), -0.89360 (12), -0.89335 (13), -0.88380 (13), -0.88313 (14), -0.88232 (13), -0.88011 (14), -0.87865 (12), -0.86431 (13), -0.86152 (13), -0.85380 (13), -0.84905 (12), 
Length of domains: 8288
Time: pickout 0.1064    decision 3.0215    set_bounds 0.3894    solve 7.4362    add 1.4124    
Accumulated time: pickout 0.3700    decision 19.9237    set_bounds 1.6140    solve 22.6122    add 3.8750    
Current (lb-rhs): -0.9977952241897583
22801 domains visited
Cumulative time: 48.92623162269592

BaB round 17
batch: 4096
splitting decisions: 
split level 0: [/input-40, 1542] [/input-40, 1271] [/input-40, 1486] [/input-40, 1273] [/input-40, 1049] [/input-72, 22] [/input-40, 1190] [/input-40, 510] [/input-16, 5723] [/input-72, 3] 
pruning_in_iteration open status: True
ratio of positive domain = 1919 / 8192 = 0.2342529296875
pruning-in-iteration extra time: 0.003949880599975586
Time: prepare 0.2776    bound 5.7802    transfer 0.7083    finalize 0.0953    func 6.8618    
Accumulated time: func 29.4684    prepare 1.2067    bound 24.1373    transfer 3.2105    finalize 0.8132    
Current worst splitting domains lb-rhs (depth):
-0.99780 (12), -0.97429 (11), -0.97418 (11), -0.94847 (13), -0.94833 (12), -0.93230 (13), -0.92758 (12), -0.92704 (13), -0.91398 (12), -0.89360 (12), -0.89335 (13), -0.88380 (13), -0.88313 (14), -0.88011 (14), -0.87865 (12), -0.86431 (13), -0.86309 (14), -0.86152 (13), -0.85380 (13), -0.84905 (12), 
Length of domains: 10465
Time: pickout 0.1121    decision 2.3122    set_bounds 0.7053    solve 6.8636    add 0.8199    
Accumulated time: pickout 0.4821    decision 22.2360    set_bounds 2.3193    solve 29.4758    add 4.6948    
Current (lb-rhs): -0.9977952241897583
29074 domains visited
Cumulative time: 59.84969902038574

BaB round 18
batch: 4096
splitting decisions: 
split level 0: [/input-40, 510] [/input-40, 1271] [/input-40, 1190] [/input-40, 510] [/input-16, 1587] [/input-40, 1204] [/input-40, 1190] [/input-40, 510] [/input-40, 1269] [/input-40, 1269] 
pruning_in_iteration open status: True
ratio of positive domain = 1860 / 8192 = 0.22705078125
pruning-in-iteration extra time: 0.0022585391998291016
Time: prepare 0.2821    bound 6.1538    transfer 0.6703    finalize 0.3810    func 7.4880    
Accumulated time: func 36.9564    prepare 1.4895    bound 30.2911    transfer 3.8807    finalize 1.1942    
Current worst splitting domains lb-rhs (depth):
-0.99780 (12), -0.97429 (11), -0.97418 (11), -0.94847 (13), -0.94833 (12), -0.93230 (13), -0.92758 (12), -0.92704 (13), -0.91398 (12), -0.89360 (12), -0.89335 (13), -0.88380 (13), -0.88313 (14), -0.88011 (14), -0.87865 (12), -0.86431 (13), -0.86309 (14), -0.86152 (13), -0.85380 (13), -0.84905 (12), 
Length of domains: 12701
Time: pickout 0.1166    decision 2.0142    set_bounds 0.4631    solve 7.4895    add 0.7150    
Accumulated time: pickout 0.5987    decision 24.2502    set_bounds 2.7824    solve 36.9652    add 5.4099    
Current (lb-rhs): -0.9977952241897583
35406 domains visited
Cumulative time: 70.72386932373047

BaB round 19
batch: 4096
splitting decisions: 
split level 0: [/input-40, 137] [/input-40, 510] [/input-40, 137] [/input-16, 1579] [/input-40, 106] [/input-40, 951] [/input-16, 1587] [/input-24, 3419] [/input-72, 22] [/input-16, 1586] 
pruning_in_iteration open status: True
ratio of positive domain = 1898 / 8192 = 0.231689453125
pruning-in-iteration extra time: 0.00264739990234375
Time: prepare 0.2814    bound 6.1325    transfer 0.7114    finalize 0.4062    func 7.5320    
Accumulated time: func 44.4883    prepare 1.7715    bound 36.4236    transfer 4.5921    finalize 1.6004    
Current worst splitting domains lb-rhs (depth):
-0.99780 (12), -0.97429 (11), -0.97418 (11), -0.94847 (13), -0.94833 (12), -0.93230 (13), -0.92758 (12), -0.92704 (13), -0.91398 (12), -0.89360 (12), -0.89335 (13), -0.88380 (13), -0.88313 (14), -0.88011 (14), -0.87865 (12), -0.86431 (13), -0.86309 (14), -0.86152 (13), -0.85380 (13), -0.84905 (12), 
Length of domains: 14899
Time: pickout 0.0807    decision 2.2977    set_bounds 0.5091    solve 7.5338    add 0.7878    
Accumulated time: pickout 0.6794    decision 26.5479    set_bounds 3.2915    solve 44.4990    add 6.1976    
Current (lb-rhs): -0.9977952241897583
41700 domains visited
Cumulative time: 82.02697253227234

BaB round 20
batch: 4096
splitting decisions: 
split level 0: [/input-24, 3419] [/input-40, 951] [/input-16, 1579] [/input-16, 1578] [/input-24, 2259] [/input-24, 3419] [/input-16, 1578] [/input-40, 1349] [/input-72, 19] [/input-40, 1204] 
pruning_in_iteration open status: False
ratio of positive domain = 1482 / 8192 = 0.180908203125
pruning-in-iteration extra time: 5.435943603515625e-05
Time: prepare 0.2862    bound 6.4404    transfer 0.7306    finalize 0.0892    func 7.5474    
Accumulated time: func 52.0357    prepare 2.0585    bound 42.8640    transfer 5.3227    finalize 1.6896    
Current worst splitting domains lb-rhs (depth):
-0.99780 (12), -0.97429 (11), -0.97418 (11), -0.94847 (13), -0.94833 (12), -0.93230 (13), -0.92758 (12), -0.92704 (13), -0.91398 (12), -0.89360 (12), -0.89335 (13), -0.88380 (13), -0.88313 (14), -0.88011 (14), -0.87865 (12), -0.86431 (13), -0.86309 (14), -0.86152 (13), -0.85380 (13), -0.84905 (12), 
Length of domains: 17449
Time: pickout 0.0954    decision 2.3119    set_bounds 0.5831    solve 7.5493    add 2.2552    
Accumulated time: pickout 0.7748    decision 28.8598    set_bounds 3.8745    solve 52.0483    add 8.4528    
Current (lb-rhs): -0.9977952241897583
48346 domains visited
Cumulative time: 94.92740082740784

BaB round 21
batch: 4096
splitting decisions: 
split level 0: [/input-40, 1181] [/input-72, 19] [/input-72, 19] [/input-16, 1578] [/input-40, 138] [/input-40, 1181] [/input-40, 1204] [/input-16, 1578] [/input-40, 138] [/input-40, 951] 
pruning_in_iteration open status: False
ratio of positive domain = 1395 / 8192 = 0.1702880859375
pruning-in-iteration extra time: 0.00018286705017089844
Time: prepare 0.2911    bound 6.3893    transfer 0.6511    finalize 0.5121    func 7.8445    
Accumulated time: func 59.8802    prepare 2.3504    bound 49.2533    transfer 5.9738    finalize 2.2017    
Current worst splitting domains lb-rhs (depth):
-0.99780 (12), -0.97429 (11), -0.97418 (11), -0.94847 (13), -0.94833 (12), -0.93230 (13), -0.92758 (12), -0.92704 (13), -0.91398 (12), -0.89360 (12), -0.89335 (13), -0.88380 (13), -0.88313 (14), -0.88011 (14), -0.87865 (12), -0.86431 (13), -0.86309 (14), -0.86152 (13), -0.85380 (13), -0.84905 (12), 
Length of domains: 20100
Time: pickout 0.1124    decision 2.2089    set_bounds 0.6281    solve 7.8462    add 0.7718    
Accumulated time: pickout 0.8873    decision 31.0687    set_bounds 4.5026    solve 59.8945    add 9.2246    
Current (lb-rhs): -0.9977952241897583
55093 domains visited
Time out!!!!!!!!
Result: timeout
Time: 110.5510642528534

------------------------- COMMAND ------------------------------
/data1/Kane/miniconda3/envs/GenBaB/bin/python /data1/Kane/GenBaB/alpha-beta-CROWN/complete_verifier/abcrown.py --config /data1/Kane/GenBaB/alpha-beta-CROWN/complete_verifier/exp_configs/vnncomp24/cifar100.yaml --precompile_jit --onnx_path /data1/Kane/data/vnncomp2025_benchmarks/benchmarks/cifar100_2024/onnx/CIFAR100_resnet_medium.onnx --vnnlib_path /data1/Kane/data/vnncomp2025_benchmarks/benchmarks/cifar100_2024/vnnlib/CIFAR100_resnet_medium_prop_idx_6232_sidx_3020_eps_0.0039.vnnlib --results_file /data1/Kane/ACT/audit_results/abcrown_nopgd_20260525/cifar100_2024/0003__CIFAR100_resnet_medium__CIFAR100_resnet_medium_prop_idx_6232_sidx_3020_eps_0.0039.result --timeout 100.0 --save_adv_example --pgd_order=skip
----------------------------------------------------------------

