[0;93m2026-05-26 16:10:26.588018757 [W:onnxruntime:Default, device_discovery.cc:325 DiscoverDevicesForPlatform] GPU device discovery failed: device_discovery.cc:92 ReadFileContents Failed to open file: "/sys/class/drm/card0/device/vendor"[m
Configurations:

general:
  device: cuda
  seed: 100
  conv_mode: patches
  deterministic: false
  double_fp: false
  loss_reduction_func: sum
  sparse_alpha: true
  sparse_interm: true
  save_adv_example: true
  verify_onnxruntime_output: false
  eval_adv_example: false
  show_adv_example: false
  precompile_jit: true
  prepare_only: false
  complete_verifier: bab
  enable_incomplete_verification: true
  csv_name: instances.csv
  results_file: /data1/Kane/ACT/audit_results/abcrown_nopgd_20260525/cifar100_2024/0020__CIFAR100_resnet_medium__CIFAR100_resnet_medium_prop_idx_3006_sidx_928_eps_0.0039.result
  root_path: ../../vnncomp2024_benchmarks/benchmarks/cifar100
  deterministic_opt: false
  graph_optimizer: 'Customized("custom_graph_optimizer", "default_optimizer")'
  buffer_has_batchdim: false
  save_output: false
  output_file: out.pkl
  return_optimized_model: false
model:
  name: null
  path: null
  onnx_path: /data1/Kane/data/vnncomp2025_benchmarks/benchmarks/cifar100_2024/onnx/CIFAR100_resnet_medium.onnx
  onnx_path_prefix: ''
  cache_onnx_conversion: false
  debug_onnx: false
  onnx_quirks: null
  input_shape: null
  onnx_loader: default_onnx_and_vnnlib_loader
  onnx_optimization_flags: [merge_bn]
  onnx_vnnlib_joint_optimization_flags: none
  check_optimized: false
  flatten_final_output: false
  optimize_graph: null
  with_jacobian: false
data:
  start: 0
  end: 10000
  select_instance: null
  num_outputs: 10
  mean: 0.0
  std: 1.0
  pkl_path: null
  dataset: null
  data_filter_path: null
  data_idx_file: null
specification:
  type: lp
  robustness_type: verified-acc
  norm: .inf
  epsilon: null
  epsilon_min: 0.0
  vnnlib_path: /data1/Kane/data/vnncomp2025_benchmarks/benchmarks/cifar100_2024/vnnlib/CIFAR100_resnet_medium_prop_idx_3006_sidx_928_eps_0.0039.vnnlib
  vnnlib_path_prefix: ''
  rhs_offset: null
solver:
  batch_size: 256
  auto_enlarge_batch_size: true
  min_batch_size_ratio: 0.1
  use_float64_in_last_iteration: false
  early_stop_patience: 10
  start_save_best: 0.5
  bound_prop_method: alpha-crown
  init_bound_prop_method: same
  prune_after_crown: true
  optimize_disjuncts_separately: false
  crown:
    batch_size: 1000000000
    max_crown_size: 1000000000
    activation_bound_option: adaptive
    compare_crown_with_ibp: false
  alpha-crown:
    alpha: true
    lr_alpha: 0.25
    iteration: 20
    share_alphas: false
    lr_decay: 0.98
    full_conv_alpha: false
    max_coeff_mul: .inf
    matmul_share_alphas: false
    disable_optimization: []
    max_time: 1.0
  invprop:
    apply_output_constraints_to: []
    tighten_input_bounds: false
    best_of_oc_and_no_oc: false
    directly_optimize: []
    oc_lr: 0.1
    share_gammas: false
  beta-crown:
    lr_alpha: 0.1
    lr_beta: 0.2
    lr_decay: 0.98
    optimizer: adam
    iteration: 10
    beta: true
    beta_warmup: true
    enable_opt_interm_bounds: false
    all_node_split_LP: false
  forward:
    refine: false
    max_dim: 10000
    reset_threshold: 1.0
  multi_class:
    label_batch_size: 32
    skip_with_refined_bound: true
  mip:
    unstable_neuron_threshold: 0
    parallel_solvers: null
    solver_threads: 1
    refine_neuron_timeout: 15
    refine_neuron_time_percentage: 0.8
    early_stop: true
    adv_warmup: true
    mip_solver: gurobi
    skip_unsafe: false
    topk_filter: 1.0
    sliding_window: -1
    extra_constraint: false
    refine_neuron_timeout_increasement: 0
    timeout_neuron_percentage: 0.3
    remaining_timeout_threshold: 1
    remove_unstable_neurons: false
    lp_solver: false
bab:
  initial_max_domains: 100
  backing_up_max_domain: null
  max_domains: .inf
  decision_thresh: 0
  timeout: 100.0
  timeout_scale: 1
  max_iterations: -1
  override_timeout: null
  get_upper_bound: false
  pruning_in_iteration: true
  pruning_in_iteration_ratio: 0.2
  sort_targets: false
  batched_domain_list: true
  optimized_interm: ''
  interm_transfer: false
  recompute_interm: false
  sort_domain_interval: -1
  vanilla_crown: false
  tree_traversal: depth_first
  cut:
    enabled: false
    cuts_path: /tmp/abcrown_cuts
    implication: false
    bab_cut: false
    lp_cut: false
    method: null
    lr: 0.01
    lr_decay: 1.0
    iteration: 100
    bab_iteration: -1
    early_stop_patience: -1
    lr_beta: 0.02
    number_cuts: 50
    topk_cuts_in_filter: 1000
    batch_size_primal: 100
    max_num: 1000000000
    patches_cut: false
    cplex_cuts: false
    cplex_cuts_wait: 0
    cplex_cuts_revpickup: true
    cut_reference_bounds: true
    fix_intermediate_bounds: false
    biccos:
      enabled: false
      constraint_strengthening: true
      recursively_strengthening: false
      drop_ratio: 0.5
      verified_bonus: 0.3
      max_infer_iter: 20
      heuristic: neuron_influence_score
      save_biccos_cuts: false
      multi_tree_branching:
        enabled: false
        restore_best_tree: false
        keep_n_best_domains: 1
        k_splits: 1
        iterations: 1
  branching:
    method: kfsb
    candidates: 7
    reduceop: max
    enable_intermediate_bound_opt: false
    branching_input_and_activation: false
    branching_input_and_activation_order: [input, relu]
    branching_input_iterations: 30
    branching_relu_iterations: 50
    nonlinear_split:
      method: bbps
      disable: false
      branching_point_method: uniform
      num_branches: 2
      filter: false
      filter_beta: false
      filter_clamp: false
      filter_batch_size: 10000
      filter_iterations: 25
      relu_only: false
      loose_tanh_threshold: null
      branching_point:
        db_path: branching_points.pt
        num_iterations: 1000
        batch_size: 1000000
        range_l: -5.0
        range_u: 5.0
        log_interval: 100
        step_size_1d: 0.01
        step_size: 0.2
    input_split:
      enable_clip_domains: false
      split_hint: null
      reorder_bab: false
      enable: false
      enhanced_bound_prop_method: alpha-crown
      enhanced_branching_method: naive
      enhanced_bound_patience: 100000000.0
      attack_patience: 100000000.0
      adv_check: 0
      split_partitions: 2
      sb_margin_weight: 1.0
      sb_sum: false
      sb_primary_spec: null
      bf_backup_thresh: -1
      bf_rhs_offset: 0
      bf_iters: 1000000000.0
      bf_batch_size: 100000
      bf_zero_crossing_score: false
      touch_zero_score: 0
      ibp_enhancement: false
      compare_with_old_bounds: false
      update_rhs_with_attack: false
      sb_coeff_thresh: 0.001
      sort_index: null
      sort_descending: true
      show_progress: false
      presplit_domains: null
      skip_getting_worst_domain: false
  attack:
    enabled: false
    beam_candidates: 8
    beam_depth: 7
    max_dive_fix_ratio: 0.8
    min_local_free_ratio: 0.2
    mip_start_iteration: 5
    mip_timeout: 30.0
    adv_pool_threshold: null
    refined_mip_attacker: false
    refined_batch_size: null
attack:
  pgd_order: skip
  pgd_steps: 100
  pgd_restarts: 10
  pgd_batch_size: 100000000
  pgd_early_stop: true
  pgd_lr_decay: 0.99
  pgd_alpha: auto
  pgd_alpha_scale: false
  pgd_loss_mode: null
  pgd_restart_when_stuck: false
  enable_mip_attack: false
  adv_saver: default_adv_saver
  adv_verifier: default_adv_verifier
  early_stop_condition: default_early_stop_condition
  adv_example_finalizer: default_adv_example_finalizer
  pgd_loss: default_pgd_loss
  cex_path: ./test_cex.txt
  attack_mode: PGD
  attack_tolerance: 0.0
  attack_func: attack_with_general_specs
  gama_lambda: 10.0
  gama_decay: 0.9
  check_clean: false
  input_split:
    pgd_steps: 100
    pgd_restarts: 30
    pgd_alpha: auto
  input_split_enhanced:
    pgd_steps: 200
    pgd_restarts: 500000
    pgd_alpha: auto
  input_split_check_adv:
    enabled: auto
    pgd_steps: 5
    pgd_restarts: 5
    pgd_alpha: auto
    max_num_domains: 10
debug:
  view_model: false
  lp_test: null
  rescale_vnnlib_ptb: null
  test_optimized_bounds: false
  test_optimized_bounds_after_n_iterations: 0
  print_verbose_decisions: false
  sanity_check: null
  save_minimal_config: null
  save_minimal_config_omit_keys: []

Experiments at Tue May 26 16:10:27 2026 on dell-pro-max-tower-t2
Pre-compile jit kernels on a toy network...
JIT kernels compiled in 1.0908s./data1/Kane/miniconda3/envs/GenBaB/lib/python3.11/site-packages/onnx2pytorch/convert/model.py:151: UserWarning: Using experimental implementation that allows 'batch_size > 1'.Batchnorm layers could potentially produce false outputs.
  warnings.warn(
/data1/Kane/miniconda3/envs/GenBaB/lib/python3.11/site-packages/onnx2pytorch/utils.py:21: TracerWarning: Converting a tensor to a Python boolean might cause the trace to be incorrect. We can't record the data flow of Python values, so this value will be treated as a constant in the future. This means that the trace might not generalize to other inputs!
  return value.ndim == 0 or value.shape == torch.Size([1])
/data1/Kane/miniconda3/envs/GenBaB/lib/python3.11/site-packages/onnx2pytorch/operations/add.py:34: TracerWarning: Converting a tensor to a Python boolean might cause the trace to be incorrect. We can't record the data flow of Python values, so this value will be treated as a constant in the future. This means that the trace might not generalize to other inputs!
  elif all(x == 1 for x in input[0].shape):

Internal results will be saved to /data1/Kane/ACT/audit_results/abcrown_nopgd_20260525/cifar100_2024/0020__CIFAR100_resnet_medium__CIFAR100_resnet_medium_prop_idx_3006_sidx_928_eps_0.0039.result.

 %%%%%%%%%%%%%%%%%%%%%%%%%%%%%%%%%%% idx: 0, vnnlib ID: 0 %%%%%%%%%%%%%%%%%%%%%%%%%%%%%%%%%%%
Using onnx /data1/Kane/data/vnncomp2025_benchmarks/benchmarks/cifar100_2024/onnx/CIFAR100_resnet_medium.onnx
Using vnnlib /data1/Kane/data/vnncomp2025_benchmarks/benchmarks/cifar100_2024/vnnlib/CIFAR100_resnet_medium_prop_idx_3006_sidx_928_eps_0.0039.vnnlib
3072 inputs and 100 outputs in vnnlib
Loading onnx /data1/Kane/data/vnncomp2025_benchmarks/benchmarks/cifar100_2024/onnx/CIFAR100_resnet_medium.onnx with quirks {}
Onnx optimization with flags: ['merge_bn']
Found existed optimized onnx model at /data1/Kane/data/vnncomp2025_benchmarks/benchmarks/cifar100_2024/onnx/CIFAR100_resnet_medium.onnx.optimized
Finished onnx model loading in 0.0650 seconds
Model: BoundedModule(
  (/input-1): BoundInput(name=/input-1, inputs=[], perturbed=True)
  (/43): BoundParams(name=/43, inputs=[], perturbed=False)
  (/44): BoundParams(name=/44, inputs=[], perturbed=False)
  (/45): BoundParams(name=/45, inputs=[], perturbed=False)
  (/46): BoundParams(name=/46, inputs=[], perturbed=False)
  (/47): BoundParams(name=/47, inputs=[], perturbed=False)
  (/48): BoundParams(name=/48, inputs=[], perturbed=False)
  (/49): BoundParams(name=/49, inputs=[], perturbed=False)
  (/50): BoundParams(name=/50, inputs=[], perturbed=False)
  (/51): BoundParams(name=/51, inputs=[], perturbed=False)
  (/52): BoundParams(name=/52, inputs=[], perturbed=False)
  (/53): BoundParams(name=/53, inputs=[], perturbed=False)
  (/54): BoundParams(name=/54, inputs=[], perturbed=False)
  (/55): BoundParams(name=/55, inputs=[], perturbed=False)
  (/56): BoundParams(name=/56, inputs=[], perturbed=False)
  (/57): BoundParams(name=/57, inputs=[], perturbed=False)
  (/58): BoundParams(name=/58, inputs=[], perturbed=False)
  (/59): BoundParams(name=/59, inputs=[], perturbed=False)
  (/60): BoundParams(name=/60, inputs=[], perturbed=False)
  (/61): BoundParams(name=/61, inputs=[], perturbed=False)
  (/62): BoundParams(name=/62, inputs=[], perturbed=False)
  (/63): BoundParams(name=/63, inputs=[], perturbed=False)
  (/64): BoundParams(name=/64, inputs=[], perturbed=False)
  (/65): BoundParams(name=/65, inputs=[], perturbed=False)
  (/66): BoundParams(name=/66, inputs=[], perturbed=False)
  (/67): BoundParams(name=/67, inputs=[], perturbed=False)
  (/68): BoundParams(name=/68, inputs=[], perturbed=False)
  (/69): BoundParams(name=/69, inputs=[], perturbed=False)
  (/70): BoundParams(name=/70, inputs=[], perturbed=False)
  (/71): BoundParams(name=/71, inputs=[], perturbed=False)
  (/72): BoundParams(name=/72, inputs=[], perturbed=False)
  (/73): BoundParams(name=/73, inputs=[], perturbed=False)
  (/74): BoundParams(name=/74, inputs=[], perturbed=False)
  (/75): BoundParams(name=/75, inputs=[], perturbed=False)
  (/76): BoundParams(name=/76, inputs=[], perturbed=False)
  (/77): BoundParams(name=/77, inputs=[], perturbed=False)
  (/78): BoundParams(name=/78, inputs=[], perturbed=False)
  (/79): BoundParams(name=/79, inputs=[], perturbed=False)
  (/80): BoundParams(name=/80, inputs=[], perturbed=False)
  (/81): BoundParams(name=/81, inputs=[], perturbed=False)
  (/82): BoundParams(name=/82, inputs=[], perturbed=False)
  (/83): BoundParams(name=/83, inputs=[], perturbed=False)
  (/84): BoundParams(name=/84, inputs=[], perturbed=False)
  (/input): BoundConv(name=/input, inputs=[/input-1, /43, /44], perturbed=True)
  (/input-4): BoundRelu(name=/input-4, inputs=[/input], perturbed=True)
  (/input-8): BoundConv(name=/input-8, inputs=[/input-4, /45, /46], perturbed=True)
  (/input-12): BoundRelu(name=/input-12, inputs=[/input-8], perturbed=True)
  (/89): BoundConv(name=/89, inputs=[/input-12, /47, /48], perturbed=True)
  (/90): BoundConv(name=/90, inputs=[/input-4, /49, /50], perturbed=True)
  (/91): BoundAdd(name=/91, inputs=[/89, /90], perturbed=True)
  (/input-16): BoundConv(name=/input-16, inputs=[/91, /51, /52], perturbed=True)
  (/input-20): BoundRelu(name=/input-20, inputs=[/input-16], perturbed=True)
  (/94): BoundConv(name=/94, inputs=[/input-20, /53, /54], perturbed=True)
  (/95): BoundAdd(name=/95, inputs=[/94, /91], perturbed=True)
  (/input-24): BoundConv(name=/input-24, inputs=[/95, /55, /56], perturbed=True)
  (/input-28): BoundRelu(name=/input-28, inputs=[/input-24], perturbed=True)
  (/98): BoundConv(name=/98, inputs=[/input-28, /57, /58], perturbed=True)
  (/99): BoundAdd(name=/99, inputs=[/98, /95], perturbed=True)
  (/input-32): BoundConv(name=/input-32, inputs=[/99, /59, /60], perturbed=True)
  (/input-36): BoundRelu(name=/input-36, inputs=[/input-32], perturbed=True)
  (/102): BoundConv(name=/102, inputs=[/input-36, /61, /62], perturbed=True)
  (/103): BoundAdd(name=/103, inputs=[/102, /99], perturbed=True)
  (/input-40): BoundConv(name=/input-40, inputs=[/103, /63, /64], perturbed=True)
  (/input-44): BoundRelu(name=/input-44, inputs=[/input-40], perturbed=True)
  (/106): BoundConv(name=/106, inputs=[/input-44, /65, /66], perturbed=True)
  (/107): BoundConv(name=/107, inputs=[/103, /67, /68], perturbed=True)
  (/108): BoundAdd(name=/108, inputs=[/106, /107], perturbed=True)
  (/input-48): BoundConv(name=/input-48, inputs=[/108, /69, /70], perturbed=True)
  (/input-52): BoundRelu(name=/input-52, inputs=[/input-48], perturbed=True)
  (/111): BoundConv(name=/111, inputs=[/input-52, /71, /72], perturbed=True)
  (/112): BoundAdd(name=/112, inputs=[/111, /108], perturbed=True)
  (/input-56): BoundConv(name=/input-56, inputs=[/112, /73, /74], perturbed=True)
  (/input-60): BoundRelu(name=/input-60, inputs=[/input-56], perturbed=True)
  (/115): BoundConv(name=/115, inputs=[/input-60, /75, /76], perturbed=True)
  (/116): BoundAdd(name=/116, inputs=[/115, /112], perturbed=True)
  (/input-64): BoundConv(name=/input-64, inputs=[/116, /77, /78], perturbed=True)
  (/input-68): BoundRelu(name=/input-68, inputs=[/input-64], perturbed=True)
  (/119): BoundConv(name=/119, inputs=[/input-68, /79, /80], perturbed=True)
  (/120): BoundAdd(name=/120, inputs=[/119, /116], perturbed=True)
  (/121): BoundFlatten(name=/121, inputs=[/120], perturbed=True)
  (/input-72): BoundLinear(name=/input-72, inputs=[/121, /81, /82], perturbed=True)
  (/123): BoundRelu(name=/123, inputs=[/input-72], perturbed=True)
  (/124): BoundLinear(name=/124, inputs=[/123, /83, /84], perturbed=True)
)
Original output: tensor([[-14.22855949, -13.60793304,  -9.01179886,  -8.50221157,  -8.44343472,
          -1.79219210, -11.60774326, -11.86263084, -11.46634960,  -8.39364243,
          -8.50401402,  -7.35860252,  -7.38372946,  -5.46392632, -11.63404751,
          -6.53081417,  -8.26013851,  -7.24609184, -11.76865005,  -7.54344082,
          -5.05874252, -10.17252922,  -6.97751188, -11.29292774, -11.76954079,
          -3.05354571,  -8.82848167, -10.83991909,  -8.68820858,  -8.57793713,
         -16.21867180,  -9.29757595,  -9.31067848,  -9.96562672,  -8.42108727,
          -8.53333092,  -8.32239628,  -6.81618404,  -9.25740337,  -8.57302284,
          -5.99451494, -10.31213665,  -8.76782417,  -7.62745953,  -8.76788139,
         -10.68058681,  -8.36930180, -10.96555328, -12.15336514, -14.50944424,
          -8.44180298,  -9.14037991, -13.27284431, -14.84880447, -11.19384861,
          -8.05590153, -11.99347305, -11.61003971,  -4.35466433, -11.10182190,
         -13.53335953, -10.58355808, -16.87731552, -10.31994629,  -6.81422424,
          -8.60594082,  -9.71781731, -13.85928726, -16.29509163, -11.57050705,
         -12.72518444, -13.27049732,  -7.90345621, -13.34522724, -10.94020081,
          -9.57418346,  -9.88550091,  -9.93206501, -10.61616707, -11.80600834,
          -8.42249203,  -6.56924438, -15.07652569, -14.28947067,  -4.46007156,
          -4.27758074,  -7.52012444,  -4.94299030,  -9.83339119,  -5.54438305,
          -7.92252016, -10.87955856, -12.44229412,  -8.81731701,  -5.05632401,
         -15.71303272,  -9.85447502,  -9.59801865,  -7.60426235, -14.17876625]],
       device='cuda:0')
Split layers:
Nonlinear functions:
   BoundRelu(name=/input-4, inputs=[/input], perturbed=True)
   BoundRelu(name=/input-12, inputs=[/input-8], perturbed=True)
   BoundRelu(name=/input-20, inputs=[/input-16], perturbed=True)
   BoundRelu(name=/input-28, inputs=[/input-24], perturbed=True)
   BoundRelu(name=/input-36, inputs=[/input-32], perturbed=True)
   BoundRelu(name=/input-44, inputs=[/input-40], perturbed=True)
   BoundRelu(name=/input-52, inputs=[/input-48], perturbed=True)
   BoundRelu(name=/input-60, inputs=[/input-56], perturbed=True)
   BoundRelu(name=/input-68, inputs=[/input-64], perturbed=True)
   BoundRelu(name=/123, inputs=[/input-72], perturbed=True)
layer /input-4 using sparse-features alpha with shape [461]; unstable size 461; total size 14400 ([1, 64, 15, 15])
layer /input-4 start_node /input-8 using sparse-spec alpha [2, 97, 1, 461] with unstable size 96 total_size 128 output_shape 128
layer /input-4 start_node /input-16 using sparse-spec alpha [2, 52, 1, 461] with unstable size 51 total_size 128 output_shape 128
layer /input-4 start_node /input-24 using sparse-spec alpha [2, 45, 1, 461] with unstable size 44 total_size 8192 output_shape torch.Size([128, 8, 8])
layer /input-4 start_node /input-40 using sparse-spec alpha [2, 96, 1, 461] with unstable size 95 total_size 2048 output_shape torch.Size([128, 4, 4])
layer /input-4 start_node /input-72 using sparse-spec alpha [2, 36, 1, 461] with unstable size 35 total_size 100 output_shape torch.Size([100])
layer /input-4 start_node /124 using full alpha [2, 99, 1, 461] with unstable size None total_size 99 output_shape 99
layer /input-12 using sparse-features alpha with shape [277]; unstable size 277; total size 8192 ([1, 128, 8, 8])
layer /input-12 start_node /input-16 using sparse-spec alpha [2, 52, 1, 277] with unstable size 51 total_size 128 output_shape 128
layer /input-12 start_node /input-24 using sparse-spec alpha [2, 45, 1, 277] with unstable size 44 total_size 8192 output_shape torch.Size([128, 8, 8])
layer /input-12 start_node /input-40 using sparse-spec alpha [2, 96, 1, 277] with unstable size 95 total_size 2048 output_shape torch.Size([128, 4, 4])
layer /input-12 start_node /input-72 using sparse-spec alpha [2, 36, 1, 277] with unstable size 35 total_size 100 output_shape torch.Size([100])
layer /input-12 start_node /124 using full alpha [2, 99, 1, 277] with unstable size None total_size 99 output_shape 99
layer /input-20 using sparse-features alpha with shape [156]; unstable size 156; total size 8192 ([1, 128, 8, 8])
layer /input-20 start_node /input-24 using sparse-spec alpha [2, 14, 1, 156] with unstable size 13 total_size 128 output_shape 128
layer /input-20 start_node /input-40 using sparse-spec alpha [2, 96, 1, 156] with unstable size 95 total_size 2048 output_shape torch.Size([128, 4, 4])
layer /input-20 start_node /input-72 using sparse-spec alpha [2, 36, 1, 156] with unstable size 35 total_size 100 output_shape torch.Size([100])
layer /input-20 start_node /124 using full alpha [2, 99, 1, 156] with unstable size None total_size 99 output_shape 99
layer /input-28 using sparse-features alpha with shape [44]; unstable size 44; total size 8192 ([1, 128, 8, 8])
layer /input-28 start_node /input-40 using sparse-spec alpha [2, 96, 1, 44] with unstable size 95 total_size 2048 output_shape torch.Size([128, 4, 4])
layer /input-28 start_node /input-72 using sparse-spec alpha [2, 36, 1, 44] with unstable size 35 total_size 100 output_shape torch.Size([100])
layer /input-28 start_node /124 using full alpha [2, 99, 1, 44] with unstable size None total_size 99 output_shape 99
layer /input-36 using sparse-features alpha with shape [0]; unstable size 0; total size 8192 ([1, 128, 8, 8])
layer /input-36 start_node /input-40 using sparse-spec alpha [2, 48, 1, 0] with unstable size 47 total_size 128 output_shape 128
layer /input-36 start_node /input-72 using sparse-spec alpha [2, 36, 1, 0] with unstable size 35 total_size 100 output_shape torch.Size([100])
layer /input-36 start_node /124 using full alpha [2, 99, 1, 0] with unstable size None total_size 99 output_shape 99
layer /input-44 using sparse-features alpha with shape [95]; unstable size 95; total size 2048 ([1, 128, 4, 4])
layer /input-44 start_node /input-72 using sparse-spec alpha [2, 36, 1, 95] with unstable size 35 total_size 100 output_shape torch.Size([100])
layer /input-44 start_node /124 using full alpha [2, 99, 1, 95] with unstable size None total_size 99 output_shape 99
layer /input-52 using sparse-features alpha with shape [0]; unstable size 0; total size 2048 ([1, 128, 4, 4])
layer /input-52 start_node /input-72 using sparse-spec alpha [2, 36, 1, 0] with unstable size 35 total_size 100 output_shape torch.Size([100])
layer /input-52 start_node /124 using full alpha [2, 99, 1, 0] with unstable size None total_size 99 output_shape 99
layer /input-60 using sparse-features alpha with shape [0]; unstable size 0; total size 2048 ([1, 128, 4, 4])
layer /input-60 start_node /input-72 using sparse-spec alpha [2, 36, 1, 0] with unstable size 35 total_size 100 output_shape torch.Size([100])
layer /input-60 start_node /124 using full alpha [2, 99, 1, 0] with unstable size None total_size 99 output_shape 99
layer /input-68 using sparse-features alpha with shape [0]; unstable size 0; total size 2048 ([1, 128, 4, 4])
layer /input-68 start_node /input-72 using sparse-spec alpha [2, 36, 1, 0] with unstable size 35 total_size 100 output_shape torch.Size([100])
layer /input-68 start_node /124 using full alpha [2, 99, 1, 0] with unstable size None total_size 99 output_shape 99
layer /123 using sparse-features alpha with shape [35]; unstable size 35; total size 100 ([1, 100])
layer /123 start_node /124 using full alpha [2, 99, 1, 35] with unstable size None total_size 99 output_shape 99
Optimizable variables initialized.
initial CROWN bounds: tensor([[ 8.50352859,  8.03205490,  3.88513780,  2.72786450,  2.39318419,
          5.65658426,  5.97954512,  6.09308338,  3.68388057,  3.53513932,
          1.87276089,  3.04962277,  1.36409354,  6.13564730,  1.12925148,
          3.56864500,  2.77328730,  6.76063156,  2.36121178,  1.11014414,
          4.23664856,  2.26860714,  5.89644241,  6.03040504, -0.65699959,
          3.08825231,  4.77554131,  3.69283724,  3.23034096, 10.50259781,
          3.78314829,  4.07308245,  5.24531221,  2.39475584,  3.10468626,
          2.14371538,  2.18684196,  3.28584576,  3.93880725,  1.32408381,
          5.35016441,  2.89895511,  1.19428110,  3.26293993,  5.23954439,
          3.08838439,  5.61886311,  6.76084232,  9.24084473,  2.28536415,
          3.44234896,  7.97701216,  9.09233093,  6.07456493,  2.41714191,
          6.72103119,  6.37172651,  0.03922391,  6.22765875,  8.83612823,
          5.50188732, 11.15196609,  4.15820694,  0.61189270,  3.49039888,
          3.86981916,  8.17520332, 11.18021870,  6.57328224,  7.50599766,
          8.43716812,  2.10718536,  7.88177299,  4.86901236,  3.81703234,
          5.29441452,  3.97423553,  4.78378391,  6.22916317,  2.77176857,
          1.79497576,  9.61720085,  9.09219933,  0.73304129, -0.62013626,
          3.16256833,  1.10145557,  3.96878338,  1.04773736,  3.09399986,
          5.60001755,  7.59444952,  2.99504185,  1.00372386, 10.23235989,
          4.67754173,  3.89778042,  2.31126904,  8.57153893]], device='cuda:0') None
prune_after_crown optimization in use: original label size = 99 pruned label size = 2
best_l after optimization: -0.9337326288223267
alpha/beta optimization time: 1.8826041221618652
initial alpha-crown bounds: tensor([[        inf,         inf,         inf,         inf,         inf,
                 inf,         inf,         inf,         inf,         inf,
                 inf,         inf,         inf,         inf,         inf,
                 inf,         inf,         inf,         inf,         inf,
                 inf,         inf,         inf,         inf, -0.49814665,
                 inf,         inf,         inf,         inf,         inf,
                 inf,         inf,         inf,         inf,         inf,
                 inf,         inf,         inf,         inf,         inf,
                 inf,         inf,         inf,         inf,         inf,
                 inf,         inf,         inf,         inf,         inf,
                 inf,         inf,         inf,         inf,         inf,
                 inf,         inf,         inf,         inf,         inf,
                 inf,         inf,         inf,         inf,         inf,
                 inf,         inf,         inf,         inf,         inf,
                 inf,         inf,         inf,         inf,         inf,
                 inf,         inf,         inf,         inf,         inf,
                 inf,         inf,         inf,         inf, -0.43558598,
                 inf,         inf,         inf,         inf,         inf,
                 inf,         inf,         inf,         inf,         inf,
                 inf,         inf,         inf,         inf]], device='cuda:0')
Number of class (without rhs): 2 ; Worst class: (+ rhs) -0.498146653175354
Total VNNLIB file length: 99, max property batch size: 100, total number of batches: 1
lA shape: [torch.Size([99, 1, 64, 15, 15]), torch.Size([99, 1, 128, 8, 8]), torch.Size([99, 1, 128, 8, 8]), torch.Size([99, 1, 128, 8, 8]), torch.Size([99, 1, 128, 8, 8]), torch.Size([99, 1, 128, 4, 4]), torch.Size([99, 1, 128, 4, 4]), torch.Size([99, 1, 128, 4, 4]), torch.Size([99, 1, 128, 4, 4]), torch.Size([99, 1, 100])]

Properties batch 0, size 99
Remaining timeout: 96.91900062561035
Verifying property 0 with 99 instances.
##### Instance 0 first 10 spec matrices: 
tensor([[[-1.,  0.,  0.,  0.,  0.,  1.,  0.,  0.,  0.,  0.,  0.,  0.,  0.,  0.,
           0.,  0.,  0.,  0.,  0.,  0.,  0.,  0.,  0.,  0.,  0.,  0.,  0.,  0.,
           0.,  0.,  0.,  0.,  0.,  0.,  0.,  0.,  0.,  0.,  0.,  0.,  0.,  0.,
           0.,  0.,  0.,  0.,  0.,  0.,  0.,  0.,  0.,  0.,  0.,  0.,  0.,  0.,
           0.,  0.,  0.,  0.,  0.,  0.,  0.,  0.,  0.,  0.,  0.,  0.,  0.,  0.,
           0.,  0.,  0.,  0.,  0.,  0.,  0.,  0.,  0.,  0.,  0.,  0.,  0.,  0.,
           0.,  0.,  0.,  0.,  0.,  0.,  0.,  0.,  0.,  0.,  0.,  0.,  0.,  0.,
           0.,  0.]],

        [[ 0., -1.,  0.,  0.,  0.,  1.,  0.,  0.,  0.,  0.,  0.,  0.,  0.,  0.,
           0.,  0.,  0.,  0.,  0.,  0.,  0.,  0.,  0.,  0.,  0.,  0.,  0.,  0.,
           0.,  0.,  0.,  0.,  0.,  0.,  0.,  0.,  0.,  0.,  0.,  0.,  0.,  0.,
           0.,  0.,  0.,  0.,  0.,  0.,  0.,  0.,  0.,  0.,  0.,  0.,  0.,  0.,
           0.,  0.,  0.,  0.,  0.,  0.,  0.,  0.,  0.,  0.,  0.,  0.,  0.,  0.,
           0.,  0.,  0.,  0.,  0.,  0.,  0.,  0.,  0.,  0.,  0.,  0.,  0.,  0.,
           0.,  0.,  0.,  0.,  0.,  0.,  0.,  0.,  0.,  0.,  0.,  0.,  0.,  0.,
           0.,  0.]],

        [[ 0.,  0., -1.,  0.,  0.,  1.,  0.,  0.,  0.,  0.,  0.,  0.,  0.,  0.,
           0.,  0.,  0.,  0.,  0.,  0.,  0.,  0.,  0.,  0.,  0.,  0.,  0.,  0.,
           0.,  0.,  0.,  0.,  0.,  0.,  0.,  0.,  0.,  0.,  0.,  0.,  0.,  0.,
           0.,  0.,  0.,  0.,  0.,  0.,  0.,  0.,  0.,  0.,  0.,  0.,  0.,  0.,
           0.,  0.,  0.,  0.,  0.,  0.,  0.,  0.,  0.,  0.,  0.,  0.,  0.,  0.,
           0.,  0.,  0.,  0.,  0.,  0.,  0.,  0.,  0.,  0.,  0.,  0.,  0.,  0.,
           0.,  0.,  0.,  0.,  0.,  0.,  0.,  0.,  0.,  0.,  0.,  0.,  0.,  0.,
           0.,  0.]],

        [[ 0.,  0.,  0., -1.,  0.,  1.,  0.,  0.,  0.,  0.,  0.,  0.,  0.,  0.,
           0.,  0.,  0.,  0.,  0.,  0.,  0.,  0.,  0.,  0.,  0.,  0.,  0.,  0.,
           0.,  0.,  0.,  0.,  0.,  0.,  0.,  0.,  0.,  0.,  0.,  0.,  0.,  0.,
           0.,  0.,  0.,  0.,  0.,  0.,  0.,  0.,  0.,  0.,  0.,  0.,  0.,  0.,
           0.,  0.,  0.,  0.,  0.,  0.,  0.,  0.,  0.,  0.,  0.,  0.,  0.,  0.,
           0.,  0.,  0.,  0.,  0.,  0.,  0.,  0.,  0.,  0.,  0.,  0.,  0.,  0.,
           0.,  0.,  0.,  0.,  0.,  0.,  0.,  0.,  0.,  0.,  0.,  0.,  0.,  0.,
           0.,  0.]],

        [[ 0.,  0.,  0.,  0., -1.,  1.,  0.,  0.,  0.,  0.,  0.,  0.,  0.,  0.,
           0.,  0.,  0.,  0.,  0.,  0.,  0.,  0.,  0.,  0.,  0.,  0.,  0.,  0.,
           0.,  0.,  0.,  0.,  0.,  0.,  0.,  0.,  0.,  0.,  0.,  0.,  0.,  0.,
           0.,  0.,  0.,  0.,  0.,  0.,  0.,  0.,  0.,  0.,  0.,  0.,  0.,  0.,
           0.,  0.,  0.,  0.,  0.,  0.,  0.,  0.,  0.,  0.,  0.,  0.,  0.,  0.,
           0.,  0.,  0.,  0.,  0.,  0.,  0.,  0.,  0.,  0.,  0.,  0.,  0.,  0.,
           0.,  0.,  0.,  0.,  0.,  0.,  0.,  0.,  0.,  0.,  0.,  0.,  0.,  0.,
           0.,  0.]],

        [[ 0.,  0.,  0.,  0.,  0.,  1., -1.,  0.,  0.,  0.,  0.,  0.,  0.,  0.,
           0.,  0.,  0.,  0.,  0.,  0.,  0.,  0.,  0.,  0.,  0.,  0.,  0.,  0.,
           0.,  0.,  0.,  0.,  0.,  0.,  0.,  0.,  0.,  0.,  0.,  0.,  0.,  0.,
           0.,  0.,  0.,  0.,  0.,  0.,  0.,  0.,  0.,  0.,  0.,  0.,  0.,  0.,
           0.,  0.,  0.,  0.,  0.,  0.,  0.,  0.,  0.,  0.,  0.,  0.,  0.,  0.,
           0.,  0.,  0.,  0.,  0.,  0.,  0.,  0.,  0.,  0.,  0.,  0.,  0.,  0.,
           0.,  0.,  0.,  0.,  0.,  0.,  0.,  0.,  0.,  0.,  0.,  0.,  0.,  0.,
           0.,  0.]],

        [[ 0.,  0.,  0.,  0.,  0.,  1.,  0., -1.,  0.,  0.,  0.,  0.,  0.,  0.,
           0.,  0.,  0.,  0.,  0.,  0.,  0.,  0.,  0.,  0.,  0.,  0.,  0.,  0.,
           0.,  0.,  0.,  0.,  0.,  0.,  0.,  0.,  0.,  0.,  0.,  0.,  0.,  0.,
           0.,  0.,  0.,  0.,  0.,  0.,  0.,  0.,  0.,  0.,  0.,  0.,  0.,  0.,
           0.,  0.,  0.,  0.,  0.,  0.,  0.,  0.,  0.,  0.,  0.,  0.,  0.,  0.,
           0.,  0.,  0.,  0.,  0.,  0.,  0.,  0.,  0.,  0.,  0.,  0.,  0.,  0.,
           0.,  0.,  0.,  0.,  0.,  0.,  0.,  0.,  0.,  0.,  0.,  0.,  0.,  0.,
           0.,  0.]],

        [[ 0.,  0.,  0.,  0.,  0.,  1.,  0.,  0., -1.,  0.,  0.,  0.,  0.,  0.,
           0.,  0.,  0.,  0.,  0.,  0.,  0.,  0.,  0.,  0.,  0.,  0.,  0.,  0.,
           0.,  0.,  0.,  0.,  0.,  0.,  0.,  0.,  0.,  0.,  0.,  0.,  0.,  0.,
           0.,  0.,  0.,  0.,  0.,  0.,  0.,  0.,  0.,  0.,  0.,  0.,  0.,  0.,
           0.,  0.,  0.,  0.,  0.,  0.,  0.,  0.,  0.,  0.,  0.,  0.,  0.,  0.,
           0.,  0.,  0.,  0.,  0.,  0.,  0.,  0.,  0.,  0.,  0.,  0.,  0.,  0.,
           0.,  0.,  0.,  0.,  0.,  0.,  0.,  0.,  0.,  0.,  0.,  0.,  0.,  0.,
           0.,  0.]],

        [[ 0.,  0.,  0.,  0.,  0.,  1.,  0.,  0.,  0., -1.,  0.,  0.,  0.,  0.,
           0.,  0.,  0.,  0.,  0.,  0.,  0.,  0.,  0.,  0.,  0.,  0.,  0.,  0.,
           0.,  0.,  0.,  0.,  0.,  0.,  0.,  0.,  0.,  0.,  0.,  0.,  0.,  0.,
           0.,  0.,  0.,  0.,  0.,  0.,  0.,  0.,  0.,  0.,  0.,  0.,  0.,  0.,
           0.,  0.,  0.,  0.,  0.,  0.,  0.,  0.,  0.,  0.,  0.,  0.,  0.,  0.,
           0.,  0.,  0.,  0.,  0.,  0.,  0.,  0.,  0.,  0.,  0.,  0.,  0.,  0.,
           0.,  0.,  0.,  0.,  0.,  0.,  0.,  0.,  0.,  0.,  0.,  0.,  0.,  0.,
           0.,  0.]],

        [[ 0.,  0.,  0.,  0.,  0.,  1.,  0.,  0.,  0.,  0., -1.,  0.,  0.,  0.,
           0.,  0.,  0.,  0.,  0.,  0.,  0.,  0.,  0.,  0.,  0.,  0.,  0.,  0.,
           0.,  0.,  0.,  0.,  0.,  0.,  0.,  0.,  0.,  0.,  0.,  0.,  0.,  0.,
           0.,  0.,  0.,  0.,  0.,  0.,  0.,  0.,  0.,  0.,  0.,  0.,  0.,  0.,
           0.,  0.,  0.,  0.,  0.,  0.,  0.,  0.,  0.,  0.,  0.,  0.,  0.,  0.,
           0.,  0.,  0.,  0.,  0.,  0.,  0.,  0.,  0.,  0.,  0.,  0.,  0.,  0.,
           0.,  0.,  0.,  0.,  0.,  0.,  0.,  0.,  0.,  0.,  0.,  0.,  0.,  0.,
           0.,  0.]]], dtype=torch.float64)
thresholds: tensor([0., 0., 0., 0., 0., 0., 0., 0., 0., 0.], device='cuda:0') ######
Initial alpha-CROWN verified for spec index tensor([ 0,  1,  2,  3,  4,  5,  6,  7,  8,  9, 10, 11, 12, 13, 14, 15, 16, 17,
        18, 19, 20, 21, 22, 23, 25, 26, 27, 28, 29, 30, 31, 32, 33, 34, 35, 36,
        37, 38, 39, 40, 41, 42, 43, 44, 45, 46, 47, 48, 49, 50, 51, 52, 53, 54,
        55, 56, 57, 58, 59, 60, 61, 62, 63, 64, 65, 66, 67, 68, 69, 70, 71, 72,
        73, 74, 75, 76, 77, 78, 79, 80, 81, 82, 83, 85, 86, 87, 88, 89, 90, 91,
        92, 93, 94, 95, 96, 97, 98], device='cuda:0') with bound tensor([inf, inf, inf, inf, inf, inf, inf, inf, inf, inf, inf, inf, inf, inf, inf, inf, inf, inf, inf, inf, inf, inf, inf, inf,
        inf, inf, inf, inf, inf, inf, inf, inf, inf, inf, inf, inf, inf, inf, inf, inf, inf, inf, inf, inf, inf, inf, inf, inf,
        inf, inf, inf, inf, inf, inf, inf, inf, inf, inf, inf, inf, inf, inf, inf, inf, inf, inf, inf, inf, inf, inf, inf, inf,
        inf, inf, inf, inf, inf, inf, inf, inf, inf, inf, inf, inf, inf, inf, inf, inf, inf, inf, inf, inf, inf, inf, inf, inf,
        inf], device='cuda:0').
Remaining spec index tensor([24, 84], device='cuda:0') with bounds tensor([[-0.49814665],
        [-0.43558598]], device='cuda:0') need to verify.
Model prediction is: tensor([-14.22855949, -13.60793304,  -9.01179886,  -8.50221157,  -8.44343472,
         -1.79219210, -11.60774326, -11.86263084, -11.46634960,  -8.39364243,
         -8.50401402,  -7.35860252,  -7.38372946,  -5.46392632, -11.63404751,
         -6.53081417,  -8.26013851,  -7.24609184, -11.76865005,  -7.54344082,
         -5.05874252, -10.17252922,  -6.97751188, -11.29292774, -11.76954079,
         -3.05354571,  -8.82848167, -10.83991909,  -8.68820858,  -8.57793713,
        -16.21867180,  -9.29757595,  -9.31067848,  -9.96562672,  -8.42108727,
         -8.53333092,  -8.32239628,  -6.81618404,  -9.25740337,  -8.57302284,
         -5.99451494, -10.31213665,  -8.76782417,  -7.62745953,  -8.76788139,
        -10.68058681,  -8.36930180, -10.96555328, -12.15336514, -14.50944424,
         -8.44180298,  -9.14037991, -13.27284431, -14.84880447, -11.19384861,
         -8.05590153, -11.99347305, -11.61003971,  -4.35466433, -11.10182190,
        -13.53335953, -10.58355808, -16.87731552, -10.31994629,  -6.81422424,
         -8.60594082,  -9.71781731, -13.85928726, -16.29509163, -11.57050705,
        -12.72518444, -13.27049732,  -7.90345621, -13.34522724, -10.94020081,
         -9.57418346,  -9.88550091,  -9.93206501, -10.61616707, -11.80600834,
         -8.42249203,  -6.56924438, -15.07652569, -14.28947067,  -4.46007156,
         -4.27758074,  -7.52012444,  -4.94299030,  -9.83339119,  -5.54438305,
         -7.92252016, -10.87955856, -12.44229412,  -8.81731701,  -5.05632401,
        -15.71303272,  -9.85447502,  -9.59801865,  -7.60426235, -14.17876625],
       device='cuda:0')
build_with_refined_bounds batch [1/1]
setting alpha for layer /input-4 start_node /124 with alignment adjustment
setting alpha for layer /input-12 start_node /124 with alignment adjustment
setting alpha for layer /input-20 start_node /124 with alignment adjustment
setting alpha for layer /input-28 start_node /124 with alignment adjustment
setting alpha for layer /input-36 start_node /124 with alignment adjustment
setting alpha for layer /input-44 start_node /124 with alignment adjustment
setting alpha for layer /input-52 start_node /124 with alignment adjustment
setting alpha for layer /input-60 start_node /124 with alignment adjustment
setting alpha for layer /input-68 start_node /124 with alignment adjustment
setting alpha for layer /123 start_node /124 with alignment adjustment
all alpha initialized
directly get lb and ub from refined bounds
c shape: torch.Size([2, 1, 100])
lA shapes: [torch.Size([2, 1, 64, 15, 15]), torch.Size([2, 1, 128, 8, 8]), torch.Size([2, 1, 128, 8, 8]), torch.Size([2, 1, 128, 8, 8]), torch.Size([2, 1, 128, 8, 8]), torch.Size([2, 1, 128, 4, 4]), torch.Size([2, 1, 128, 4, 4]), torch.Size([2, 1, 128, 4, 4]), torch.Size([2, 1, 128, 4, 4]), torch.Size([2, 1, 100])]
(alpha-)CROWN with fixed intermediate bounds: tensor([[-0.49814665],
        [-0.43558598]], device='cuda:0') tensor([[inf],
        [inf]], device='cuda:0')
Intermediate layers: /input,/input-8,/input-16,/input-24,/input-32,/input-40,/input-48,/input-56,/input-64,/input-72,/124
Keeping alphas for these layers: ['/124']
Keeping alphas for these layers: ['/124']
Node /input-4 input 0: size torch.Size([64, 15, 15]) unstable 461
Node /input-12 input 0: size torch.Size([128, 8, 8]) unstable 274
Node /input-20 input 0: size torch.Size([128, 8, 8]) unstable 153
Node /input-28 input 0: size torch.Size([128, 8, 8]) unstable 43
Node /input-36 input 0: size torch.Size([128, 8, 8]) unstable 0
Node /input-44 input 0: size torch.Size([128, 4, 4]) unstable 91
Node /input-52 input 0: size torch.Size([128, 4, 4]) unstable 0
Node /input-60 input 0: size torch.Size([128, 4, 4]) unstable 0
Node /input-68 input 0: size torch.Size([128, 4, 4]) unstable 0
Node /123 input 0: size torch.Size([100]) unstable 35
-----------------
# of unstable neurons: 1057
-----------------

BaB round 1
batch: 2
splitting decisions: 
split level 0: [/input-72, 51] [/input-72, 20] 
split level 1: [/input-72, 2] [/input-72, 54] 
split level 2: [/input-72, 84] [/input-72, 2] 
pruning_in_iteration open status: True
ratio of positive domain = 12 / 16 = 0.75
pruning-in-iteration extra time: 0.003018617630004883
Time: prepare 0.0004    bound 0.2322    transfer 0.0007    finalize 0.0003    func 0.2336    
Accumulated time: func 0.2336    prepare 0.0008    bound 0.2322    transfer 0.0007    finalize 0.0003    
Current worst splitting domains lb-rhs (depth):
-0.30335 (3), -0.26078 (3), -0.22466 (3), -0.16414 (3), 
Length of domains: 4
Time: pickout 0.0008    decision 0.1273    set_bounds 0.0013    solve 0.2336    add 0.0007    
Accumulated time: pickout 0.0008    decision 0.1273    set_bounds 0.0013    solve 0.2336    add 0.0007    
Current (lb-rhs): -0.30334746837615967
4 domains visited
Cumulative time: 0.5652549266815186

BaB round 2
batch: 4
splitting decisions: 
split level 0: [/input-72, 20] [/input-72, 20] [/input-72, 0] [/input-72, 0] 
split level 1: [/input-72, 40] [/input-72, 40] [/input-72, 40] [/input-72, 40] 
pruning_in_iteration open status: True
ratio of positive domain = 8 / 16 = 0.5
pruning-in-iteration extra time: 0.005351543426513672
Time: prepare 0.0006    bound 0.1375    transfer 0.0008    finalize 0.0003    func 0.1393    
Accumulated time: func 0.3729    prepare 0.0017    bound 0.3697    transfer 0.0015    finalize 0.0006    
Current worst splitting domains lb-rhs (depth):
-0.20954 (5), -0.16710 (5), -0.16672 (5), -0.15803 (5), -0.15581 (5), -0.11771 (5), -0.09691 (5), -0.09525 (5), 
Length of domains: 8
Time: pickout 0.0008    decision 0.0466    set_bounds 0.0010    solve 0.1393    add 0.0011    
Accumulated time: pickout 0.0016    decision 0.1739    set_bounds 0.0023    solve 0.3730    add 0.0018    
Current (lb-rhs): -0.20954358577728271
12 domains visited
Cumulative time: 0.7543582916259766

BaB round 3
batch: 8
splitting decisions: 
split level 0: [/input-72, 0] [/input-72, 0] [/input-72, 52] [/input-72, 10] [/input-72, 0] [/input-72, 0] [/input-72, 52] [/input-72, 10] 
pruning_in_iteration open status: True
ratio of positive domain = 6 / 16 = 0.375
pruning-in-iteration extra time: 0.0030884742736816406
Time: prepare 0.0006    bound 0.1763    transfer 0.0111    finalize 0.0044    func 0.1924    
Accumulated time: func 0.5653    prepare 0.0026    bound 0.5460    transfer 0.0126    finalize 0.0050    
Current worst splitting domains lb-rhs (depth):
-0.19646 (6), -0.15441 (6), -0.15263 (6), -0.11753 (6), -0.11551 (6), -0.10403 (6), -0.10136 (6), -0.09914 (6), -0.06630 (6), -0.06458 (6), 
Length of domains: 10
Time: pickout 0.0009    decision 0.0743    set_bounds 0.0024    solve 0.1924    add 0.0017    
Accumulated time: pickout 0.0025    decision 0.2483    set_bounds 0.0047    solve 0.5654    add 0.0036    
Current (lb-rhs): -0.19646239280700684
22 domains visited
Cumulative time: 1.0263285636901855

BaB round 4
batch: 10
splitting decisions: 
split level 0: [/input-72, 99] [/input-72, 57] [/input-72, 10] [/input-72, 99] [/input-72, 57] [/input-72, 10] [/input-40, 578] [/input-40, 578] [/input-40, 578] [/input-40, 578] 
pruning_in_iteration open status: False
ratio of positive domain = 4 / 20 = 0.19999999999999996
pruning-in-iteration extra time: 3.933906555175781e-05
Time: prepare 0.0008    bound 0.1654    transfer 0.0009    finalize 0.0003    func 0.1674    
Accumulated time: func 0.7327    prepare 0.0037    bound 0.7115    transfer 0.0134    finalize 0.0053    
Current worst splitting domains lb-rhs (depth):
-0.17980 (7), -0.13833 (7), -0.13176 (7), -0.08628 (7), -0.08434 (7), -0.08248 (7), -0.06541 (7), -0.06312 (7), -0.04872 (7), -0.04640 (7), -0.03231 (7), -0.03074 (7), -0.02971 (7), -0.02576 (7), -0.01584 (7), -0.01392 (7), 
Length of domains: 16
Time: pickout 0.0037    decision 0.0952    set_bounds 0.0009    solve 0.1674    add 0.0012    
Accumulated time: pickout 0.0063    decision 0.3435    set_bounds 0.0056    solve 0.7328    add 0.0047    
Current (lb-rhs): -0.1798015832901001
38 domains visited
Cumulative time: 1.2949326038360596

BaB round 5
batch: 16
splitting decisions: 
split level 0: [/input-72, 57] [/input-40, 578] [/input-72, 44] [/input-40, 578] [/input-72, 10] [/input-72, 52] [/input-72, 10] [/input-72, 52] [/input-72, 44] [/input-40, 578] 
pruning_in_iteration open status: True
ratio of positive domain = 20 / 32 = 0.625
pruning-in-iteration extra time: 0.004485607147216797
Time: prepare 0.0011    bound 0.1486    transfer 0.0012    finalize 0.0004    func 0.1513    
Accumulated time: func 0.8841    prepare 0.0051    bound 0.8600    transfer 0.0147    finalize 0.0058    
Current worst splitting domains lb-rhs (depth):
-0.15805 (8), -0.13137 (8), -0.12471 (8), -0.07583 (8), -0.05201 (8), -0.05009 (8), -0.03625 (8), -0.03398 (8), -0.03352 (8), -0.03121 (8), -0.01670 (8), -0.01429 (8), 
Length of domains: 12
Time: pickout 0.0008    decision 0.0931    set_bounds 0.0095    solve 0.1514    add 0.0011    
Accumulated time: pickout 0.0071    decision 0.4366    set_bounds 0.0150    solve 0.8843    add 0.0059    
Current (lb-rhs): -0.15805131196975708
50 domains visited
Cumulative time: 1.5511195659637451

BaB round 6
batch: 12
splitting decisions: 
split level 0: [/input-72, 57] [/input-72, 99] [/input-72, 94] [/input-72, 99] [/input-72, 94] [/input-72, 44] [/input-40, 679] [/input-72, 94] [/input-72, 94] [/input-72, 94] 
pruning_in_iteration open status: True
ratio of positive domain = 13 / 24 = 0.5416666666666667
pruning-in-iteration extra time: 0.003044605255126953
Time: prepare 0.0010    bound 0.1284    transfer 0.0010    finalize 0.0004    func 0.1308    
Accumulated time: func 1.0149    prepare 0.0064    bound 0.9884    transfer 0.0156    finalize 0.0061    
Current worst splitting domains lb-rhs (depth):
-0.15089 (9), -0.10870 (9), -0.10831 (9), -0.05977 (9), -0.03585 (9), -0.03387 (9), -0.02760 (9), -0.02026 (9), -0.01753 (9), -0.01489 (9), -0.01050 (9), 
Length of domains: 11
Time: pickout 0.0008    decision 0.0492    set_bounds 0.0010    solve 0.1308    add 0.0010    
Accumulated time: pickout 0.0079    decision 0.4857    set_bounds 0.0160    solve 1.0151    add 0.0069    
Current (lb-rhs): -0.15088534355163574
61 domains visited
Cumulative time: 1.7342145442962646

BaB round 7
batch: 11
splitting decisions: 
split level 0: [/input-40, 679] [/input-72, 50] [/input-40, 679] [/input-72, 94] [/input-72, 94] [/input-72, 50] [/input-72, 50] [/input-72, 50] [/input-40, 679] [/input-72, 50] 
pruning_in_iteration open status: True
ratio of positive domain = 15 / 22 = 0.6818181818181819
pruning-in-iteration extra time: 0.00854182243347168
Time: prepare 0.0009    bound 0.1697    transfer 0.0090    finalize 0.0016    func 0.1812    
Accumulated time: func 1.1960    prepare 0.0077    bound 1.1582    transfer 0.0246    finalize 0.0078    
Current worst splitting domains lb-rhs (depth):
-0.14668 (10), -0.10423 (10), -0.08056 (10), -0.03191 (10), -0.02016 (10), -0.01154 (10), -0.00881 (10), 
Length of domains: 7
Time: pickout 0.0009    decision 0.0684    set_bounds 0.0015    solve 0.1812    add 0.0022    
Accumulated time: pickout 0.0088    decision 0.5541    set_bounds 0.0175    solve 1.1963    add 0.0091    
Current (lb-rhs): -0.14668035507202148
68 domains visited
Cumulative time: 1.9886927604675293

BaB round 8
batch: 7
splitting decisions: 
split level 0: [/input-72, 50] [/input-72, 50] [/input-40, 679] [/input-72, 50] [/input-40, 679] [/input-72, 50] [/input-40, 679] 
pruning_in_iteration open status: True
ratio of positive domain = 7 / 14 = 0.5
pruning-in-iteration extra time: 0.008992671966552734
Time: prepare 0.0007    bound 0.1825    transfer 0.0045    finalize 0.0018    func 0.1895    
Accumulated time: func 1.3855    prepare 0.0087    bound 1.3407    transfer 0.0290    finalize 0.0096    
Current worst splitting domains lb-rhs (depth):
-0.11717 (11), -0.07622 (11), -0.07532 (11), -0.06429 (11), -0.02726 (11), -0.01991 (11), -0.01397 (11), 
Length of domains: 7
Time: pickout 0.0077    decision 0.0964    set_bounds 0.0009    solve 0.1895    add 0.0010    
Accumulated time: pickout 0.0165    decision 0.6505    set_bounds 0.0184    solve 1.3859    add 0.0101    
Current (lb-rhs): -0.1171729564666748
75 domains visited
Cumulative time: 2.2844016551971436

BaB round 9
batch: 7
splitting decisions: 
split level 0: [/input-72, 45] [/input-40, 1173] [/input-72, 45] [/input-72, 45] [/input-72, 45] [/input-72, 45] [/input-40, 1173] 
pruning_in_iteration open status: True
ratio of positive domain = 8 / 14 = 0.5714285714285714
pruning-in-iteration extra time: 0.008132696151733398
Time: prepare 0.0007    bound 0.1920    transfer 0.0006    finalize 0.0003    func 0.1936    
Accumulated time: func 1.5791    prepare 0.0097    bound 1.5327    transfer 0.0297    finalize 0.0098    
Current worst splitting domains lb-rhs (depth):
-0.10841 (12), -0.06112 (12), -0.06097 (12), -0.05472 (12), -0.01245 (12), -0.00426 (12), 
Length of domains: 6
Time: pickout 0.0010    decision 0.0931    set_bounds 0.0098    solve 0.1936    add 0.0007    
Accumulated time: pickout 0.0175    decision 0.7435    set_bounds 0.0281    solve 1.5795    add 0.0108    
Current (lb-rhs): -0.10840761661529541
81 domains visited
Cumulative time: 2.582669258117676

BaB round 10
batch: 6
splitting decisions: 
split level 0: [/input-72, 45] [/input-72, 45] [/input-72, 71] [/input-72, 71] [/input-40, 1173] [/input-72, 71] 
split level 1: [/input-72, 71] [/input-72, 71] [/input-40, 677] [/input-72, 54] [/input-72, 71] [/input-40, 917] 
pruning_in_iteration open status: True
ratio of positive domain = 18 / 24 = 0.75
pruning-in-iteration extra time: 0.0028913021087646484
Time: prepare 0.0009    bound 0.1317    transfer 0.0009    finalize 0.0004    func 0.1339    
Accumulated time: func 1.7130    prepare 0.0109    bound 1.6643    transfer 0.0306    finalize 0.0102    
Current worst splitting domains lb-rhs (depth):
-0.06180 (14), -0.04004 (14), -0.02511 (14), -0.02183 (14), -0.01005 (14), -0.00411 (14), 
Length of domains: 6
Time: pickout 0.0007    decision 0.0541    set_bounds 0.0014    solve 0.1339    add 0.0007    
Accumulated time: pickout 0.0182    decision 0.7977    set_bounds 0.0295    solve 1.7134    add 0.0114    
Current (lb-rhs): -0.061804354190826416
87 domains visited
Cumulative time: 2.7736704349517822

BaB round 11
batch: 6
splitting decisions: 
split level 0: [/input-40, 917] [/input-40, 917] [/input-40, 917] [/input-72, 54] [/input-40, 677] [/input-72, 54] 
split level 1: [/input-40, 677] [/input-40, 677] [/input-40, 677] [/input-40, 677] [/input-72, 90] [/input-40, 677] 
pruning_in_iteration open status: True
ratio of positive domain = 21 / 24 = 0.875
pruning-in-iteration extra time: 0.006013154983520508
Time: prepare 0.0009    bound 0.1497    transfer 0.0031    finalize 0.0012    func 0.1550    
Accumulated time: func 1.8680    prepare 0.0121    bound 1.8141    transfer 0.0337    finalize 0.0114    
Current worst splitting domains lb-rhs (depth):
-0.04407 (16), -0.02254 (16), -0.00630 (16), 
Length of domains: 3
Time: pickout 0.0007    decision 0.0477    set_bounds 0.0013    solve 0.1551    add 0.0008    
Accumulated time: pickout 0.0189    decision 0.8453    set_bounds 0.0308    solve 1.8684    add 0.0122    
Current (lb-rhs): -0.04406970739364624
90 domains visited
Cumulative time: 2.97951602935791

BaB round 12
batch: 3
splitting decisions: 
split level 0: [/input-72, 54] [/input-72, 54] [/input-72, 90] 
split level 1: [/input-72, 90] [/input-72, 90] [/input-40, 1173] 
split level 2: [/input-16, 3796] [/input-16, 3796] [/input-16, 3796] 

all verified at 0th iter
pruning_in_iteration open status: False
ratio of positive domain = 24 / 24 = 1.0
pruning-in-iteration extra time: 0.00017762184143066406
Time: prepare 0.0010    bound 0.0118    transfer 0.0017    finalize 0.0068    func 0.0213    
Accumulated time: func 1.8893    prepare 0.0135    bound 1.8258    transfer 0.0354    finalize 0.0182    
Length of domains: 0
Time: pickout 0.0008    decision 0.0545    set_bounds 0.0015    solve 0.0213    add 0.0000    
Accumulated time: pickout 0.0197    decision 0.8998    set_bounds 0.0323    solve 1.8897    add 0.0123    
No domains left, verification finished!
Current (lb-rhs): 1.0000000116860974e-07
90 domains visited
Cumulative time: 3.057711362838745

Result: unsat
Time: 6.32253098487854

------------------------- COMMAND ------------------------------
/data1/Kane/miniconda3/envs/GenBaB/bin/python /data1/Kane/GenBaB/alpha-beta-CROWN/complete_verifier/abcrown.py --config /data1/Kane/GenBaB/alpha-beta-CROWN/complete_verifier/exp_configs/vnncomp24/cifar100.yaml --precompile_jit --onnx_path /data1/Kane/data/vnncomp2025_benchmarks/benchmarks/cifar100_2024/onnx/CIFAR100_resnet_medium.onnx --vnnlib_path /data1/Kane/data/vnncomp2025_benchmarks/benchmarks/cifar100_2024/vnnlib/CIFAR100_resnet_medium_prop_idx_3006_sidx_928_eps_0.0039.vnnlib --results_file /data1/Kane/ACT/audit_results/abcrown_nopgd_20260525/cifar100_2024/0020__CIFAR100_resnet_medium__CIFAR100_resnet_medium_prop_idx_3006_sidx_928_eps_0.0039.result --timeout 100.0 --save_adv_example --pgd_order=skip
----------------------------------------------------------------

