[0;93m2026-05-26 16:21:55.413637608 [W:onnxruntime:Default, device_discovery.cc:325 DiscoverDevicesForPlatform] GPU device discovery failed: device_discovery.cc:92 ReadFileContents Failed to open file: "/sys/class/drm/card0/device/vendor"[m
Configurations:

general:
  device: cuda
  seed: 100
  conv_mode: patches
  deterministic: false
  double_fp: false
  loss_reduction_func: sum
  sparse_alpha: true
  sparse_interm: true
  save_adv_example: true
  verify_onnxruntime_output: false
  eval_adv_example: false
  show_adv_example: false
  precompile_jit: true
  prepare_only: false
  complete_verifier: bab
  enable_incomplete_verification: true
  csv_name: instances.csv
  results_file: /data1/Kane/ACT/audit_results/abcrown_nopgd_20260525/cifar100_2024/0031__CIFAR100_resnet_medium__CIFAR100_resnet_medium_prop_idx_1190_sidx_8846_eps_0.0039.result
  root_path: ../../vnncomp2024_benchmarks/benchmarks/cifar100
  deterministic_opt: false
  graph_optimizer: 'Customized("custom_graph_optimizer", "default_optimizer")'
  buffer_has_batchdim: false
  save_output: false
  output_file: out.pkl
  return_optimized_model: false
model:
  name: null
  path: null
  onnx_path: /data1/Kane/data/vnncomp2025_benchmarks/benchmarks/cifar100_2024/onnx/CIFAR100_resnet_medium.onnx
  onnx_path_prefix: ''
  cache_onnx_conversion: false
  debug_onnx: false
  onnx_quirks: null
  input_shape: null
  onnx_loader: default_onnx_and_vnnlib_loader
  onnx_optimization_flags: [merge_bn]
  onnx_vnnlib_joint_optimization_flags: none
  check_optimized: false
  flatten_final_output: false
  optimize_graph: null
  with_jacobian: false
data:
  start: 0
  end: 10000
  select_instance: null
  num_outputs: 10
  mean: 0.0
  std: 1.0
  pkl_path: null
  dataset: null
  data_filter_path: null
  data_idx_file: null
specification:
  type: lp
  robustness_type: verified-acc
  norm: .inf
  epsilon: null
  epsilon_min: 0.0
  vnnlib_path: /data1/Kane/data/vnncomp2025_benchmarks/benchmarks/cifar100_2024/vnnlib/CIFAR100_resnet_medium_prop_idx_1190_sidx_8846_eps_0.0039.vnnlib
  vnnlib_path_prefix: ''
  rhs_offset: null
solver:
  batch_size: 256
  auto_enlarge_batch_size: true
  min_batch_size_ratio: 0.1
  use_float64_in_last_iteration: false
  early_stop_patience: 10
  start_save_best: 0.5
  bound_prop_method: alpha-crown
  init_bound_prop_method: same
  prune_after_crown: true
  optimize_disjuncts_separately: false
  crown:
    batch_size: 1000000000
    max_crown_size: 1000000000
    activation_bound_option: adaptive
    compare_crown_with_ibp: false
  alpha-crown:
    alpha: true
    lr_alpha: 0.25
    iteration: 20
    share_alphas: false
    lr_decay: 0.98
    full_conv_alpha: false
    max_coeff_mul: .inf
    matmul_share_alphas: false
    disable_optimization: []
    max_time: 1.0
  invprop:
    apply_output_constraints_to: []
    tighten_input_bounds: false
    best_of_oc_and_no_oc: false
    directly_optimize: []
    oc_lr: 0.1
    share_gammas: false
  beta-crown:
    lr_alpha: 0.1
    lr_beta: 0.2
    lr_decay: 0.98
    optimizer: adam
    iteration: 10
    beta: true
    beta_warmup: true
    enable_opt_interm_bounds: false
    all_node_split_LP: false
  forward:
    refine: false
    max_dim: 10000
    reset_threshold: 1.0
  multi_class:
    label_batch_size: 32
    skip_with_refined_bound: true
  mip:
    unstable_neuron_threshold: 0
    parallel_solvers: null
    solver_threads: 1
    refine_neuron_timeout: 15
    refine_neuron_time_percentage: 0.8
    early_stop: true
    adv_warmup: true
    mip_solver: gurobi
    skip_unsafe: false
    topk_filter: 1.0
    sliding_window: -1
    extra_constraint: false
    refine_neuron_timeout_increasement: 0
    timeout_neuron_percentage: 0.3
    remaining_timeout_threshold: 1
    remove_unstable_neurons: false
    lp_solver: false
bab:
  initial_max_domains: 100
  backing_up_max_domain: null
  max_domains: .inf
  decision_thresh: 0
  timeout: 100.0
  timeout_scale: 1
  max_iterations: -1
  override_timeout: null
  get_upper_bound: false
  pruning_in_iteration: true
  pruning_in_iteration_ratio: 0.2
  sort_targets: false
  batched_domain_list: true
  optimized_interm: ''
  interm_transfer: false
  recompute_interm: false
  sort_domain_interval: -1
  vanilla_crown: false
  tree_traversal: depth_first
  cut:
    enabled: false
    cuts_path: /tmp/abcrown_cuts
    implication: false
    bab_cut: false
    lp_cut: false
    method: null
    lr: 0.01
    lr_decay: 1.0
    iteration: 100
    bab_iteration: -1
    early_stop_patience: -1
    lr_beta: 0.02
    number_cuts: 50
    topk_cuts_in_filter: 1000
    batch_size_primal: 100
    max_num: 1000000000
    patches_cut: false
    cplex_cuts: false
    cplex_cuts_wait: 0
    cplex_cuts_revpickup: true
    cut_reference_bounds: true
    fix_intermediate_bounds: false
    biccos:
      enabled: false
      constraint_strengthening: true
      recursively_strengthening: false
      drop_ratio: 0.5
      verified_bonus: 0.3
      max_infer_iter: 20
      heuristic: neuron_influence_score
      save_biccos_cuts: false
      multi_tree_branching:
        enabled: false
        restore_best_tree: false
        keep_n_best_domains: 1
        k_splits: 1
        iterations: 1
  branching:
    method: kfsb
    candidates: 7
    reduceop: max
    enable_intermediate_bound_opt: false
    branching_input_and_activation: false
    branching_input_and_activation_order: [input, relu]
    branching_input_iterations: 30
    branching_relu_iterations: 50
    nonlinear_split:
      method: bbps
      disable: false
      branching_point_method: uniform
      num_branches: 2
      filter: false
      filter_beta: false
      filter_clamp: false
      filter_batch_size: 10000
      filter_iterations: 25
      relu_only: false
      loose_tanh_threshold: null
      branching_point:
        db_path: branching_points.pt
        num_iterations: 1000
        batch_size: 1000000
        range_l: -5.0
        range_u: 5.0
        log_interval: 100
        step_size_1d: 0.01
        step_size: 0.2
    input_split:
      enable_clip_domains: false
      split_hint: null
      reorder_bab: false
      enable: false
      enhanced_bound_prop_method: alpha-crown
      enhanced_branching_method: naive
      enhanced_bound_patience: 100000000.0
      attack_patience: 100000000.0
      adv_check: 0
      split_partitions: 2
      sb_margin_weight: 1.0
      sb_sum: false
      sb_primary_spec: null
      bf_backup_thresh: -1
      bf_rhs_offset: 0
      bf_iters: 1000000000.0
      bf_batch_size: 100000
      bf_zero_crossing_score: false
      touch_zero_score: 0
      ibp_enhancement: false
      compare_with_old_bounds: false
      update_rhs_with_attack: false
      sb_coeff_thresh: 0.001
      sort_index: null
      sort_descending: true
      show_progress: false
      presplit_domains: null
      skip_getting_worst_domain: false
  attack:
    enabled: false
    beam_candidates: 8
    beam_depth: 7
    max_dive_fix_ratio: 0.8
    min_local_free_ratio: 0.2
    mip_start_iteration: 5
    mip_timeout: 30.0
    adv_pool_threshold: null
    refined_mip_attacker: false
    refined_batch_size: null
attack:
  pgd_order: skip
  pgd_steps: 100
  pgd_restarts: 10
  pgd_batch_size: 100000000
  pgd_early_stop: true
  pgd_lr_decay: 0.99
  pgd_alpha: auto
  pgd_alpha_scale: false
  pgd_loss_mode: null
  pgd_restart_when_stuck: false
  enable_mip_attack: false
  adv_saver: default_adv_saver
  adv_verifier: default_adv_verifier
  early_stop_condition: default_early_stop_condition
  adv_example_finalizer: default_adv_example_finalizer
  pgd_loss: default_pgd_loss
  cex_path: ./test_cex.txt
  attack_mode: PGD
  attack_tolerance: 0.0
  attack_func: attack_with_general_specs
  gama_lambda: 10.0
  gama_decay: 0.9
  check_clean: false
  input_split:
    pgd_steps: 100
    pgd_restarts: 30
    pgd_alpha: auto
  input_split_enhanced:
    pgd_steps: 200
    pgd_restarts: 500000
    pgd_alpha: auto
  input_split_check_adv:
    enabled: auto
    pgd_steps: 5
    pgd_restarts: 5
    pgd_alpha: auto
    max_num_domains: 10
debug:
  view_model: false
  lp_test: null
  rescale_vnnlib_ptb: null
  test_optimized_bounds: false
  test_optimized_bounds_after_n_iterations: 0
  print_verbose_decisions: false
  sanity_check: null
  save_minimal_config: null
  save_minimal_config_omit_keys: []

Experiments at Tue May 26 16:21:56 2026 on dell-pro-max-tower-t2
Pre-compile jit kernels on a toy network...
JIT kernels compiled in 0.9594s./data1/Kane/miniconda3/envs/GenBaB/lib/python3.11/site-packages/onnx2pytorch/convert/model.py:151: UserWarning: Using experimental implementation that allows 'batch_size > 1'.Batchnorm layers could potentially produce false outputs.
  warnings.warn(
/data1/Kane/miniconda3/envs/GenBaB/lib/python3.11/site-packages/onnx2pytorch/utils.py:21: TracerWarning: Converting a tensor to a Python boolean might cause the trace to be incorrect. We can't record the data flow of Python values, so this value will be treated as a constant in the future. This means that the trace might not generalize to other inputs!
  return value.ndim == 0 or value.shape == torch.Size([1])
/data1/Kane/miniconda3/envs/GenBaB/lib/python3.11/site-packages/onnx2pytorch/operations/add.py:34: TracerWarning: Converting a tensor to a Python boolean might cause the trace to be incorrect. We can't record the data flow of Python values, so this value will be treated as a constant in the future. This means that the trace might not generalize to other inputs!
  elif all(x == 1 for x in input[0].shape):

Internal results will be saved to /data1/Kane/ACT/audit_results/abcrown_nopgd_20260525/cifar100_2024/0031__CIFAR100_resnet_medium__CIFAR100_resnet_medium_prop_idx_1190_sidx_8846_eps_0.0039.result.

 %%%%%%%%%%%%%%%%%%%%%%%%%%%%%%%%%%% idx: 0, vnnlib ID: 0 %%%%%%%%%%%%%%%%%%%%%%%%%%%%%%%%%%%
Using onnx /data1/Kane/data/vnncomp2025_benchmarks/benchmarks/cifar100_2024/onnx/CIFAR100_resnet_medium.onnx
Using vnnlib /data1/Kane/data/vnncomp2025_benchmarks/benchmarks/cifar100_2024/vnnlib/CIFAR100_resnet_medium_prop_idx_1190_sidx_8846_eps_0.0039.vnnlib
3072 inputs and 100 outputs in vnnlib
Loading onnx /data1/Kane/data/vnncomp2025_benchmarks/benchmarks/cifar100_2024/onnx/CIFAR100_resnet_medium.onnx with quirks {}
Onnx optimization with flags: ['merge_bn']
Found existed optimized onnx model at /data1/Kane/data/vnncomp2025_benchmarks/benchmarks/cifar100_2024/onnx/CIFAR100_resnet_medium.onnx.optimized
Finished onnx model loading in 0.0673 seconds
Model: BoundedModule(
  (/input-1): BoundInput(name=/input-1, inputs=[], perturbed=True)
  (/43): BoundParams(name=/43, inputs=[], perturbed=False)
  (/44): BoundParams(name=/44, inputs=[], perturbed=False)
  (/45): BoundParams(name=/45, inputs=[], perturbed=False)
  (/46): BoundParams(name=/46, inputs=[], perturbed=False)
  (/47): BoundParams(name=/47, inputs=[], perturbed=False)
  (/48): BoundParams(name=/48, inputs=[], perturbed=False)
  (/49): BoundParams(name=/49, inputs=[], perturbed=False)
  (/50): BoundParams(name=/50, inputs=[], perturbed=False)
  (/51): BoundParams(name=/51, inputs=[], perturbed=False)
  (/52): BoundParams(name=/52, inputs=[], perturbed=False)
  (/53): BoundParams(name=/53, inputs=[], perturbed=False)
  (/54): BoundParams(name=/54, inputs=[], perturbed=False)
  (/55): BoundParams(name=/55, inputs=[], perturbed=False)
  (/56): BoundParams(name=/56, inputs=[], perturbed=False)
  (/57): BoundParams(name=/57, inputs=[], perturbed=False)
  (/58): BoundParams(name=/58, inputs=[], perturbed=False)
  (/59): BoundParams(name=/59, inputs=[], perturbed=False)
  (/60): BoundParams(name=/60, inputs=[], perturbed=False)
  (/61): BoundParams(name=/61, inputs=[], perturbed=False)
  (/62): BoundParams(name=/62, inputs=[], perturbed=False)
  (/63): BoundParams(name=/63, inputs=[], perturbed=False)
  (/64): BoundParams(name=/64, inputs=[], perturbed=False)
  (/65): BoundParams(name=/65, inputs=[], perturbed=False)
  (/66): BoundParams(name=/66, inputs=[], perturbed=False)
  (/67): BoundParams(name=/67, inputs=[], perturbed=False)
  (/68): BoundParams(name=/68, inputs=[], perturbed=False)
  (/69): BoundParams(name=/69, inputs=[], perturbed=False)
  (/70): BoundParams(name=/70, inputs=[], perturbed=False)
  (/71): BoundParams(name=/71, inputs=[], perturbed=False)
  (/72): BoundParams(name=/72, inputs=[], perturbed=False)
  (/73): BoundParams(name=/73, inputs=[], perturbed=False)
  (/74): BoundParams(name=/74, inputs=[], perturbed=False)
  (/75): BoundParams(name=/75, inputs=[], perturbed=False)
  (/76): BoundParams(name=/76, inputs=[], perturbed=False)
  (/77): BoundParams(name=/77, inputs=[], perturbed=False)
  (/78): BoundParams(name=/78, inputs=[], perturbed=False)
  (/79): BoundParams(name=/79, inputs=[], perturbed=False)
  (/80): BoundParams(name=/80, inputs=[], perturbed=False)
  (/81): BoundParams(name=/81, inputs=[], perturbed=False)
  (/82): BoundParams(name=/82, inputs=[], perturbed=False)
  (/83): BoundParams(name=/83, inputs=[], perturbed=False)
  (/84): BoundParams(name=/84, inputs=[], perturbed=False)
  (/input): BoundConv(name=/input, inputs=[/input-1, /43, /44], perturbed=True)
  (/input-4): BoundRelu(name=/input-4, inputs=[/input], perturbed=True)
  (/input-8): BoundConv(name=/input-8, inputs=[/input-4, /45, /46], perturbed=True)
  (/input-12): BoundRelu(name=/input-12, inputs=[/input-8], perturbed=True)
  (/89): BoundConv(name=/89, inputs=[/input-12, /47, /48], perturbed=True)
  (/90): BoundConv(name=/90, inputs=[/input-4, /49, /50], perturbed=True)
  (/91): BoundAdd(name=/91, inputs=[/89, /90], perturbed=True)
  (/input-16): BoundConv(name=/input-16, inputs=[/91, /51, /52], perturbed=True)
  (/input-20): BoundRelu(name=/input-20, inputs=[/input-16], perturbed=True)
  (/94): BoundConv(name=/94, inputs=[/input-20, /53, /54], perturbed=True)
  (/95): BoundAdd(name=/95, inputs=[/94, /91], perturbed=True)
  (/input-24): BoundConv(name=/input-24, inputs=[/95, /55, /56], perturbed=True)
  (/input-28): BoundRelu(name=/input-28, inputs=[/input-24], perturbed=True)
  (/98): BoundConv(name=/98, inputs=[/input-28, /57, /58], perturbed=True)
  (/99): BoundAdd(name=/99, inputs=[/98, /95], perturbed=True)
  (/input-32): BoundConv(name=/input-32, inputs=[/99, /59, /60], perturbed=True)
  (/input-36): BoundRelu(name=/input-36, inputs=[/input-32], perturbed=True)
  (/102): BoundConv(name=/102, inputs=[/input-36, /61, /62], perturbed=True)
  (/103): BoundAdd(name=/103, inputs=[/102, /99], perturbed=True)
  (/input-40): BoundConv(name=/input-40, inputs=[/103, /63, /64], perturbed=True)
  (/input-44): BoundRelu(name=/input-44, inputs=[/input-40], perturbed=True)
  (/106): BoundConv(name=/106, inputs=[/input-44, /65, /66], perturbed=True)
  (/107): BoundConv(name=/107, inputs=[/103, /67, /68], perturbed=True)
  (/108): BoundAdd(name=/108, inputs=[/106, /107], perturbed=True)
  (/input-48): BoundConv(name=/input-48, inputs=[/108, /69, /70], perturbed=True)
  (/input-52): BoundRelu(name=/input-52, inputs=[/input-48], perturbed=True)
  (/111): BoundConv(name=/111, inputs=[/input-52, /71, /72], perturbed=True)
  (/112): BoundAdd(name=/112, inputs=[/111, /108], perturbed=True)
  (/input-56): BoundConv(name=/input-56, inputs=[/112, /73, /74], perturbed=True)
  (/input-60): BoundRelu(name=/input-60, inputs=[/input-56], perturbed=True)
  (/115): BoundConv(name=/115, inputs=[/input-60, /75, /76], perturbed=True)
  (/116): BoundAdd(name=/116, inputs=[/115, /112], perturbed=True)
  (/input-64): BoundConv(name=/input-64, inputs=[/116, /77, /78], perturbed=True)
  (/input-68): BoundRelu(name=/input-68, inputs=[/input-64], perturbed=True)
  (/119): BoundConv(name=/119, inputs=[/input-68, /79, /80], perturbed=True)
  (/120): BoundAdd(name=/120, inputs=[/119, /116], perturbed=True)
  (/121): BoundFlatten(name=/121, inputs=[/120], perturbed=True)
  (/input-72): BoundLinear(name=/input-72, inputs=[/121, /81, /82], perturbed=True)
  (/123): BoundRelu(name=/123, inputs=[/input-72], perturbed=True)
  (/124): BoundLinear(name=/124, inputs=[/123, /83, /84], perturbed=True)
)
Original output: tensor([[-10.35513973,  -6.52974367,  -8.74440289, -10.40893841, -11.41565704,
          -7.08112192, -11.27136230,  -8.91505432, -10.91832256,  -8.82691097,
          -6.17098618,  -9.26310062,  -5.75250816,  -5.70134783,  -8.90719032,
         -11.03789139,  -7.35228014,  -9.94370747,  -8.73912048,  -7.90682888,
          -7.12638283, -11.49464417,  -9.28911877,  -9.90266991, -10.22731304,
          -6.32663965,  -7.12309122, -11.18713760,  -7.84028816,  -9.57219028,
         -12.36039448, -12.64003658,  -9.89112663,  -7.70108604, -10.50128078,
         -10.33110809, -10.03185177,  -7.53502226, -12.34669113, -10.08170319,
          -4.92822170,  -6.39307165, -11.20272160, -13.79473305,  -8.25751495,
          -8.84785748,  -8.04228497,  -9.68704605,  -7.68980074,  -8.89963531,
          -9.86928177,  -4.67389393, -13.92701149,  -9.92625332,  -9.63819981,
         -11.06494522, -11.21870422, -10.68251514,  -6.51481724, -11.90172291,
          -8.46692276, -11.15394402,  -5.66988754, -12.10033607, -11.72540092,
          -9.62181950, -11.30232811, -10.65398026,  -9.67397881,  -8.97366714,
          -7.57927370,  -5.30222034,  -9.79045582,  -7.56092119,  -9.70981026,
          -9.57413864, -10.84330750, -10.70555496,  -9.01274490, -10.75910473,
         -13.21065712,  -6.88492632,  -7.49781895,  -8.62260246,  -2.38831782,
         -10.38752937, -11.55855656,  -6.09352112, -12.41820240,  -7.39068508,
          -4.40875721,  -8.16061783,  -6.36924839, -10.59753609,  -9.27339554,
         -13.68795395, -12.06800842, -13.76623344, -10.95549583,  -8.93335056]],
       device='cuda:0')
Split layers:
Nonlinear functions:
   BoundRelu(name=/input-4, inputs=[/input], perturbed=True)
   BoundRelu(name=/input-12, inputs=[/input-8], perturbed=True)
   BoundRelu(name=/input-20, inputs=[/input-16], perturbed=True)
   BoundRelu(name=/input-28, inputs=[/input-24], perturbed=True)
   BoundRelu(name=/input-36, inputs=[/input-32], perturbed=True)
   BoundRelu(name=/input-44, inputs=[/input-40], perturbed=True)
   BoundRelu(name=/input-52, inputs=[/input-48], perturbed=True)
   BoundRelu(name=/input-60, inputs=[/input-56], perturbed=True)
   BoundRelu(name=/input-68, inputs=[/input-64], perturbed=True)
   BoundRelu(name=/123, inputs=[/input-72], perturbed=True)
layer /input-4 using sparse-features alpha with shape [481]; unstable size 481; total size 14400 ([1, 64, 15, 15])
layer /input-4 start_node /input-8 using sparse-spec alpha [2, 94, 1, 481] with unstable size 93 total_size 128 output_shape 128
layer /input-4 start_node /input-16 using sparse-spec alpha [2, 44, 1, 481] with unstable size 43 total_size 128 output_shape 128
layer /input-4 start_node /input-24 using sparse-spec alpha [2, 22, 1, 481] with unstable size 21 total_size 8192 output_shape torch.Size([128, 8, 8])
layer /input-4 start_node /input-40 using sparse-spec alpha [2, 67, 1, 481] with unstable size 66 total_size 2048 output_shape torch.Size([128, 4, 4])
layer /input-4 start_node /input-72 using sparse-spec alpha [2, 19, 1, 481] with unstable size 18 total_size 100 output_shape torch.Size([100])
layer /input-4 start_node /124 using full alpha [2, 99, 1, 481] with unstable size None total_size 99 output_shape 99
layer /input-12 using sparse-features alpha with shape [270]; unstable size 270; total size 8192 ([1, 128, 8, 8])
layer /input-12 start_node /input-16 using sparse-spec alpha [2, 44, 1, 270] with unstable size 43 total_size 128 output_shape 128
layer /input-12 start_node /input-24 using sparse-spec alpha [2, 22, 1, 270] with unstable size 21 total_size 8192 output_shape torch.Size([128, 8, 8])
layer /input-12 start_node /input-40 using sparse-spec alpha [2, 67, 1, 270] with unstable size 66 total_size 2048 output_shape torch.Size([128, 4, 4])
layer /input-12 start_node /input-72 using sparse-spec alpha [2, 19, 1, 270] with unstable size 18 total_size 100 output_shape torch.Size([100])
layer /input-12 start_node /124 using full alpha [2, 99, 1, 270] with unstable size None total_size 99 output_shape 99
layer /input-20 using sparse-features alpha with shape [160]; unstable size 160; total size 8192 ([1, 128, 8, 8])
layer /input-20 start_node /input-24 using sparse-spec alpha [2, 11, 1, 160] with unstable size 10 total_size 128 output_shape 128
layer /input-20 start_node /input-40 using sparse-spec alpha [2, 67, 1, 160] with unstable size 66 total_size 2048 output_shape torch.Size([128, 4, 4])
layer /input-20 start_node /input-72 using sparse-spec alpha [2, 19, 1, 160] with unstable size 18 total_size 100 output_shape torch.Size([100])
layer /input-20 start_node /124 using full alpha [2, 99, 1, 160] with unstable size None total_size 99 output_shape 99
layer /input-28 using sparse-features alpha with shape [21]; unstable size 21; total size 8192 ([1, 128, 8, 8])
layer /input-28 start_node /input-40 using sparse-spec alpha [2, 67, 1, 21] with unstable size 66 total_size 2048 output_shape torch.Size([128, 4, 4])
layer /input-28 start_node /input-72 using sparse-spec alpha [2, 19, 1, 21] with unstable size 18 total_size 100 output_shape torch.Size([100])
layer /input-28 start_node /124 using full alpha [2, 99, 1, 21] with unstable size None total_size 99 output_shape 99
layer /input-36 using sparse-features alpha with shape [0]; unstable size 0; total size 8192 ([1, 128, 8, 8])
layer /input-36 start_node /input-40 using sparse-spec alpha [2, 43, 1, 0] with unstable size 42 total_size 128 output_shape 128
layer /input-36 start_node /input-72 using sparse-spec alpha [2, 19, 1, 0] with unstable size 18 total_size 100 output_shape torch.Size([100])
layer /input-36 start_node /124 using full alpha [2, 99, 1, 0] with unstable size None total_size 99 output_shape 99
layer /input-44 using sparse-features alpha with shape [66]; unstable size 66; total size 2048 ([1, 128, 4, 4])
layer /input-44 start_node /input-72 using sparse-spec alpha [2, 19, 1, 66] with unstable size 18 total_size 100 output_shape torch.Size([100])
layer /input-44 start_node /124 using full alpha [2, 99, 1, 66] with unstable size None total_size 99 output_shape 99
layer /input-52 using sparse-features alpha with shape [0]; unstable size 0; total size 2048 ([1, 128, 4, 4])
layer /input-52 start_node /input-72 using sparse-spec alpha [2, 19, 1, 0] with unstable size 18 total_size 100 output_shape torch.Size([100])
layer /input-52 start_node /124 using full alpha [2, 99, 1, 0] with unstable size None total_size 99 output_shape 99
layer /input-60 using sparse-features alpha with shape [0]; unstable size 0; total size 2048 ([1, 128, 4, 4])
layer /input-60 start_node /input-72 using sparse-spec alpha [2, 19, 1, 0] with unstable size 18 total_size 100 output_shape torch.Size([100])
layer /input-60 start_node /124 using full alpha [2, 99, 1, 0] with unstable size None total_size 99 output_shape 99
layer /input-68 using sparse-features alpha with shape [0]; unstable size 0; total size 2048 ([1, 128, 4, 4])
layer /input-68 start_node /input-72 using sparse-spec alpha [2, 19, 1, 0] with unstable size 18 total_size 100 output_shape torch.Size([100])
layer /input-68 start_node /124 using full alpha [2, 99, 1, 0] with unstable size None total_size 99 output_shape 99
layer /123 using sparse-features alpha with shape [18]; unstable size 18; total size 100 ([1, 100])
layer /123 start_node /124 using full alpha [2, 99, 1, 18] with unstable size None total_size 99 output_shape 99
Optimizable variables initialized.
initial CROWN bounds: tensor([[ 5.50560808,  1.85327435,  4.41999531,  5.68675041,  6.64959145,
          3.17518616,  6.83129025,  4.21272135,  6.54081392,  4.49690628,
          1.97379899,  4.83442688,  1.41188192,  1.23078537,  4.59056759,
          6.48731613,  3.00146627,  5.96445179,  4.24168348,  3.84576130,
          3.13040543,  6.54368162,  4.96658421,  5.20996189,  5.39619637,
          2.10226965,  2.50411010,  6.31891489,  3.55079460,  5.36552429,
          7.82872915,  8.30714130,  5.24695826,  3.36809826,  5.90758705,
          5.91226864,  5.76801682,  3.59260583,  7.93055582,  5.45825195,
          0.79527211,  1.82214427,  7.15089035,  9.02068520,  3.66934776,
          4.43126488,  3.66844821,  5.04173279,  2.91869259,  4.20420694,
          5.74257946,  0.25469780,  9.18855286,  5.20746326,  5.64199209,
          6.41845989,  6.55255365,  5.99480724,  1.68261719,  7.55515003,
          4.20906115,  6.51637316,  1.22876787,  7.35035181,  7.20721245,
          5.55507517,  6.52861118,  6.04599762,  4.89192200,  4.33102751,
          3.28144336,  0.88368130,  5.27997494,  3.10292339,  5.14111042,
          4.92900515,  6.56602287,  6.03995466,  4.39086914,  6.13345480,
          8.86334515,  2.06095552,  2.93528581,  4.21441460,  5.92616367,
          6.85189819,  1.98001015,  7.67262888,  2.80568910, -0.58971882,
          3.46123505,  2.16858149,  6.08957148,  5.04958248,  9.19284725,
          7.44903851,  9.44723034,  6.54120731,  4.16561317]], device='cuda:0') None
prune_after_crown optimization in use: original label size = 99 pruned label size = 1
best_l after optimization: -0.39339113235473633
alpha/beta optimization time: 2.174846649169922
initial alpha-crown bounds: tensor([[        inf,         inf,         inf,         inf,         inf,
                 inf,         inf,         inf,         inf,         inf,
                 inf,         inf,         inf,         inf,         inf,
                 inf,         inf,         inf,         inf,         inf,
                 inf,         inf,         inf,         inf,         inf,
                 inf,         inf,         inf,         inf,         inf,
                 inf,         inf,         inf,         inf,         inf,
                 inf,         inf,         inf,         inf,         inf,
                 inf,         inf,         inf,         inf,         inf,
                 inf,         inf,         inf,         inf,         inf,
                 inf,         inf,         inf,         inf,         inf,
                 inf,         inf,         inf,         inf,         inf,
                 inf,         inf,         inf,         inf,         inf,
                 inf,         inf,         inf,         inf,         inf,
                 inf,         inf,         inf,         inf,         inf,
                 inf,         inf,         inf,         inf,         inf,
                 inf,         inf,         inf,         inf,         inf,
                 inf,         inf,         inf,         inf, -0.39339113,
                 inf,         inf,         inf,         inf,         inf,
                 inf,         inf,         inf,         inf]], device='cuda:0')
Number of class (without rhs): 1 ; Worst class: (+ rhs) -0.39339113235473633
Total VNNLIB file length: 99, max property batch size: 100, total number of batches: 1
lA shape: [torch.Size([99, 1, 64, 15, 15]), torch.Size([99, 1, 128, 8, 8]), torch.Size([99, 1, 128, 8, 8]), torch.Size([99, 1, 128, 8, 8]), torch.Size([99, 1, 128, 8, 8]), torch.Size([99, 1, 128, 4, 4]), torch.Size([99, 1, 128, 4, 4]), torch.Size([99, 1, 128, 4, 4]), torch.Size([99, 1, 128, 4, 4]), torch.Size([99, 1, 100])]

Properties batch 0, size 99
Remaining timeout: 96.62720251083374
Verifying property 0 with 99 instances.
##### Instance 0 first 10 spec matrices: 
tensor([[[-1.,  0.,  0.,  0.,  0.,  0.,  0.,  0.,  0.,  0.,  0.,  0.,  0.,  0.,
           0.,  0.,  0.,  0.,  0.,  0.,  0.,  0.,  0.,  0.,  0.,  0.,  0.,  0.,
           0.,  0.,  0.,  0.,  0.,  0.,  0.,  0.,  0.,  0.,  0.,  0.,  0.,  0.,
           0.,  0.,  0.,  0.,  0.,  0.,  0.,  0.,  0.,  0.,  0.,  0.,  0.,  0.,
           0.,  0.,  0.,  0.,  0.,  0.,  0.,  0.,  0.,  0.,  0.,  0.,  0.,  0.,
           0.,  0.,  0.,  0.,  0.,  0.,  0.,  0.,  0.,  0.,  0.,  0.,  0.,  0.,
           1.,  0.,  0.,  0.,  0.,  0.,  0.,  0.,  0.,  0.,  0.,  0.,  0.,  0.,
           0.,  0.]],

        [[ 0., -1.,  0.,  0.,  0.,  0.,  0.,  0.,  0.,  0.,  0.,  0.,  0.,  0.,
           0.,  0.,  0.,  0.,  0.,  0.,  0.,  0.,  0.,  0.,  0.,  0.,  0.,  0.,
           0.,  0.,  0.,  0.,  0.,  0.,  0.,  0.,  0.,  0.,  0.,  0.,  0.,  0.,
           0.,  0.,  0.,  0.,  0.,  0.,  0.,  0.,  0.,  0.,  0.,  0.,  0.,  0.,
           0.,  0.,  0.,  0.,  0.,  0.,  0.,  0.,  0.,  0.,  0.,  0.,  0.,  0.,
           0.,  0.,  0.,  0.,  0.,  0.,  0.,  0.,  0.,  0.,  0.,  0.,  0.,  0.,
           1.,  0.,  0.,  0.,  0.,  0.,  0.,  0.,  0.,  0.,  0.,  0.,  0.,  0.,
           0.,  0.]],

        [[ 0.,  0., -1.,  0.,  0.,  0.,  0.,  0.,  0.,  0.,  0.,  0.,  0.,  0.,
           0.,  0.,  0.,  0.,  0.,  0.,  0.,  0.,  0.,  0.,  0.,  0.,  0.,  0.,
           0.,  0.,  0.,  0.,  0.,  0.,  0.,  0.,  0.,  0.,  0.,  0.,  0.,  0.,
           0.,  0.,  0.,  0.,  0.,  0.,  0.,  0.,  0.,  0.,  0.,  0.,  0.,  0.,
           0.,  0.,  0.,  0.,  0.,  0.,  0.,  0.,  0.,  0.,  0.,  0.,  0.,  0.,
           0.,  0.,  0.,  0.,  0.,  0.,  0.,  0.,  0.,  0.,  0.,  0.,  0.,  0.,
           1.,  0.,  0.,  0.,  0.,  0.,  0.,  0.,  0.,  0.,  0.,  0.,  0.,  0.,
           0.,  0.]],

        [[ 0.,  0.,  0., -1.,  0.,  0.,  0.,  0.,  0.,  0.,  0.,  0.,  0.,  0.,
           0.,  0.,  0.,  0.,  0.,  0.,  0.,  0.,  0.,  0.,  0.,  0.,  0.,  0.,
           0.,  0.,  0.,  0.,  0.,  0.,  0.,  0.,  0.,  0.,  0.,  0.,  0.,  0.,
           0.,  0.,  0.,  0.,  0.,  0.,  0.,  0.,  0.,  0.,  0.,  0.,  0.,  0.,
           0.,  0.,  0.,  0.,  0.,  0.,  0.,  0.,  0.,  0.,  0.,  0.,  0.,  0.,
           0.,  0.,  0.,  0.,  0.,  0.,  0.,  0.,  0.,  0.,  0.,  0.,  0.,  0.,
           1.,  0.,  0.,  0.,  0.,  0.,  0.,  0.,  0.,  0.,  0.,  0.,  0.,  0.,
           0.,  0.]],

        [[ 0.,  0.,  0.,  0., -1.,  0.,  0.,  0.,  0.,  0.,  0.,  0.,  0.,  0.,
           0.,  0.,  0.,  0.,  0.,  0.,  0.,  0.,  0.,  0.,  0.,  0.,  0.,  0.,
           0.,  0.,  0.,  0.,  0.,  0.,  0.,  0.,  0.,  0.,  0.,  0.,  0.,  0.,
           0.,  0.,  0.,  0.,  0.,  0.,  0.,  0.,  0.,  0.,  0.,  0.,  0.,  0.,
           0.,  0.,  0.,  0.,  0.,  0.,  0.,  0.,  0.,  0.,  0.,  0.,  0.,  0.,
           0.,  0.,  0.,  0.,  0.,  0.,  0.,  0.,  0.,  0.,  0.,  0.,  0.,  0.,
           1.,  0.,  0.,  0.,  0.,  0.,  0.,  0.,  0.,  0.,  0.,  0.,  0.,  0.,
           0.,  0.]],

        [[ 0.,  0.,  0.,  0.,  0., -1.,  0.,  0.,  0.,  0.,  0.,  0.,  0.,  0.,
           0.,  0.,  0.,  0.,  0.,  0.,  0.,  0.,  0.,  0.,  0.,  0.,  0.,  0.,
           0.,  0.,  0.,  0.,  0.,  0.,  0.,  0.,  0.,  0.,  0.,  0.,  0.,  0.,
           0.,  0.,  0.,  0.,  0.,  0.,  0.,  0.,  0.,  0.,  0.,  0.,  0.,  0.,
           0.,  0.,  0.,  0.,  0.,  0.,  0.,  0.,  0.,  0.,  0.,  0.,  0.,  0.,
           0.,  0.,  0.,  0.,  0.,  0.,  0.,  0.,  0.,  0.,  0.,  0.,  0.,  0.,
           1.,  0.,  0.,  0.,  0.,  0.,  0.,  0.,  0.,  0.,  0.,  0.,  0.,  0.,
           0.,  0.]],

        [[ 0.,  0.,  0.,  0.,  0.,  0., -1.,  0.,  0.,  0.,  0.,  0.,  0.,  0.,
           0.,  0.,  0.,  0.,  0.,  0.,  0.,  0.,  0.,  0.,  0.,  0.,  0.,  0.,
           0.,  0.,  0.,  0.,  0.,  0.,  0.,  0.,  0.,  0.,  0.,  0.,  0.,  0.,
           0.,  0.,  0.,  0.,  0.,  0.,  0.,  0.,  0.,  0.,  0.,  0.,  0.,  0.,
           0.,  0.,  0.,  0.,  0.,  0.,  0.,  0.,  0.,  0.,  0.,  0.,  0.,  0.,
           0.,  0.,  0.,  0.,  0.,  0.,  0.,  0.,  0.,  0.,  0.,  0.,  0.,  0.,
           1.,  0.,  0.,  0.,  0.,  0.,  0.,  0.,  0.,  0.,  0.,  0.,  0.,  0.,
           0.,  0.]],

        [[ 0.,  0.,  0.,  0.,  0.,  0.,  0., -1.,  0.,  0.,  0.,  0.,  0.,  0.,
           0.,  0.,  0.,  0.,  0.,  0.,  0.,  0.,  0.,  0.,  0.,  0.,  0.,  0.,
           0.,  0.,  0.,  0.,  0.,  0.,  0.,  0.,  0.,  0.,  0.,  0.,  0.,  0.,
           0.,  0.,  0.,  0.,  0.,  0.,  0.,  0.,  0.,  0.,  0.,  0.,  0.,  0.,
           0.,  0.,  0.,  0.,  0.,  0.,  0.,  0.,  0.,  0.,  0.,  0.,  0.,  0.,
           0.,  0.,  0.,  0.,  0.,  0.,  0.,  0.,  0.,  0.,  0.,  0.,  0.,  0.,
           1.,  0.,  0.,  0.,  0.,  0.,  0.,  0.,  0.,  0.,  0.,  0.,  0.,  0.,
           0.,  0.]],

        [[ 0.,  0.,  0.,  0.,  0.,  0.,  0.,  0., -1.,  0.,  0.,  0.,  0.,  0.,
           0.,  0.,  0.,  0.,  0.,  0.,  0.,  0.,  0.,  0.,  0.,  0.,  0.,  0.,
           0.,  0.,  0.,  0.,  0.,  0.,  0.,  0.,  0.,  0.,  0.,  0.,  0.,  0.,
           0.,  0.,  0.,  0.,  0.,  0.,  0.,  0.,  0.,  0.,  0.,  0.,  0.,  0.,
           0.,  0.,  0.,  0.,  0.,  0.,  0.,  0.,  0.,  0.,  0.,  0.,  0.,  0.,
           0.,  0.,  0.,  0.,  0.,  0.,  0.,  0.,  0.,  0.,  0.,  0.,  0.,  0.,
           1.,  0.,  0.,  0.,  0.,  0.,  0.,  0.,  0.,  0.,  0.,  0.,  0.,  0.,
           0.,  0.]],

        [[ 0.,  0.,  0.,  0.,  0.,  0.,  0.,  0.,  0., -1.,  0.,  0.,  0.,  0.,
           0.,  0.,  0.,  0.,  0.,  0.,  0.,  0.,  0.,  0.,  0.,  0.,  0.,  0.,
           0.,  0.,  0.,  0.,  0.,  0.,  0.,  0.,  0.,  0.,  0.,  0.,  0.,  0.,
           0.,  0.,  0.,  0.,  0.,  0.,  0.,  0.,  0.,  0.,  0.,  0.,  0.,  0.,
           0.,  0.,  0.,  0.,  0.,  0.,  0.,  0.,  0.,  0.,  0.,  0.,  0.,  0.,
           0.,  0.,  0.,  0.,  0.,  0.,  0.,  0.,  0.,  0.,  0.,  0.,  0.,  0.,
           1.,  0.,  0.,  0.,  0.,  0.,  0.,  0.,  0.,  0.,  0.,  0.,  0.,  0.,
           0.,  0.]]], dtype=torch.float64)
thresholds: tensor([0., 0., 0., 0., 0., 0., 0., 0., 0., 0.], device='cuda:0') ######
Initial alpha-CROWN verified for spec index tensor([ 0,  1,  2,  3,  4,  5,  6,  7,  8,  9, 10, 11, 12, 13, 14, 15, 16, 17,
        18, 19, 20, 21, 22, 23, 24, 25, 26, 27, 28, 29, 30, 31, 32, 33, 34, 35,
        36, 37, 38, 39, 40, 41, 42, 43, 44, 45, 46, 47, 48, 49, 50, 51, 52, 53,
        54, 55, 56, 57, 58, 59, 60, 61, 62, 63, 64, 65, 66, 67, 68, 69, 70, 71,
        72, 73, 74, 75, 76, 77, 78, 79, 80, 81, 82, 83, 84, 85, 86, 87, 88, 90,
        91, 92, 93, 94, 95, 96, 97, 98], device='cuda:0') with bound tensor([inf, inf, inf, inf, inf, inf, inf, inf, inf, inf, inf, inf, inf, inf, inf, inf, inf, inf, inf, inf, inf, inf, inf, inf,
        inf, inf, inf, inf, inf, inf, inf, inf, inf, inf, inf, inf, inf, inf, inf, inf, inf, inf, inf, inf, inf, inf, inf, inf,
        inf, inf, inf, inf, inf, inf, inf, inf, inf, inf, inf, inf, inf, inf, inf, inf, inf, inf, inf, inf, inf, inf, inf, inf,
        inf, inf, inf, inf, inf, inf, inf, inf, inf, inf, inf, inf, inf, inf, inf, inf, inf, inf, inf, inf, inf, inf, inf, inf,
        inf, inf], device='cuda:0').
Remaining spec index tensor([89], device='cuda:0') with bounds tensor([[-0.39339113]], device='cuda:0') need to verify.
Model prediction is: tensor([-10.35513973,  -6.52974367,  -8.74440289, -10.40893841, -11.41565704,
         -7.08112192, -11.27136230,  -8.91505432, -10.91832256,  -8.82691097,
         -6.17098618,  -9.26310062,  -5.75250816,  -5.70134783,  -8.90719032,
        -11.03789139,  -7.35228014,  -9.94370747,  -8.73912048,  -7.90682888,
         -7.12638283, -11.49464417,  -9.28911877,  -9.90266991, -10.22731304,
         -6.32663965,  -7.12309122, -11.18713760,  -7.84028816,  -9.57219028,
        -12.36039448, -12.64003658,  -9.89112663,  -7.70108604, -10.50128078,
        -10.33110809, -10.03185177,  -7.53502226, -12.34669113, -10.08170319,
         -4.92822170,  -6.39307165, -11.20272160, -13.79473305,  -8.25751495,
         -8.84785748,  -8.04228497,  -9.68704605,  -7.68980074,  -8.89963531,
         -9.86928177,  -4.67389393, -13.92701149,  -9.92625332,  -9.63819981,
        -11.06494522, -11.21870422, -10.68251514,  -6.51481724, -11.90172291,
         -8.46692276, -11.15394402,  -5.66988754, -12.10033607, -11.72540092,
         -9.62181950, -11.30232811, -10.65398026,  -9.67397881,  -8.97366714,
         -7.57927370,  -5.30222034,  -9.79045582,  -7.56092119,  -9.70981026,
         -9.57413864, -10.84330750, -10.70555496,  -9.01274490, -10.75910473,
        -13.21065712,  -6.88492632,  -7.49781895,  -8.62260246,  -2.38831782,
        -10.38752937, -11.55855656,  -6.09352112, -12.41820240,  -7.39068508,
         -4.40875721,  -8.16061783,  -6.36924839, -10.59753609,  -9.27339554,
        -13.68795395, -12.06800842, -13.76623344, -10.95549583,  -8.93335056],
       device='cuda:0')
build_with_refined_bounds batch [1/1]
setting alpha for layer /input-4 start_node /124 with alignment adjustment
setting alpha for layer /input-12 start_node /124 with alignment adjustment
setting alpha for layer /input-20 start_node /124 with alignment adjustment
setting alpha for layer /input-28 start_node /124 with alignment adjustment
setting alpha for layer /input-36 start_node /124 with alignment adjustment
setting alpha for layer /input-44 start_node /124 with alignment adjustment
setting alpha for layer /input-52 start_node /124 with alignment adjustment
setting alpha for layer /input-60 start_node /124 with alignment adjustment
setting alpha for layer /input-68 start_node /124 with alignment adjustment
setting alpha for layer /123 start_node /124 with alignment adjustment
all alpha initialized
directly get lb and ub from refined bounds
c shape: torch.Size([1, 1, 100])
lA shapes: [torch.Size([1, 1, 64, 15, 15]), torch.Size([1, 1, 128, 8, 8]), torch.Size([1, 1, 128, 8, 8]), torch.Size([1, 1, 128, 8, 8]), torch.Size([1, 1, 128, 8, 8]), torch.Size([1, 1, 128, 4, 4]), torch.Size([1, 1, 128, 4, 4]), torch.Size([1, 1, 128, 4, 4]), torch.Size([1, 1, 128, 4, 4]), torch.Size([1, 1, 100])]
(alpha-)CROWN with fixed intermediate bounds: tensor([[-0.39339113]], device='cuda:0') tensor([[inf]], device='cuda:0')
Intermediate layers: /input,/input-8,/input-16,/input-24,/input-32,/input-40,/input-48,/input-56,/input-64,/input-72,/124
Keeping alphas for these layers: ['/124']
Keeping alphas for these layers: ['/124']
Node /input-4 input 0: size torch.Size([64, 15, 15]) unstable 481
Node /input-12 input 0: size torch.Size([128, 8, 8]) unstable 266
Node /input-20 input 0: size torch.Size([128, 8, 8]) unstable 151
Node /input-28 input 0: size torch.Size([128, 8, 8]) unstable 21
Node /input-36 input 0: size torch.Size([128, 8, 8]) unstable 0
Node /input-44 input 0: size torch.Size([128, 4, 4]) unstable 61
Node /input-52 input 0: size torch.Size([128, 4, 4]) unstable 0
Node /input-60 input 0: size torch.Size([128, 4, 4]) unstable 0
Node /input-68 input 0: size torch.Size([128, 4, 4]) unstable 0
Node /123 input 0: size torch.Size([100]) unstable 17
-----------------
# of unstable neurons: 997
-----------------

BaB round 1
batch: 1
splitting decisions: 
split level 0: [/input-40, 426] 
split level 1: [/input-72, 75] 
split level 2: [/input-40, 427] 
split level 3: [/input-72, 73] 
pruning_in_iteration open status: True
ratio of positive domain = 7 / 16 = 0.4375
pruning-in-iteration extra time: 0.002504587173461914
Time: prepare 0.0005    bound 0.1845    transfer 0.0020    finalize 0.0004    func 0.1873    
Accumulated time: func 0.1873    prepare 0.0009    bound 0.1845    transfer 0.0020    finalize 0.0004    
Current worst splitting domains lb-rhs (depth):
-0.20101 (4), -0.18987 (4), -0.08552 (4), -0.07511 (4), -0.07445 (4), -0.05346 (4), -0.05320 (4), -0.04310 (4), -0.00306 (4), 
Length of domains: 9
Time: pickout 0.0007    decision 0.0818    set_bounds 0.0012    solve 0.1874    add 0.0011    
Accumulated time: pickout 0.0007    decision 0.0818    set_bounds 0.0012    solve 0.1874    add 0.0011    
Current (lb-rhs): -0.20100784301757812
9 domains visited
Cumulative time: 0.48401474952697754

BaB round 2
batch: 9
splitting decisions: 
split level 0: [/input-40, 186] [/input-40, 186] [/input-40, 186] [/input-40, 186] [/input-40, 186] [/input-40, 186] [/input-40, 186] [/input-40, 186] [/input-40, 186] 
pruning_in_iteration open status: True
ratio of positive domain = 9 / 18 = 0.5
pruning-in-iteration extra time: 0.0034368038177490234
Time: prepare 0.0008    bound 0.1596    transfer 0.0011    finalize 0.0003    func 0.1618    
Accumulated time: func 0.3491    prepare 0.0020    bound 0.3441    transfer 0.0030    finalize 0.0007    
Current worst splitting domains lb-rhs (depth):
-0.20030 (5), -0.18915 (5), -0.08336 (5), -0.07258 (5), -0.07182 (5), -0.05117 (5), -0.04620 (5), -0.03511 (5), -0.00886 (5), 
Length of domains: 9
Time: pickout 0.0009    decision 0.0506    set_bounds 0.0009    solve 0.1618    add 0.0010    
Accumulated time: pickout 0.0016    decision 0.1324    set_bounds 0.0021    solve 0.3492    add 0.0022    
Current (lb-rhs): -0.20029640197753906
18 domains visited
Cumulative time: 0.6995260715484619

BaB round 3
batch: 9
splitting decisions: 
split level 0: [/input-40, 430] [/input-40, 430] [/input-40, 430] [/input-40, 430] [/input-40, 430] [/input-40, 430] [/input-40, 430] [/input-40, 430] [/input-16, 3813] 
pruning_in_iteration open status: True
ratio of positive domain = 8 / 18 = 0.4444444444444444
pruning-in-iteration extra time: 0.003014802932739258
Time: prepare 0.0008    bound 0.1478    transfer 0.0008    finalize 0.0003    func 0.1497    
Accumulated time: func 0.4988    prepare 0.0032    bound 0.4919    transfer 0.0038    finalize 0.0010    
Current worst splitting domains lb-rhs (depth):
-0.18918 (6), -0.17815 (6), -0.09081 (6), -0.08157 (6), -0.07407 (6), -0.06286 (6), -0.05991 (6), -0.03893 (6), -0.03374 (6), -0.02369 (6), 
Length of domains: 10
Time: pickout 0.0008    decision 0.0493    set_bounds 0.0009    solve 0.1497    add 0.0010    
Accumulated time: pickout 0.0025    decision 0.1817    set_bounds 0.0030    solve 0.4989    add 0.0031    
Current (lb-rhs): -0.18918132781982422
28 domains visited
Cumulative time: 0.9015622138977051

BaB round 4
batch: 10
splitting decisions: 
split level 0: [/input-16, 3813] [/input-72, 31] [/input-16, 3813] [/input-16, 3813] [/input-16, 3813] [/input-72, 31] [/input-16, 3813] [/input-16, 3813] [/input-16, 3813] [/input-16, 3813] 
pruning_in_iteration open status: True
ratio of positive domain = 8 / 20 = 0.4
pruning-in-iteration extra time: 0.0027971267700195312
Time: prepare 0.0010    bound 0.1469    transfer 0.0018    finalize 0.0012    func 0.1510    
Accumulated time: func 0.6498    prepare 0.0045    bound 0.6388    transfer 0.0056    finalize 0.0022    
Current worst splitting domains lb-rhs (depth):
-0.17657 (7), -0.16528 (7), -0.06856 (7), -0.06211 (7), -0.05685 (7), -0.05664 (7), -0.05063 (7), -0.04656 (7), -0.04151 (7), -0.02076 (7), -0.01909 (7), -0.00878 (7), 
Length of domains: 12
Time: pickout 0.0009    decision 0.0488    set_bounds 0.0008    solve 0.1510    add 0.0013    
Accumulated time: pickout 0.0034    decision 0.2305    set_bounds 0.0038    solve 0.6499    add 0.0045    
Current (lb-rhs): -0.1765732765197754
40 domains visited
Cumulative time: 1.104710340499878

BaB round 5
batch: 12
splitting decisions: 
split level 0: [/input-16, 1492] [/input-16, 1492] [/input-16, 1492] [/input-16, 1492] [/input-16, 1492] [/input-16, 1492] [/input-16, 1492] [/input-16, 1492] [/input-16, 1492] [/input-16, 1492] 
pruning_in_iteration open status: True
ratio of positive domain = 11 / 24 = 0.45833333333333337
pruning-in-iteration extra time: 0.002707958221435547
Time: prepare 0.0010    bound 0.1494    transfer 0.0012    finalize 0.0004    func 0.1521    
Accumulated time: func 0.8019    prepare 0.0059    bound 0.7882    transfer 0.0069    finalize 0.0026    
Current worst splitting domains lb-rhs (depth):
-0.17447 (8), -0.16321 (8), -0.06071 (8), -0.05977 (8), -0.04980 (8), -0.04834 (8), -0.04517 (8), -0.03954 (8), -0.03421 (8), -0.01875 (8), -0.01673 (8), -0.00991 (8), -0.00655 (8), 
Length of domains: 13
Time: pickout 0.0009    decision 0.0511    set_bounds 0.0012    solve 0.1521    add 0.0013    
Accumulated time: pickout 0.0043    decision 0.2816    set_bounds 0.0051    solve 0.8020    add 0.0058    
Current (lb-rhs): -0.17447233200073242
53 domains visited
Cumulative time: 1.3116405010223389

BaB round 6
batch: 13
splitting decisions: 
split level 0: [/input-16, 315] [/input-72, 31] [/input-16, 315] [/input-72, 31] [/input-72, 31] [/input-72, 31] [/input-72, 31] [/input-72, 31] [/input-72, 31] [/input-72, 31] 
pruning_in_iteration open status: True
ratio of positive domain = 14 / 26 = 0.5384615384615384
pruning-in-iteration extra time: 0.0030112266540527344
Time: prepare 0.0011    bound 0.1456    transfer 0.0010    finalize 0.0004    func 0.1480    
Accumulated time: func 0.9499    prepare 0.0073    bound 0.9338    transfer 0.0078    finalize 0.0030    
Current worst splitting domains lb-rhs (depth):
-0.15731 (9), -0.14616 (9), -0.04386 (9), -0.04048 (9), -0.03257 (9), -0.02927 (9), -0.02491 (9), -0.02402 (9), -0.01368 (9), -0.01363 (9), -0.00320 (9), -0.00239 (9), 
Length of domains: 12
Time: pickout 0.0010    decision 0.0505    set_bounds 0.0011    solve 0.1481    add 0.0013    
Accumulated time: pickout 0.0053    decision 0.3321    set_bounds 0.0061    solve 0.9501    add 0.0071    
Current (lb-rhs): -0.15731382369995117
65 domains visited
Cumulative time: 1.513824224472046

BaB round 7
batch: 12
splitting decisions: 
split level 0: [/input-40, 1301] [/input-16, 4843] [/input-40, 1301] [/input-72, 50] [/input-16, 4843] [/input-16, 4843] [/input-16, 4843] [/input-72, 50] [/input-16, 4843] [/input-16, 4843] 
pruning_in_iteration open status: True
ratio of positive domain = 15 / 24 = 0.625
pruning-in-iteration extra time: 0.003139495849609375
Time: prepare 0.0010    bound 0.1425    transfer 0.0009    finalize 0.0004    func 0.1449    
Accumulated time: func 1.0948    prepare 0.0087    bound 1.0763    transfer 0.0087    finalize 0.0034    
Current worst splitting domains lb-rhs (depth):
-0.14610 (10), -0.14459 (10), -0.04044 (10), -0.03252 (10), -0.03102 (10), -0.02922 (10), -0.02480 (10), -0.01332 (10), -0.00843 (10), 
Length of domains: 9
Time: pickout 0.0009    decision 0.0485    set_bounds 0.0011    solve 0.1449    add 0.0008    
Accumulated time: pickout 0.0062    decision 0.3806    set_bounds 0.0072    solve 1.0950    add 0.0079    
Current (lb-rhs): -0.14609622955322266
74 domains visited
Cumulative time: 1.7103159427642822

BaB round 8
batch: 9
splitting decisions: 
split level 0: [/input-72, 50] [/input-72, 50] [/input-72, 50] [/input-72, 50] [/input-72, 50] [/input-72, 50] [/input-72, 50] [/input-16, 309] [/input-16, 309] 
pruning_in_iteration open status: True
ratio of positive domain = 9 / 18 = 0.5
pruning-in-iteration extra time: 0.003126382827758789
Time: prepare 0.0009    bound 0.1453    transfer 0.0007    finalize 0.0003    func 0.1472    
Accumulated time: func 1.2420    prepare 0.0099    bound 1.2216    transfer 0.0094    finalize 0.0037    
Current worst splitting domains lb-rhs (depth):
-0.13796 (11), -0.13353 (11), -0.06460 (11), -0.02775 (11), -0.02242 (11), -0.01957 (11), -0.01665 (11), -0.01215 (11), -0.00040 (11), 
Length of domains: 9
Time: pickout 0.0009    decision 0.0481    set_bounds 0.0009    solve 0.1472    add 0.0008    
Accumulated time: pickout 0.0071    decision 0.4286    set_bounds 0.0082    solve 1.2422    add 0.0087    
Current (lb-rhs): -0.13795709609985352
83 domains visited
Cumulative time: 1.9084875583648682

BaB round 9
batch: 9
splitting decisions: 
split level 0: [/input-16, 315] [/input-16, 315] [/input-16, 309] [/input-16, 309] [/input-16, 309] [/input-16, 309] [/input-16, 309] [/input-16, 309] [/input-16, 315] 
pruning_in_iteration open status: True
ratio of positive domain = 8 / 18 = 0.4444444444444444
pruning-in-iteration extra time: 0.0030965805053710938
Time: prepare 0.0008    bound 0.1376    transfer 0.0008    finalize 0.0003    func 0.1396    
Accumulated time: func 1.3816    prepare 0.0111    bound 1.3592    transfer 0.0102    finalize 0.0041    
Current worst splitting domains lb-rhs (depth):
-0.12660 (12), -0.12527 (12), -0.09951 (12), -0.05312 (12), -0.02069 (12), -0.02057 (12), -0.01084 (12), -0.01032 (12), -0.00919 (12), -0.00620 (12), 
Length of domains: 10
Time: pickout 0.0009    decision 0.0482    set_bounds 0.0009    solve 0.1396    add 0.0009    
Accumulated time: pickout 0.0080    decision 0.4768    set_bounds 0.0091    solve 1.3819    add 0.0096    
Current (lb-rhs): -0.1266002655029297
93 domains visited
Cumulative time: 2.099135398864746

BaB round 10
batch: 10
splitting decisions: 
split level 0: [/input-40, 165] [/input-40, 165] [/input-16, 315] [/input-16, 315] [/input-16, 315] [/input-16, 315] [/input-16, 315] [/input-40, 165] [/input-40, 165] [/input-16, 315] 
pruning_in_iteration open status: True
ratio of positive domain = 13 / 20 = 0.65
pruning-in-iteration extra time: 0.003054380416870117
Time: prepare 0.0009    bound 0.1364    transfer 0.0009    finalize 0.0003    func 0.1385    
Accumulated time: func 1.5201    prepare 0.0123    bound 1.4956    transfer 0.0111    finalize 0.0044    
Current worst splitting domains lb-rhs (depth):
-0.11704 (13), -0.11341 (13), -0.09039 (13), -0.08976 (13), -0.01048 (13), -0.00996 (13), -0.00218 (13), 
Length of domains: 7
Time: pickout 0.0009    decision 0.0480    set_bounds 0.0010    solve 0.1385    add 0.0008    
Accumulated time: pickout 0.0089    decision 0.5248    set_bounds 0.0100    solve 1.5204    add 0.0104    
Current (lb-rhs): -0.11703729629516602
100 domains visited
Cumulative time: 2.2885513305664062

BaB round 11
batch: 7
splitting decisions: 
split level 0: [/input-16, 3379] [/input-40, 165] [/input-40, 165] [/input-16, 3379] [/input-16, 3379] [/input-40, 165] [/input-16, 4843] 
pruning_in_iteration open status: True
ratio of positive domain = 9 / 14 = 0.6428571428571428
pruning-in-iteration extra time: 0.003123760223388672
Time: prepare 0.0007    bound 0.1421    transfer 0.0007    finalize 0.0003    func 0.1439    
Accumulated time: func 1.6639    prepare 0.0134    bound 1.6377    transfer 0.0118    finalize 0.0047    
Current worst splitting domains lb-rhs (depth):
-0.11304 (14), -0.10967 (14), -0.09007 (14), -0.08071 (14), -0.00192 (14), 
Length of domains: 5
Time: pickout 0.0009    decision 0.0517    set_bounds 0.0009    solve 0.1439    add 0.0006    
Accumulated time: pickout 0.0098    decision 0.5765    set_bounds 0.0109    solve 1.6643    add 0.0110    
Current (lb-rhs): -0.1130375862121582
105 domains visited
Cumulative time: 2.4867477416992188

BaB round 12
batch: 5
splitting decisions: 
split level 0: [/input-40, 165] [/input-40, 423] [/input-16, 3379] [/input-16, 3379] [/input-16, 3379] 
split level 1: [/input-40, 423] [/input-16, 3243] [/input-40, 423] [/input-40, 423] [/input-40, 423] 
pruning_in_iteration open status: True
ratio of positive domain = 10 / 20 = 0.5
pruning-in-iteration extra time: 0.002789020538330078
Time: prepare 0.0009    bound 0.1309    transfer 0.0008    finalize 0.0003    func 0.1329    
Accumulated time: func 1.7969    prepare 0.0147    bound 1.7686    transfer 0.0125    finalize 0.0050    
Current worst splitting domains lb-rhs (depth):
-0.07610 (16), -0.07607 (16), -0.06818 (16), -0.06747 (16), -0.05937 (16), -0.05875 (16), -0.05728 (16), -0.05692 (16), -0.05055 (16), -0.05055 (16), 
Length of domains: 10
Time: pickout 0.0008    decision 0.0477    set_bounds 0.0013    solve 0.1330    add 0.0009    
Accumulated time: pickout 0.0106    decision 0.6241    set_bounds 0.0122    solve 1.7973    add 0.0119    
Current (lb-rhs): -0.07609915733337402
115 domains visited
Cumulative time: 2.6705477237701416

BaB round 13
batch: 10
splitting decisions: 
split level 0: [/input-16, 5538] [/input-16, 5538] [/input-16, 5538] [/input-40, 1689] [/input-16, 5538] [/input-16, 5538] [/input-16, 5538] [/input-16, 5538] [/input-40, 1689] [/input-16, 5538] 
pruning_in_iteration open status: True
ratio of positive domain = 10 / 20 = 0.5
pruning-in-iteration extra time: 0.0017726421356201172
Time: prepare 0.0009    bound 0.1309    transfer 0.0009    finalize 0.0004    func 0.1331    
Accumulated time: func 1.9300    prepare 0.0160    bound 1.8995    transfer 0.0134    finalize 0.0054    
Current worst splitting domains lb-rhs (depth):
-0.06710 (17), -0.06705 (17), -0.05898 (17), -0.05833 (17), -0.05521 (17), -0.05459 (17), -0.04811 (17), -0.04779 (17), -0.04157 (17), -0.04129 (17), 
Length of domains: 10
Time: pickout 0.0009    decision 0.0507    set_bounds 0.0010    solve 0.1332    add 0.0009    
Accumulated time: pickout 0.0115    decision 0.6748    set_bounds 0.0132    solve 1.9304    add 0.0128    
Current (lb-rhs): -0.06710004806518555
125 domains visited
Cumulative time: 2.857510566711426

BaB round 14
batch: 10
splitting decisions: 
split level 0: [/input-16, 3243] [/input-40, 1301] [/input-40, 1301] [/input-16, 3243] [/input-16, 3243] [/input-16, 3243] [/input-40, 1301] [/input-40, 1301] [/input-16, 3243] [/input-16, 3243] 
pruning_in_iteration open status: False
ratio of positive domain = 4 / 20 = 0.19999999999999996
pruning-in-iteration extra time: 0.00017976760864257812
Time: prepare 0.0010    bound 0.1370    transfer 0.0007    finalize 0.0004    func 0.1391    
Accumulated time: func 2.0691    prepare 0.0174    bound 2.0366    transfer 0.0142    finalize 0.0058    
Current worst splitting domains lb-rhs (depth):
-0.05248 (18), -0.05182 (18), -0.04818 (18), -0.04805 (18), -0.04159 (18), -0.04107 (18), -0.03943 (18), -0.03867 (18), -0.03677 (18), -0.03605 (18), -0.02559 (18), -0.02527 (18), -0.02253 (18), -0.02220 (18), -0.01318 (18), -0.01278 (18), 
Length of domains: 16
Time: pickout 0.0010    decision 0.0529    set_bounds 0.0010    solve 0.1391    add 0.0013    
Accumulated time: pickout 0.0125    decision 0.7277    set_bounds 0.0143    solve 2.0695    add 0.0141    
Current (lb-rhs): -0.05248212814331055
141 domains visited
Cumulative time: 3.053056240081787

BaB round 15
batch: 16
splitting decisions: 
split level 0: [/input-16, 3821] [/input-16, 5538] [/input-16, 3821] [/input-16, 3821] [/input-16, 5538] [/input-16, 3821] [/input-16, 3821] [/input-16, 3821] [/input-16, 3821] [/input-16, 5538] 
pruning_in_iteration open status: True
ratio of positive domain = 16 / 32 = 0.5
pruning-in-iteration extra time: 0.0047833919525146484
Time: prepare 0.0015    bound 0.1642    transfer 0.0018    finalize 0.0005    func 0.1680    
Accumulated time: func 2.2371    prepare 0.0192    bound 2.2007    transfer 0.0160    finalize 0.0063    
Current worst splitting domains lb-rhs (depth):
-0.04496 (19), -0.04431 (19), -0.04068 (19), -0.04013 (19), -0.03385 (19), -0.03356 (19), -0.03062 (19), -0.03034 (19), -0.02755 (19), -0.02673 (19), -0.01607 (19), -0.01605 (19), -0.01456 (19), -0.01420 (19), -0.00504 (19), -0.00495 (19), 
Length of domains: 16
Time: pickout 0.0011    decision 0.0635    set_bounds 0.0012    solve 0.1680    add 0.0017    
Accumulated time: pickout 0.0136    decision 0.7912    set_bounds 0.0155    solve 2.2376    add 0.0158    
Current (lb-rhs): -0.04496002197265625
157 domains visited
Cumulative time: 3.2889018058776855

BaB round 16
batch: 16
splitting decisions: 
split level 0: [/input-40, 1301] [/input-40, 1301] [/input-40, 1301] [/input-40, 1301] [/input-40, 1301] [/input-40, 1301] [/input-40, 1301] [/input-40, 1301] [/input-40, 1301] [/input-16, 4075] 
pruning_in_iteration open status: True
ratio of positive domain = 15 / 32 = 0.46875
pruning-in-iteration extra time: 0.006594657897949219
Time: prepare 0.0013    bound 0.1755    transfer 0.0022    finalize 0.0014    func 0.1803    
Accumulated time: func 2.4174    prepare 0.0209    bound 2.3762    transfer 0.0181    finalize 0.0077    
Current worst splitting domains lb-rhs (depth):
-0.04298 (20), -0.04245 (20), -0.03374 (20), -0.03332 (20), -0.03194 (20), -0.02382 (20), -0.02356 (20), -0.02275 (20), -0.02075 (20), -0.02039 (20), -0.02017 (20), -0.01997 (20), -0.00966 (20), -0.00938 (20), -0.00934 (20), -0.00715 (20), -0.00715 (20), 
Length of domains: 17
Time: pickout 0.0038    decision 0.0620    set_bounds 0.0013    solve 0.1804    add 0.0017    
Accumulated time: pickout 0.0174    decision 0.8533    set_bounds 0.0168    solve 2.4179    add 0.0175    
Current (lb-rhs): -0.042978763580322266
174 domains visited
Cumulative time: 3.538417100906372

BaB round 17
batch: 17
splitting decisions: 
split level 0: [/input, 11992] [/input-16, 4075] [/input-40, 185] [/input-40, 185] [/input-16, 3821] [/input-16, 3821] [/input-16, 3821] [/input-16, 3821] [/input, 11992] [/input, 11992] 
pruning_in_iteration open status: True
ratio of positive domain = 15 / 34 = 0.4411764705882353
pruning-in-iteration extra time: 0.006615877151489258
Time: prepare 0.0015    bound 0.1847    transfer 0.0022    finalize 0.0005    func 0.1889    
Accumulated time: func 2.6064    prepare 0.0227    bound 2.5609    transfer 0.0203    finalize 0.0082    
Current worst splitting domains lb-rhs (depth):
-0.03194 (21), -0.03190 (21), -0.02532 (21), -0.02469 (21), -0.02243 (21), -0.02216 (21), -0.02118 (21), -0.02088 (21), -0.01916 (21), -0.01914 (21), -0.01340 (21), -0.01283 (21), -0.00886 (21), -0.00822 (21), -0.00577 (21), -0.00234 (21), -0.00223 (21), -0.00220 (21), -0.00193 (21), 
Length of domains: 19
Time: pickout 0.0053    decision 0.0696    set_bounds 0.0014    solve 0.1890    add 0.0021    
Accumulated time: pickout 0.0228    decision 0.9229    set_bounds 0.0182    solve 2.6069    add 0.0197    
Current (lb-rhs): -0.03194093704223633
193 domains visited
Cumulative time: 3.806128740310669

BaB round 18
batch: 19
splitting decisions: 
split level 0: [/input-40, 185] [/input-40, 185] [/input-16, 4075] [/input-16, 4075] [/input, 12007] [/input-16, 4075] [/input-16, 4075] [/input-16, 4075] [/input-16, 4075] [/input-16, 4075] 
pruning_in_iteration open status: True
ratio of positive domain = 24 / 38 = 0.631578947368421
pruning-in-iteration extra time: 0.003934383392333984
Time: prepare 0.0018    bound 0.1681    transfer 0.0016    finalize 0.0006    func 0.1721    
Accumulated time: func 2.7785    prepare 0.0248    bound 2.7291    transfer 0.0219    finalize 0.0088    
Current worst splitting domains lb-rhs (depth):
-0.02727 (22), -0.02071 (22), -0.01354 (22), -0.01294 (22), -0.01180 (22), -0.01148 (22), -0.01132 (22), -0.01099 (22), -0.00801 (22), -0.00785 (22), -0.00275 (22), -0.00204 (22), -0.00181 (22), -0.00028 (22), 
Length of domains: 14
Time: pickout 0.0051    decision 0.0691    set_bounds 0.0023    solve 0.1722    add 0.0015    
Accumulated time: pickout 0.0278    decision 0.9920    set_bounds 0.0205    solve 2.7791    add 0.0212    
Current (lb-rhs): -0.027272701263427734
207 domains visited
Cumulative time: 4.056774377822876

BaB round 19
batch: 14
splitting decisions: 
split level 0: [/input, 12007] [/input, 12007] [/input, 12007] [/input, 12007] [/input-16, 4075] [/input, 12007] [/input, 12007] [/input, 12007] [/input, 12007] [/input, 12007] 
pruning_in_iteration open status: True
ratio of positive domain = 20 / 28 = 0.7142857142857143
pruning-in-iteration extra time: 0.003221273422241211
Time: prepare 0.0013    bound 0.1535    transfer 0.0011    finalize 0.0005    func 0.1564    
Accumulated time: func 2.9349    prepare 0.0266    bound 2.8826    transfer 0.0230    finalize 0.0092    
Current worst splitting domains lb-rhs (depth):
-0.01644 (23), -0.01615 (23), -0.00932 (23), -0.00861 (23), -0.00707 (23), -0.00668 (23), -0.00369 (23), -0.00349 (23), 
Length of domains: 8
Time: pickout 0.0012    decision 0.0529    set_bounds 0.0012    solve 0.1564    add 0.0009    
Accumulated time: pickout 0.0290    decision 1.0448    set_bounds 0.0217    solve 2.9356    add 0.0221    
Current (lb-rhs): -0.016435623168945312
215 domains visited
Cumulative time: 4.269650220870972

BaB round 20
batch: 8
splitting decisions: 
split level 0: [/input-16, 3244] [/input-16, 3244] [/input-40, 185] [/input-40, 185] [/input-40, 185] [/input-40, 185] [/input-16, 3244] [/input-16, 3244] 

all verified at 0th iter
pruning_in_iteration open status: False
ratio of positive domain = 16 / 16 = 1.0
pruning-in-iteration extra time: 3.409385681152344e-05
Time: prepare 0.0009    bound 0.0095    transfer 0.0005    finalize 0.0004    func 0.0114    
Accumulated time: func 2.9463    prepare 0.0279    bound 2.8920    transfer 0.0236    finalize 0.0097    
Length of domains: 0
Time: pickout 0.0010    decision 0.0493    set_bounds 0.0009    solve 0.0114    add 0.0001    
Accumulated time: pickout 0.0300    decision 1.0941    set_bounds 0.0226    solve 2.9470    add 0.0221    
No domains left, verification finished!
Current (lb-rhs): 1.0000000116860974e-07
215 domains visited
Cumulative time: 4.332494258880615

Result: unsat
Time: 7.91321587562561

------------------------- COMMAND ------------------------------
/data1/Kane/miniconda3/envs/GenBaB/bin/python /data1/Kane/GenBaB/alpha-beta-CROWN/complete_verifier/abcrown.py --config /data1/Kane/GenBaB/alpha-beta-CROWN/complete_verifier/exp_configs/vnncomp24/cifar100.yaml --precompile_jit --onnx_path /data1/Kane/data/vnncomp2025_benchmarks/benchmarks/cifar100_2024/onnx/CIFAR100_resnet_medium.onnx --vnnlib_path /data1/Kane/data/vnncomp2025_benchmarks/benchmarks/cifar100_2024/vnnlib/CIFAR100_resnet_medium_prop_idx_1190_sidx_8846_eps_0.0039.vnnlib --results_file /data1/Kane/ACT/audit_results/abcrown_nopgd_20260525/cifar100_2024/0031__CIFAR100_resnet_medium__CIFAR100_resnet_medium_prop_idx_1190_sidx_8846_eps_0.0039.result --timeout 100.0 --save_adv_example --pgd_order=skip
----------------------------------------------------------------

