[0;93m2026-05-26 16:29:38.835995107 [W:onnxruntime:Default, device_discovery.cc:325 DiscoverDevicesForPlatform] GPU device discovery failed: device_discovery.cc:92 ReadFileContents Failed to open file: "/sys/class/drm/card0/device/vendor"[m
Configurations:

general:
  device: cuda
  seed: 100
  conv_mode: patches
  deterministic: false
  double_fp: false
  loss_reduction_func: sum
  sparse_alpha: true
  sparse_interm: true
  save_adv_example: true
  verify_onnxruntime_output: false
  eval_adv_example: false
  show_adv_example: false
  precompile_jit: true
  prepare_only: false
  complete_verifier: bab
  enable_incomplete_verification: true
  csv_name: instances.csv
  results_file: /data1/Kane/ACT/audit_results/abcrown_nopgd_20260525/cifar100_2024/0037__CIFAR100_resnet_medium__CIFAR100_resnet_medium_prop_idx_6583_sidx_8860_eps_0.0039.result
  root_path: ../../vnncomp2024_benchmarks/benchmarks/cifar100
  deterministic_opt: false
  graph_optimizer: 'Customized("custom_graph_optimizer", "default_optimizer")'
  buffer_has_batchdim: false
  save_output: false
  output_file: out.pkl
  return_optimized_model: false
model:
  name: null
  path: null
  onnx_path: /data1/Kane/data/vnncomp2025_benchmarks/benchmarks/cifar100_2024/onnx/CIFAR100_resnet_medium.onnx
  onnx_path_prefix: ''
  cache_onnx_conversion: false
  debug_onnx: false
  onnx_quirks: null
  input_shape: null
  onnx_loader: default_onnx_and_vnnlib_loader
  onnx_optimization_flags: [merge_bn]
  onnx_vnnlib_joint_optimization_flags: none
  check_optimized: false
  flatten_final_output: false
  optimize_graph: null
  with_jacobian: false
data:
  start: 0
  end: 10000
  select_instance: null
  num_outputs: 10
  mean: 0.0
  std: 1.0
  pkl_path: null
  dataset: null
  data_filter_path: null
  data_idx_file: null
specification:
  type: lp
  robustness_type: verified-acc
  norm: .inf
  epsilon: null
  epsilon_min: 0.0
  vnnlib_path: /data1/Kane/data/vnncomp2025_benchmarks/benchmarks/cifar100_2024/vnnlib/CIFAR100_resnet_medium_prop_idx_6583_sidx_8860_eps_0.0039.vnnlib
  vnnlib_path_prefix: ''
  rhs_offset: null
solver:
  batch_size: 256
  auto_enlarge_batch_size: true
  min_batch_size_ratio: 0.1
  use_float64_in_last_iteration: false
  early_stop_patience: 10
  start_save_best: 0.5
  bound_prop_method: alpha-crown
  init_bound_prop_method: same
  prune_after_crown: true
  optimize_disjuncts_separately: false
  crown:
    batch_size: 1000000000
    max_crown_size: 1000000000
    activation_bound_option: adaptive
    compare_crown_with_ibp: false
  alpha-crown:
    alpha: true
    lr_alpha: 0.25
    iteration: 20
    share_alphas: false
    lr_decay: 0.98
    full_conv_alpha: false
    max_coeff_mul: .inf
    matmul_share_alphas: false
    disable_optimization: []
    max_time: 1.0
  invprop:
    apply_output_constraints_to: []
    tighten_input_bounds: false
    best_of_oc_and_no_oc: false
    directly_optimize: []
    oc_lr: 0.1
    share_gammas: false
  beta-crown:
    lr_alpha: 0.1
    lr_beta: 0.2
    lr_decay: 0.98
    optimizer: adam
    iteration: 10
    beta: true
    beta_warmup: true
    enable_opt_interm_bounds: false
    all_node_split_LP: false
  forward:
    refine: false
    max_dim: 10000
    reset_threshold: 1.0
  multi_class:
    label_batch_size: 32
    skip_with_refined_bound: true
  mip:
    unstable_neuron_threshold: 0
    parallel_solvers: null
    solver_threads: 1
    refine_neuron_timeout: 15
    refine_neuron_time_percentage: 0.8
    early_stop: true
    adv_warmup: true
    mip_solver: gurobi
    skip_unsafe: false
    topk_filter: 1.0
    sliding_window: -1
    extra_constraint: false
    refine_neuron_timeout_increasement: 0
    timeout_neuron_percentage: 0.3
    remaining_timeout_threshold: 1
    remove_unstable_neurons: false
    lp_solver: false
bab:
  initial_max_domains: 100
  backing_up_max_domain: null
  max_domains: .inf
  decision_thresh: 0
  timeout: 100.0
  timeout_scale: 1
  max_iterations: -1
  override_timeout: null
  get_upper_bound: false
  pruning_in_iteration: true
  pruning_in_iteration_ratio: 0.2
  sort_targets: false
  batched_domain_list: true
  optimized_interm: ''
  interm_transfer: false
  recompute_interm: false
  sort_domain_interval: -1
  vanilla_crown: false
  tree_traversal: depth_first
  cut:
    enabled: false
    cuts_path: /tmp/abcrown_cuts
    implication: false
    bab_cut: false
    lp_cut: false
    method: null
    lr: 0.01
    lr_decay: 1.0
    iteration: 100
    bab_iteration: -1
    early_stop_patience: -1
    lr_beta: 0.02
    number_cuts: 50
    topk_cuts_in_filter: 1000
    batch_size_primal: 100
    max_num: 1000000000
    patches_cut: false
    cplex_cuts: false
    cplex_cuts_wait: 0
    cplex_cuts_revpickup: true
    cut_reference_bounds: true
    fix_intermediate_bounds: false
    biccos:
      enabled: false
      constraint_strengthening: true
      recursively_strengthening: false
      drop_ratio: 0.5
      verified_bonus: 0.3
      max_infer_iter: 20
      heuristic: neuron_influence_score
      save_biccos_cuts: false
      multi_tree_branching:
        enabled: false
        restore_best_tree: false
        keep_n_best_domains: 1
        k_splits: 1
        iterations: 1
  branching:
    method: kfsb
    candidates: 7
    reduceop: max
    enable_intermediate_bound_opt: false
    branching_input_and_activation: false
    branching_input_and_activation_order: [input, relu]
    branching_input_iterations: 30
    branching_relu_iterations: 50
    nonlinear_split:
      method: bbps
      disable: false
      branching_point_method: uniform
      num_branches: 2
      filter: false
      filter_beta: false
      filter_clamp: false
      filter_batch_size: 10000
      filter_iterations: 25
      relu_only: false
      loose_tanh_threshold: null
      branching_point:
        db_path: branching_points.pt
        num_iterations: 1000
        batch_size: 1000000
        range_l: -5.0
        range_u: 5.0
        log_interval: 100
        step_size_1d: 0.01
        step_size: 0.2
    input_split:
      enable_clip_domains: false
      split_hint: null
      reorder_bab: false
      enable: false
      enhanced_bound_prop_method: alpha-crown
      enhanced_branching_method: naive
      enhanced_bound_patience: 100000000.0
      attack_patience: 100000000.0
      adv_check: 0
      split_partitions: 2
      sb_margin_weight: 1.0
      sb_sum: false
      sb_primary_spec: null
      bf_backup_thresh: -1
      bf_rhs_offset: 0
      bf_iters: 1000000000.0
      bf_batch_size: 100000
      bf_zero_crossing_score: false
      touch_zero_score: 0
      ibp_enhancement: false
      compare_with_old_bounds: false
      update_rhs_with_attack: false
      sb_coeff_thresh: 0.001
      sort_index: null
      sort_descending: true
      show_progress: false
      presplit_domains: null
      skip_getting_worst_domain: false
  attack:
    enabled: false
    beam_candidates: 8
    beam_depth: 7
    max_dive_fix_ratio: 0.8
    min_local_free_ratio: 0.2
    mip_start_iteration: 5
    mip_timeout: 30.0
    adv_pool_threshold: null
    refined_mip_attacker: false
    refined_batch_size: null
attack:
  pgd_order: skip
  pgd_steps: 100
  pgd_restarts: 10
  pgd_batch_size: 100000000
  pgd_early_stop: true
  pgd_lr_decay: 0.99
  pgd_alpha: auto
  pgd_alpha_scale: false
  pgd_loss_mode: null
  pgd_restart_when_stuck: false
  enable_mip_attack: false
  adv_saver: default_adv_saver
  adv_verifier: default_adv_verifier
  early_stop_condition: default_early_stop_condition
  adv_example_finalizer: default_adv_example_finalizer
  pgd_loss: default_pgd_loss
  cex_path: ./test_cex.txt
  attack_mode: PGD
  attack_tolerance: 0.0
  attack_func: attack_with_general_specs
  gama_lambda: 10.0
  gama_decay: 0.9
  check_clean: false
  input_split:
    pgd_steps: 100
    pgd_restarts: 30
    pgd_alpha: auto
  input_split_enhanced:
    pgd_steps: 200
    pgd_restarts: 500000
    pgd_alpha: auto
  input_split_check_adv:
    enabled: auto
    pgd_steps: 5
    pgd_restarts: 5
    pgd_alpha: auto
    max_num_domains: 10
debug:
  view_model: false
  lp_test: null
  rescale_vnnlib_ptb: null
  test_optimized_bounds: false
  test_optimized_bounds_after_n_iterations: 0
  print_verbose_decisions: false
  sanity_check: null
  save_minimal_config: null
  save_minimal_config_omit_keys: []

Experiments at Tue May 26 16:29:39 2026 on dell-pro-max-tower-t2
Pre-compile jit kernels on a toy network...
JIT kernels compiled in 0.9728s./data1/Kane/miniconda3/envs/GenBaB/lib/python3.11/site-packages/onnx2pytorch/convert/model.py:151: UserWarning: Using experimental implementation that allows 'batch_size > 1'.Batchnorm layers could potentially produce false outputs.
  warnings.warn(
/data1/Kane/miniconda3/envs/GenBaB/lib/python3.11/site-packages/onnx2pytorch/utils.py:21: TracerWarning: Converting a tensor to a Python boolean might cause the trace to be incorrect. We can't record the data flow of Python values, so this value will be treated as a constant in the future. This means that the trace might not generalize to other inputs!
  return value.ndim == 0 or value.shape == torch.Size([1])
/data1/Kane/miniconda3/envs/GenBaB/lib/python3.11/site-packages/onnx2pytorch/operations/add.py:34: TracerWarning: Converting a tensor to a Python boolean might cause the trace to be incorrect. We can't record the data flow of Python values, so this value will be treated as a constant in the future. This means that the trace might not generalize to other inputs!
  elif all(x == 1 for x in input[0].shape):

Internal results will be saved to /data1/Kane/ACT/audit_results/abcrown_nopgd_20260525/cifar100_2024/0037__CIFAR100_resnet_medium__CIFAR100_resnet_medium_prop_idx_6583_sidx_8860_eps_0.0039.result.

 %%%%%%%%%%%%%%%%%%%%%%%%%%%%%%%%%%% idx: 0, vnnlib ID: 0 %%%%%%%%%%%%%%%%%%%%%%%%%%%%%%%%%%%
Using onnx /data1/Kane/data/vnncomp2025_benchmarks/benchmarks/cifar100_2024/onnx/CIFAR100_resnet_medium.onnx
Using vnnlib /data1/Kane/data/vnncomp2025_benchmarks/benchmarks/cifar100_2024/vnnlib/CIFAR100_resnet_medium_prop_idx_6583_sidx_8860_eps_0.0039.vnnlib
3072 inputs and 100 outputs in vnnlib
Loading onnx /data1/Kane/data/vnncomp2025_benchmarks/benchmarks/cifar100_2024/onnx/CIFAR100_resnet_medium.onnx with quirks {}
Onnx optimization with flags: ['merge_bn']
Found existed optimized onnx model at /data1/Kane/data/vnncomp2025_benchmarks/benchmarks/cifar100_2024/onnx/CIFAR100_resnet_medium.onnx.optimized
Finished onnx model loading in 0.0715 seconds
Model: BoundedModule(
  (/input-1): BoundInput(name=/input-1, inputs=[], perturbed=True)
  (/43): BoundParams(name=/43, inputs=[], perturbed=False)
  (/44): BoundParams(name=/44, inputs=[], perturbed=False)
  (/45): BoundParams(name=/45, inputs=[], perturbed=False)
  (/46): BoundParams(name=/46, inputs=[], perturbed=False)
  (/47): BoundParams(name=/47, inputs=[], perturbed=False)
  (/48): BoundParams(name=/48, inputs=[], perturbed=False)
  (/49): BoundParams(name=/49, inputs=[], perturbed=False)
  (/50): BoundParams(name=/50, inputs=[], perturbed=False)
  (/51): BoundParams(name=/51, inputs=[], perturbed=False)
  (/52): BoundParams(name=/52, inputs=[], perturbed=False)
  (/53): BoundParams(name=/53, inputs=[], perturbed=False)
  (/54): BoundParams(name=/54, inputs=[], perturbed=False)
  (/55): BoundParams(name=/55, inputs=[], perturbed=False)
  (/56): BoundParams(name=/56, inputs=[], perturbed=False)
  (/57): BoundParams(name=/57, inputs=[], perturbed=False)
  (/58): BoundParams(name=/58, inputs=[], perturbed=False)
  (/59): BoundParams(name=/59, inputs=[], perturbed=False)
  (/60): BoundParams(name=/60, inputs=[], perturbed=False)
  (/61): BoundParams(name=/61, inputs=[], perturbed=False)
  (/62): BoundParams(name=/62, inputs=[], perturbed=False)
  (/63): BoundParams(name=/63, inputs=[], perturbed=False)
  (/64): BoundParams(name=/64, inputs=[], perturbed=False)
  (/65): BoundParams(name=/65, inputs=[], perturbed=False)
  (/66): BoundParams(name=/66, inputs=[], perturbed=False)
  (/67): BoundParams(name=/67, inputs=[], perturbed=False)
  (/68): BoundParams(name=/68, inputs=[], perturbed=False)
  (/69): BoundParams(name=/69, inputs=[], perturbed=False)
  (/70): BoundParams(name=/70, inputs=[], perturbed=False)
  (/71): BoundParams(name=/71, inputs=[], perturbed=False)
  (/72): BoundParams(name=/72, inputs=[], perturbed=False)
  (/73): BoundParams(name=/73, inputs=[], perturbed=False)
  (/74): BoundParams(name=/74, inputs=[], perturbed=False)
  (/75): BoundParams(name=/75, inputs=[], perturbed=False)
  (/76): BoundParams(name=/76, inputs=[], perturbed=False)
  (/77): BoundParams(name=/77, inputs=[], perturbed=False)
  (/78): BoundParams(name=/78, inputs=[], perturbed=False)
  (/79): BoundParams(name=/79, inputs=[], perturbed=False)
  (/80): BoundParams(name=/80, inputs=[], perturbed=False)
  (/81): BoundParams(name=/81, inputs=[], perturbed=False)
  (/82): BoundParams(name=/82, inputs=[], perturbed=False)
  (/83): BoundParams(name=/83, inputs=[], perturbed=False)
  (/84): BoundParams(name=/84, inputs=[], perturbed=False)
  (/input): BoundConv(name=/input, inputs=[/input-1, /43, /44], perturbed=True)
  (/input-4): BoundRelu(name=/input-4, inputs=[/input], perturbed=True)
  (/input-8): BoundConv(name=/input-8, inputs=[/input-4, /45, /46], perturbed=True)
  (/input-12): BoundRelu(name=/input-12, inputs=[/input-8], perturbed=True)
  (/89): BoundConv(name=/89, inputs=[/input-12, /47, /48], perturbed=True)
  (/90): BoundConv(name=/90, inputs=[/input-4, /49, /50], perturbed=True)
  (/91): BoundAdd(name=/91, inputs=[/89, /90], perturbed=True)
  (/input-16): BoundConv(name=/input-16, inputs=[/91, /51, /52], perturbed=True)
  (/input-20): BoundRelu(name=/input-20, inputs=[/input-16], perturbed=True)
  (/94): BoundConv(name=/94, inputs=[/input-20, /53, /54], perturbed=True)
  (/95): BoundAdd(name=/95, inputs=[/94, /91], perturbed=True)
  (/input-24): BoundConv(name=/input-24, inputs=[/95, /55, /56], perturbed=True)
  (/input-28): BoundRelu(name=/input-28, inputs=[/input-24], perturbed=True)
  (/98): BoundConv(name=/98, inputs=[/input-28, /57, /58], perturbed=True)
  (/99): BoundAdd(name=/99, inputs=[/98, /95], perturbed=True)
  (/input-32): BoundConv(name=/input-32, inputs=[/99, /59, /60], perturbed=True)
  (/input-36): BoundRelu(name=/input-36, inputs=[/input-32], perturbed=True)
  (/102): BoundConv(name=/102, inputs=[/input-36, /61, /62], perturbed=True)
  (/103): BoundAdd(name=/103, inputs=[/102, /99], perturbed=True)
  (/input-40): BoundConv(name=/input-40, inputs=[/103, /63, /64], perturbed=True)
  (/input-44): BoundRelu(name=/input-44, inputs=[/input-40], perturbed=True)
  (/106): BoundConv(name=/106, inputs=[/input-44, /65, /66], perturbed=True)
  (/107): BoundConv(name=/107, inputs=[/103, /67, /68], perturbed=True)
  (/108): BoundAdd(name=/108, inputs=[/106, /107], perturbed=True)
  (/input-48): BoundConv(name=/input-48, inputs=[/108, /69, /70], perturbed=True)
  (/input-52): BoundRelu(name=/input-52, inputs=[/input-48], perturbed=True)
  (/111): BoundConv(name=/111, inputs=[/input-52, /71, /72], perturbed=True)
  (/112): BoundAdd(name=/112, inputs=[/111, /108], perturbed=True)
  (/input-56): BoundConv(name=/input-56, inputs=[/112, /73, /74], perturbed=True)
  (/input-60): BoundRelu(name=/input-60, inputs=[/input-56], perturbed=True)
  (/115): BoundConv(name=/115, inputs=[/input-60, /75, /76], perturbed=True)
  (/116): BoundAdd(name=/116, inputs=[/115, /112], perturbed=True)
  (/input-64): BoundConv(name=/input-64, inputs=[/116, /77, /78], perturbed=True)
  (/input-68): BoundRelu(name=/input-68, inputs=[/input-64], perturbed=True)
  (/119): BoundConv(name=/119, inputs=[/input-68, /79, /80], perturbed=True)
  (/120): BoundAdd(name=/120, inputs=[/119, /116], perturbed=True)
  (/121): BoundFlatten(name=/121, inputs=[/120], perturbed=True)
  (/input-72): BoundLinear(name=/input-72, inputs=[/121, /81, /82], perturbed=True)
  (/123): BoundRelu(name=/123, inputs=[/input-72], perturbed=True)
  (/124): BoundLinear(name=/124, inputs=[/123, /83, /84], perturbed=True)
)
Original output: tensor([[-13.19007397, -10.72567654,  -9.01334763,  -7.66864204,  -9.14388657,
         -11.57737827,  -6.89097881,  -5.78812218,  -2.06211686, -10.29679203,
          -9.16121483,  -9.16726589,  -8.91740322,  -5.66692257,  -9.55168819,
          -7.78011274,  -8.99899387, -10.26984882,  -9.30228424,  -6.52733421,
         -10.91582584,  -9.51817417,  -9.29301643, -14.70180035,  -9.87405968,
          -8.45263672,  -5.84205198,  -7.14799166, -13.00199509,  -6.39413118,
         -12.76316166,  -6.23013735,  -6.73514795,  -8.44436264, -10.20673180,
         -11.81336975, -13.39852810,  -6.21092081,  -9.08056259,  -9.25739288,
          -9.89861012,  -4.06042004,  -8.62736130, -13.23833466,  -8.05949879,
          -5.95004749,  -9.57758427,  -9.70944977,   0.06979457, -10.43669510,
         -11.58968163,  -9.88519764,  -7.73833466, -13.22610378, -12.11096764,
          -7.06299782, -10.16767216, -11.48265934,  -3.56256747,  -6.94587326,
         -11.27914238,  -9.54630947, -12.07573795, -10.52340221,  -8.59169483,
         -10.58339119,  -9.03314877, -10.82487011, -13.43622017, -12.20736694,
         -10.71657085, -15.21176052,  -6.86575794, -10.46975994,  -7.89622355,
          -8.10266590, -13.41591740,  -9.89855194,  -7.10476637,  -8.58394527,
          -8.48139381,  -6.42510891, -10.30436230, -11.03076363,  -7.65621281,
          -4.13846111, -10.93504238,  -9.40055847,  -9.83880901,  -1.78166783,
          -5.88303614,  -8.56513500, -12.27332497,  -7.16431856, -12.36223698,
         -12.63460636, -10.18962193, -11.17115784, -11.69837952, -11.70551109]],
       device='cuda:0')
Split layers:
Nonlinear functions:
   BoundRelu(name=/input-4, inputs=[/input], perturbed=True)
   BoundRelu(name=/input-12, inputs=[/input-8], perturbed=True)
   BoundRelu(name=/input-20, inputs=[/input-16], perturbed=True)
   BoundRelu(name=/input-28, inputs=[/input-24], perturbed=True)
   BoundRelu(name=/input-36, inputs=[/input-32], perturbed=True)
   BoundRelu(name=/input-44, inputs=[/input-40], perturbed=True)
   BoundRelu(name=/input-52, inputs=[/input-48], perturbed=True)
   BoundRelu(name=/input-60, inputs=[/input-56], perturbed=True)
   BoundRelu(name=/input-68, inputs=[/input-64], perturbed=True)
   BoundRelu(name=/123, inputs=[/input-72], perturbed=True)
layer /input-4 using sparse-features alpha with shape [534]; unstable size 534; total size 14400 ([1, 64, 15, 15])
layer /input-4 start_node /input-8 using sparse-spec alpha [2, 103, 1, 534] with unstable size 102 total_size 128 output_shape 128
layer /input-4 start_node /input-16 using sparse-spec alpha [2, 43, 1, 534] with unstable size 42 total_size 128 output_shape 128
layer /input-4 start_node /input-24 using sparse-spec alpha [2, 40, 1, 534] with unstable size 39 total_size 8192 output_shape torch.Size([128, 8, 8])
layer /input-4 start_node /input-40 using sparse-spec alpha [2, 96, 1, 534] with unstable size 95 total_size 2048 output_shape torch.Size([128, 4, 4])
layer /input-4 start_node /input-72 using sparse-spec alpha [2, 31, 1, 534] with unstable size 30 total_size 100 output_shape torch.Size([100])
layer /input-4 start_node /124 using full alpha [2, 99, 1, 534] with unstable size None total_size 99 output_shape 99
layer /input-12 using sparse-features alpha with shape [306]; unstable size 306; total size 8192 ([1, 128, 8, 8])
layer /input-12 start_node /input-16 using sparse-spec alpha [2, 43, 1, 306] with unstable size 42 total_size 128 output_shape 128
layer /input-12 start_node /input-24 using sparse-spec alpha [2, 40, 1, 306] with unstable size 39 total_size 8192 output_shape torch.Size([128, 8, 8])
layer /input-12 start_node /input-40 using sparse-spec alpha [2, 96, 1, 306] with unstable size 95 total_size 2048 output_shape torch.Size([128, 4, 4])
layer /input-12 start_node /input-72 using sparse-spec alpha [2, 31, 1, 306] with unstable size 30 total_size 100 output_shape torch.Size([100])
layer /input-12 start_node /124 using full alpha [2, 99, 1, 306] with unstable size None total_size 99 output_shape 99
layer /input-20 using sparse-features alpha with shape [174]; unstable size 174; total size 8192 ([1, 128, 8, 8])
layer /input-20 start_node /input-24 using sparse-spec alpha [2, 13, 1, 174] with unstable size 12 total_size 128 output_shape 128
layer /input-20 start_node /input-40 using sparse-spec alpha [2, 96, 1, 174] with unstable size 95 total_size 2048 output_shape torch.Size([128, 4, 4])
layer /input-20 start_node /input-72 using sparse-spec alpha [2, 31, 1, 174] with unstable size 30 total_size 100 output_shape torch.Size([100])
layer /input-20 start_node /124 using full alpha [2, 99, 1, 174] with unstable size None total_size 99 output_shape 99
layer /input-28 using sparse-features alpha with shape [39]; unstable size 39; total size 8192 ([1, 128, 8, 8])
layer /input-28 start_node /input-40 using sparse-spec alpha [2, 96, 1, 39] with unstable size 95 total_size 2048 output_shape torch.Size([128, 4, 4])
layer /input-28 start_node /input-72 using sparse-spec alpha [2, 31, 1, 39] with unstable size 30 total_size 100 output_shape torch.Size([100])
layer /input-28 start_node /124 using full alpha [2, 99, 1, 39] with unstable size None total_size 99 output_shape 99
layer /input-36 using sparse-features alpha with shape [0]; unstable size 0; total size 8192 ([1, 128, 8, 8])
layer /input-36 start_node /input-40 using sparse-spec alpha [2, 50, 1, 0] with unstable size 49 total_size 128 output_shape 128
layer /input-36 start_node /input-72 using sparse-spec alpha [2, 31, 1, 0] with unstable size 30 total_size 100 output_shape torch.Size([100])
layer /input-36 start_node /124 using full alpha [2, 99, 1, 0] with unstable size None total_size 99 output_shape 99
layer /input-44 using sparse-features alpha with shape [95]; unstable size 95; total size 2048 ([1, 128, 4, 4])
layer /input-44 start_node /input-72 using sparse-spec alpha [2, 31, 1, 95] with unstable size 30 total_size 100 output_shape torch.Size([100])
layer /input-44 start_node /124 using full alpha [2, 99, 1, 95] with unstable size None total_size 99 output_shape 99
layer /input-52 using sparse-features alpha with shape [0]; unstable size 0; total size 2048 ([1, 128, 4, 4])
layer /input-52 start_node /input-72 using sparse-spec alpha [2, 31, 1, 0] with unstable size 30 total_size 100 output_shape torch.Size([100])
layer /input-52 start_node /124 using full alpha [2, 99, 1, 0] with unstable size None total_size 99 output_shape 99
layer /input-60 using sparse-features alpha with shape [0]; unstable size 0; total size 2048 ([1, 128, 4, 4])
layer /input-60 start_node /input-72 using sparse-spec alpha [2, 31, 1, 0] with unstable size 30 total_size 100 output_shape torch.Size([100])
layer /input-60 start_node /124 using full alpha [2, 99, 1, 0] with unstable size None total_size 99 output_shape 99
layer /input-68 using sparse-features alpha with shape [0]; unstable size 0; total size 2048 ([1, 128, 4, 4])
layer /input-68 start_node /input-72 using sparse-spec alpha [2, 31, 1, 0] with unstable size 30 total_size 100 output_shape torch.Size([100])
layer /input-68 start_node /124 using full alpha [2, 99, 1, 0] with unstable size None total_size 99 output_shape 99
layer /123 using sparse-features alpha with shape [30]; unstable size 30; total size 100 ([1, 100])
layer /123 start_node /124 using full alpha [2, 99, 1, 30] with unstable size None total_size 99 output_shape 99
Optimizable variables initialized.
initial CROWN bounds: tensor([[ 9.70268440,  7.15967369,  6.26216745,  3.97216320,  5.34453773,
          8.13560677,  3.82203293,  2.70327997,  0.03709698,  7.29415989,
          6.12653160,  6.64371967,  5.16003370,  2.47182798,  6.35171032,
          3.96371937,  6.24291754,  6.26411438,  6.03666496,  2.64870024,
          7.66290092,  6.15557480,  5.97447205, 10.53797340,  6.30976820,
          5.38892174,  3.00186920,  3.38182068, 10.10932636,  2.77537727,
          8.99765491,  2.21865845,  3.49199677,  4.67135334,  6.56223202,
          8.64647484,  9.73590469,  2.81175709,  5.58000946,  5.91268444,
          6.93202305,  1.51477432,  5.39694214,  9.46780777,  4.76332760,
          3.05136585,  6.91528368,  5.45768929,  6.37652493,  7.68877792,
          6.26071167,  3.62674713, 10.30738640,  9.16501427,  3.58555603,
          5.74908638,  8.14498138, -0.09444773,  3.05837536,  7.50735807,
          6.69387245,  9.04245377,  6.31416893,  4.93235397,  6.82407093,
          5.21048927,  6.95174026,  9.46738148,  8.29981041,  7.76849127,
         11.38128185,  3.67206669,  7.18144178,  4.03816795,  4.30883551,
          9.29151154,  6.37053680,  4.08929062,  5.32934475,  5.24090004,
          3.10181427,  7.03589249,  7.91715240,  4.69914865,  0.93404865,
          7.45721436,  6.43899202,  6.72923088, -0.82723331,  2.39468622,
          5.35531712,  8.95465469,  3.60292339,  9.13529873,  8.66837597,
          5.74455643,  7.69071484,  8.60311127,  8.18615150]], device='cuda:0') None
prune_after_crown optimization in use: original label size = 99 pruned label size = 2
best_l after optimization: -0.5411560535430908
alpha/beta optimization time: 1.7833378314971924
initial alpha-crown bounds: tensor([[        inf,         inf,         inf,         inf,         inf,
                 inf,         inf,         inf,         inf,         inf,
                 inf,         inf,         inf,         inf,         inf,
                 inf,         inf,         inf,         inf,         inf,
                 inf,         inf,         inf,         inf,         inf,
                 inf,         inf,         inf,         inf,         inf,
                 inf,         inf,         inf,         inf,         inf,
                 inf,         inf,         inf,         inf,         inf,
                 inf,         inf,         inf,         inf,         inf,
                 inf,         inf,         inf,         inf,         inf,
                 inf,         inf,         inf,         inf,         inf,
                 inf,         inf,  0.14035606,         inf,         inf,
                 inf,         inf,         inf,         inf,         inf,
                 inf,         inf,         inf,         inf,         inf,
                 inf,         inf,         inf,         inf,         inf,
                 inf,         inf,         inf,         inf,         inf,
                 inf,         inf,         inf,         inf,         inf,
                 inf,         inf,         inf, -0.68151212,         inf,
                 inf,         inf,         inf,         inf,         inf,
                 inf,         inf,         inf,         inf]], device='cuda:0')
Number of class (without rhs): 1 ; Worst class: (+ rhs) -0.6815121173858643
Total VNNLIB file length: 99, max property batch size: 100, total number of batches: 1
lA shape: [torch.Size([99, 1, 64, 15, 15]), torch.Size([99, 1, 128, 8, 8]), torch.Size([99, 1, 128, 8, 8]), torch.Size([99, 1, 128, 8, 8]), torch.Size([99, 1, 128, 8, 8]), torch.Size([99, 1, 128, 4, 4]), torch.Size([99, 1, 128, 4, 4]), torch.Size([99, 1, 128, 4, 4]), torch.Size([99, 1, 128, 4, 4]), torch.Size([99, 1, 100])]

Properties batch 0, size 99
Remaining timeout: 97.0568494796753
Verifying property 0 with 99 instances.
##### Instance 0 first 10 spec matrices: 
tensor([[[-1.,  0.,  0.,  0.,  0.,  0.,  0.,  0.,  0.,  0.,  0.,  0.,  0.,  0.,
           0.,  0.,  0.,  0.,  0.,  0.,  0.,  0.,  0.,  0.,  0.,  0.,  0.,  0.,
           0.,  0.,  0.,  0.,  0.,  0.,  0.,  0.,  0.,  0.,  0.,  0.,  0.,  0.,
           0.,  0.,  0.,  0.,  0.,  0.,  1.,  0.,  0.,  0.,  0.,  0.,  0.,  0.,
           0.,  0.,  0.,  0.,  0.,  0.,  0.,  0.,  0.,  0.,  0.,  0.,  0.,  0.,
           0.,  0.,  0.,  0.,  0.,  0.,  0.,  0.,  0.,  0.,  0.,  0.,  0.,  0.,
           0.,  0.,  0.,  0.,  0.,  0.,  0.,  0.,  0.,  0.,  0.,  0.,  0.,  0.,
           0.,  0.]],

        [[ 0., -1.,  0.,  0.,  0.,  0.,  0.,  0.,  0.,  0.,  0.,  0.,  0.,  0.,
           0.,  0.,  0.,  0.,  0.,  0.,  0.,  0.,  0.,  0.,  0.,  0.,  0.,  0.,
           0.,  0.,  0.,  0.,  0.,  0.,  0.,  0.,  0.,  0.,  0.,  0.,  0.,  0.,
           0.,  0.,  0.,  0.,  0.,  0.,  1.,  0.,  0.,  0.,  0.,  0.,  0.,  0.,
           0.,  0.,  0.,  0.,  0.,  0.,  0.,  0.,  0.,  0.,  0.,  0.,  0.,  0.,
           0.,  0.,  0.,  0.,  0.,  0.,  0.,  0.,  0.,  0.,  0.,  0.,  0.,  0.,
           0.,  0.,  0.,  0.,  0.,  0.,  0.,  0.,  0.,  0.,  0.,  0.,  0.,  0.,
           0.,  0.]],

        [[ 0.,  0., -1.,  0.,  0.,  0.,  0.,  0.,  0.,  0.,  0.,  0.,  0.,  0.,
           0.,  0.,  0.,  0.,  0.,  0.,  0.,  0.,  0.,  0.,  0.,  0.,  0.,  0.,
           0.,  0.,  0.,  0.,  0.,  0.,  0.,  0.,  0.,  0.,  0.,  0.,  0.,  0.,
           0.,  0.,  0.,  0.,  0.,  0.,  1.,  0.,  0.,  0.,  0.,  0.,  0.,  0.,
           0.,  0.,  0.,  0.,  0.,  0.,  0.,  0.,  0.,  0.,  0.,  0.,  0.,  0.,
           0.,  0.,  0.,  0.,  0.,  0.,  0.,  0.,  0.,  0.,  0.,  0.,  0.,  0.,
           0.,  0.,  0.,  0.,  0.,  0.,  0.,  0.,  0.,  0.,  0.,  0.,  0.,  0.,
           0.,  0.]],

        [[ 0.,  0.,  0., -1.,  0.,  0.,  0.,  0.,  0.,  0.,  0.,  0.,  0.,  0.,
           0.,  0.,  0.,  0.,  0.,  0.,  0.,  0.,  0.,  0.,  0.,  0.,  0.,  0.,
           0.,  0.,  0.,  0.,  0.,  0.,  0.,  0.,  0.,  0.,  0.,  0.,  0.,  0.,
           0.,  0.,  0.,  0.,  0.,  0.,  1.,  0.,  0.,  0.,  0.,  0.,  0.,  0.,
           0.,  0.,  0.,  0.,  0.,  0.,  0.,  0.,  0.,  0.,  0.,  0.,  0.,  0.,
           0.,  0.,  0.,  0.,  0.,  0.,  0.,  0.,  0.,  0.,  0.,  0.,  0.,  0.,
           0.,  0.,  0.,  0.,  0.,  0.,  0.,  0.,  0.,  0.,  0.,  0.,  0.,  0.,
           0.,  0.]],

        [[ 0.,  0.,  0.,  0., -1.,  0.,  0.,  0.,  0.,  0.,  0.,  0.,  0.,  0.,
           0.,  0.,  0.,  0.,  0.,  0.,  0.,  0.,  0.,  0.,  0.,  0.,  0.,  0.,
           0.,  0.,  0.,  0.,  0.,  0.,  0.,  0.,  0.,  0.,  0.,  0.,  0.,  0.,
           0.,  0.,  0.,  0.,  0.,  0.,  1.,  0.,  0.,  0.,  0.,  0.,  0.,  0.,
           0.,  0.,  0.,  0.,  0.,  0.,  0.,  0.,  0.,  0.,  0.,  0.,  0.,  0.,
           0.,  0.,  0.,  0.,  0.,  0.,  0.,  0.,  0.,  0.,  0.,  0.,  0.,  0.,
           0.,  0.,  0.,  0.,  0.,  0.,  0.,  0.,  0.,  0.,  0.,  0.,  0.,  0.,
           0.,  0.]],

        [[ 0.,  0.,  0.,  0.,  0., -1.,  0.,  0.,  0.,  0.,  0.,  0.,  0.,  0.,
           0.,  0.,  0.,  0.,  0.,  0.,  0.,  0.,  0.,  0.,  0.,  0.,  0.,  0.,
           0.,  0.,  0.,  0.,  0.,  0.,  0.,  0.,  0.,  0.,  0.,  0.,  0.,  0.,
           0.,  0.,  0.,  0.,  0.,  0.,  1.,  0.,  0.,  0.,  0.,  0.,  0.,  0.,
           0.,  0.,  0.,  0.,  0.,  0.,  0.,  0.,  0.,  0.,  0.,  0.,  0.,  0.,
           0.,  0.,  0.,  0.,  0.,  0.,  0.,  0.,  0.,  0.,  0.,  0.,  0.,  0.,
           0.,  0.,  0.,  0.,  0.,  0.,  0.,  0.,  0.,  0.,  0.,  0.,  0.,  0.,
           0.,  0.]],

        [[ 0.,  0.,  0.,  0.,  0.,  0., -1.,  0.,  0.,  0.,  0.,  0.,  0.,  0.,
           0.,  0.,  0.,  0.,  0.,  0.,  0.,  0.,  0.,  0.,  0.,  0.,  0.,  0.,
           0.,  0.,  0.,  0.,  0.,  0.,  0.,  0.,  0.,  0.,  0.,  0.,  0.,  0.,
           0.,  0.,  0.,  0.,  0.,  0.,  1.,  0.,  0.,  0.,  0.,  0.,  0.,  0.,
           0.,  0.,  0.,  0.,  0.,  0.,  0.,  0.,  0.,  0.,  0.,  0.,  0.,  0.,
           0.,  0.,  0.,  0.,  0.,  0.,  0.,  0.,  0.,  0.,  0.,  0.,  0.,  0.,
           0.,  0.,  0.,  0.,  0.,  0.,  0.,  0.,  0.,  0.,  0.,  0.,  0.,  0.,
           0.,  0.]],

        [[ 0.,  0.,  0.,  0.,  0.,  0.,  0., -1.,  0.,  0.,  0.,  0.,  0.,  0.,
           0.,  0.,  0.,  0.,  0.,  0.,  0.,  0.,  0.,  0.,  0.,  0.,  0.,  0.,
           0.,  0.,  0.,  0.,  0.,  0.,  0.,  0.,  0.,  0.,  0.,  0.,  0.,  0.,
           0.,  0.,  0.,  0.,  0.,  0.,  1.,  0.,  0.,  0.,  0.,  0.,  0.,  0.,
           0.,  0.,  0.,  0.,  0.,  0.,  0.,  0.,  0.,  0.,  0.,  0.,  0.,  0.,
           0.,  0.,  0.,  0.,  0.,  0.,  0.,  0.,  0.,  0.,  0.,  0.,  0.,  0.,
           0.,  0.,  0.,  0.,  0.,  0.,  0.,  0.,  0.,  0.,  0.,  0.,  0.,  0.,
           0.,  0.]],

        [[ 0.,  0.,  0.,  0.,  0.,  0.,  0.,  0., -1.,  0.,  0.,  0.,  0.,  0.,
           0.,  0.,  0.,  0.,  0.,  0.,  0.,  0.,  0.,  0.,  0.,  0.,  0.,  0.,
           0.,  0.,  0.,  0.,  0.,  0.,  0.,  0.,  0.,  0.,  0.,  0.,  0.,  0.,
           0.,  0.,  0.,  0.,  0.,  0.,  1.,  0.,  0.,  0.,  0.,  0.,  0.,  0.,
           0.,  0.,  0.,  0.,  0.,  0.,  0.,  0.,  0.,  0.,  0.,  0.,  0.,  0.,
           0.,  0.,  0.,  0.,  0.,  0.,  0.,  0.,  0.,  0.,  0.,  0.,  0.,  0.,
           0.,  0.,  0.,  0.,  0.,  0.,  0.,  0.,  0.,  0.,  0.,  0.,  0.,  0.,
           0.,  0.]],

        [[ 0.,  0.,  0.,  0.,  0.,  0.,  0.,  0.,  0., -1.,  0.,  0.,  0.,  0.,
           0.,  0.,  0.,  0.,  0.,  0.,  0.,  0.,  0.,  0.,  0.,  0.,  0.,  0.,
           0.,  0.,  0.,  0.,  0.,  0.,  0.,  0.,  0.,  0.,  0.,  0.,  0.,  0.,
           0.,  0.,  0.,  0.,  0.,  0.,  1.,  0.,  0.,  0.,  0.,  0.,  0.,  0.,
           0.,  0.,  0.,  0.,  0.,  0.,  0.,  0.,  0.,  0.,  0.,  0.,  0.,  0.,
           0.,  0.,  0.,  0.,  0.,  0.,  0.,  0.,  0.,  0.,  0.,  0.,  0.,  0.,
           0.,  0.,  0.,  0.,  0.,  0.,  0.,  0.,  0.,  0.,  0.,  0.,  0.,  0.,
           0.,  0.]]], dtype=torch.float64)
thresholds: tensor([0., 0., 0., 0., 0., 0., 0., 0., 0., 0.], device='cuda:0') ######
Initial alpha-CROWN verified for spec index tensor([ 0,  1,  2,  3,  4,  5,  6,  7,  8,  9, 10, 11, 12, 13, 14, 15, 16, 17,
        18, 19, 20, 21, 22, 23, 24, 25, 26, 27, 28, 29, 30, 31, 32, 33, 34, 35,
        36, 37, 38, 39, 40, 41, 42, 43, 44, 45, 46, 47, 48, 49, 50, 51, 52, 53,
        54, 55, 56, 57, 58, 59, 60, 61, 62, 63, 64, 65, 66, 67, 68, 69, 70, 71,
        72, 73, 74, 75, 76, 77, 78, 79, 80, 81, 82, 83, 84, 85, 86, 87, 89, 90,
        91, 92, 93, 94, 95, 96, 97, 98], device='cuda:0') with bound tensor([       inf,        inf,        inf,        inf,        inf,        inf,
               inf,        inf,        inf,        inf,        inf,        inf,
               inf,        inf,        inf,        inf,        inf,        inf,
               inf,        inf,        inf,        inf,        inf,        inf,
               inf,        inf,        inf,        inf,        inf,        inf,
               inf,        inf,        inf,        inf,        inf,        inf,
               inf,        inf,        inf,        inf,        inf,        inf,
               inf,        inf,        inf,        inf,        inf,        inf,
               inf,        inf,        inf,        inf,        inf,        inf,
               inf,        inf,        inf, 0.14035606,        inf,        inf,
               inf,        inf,        inf,        inf,        inf,        inf,
               inf,        inf,        inf,        inf,        inf,        inf,
               inf,        inf,        inf,        inf,        inf,        inf,
               inf,        inf,        inf,        inf,        inf,        inf,
               inf,        inf,        inf,        inf,        inf,        inf,
               inf,        inf,        inf,        inf,        inf,        inf,
               inf,        inf], device='cuda:0').
Remaining spec index tensor([88], device='cuda:0') with bounds tensor([[-0.68151212]], device='cuda:0') need to verify.
Model prediction is: tensor([-13.19007397, -10.72567654,  -9.01334763,  -7.66864204,  -9.14388657,
        -11.57737827,  -6.89097881,  -5.78812218,  -2.06211686, -10.29679203,
         -9.16121483,  -9.16726589,  -8.91740322,  -5.66692257,  -9.55168819,
         -7.78011274,  -8.99899387, -10.26984882,  -9.30228424,  -6.52733421,
        -10.91582584,  -9.51817417,  -9.29301643, -14.70180035,  -9.87405968,
         -8.45263672,  -5.84205198,  -7.14799166, -13.00199509,  -6.39413118,
        -12.76316166,  -6.23013735,  -6.73514795,  -8.44436264, -10.20673180,
        -11.81336975, -13.39852810,  -6.21092081,  -9.08056259,  -9.25739288,
         -9.89861012,  -4.06042004,  -8.62736130, -13.23833466,  -8.05949879,
         -5.95004749,  -9.57758427,  -9.70944977,   0.06979457, -10.43669510,
        -11.58968163,  -9.88519764,  -7.73833466, -13.22610378, -12.11096764,
         -7.06299782, -10.16767216, -11.48265934,  -3.56256747,  -6.94587326,
        -11.27914238,  -9.54630947, -12.07573795, -10.52340221,  -8.59169483,
        -10.58339119,  -9.03314877, -10.82487011, -13.43622017, -12.20736694,
        -10.71657085, -15.21176052,  -6.86575794, -10.46975994,  -7.89622355,
         -8.10266590, -13.41591740,  -9.89855194,  -7.10476637,  -8.58394527,
         -8.48139381,  -6.42510891, -10.30436230, -11.03076363,  -7.65621281,
         -4.13846111, -10.93504238,  -9.40055847,  -9.83880901,  -1.78166783,
         -5.88303614,  -8.56513500, -12.27332497,  -7.16431856, -12.36223698,
        -12.63460636, -10.18962193, -11.17115784, -11.69837952, -11.70551109],
       device='cuda:0')
build_with_refined_bounds batch [1/1]
setting alpha for layer /input-4 start_node /124 with alignment adjustment
setting alpha for layer /input-12 start_node /124 with alignment adjustment
setting alpha for layer /input-20 start_node /124 with alignment adjustment
setting alpha for layer /input-28 start_node /124 with alignment adjustment
setting alpha for layer /input-36 start_node /124 with alignment adjustment
setting alpha for layer /input-44 start_node /124 with alignment adjustment
setting alpha for layer /input-52 start_node /124 with alignment adjustment
setting alpha for layer /input-60 start_node /124 with alignment adjustment
setting alpha for layer /input-68 start_node /124 with alignment adjustment
setting alpha for layer /123 start_node /124 with alignment adjustment
all alpha initialized
directly get lb and ub from refined bounds
c shape: torch.Size([1, 1, 100])
lA shapes: [torch.Size([1, 1, 64, 15, 15]), torch.Size([1, 1, 128, 8, 8]), torch.Size([1, 1, 128, 8, 8]), torch.Size([1, 1, 128, 8, 8]), torch.Size([1, 1, 128, 8, 8]), torch.Size([1, 1, 128, 4, 4]), torch.Size([1, 1, 128, 4, 4]), torch.Size([1, 1, 128, 4, 4]), torch.Size([1, 1, 128, 4, 4]), torch.Size([1, 1, 100])]
(alpha-)CROWN with fixed intermediate bounds: tensor([[-0.68151212]], device='cuda:0') tensor([[inf]], device='cuda:0')
Intermediate layers: /input,/input-8,/input-16,/input-24,/input-32,/input-40,/input-48,/input-56,/input-64,/input-72,/124
Keeping alphas for these layers: ['/124']
Keeping alphas for these layers: ['/124']
Node /input-4 input 0: size torch.Size([64, 15, 15]) unstable 534
Node /input-12 input 0: size torch.Size([128, 8, 8]) unstable 304
Node /input-20 input 0: size torch.Size([128, 8, 8]) unstable 170
Node /input-28 input 0: size torch.Size([128, 8, 8]) unstable 38
Node /input-36 input 0: size torch.Size([128, 8, 8]) unstable 0
Node /input-44 input 0: size torch.Size([128, 4, 4]) unstable 91
Node /input-52 input 0: size torch.Size([128, 4, 4]) unstable 0
Node /input-60 input 0: size torch.Size([128, 4, 4]) unstable 0
Node /input-68 input 0: size torch.Size([128, 4, 4]) unstable 0
Node /123 input 0: size torch.Size([100]) unstable 30
-----------------
# of unstable neurons: 1167
-----------------

BaB round 1
batch: 1
splitting decisions: 
split level 0: [/input-72, 31] 
split level 1: [/input-72, 42] 
split level 2: [/input-40, 1466] 
split level 3: [/input-72, 56] 
pruning_in_iteration open status: True
ratio of positive domain = 9 / 16 = 0.5625
pruning-in-iteration extra time: 0.0023169517517089844
Time: prepare 0.0004    bound 0.2278    transfer 0.0007    finalize 0.0003    func 0.2294    
Accumulated time: func 0.2294    prepare 0.0008    bound 0.2278    transfer 0.0007    finalize 0.0003    
Current worst splitting domains lb-rhs (depth):
-0.40147 (4), -0.39741 (4), -0.28069 (4), -0.23648 (4), -0.17896 (4), -0.16579 (4), -0.05100 (4), 
Length of domains: 7
Time: pickout 0.0006    decision 0.1279    set_bounds 0.0012    solve 0.2294    add 0.0010    
Accumulated time: pickout 0.0006    decision 0.1279    set_bounds 0.0012    solve 0.2294    add 0.0010    
Current (lb-rhs): -0.4014725685119629
7 domains visited
Cumulative time: 0.5553083419799805

BaB round 2
batch: 7
splitting decisions: 
split level 0: [/input-40, 1273] [/input-40, 1273] [/input-40, 1273] [/input-40, 1273] [/input-40, 1270] [/input-40, 1273] [/input-40, 1270] 
pruning_in_iteration open status: True
ratio of positive domain = 4 / 14 = 0.2857142857142857
pruning-in-iteration extra time: 0.0012710094451904297
Time: prepare 0.0007    bound 0.1183    transfer 0.0007    finalize 0.0003    func 0.1199    
Accumulated time: func 0.3492    prepare 0.0018    bound 0.3461    transfer 0.0014    finalize 0.0006    
Current worst splitting domains lb-rhs (depth):
-0.38605 (5), -0.38215 (5), -0.26392 (5), -0.21944 (5), -0.21284 (5), -0.15962 (5), -0.09758 (5), -0.09437 (5), -0.04557 (5), -0.01337 (5), 
Length of domains: 10
Time: pickout 0.0009    decision 0.0477    set_bounds 0.0008    solve 0.1199    add 0.0010    
Accumulated time: pickout 0.0015    decision 0.1756    set_bounds 0.0020    solve 0.3493    add 0.0019    
Current (lb-rhs): -0.38605427742004395
17 domains visited
Cumulative time: 0.7257015705108643

BaB round 3
batch: 10
splitting decisions: 
split level 0: [/input-40, 1270] [/input-40, 1270] [/input-40, 1270] [/input-40, 1270] [/input-40, 1273] [/input-40, 1270] [/input-40, 1273] [/input-40, 1270] [/input-40, 1273] [/input-40, 1273] 
pruning_in_iteration open status: False
ratio of positive domain = 4 / 20 = 0.19999999999999996
pruning-in-iteration extra time: 4.1484832763671875e-05
Time: prepare 0.0008    bound 0.1141    transfer 0.0010    finalize 0.0003    func 0.1163    
Accumulated time: func 0.4655    prepare 0.0029    bound 0.4602    transfer 0.0024    finalize 0.0009    
Current worst splitting domains lb-rhs (depth):
-0.37126 (6), -0.36737 (6), -0.24571 (6), -0.21033 (6), -0.19921 (6), -0.19512 (6), -0.13968 (6), -0.13577 (6), -0.07778 (6), -0.07043 (6), -0.05707 (6), -0.02252 (6), -0.02097 (6), -0.01636 (6), -0.00976 (6), -0.00252 (6), 
Length of domains: 16
Time: pickout 0.0009    decision 0.0483    set_bounds 0.0009    solve 0.1163    add 0.0011    
Accumulated time: pickout 0.0024    decision 0.2239    set_bounds 0.0029    solve 0.4656    add 0.0030    
Current (lb-rhs): -0.3712618350982666
33 domains visited
Cumulative time: 0.8933577537536621

BaB round 4
batch: 16
splitting decisions: 
split level 0: [/input-72, 77] [/input-72, 77] [/input-72, 77] [/input-40, 1882] [/input-40, 794] [/input-40, 1882] [/input-72, 77] [/input-40, 1882] [/input-40, 1882] [/input-72, 77] 
pruning_in_iteration open status: True
ratio of positive domain = 15 / 32 = 0.46875
pruning-in-iteration extra time: 0.0030455589294433594
Time: prepare 0.0010    bound 0.1411    transfer 0.0014    finalize 0.0004    func 0.1439    
Accumulated time: func 0.6094    prepare 0.0042    bound 0.6013    transfer 0.0038    finalize 0.0013    
Current worst splitting domains lb-rhs (depth):
-0.36351 (7), -0.34456 (7), -0.22071 (7), -0.19555 (7), -0.18222 (7), -0.17270 (7), -0.16999 (7), -0.14046 (7), -0.13431 (7), -0.10961 (7), -0.06694 (7), -0.04809 (7), -0.03128 (7), -0.01388 (7), -0.01324 (7), -0.01224 (7), -0.00409 (7), 
Length of domains: 17
Time: pickout 0.0009    decision 0.0478    set_bounds 0.0014    solve 0.1440    add 0.0013    
Accumulated time: pickout 0.0033    decision 0.2718    set_bounds 0.0042    solve 0.6096    add 0.0043    
Current (lb-rhs): -0.3635060787200928
50 domains visited
Cumulative time: 1.0890822410583496

BaB round 5
batch: 17
splitting decisions: 
split level 0: [/input-72, 89] [/input-72, 77] [/input-72, 77] [/input-72, 77] [/input-72, 89] [/input-72, 89] [/input-72, 77] [/input-72, 77] [/input-72, 89] [/input-72, 89] 
pruning_in_iteration open status: True
ratio of positive domain = 18 / 34 = 0.5294117647058824
pruning-in-iteration extra time: 0.0028924942016601562
Time: prepare 0.0013    bound 0.1254    transfer 0.0011    finalize 0.0005    func 0.1283    
Accumulated time: func 0.7378    prepare 0.0058    bound 0.7267    transfer 0.0049    finalize 0.0019    
Current worst splitting domains lb-rhs (depth):
-0.33650 (8), -0.32983 (8), -0.21696 (8), -0.16974 (8), -0.16857 (8), -0.16818 (8), -0.14966 (8), -0.14670 (8), -0.10741 (8), -0.09580 (8), -0.04177 (8), -0.04075 (8), -0.02252 (8), -0.01729 (8), -0.00979 (8), -0.00032 (8), 
Length of domains: 16
Time: pickout 0.0008    decision 0.0496    set_bounds 0.0012    solve 0.1284    add 0.0014    
Accumulated time: pickout 0.0042    decision 0.3214    set_bounds 0.0054    solve 0.7380    add 0.0056    
Current (lb-rhs): -0.3364989757537842
66 domains visited
Cumulative time: 1.2707388401031494

BaB round 6
batch: 16
splitting decisions: 
split level 0: [/input-40, 1882] [/input-72, 89] [/input-72, 89] [/input-72, 77] [/input-72, 87] [/input-72, 89] [/input-40, 1882] [/input-40, 1882] [/input-40, 1882] [/input-72, 89] 
pruning_in_iteration open status: True
ratio of positive domain = 18 / 32 = 0.5625
pruning-in-iteration extra time: 0.0030274391174316406
Time: prepare 0.0011    bound 0.1258    transfer 0.0018    finalize 0.0004    func 0.1292    
Accumulated time: func 0.8670    prepare 0.0073    bound 0.8525    transfer 0.0067    finalize 0.0023    
Current worst splitting domains lb-rhs (depth):
-0.32171 (9), -0.30517 (9), -0.20253 (9), -0.16540 (9), -0.15477 (9), -0.14918 (9), -0.14810 (9), -0.14325 (9), -0.13237 (9), -0.09365 (9), -0.09296 (9), -0.02797 (9), -0.02641 (9), -0.01483 (9), 
Length of domains: 14
Time: pickout 0.0009    decision 0.0483    set_bounds 0.0012    solve 0.1293    add 0.0010    
Accumulated time: pickout 0.0050    decision 0.3697    set_bounds 0.0066    solve 0.8673    add 0.0066    
Current (lb-rhs): -0.32170820236206055
80 domains visited
Cumulative time: 1.4515972137451172

BaB round 7
batch: 14
splitting decisions: 
split level 0: [/input-72, 87] [/input-72, 87] [/input-40, 1882] [/input-72, 87] [/input-72, 87] [/input-72, 87] [/input-72, 87] [/input-72, 87] [/input-72, 87] [/input-72, 87] 
pruning_in_iteration open status: True
ratio of positive domain = 13 / 28 = 0.4642857142857143
pruning-in-iteration extra time: 0.0028989315032958984
Time: prepare 0.0010    bound 0.1329    transfer 0.0009    finalize 0.0003    func 0.1351    
Accumulated time: func 1.0021    prepare 0.0086    bound 0.9854    transfer 0.0077    finalize 0.0026    
Current worst splitting domains lb-rhs (depth):
-0.30183 (10), -0.29708 (10), -0.17580 (10), -0.13854 (10), -0.13842 (10), -0.13472 (10), -0.12429 (10), -0.11953 (10), -0.11666 (10), -0.10537 (10), -0.07154 (10), -0.06338 (10), -0.06289 (10), -0.06234 (10), -0.04776 (10), 
Length of domains: 15
Time: pickout 0.0008    decision 0.0488    set_bounds 0.0011    solve 0.1352    add 0.0011    
Accumulated time: pickout 0.0059    decision 0.4185    set_bounds 0.0077    solve 1.0025    add 0.0077    
Current (lb-rhs): -0.3018321990966797
95 domains visited
Cumulative time: 1.6388590335845947

BaB round 8
batch: 15
splitting decisions: 
split level 0: [/input-72, 14] [/input-72, 14] [/input-72, 14] [/input-40, 794] [/input-40, 794] [/input-40, 1882] [/input-40, 1269] [/input-40, 1269] [/input-72, 14] [/input-40, 1269] 
pruning_in_iteration open status: True
ratio of positive domain = 12 / 30 = 0.4
pruning-in-iteration extra time: 0.002469301223754883
Time: prepare 0.0010    bound 0.1163    transfer 0.0010    finalize 0.0004    func 0.1188    
Accumulated time: func 1.1209    prepare 0.0099    bound 1.1017    transfer 0.0087    finalize 0.0030    
Current worst splitting domains lb-rhs (depth):
-0.29850 (11), -0.29374 (11), -0.13792 (11), -0.12862 (11), -0.12072 (11), -0.11900 (11), -0.11794 (11), -0.11614 (11), -0.11355 (11), -0.10460 (11), -0.10140 (11), -0.08805 (11), -0.05643 (11), -0.05550 (11), -0.05187 (11), -0.05058 (11), -0.04004 (11), -0.00663 (11), 
Length of domains: 18
Time: pickout 0.0008    decision 0.0482    set_bounds 0.0012    solve 0.1188    add 0.0012    
Accumulated time: pickout 0.0067    decision 0.4667    set_bounds 0.0088    solve 1.1213    add 0.0090    
Current (lb-rhs): -0.29850316047668457
113 domains visited
Cumulative time: 1.8092610836029053

BaB round 9
batch: 18
splitting decisions: 
split level 0: [/input-40, 1881] [/input-40, 1881] [/input-40, 1881] [/input-40, 1881] [/input-40, 1881] [/input-40, 794] [/input-40, 1881] [/input-72, 14] [/input-72, 14] [/input-40, 794] 
pruning_in_iteration open status: True
ratio of positive domain = 11 / 36 = 0.3055555555555556
pruning-in-iteration extra time: 0.00220489501953125
Time: prepare 0.0011    bound 0.1295    transfer 0.0015    finalize 0.0006    func 0.1327    
Accumulated time: func 1.2536    prepare 0.0113    bound 1.2311    transfer 0.0102    finalize 0.0036    
Current worst splitting domains lb-rhs (depth):
-0.28356 (12), -0.25206 (12), -0.24712 (12), -0.11437 (12), -0.10679 (12), -0.10652 (12), -0.10034 (12), -0.09530 (12), -0.09373 (12), -0.07960 (12), -0.07771 (12), -0.06708 (12), -0.06376 (12), -0.06369 (12), -0.06360 (12), -0.04815 (12), -0.04607 (12), -0.04446 (12), -0.04277 (12), -0.03448 (12), 
Length of domains: 25
Time: pickout 0.0008    decision 0.0478    set_bounds 0.0012    solve 0.1327    add 0.0021    
Accumulated time: pickout 0.0075    decision 0.5145    set_bounds 0.0100    solve 1.2540    add 0.0111    
Current (lb-rhs): -0.2835574150085449
138 domains visited
Cumulative time: 1.9941508769989014

BaB round 10
batch: 25
splitting decisions: 
split level 0: [/input-72, 7] [/input-40, 1269] [/input-72, 14] [/input-72, 14] [/input-72, 7] [/input-40, 1881] [/input-40, 1881] [/input-40, 1881] [/input-40, 1881] [/input-72, 7] 
pruning_in_iteration open status: True
ratio of positive domain = 22 / 50 = 0.43999999999999995
pruning-in-iteration extra time: 0.002846956253051758
Time: prepare 0.0016    bound 0.1300    transfer 0.0021    finalize 0.0007    func 0.1344    
Accumulated time: func 1.3880    prepare 0.0132    bound 1.3611    transfer 0.0123    finalize 0.0043    
Current worst splitting domains lb-rhs (depth):
-0.23480 (13), -0.23046 (13), -0.21515 (13), -0.21059 (13), -0.18856 (13), -0.18384 (13), -0.10117 (13), -0.08680 (13), -0.07982 (13), -0.07340 (13), -0.06301 (13), -0.05514 (13), -0.05424 (13), -0.04921 (13), -0.04640 (13), -0.04572 (13), -0.04181 (13), -0.03623 (13), -0.03572 (13), -0.02976 (13), 
Length of domains: 28
Time: pickout 0.0010    decision 0.0477    set_bounds 0.0015    solve 0.1344    add 0.0022    
Accumulated time: pickout 0.0085    decision 0.5622    set_bounds 0.0114    solve 1.3884    add 0.0133    
Current (lb-rhs): -0.23480463027954102
166 domains visited
Cumulative time: 2.181225538253784

BaB round 11
batch: 28
splitting decisions: 
split level 0: [/input-72, 96] [/input-72, 7] [/input-72, 7] [/input-72, 96] [/input-72, 7] [/input-72, 7] [/input-72, 7] [/input-72, 96] [/input-72, 96] [/input-72, 7] 
pruning_in_iteration open status: True
ratio of positive domain = 29 / 56 = 0.5178571428571428
pruning-in-iteration extra time: 0.0028231143951416016
Time: prepare 0.0016    bound 0.1254    transfer 0.0016    finalize 0.0007    func 0.1293    
Accumulated time: func 1.5173    prepare 0.0151    bound 1.4865    transfer 0.0139    finalize 0.0050    
Current worst splitting domains lb-rhs (depth):
-0.20279 (14), -0.19810 (14), -0.19758 (14), -0.19346 (14), -0.17440 (14), -0.17259 (14), -0.16926 (14), -0.16679 (14), -0.08725 (14), -0.07295 (14), -0.06575 (14), -0.04896 (14), -0.04020 (14), -0.03716 (14), -0.03437 (14), -0.03402 (14), -0.02761 (14), -0.02388 (14), -0.02168 (14), -0.02125 (14), 
Length of domains: 27
Time: pickout 0.0010    decision 0.0497    set_bounds 0.0017    solve 0.1293    add 0.0022    
Accumulated time: pickout 0.0094    decision 0.6119    set_bounds 0.0131    solve 1.5177    add 0.0155    
Current (lb-rhs): -0.2027890682220459
193 domains visited
Cumulative time: 2.36539363861084

BaB round 12
batch: 27
splitting decisions: 
split level 0: [/input-72, 96] [/input-24, 7450] [/input-72, 96] [/input-72, 96] [/input-72, 96] [/input-72, 96] [/input-16, 173] [/input-16, 173] [/input-72, 96] [/input-72, 96] 
pruning_in_iteration open status: True
ratio of positive domain = 24 / 54 = 0.4444444444444444
pruning-in-iteration extra time: 0.0028972625732421875
Time: prepare 0.0017    bound 0.1409    transfer 0.0015    finalize 0.0008    func 0.1449    
Accumulated time: func 1.6622    prepare 0.0171    bound 1.6274    transfer 0.0154    finalize 0.0057    
Current worst splitting domains lb-rhs (depth):
-0.19233 (15), -0.18836 (15), -0.18781 (15), -0.18301 (15), -0.16621 (15), -0.16092 (15), -0.15919 (15), -0.15397 (15), -0.08281 (15), -0.08226 (15), -0.07082 (15), -0.06439 (15), -0.06028 (15), -0.05676 (15), -0.04961 (15), -0.03323 (15), -0.03022 (15), -0.02688 (15), -0.02613 (15), -0.01893 (15), 
Length of domains: 30
Time: pickout 0.0010    decision 0.0491    set_bounds 0.0015    solve 0.1450    add 0.0019    
Accumulated time: pickout 0.0104    decision 0.6610    set_bounds 0.0146    solve 1.6627    add 0.0174    
Current (lb-rhs): -0.19232654571533203
223 domains visited
Cumulative time: 2.5640814304351807

BaB round 13
batch: 30
splitting decisions: 
split level 0: [/input-72, 9] [/input-72, 96] [/input-24, 7450] [/input-72, 7] [/input-72, 7] [/input-72, 9] [/input-72, 96] [/input-72, 9] [/input-72, 96] [/input-72, 7] 
pruning_in_iteration open status: True
ratio of positive domain = 32 / 60 = 0.5333333333333333
pruning-in-iteration extra time: 0.0031075477600097656
Time: prepare 0.0021    bound 0.1488    transfer 0.0016    finalize 0.0009    func 0.1534    
Accumulated time: func 1.8156    prepare 0.0196    bound 1.7762    transfer 0.0170    finalize 0.0066    
Current worst splitting domains lb-rhs (depth):
-0.18127 (16), -0.17935 (16), -0.17674 (16), -0.17509 (16), -0.15228 (16), -0.14811 (16), -0.14700 (16), -0.14393 (16), -0.06912 (16), -0.06025 (16), -0.05806 (16), -0.05194 (16), -0.05172 (16), -0.04954 (16), -0.04092 (16), -0.03621 (16), -0.03031 (16), -0.02985 (16), -0.02603 (16), -0.01887 (16), 
Length of domains: 28
Time: pickout 0.0013    decision 0.0518    set_bounds 0.0018    solve 0.1534    add 0.0023    
Accumulated time: pickout 0.0117    decision 0.7128    set_bounds 0.0163    solve 1.8161    add 0.0196    
Current (lb-rhs): -0.18126630783081055
251 domains visited
Cumulative time: 2.775050401687622

BaB round 14
batch: 28
splitting decisions: 
split level 0: [/input-24, 7450] [/input-72, 9] [/input-24, 7450] [/input-24, 7450] [/input-24, 7450] [/input-24, 7450] [/input-72, 96] [/input-40, 1654] [/input-40, 1654] [/input-16, 4067] 
pruning_in_iteration open status: True
ratio of positive domain = 26 / 56 = 0.4642857142857143
pruning-in-iteration extra time: 0.002930879592895508
Time: prepare 0.0020    bound 0.1396    transfer 0.0015    finalize 0.0008    func 0.1439    
Accumulated time: func 1.9594    prepare 0.0219    bound 1.9158    transfer 0.0184    finalize 0.0074    
Current worst splitting domains lb-rhs (depth):
-0.16912 (17), -0.16571 (17), -0.16385 (17), -0.16140 (17), -0.14108 (17), -0.13669 (17), -0.13302 (17), -0.12184 (17), -0.11598 (17), -0.08649 (17), -0.07801 (17), -0.07251 (17), -0.05424 (17), -0.05293 (17), -0.05093 (17), -0.04817 (17), -0.04598 (17), -0.04459 (17), -0.04426 (17), -0.03214 (17), 
Length of domains: 30
Time: pickout 0.0011    decision 0.0487    set_bounds 0.0017    solve 0.1439    add 0.0018    
Accumulated time: pickout 0.0128    decision 0.7615    set_bounds 0.0181    solve 1.9600    add 0.0214    
Current (lb-rhs): -0.16911697387695312
281 domains visited
Cumulative time: 2.9726271629333496

BaB round 15
batch: 30
splitting decisions: 
split level 0: [/input-16, 165] [/input-40, 1654] [/input-72, 96] [/input-16, 173] [/input-16, 173] [/input-40, 1654] [/input-24, 6675] [/input-8, 1070] [/input-24, 6675] [/input-72, 96] 
pruning_in_iteration open status: True
ratio of positive domain = 24 / 60 = 0.4
pruning-in-iteration extra time: 0.0026595592498779297
Time: prepare 0.0023    bound 0.1524    transfer 0.0016    finalize 0.0008    func 0.1571    
Accumulated time: func 2.1166    prepare 0.0244    bound 2.0683    transfer 0.0201    finalize 0.0082    
Current worst splitting domains lb-rhs (depth):
-0.15409 (18), -0.15358 (18), -0.14379 (18), -0.14314 (18), -0.13914 (18), -0.13168 (18), -0.13059 (18), -0.12540 (18), -0.11406 (18), -0.11042 (18), -0.10973 (18), -0.10627 (18), -0.07549 (18), -0.06647 (18), -0.06519 (18), -0.05574 (18), -0.04812 (18), -0.04258 (18), -0.03696 (18), -0.03690 (18), 
Length of domains: 36
Time: pickout 0.0012    decision 0.0485    set_bounds 0.0016    solve 0.1572    add 0.0023    
Accumulated time: pickout 0.0140    decision 0.8100    set_bounds 0.0196    solve 2.1172    add 0.0238    
Current (lb-rhs): -0.15409278869628906
317 domains visited
Cumulative time: 3.1837589740753174

BaB round 16
batch: 36
splitting decisions: 
split level 0: [/input-16, 165] [/input-40, 1654] [/input-40, 1654] [/input-40, 1654] [/input-72, 9] [/input-40, 1654] [/input-24, 7450] [/input-40, 213] [/input-40, 213] [/input-16, 4067] 
pruning_in_iteration open status: True
ratio of positive domain = 19 / 72 = 0.26388888888888884
pruning-in-iteration extra time: 0.0024957656860351562
Time: prepare 0.0026    bound 0.1492    transfer 0.0023    finalize 0.0010    func 0.1550    
Accumulated time: func 2.2716    prepare 0.0273    bound 2.2175    transfer 0.0223    finalize 0.0092    
Current worst splitting domains lb-rhs (depth):
-0.14669 (19), -0.13799 (19), -0.13650 (19), -0.13174 (19), -0.12756 (19), -0.11587 (19), -0.10993 (19), -0.10793 (19), -0.10464 (19), -0.10284 (19), -0.10199 (19), -0.09851 (19), -0.09556 (19), -0.09125 (19), -0.06695 (19), -0.06124 (19), -0.05801 (19), -0.05619 (19), -0.05414 (19), -0.04699 (19), 
Length of domains: 53
Time: pickout 0.0013    decision 0.0501    set_bounds 0.0017    solve 0.1551    add 0.0037    
Accumulated time: pickout 0.0154    decision 0.8600    set_bounds 0.0213    solve 2.2722    add 0.0275    
Current (lb-rhs): -0.14669394493103027
370 domains visited
Cumulative time: 3.3959646224975586

BaB round 17
batch: 53
splitting decisions: 
split level 0: [/input-72, 9] [/input-24, 7450] [/input-72, 9] [/input-72, 9] [/input-24, 6676] [/input-24, 6676] [/input-40, 213] [/input-40, 213] [/input-40, 213] [/input-40, 213] 
pruning_in_iteration open status: True
ratio of positive domain = 52 / 106 = 0.49056603773584906
pruning-in-iteration extra time: 0.002834320068359375
Time: prepare 0.0036    bound 0.1463    transfer 0.0042    finalize 0.0013    func 0.1554    
Accumulated time: func 2.4270    prepare 0.0312    bound 2.3637    transfer 0.0265    finalize 0.0105    
Current worst splitting domains lb-rhs (depth):
-0.14045 (20), -0.13019 (20), -0.12550 (20), -0.12029 (20), -0.11736 (20), -0.10856 (20), -0.10772 (20), -0.10034 (20), -0.09528 (20), -0.09438 (20), -0.09401 (20), -0.09019 (20), -0.08905 (20), -0.08730 (20), -0.08359 (20), -0.05021 (20), -0.04907 (20), -0.04301 (20), -0.04004 (20), -0.03113 (20), 
Length of domains: 54
Time: pickout 0.0016    decision 0.0494    set_bounds 0.0024    solve 0.1555    add 0.0039    
Accumulated time: pickout 0.0170    decision 0.9095    set_bounds 0.0238    solve 2.4277    add 0.0314    
Current (lb-rhs): -0.14044952392578125
424 domains visited
Cumulative time: 3.6093225479125977

BaB round 18
batch: 54
splitting decisions: 
split level 0: [/input-16, 165] [/input-16, 165] [/input-16, 165] [/input-16, 165] [/input-40, 629] [/input-24, 6676] [/input-24, 6675] [/input-40, 213] [/input-16, 165] [/input-40, 1729] 
pruning_in_iteration open status: True
ratio of positive domain = 65 / 108 = 0.6018518518518519
pruning-in-iteration extra time: 0.002958536148071289
Time: prepare 0.0037    bound 0.1633    transfer 0.0025    finalize 0.0013    func 0.1709    
Accumulated time: func 2.5979    prepare 0.0353    bound 2.5270    transfer 0.0290    finalize 0.0118    
Current worst splitting domains lb-rhs (depth):
-0.12278 (21), -0.11810 (21), -0.11805 (21), -0.11495 (21), -0.11313 (21), -0.11009 (21), -0.10218 (21), -0.10040 (21), -0.09135 (21), -0.08652 (21), -0.08624 (21), -0.08529 (21), -0.08168 (21), -0.08115 (21), -0.07242 (21), -0.06894 (21), -0.04085 (21), -0.03493 (21), -0.03259 (21), -0.03251 (21), 
Length of domains: 43
Time: pickout 0.0017    decision 0.0499    set_bounds 0.0025    solve 0.1710    add 0.0028    
Accumulated time: pickout 0.0187    decision 0.9593    set_bounds 0.0263    solve 2.5986    add 0.0342    
Current (lb-rhs): -0.12278151512145996
467 domains visited
Cumulative time: 3.8376879692077637

BaB round 19
batch: 43
splitting decisions: 
split level 0: [/input-40, 629] [/input-40, 213] [/input-16, 165] [/input-16, 4067] [/input-16, 4067] [/input-16, 4067] [/input-16, 4067] [/input-16, 165] [/input-40, 629] [/input-16, 165] 
pruning_in_iteration open status: True
ratio of positive domain = 49 / 86 = 0.5697674418604651
pruning-in-iteration extra time: 0.0029115676879882812
Time: prepare 0.0031    bound 0.1557    transfer 0.0021    finalize 0.0010    func 0.1620    
Accumulated time: func 2.7599    prepare 0.0387    bound 2.6827    transfer 0.0311    finalize 0.0128    
Current worst splitting domains lb-rhs (depth):
-0.11400 (22), -0.10948 (22), -0.10932 (22), -0.10751 (22), -0.10614 (22), -0.10280 (22), -0.09523 (22), -0.09511 (22), -0.08539 (22), -0.08003 (22), -0.07934 (22), -0.07853 (22), -0.07486 (22), -0.07415 (22), -0.06519 (22), -0.06139 (22), -0.03358 (22), -0.02664 (22), -0.02613 (22), -0.02451 (22), 
Length of domains: 37
Time: pickout 0.0015    decision 0.0513    set_bounds 0.0021    solve 0.1621    add 0.0023    
Accumulated time: pickout 0.0202    decision 1.0106    set_bounds 0.0284    solve 2.7607    add 0.0364    
Current (lb-rhs): -0.1139988899230957
504 domains visited
Cumulative time: 4.057455778121948

BaB round 20
batch: 37
splitting decisions: 
split level 0: [/input-40, 629] [/input-16, 165] [/input-24, 7450] [/input-24, 7450] [/input-24, 6675] [/input-24, 6675] [/input-16, 165] [/input-24, 6675] [/input-40, 1729] [/input-16, 4067] 
pruning_in_iteration open status: True
ratio of positive domain = 44 / 74 = 0.5945945945945945
pruning-in-iteration extra time: 0.002893209457397461
Time: prepare 0.0028    bound 0.1519    transfer 0.0019    finalize 0.0009    func 0.1576    
Accumulated time: func 2.9175    prepare 0.0418    bound 2.8347    transfer 0.0330    finalize 0.0138    
Current worst splitting domains lb-rhs (depth):
-0.10608 (23), -0.10160 (23), -0.10142 (23), -0.10122 (23), -0.09839 (23), -0.09744 (23), -0.08957 (23), -0.08806 (23), -0.07918 (23), -0.07324 (23), -0.07214 (23), -0.07024 (23), -0.06699 (23), -0.06526 (23), -0.05735 (23), -0.05590 (23), -0.04143 (23), -0.04139 (23), -0.03622 (23), -0.03478 (23), 
Length of domains: 30
Time: pickout 0.0015    decision 0.0496    set_bounds 0.0021    solve 0.1576    add 0.0019    
Accumulated time: pickout 0.0217    decision 1.0603    set_bounds 0.0305    solve 2.9183    add 0.0383    
Current (lb-rhs): -0.10608482360839844
534 domains visited
Cumulative time: 4.270661115646362

BaB round 21
batch: 30
splitting decisions: 
split level 0: [/input-16, 165] [/input-16, 165] [/input-24, 6676] [/input-16, 165] [/input-24, 6676] [/input-40, 629] [/input-40, 629] [/input-40, 1729] [/input-40, 629] [/input-40, 629] 
pruning_in_iteration open status: True
ratio of positive domain = 31 / 60 = 0.5166666666666666
pruning-in-iteration extra time: 0.0029366016387939453
Time: prepare 0.0023    bound 0.1402    transfer 0.0017    finalize 0.0008    func 0.1450    
Accumulated time: func 3.0624    prepare 0.0444    bound 2.9749    transfer 0.0347    finalize 0.0145    
Current worst splitting domains lb-rhs (depth):
-0.10078 (24), -0.09639 (24), -0.09610 (24), -0.09559 (24), -0.09340 (24), -0.09165 (24), -0.08186 (24), -0.08005 (24), -0.07133 (24), -0.06630 (24), -0.06558 (24), -0.06443 (24), -0.06126 (24), -0.05797 (24), -0.05175 (24), -0.04798 (24), -0.03122 (24), -0.03090 (24), -0.02907 (24), -0.02727 (24), 
Length of domains: 29
Time: pickout 0.0014    decision 0.0480    set_bounds 0.0017    solve 0.1450    add 0.0020    
Accumulated time: pickout 0.0230    decision 1.1083    set_bounds 0.0322    solve 3.0633    add 0.0403    
Current (lb-rhs): -0.10078120231628418
563 domains visited
Cumulative time: 4.469151258468628

BaB round 22
batch: 29
splitting decisions: 
split level 0: [/input-16, 173] [/input-16, 173] [/input-40, 629] [/input-40, 1729] [/input-40, 629] [/input-40, 822] [/input-24, 6675] [/input-40, 1729] [/input-8, 1070] [/input-16, 173] 
pruning_in_iteration open status: True
ratio of positive domain = 27 / 58 = 0.4655172413793104
pruning-in-iteration extra time: 0.0028924942016601562
Time: prepare 0.0023    bound 0.1417    transfer 0.0016    finalize 0.0008    func 0.1465    
Accumulated time: func 3.2089    prepare 0.0471    bound 3.1166    transfer 0.0363    finalize 0.0153    
Current worst splitting domains lb-rhs (depth):
-0.09193 (25), -0.09160 (25), -0.08871 (25), -0.08758 (25), -0.08710 (25), -0.08346 (25), -0.07627 (25), -0.07481 (25), -0.07419 (25), -0.07134 (25), -0.06196 (25), -0.05714 (25), -0.05706 (25), -0.05651 (25), -0.05621 (25), -0.05231 (25), -0.04544 (25), -0.04424 (25), -0.04121 (25), -0.03980 (25), 
Length of domains: 31
Time: pickout 0.0014    decision 0.0507    set_bounds 0.0017    solve 0.1465    add 0.0019    
Accumulated time: pickout 0.0244    decision 1.1590    set_bounds 0.0339    solve 3.2098    add 0.0422    
Current (lb-rhs): -0.09192681312561035
594 domains visited
Cumulative time: 4.671740531921387

BaB round 23
batch: 31
splitting decisions: 
split level 0: [/input-40, 1729] [/input-40, 1729] [/input-16, 173] [/input-16, 173] [/input-24, 6676] [/input-40, 1729] [/input-40, 1729] [/input-16, 173] [/input-40, 1729] [/input-16, 173] 
pruning_in_iteration open status: True
ratio of positive domain = 28 / 62 = 0.4516129032258065
pruning-in-iteration extra time: 0.002901792526245117
Time: prepare 0.0025    bound 0.1433    transfer 0.0016    finalize 0.0008    func 0.1482    
Accumulated time: func 3.3571    prepare 0.0498    bound 3.2599    transfer 0.0379    finalize 0.0161    
Current worst splitting domains lb-rhs (depth):
-0.08515 (26), -0.08276 (26), -0.08246 (26), -0.08046 (26), -0.07962 (26), -0.07825 (26), -0.07143 (26), -0.07028 (26), -0.06989 (26), -0.06849 (26), -0.06611 (26), -0.06596 (26), -0.06391 (26), -0.05695 (26), -0.05218 (26), -0.05146 (26), -0.05139 (26), -0.04730 (26), -0.04255 (26), -0.03879 (26), 
Length of domains: 34
Time: pickout 0.0014    decision 0.0507    set_bounds 0.0020    solve 0.1482    add 0.0019    
Accumulated time: pickout 0.0258    decision 1.2097    set_bounds 0.0359    solve 3.3580    add 0.0441    
Current (lb-rhs): -0.08514523506164551
628 domains visited
Cumulative time: 4.876240491867065

BaB round 24
batch: 34
splitting decisions: 
split level 0: [/input-8, 1070] [/input-8, 1070] [/input-8, 1070] [/input-8, 1070] [/input-40, 951] [/input-40, 951] [/input-8, 1070] [/input-40, 951] [/input-8, 1070] [/input-40, 951] 
pruning_in_iteration open status: True
ratio of positive domain = 23 / 68 = 0.3382352941176471
pruning-in-iteration extra time: 0.0022008419036865234
Time: prepare 0.0026    bound 0.1407    transfer 0.0017    finalize 0.0008    func 0.1459    
Accumulated time: func 3.5030    prepare 0.0528    bound 3.4005    transfer 0.0396    finalize 0.0169    
Current worst splitting domains lb-rhs (depth):
-0.08046 (27), -0.07596 (27), -0.07578 (27), -0.07287 (27), -0.07148 (27), -0.07101 (27), -0.06647 (27), -0.06372 (27), -0.06295 (27), -0.06220 (27), -0.06175 (27), -0.06154 (27), -0.05946 (27), -0.05894 (27), -0.05847 (27), -0.05764 (27), -0.05647 (27), -0.04860 (27), -0.04858 (27), -0.04505 (27), 
Length of domains: 45
Time: pickout 0.0014    decision 0.0498    set_bounds 0.0017    solve 0.1459    add 0.0024    
Accumulated time: pickout 0.0273    decision 1.2595    set_bounds 0.0376    solve 3.5039    add 0.0465    
Current (lb-rhs): -0.08046221733093262
673 domains visited
Cumulative time: 5.077877759933472

BaB round 25
batch: 45
splitting decisions: 
split level 0: [/input-40, 951] [/input-40, 951] [/input-40, 951] [/input-8, 1070] [/input-8, 1070] [/input-40, 951] [/input-8, 1070] [/input-40, 951] [/input-8, 1070] [/input-8, 1070] 
pruning_in_iteration open status: True
ratio of positive domain = 23 / 90 = 0.25555555555555554
pruning-in-iteration extra time: 0.0015614032745361328
Time: prepare 0.0034    bound 0.1398    transfer 0.0021    finalize 0.0013    func 0.1467    
Accumulated time: func 3.6496    prepare 0.0565    bound 3.5403    transfer 0.0418    finalize 0.0183    
Current worst splitting domains lb-rhs (depth):
-0.07344 (28), -0.07035 (28), -0.06898 (28), -0.06619 (28), -0.06611 (28), -0.06474 (28), -0.05953 (28), -0.05727 (28), -0.05581 (28), -0.05556 (28), -0.05512 (28), -0.05489 (28), -0.05280 (28), -0.05237 (28), -0.05205 (28), -0.05094 (28), -0.05014 (28), -0.05006 (28), -0.04405 (28), -0.04197 (28), 
Length of domains: 67
Time: pickout 0.0016    decision 0.0504    set_bounds 0.0019    solve 0.1467    add 0.0035    
Accumulated time: pickout 0.0289    decision 1.3099    set_bounds 0.0395    solve 3.6507    add 0.0500    
Current (lb-rhs): -0.07343530654907227
740 domains visited
Cumulative time: 5.282389879226685

BaB round 26
batch: 67
splitting decisions: 
split level 0: [/input-16, 4068] [/input-16, 4068] [/input-72, 64] [/input-72, 64] [/input-72, 64] [/input-72, 64] [/input-16, 4068] [/input-16, 4068] [/input-72, 64] [/input-72, 64] 
pruning_in_iteration open status: True
ratio of positive domain = 64 / 134 = 0.4776119402985075
pruning-in-iteration extra time: 0.002813100814819336
Time: prepare 0.0052    bound 0.1613    transfer 0.0054    finalize 0.0017    func 0.1736    
Accumulated time: func 3.8232    prepare 0.0621    bound 3.7016    transfer 0.0471    finalize 0.0200    
Current worst splitting domains lb-rhs (depth):
-0.06778 (29), -0.06368 (29), -0.06338 (29), -0.06048 (29), -0.05987 (29), -0.05533 (29), -0.05382 (29), -0.04983 (29), -0.04933 (29), -0.04905 (29), -0.04782 (29), -0.04650 (29), -0.04629 (29), -0.04623 (29), -0.04581 (29), -0.04551 (29), -0.04440 (29), -0.04416 (29), -0.04237 (29), -0.04059 (29), 
Length of domains: 70
Time: pickout 0.0022    decision 0.0525    set_bounds 0.0029    solve 0.1736    add 0.0048    
Accumulated time: pickout 0.0311    decision 1.3624    set_bounds 0.0424    solve 3.8243    add 0.0547    
Current (lb-rhs): -0.06778430938720703
810 domains visited
Cumulative time: 5.519024133682251

BaB round 27
batch: 70
splitting decisions: 
split level 0: [/input-72, 64] [/input-72, 64] [/input-24, 6773] [/input-24, 6773] [/input-24, 6773] [/input-24, 6773] [/input-24, 6773] [/input-40, 951] [/input-40, 951] [/input-72, 64] 
pruning_in_iteration open status: True
ratio of positive domain = 73 / 140 = 0.5214285714285714
pruning-in-iteration extra time: 0.002889871597290039
Time: prepare 0.0054    bound 0.1574    transfer 0.0030    finalize 0.0016    func 0.1675    
Accumulated time: func 3.9907    prepare 0.0678    bound 3.8590    transfer 0.0501    finalize 0.0216    
Current worst splitting domains lb-rhs (depth):
-0.06114 (30), -0.05720 (30), -0.05676 (30), -0.05396 (30), -0.05333 (30), -0.04896 (30), -0.04736 (30), -0.04367 (30), -0.04339 (30), -0.04253 (30), -0.04061 (30), -0.04001 (30), -0.03984 (30), -0.03894 (30), -0.03877 (30), -0.03792 (30), -0.03651 (30), -0.03588 (30), -0.03540 (30), -0.03441 (30), 
Length of domains: 67
Time: pickout 0.0022    decision 0.0517    set_bounds 0.0032    solve 0.1675    add 0.0041    
Accumulated time: pickout 0.0332    decision 1.4141    set_bounds 0.0456    solve 3.9918    add 0.0589    
Current (lb-rhs): -0.06113743782043457
877 domains visited
Cumulative time: 5.748416900634766

BaB round 28
batch: 67
splitting decisions: 
split level 0: [/input-40, 822] [/input-40, 822] [/input-40, 951] [/input-16, 4068] [/input-24, 6773] [/input-24, 6773] [/input-24, 6773] [/input-24, 6773] [/input-24, 6773] [/input-24, 6773] 
pruning_in_iteration open status: True
ratio of positive domain = 76 / 134 = 0.5671641791044777
pruning-in-iteration extra time: 0.0027806758880615234
Time: prepare 0.0051    bound 0.1350    transfer 0.0028    finalize 0.0019    func 0.1448    
Accumulated time: func 4.1355    prepare 0.0732    bound 3.9940    transfer 0.0529    finalize 0.0234    
Current worst splitting domains lb-rhs (depth):
-0.05656 (31), -0.05269 (31), -0.05217 (31), -0.04947 (31), -0.04463 (31), -0.04274 (31), -0.04019 (31), -0.03902 (31), -0.03884 (31), -0.03796 (31), -0.03603 (31), -0.03550 (31), -0.03530 (31), -0.03339 (31), -0.03220 (31), -0.03008 (31), -0.03002 (31), -0.02991 (31), -0.02713 (31), -0.02597 (31), 
Length of domains: 58
Time: pickout 0.0022    decision 0.0496    set_bounds 0.0030    solve 0.1449    add 0.0030    
Accumulated time: pickout 0.0355    decision 1.4637    set_bounds 0.0486    solve 4.1366    add 0.0618    
Current (lb-rhs): -0.056555747985839844
935 domains visited
Cumulative time: 5.951787233352661

BaB round 29
batch: 58
splitting decisions: 
split level 0: [/input-16, 4068] [/input-16, 4068] [/input-72, 64] [/input-72, 64] [/input-72, 64] [/input-16, 4068] [/input-72, 64] [/input-16, 7726] [/input-16, 4068] [/input-72, 64] 
pruning_in_iteration open status: True
ratio of positive domain = 65 / 116 = 0.5603448275862069
pruning-in-iteration extra time: 0.002893209457397461
Time: prepare 0.0046    bound 0.1433    transfer 0.0025    finalize 0.0013    func 0.1518    
Accumulated time: func 4.2873    prepare 0.0781    bound 4.1373    transfer 0.0555    finalize 0.0248    
Current worst splitting domains lb-rhs (depth):
-0.04898 (32), -0.04845 (32), -0.04840 (32), -0.04571 (32), -0.03808 (32), -0.03513 (32), -0.03448 (32), -0.03419 (32), -0.03371 (32), -0.03355 (32), -0.03228 (32), -0.03175 (32), -0.03158 (32), -0.02984 (32), -0.02962 (32), -0.02785 (32), -0.02551 (32), -0.02356 (32), -0.02354 (32), -0.02165 (32), 
Length of domains: 51
Time: pickout 0.0020    decision 0.0533    set_bounds 0.0027    solve 0.1518    add 0.0027    
Accumulated time: pickout 0.0375    decision 1.5170    set_bounds 0.0513    solve 4.2885    add 0.0645    
Current (lb-rhs): -0.04898333549499512
986 domains visited
Cumulative time: 6.164923191070557

BaB round 30
batch: 51
splitting decisions: 
split level 0: [/input-16, 4068] [/input-16, 1587] [/input-16, 1587] [/input-40, 951] [/input-40, 951] [/input-16, 7726] [/input-72, 64] [/input-16, 4068] [/input-16, 4068] [/input-72, 64] 
pruning_in_iteration open status: True
ratio of positive domain = 54 / 102 = 0.5294117647058824
pruning-in-iteration extra time: 0.0028562545776367188
Time: prepare 0.0040    bound 0.1431    transfer 0.0023    finalize 0.0012    func 0.1507    
Accumulated time: func 4.4380    prepare 0.0825    bound 4.2803    transfer 0.0578    finalize 0.0260    
Current worst splitting domains lb-rhs (depth):
-0.04480 (33), -0.04086 (33), -0.04020 (33), -0.03751 (33), -0.03276 (33), -0.03075 (33), -0.02932 (33), -0.02819 (33), -0.02785 (33), -0.02717 (33), -0.02686 (33), -0.02587 (33), -0.02520 (33), -0.02464 (33), -0.02336 (33), -0.02198 (33), -0.02136 (33), -0.02122 (33), -0.01985 (33), -0.01918 (33), 
Length of domains: 48
Time: pickout 0.0019    decision 0.0508    set_bounds 0.0026    solve 0.1507    add 0.0026    
Accumulated time: pickout 0.0394    decision 1.5678    set_bounds 0.0539    solve 4.4392    add 0.0672    
Current (lb-rhs): -0.04479789733886719
1034 domains visited
Cumulative time: 6.374211072921753

BaB round 31
batch: 48
splitting decisions: 
split level 0: [/input-16, 4068] [/input-16, 4068] [/input-72, 64] [/input-72, 64] [/input-40, 951] [/input-40, 614] [/input-16, 7726] [/input-24, 6773] [/input-24, 6773] [/input-24, 6773] 
pruning_in_iteration open status: True
ratio of positive domain = 56 / 96 = 0.5833333333333333
pruning-in-iteration extra time: 0.002782106399536133
Time: prepare 0.0038    bound 0.1407    transfer 0.0022    finalize 0.0011    func 0.1477    
Accumulated time: func 4.5858    prepare 0.0866    bound 4.4210    transfer 0.0600    finalize 0.0271    
Current worst splitting domains lb-rhs (depth):
-0.04043 (34), -0.03645 (34), -0.03582 (34), -0.03313 (34), -0.02839 (34), -0.02587 (34), -0.02376 (34), -0.02197 (34), -0.02114 (34), -0.02099 (34), -0.01959 (34), -0.01949 (34), -0.01899 (34), -0.01848 (34), -0.01695 (34), -0.01679 (34), -0.01513 (34), -0.01500 (34), -0.01453 (34), -0.01375 (34), 
Length of domains: 40
Time: pickout 0.0019    decision 0.0497    set_bounds 0.0023    solve 0.1479    add 0.0022    
Accumulated time: pickout 0.0413    decision 1.6176    set_bounds 0.0562    solve 4.5871    add 0.0694    
Current (lb-rhs): -0.04042506217956543
1074 domains visited
Cumulative time: 6.578706741333008

BaB round 32
batch: 40
splitting decisions: 
split level 0: [/input-40, 1272] [/input-16, 1587] [/input-8, 2980] [/input-8, 4059] [/input-8, 4059] [/input-40, 1272] [/input-8, 4059] [/input-8, 4059] [/input-8, 4059] [/input-8, 2980] 
pruning_in_iteration open status: True
ratio of positive domain = 40 / 80 = 0.5
pruning-in-iteration extra time: 0.0028171539306640625
Time: prepare 0.0030    bound 0.1427    transfer 0.0019    finalize 0.0010    func 0.1486    
Accumulated time: func 4.7344    prepare 0.0899    bound 4.5637    transfer 0.0618    finalize 0.0280    
Current worst splitting domains lb-rhs (depth):
-0.03544 (35), -0.03233 (35), -0.03072 (35), -0.02792 (35), -0.02379 (35), -0.02367 (35), -0.02096 (35), -0.01988 (35), -0.01885 (35), -0.01844 (35), -0.01787 (35), -0.01757 (35), -0.01597 (35), -0.01483 (35), -0.01464 (35), -0.01451 (35), -0.01330 (35), -0.01250 (35), -0.01184 (35), -0.01058 (35), 
Length of domains: 40
Time: pickout 0.0017    decision 0.0493    set_bounds 0.0020    solve 0.1487    add 0.0022    
Accumulated time: pickout 0.0429    decision 1.6668    set_bounds 0.0582    solve 4.7357    add 0.0716    
Current (lb-rhs): -0.03543543815612793
1114 domains visited
Cumulative time: 6.782981872558594

BaB round 33
batch: 40
splitting decisions: 
split level 0: [/input-40, 614] [/input-40, 614] [/input-40, 614] [/input-40, 614] [/input-8, 2980] [/input-8, 4059] [/input-40, 614] [/input-40, 614] [/input-40, 614] [/input-40, 614] 
pruning_in_iteration open status: True
ratio of positive domain = 50 / 80 = 0.625
pruning-in-iteration extra time: 0.0028641223907470703
Time: prepare 0.0032    bound 0.1366    transfer 0.0019    finalize 0.0009    func 0.1427    
Accumulated time: func 4.8771    prepare 0.0935    bound 4.7003    transfer 0.0637    finalize 0.0290    
Current worst splitting domains lb-rhs (depth):
-0.03027 (36), -0.02733 (36), -0.02558 (36), -0.02274 (36), -0.01877 (36), -0.01869 (36), -0.01586 (36), -0.01479 (36), -0.01425 (36), -0.01347 (36), -0.01293 (36), -0.01269 (36), -0.01075 (36), -0.00970 (36), -0.00945 (36), -0.00940 (36), -0.00817 (36), -0.00659 (36), -0.00565 (36), -0.00541 (36), 
Length of domains: 30
Time: pickout 0.0017    decision 0.0501    set_bounds 0.0019    solve 0.1427    add 0.0018    
Accumulated time: pickout 0.0446    decision 1.7169    set_bounds 0.0601    solve 4.8785    add 0.0733    
Current (lb-rhs): -0.030271291732788086
1144 domains visited
Cumulative time: 6.981657981872559

BaB round 34
batch: 30
splitting decisions: 
split level 0: [/input-40, 614] [/input-40, 614] [/input-40, 614] [/input-40, 614] [/input-40, 1272] [/input-8, 4059] [/input-8, 4059] [/input-16, 1587] [/input-40, 614] [/input-8, 4059] 
pruning_in_iteration open status: True
ratio of positive domain = 37 / 60 = 0.6166666666666667
pruning-in-iteration extra time: 0.0028285980224609375
Time: prepare 0.0024    bound 0.1436    transfer 0.0015    finalize 0.0007    func 0.1483    
Accumulated time: func 5.0253    prepare 0.0962    bound 4.8439    transfer 0.0653    finalize 0.0297    
Current worst splitting domains lb-rhs (depth):
-0.02605 (37), -0.02224 (37), -0.02068 (37), -0.01829 (37), -0.01450 (37), -0.01371 (37), -0.01212 (37), -0.01178 (37), -0.00994 (37), -0.00914 (37), -0.00897 (37), -0.00854 (37), -0.00794 (37), -0.00637 (37), -0.00597 (37), -0.00532 (37), -0.00479 (37), -0.00447 (37), -0.00369 (37), -0.00196 (37), 
Length of domains: 23
Time: pickout 0.0015    decision 0.0469    set_bounds 0.0016    solve 0.1483    add 0.0015    
Accumulated time: pickout 0.0461    decision 1.7638    set_bounds 0.0617    solve 5.0267    add 0.0748    
Current (lb-rhs): -0.026051998138427734
1167 domains visited
Cumulative time: 7.181833505630493

BaB round 35
batch: 23
splitting decisions: 
split level 0: [/input-40, 1542] [/input-8, 2980] [/input-40, 1272] [/input-40, 1542] [/input-8, 2980] [/input-8, 2980] [/input-8, 2980] [/input-40, 1272] [/input-8, 2980] [/input-8, 2980] 
pruning_in_iteration open status: True
ratio of positive domain = 28 / 46 = 0.6086956521739131
pruning-in-iteration extra time: 0.0028307437896728516
Time: prepare 0.0020    bound 0.1329    transfer 0.0012    finalize 0.0006    func 0.1368    
Accumulated time: func 5.1621    prepare 0.0984    bound 4.9768    transfer 0.0665    finalize 0.0303    
Current worst splitting domains lb-rhs (depth):
-0.02129 (38), -0.01672 (38), -0.01618 (38), -0.01371 (38), -0.00967 (38), -0.00767 (38), -0.00677 (38), -0.00660 (38), -0.00554 (38), -0.00385 (38), -0.00321 (38), -0.00233 (38), -0.00181 (38), -0.00161 (38), -0.00141 (38), -0.00066 (38), -0.00056 (38), -0.00004 (38), 
Length of domains: 18
Time: pickout 0.0013    decision 0.0508    set_bounds 0.0017    solve 0.1368    add 0.0012    
Accumulated time: pickout 0.0474    decision 1.8146    set_bounds 0.0634    solve 5.1635    add 0.0760    
Current (lb-rhs): -0.021292448043823242
1185 domains visited
Cumulative time: 7.373999834060669

BaB round 36
batch: 18
splitting decisions: 
split level 0: [/input-8, 2980] [/input-40, 1542] [/input-40, 1542] [/input-8, 2980] [/input-40, 1542] [/input-40, 1542] [/input-40, 1542] [/input-40, 1542] [/input-40, 1542] [/input-40, 1542] 
pruning_in_iteration open status: True
ratio of positive domain = 28 / 36 = 0.7777777777777778
pruning-in-iteration extra time: 0.0029087066650390625
Time: prepare 0.0016    bound 0.1439    transfer 0.0011    finalize 0.0004    func 0.1470    
Accumulated time: func 5.3091    prepare 0.1004    bound 5.1207    transfer 0.0676    finalize 0.0308    
Current worst splitting domains lb-rhs (depth):
-0.01579 (39), -0.01229 (39), -0.01057 (39), -0.00807 (39), -0.00415 (39), -0.00195 (39), -0.00166 (39), -0.00125 (39), 
Length of domains: 8
Time: pickout 0.0012    decision 0.0465    set_bounds 0.0011    solve 0.1471    add 0.0007    
Accumulated time: pickout 0.0487    decision 1.8611    set_bounds 0.0646    solve 5.3106    add 0.0768    
Current (lb-rhs): -0.01579451560974121
1193 domains visited
Cumulative time: 7.5709826946258545

BaB round 37
batch: 8
splitting decisions: 
split level 0: [/input-40, 822] [/input-72, 60] [/input-72, 60] [/input-40, 822] [/input-40, 822] [/input-40, 822] [/input-40, 822] [/input-72, 60] 
pruning_in_iteration open status: True
ratio of positive domain = 12 / 16 = 0.75
pruning-in-iteration extra time: 0.0027811527252197266
Time: prepare 0.0010    bound 0.1352    transfer 0.0007    finalize 0.0003    func 0.1372    
Accumulated time: func 5.4463    prepare 0.1016    bound 5.2558    transfer 0.0683    finalize 0.0311    
Current worst splitting domains lb-rhs (depth):
-0.01101 (40), -0.00831 (40), -0.00668 (40), -0.00406 (40), 
Length of domains: 4
Time: pickout 0.0010    decision 0.0463    set_bounds 0.0008    solve 0.1372    add 0.0006    
Accumulated time: pickout 0.0497    decision 1.9075    set_bounds 0.0654    solve 5.4478    add 0.0773    
Current (lb-rhs): -0.011010408401489258
1197 domains visited
Cumulative time: 7.75716233253479

BaB round 38
batch: 4
splitting decisions: 
split level 0: [/input-8, 6220] [/input-72, 60] [/input-72, 60] [/input-72, 60] 
split level 1: [/input-16, 1300] [/input-8, 6220] [/input-8, 6220] [/input-8, 6220] 
pruning_in_iteration open status: True
ratio of positive domain = 15 / 16 = 0.9375
pruning-in-iteration extra time: 0.002755880355834961
Time: prepare 0.0010    bound 0.1366    transfer 0.0007    finalize 0.0003    func 0.1386    
Accumulated time: func 5.5849    prepare 0.1029    bound 5.3924    transfer 0.0690    finalize 0.0314    
Current worst splitting domains lb-rhs (depth):
-0.00089 (42), 
Length of domains: 1
Time: pickout 0.0010    decision 0.0450    set_bounds 0.0012    solve 0.1387    add 0.0004    
Accumulated time: pickout 0.0507    decision 1.9525    set_bounds 0.0665    solve 5.5865    add 0.0777    
Current (lb-rhs): -0.0008919239044189453
1198 domains visited
Cumulative time: 7.943602085113525

BaB round 39
batch: 1
splitting decisions: 
split level 0: [/input-72, 8] 
split level 1: [/input-8, 6237] 
split level 2: [/input-16, 5772] 
split level 3: [/input-16, 172] 

all verified at 0th iter
pruning_in_iteration open status: False
ratio of positive domain = 16 / 16 = 1.0
pruning-in-iteration extra time: 3.1948089599609375e-05
Time: prepare 0.0009    bound 0.0088    transfer 0.0005    finalize 0.0003    func 0.0105    
Accumulated time: func 5.5954    prepare 0.1041    bound 5.4011    transfer 0.0696    finalize 0.0317    
Length of domains: 0
Time: pickout 0.0009    decision 0.0434    set_bounds 0.0014    solve 0.0106    add 0.0000    
Accumulated time: pickout 0.0516    decision 1.9959    set_bounds 0.0680    solve 5.5971    add 0.0778    
No domains left, verification finished!
Current (lb-rhs): 1.0000000116860974e-07
1198 domains visited
Cumulative time: 8.000080823898315

Result: unsat
Time: 11.113344669342041

------------------------- COMMAND ------------------------------
/data1/Kane/miniconda3/envs/GenBaB/bin/python /data1/Kane/GenBaB/alpha-beta-CROWN/complete_verifier/abcrown.py --config /data1/Kane/GenBaB/alpha-beta-CROWN/complete_verifier/exp_configs/vnncomp24/cifar100.yaml --precompile_jit --onnx_path /data1/Kane/data/vnncomp2025_benchmarks/benchmarks/cifar100_2024/onnx/CIFAR100_resnet_medium.onnx --vnnlib_path /data1/Kane/data/vnncomp2025_benchmarks/benchmarks/cifar100_2024/vnnlib/CIFAR100_resnet_medium_prop_idx_6583_sidx_8860_eps_0.0039.vnnlib --results_file /data1/Kane/ACT/audit_results/abcrown_nopgd_20260525/cifar100_2024/0037__CIFAR100_resnet_medium__CIFAR100_resnet_medium_prop_idx_6583_sidx_8860_eps_0.0039.result --timeout 100.0 --save_adv_example --pgd_order=skip
----------------------------------------------------------------

