[0;93m2026-05-26 16:57:11.619868984 [W:onnxruntime:Default, device_discovery.cc:325 DiscoverDevicesForPlatform] GPU device discovery failed: device_discovery.cc:92 ReadFileContents Failed to open file: "/sys/class/drm/card0/device/vendor"[m
Configurations:

general:
  device: cuda
  seed: 100
  conv_mode: patches
  deterministic: false
  double_fp: false
  loss_reduction_func: sum
  sparse_alpha: true
  sparse_interm: true
  save_adv_example: true
  verify_onnxruntime_output: false
  eval_adv_example: false
  show_adv_example: false
  precompile_jit: true
  prepare_only: false
  complete_verifier: bab
  enable_incomplete_verification: true
  csv_name: instances.csv
  results_file: /data1/Kane/ACT/audit_results/abcrown_nopgd_20260525/cifar100_2024/0071__CIFAR100_resnet_medium__CIFAR100_resnet_medium_prop_idx_8739_sidx_1540_eps_0.0039.result
  root_path: ../../vnncomp2024_benchmarks/benchmarks/cifar100
  deterministic_opt: false
  graph_optimizer: 'Customized("custom_graph_optimizer", "default_optimizer")'
  buffer_has_batchdim: false
  save_output: false
  output_file: out.pkl
  return_optimized_model: false
model:
  name: null
  path: null
  onnx_path: /data1/Kane/data/vnncomp2025_benchmarks/benchmarks/cifar100_2024/onnx/CIFAR100_resnet_medium.onnx
  onnx_path_prefix: ''
  cache_onnx_conversion: false
  debug_onnx: false
  onnx_quirks: null
  input_shape: null
  onnx_loader: default_onnx_and_vnnlib_loader
  onnx_optimization_flags: [merge_bn]
  onnx_vnnlib_joint_optimization_flags: none
  check_optimized: false
  flatten_final_output: false
  optimize_graph: null
  with_jacobian: false
data:
  start: 0
  end: 10000
  select_instance: null
  num_outputs: 10
  mean: 0.0
  std: 1.0
  pkl_path: null
  dataset: null
  data_filter_path: null
  data_idx_file: null
specification:
  type: lp
  robustness_type: verified-acc
  norm: .inf
  epsilon: null
  epsilon_min: 0.0
  vnnlib_path: /data1/Kane/data/vnncomp2025_benchmarks/benchmarks/cifar100_2024/vnnlib/CIFAR100_resnet_medium_prop_idx_8739_sidx_1540_eps_0.0039.vnnlib
  vnnlib_path_prefix: ''
  rhs_offset: null
solver:
  batch_size: 256
  auto_enlarge_batch_size: true
  min_batch_size_ratio: 0.1
  use_float64_in_last_iteration: false
  early_stop_patience: 10
  start_save_best: 0.5
  bound_prop_method: alpha-crown
  init_bound_prop_method: same
  prune_after_crown: true
  optimize_disjuncts_separately: false
  crown:
    batch_size: 1000000000
    max_crown_size: 1000000000
    activation_bound_option: adaptive
    compare_crown_with_ibp: false
  alpha-crown:
    alpha: true
    lr_alpha: 0.25
    iteration: 20
    share_alphas: false
    lr_decay: 0.98
    full_conv_alpha: false
    max_coeff_mul: .inf
    matmul_share_alphas: false
    disable_optimization: []
    max_time: 1.0
  invprop:
    apply_output_constraints_to: []
    tighten_input_bounds: false
    best_of_oc_and_no_oc: false
    directly_optimize: []
    oc_lr: 0.1
    share_gammas: false
  beta-crown:
    lr_alpha: 0.1
    lr_beta: 0.2
    lr_decay: 0.98
    optimizer: adam
    iteration: 10
    beta: true
    beta_warmup: true
    enable_opt_interm_bounds: false
    all_node_split_LP: false
  forward:
    refine: false
    max_dim: 10000
    reset_threshold: 1.0
  multi_class:
    label_batch_size: 32
    skip_with_refined_bound: true
  mip:
    unstable_neuron_threshold: 0
    parallel_solvers: null
    solver_threads: 1
    refine_neuron_timeout: 15
    refine_neuron_time_percentage: 0.8
    early_stop: true
    adv_warmup: true
    mip_solver: gurobi
    skip_unsafe: false
    topk_filter: 1.0
    sliding_window: -1
    extra_constraint: false
    refine_neuron_timeout_increasement: 0
    timeout_neuron_percentage: 0.3
    remaining_timeout_threshold: 1
    remove_unstable_neurons: false
    lp_solver: false
bab:
  initial_max_domains: 100
  backing_up_max_domain: null
  max_domains: .inf
  decision_thresh: 0
  timeout: 100.0
  timeout_scale: 1
  max_iterations: -1
  override_timeout: null
  get_upper_bound: false
  pruning_in_iteration: true
  pruning_in_iteration_ratio: 0.2
  sort_targets: false
  batched_domain_list: true
  optimized_interm: ''
  interm_transfer: false
  recompute_interm: false
  sort_domain_interval: -1
  vanilla_crown: false
  tree_traversal: depth_first
  cut:
    enabled: false
    cuts_path: /tmp/abcrown_cuts
    implication: false
    bab_cut: false
    lp_cut: false
    method: null
    lr: 0.01
    lr_decay: 1.0
    iteration: 100
    bab_iteration: -1
    early_stop_patience: -1
    lr_beta: 0.02
    number_cuts: 50
    topk_cuts_in_filter: 1000
    batch_size_primal: 100
    max_num: 1000000000
    patches_cut: false
    cplex_cuts: false
    cplex_cuts_wait: 0
    cplex_cuts_revpickup: true
    cut_reference_bounds: true
    fix_intermediate_bounds: false
    biccos:
      enabled: false
      constraint_strengthening: true
      recursively_strengthening: false
      drop_ratio: 0.5
      verified_bonus: 0.3
      max_infer_iter: 20
      heuristic: neuron_influence_score
      save_biccos_cuts: false
      multi_tree_branching:
        enabled: false
        restore_best_tree: false
        keep_n_best_domains: 1
        k_splits: 1
        iterations: 1
  branching:
    method: kfsb
    candidates: 7
    reduceop: max
    enable_intermediate_bound_opt: false
    branching_input_and_activation: false
    branching_input_and_activation_order: [input, relu]
    branching_input_iterations: 30
    branching_relu_iterations: 50
    nonlinear_split:
      method: bbps
      disable: false
      branching_point_method: uniform
      num_branches: 2
      filter: false
      filter_beta: false
      filter_clamp: false
      filter_batch_size: 10000
      filter_iterations: 25
      relu_only: false
      loose_tanh_threshold: null
      branching_point:
        db_path: branching_points.pt
        num_iterations: 1000
        batch_size: 1000000
        range_l: -5.0
        range_u: 5.0
        log_interval: 100
        step_size_1d: 0.01
        step_size: 0.2
    input_split:
      enable_clip_domains: false
      split_hint: null
      reorder_bab: false
      enable: false
      enhanced_bound_prop_method: alpha-crown
      enhanced_branching_method: naive
      enhanced_bound_patience: 100000000.0
      attack_patience: 100000000.0
      adv_check: 0
      split_partitions: 2
      sb_margin_weight: 1.0
      sb_sum: false
      sb_primary_spec: null
      bf_backup_thresh: -1
      bf_rhs_offset: 0
      bf_iters: 1000000000.0
      bf_batch_size: 100000
      bf_zero_crossing_score: false
      touch_zero_score: 0
      ibp_enhancement: false
      compare_with_old_bounds: false
      update_rhs_with_attack: false
      sb_coeff_thresh: 0.001
      sort_index: null
      sort_descending: true
      show_progress: false
      presplit_domains: null
      skip_getting_worst_domain: false
  attack:
    enabled: false
    beam_candidates: 8
    beam_depth: 7
    max_dive_fix_ratio: 0.8
    min_local_free_ratio: 0.2
    mip_start_iteration: 5
    mip_timeout: 30.0
    adv_pool_threshold: null
    refined_mip_attacker: false
    refined_batch_size: null
attack:
  pgd_order: skip
  pgd_steps: 100
  pgd_restarts: 10
  pgd_batch_size: 100000000
  pgd_early_stop: true
  pgd_lr_decay: 0.99
  pgd_alpha: auto
  pgd_alpha_scale: false
  pgd_loss_mode: null
  pgd_restart_when_stuck: false
  enable_mip_attack: false
  adv_saver: default_adv_saver
  adv_verifier: default_adv_verifier
  early_stop_condition: default_early_stop_condition
  adv_example_finalizer: default_adv_example_finalizer
  pgd_loss: default_pgd_loss
  cex_path: ./test_cex.txt
  attack_mode: PGD
  attack_tolerance: 0.0
  attack_func: attack_with_general_specs
  gama_lambda: 10.0
  gama_decay: 0.9
  check_clean: false
  input_split:
    pgd_steps: 100
    pgd_restarts: 30
    pgd_alpha: auto
  input_split_enhanced:
    pgd_steps: 200
    pgd_restarts: 500000
    pgd_alpha: auto
  input_split_check_adv:
    enabled: auto
    pgd_steps: 5
    pgd_restarts: 5
    pgd_alpha: auto
    max_num_domains: 10
debug:
  view_model: false
  lp_test: null
  rescale_vnnlib_ptb: null
  test_optimized_bounds: false
  test_optimized_bounds_after_n_iterations: 0
  print_verbose_decisions: false
  sanity_check: null
  save_minimal_config: null
  save_minimal_config_omit_keys: []

Experiments at Tue May 26 16:57:12 2026 on dell-pro-max-tower-t2
Pre-compile jit kernels on a toy network...
JIT kernels compiled in 0.9733s./data1/Kane/miniconda3/envs/GenBaB/lib/python3.11/site-packages/onnx2pytorch/convert/model.py:151: UserWarning: Using experimental implementation that allows 'batch_size > 1'.Batchnorm layers could potentially produce false outputs.
  warnings.warn(
/data1/Kane/miniconda3/envs/GenBaB/lib/python3.11/site-packages/onnx2pytorch/utils.py:21: TracerWarning: Converting a tensor to a Python boolean might cause the trace to be incorrect. We can't record the data flow of Python values, so this value will be treated as a constant in the future. This means that the trace might not generalize to other inputs!
  return value.ndim == 0 or value.shape == torch.Size([1])
/data1/Kane/miniconda3/envs/GenBaB/lib/python3.11/site-packages/onnx2pytorch/operations/add.py:34: TracerWarning: Converting a tensor to a Python boolean might cause the trace to be incorrect. We can't record the data flow of Python values, so this value will be treated as a constant in the future. This means that the trace might not generalize to other inputs!
  elif all(x == 1 for x in input[0].shape):

Internal results will be saved to /data1/Kane/ACT/audit_results/abcrown_nopgd_20260525/cifar100_2024/0071__CIFAR100_resnet_medium__CIFAR100_resnet_medium_prop_idx_8739_sidx_1540_eps_0.0039.result.

 %%%%%%%%%%%%%%%%%%%%%%%%%%%%%%%%%%% idx: 0, vnnlib ID: 0 %%%%%%%%%%%%%%%%%%%%%%%%%%%%%%%%%%%
Using onnx /data1/Kane/data/vnncomp2025_benchmarks/benchmarks/cifar100_2024/onnx/CIFAR100_resnet_medium.onnx
Using vnnlib /data1/Kane/data/vnncomp2025_benchmarks/benchmarks/cifar100_2024/vnnlib/CIFAR100_resnet_medium_prop_idx_8739_sidx_1540_eps_0.0039.vnnlib
3072 inputs and 100 outputs in vnnlib
Loading onnx /data1/Kane/data/vnncomp2025_benchmarks/benchmarks/cifar100_2024/onnx/CIFAR100_resnet_medium.onnx with quirks {}
Onnx optimization with flags: ['merge_bn']
Found existed optimized onnx model at /data1/Kane/data/vnncomp2025_benchmarks/benchmarks/cifar100_2024/onnx/CIFAR100_resnet_medium.onnx.optimized
Finished onnx model loading in 0.0751 seconds
Model: BoundedModule(
  (/input-1): BoundInput(name=/input-1, inputs=[], perturbed=True)
  (/43): BoundParams(name=/43, inputs=[], perturbed=False)
  (/44): BoundParams(name=/44, inputs=[], perturbed=False)
  (/45): BoundParams(name=/45, inputs=[], perturbed=False)
  (/46): BoundParams(name=/46, inputs=[], perturbed=False)
  (/47): BoundParams(name=/47, inputs=[], perturbed=False)
  (/48): BoundParams(name=/48, inputs=[], perturbed=False)
  (/49): BoundParams(name=/49, inputs=[], perturbed=False)
  (/50): BoundParams(name=/50, inputs=[], perturbed=False)
  (/51): BoundParams(name=/51, inputs=[], perturbed=False)
  (/52): BoundParams(name=/52, inputs=[], perturbed=False)
  (/53): BoundParams(name=/53, inputs=[], perturbed=False)
  (/54): BoundParams(name=/54, inputs=[], perturbed=False)
  (/55): BoundParams(name=/55, inputs=[], perturbed=False)
  (/56): BoundParams(name=/56, inputs=[], perturbed=False)
  (/57): BoundParams(name=/57, inputs=[], perturbed=False)
  (/58): BoundParams(name=/58, inputs=[], perturbed=False)
  (/59): BoundParams(name=/59, inputs=[], perturbed=False)
  (/60): BoundParams(name=/60, inputs=[], perturbed=False)
  (/61): BoundParams(name=/61, inputs=[], perturbed=False)
  (/62): BoundParams(name=/62, inputs=[], perturbed=False)
  (/63): BoundParams(name=/63, inputs=[], perturbed=False)
  (/64): BoundParams(name=/64, inputs=[], perturbed=False)
  (/65): BoundParams(name=/65, inputs=[], perturbed=False)
  (/66): BoundParams(name=/66, inputs=[], perturbed=False)
  (/67): BoundParams(name=/67, inputs=[], perturbed=False)
  (/68): BoundParams(name=/68, inputs=[], perturbed=False)
  (/69): BoundParams(name=/69, inputs=[], perturbed=False)
  (/70): BoundParams(name=/70, inputs=[], perturbed=False)
  (/71): BoundParams(name=/71, inputs=[], perturbed=False)
  (/72): BoundParams(name=/72, inputs=[], perturbed=False)
  (/73): BoundParams(name=/73, inputs=[], perturbed=False)
  (/74): BoundParams(name=/74, inputs=[], perturbed=False)
  (/75): BoundParams(name=/75, inputs=[], perturbed=False)
  (/76): BoundParams(name=/76, inputs=[], perturbed=False)
  (/77): BoundParams(name=/77, inputs=[], perturbed=False)
  (/78): BoundParams(name=/78, inputs=[], perturbed=False)
  (/79): BoundParams(name=/79, inputs=[], perturbed=False)
  (/80): BoundParams(name=/80, inputs=[], perturbed=False)
  (/81): BoundParams(name=/81, inputs=[], perturbed=False)
  (/82): BoundParams(name=/82, inputs=[], perturbed=False)
  (/83): BoundParams(name=/83, inputs=[], perturbed=False)
  (/84): BoundParams(name=/84, inputs=[], perturbed=False)
  (/input): BoundConv(name=/input, inputs=[/input-1, /43, /44], perturbed=True)
  (/input-4): BoundRelu(name=/input-4, inputs=[/input], perturbed=True)
  (/input-8): BoundConv(name=/input-8, inputs=[/input-4, /45, /46], perturbed=True)
  (/input-12): BoundRelu(name=/input-12, inputs=[/input-8], perturbed=True)
  (/89): BoundConv(name=/89, inputs=[/input-12, /47, /48], perturbed=True)
  (/90): BoundConv(name=/90, inputs=[/input-4, /49, /50], perturbed=True)
  (/91): BoundAdd(name=/91, inputs=[/89, /90], perturbed=True)
  (/input-16): BoundConv(name=/input-16, inputs=[/91, /51, /52], perturbed=True)
  (/input-20): BoundRelu(name=/input-20, inputs=[/input-16], perturbed=True)
  (/94): BoundConv(name=/94, inputs=[/input-20, /53, /54], perturbed=True)
  (/95): BoundAdd(name=/95, inputs=[/94, /91], perturbed=True)
  (/input-24): BoundConv(name=/input-24, inputs=[/95, /55, /56], perturbed=True)
  (/input-28): BoundRelu(name=/input-28, inputs=[/input-24], perturbed=True)
  (/98): BoundConv(name=/98, inputs=[/input-28, /57, /58], perturbed=True)
  (/99): BoundAdd(name=/99, inputs=[/98, /95], perturbed=True)
  (/input-32): BoundConv(name=/input-32, inputs=[/99, /59, /60], perturbed=True)
  (/input-36): BoundRelu(name=/input-36, inputs=[/input-32], perturbed=True)
  (/102): BoundConv(name=/102, inputs=[/input-36, /61, /62], perturbed=True)
  (/103): BoundAdd(name=/103, inputs=[/102, /99], perturbed=True)
  (/input-40): BoundConv(name=/input-40, inputs=[/103, /63, /64], perturbed=True)
  (/input-44): BoundRelu(name=/input-44, inputs=[/input-40], perturbed=True)
  (/106): BoundConv(name=/106, inputs=[/input-44, /65, /66], perturbed=True)
  (/107): BoundConv(name=/107, inputs=[/103, /67, /68], perturbed=True)
  (/108): BoundAdd(name=/108, inputs=[/106, /107], perturbed=True)
  (/input-48): BoundConv(name=/input-48, inputs=[/108, /69, /70], perturbed=True)
  (/input-52): BoundRelu(name=/input-52, inputs=[/input-48], perturbed=True)
  (/111): BoundConv(name=/111, inputs=[/input-52, /71, /72], perturbed=True)
  (/112): BoundAdd(name=/112, inputs=[/111, /108], perturbed=True)
  (/input-56): BoundConv(name=/input-56, inputs=[/112, /73, /74], perturbed=True)
  (/input-60): BoundRelu(name=/input-60, inputs=[/input-56], perturbed=True)
  (/115): BoundConv(name=/115, inputs=[/input-60, /75, /76], perturbed=True)
  (/116): BoundAdd(name=/116, inputs=[/115, /112], perturbed=True)
  (/input-64): BoundConv(name=/input-64, inputs=[/116, /77, /78], perturbed=True)
  (/input-68): BoundRelu(name=/input-68, inputs=[/input-64], perturbed=True)
  (/119): BoundConv(name=/119, inputs=[/input-68, /79, /80], perturbed=True)
  (/120): BoundAdd(name=/120, inputs=[/119, /116], perturbed=True)
  (/121): BoundFlatten(name=/121, inputs=[/120], perturbed=True)
  (/input-72): BoundLinear(name=/input-72, inputs=[/121, /81, /82], perturbed=True)
  (/123): BoundRelu(name=/123, inputs=[/input-72], perturbed=True)
  (/124): BoundLinear(name=/124, inputs=[/123, /83, /84], perturbed=True)
)
Original output: tensor([[-12.14407444, -11.27923393,  -7.67231321,  -8.63244152,  -7.34670782,
         -11.11039448,  -8.65667820,  -6.96436691,  -1.31037235,  -8.57841682,
          -8.67874146,  -6.93836975,  -8.90579605,  -8.31498051,  -6.11277628,
          -8.89177895,  -6.59208632, -10.63897038,  -8.33862877,  -6.74352884,
          -9.90159607,  -5.41628218,  -6.48804522, -14.73920631, -10.15186882,
          -8.57999516,  -8.00482178,  -6.15133810,  -9.80686665,  -8.70586872,
         -10.21104622,  -8.59933567,  -7.69191790,  -8.83505917,  -9.66764450,
          -8.64163399, -11.41955853,  -7.71757364,  -5.88240671,  -9.33804321,
          -7.56446075,  -3.30456614,  -6.07607460,  -9.31842422,  -7.95773983,
          -6.88888121,  -6.15358114, -10.18561935,  -2.57459664, -11.01783943,
          -9.11597538,  -7.20717859, -11.04075050, -11.33519173,  -8.79808044,
          -7.00749207,  -9.17604446, -12.13412189,  -9.29629517,  -7.62269115,
         -12.11511993,  -8.10764408,  -8.11333561,  -8.47235203,  -6.66465330,
          -5.41048479,  -5.27138615,  -9.85650063, -12.56757927, -12.92713261,
          -7.03198433, -14.22735500,  -8.22934723,  -9.78012276,  -7.81689978,
          -8.74318695, -11.74176693,  -7.48513412,  -4.80308867,  -6.11801720,
          -6.78728533,  -8.09203434,  -9.25919056, -10.40259552,  -7.91799927,
          -8.00571442,  -7.56604671,  -8.76521206,  -6.71876526,  -6.29430199,
          -6.17063904,  -9.14555931,  -8.46936321,  -7.54699612, -10.93109226,
         -13.78200817, -10.80836773,  -8.01264095,  -8.89361286,  -6.50614119]],
       device='cuda:0')
Split layers:
Nonlinear functions:
   BoundRelu(name=/input-4, inputs=[/input], perturbed=True)
   BoundRelu(name=/input-12, inputs=[/input-8], perturbed=True)
   BoundRelu(name=/input-20, inputs=[/input-16], perturbed=True)
   BoundRelu(name=/input-28, inputs=[/input-24], perturbed=True)
   BoundRelu(name=/input-36, inputs=[/input-32], perturbed=True)
   BoundRelu(name=/input-44, inputs=[/input-40], perturbed=True)
   BoundRelu(name=/input-52, inputs=[/input-48], perturbed=True)
   BoundRelu(name=/input-60, inputs=[/input-56], perturbed=True)
   BoundRelu(name=/input-68, inputs=[/input-64], perturbed=True)
   BoundRelu(name=/123, inputs=[/input-72], perturbed=True)
layer /input-4 using sparse-features alpha with shape [600]; unstable size 600; total size 14400 ([1, 64, 15, 15])
layer /input-4 start_node /input-8 using sparse-spec alpha [2, 102, 1, 600] with unstable size 101 total_size 128 output_shape 128
layer /input-4 start_node /input-16 using sparse-spec alpha [2, 45, 1, 600] with unstable size 44 total_size 128 output_shape 128
layer /input-4 start_node /input-24 using sparse-spec alpha [2, 24, 1, 600] with unstable size 23 total_size 8192 output_shape torch.Size([128, 8, 8])
layer /input-4 start_node /input-40 using sparse-spec alpha [2, 101, 1, 600] with unstable size 100 total_size 2048 output_shape torch.Size([128, 4, 4])
layer /input-4 start_node /input-72 using sparse-spec alpha [2, 34, 1, 600] with unstable size 33 total_size 100 output_shape torch.Size([100])
layer /input-4 start_node /124 using full alpha [2, 99, 1, 600] with unstable size None total_size 99 output_shape 99
layer /input-12 using sparse-features alpha with shape [333]; unstable size 333; total size 8192 ([1, 128, 8, 8])
layer /input-12 start_node /input-16 using sparse-spec alpha [2, 45, 1, 333] with unstable size 44 total_size 128 output_shape 128
layer /input-12 start_node /input-24 using sparse-spec alpha [2, 24, 1, 333] with unstable size 23 total_size 8192 output_shape torch.Size([128, 8, 8])
layer /input-12 start_node /input-40 using sparse-spec alpha [2, 101, 1, 333] with unstable size 100 total_size 2048 output_shape torch.Size([128, 4, 4])
layer /input-12 start_node /input-72 using sparse-spec alpha [2, 34, 1, 333] with unstable size 33 total_size 100 output_shape torch.Size([100])
layer /input-12 start_node /124 using full alpha [2, 99, 1, 333] with unstable size None total_size 99 output_shape 99
layer /input-20 using sparse-features alpha with shape [127]; unstable size 127; total size 8192 ([1, 128, 8, 8])
layer /input-20 start_node /input-24 using sparse-spec alpha [2, 12, 1, 127] with unstable size 11 total_size 128 output_shape 128
layer /input-20 start_node /input-40 using sparse-spec alpha [2, 101, 1, 127] with unstable size 100 total_size 2048 output_shape torch.Size([128, 4, 4])
layer /input-20 start_node /input-72 using sparse-spec alpha [2, 34, 1, 127] with unstable size 33 total_size 100 output_shape torch.Size([100])
layer /input-20 start_node /124 using full alpha [2, 99, 1, 127] with unstable size None total_size 99 output_shape 99
layer /input-28 using sparse-features alpha with shape [23]; unstable size 23; total size 8192 ([1, 128, 8, 8])
layer /input-28 start_node /input-40 using sparse-spec alpha [2, 101, 1, 23] with unstable size 100 total_size 2048 output_shape torch.Size([128, 4, 4])
layer /input-28 start_node /input-72 using sparse-spec alpha [2, 34, 1, 23] with unstable size 33 total_size 100 output_shape torch.Size([100])
layer /input-28 start_node /124 using full alpha [2, 99, 1, 23] with unstable size None total_size 99 output_shape 99
layer /input-36 using sparse-features alpha with shape [0]; unstable size 0; total size 8192 ([1, 128, 8, 8])
layer /input-36 start_node /input-40 using sparse-spec alpha [2, 46, 1, 0] with unstable size 45 total_size 128 output_shape 128
layer /input-36 start_node /input-72 using sparse-spec alpha [2, 34, 1, 0] with unstable size 33 total_size 100 output_shape torch.Size([100])
layer /input-36 start_node /124 using full alpha [2, 99, 1, 0] with unstable size None total_size 99 output_shape 99
layer /input-44 using sparse-features alpha with shape [100]; unstable size 100; total size 2048 ([1, 128, 4, 4])
layer /input-44 start_node /input-72 using sparse-spec alpha [2, 34, 1, 100] with unstable size 33 total_size 100 output_shape torch.Size([100])
layer /input-44 start_node /124 using full alpha [2, 99, 1, 100] with unstable size None total_size 99 output_shape 99
layer /input-52 using sparse-features alpha with shape [0]; unstable size 0; total size 2048 ([1, 128, 4, 4])
layer /input-52 start_node /input-72 using sparse-spec alpha [2, 34, 1, 0] with unstable size 33 total_size 100 output_shape torch.Size([100])
layer /input-52 start_node /124 using full alpha [2, 99, 1, 0] with unstable size None total_size 99 output_shape 99
layer /input-60 using sparse-features alpha with shape [0]; unstable size 0; total size 2048 ([1, 128, 4, 4])
layer /input-60 start_node /input-72 using sparse-spec alpha [2, 34, 1, 0] with unstable size 33 total_size 100 output_shape torch.Size([100])
layer /input-60 start_node /124 using full alpha [2, 99, 1, 0] with unstable size None total_size 99 output_shape 99
layer /input-68 using sparse-features alpha with shape [0]; unstable size 0; total size 2048 ([1, 128, 4, 4])
layer /input-68 start_node /input-72 using sparse-spec alpha [2, 34, 1, 0] with unstable size 33 total_size 100 output_shape torch.Size([100])
layer /input-68 start_node /124 using full alpha [2, 99, 1, 0] with unstable size None total_size 99 output_shape 99
layer /123 using sparse-features alpha with shape [33]; unstable size 33; total size 100 ([1, 100])
layer /123 start_node /124 using full alpha [2, 99, 1, 33] with unstable size None total_size 99 output_shape 99
Optimizable variables initialized.
initial CROWN bounds: tensor([[ 7.56662560,  7.05586290,  4.29610062,  4.77186966,  3.75480270,
          6.96705389,  4.62569571,  2.97939467,  4.57885885,  4.96072340,
          3.74186134,  5.11818552,  4.45280695,  2.38751817,  5.11453009,
          2.76516128,  6.40492344,  4.43067551,  2.79338837,  5.96823502,
          1.51723087,  2.69094300,  9.98978424,  6.28063393,  4.70210934,
          4.39108849,  2.37844706,  5.58176851,  5.10994720,  5.86257935,
          4.67350960,  4.06809664,  4.23531246,  5.55274725,  5.00139523,
          7.38904762,  3.75880384,  2.07195330,  5.03426123,  3.88265133,
         -0.35141611,  2.02370453,  5.35078382,  4.22322941,  3.47434092,
          2.81707025,  5.34888935, -0.38195491,  6.84455395,  4.95806599,
          3.13821054,  6.10323429,  7.43431950,  4.82533360,  3.14645195,
          4.33840752,  8.01667500,  5.01451969,  2.79891968,  7.70786810,
          4.30981874,  3.84533024,  4.12522697,  2.70203352,  1.81662226,
          0.79974163,  5.75738907,  7.87047577,  8.32635117,  2.96483302,
          9.72512054,  4.24612141,  5.66994381,  3.58829021,  3.92296028,
          7.29331350,  3.41277885,  1.06358445,  2.31449175,  2.99436092,
          4.23611689,  5.02381611,  6.33468580,  4.26625538,  4.26826477,
          3.51395655,  5.02865696,  2.89612770,  2.94969368,  2.34176874,
          4.84473228,  4.34755754,  3.89756751,  6.59976625,  9.34343910,
          5.96058846,  3.96432042,  5.29927444,  2.71253061]], device='cuda:0') None
prune_after_crown optimization in use: original label size = 99 pruned label size = 2
best_l after optimization: -0.42495226860046387
alpha/beta optimization time: 2.924150228500366
initial alpha-crown bounds: tensor([[        inf,         inf,         inf,         inf,         inf,
                 inf,         inf,         inf,         inf,         inf,
                 inf,         inf,         inf,         inf,         inf,
                 inf,         inf,         inf,         inf,         inf,
                 inf,         inf,         inf,         inf,         inf,
                 inf,         inf,         inf,         inf,         inf,
                 inf,         inf,         inf,         inf,         inf,
                 inf,         inf,         inf,         inf,         inf,
         -0.16492009,         inf,         inf,         inf,         inf,
                 inf,         inf, -0.26003218,         inf,         inf,
                 inf,         inf,         inf,         inf,         inf,
                 inf,         inf,         inf,         inf,         inf,
                 inf,         inf,         inf,         inf,         inf,
                 inf,         inf,         inf,         inf,         inf,
                 inf,         inf,         inf,         inf,         inf,
                 inf,         inf,         inf,         inf,         inf,
                 inf,         inf,         inf,         inf,         inf,
                 inf,         inf,         inf,         inf,         inf,
                 inf,         inf,         inf,         inf,         inf,
                 inf,         inf,         inf,         inf]], device='cuda:0')
Number of class (without rhs): 2 ; Worst class: (+ rhs) -0.26003217697143555
Total VNNLIB file length: 99, max property batch size: 100, total number of batches: 1
lA shape: [torch.Size([99, 1, 64, 15, 15]), torch.Size([99, 1, 128, 8, 8]), torch.Size([99, 1, 128, 8, 8]), torch.Size([99, 1, 128, 8, 8]), torch.Size([99, 1, 128, 8, 8]), torch.Size([99, 1, 128, 4, 4]), torch.Size([99, 1, 128, 4, 4]), torch.Size([99, 1, 128, 4, 4]), torch.Size([99, 1, 128, 4, 4]), torch.Size([99, 1, 100])]

Properties batch 0, size 99
Remaining timeout: 95.83036828041077
Verifying property 0 with 99 instances.
##### Instance 0 first 10 spec matrices: 
tensor([[[-1.,  0.,  0.,  0.,  0.,  0.,  0.,  0.,  1.,  0.,  0.,  0.,  0.,  0.,
           0.,  0.,  0.,  0.,  0.,  0.,  0.,  0.,  0.,  0.,  0.,  0.,  0.,  0.,
           0.,  0.,  0.,  0.,  0.,  0.,  0.,  0.,  0.,  0.,  0.,  0.,  0.,  0.,
           0.,  0.,  0.,  0.,  0.,  0.,  0.,  0.,  0.,  0.,  0.,  0.,  0.,  0.,
           0.,  0.,  0.,  0.,  0.,  0.,  0.,  0.,  0.,  0.,  0.,  0.,  0.,  0.,
           0.,  0.,  0.,  0.,  0.,  0.,  0.,  0.,  0.,  0.,  0.,  0.,  0.,  0.,
           0.,  0.,  0.,  0.,  0.,  0.,  0.,  0.,  0.,  0.,  0.,  0.,  0.,  0.,
           0.,  0.]],

        [[ 0., -1.,  0.,  0.,  0.,  0.,  0.,  0.,  1.,  0.,  0.,  0.,  0.,  0.,
           0.,  0.,  0.,  0.,  0.,  0.,  0.,  0.,  0.,  0.,  0.,  0.,  0.,  0.,
           0.,  0.,  0.,  0.,  0.,  0.,  0.,  0.,  0.,  0.,  0.,  0.,  0.,  0.,
           0.,  0.,  0.,  0.,  0.,  0.,  0.,  0.,  0.,  0.,  0.,  0.,  0.,  0.,
           0.,  0.,  0.,  0.,  0.,  0.,  0.,  0.,  0.,  0.,  0.,  0.,  0.,  0.,
           0.,  0.,  0.,  0.,  0.,  0.,  0.,  0.,  0.,  0.,  0.,  0.,  0.,  0.,
           0.,  0.,  0.,  0.,  0.,  0.,  0.,  0.,  0.,  0.,  0.,  0.,  0.,  0.,
           0.,  0.]],

        [[ 0.,  0., -1.,  0.,  0.,  0.,  0.,  0.,  1.,  0.,  0.,  0.,  0.,  0.,
           0.,  0.,  0.,  0.,  0.,  0.,  0.,  0.,  0.,  0.,  0.,  0.,  0.,  0.,
           0.,  0.,  0.,  0.,  0.,  0.,  0.,  0.,  0.,  0.,  0.,  0.,  0.,  0.,
           0.,  0.,  0.,  0.,  0.,  0.,  0.,  0.,  0.,  0.,  0.,  0.,  0.,  0.,
           0.,  0.,  0.,  0.,  0.,  0.,  0.,  0.,  0.,  0.,  0.,  0.,  0.,  0.,
           0.,  0.,  0.,  0.,  0.,  0.,  0.,  0.,  0.,  0.,  0.,  0.,  0.,  0.,
           0.,  0.,  0.,  0.,  0.,  0.,  0.,  0.,  0.,  0.,  0.,  0.,  0.,  0.,
           0.,  0.]],

        [[ 0.,  0.,  0., -1.,  0.,  0.,  0.,  0.,  1.,  0.,  0.,  0.,  0.,  0.,
           0.,  0.,  0.,  0.,  0.,  0.,  0.,  0.,  0.,  0.,  0.,  0.,  0.,  0.,
           0.,  0.,  0.,  0.,  0.,  0.,  0.,  0.,  0.,  0.,  0.,  0.,  0.,  0.,
           0.,  0.,  0.,  0.,  0.,  0.,  0.,  0.,  0.,  0.,  0.,  0.,  0.,  0.,
           0.,  0.,  0.,  0.,  0.,  0.,  0.,  0.,  0.,  0.,  0.,  0.,  0.,  0.,
           0.,  0.,  0.,  0.,  0.,  0.,  0.,  0.,  0.,  0.,  0.,  0.,  0.,  0.,
           0.,  0.,  0.,  0.,  0.,  0.,  0.,  0.,  0.,  0.,  0.,  0.,  0.,  0.,
           0.,  0.]],

        [[ 0.,  0.,  0.,  0., -1.,  0.,  0.,  0.,  1.,  0.,  0.,  0.,  0.,  0.,
           0.,  0.,  0.,  0.,  0.,  0.,  0.,  0.,  0.,  0.,  0.,  0.,  0.,  0.,
           0.,  0.,  0.,  0.,  0.,  0.,  0.,  0.,  0.,  0.,  0.,  0.,  0.,  0.,
           0.,  0.,  0.,  0.,  0.,  0.,  0.,  0.,  0.,  0.,  0.,  0.,  0.,  0.,
           0.,  0.,  0.,  0.,  0.,  0.,  0.,  0.,  0.,  0.,  0.,  0.,  0.,  0.,
           0.,  0.,  0.,  0.,  0.,  0.,  0.,  0.,  0.,  0.,  0.,  0.,  0.,  0.,
           0.,  0.,  0.,  0.,  0.,  0.,  0.,  0.,  0.,  0.,  0.,  0.,  0.,  0.,
           0.,  0.]],

        [[ 0.,  0.,  0.,  0.,  0., -1.,  0.,  0.,  1.,  0.,  0.,  0.,  0.,  0.,
           0.,  0.,  0.,  0.,  0.,  0.,  0.,  0.,  0.,  0.,  0.,  0.,  0.,  0.,
           0.,  0.,  0.,  0.,  0.,  0.,  0.,  0.,  0.,  0.,  0.,  0.,  0.,  0.,
           0.,  0.,  0.,  0.,  0.,  0.,  0.,  0.,  0.,  0.,  0.,  0.,  0.,  0.,
           0.,  0.,  0.,  0.,  0.,  0.,  0.,  0.,  0.,  0.,  0.,  0.,  0.,  0.,
           0.,  0.,  0.,  0.,  0.,  0.,  0.,  0.,  0.,  0.,  0.,  0.,  0.,  0.,
           0.,  0.,  0.,  0.,  0.,  0.,  0.,  0.,  0.,  0.,  0.,  0.,  0.,  0.,
           0.,  0.]],

        [[ 0.,  0.,  0.,  0.,  0.,  0., -1.,  0.,  1.,  0.,  0.,  0.,  0.,  0.,
           0.,  0.,  0.,  0.,  0.,  0.,  0.,  0.,  0.,  0.,  0.,  0.,  0.,  0.,
           0.,  0.,  0.,  0.,  0.,  0.,  0.,  0.,  0.,  0.,  0.,  0.,  0.,  0.,
           0.,  0.,  0.,  0.,  0.,  0.,  0.,  0.,  0.,  0.,  0.,  0.,  0.,  0.,
           0.,  0.,  0.,  0.,  0.,  0.,  0.,  0.,  0.,  0.,  0.,  0.,  0.,  0.,
           0.,  0.,  0.,  0.,  0.,  0.,  0.,  0.,  0.,  0.,  0.,  0.,  0.,  0.,
           0.,  0.,  0.,  0.,  0.,  0.,  0.,  0.,  0.,  0.,  0.,  0.,  0.,  0.,
           0.,  0.]],

        [[ 0.,  0.,  0.,  0.,  0.,  0.,  0., -1.,  1.,  0.,  0.,  0.,  0.,  0.,
           0.,  0.,  0.,  0.,  0.,  0.,  0.,  0.,  0.,  0.,  0.,  0.,  0.,  0.,
           0.,  0.,  0.,  0.,  0.,  0.,  0.,  0.,  0.,  0.,  0.,  0.,  0.,  0.,
           0.,  0.,  0.,  0.,  0.,  0.,  0.,  0.,  0.,  0.,  0.,  0.,  0.,  0.,
           0.,  0.,  0.,  0.,  0.,  0.,  0.,  0.,  0.,  0.,  0.,  0.,  0.,  0.,
           0.,  0.,  0.,  0.,  0.,  0.,  0.,  0.,  0.,  0.,  0.,  0.,  0.,  0.,
           0.,  0.,  0.,  0.,  0.,  0.,  0.,  0.,  0.,  0.,  0.,  0.,  0.,  0.,
           0.,  0.]],

        [[ 0.,  0.,  0.,  0.,  0.,  0.,  0.,  0.,  1., -1.,  0.,  0.,  0.,  0.,
           0.,  0.,  0.,  0.,  0.,  0.,  0.,  0.,  0.,  0.,  0.,  0.,  0.,  0.,
           0.,  0.,  0.,  0.,  0.,  0.,  0.,  0.,  0.,  0.,  0.,  0.,  0.,  0.,
           0.,  0.,  0.,  0.,  0.,  0.,  0.,  0.,  0.,  0.,  0.,  0.,  0.,  0.,
           0.,  0.,  0.,  0.,  0.,  0.,  0.,  0.,  0.,  0.,  0.,  0.,  0.,  0.,
           0.,  0.,  0.,  0.,  0.,  0.,  0.,  0.,  0.,  0.,  0.,  0.,  0.,  0.,
           0.,  0.,  0.,  0.,  0.,  0.,  0.,  0.,  0.,  0.,  0.,  0.,  0.,  0.,
           0.,  0.]],

        [[ 0.,  0.,  0.,  0.,  0.,  0.,  0.,  0.,  1.,  0., -1.,  0.,  0.,  0.,
           0.,  0.,  0.,  0.,  0.,  0.,  0.,  0.,  0.,  0.,  0.,  0.,  0.,  0.,
           0.,  0.,  0.,  0.,  0.,  0.,  0.,  0.,  0.,  0.,  0.,  0.,  0.,  0.,
           0.,  0.,  0.,  0.,  0.,  0.,  0.,  0.,  0.,  0.,  0.,  0.,  0.,  0.,
           0.,  0.,  0.,  0.,  0.,  0.,  0.,  0.,  0.,  0.,  0.,  0.,  0.,  0.,
           0.,  0.,  0.,  0.,  0.,  0.,  0.,  0.,  0.,  0.,  0.,  0.,  0.,  0.,
           0.,  0.,  0.,  0.,  0.,  0.,  0.,  0.,  0.,  0.,  0.,  0.,  0.,  0.,
           0.,  0.]]], dtype=torch.float64)
thresholds: tensor([0., 0., 0., 0., 0., 0., 0., 0., 0., 0.], device='cuda:0') ######
Initial alpha-CROWN verified for spec index tensor([ 0,  1,  2,  3,  4,  5,  6,  7,  8,  9, 10, 11, 12, 13, 14, 15, 16, 17,
        18, 19, 20, 21, 22, 23, 24, 25, 26, 27, 28, 29, 30, 31, 32, 33, 34, 35,
        36, 37, 38, 39, 41, 42, 43, 44, 45, 46, 48, 49, 50, 51, 52, 53, 54, 55,
        56, 57, 58, 59, 60, 61, 62, 63, 64, 65, 66, 67, 68, 69, 70, 71, 72, 73,
        74, 75, 76, 77, 78, 79, 80, 81, 82, 83, 84, 85, 86, 87, 88, 89, 90, 91,
        92, 93, 94, 95, 96, 97, 98], device='cuda:0') with bound tensor([inf, inf, inf, inf, inf, inf, inf, inf, inf, inf, inf, inf, inf, inf, inf, inf, inf, inf, inf, inf, inf, inf, inf, inf,
        inf, inf, inf, inf, inf, inf, inf, inf, inf, inf, inf, inf, inf, inf, inf, inf, inf, inf, inf, inf, inf, inf, inf, inf,
        inf, inf, inf, inf, inf, inf, inf, inf, inf, inf, inf, inf, inf, inf, inf, inf, inf, inf, inf, inf, inf, inf, inf, inf,
        inf, inf, inf, inf, inf, inf, inf, inf, inf, inf, inf, inf, inf, inf, inf, inf, inf, inf, inf, inf, inf, inf, inf, inf,
        inf], device='cuda:0').
Remaining spec index tensor([40, 47], device='cuda:0') with bounds tensor([[-0.16492009],
        [-0.26003218]], device='cuda:0') need to verify.
Model prediction is: tensor([-12.14407444, -11.27923393,  -7.67231321,  -8.63244152,  -7.34670782,
        -11.11039448,  -8.65667820,  -6.96436691,  -1.31037235,  -8.57841682,
         -8.67874146,  -6.93836975,  -8.90579605,  -8.31498051,  -6.11277628,
         -8.89177895,  -6.59208632, -10.63897038,  -8.33862877,  -6.74352884,
         -9.90159607,  -5.41628218,  -6.48804522, -14.73920631, -10.15186882,
         -8.57999516,  -8.00482178,  -6.15133810,  -9.80686665,  -8.70586872,
        -10.21104622,  -8.59933567,  -7.69191790,  -8.83505917,  -9.66764450,
         -8.64163399, -11.41955853,  -7.71757364,  -5.88240671,  -9.33804321,
         -7.56446075,  -3.30456614,  -6.07607460,  -9.31842422,  -7.95773983,
         -6.88888121,  -6.15358114, -10.18561935,  -2.57459664, -11.01783943,
         -9.11597538,  -7.20717859, -11.04075050, -11.33519173,  -8.79808044,
         -7.00749207,  -9.17604446, -12.13412189,  -9.29629517,  -7.62269115,
        -12.11511993,  -8.10764408,  -8.11333561,  -8.47235203,  -6.66465330,
         -5.41048479,  -5.27138615,  -9.85650063, -12.56757927, -12.92713261,
         -7.03198433, -14.22735500,  -8.22934723,  -9.78012276,  -7.81689978,
         -8.74318695, -11.74176693,  -7.48513412,  -4.80308867,  -6.11801720,
         -6.78728533,  -8.09203434,  -9.25919056, -10.40259552,  -7.91799927,
         -8.00571442,  -7.56604671,  -8.76521206,  -6.71876526,  -6.29430199,
         -6.17063904,  -9.14555931,  -8.46936321,  -7.54699612, -10.93109226,
        -13.78200817, -10.80836773,  -8.01264095,  -8.89361286,  -6.50614119],
       device='cuda:0')
build_with_refined_bounds batch [1/1]
setting alpha for layer /input-4 start_node /124 with alignment adjustment
setting alpha for layer /input-12 start_node /124 with alignment adjustment
setting alpha for layer /input-20 start_node /124 with alignment adjustment
setting alpha for layer /input-28 start_node /124 with alignment adjustment
setting alpha for layer /input-36 start_node /124 with alignment adjustment
setting alpha for layer /input-44 start_node /124 with alignment adjustment
setting alpha for layer /input-52 start_node /124 with alignment adjustment
setting alpha for layer /input-60 start_node /124 with alignment adjustment
setting alpha for layer /input-68 start_node /124 with alignment adjustment
setting alpha for layer /123 start_node /124 with alignment adjustment
all alpha initialized
directly get lb and ub from refined bounds
c shape: torch.Size([2, 1, 100])
lA shapes: [torch.Size([2, 1, 64, 15, 15]), torch.Size([2, 1, 128, 8, 8]), torch.Size([2, 1, 128, 8, 8]), torch.Size([2, 1, 128, 8, 8]), torch.Size([2, 1, 128, 8, 8]), torch.Size([2, 1, 128, 4, 4]), torch.Size([2, 1, 128, 4, 4]), torch.Size([2, 1, 128, 4, 4]), torch.Size([2, 1, 128, 4, 4]), torch.Size([2, 1, 100])]
(alpha-)CROWN with fixed intermediate bounds: tensor([[-0.16492009],
        [-0.26003218]], device='cuda:0') tensor([[inf],
        [inf]], device='cuda:0')
Intermediate layers: /input,/input-8,/input-16,/input-24,/input-32,/input-40,/input-48,/input-56,/input-64,/input-72,/124
Keeping alphas for these layers: ['/124']
Keeping alphas for these layers: ['/124']
Node /input-4 input 0: size torch.Size([64, 15, 15]) unstable 600
Node /input-12 input 0: size torch.Size([128, 8, 8]) unstable 330
Node /input-20 input 0: size torch.Size([128, 8, 8]) unstable 121
Node /input-28 input 0: size torch.Size([128, 8, 8]) unstable 23
Node /input-36 input 0: size torch.Size([128, 8, 8]) unstable 0
Node /input-44 input 0: size torch.Size([128, 4, 4]) unstable 97
Node /input-52 input 0: size torch.Size([128, 4, 4]) unstable 0
Node /input-60 input 0: size torch.Size([128, 4, 4]) unstable 0
Node /input-68 input 0: size torch.Size([128, 4, 4]) unstable 0
Node /123 input 0: size torch.Size([100]) unstable 33
-----------------
# of unstable neurons: 1204
-----------------

BaB round 1
batch: 2
splitting decisions: 
split level 0: [/input-72, 52] [/input-72, 29] 
split level 1: [/input-72, 3] [/input-72, 3] 
split level 2: [/input-16, 7067] [/input-72, 37] 
pruning_in_iteration open status: True
ratio of positive domain = 15 / 16 = 0.9375
pruning-in-iteration extra time: 0.004259586334228516
Time: prepare 0.0005    bound 0.2558    transfer 0.0019    finalize 0.0013    func 0.2595    
Accumulated time: func 0.2595    prepare 0.0009    bound 0.2558    transfer 0.0019    finalize 0.0013    
Current worst splitting domains lb-rhs (depth):
-0.12470 (3), 
Length of domains: 1
Time: pickout 0.0008    decision 0.1377    set_bounds 0.0070    solve 0.2596    add 0.0008    
Accumulated time: pickout 0.0008    decision 0.1377    set_bounds 0.0070    solve 0.2596    add 0.0008    
Current (lb-rhs): -0.1246950626373291
1 domains visited
Cumulative time: 0.6203479766845703

BaB round 2
batch: 1
splitting decisions: 
split level 0: [/input-72, 41] 
split level 1: [/input-72, 51] 
split level 2: [/input-16, 7067] 
split level 3: [/input-16, 5539] 
pruning_in_iteration open status: True
ratio of positive domain = 12 / 16 = 0.75
pruning-in-iteration extra time: 0.0036945343017578125
Time: prepare 0.0008    bound 0.1432    transfer 0.0009    finalize 0.0003    func 0.1452    
Accumulated time: func 0.4047    prepare 0.0021    bound 0.3990    transfer 0.0027    finalize 0.0016    
Current worst splitting domains lb-rhs (depth):
-0.01833 (7), -0.01489 (7), -0.00368 (7), -0.00084 (7), 
Length of domains: 4
Time: pickout 0.0017    decision 0.0540    set_bounds 0.0013    solve 0.1452    add 0.0008    
Accumulated time: pickout 0.0025    decision 0.1917    set_bounds 0.0083    solve 0.4048    add 0.0016    
Current (lb-rhs): -0.0183258056640625
5 domains visited
Cumulative time: 0.8236551284790039

BaB round 3
batch: 4
splitting decisions: 
split level 0: [/input-72, 49] [/input-72, 49] [/input-72, 49] [/input-72, 49] 
split level 1: [/input-16, 3804] [/input-16, 7075] [/input-16, 7075] [/input-16, 7075] 

all verified at 0th iter
pruning_in_iteration open status: False
ratio of positive domain = 16 / 16 = 1.0
pruning-in-iteration extra time: 3.62396240234375e-05
Time: prepare 0.0007    bound 0.0091    transfer 0.0006    finalize 0.0003    func 0.0107    
Accumulated time: func 0.4155    prepare 0.0031    bound 0.4082    transfer 0.0033    finalize 0.0019    
Length of domains: 0
Time: pickout 0.0010    decision 0.0485    set_bounds 0.0017    solve 0.0108    add 0.0001    
Accumulated time: pickout 0.0035    decision 0.2402    set_bounds 0.0101    solve 0.4156    add 0.0017    
No domains left, verification finished!
Current (lb-rhs): 1.0000000116860974e-07
5 domains visited
Cumulative time: 0.8858997821807861

Result: unsat
Time: 5.257976055145264

------------------------- COMMAND ------------------------------
/data1/Kane/miniconda3/envs/GenBaB/bin/python /data1/Kane/GenBaB/alpha-beta-CROWN/complete_verifier/abcrown.py --config /data1/Kane/GenBaB/alpha-beta-CROWN/complete_verifier/exp_configs/vnncomp24/cifar100.yaml --precompile_jit --onnx_path /data1/Kane/data/vnncomp2025_benchmarks/benchmarks/cifar100_2024/onnx/CIFAR100_resnet_medium.onnx --vnnlib_path /data1/Kane/data/vnncomp2025_benchmarks/benchmarks/cifar100_2024/vnnlib/CIFAR100_resnet_medium_prop_idx_8739_sidx_1540_eps_0.0039.vnnlib --results_file /data1/Kane/ACT/audit_results/abcrown_nopgd_20260525/cifar100_2024/0071__CIFAR100_resnet_medium__CIFAR100_resnet_medium_prop_idx_8739_sidx_1540_eps_0.0039.result --timeout 100.0 --save_adv_example --pgd_order=skip
----------------------------------------------------------------

