[0;93m2026-05-26 17:14:20.540153068 [W:onnxruntime:Default, device_discovery.cc:325 DiscoverDevicesForPlatform] GPU device discovery failed: device_discovery.cc:92 ReadFileContents Failed to open file: "/sys/class/drm/card0/device/vendor"[m
Configurations:

general:
  device: cuda
  seed: 100
  conv_mode: patches
  deterministic: false
  double_fp: false
  loss_reduction_func: sum
  sparse_alpha: true
  sparse_interm: true
  save_adv_example: true
  verify_onnxruntime_output: false
  eval_adv_example: false
  show_adv_example: false
  precompile_jit: true
  prepare_only: false
  complete_verifier: bab
  enable_incomplete_verification: true
  csv_name: instances.csv
  results_file: /data1/Kane/ACT/audit_results/abcrown_nopgd_20260525/cifar100_2024/0099__CIFAR100_resnet_medium__CIFAR100_resnet_medium_prop_idx_3852_sidx_2848_eps_0.0039.result
  root_path: ../../vnncomp2024_benchmarks/benchmarks/cifar100
  deterministic_opt: false
  graph_optimizer: 'Customized("custom_graph_optimizer", "default_optimizer")'
  buffer_has_batchdim: false
  save_output: false
  output_file: out.pkl
  return_optimized_model: false
model:
  name: null
  path: null
  onnx_path: /data1/Kane/data/vnncomp2025_benchmarks/benchmarks/cifar100_2024/onnx/CIFAR100_resnet_medium.onnx
  onnx_path_prefix: ''
  cache_onnx_conversion: false
  debug_onnx: false
  onnx_quirks: null
  input_shape: null
  onnx_loader: default_onnx_and_vnnlib_loader
  onnx_optimization_flags: [merge_bn]
  onnx_vnnlib_joint_optimization_flags: none
  check_optimized: false
  flatten_final_output: false
  optimize_graph: null
  with_jacobian: false
data:
  start: 0
  end: 10000
  select_instance: null
  num_outputs: 10
  mean: 0.0
  std: 1.0
  pkl_path: null
  dataset: null
  data_filter_path: null
  data_idx_file: null
specification:
  type: lp
  robustness_type: verified-acc
  norm: .inf
  epsilon: null
  epsilon_min: 0.0
  vnnlib_path: /data1/Kane/data/vnncomp2025_benchmarks/benchmarks/cifar100_2024/vnnlib/CIFAR100_resnet_medium_prop_idx_3852_sidx_2848_eps_0.0039.vnnlib
  vnnlib_path_prefix: ''
  rhs_offset: null
solver:
  batch_size: 256
  auto_enlarge_batch_size: true
  min_batch_size_ratio: 0.1
  use_float64_in_last_iteration: false
  early_stop_patience: 10
  start_save_best: 0.5
  bound_prop_method: alpha-crown
  init_bound_prop_method: same
  prune_after_crown: true
  optimize_disjuncts_separately: false
  crown:
    batch_size: 1000000000
    max_crown_size: 1000000000
    activation_bound_option: adaptive
    compare_crown_with_ibp: false
  alpha-crown:
    alpha: true
    lr_alpha: 0.25
    iteration: 20
    share_alphas: false
    lr_decay: 0.98
    full_conv_alpha: false
    max_coeff_mul: .inf
    matmul_share_alphas: false
    disable_optimization: []
    max_time: 1.0
  invprop:
    apply_output_constraints_to: []
    tighten_input_bounds: false
    best_of_oc_and_no_oc: false
    directly_optimize: []
    oc_lr: 0.1
    share_gammas: false
  beta-crown:
    lr_alpha: 0.1
    lr_beta: 0.2
    lr_decay: 0.98
    optimizer: adam
    iteration: 10
    beta: true
    beta_warmup: true
    enable_opt_interm_bounds: false
    all_node_split_LP: false
  forward:
    refine: false
    max_dim: 10000
    reset_threshold: 1.0
  multi_class:
    label_batch_size: 32
    skip_with_refined_bound: true
  mip:
    unstable_neuron_threshold: 0
    parallel_solvers: null
    solver_threads: 1
    refine_neuron_timeout: 15
    refine_neuron_time_percentage: 0.8
    early_stop: true
    adv_warmup: true
    mip_solver: gurobi
    skip_unsafe: false
    topk_filter: 1.0
    sliding_window: -1
    extra_constraint: false
    refine_neuron_timeout_increasement: 0
    timeout_neuron_percentage: 0.3
    remaining_timeout_threshold: 1
    remove_unstable_neurons: false
    lp_solver: false
bab:
  initial_max_domains: 100
  backing_up_max_domain: null
  max_domains: .inf
  decision_thresh: 0
  timeout: 100.0
  timeout_scale: 1
  max_iterations: -1
  override_timeout: null
  get_upper_bound: false
  pruning_in_iteration: true
  pruning_in_iteration_ratio: 0.2
  sort_targets: false
  batched_domain_list: true
  optimized_interm: ''
  interm_transfer: false
  recompute_interm: false
  sort_domain_interval: -1
  vanilla_crown: false
  tree_traversal: depth_first
  cut:
    enabled: false
    cuts_path: /tmp/abcrown_cuts
    implication: false
    bab_cut: false
    lp_cut: false
    method: null
    lr: 0.01
    lr_decay: 1.0
    iteration: 100
    bab_iteration: -1
    early_stop_patience: -1
    lr_beta: 0.02
    number_cuts: 50
    topk_cuts_in_filter: 1000
    batch_size_primal: 100
    max_num: 1000000000
    patches_cut: false
    cplex_cuts: false
    cplex_cuts_wait: 0
    cplex_cuts_revpickup: true
    cut_reference_bounds: true
    fix_intermediate_bounds: false
    biccos:
      enabled: false
      constraint_strengthening: true
      recursively_strengthening: false
      drop_ratio: 0.5
      verified_bonus: 0.3
      max_infer_iter: 20
      heuristic: neuron_influence_score
      save_biccos_cuts: false
      multi_tree_branching:
        enabled: false
        restore_best_tree: false
        keep_n_best_domains: 1
        k_splits: 1
        iterations: 1
  branching:
    method: kfsb
    candidates: 7
    reduceop: max
    enable_intermediate_bound_opt: false
    branching_input_and_activation: false
    branching_input_and_activation_order: [input, relu]
    branching_input_iterations: 30
    branching_relu_iterations: 50
    nonlinear_split:
      method: bbps
      disable: false
      branching_point_method: uniform
      num_branches: 2
      filter: false
      filter_beta: false
      filter_clamp: false
      filter_batch_size: 10000
      filter_iterations: 25
      relu_only: false
      loose_tanh_threshold: null
      branching_point:
        db_path: branching_points.pt
        num_iterations: 1000
        batch_size: 1000000
        range_l: -5.0
        range_u: 5.0
        log_interval: 100
        step_size_1d: 0.01
        step_size: 0.2
    input_split:
      enable_clip_domains: false
      split_hint: null
      reorder_bab: false
      enable: false
      enhanced_bound_prop_method: alpha-crown
      enhanced_branching_method: naive
      enhanced_bound_patience: 100000000.0
      attack_patience: 100000000.0
      adv_check: 0
      split_partitions: 2
      sb_margin_weight: 1.0
      sb_sum: false
      sb_primary_spec: null
      bf_backup_thresh: -1
      bf_rhs_offset: 0
      bf_iters: 1000000000.0
      bf_batch_size: 100000
      bf_zero_crossing_score: false
      touch_zero_score: 0
      ibp_enhancement: false
      compare_with_old_bounds: false
      update_rhs_with_attack: false
      sb_coeff_thresh: 0.001
      sort_index: null
      sort_descending: true
      show_progress: false
      presplit_domains: null
      skip_getting_worst_domain: false
  attack:
    enabled: false
    beam_candidates: 8
    beam_depth: 7
    max_dive_fix_ratio: 0.8
    min_local_free_ratio: 0.2
    mip_start_iteration: 5
    mip_timeout: 30.0
    adv_pool_threshold: null
    refined_mip_attacker: false
    refined_batch_size: null
attack:
  pgd_order: skip
  pgd_steps: 100
  pgd_restarts: 10
  pgd_batch_size: 100000000
  pgd_early_stop: true
  pgd_lr_decay: 0.99
  pgd_alpha: auto
  pgd_alpha_scale: false
  pgd_loss_mode: null
  pgd_restart_when_stuck: false
  enable_mip_attack: false
  adv_saver: default_adv_saver
  adv_verifier: default_adv_verifier
  early_stop_condition: default_early_stop_condition
  adv_example_finalizer: default_adv_example_finalizer
  pgd_loss: default_pgd_loss
  cex_path: ./test_cex.txt
  attack_mode: PGD
  attack_tolerance: 0.0
  attack_func: attack_with_general_specs
  gama_lambda: 10.0
  gama_decay: 0.9
  check_clean: false
  input_split:
    pgd_steps: 100
    pgd_restarts: 30
    pgd_alpha: auto
  input_split_enhanced:
    pgd_steps: 200
    pgd_restarts: 500000
    pgd_alpha: auto
  input_split_check_adv:
    enabled: auto
    pgd_steps: 5
    pgd_restarts: 5
    pgd_alpha: auto
    max_num_domains: 10
debug:
  view_model: false
  lp_test: null
  rescale_vnnlib_ptb: null
  test_optimized_bounds: false
  test_optimized_bounds_after_n_iterations: 0
  print_verbose_decisions: false
  sanity_check: null
  save_minimal_config: null
  save_minimal_config_omit_keys: []

Experiments at Tue May 26 17:14:21 2026 on dell-pro-max-tower-t2
Pre-compile jit kernels on a toy network...
JIT kernels compiled in 1.2591s./data1/Kane/miniconda3/envs/GenBaB/lib/python3.11/site-packages/onnx2pytorch/convert/model.py:151: UserWarning: Using experimental implementation that allows 'batch_size > 1'.Batchnorm layers could potentially produce false outputs.
  warnings.warn(
/data1/Kane/miniconda3/envs/GenBaB/lib/python3.11/site-packages/onnx2pytorch/utils.py:21: TracerWarning: Converting a tensor to a Python boolean might cause the trace to be incorrect. We can't record the data flow of Python values, so this value will be treated as a constant in the future. This means that the trace might not generalize to other inputs!
  return value.ndim == 0 or value.shape == torch.Size([1])
/data1/Kane/miniconda3/envs/GenBaB/lib/python3.11/site-packages/onnx2pytorch/operations/add.py:34: TracerWarning: Converting a tensor to a Python boolean might cause the trace to be incorrect. We can't record the data flow of Python values, so this value will be treated as a constant in the future. This means that the trace might not generalize to other inputs!
  elif all(x == 1 for x in input[0].shape):

Internal results will be saved to /data1/Kane/ACT/audit_results/abcrown_nopgd_20260525/cifar100_2024/0099__CIFAR100_resnet_medium__CIFAR100_resnet_medium_prop_idx_3852_sidx_2848_eps_0.0039.result.

 %%%%%%%%%%%%%%%%%%%%%%%%%%%%%%%%%%% idx: 0, vnnlib ID: 0 %%%%%%%%%%%%%%%%%%%%%%%%%%%%%%%%%%%
Using onnx /data1/Kane/data/vnncomp2025_benchmarks/benchmarks/cifar100_2024/onnx/CIFAR100_resnet_medium.onnx
Using vnnlib /data1/Kane/data/vnncomp2025_benchmarks/benchmarks/cifar100_2024/vnnlib/CIFAR100_resnet_medium_prop_idx_3852_sidx_2848_eps_0.0039.vnnlib
3072 inputs and 100 outputs in vnnlib
Loading onnx /data1/Kane/data/vnncomp2025_benchmarks/benchmarks/cifar100_2024/onnx/CIFAR100_resnet_medium.onnx with quirks {}
Onnx optimization with flags: ['merge_bn']
Found existed optimized onnx model at /data1/Kane/data/vnncomp2025_benchmarks/benchmarks/cifar100_2024/onnx/CIFAR100_resnet_medium.onnx.optimized
Finished onnx model loading in 0.0762 seconds
Model: BoundedModule(
  (/input-1): BoundInput(name=/input-1, inputs=[], perturbed=True)
  (/43): BoundParams(name=/43, inputs=[], perturbed=False)
  (/44): BoundParams(name=/44, inputs=[], perturbed=False)
  (/45): BoundParams(name=/45, inputs=[], perturbed=False)
  (/46): BoundParams(name=/46, inputs=[], perturbed=False)
  (/47): BoundParams(name=/47, inputs=[], perturbed=False)
  (/48): BoundParams(name=/48, inputs=[], perturbed=False)
  (/49): BoundParams(name=/49, inputs=[], perturbed=False)
  (/50): BoundParams(name=/50, inputs=[], perturbed=False)
  (/51): BoundParams(name=/51, inputs=[], perturbed=False)
  (/52): BoundParams(name=/52, inputs=[], perturbed=False)
  (/53): BoundParams(name=/53, inputs=[], perturbed=False)
  (/54): BoundParams(name=/54, inputs=[], perturbed=False)
  (/55): BoundParams(name=/55, inputs=[], perturbed=False)
  (/56): BoundParams(name=/56, inputs=[], perturbed=False)
  (/57): BoundParams(name=/57, inputs=[], perturbed=False)
  (/58): BoundParams(name=/58, inputs=[], perturbed=False)
  (/59): BoundParams(name=/59, inputs=[], perturbed=False)
  (/60): BoundParams(name=/60, inputs=[], perturbed=False)
  (/61): BoundParams(name=/61, inputs=[], perturbed=False)
  (/62): BoundParams(name=/62, inputs=[], perturbed=False)
  (/63): BoundParams(name=/63, inputs=[], perturbed=False)
  (/64): BoundParams(name=/64, inputs=[], perturbed=False)
  (/65): BoundParams(name=/65, inputs=[], perturbed=False)
  (/66): BoundParams(name=/66, inputs=[], perturbed=False)
  (/67): BoundParams(name=/67, inputs=[], perturbed=False)
  (/68): BoundParams(name=/68, inputs=[], perturbed=False)
  (/69): BoundParams(name=/69, inputs=[], perturbed=False)
  (/70): BoundParams(name=/70, inputs=[], perturbed=False)
  (/71): BoundParams(name=/71, inputs=[], perturbed=False)
  (/72): BoundParams(name=/72, inputs=[], perturbed=False)
  (/73): BoundParams(name=/73, inputs=[], perturbed=False)
  (/74): BoundParams(name=/74, inputs=[], perturbed=False)
  (/75): BoundParams(name=/75, inputs=[], perturbed=False)
  (/76): BoundParams(name=/76, inputs=[], perturbed=False)
  (/77): BoundParams(name=/77, inputs=[], perturbed=False)
  (/78): BoundParams(name=/78, inputs=[], perturbed=False)
  (/79): BoundParams(name=/79, inputs=[], perturbed=False)
  (/80): BoundParams(name=/80, inputs=[], perturbed=False)
  (/81): BoundParams(name=/81, inputs=[], perturbed=False)
  (/82): BoundParams(name=/82, inputs=[], perturbed=False)
  (/83): BoundParams(name=/83, inputs=[], perturbed=False)
  (/84): BoundParams(name=/84, inputs=[], perturbed=False)
  (/input): BoundConv(name=/input, inputs=[/input-1, /43, /44], perturbed=True)
  (/input-4): BoundRelu(name=/input-4, inputs=[/input], perturbed=True)
  (/input-8): BoundConv(name=/input-8, inputs=[/input-4, /45, /46], perturbed=True)
  (/input-12): BoundRelu(name=/input-12, inputs=[/input-8], perturbed=True)
  (/89): BoundConv(name=/89, inputs=[/input-12, /47, /48], perturbed=True)
  (/90): BoundConv(name=/90, inputs=[/input-4, /49, /50], perturbed=True)
  (/91): BoundAdd(name=/91, inputs=[/89, /90], perturbed=True)
  (/input-16): BoundConv(name=/input-16, inputs=[/91, /51, /52], perturbed=True)
  (/input-20): BoundRelu(name=/input-20, inputs=[/input-16], perturbed=True)
  (/94): BoundConv(name=/94, inputs=[/input-20, /53, /54], perturbed=True)
  (/95): BoundAdd(name=/95, inputs=[/94, /91], perturbed=True)
  (/input-24): BoundConv(name=/input-24, inputs=[/95, /55, /56], perturbed=True)
  (/input-28): BoundRelu(name=/input-28, inputs=[/input-24], perturbed=True)
  (/98): BoundConv(name=/98, inputs=[/input-28, /57, /58], perturbed=True)
  (/99): BoundAdd(name=/99, inputs=[/98, /95], perturbed=True)
  (/input-32): BoundConv(name=/input-32, inputs=[/99, /59, /60], perturbed=True)
  (/input-36): BoundRelu(name=/input-36, inputs=[/input-32], perturbed=True)
  (/102): BoundConv(name=/102, inputs=[/input-36, /61, /62], perturbed=True)
  (/103): BoundAdd(name=/103, inputs=[/102, /99], perturbed=True)
  (/input-40): BoundConv(name=/input-40, inputs=[/103, /63, /64], perturbed=True)
  (/input-44): BoundRelu(name=/input-44, inputs=[/input-40], perturbed=True)
  (/106): BoundConv(name=/106, inputs=[/input-44, /65, /66], perturbed=True)
  (/107): BoundConv(name=/107, inputs=[/103, /67, /68], perturbed=True)
  (/108): BoundAdd(name=/108, inputs=[/106, /107], perturbed=True)
  (/input-48): BoundConv(name=/input-48, inputs=[/108, /69, /70], perturbed=True)
  (/input-52): BoundRelu(name=/input-52, inputs=[/input-48], perturbed=True)
  (/111): BoundConv(name=/111, inputs=[/input-52, /71, /72], perturbed=True)
  (/112): BoundAdd(name=/112, inputs=[/111, /108], perturbed=True)
  (/input-56): BoundConv(name=/input-56, inputs=[/112, /73, /74], perturbed=True)
  (/input-60): BoundRelu(name=/input-60, inputs=[/input-56], perturbed=True)
  (/115): BoundConv(name=/115, inputs=[/input-60, /75, /76], perturbed=True)
  (/116): BoundAdd(name=/116, inputs=[/115, /112], perturbed=True)
  (/input-64): BoundConv(name=/input-64, inputs=[/116, /77, /78], perturbed=True)
  (/input-68): BoundRelu(name=/input-68, inputs=[/input-64], perturbed=True)
  (/119): BoundConv(name=/119, inputs=[/input-68, /79, /80], perturbed=True)
  (/120): BoundAdd(name=/120, inputs=[/119, /116], perturbed=True)
  (/121): BoundFlatten(name=/121, inputs=[/120], perturbed=True)
  (/input-72): BoundLinear(name=/input-72, inputs=[/121, /81, /82], perturbed=True)
  (/123): BoundRelu(name=/123, inputs=[/input-72], perturbed=True)
  (/124): BoundLinear(name=/124, inputs=[/123, /83, /84], perturbed=True)
)
Original output: tensor([[ -9.49319935,  -8.08157539,  -8.85766315,  -1.63220155,  -0.98438591,
         -11.30864716,  -7.00180817,  -5.48157263, -11.43872070, -13.73894215,
          -9.19968605,  -9.05115891,  -9.67045212, -10.21962357, -10.66969204,
          -4.09390831, -10.94641781,  -9.69208527,  -7.11863279,  -3.59696674,
          -8.95067310,  -2.92169428,  -9.69011116, -10.47181892,  -4.79997253,
          -6.65407753,  -7.97324705,  -6.38831806, -11.12425995,  -5.51983118,
          -9.07861423,   1.28763247,  -9.06973934,  -9.77661705,  -9.09000301,
          -8.18789959,  -7.19112778,  -7.73384762,  -7.85273218,  -9.58310509,
          -8.47640133, -13.69755840,  -8.58782387,  -5.92411804,  -9.56475639,
          -9.90546131,  -8.68263149,  -7.94933367, -12.39781570,  -9.93581104,
          -5.18013811,  -6.93467140,  -4.83141136, -14.72786522, -13.16087246,
          -2.94391966,  -9.41886425, -10.20950508, -10.58157635,  -6.86436939,
         -13.19724655,  -9.93241692, -12.83507061,  -0.53437299,  -3.72545528,
          -6.62235975,  -5.80816269, -10.04672432, -11.48153210, -11.90745449,
         -12.05688858, -11.13544559,  -3.69381046,  -9.44485760,  -2.83445024,
          -5.28394413,  -8.96371555,  -4.65763664,  -8.75644207,  -5.96571016,
          -7.45981169, -10.83915615, -11.18410015, -13.74825382,  -7.40278339,
          -8.87217712,  -9.53333187,  -9.69768810, -10.02688980,  -8.88341999,
          -7.09707499, -10.24449730, -12.21635723,  -5.27216482, -10.99804688,
          -8.43920326,  -6.61523151,  -9.62113953,  -7.11070156, -12.54219246]],
       device='cuda:0')
Split layers:
Nonlinear functions:
   BoundRelu(name=/input-4, inputs=[/input], perturbed=True)
   BoundRelu(name=/input-12, inputs=[/input-8], perturbed=True)
   BoundRelu(name=/input-20, inputs=[/input-16], perturbed=True)
   BoundRelu(name=/input-28, inputs=[/input-24], perturbed=True)
   BoundRelu(name=/input-36, inputs=[/input-32], perturbed=True)
   BoundRelu(name=/input-44, inputs=[/input-40], perturbed=True)
   BoundRelu(name=/input-52, inputs=[/input-48], perturbed=True)
   BoundRelu(name=/input-60, inputs=[/input-56], perturbed=True)
   BoundRelu(name=/input-68, inputs=[/input-64], perturbed=True)
   BoundRelu(name=/123, inputs=[/input-72], perturbed=True)
layer /input-4 using sparse-features alpha with shape [526]; unstable size 526; total size 14400 ([1, 64, 15, 15])
layer /input-4 start_node /input-8 using sparse-spec alpha [2, 95, 1, 526] with unstable size 94 total_size 128 output_shape 128
layer /input-4 start_node /input-16 using sparse-spec alpha [2, 39, 1, 526] with unstable size 38 total_size 128 output_shape 128
layer /input-4 start_node /input-24 using sparse-spec alpha [2, 21, 1, 526] with unstable size 20 total_size 8192 output_shape torch.Size([128, 8, 8])
layer /input-4 start_node /input-40 using sparse-spec alpha [2, 89, 1, 526] with unstable size 88 total_size 2048 output_shape torch.Size([128, 4, 4])
layer /input-4 start_node /input-72 using sparse-spec alpha [2, 30, 1, 526] with unstable size 29 total_size 100 output_shape torch.Size([100])
layer /input-4 start_node /124 using full alpha [2, 99, 1, 526] with unstable size None total_size 99 output_shape 99
layer /input-12 using sparse-features alpha with shape [306]; unstable size 306; total size 8192 ([1, 128, 8, 8])
layer /input-12 start_node /input-16 using sparse-spec alpha [2, 39, 1, 306] with unstable size 38 total_size 128 output_shape 128
layer /input-12 start_node /input-24 using sparse-spec alpha [2, 21, 1, 306] with unstable size 20 total_size 8192 output_shape torch.Size([128, 8, 8])
layer /input-12 start_node /input-40 using sparse-spec alpha [2, 89, 1, 306] with unstable size 88 total_size 2048 output_shape torch.Size([128, 4, 4])
layer /input-12 start_node /input-72 using sparse-spec alpha [2, 30, 1, 306] with unstable size 29 total_size 100 output_shape torch.Size([100])
layer /input-12 start_node /124 using full alpha [2, 99, 1, 306] with unstable size None total_size 99 output_shape 99
layer /input-20 using sparse-features alpha with shape [128]; unstable size 128; total size 8192 ([1, 128, 8, 8])
layer /input-20 start_node /input-24 using sparse-spec alpha [2, 11, 1, 128] with unstable size 10 total_size 128 output_shape 128
layer /input-20 start_node /input-40 using sparse-spec alpha [2, 89, 1, 128] with unstable size 88 total_size 2048 output_shape torch.Size([128, 4, 4])
layer /input-20 start_node /input-72 using sparse-spec alpha [2, 30, 1, 128] with unstable size 29 total_size 100 output_shape torch.Size([100])
layer /input-20 start_node /124 using full alpha [2, 99, 1, 128] with unstable size None total_size 99 output_shape 99
layer /input-28 using sparse-features alpha with shape [20]; unstable size 20; total size 8192 ([1, 128, 8, 8])
layer /input-28 start_node /input-40 using sparse-spec alpha [2, 89, 1, 20] with unstable size 88 total_size 2048 output_shape torch.Size([128, 4, 4])
layer /input-28 start_node /input-72 using sparse-spec alpha [2, 30, 1, 20] with unstable size 29 total_size 100 output_shape torch.Size([100])
layer /input-28 start_node /124 using full alpha [2, 99, 1, 20] with unstable size None total_size 99 output_shape 99
layer /input-36 using sparse-features alpha with shape [0]; unstable size 0; total size 8192 ([1, 128, 8, 8])
layer /input-36 start_node /input-40 using sparse-spec alpha [2, 49, 1, 0] with unstable size 48 total_size 128 output_shape 128
layer /input-36 start_node /input-72 using sparse-spec alpha [2, 30, 1, 0] with unstable size 29 total_size 100 output_shape torch.Size([100])
layer /input-36 start_node /124 using full alpha [2, 99, 1, 0] with unstable size None total_size 99 output_shape 99
layer /input-44 using sparse-features alpha with shape [88]; unstable size 88; total size 2048 ([1, 128, 4, 4])
layer /input-44 start_node /input-72 using sparse-spec alpha [2, 30, 1, 88] with unstable size 29 total_size 100 output_shape torch.Size([100])
layer /input-44 start_node /124 using full alpha [2, 99, 1, 88] with unstable size None total_size 99 output_shape 99
layer /input-52 using sparse-features alpha with shape [0]; unstable size 0; total size 2048 ([1, 128, 4, 4])
layer /input-52 start_node /input-72 using sparse-spec alpha [2, 30, 1, 0] with unstable size 29 total_size 100 output_shape torch.Size([100])
layer /input-52 start_node /124 using full alpha [2, 99, 1, 0] with unstable size None total_size 99 output_shape 99
layer /input-60 using sparse-features alpha with shape [0]; unstable size 0; total size 2048 ([1, 128, 4, 4])
layer /input-60 start_node /input-72 using sparse-spec alpha [2, 30, 1, 0] with unstable size 29 total_size 100 output_shape torch.Size([100])
layer /input-60 start_node /124 using full alpha [2, 99, 1, 0] with unstable size None total_size 99 output_shape 99
layer /input-68 using sparse-features alpha with shape [0]; unstable size 0; total size 2048 ([1, 128, 4, 4])
layer /input-68 start_node /input-72 using sparse-spec alpha [2, 30, 1, 0] with unstable size 29 total_size 100 output_shape torch.Size([100])
layer /input-68 start_node /124 using full alpha [2, 99, 1, 0] with unstable size None total_size 99 output_shape 99
layer /123 using sparse-features alpha with shape [29]; unstable size 29; total size 100 ([1, 100])
layer /123 start_node /124 using full alpha [2, 99, 1, 29] with unstable size None total_size 99 output_shape 99
Optimizable variables initialized.
initial CROWN bounds: tensor([[ 7.73970699,  6.29093552,  7.05333519,  1.34454310, -0.11925292,
          9.81793213,  5.31923008,  3.62679958,  9.99082756, 11.65217876,
          7.14220333,  7.44584084,  7.96569633,  8.77175140,  8.68075562,
          3.46350121,  8.50550938,  8.57504654,  5.69960976,  2.95929432,
          7.05719090,  1.84030008,  7.81573009,  8.86434841,  2.83993840,
          5.29220200,  6.07796764,  5.17898703,  8.64573097,  4.67621613,
          7.69435120,  7.00753164,  8.38941383,  8.02686024,  6.52613592,
          5.79392576,  6.62704086,  6.70810699,  7.93643999,  6.87934399,
         11.88882160,  7.60996914,  4.75663090,  7.80825996,  8.14084816,
          7.30515575,  6.13547039, 10.76412010,  8.32941246,  3.99036026,
          5.62534714,  3.63294935, 12.77589798, 11.66026402,  2.13639116,
          7.49160719,  8.74755287,  9.41617966,  5.27471304, 11.46930599,
          7.98389864, 10.81456947, -0.65873897,  2.96303034,  5.35248375,
          4.76708221,  8.45592308,  9.59853077, 10.24659443, 10.17144203,
          9.26671600,  2.65262651,  7.81539059,  1.67785382,  3.94461203,
          7.64634275,  3.02822351,  6.82621670,  4.58849573,  6.22383022,
          9.12476730,  8.80299187, 11.70744228,  5.89082050,  6.99447393,
          7.45489407,  7.41748571,  8.61674690,  7.51102829,  5.60066652,
          8.71569443, 10.67791367,  3.49506664,  8.94891739,  6.90914822,
          5.07983112,  8.76753807,  5.55959892, 10.36605740]], device='cuda:0') None
prune_after_crown optimization in use: original label size = 99 pruned label size = 2
best_l after optimization: -0.4890552759170532
alpha/beta optimization time: 2.126521587371826
initial alpha-crown bounds: tensor([[        inf,         inf,         inf,         inf,  0.02695501,
                 inf,         inf,         inf,         inf,         inf,
                 inf,         inf,         inf,         inf,         inf,
                 inf,         inf,         inf,         inf,         inf,
                 inf,         inf,         inf,         inf,         inf,
                 inf,         inf,         inf,         inf,         inf,
                 inf,         inf,         inf,         inf,         inf,
                 inf,         inf,         inf,         inf,         inf,
                 inf,         inf,         inf,         inf,         inf,
                 inf,         inf,         inf,         inf,         inf,
                 inf,         inf,         inf,         inf,         inf,
                 inf,         inf,         inf,         inf,         inf,
                 inf,         inf, -0.51601028,         inf,         inf,
                 inf,         inf,         inf,         inf,         inf,
                 inf,         inf,         inf,         inf,         inf,
                 inf,         inf,         inf,         inf,         inf,
                 inf,         inf,         inf,         inf,         inf,
                 inf,         inf,         inf,         inf,         inf,
                 inf,         inf,         inf,         inf,         inf,
                 inf,         inf,         inf,         inf]], device='cuda:0')
Number of class (without rhs): 1 ; Worst class: (+ rhs) -0.5160102844238281
Total VNNLIB file length: 99, max property batch size: 100, total number of batches: 1
lA shape: [torch.Size([99, 1, 64, 15, 15]), torch.Size([99, 1, 128, 8, 8]), torch.Size([99, 1, 128, 8, 8]), torch.Size([99, 1, 128, 8, 8]), torch.Size([99, 1, 128, 8, 8]), torch.Size([99, 1, 128, 4, 4]), torch.Size([99, 1, 128, 4, 4]), torch.Size([99, 1, 128, 4, 4]), torch.Size([99, 1, 128, 4, 4]), torch.Size([99, 1, 100])]

Properties batch 0, size 99
Remaining timeout: 96.4101927280426
Verifying property 0 with 99 instances.
##### Instance 0 first 10 spec matrices: 
tensor([[[-1.,  0.,  0.,  0.,  0.,  0.,  0.,  0.,  0.,  0.,  0.,  0.,  0.,  0.,
           0.,  0.,  0.,  0.,  0.,  0.,  0.,  0.,  0.,  0.,  0.,  0.,  0.,  0.,
           0.,  0.,  0.,  1.,  0.,  0.,  0.,  0.,  0.,  0.,  0.,  0.,  0.,  0.,
           0.,  0.,  0.,  0.,  0.,  0.,  0.,  0.,  0.,  0.,  0.,  0.,  0.,  0.,
           0.,  0.,  0.,  0.,  0.,  0.,  0.,  0.,  0.,  0.,  0.,  0.,  0.,  0.,
           0.,  0.,  0.,  0.,  0.,  0.,  0.,  0.,  0.,  0.,  0.,  0.,  0.,  0.,
           0.,  0.,  0.,  0.,  0.,  0.,  0.,  0.,  0.,  0.,  0.,  0.,  0.,  0.,
           0.,  0.]],

        [[ 0., -1.,  0.,  0.,  0.,  0.,  0.,  0.,  0.,  0.,  0.,  0.,  0.,  0.,
           0.,  0.,  0.,  0.,  0.,  0.,  0.,  0.,  0.,  0.,  0.,  0.,  0.,  0.,
           0.,  0.,  0.,  1.,  0.,  0.,  0.,  0.,  0.,  0.,  0.,  0.,  0.,  0.,
           0.,  0.,  0.,  0.,  0.,  0.,  0.,  0.,  0.,  0.,  0.,  0.,  0.,  0.,
           0.,  0.,  0.,  0.,  0.,  0.,  0.,  0.,  0.,  0.,  0.,  0.,  0.,  0.,
           0.,  0.,  0.,  0.,  0.,  0.,  0.,  0.,  0.,  0.,  0.,  0.,  0.,  0.,
           0.,  0.,  0.,  0.,  0.,  0.,  0.,  0.,  0.,  0.,  0.,  0.,  0.,  0.,
           0.,  0.]],

        [[ 0.,  0., -1.,  0.,  0.,  0.,  0.,  0.,  0.,  0.,  0.,  0.,  0.,  0.,
           0.,  0.,  0.,  0.,  0.,  0.,  0.,  0.,  0.,  0.,  0.,  0.,  0.,  0.,
           0.,  0.,  0.,  1.,  0.,  0.,  0.,  0.,  0.,  0.,  0.,  0.,  0.,  0.,
           0.,  0.,  0.,  0.,  0.,  0.,  0.,  0.,  0.,  0.,  0.,  0.,  0.,  0.,
           0.,  0.,  0.,  0.,  0.,  0.,  0.,  0.,  0.,  0.,  0.,  0.,  0.,  0.,
           0.,  0.,  0.,  0.,  0.,  0.,  0.,  0.,  0.,  0.,  0.,  0.,  0.,  0.,
           0.,  0.,  0.,  0.,  0.,  0.,  0.,  0.,  0.,  0.,  0.,  0.,  0.,  0.,
           0.,  0.]],

        [[ 0.,  0.,  0., -1.,  0.,  0.,  0.,  0.,  0.,  0.,  0.,  0.,  0.,  0.,
           0.,  0.,  0.,  0.,  0.,  0.,  0.,  0.,  0.,  0.,  0.,  0.,  0.,  0.,
           0.,  0.,  0.,  1.,  0.,  0.,  0.,  0.,  0.,  0.,  0.,  0.,  0.,  0.,
           0.,  0.,  0.,  0.,  0.,  0.,  0.,  0.,  0.,  0.,  0.,  0.,  0.,  0.,
           0.,  0.,  0.,  0.,  0.,  0.,  0.,  0.,  0.,  0.,  0.,  0.,  0.,  0.,
           0.,  0.,  0.,  0.,  0.,  0.,  0.,  0.,  0.,  0.,  0.,  0.,  0.,  0.,
           0.,  0.,  0.,  0.,  0.,  0.,  0.,  0.,  0.,  0.,  0.,  0.,  0.,  0.,
           0.,  0.]],

        [[ 0.,  0.,  0.,  0., -1.,  0.,  0.,  0.,  0.,  0.,  0.,  0.,  0.,  0.,
           0.,  0.,  0.,  0.,  0.,  0.,  0.,  0.,  0.,  0.,  0.,  0.,  0.,  0.,
           0.,  0.,  0.,  1.,  0.,  0.,  0.,  0.,  0.,  0.,  0.,  0.,  0.,  0.,
           0.,  0.,  0.,  0.,  0.,  0.,  0.,  0.,  0.,  0.,  0.,  0.,  0.,  0.,
           0.,  0.,  0.,  0.,  0.,  0.,  0.,  0.,  0.,  0.,  0.,  0.,  0.,  0.,
           0.,  0.,  0.,  0.,  0.,  0.,  0.,  0.,  0.,  0.,  0.,  0.,  0.,  0.,
           0.,  0.,  0.,  0.,  0.,  0.,  0.,  0.,  0.,  0.,  0.,  0.,  0.,  0.,
           0.,  0.]],

        [[ 0.,  0.,  0.,  0.,  0., -1.,  0.,  0.,  0.,  0.,  0.,  0.,  0.,  0.,
           0.,  0.,  0.,  0.,  0.,  0.,  0.,  0.,  0.,  0.,  0.,  0.,  0.,  0.,
           0.,  0.,  0.,  1.,  0.,  0.,  0.,  0.,  0.,  0.,  0.,  0.,  0.,  0.,
           0.,  0.,  0.,  0.,  0.,  0.,  0.,  0.,  0.,  0.,  0.,  0.,  0.,  0.,
           0.,  0.,  0.,  0.,  0.,  0.,  0.,  0.,  0.,  0.,  0.,  0.,  0.,  0.,
           0.,  0.,  0.,  0.,  0.,  0.,  0.,  0.,  0.,  0.,  0.,  0.,  0.,  0.,
           0.,  0.,  0.,  0.,  0.,  0.,  0.,  0.,  0.,  0.,  0.,  0.,  0.,  0.,
           0.,  0.]],

        [[ 0.,  0.,  0.,  0.,  0.,  0., -1.,  0.,  0.,  0.,  0.,  0.,  0.,  0.,
           0.,  0.,  0.,  0.,  0.,  0.,  0.,  0.,  0.,  0.,  0.,  0.,  0.,  0.,
           0.,  0.,  0.,  1.,  0.,  0.,  0.,  0.,  0.,  0.,  0.,  0.,  0.,  0.,
           0.,  0.,  0.,  0.,  0.,  0.,  0.,  0.,  0.,  0.,  0.,  0.,  0.,  0.,
           0.,  0.,  0.,  0.,  0.,  0.,  0.,  0.,  0.,  0.,  0.,  0.,  0.,  0.,
           0.,  0.,  0.,  0.,  0.,  0.,  0.,  0.,  0.,  0.,  0.,  0.,  0.,  0.,
           0.,  0.,  0.,  0.,  0.,  0.,  0.,  0.,  0.,  0.,  0.,  0.,  0.,  0.,
           0.,  0.]],

        [[ 0.,  0.,  0.,  0.,  0.,  0.,  0., -1.,  0.,  0.,  0.,  0.,  0.,  0.,
           0.,  0.,  0.,  0.,  0.,  0.,  0.,  0.,  0.,  0.,  0.,  0.,  0.,  0.,
           0.,  0.,  0.,  1.,  0.,  0.,  0.,  0.,  0.,  0.,  0.,  0.,  0.,  0.,
           0.,  0.,  0.,  0.,  0.,  0.,  0.,  0.,  0.,  0.,  0.,  0.,  0.,  0.,
           0.,  0.,  0.,  0.,  0.,  0.,  0.,  0.,  0.,  0.,  0.,  0.,  0.,  0.,
           0.,  0.,  0.,  0.,  0.,  0.,  0.,  0.,  0.,  0.,  0.,  0.,  0.,  0.,
           0.,  0.,  0.,  0.,  0.,  0.,  0.,  0.,  0.,  0.,  0.,  0.,  0.,  0.,
           0.,  0.]],

        [[ 0.,  0.,  0.,  0.,  0.,  0.,  0.,  0., -1.,  0.,  0.,  0.,  0.,  0.,
           0.,  0.,  0.,  0.,  0.,  0.,  0.,  0.,  0.,  0.,  0.,  0.,  0.,  0.,
           0.,  0.,  0.,  1.,  0.,  0.,  0.,  0.,  0.,  0.,  0.,  0.,  0.,  0.,
           0.,  0.,  0.,  0.,  0.,  0.,  0.,  0.,  0.,  0.,  0.,  0.,  0.,  0.,
           0.,  0.,  0.,  0.,  0.,  0.,  0.,  0.,  0.,  0.,  0.,  0.,  0.,  0.,
           0.,  0.,  0.,  0.,  0.,  0.,  0.,  0.,  0.,  0.,  0.,  0.,  0.,  0.,
           0.,  0.,  0.,  0.,  0.,  0.,  0.,  0.,  0.,  0.,  0.,  0.,  0.,  0.,
           0.,  0.]],

        [[ 0.,  0.,  0.,  0.,  0.,  0.,  0.,  0.,  0., -1.,  0.,  0.,  0.,  0.,
           0.,  0.,  0.,  0.,  0.,  0.,  0.,  0.,  0.,  0.,  0.,  0.,  0.,  0.,
           0.,  0.,  0.,  1.,  0.,  0.,  0.,  0.,  0.,  0.,  0.,  0.,  0.,  0.,
           0.,  0.,  0.,  0.,  0.,  0.,  0.,  0.,  0.,  0.,  0.,  0.,  0.,  0.,
           0.,  0.,  0.,  0.,  0.,  0.,  0.,  0.,  0.,  0.,  0.,  0.,  0.,  0.,
           0.,  0.,  0.,  0.,  0.,  0.,  0.,  0.,  0.,  0.,  0.,  0.,  0.,  0.,
           0.,  0.,  0.,  0.,  0.,  0.,  0.,  0.,  0.,  0.,  0.,  0.,  0.,  0.,
           0.,  0.]]], dtype=torch.float64)
thresholds: tensor([0., 0., 0., 0., 0., 0., 0., 0., 0., 0.], device='cuda:0') ######
Initial alpha-CROWN verified for spec index tensor([ 0,  1,  2,  3,  4,  5,  6,  7,  8,  9, 10, 11, 12, 13, 14, 15, 16, 17,
        18, 19, 20, 21, 22, 23, 24, 25, 26, 27, 28, 29, 30, 31, 32, 33, 34, 35,
        36, 37, 38, 39, 40, 41, 42, 43, 44, 45, 46, 47, 48, 49, 50, 51, 52, 53,
        54, 55, 56, 57, 58, 59, 60, 61, 63, 64, 65, 66, 67, 68, 69, 70, 71, 72,
        73, 74, 75, 76, 77, 78, 79, 80, 81, 82, 83, 84, 85, 86, 87, 88, 89, 90,
        91, 92, 93, 94, 95, 96, 97, 98], device='cuda:0') with bound tensor([       inf,        inf,        inf,        inf, 0.02695501,        inf,
               inf,        inf,        inf,        inf,        inf,        inf,
               inf,        inf,        inf,        inf,        inf,        inf,
               inf,        inf,        inf,        inf,        inf,        inf,
               inf,        inf,        inf,        inf,        inf,        inf,
               inf,        inf,        inf,        inf,        inf,        inf,
               inf,        inf,        inf,        inf,        inf,        inf,
               inf,        inf,        inf,        inf,        inf,        inf,
               inf,        inf,        inf,        inf,        inf,        inf,
               inf,        inf,        inf,        inf,        inf,        inf,
               inf,        inf,        inf,        inf,        inf,        inf,
               inf,        inf,        inf,        inf,        inf,        inf,
               inf,        inf,        inf,        inf,        inf,        inf,
               inf,        inf,        inf,        inf,        inf,        inf,
               inf,        inf,        inf,        inf,        inf,        inf,
               inf,        inf,        inf,        inf,        inf,        inf,
               inf,        inf], device='cuda:0').
Remaining spec index tensor([62], device='cuda:0') with bounds tensor([[-0.51601028]], device='cuda:0') need to verify.
Model prediction is: tensor([ -9.49319935,  -8.08157539,  -8.85766315,  -1.63220155,  -0.98438591,
        -11.30864716,  -7.00180817,  -5.48157263, -11.43872070, -13.73894215,
         -9.19968605,  -9.05115891,  -9.67045212, -10.21962357, -10.66969204,
         -4.09390831, -10.94641781,  -9.69208527,  -7.11863279,  -3.59696674,
         -8.95067310,  -2.92169428,  -9.69011116, -10.47181892,  -4.79997253,
         -6.65407753,  -7.97324705,  -6.38831806, -11.12425995,  -5.51983118,
         -9.07861423,   1.28763247,  -9.06973934,  -9.77661705,  -9.09000301,
         -8.18789959,  -7.19112778,  -7.73384762,  -7.85273218,  -9.58310509,
         -8.47640133, -13.69755840,  -8.58782387,  -5.92411804,  -9.56475639,
         -9.90546131,  -8.68263149,  -7.94933367, -12.39781570,  -9.93581104,
         -5.18013811,  -6.93467140,  -4.83141136, -14.72786522, -13.16087246,
         -2.94391966,  -9.41886425, -10.20950508, -10.58157635,  -6.86436939,
        -13.19724655,  -9.93241692, -12.83507061,  -0.53437299,  -3.72545528,
         -6.62235975,  -5.80816269, -10.04672432, -11.48153210, -11.90745449,
        -12.05688858, -11.13544559,  -3.69381046,  -9.44485760,  -2.83445024,
         -5.28394413,  -8.96371555,  -4.65763664,  -8.75644207,  -5.96571016,
         -7.45981169, -10.83915615, -11.18410015, -13.74825382,  -7.40278339,
         -8.87217712,  -9.53333187,  -9.69768810, -10.02688980,  -8.88341999,
         -7.09707499, -10.24449730, -12.21635723,  -5.27216482, -10.99804688,
         -8.43920326,  -6.61523151,  -9.62113953,  -7.11070156, -12.54219246],
       device='cuda:0')
build_with_refined_bounds batch [1/1]
setting alpha for layer /input-4 start_node /124 with alignment adjustment
setting alpha for layer /input-12 start_node /124 with alignment adjustment
setting alpha for layer /input-20 start_node /124 with alignment adjustment
setting alpha for layer /input-28 start_node /124 with alignment adjustment
setting alpha for layer /input-36 start_node /124 with alignment adjustment
setting alpha for layer /input-44 start_node /124 with alignment adjustment
setting alpha for layer /input-52 start_node /124 with alignment adjustment
setting alpha for layer /input-60 start_node /124 with alignment adjustment
setting alpha for layer /input-68 start_node /124 with alignment adjustment
setting alpha for layer /123 start_node /124 with alignment adjustment
all alpha initialized
directly get lb and ub from refined bounds
c shape: torch.Size([1, 1, 100])
lA shapes: [torch.Size([1, 1, 64, 15, 15]), torch.Size([1, 1, 128, 8, 8]), torch.Size([1, 1, 128, 8, 8]), torch.Size([1, 1, 128, 8, 8]), torch.Size([1, 1, 128, 8, 8]), torch.Size([1, 1, 128, 4, 4]), torch.Size([1, 1, 128, 4, 4]), torch.Size([1, 1, 128, 4, 4]), torch.Size([1, 1, 128, 4, 4]), torch.Size([1, 1, 100])]
(alpha-)CROWN with fixed intermediate bounds: tensor([[-0.51601028]], device='cuda:0') tensor([[inf]], device='cuda:0')
Intermediate layers: /input,/input-8,/input-16,/input-24,/input-32,/input-40,/input-48,/input-56,/input-64,/input-72,/124
Keeping alphas for these layers: ['/124']
Keeping alphas for these layers: ['/124']
Node /input-4 input 0: size torch.Size([64, 15, 15]) unstable 526
Node /input-12 input 0: size torch.Size([128, 8, 8]) unstable 302
Node /input-20 input 0: size torch.Size([128, 8, 8]) unstable 123
Node /input-28 input 0: size torch.Size([128, 8, 8]) unstable 20
Node /input-36 input 0: size torch.Size([128, 8, 8]) unstable 0
Node /input-44 input 0: size torch.Size([128, 4, 4]) unstable 87
Node /input-52 input 0: size torch.Size([128, 4, 4]) unstable 0
Node /input-60 input 0: size torch.Size([128, 4, 4]) unstable 0
Node /input-68 input 0: size torch.Size([128, 4, 4]) unstable 0
Node /123 input 0: size torch.Size([100]) unstable 27
-----------------
# of unstable neurons: 1085
-----------------

BaB round 1
batch: 1
splitting decisions: 
split level 0: [/input-72, 81] 
split level 1: [/input-72, 87] 
split level 2: [/input-72, 38] 
split level 3: [/input-72, 3] 
pruning_in_iteration open status: True
ratio of positive domain = 11 / 16 = 0.6875
pruning-in-iteration extra time: 0.0032753944396972656
Time: prepare 0.0005    bound 0.3024    transfer 0.0010    finalize 0.0004    func 0.3044    
Accumulated time: func 0.3044    prepare 0.0011    bound 0.3024    transfer 0.0010    finalize 0.0004    
Current worst splitting domains lb-rhs (depth):
-0.20526 (4), -0.14228 (4), -0.12635 (4), -0.03185 (4), -0.00815 (4), 
Length of domains: 5
Time: pickout 0.0007    decision 0.1521    set_bounds 0.0012    solve 0.3044    add 0.0011    
Accumulated time: pickout 0.0007    decision 0.1521    set_bounds 0.0012    solve 0.3044    add 0.0011    
Current (lb-rhs): -0.20525598526000977
5 domains visited
Cumulative time: 0.6514894962310791

BaB round 2
batch: 5
splitting decisions: 
split level 0: [/input-72, 32] [/input-72, 52] [/input-72, 52] [/input-72, 52] [/input-72, 52] 
split level 1: [/input-24, 3420] [/input-40, 793] [/input-40, 793] [/input-40, 793] [/input-40, 793] 
pruning_in_iteration open status: True
ratio of positive domain = 14 / 20 = 0.7
pruning-in-iteration extra time: 0.004612445831298828
Time: prepare 0.0010    bound 0.2127    transfer 0.0015    finalize 0.0005    func 0.2157    
Accumulated time: func 0.5201    prepare 0.0026    bound 0.5151    transfer 0.0025    finalize 0.0009    
Current worst splitting domains lb-rhs (depth):
-0.17285 (6), -0.11008 (6), -0.09713 (6), -0.07667 (6), -0.02236 (6), -0.00183 (6), 
Length of domains: 6
Time: pickout 0.0010    decision 0.0612    set_bounds 0.0022    solve 0.2158    add 0.0011    
Accumulated time: pickout 0.0017    decision 0.2132    set_bounds 0.0035    solve 0.5202    add 0.0022    
Current (lb-rhs): -0.17284631729125977
11 domains visited
Cumulative time: 0.9330739974975586

BaB round 3
batch: 6
splitting decisions: 
split level 0: [/input-40, 694] [/input-72, 40] [/input-72, 40] [/input-72, 40] [/input-72, 40] [/input-72, 40] 
split level 1: [/input-40, 869] [/input-40, 869] [/input-40, 869] [/input-40, 869] [/input-40, 869] [/input-40, 869] 
pruning_in_iteration open status: True
ratio of positive domain = 16 / 24 = 0.6666666666666667
pruning-in-iteration extra time: 0.003687620162963867
Time: prepare 0.0011    bound 0.2264    transfer 0.0013    finalize 0.0005    func 0.2294    
Accumulated time: func 0.7495    prepare 0.0042    bound 0.7416    transfer 0.0039    finalize 0.0014    
Current worst splitting domains lb-rhs (depth):
-0.12748 (8), -0.11880 (8), -0.06422 (8), -0.05907 (8), -0.05461 (8), -0.04012 (8), -0.02318 (8), -0.02315 (8), 
Length of domains: 8
Time: pickout 0.0010    decision 0.0616    set_bounds 0.0020    solve 0.2295    add 0.0010    
Accumulated time: pickout 0.0028    decision 0.2748    set_bounds 0.0054    solve 0.7497    add 0.0032    
Current (lb-rhs): -0.12748169898986816
19 domains visited
Cumulative time: 1.2283978462219238

BaB round 4
batch: 8
splitting decisions: 
split level 0: [/input-40, 694] [/input-40, 694] [/input-40, 694] [/input-40, 694] [/input-40, 694] [/input-40, 694] [/input-40, 694] [/input-40, 694] 
pruning_in_iteration open status: True
ratio of positive domain = 8 / 16 = 0.5
pruning-in-iteration extra time: 0.0040569305419921875
Time: prepare 0.0008    bound 0.1792    transfer 0.0010    finalize 0.0004    func 0.1815    
Accumulated time: func 0.9310    prepare 0.0057    bound 0.9207    transfer 0.0049    finalize 0.0018    
Current worst splitting domains lb-rhs (depth):
-0.12489 (9), -0.11619 (9), -0.06125 (9), -0.05635 (9), -0.05200 (9), -0.03713 (9), -0.02025 (9), -0.02007 (9), 
Length of domains: 8
Time: pickout 0.0010    decision 0.0653    set_bounds 0.0011    solve 0.1816    add 0.0009    
Accumulated time: pickout 0.0037    decision 0.3401    set_bounds 0.0065    solve 0.9313    add 0.0041    
Current (lb-rhs): -0.1248939037322998
27 domains visited
Cumulative time: 1.4788036346435547

BaB round 5
batch: 8
splitting decisions: 
split level 0: [/input-72, 32] [/input-72, 56] [/input-72, 32] [/input-24, 3420] [/input-72, 32] [/input-72, 56] [/input-72, 32] [/input-24, 3420] 
pruning_in_iteration open status: True
ratio of positive domain = 8 / 16 = 0.5
pruning-in-iteration extra time: 0.0038874149322509766
Time: prepare 0.0010    bound 0.1961    transfer 0.0010    finalize 0.0004    func 0.1984    
Accumulated time: func 1.1294    prepare 0.0073    bound 1.1168    transfer 0.0059    finalize 0.0022    
Current worst splitting domains lb-rhs (depth):
-0.10247 (10), -0.09394 (10), -0.07439 (10), -0.06383 (10), -0.05046 (10), -0.04537 (10), -0.04069 (10), -0.02592 (10), 
Length of domains: 8
Time: pickout 0.0011    decision 0.0634    set_bounds 0.0012    solve 0.1985    add 0.0010    
Accumulated time: pickout 0.0048    decision 0.4035    set_bounds 0.0077    solve 1.1297    add 0.0052    
Current (lb-rhs): -0.10247242450714111
35 domains visited
Cumulative time: 1.7442378997802734

BaB round 6
batch: 8
splitting decisions: 
split level 0: [/input-72, 32] [/input-72, 56] [/input-40, 1083] [/input-72, 32] [/input-72, 56] [/input-40, 1083] [/input-24, 3420] [/input-24, 3420] 
pruning_in_iteration open status: True
ratio of positive domain = 7 / 16 = 0.4375
pruning-in-iteration extra time: 0.004113912582397461
Time: prepare 0.0009    bound 0.1996    transfer 0.0009    finalize 0.0005    func 0.2020    
Accumulated time: func 1.3314    prepare 0.0087    bound 1.3164    transfer 0.0068    finalize 0.0028    
Current worst splitting domains lb-rhs (depth):
-0.09152 (11), -0.08278 (11), -0.06281 (11), -0.05221 (11), -0.02951 (11), -0.02773 (11), -0.02247 (11), -0.01468 (11), -0.00248 (11), 
Length of domains: 9
Time: pickout 0.0010    decision 0.0573    set_bounds 0.0010    solve 0.2020    add 0.0011    
Accumulated time: pickout 0.0059    decision 0.4607    set_bounds 0.0087    solve 1.3317    add 0.0062    
Current (lb-rhs): -0.09151506423950195
44 domains visited
Cumulative time: 2.007021427154541

BaB round 7
batch: 9
splitting decisions: 
split level 0: [/input-40, 918] [/input-24, 3420] [/input-72, 56] [/input-40, 741] [/input-24, 3420] [/input-72, 56] [/input-72, 56] [/input-72, 56] [/input-40, 741] 
pruning_in_iteration open status: True
ratio of positive domain = 10 / 18 = 0.5555555555555556
pruning-in-iteration extra time: 0.005107402801513672
Time: prepare 0.0016    bound 0.2318    transfer 0.0013    finalize 0.0006    func 0.2354    
Accumulated time: func 1.5668    prepare 0.0110    bound 1.5483    transfer 0.0081    finalize 0.0034    
Current worst splitting domains lb-rhs (depth):
-0.08124 (12), -0.07267 (12), -0.05195 (12), -0.04112 (12), -0.01951 (12), -0.00478 (12), -0.00354 (12), -0.00109 (12), 
Length of domains: 8
Time: pickout 0.0014    decision 0.0842    set_bounds 0.0016    solve 0.2355    add 0.0011    
Accumulated time: pickout 0.0072    decision 0.5450    set_bounds 0.0103    solve 1.5672    add 0.0073    
Current (lb-rhs): -0.08123648166656494
52 domains visited
Cumulative time: 2.3312089443206787

BaB round 8
batch: 8
splitting decisions: 
split level 0: [/input-16, 6693] [/input-40, 918] [/input-16, 6693] [/input-40, 918] [/input-16, 6693] [/input-40, 918] [/input-40, 918] [/input-40, 918] 
pruning_in_iteration open status: True
ratio of positive domain = 7 / 16 = 0.4375
pruning-in-iteration extra time: 0.004916191101074219
Time: prepare 0.0017    bound 0.2112    transfer 0.0009    finalize 0.0006    func 0.2144    
Accumulated time: func 1.7812    prepare 0.0134    bound 1.7595    transfer 0.0090    finalize 0.0039    
Current worst splitting domains lb-rhs (depth):
-0.06362 (13), -0.05562 (13), -0.04281 (13), -0.03504 (13), -0.03223 (13), -0.02174 (13), -0.01835 (13), -0.00788 (13), -0.00016 (13), 
Length of domains: 9
Time: pickout 0.0014    decision 0.0832    set_bounds 0.0016    solve 0.2145    add 0.0011    
Accumulated time: pickout 0.0087    decision 0.6281    set_bounds 0.0120    solve 1.7817    add 0.0084    
Current (lb-rhs): -0.06362128257751465
61 domains visited
Cumulative time: 2.6334097385406494

BaB round 9
batch: 9
splitting decisions: 
split level 0: [/input-16, 6693] [/input-40, 741] [/input-72, 32] [/input-16, 6693] [/input-16, 6693] [/input-16, 6693] [/input-40, 741] [/input-16, 6693] [/input-16, 6693] 
pruning_in_iteration open status: True
ratio of positive domain = 8 / 18 = 0.4444444444444444
pruning-in-iteration extra time: 0.0046539306640625
Time: prepare 0.0016    bound 0.1946    transfer 0.0011    finalize 0.0006    func 0.1979    
Accumulated time: func 1.9791    prepare 0.0157    bound 1.9541    transfer 0.0101    finalize 0.0045    
Current worst splitting domains lb-rhs (depth):
-0.04124 (14), -0.03925 (14), -0.03446 (14), -0.01936 (14), -0.01781 (14), -0.01760 (14), -0.01309 (14), -0.00893 (14), -0.00723 (14), -0.00265 (14), 
Length of domains: 10
Time: pickout 0.0014    decision 0.0735    set_bounds 0.0014    solve 0.1980    add 0.0011    
Accumulated time: pickout 0.0100    decision 0.7017    set_bounds 0.0134    solve 1.9796    add 0.0095    
Current (lb-rhs): -0.041240692138671875
71 domains visited
Cumulative time: 2.9090278148651123

BaB round 10
batch: 10
splitting decisions: 
split level 0: [/input-40, 797] [/input-40, 797] [/input-40, 1083] [/input-40, 1083] [/input-40, 797] [/input-40, 797] [/input-16, 7894] [/input-40, 797] [/input-40, 797] [/input-40, 797] 
pruning_in_iteration open status: True
ratio of positive domain = 12 / 20 = 0.6
pruning-in-iteration extra time: 0.004677772521972656
Time: prepare 0.0011    bound 0.1895    transfer 0.0010    finalize 0.0006    func 0.1922    
Accumulated time: func 2.1713    prepare 0.0172    bound 2.1436    transfer 0.0110    finalize 0.0050    
Current worst splitting domains lb-rhs (depth):
-0.03454 (15), -0.03255 (15), -0.02791 (15), -0.01254 (15), -0.01115 (15), -0.00908 (15), -0.00645 (15), -0.00137 (15), 
Length of domains: 8
Time: pickout 0.0014    decision 0.0580    set_bounds 0.0011    solve 0.1923    add 0.0010    
Accumulated time: pickout 0.0114    decision 0.7597    set_bounds 0.0145    solve 2.1719    add 0.0105    
Current (lb-rhs): -0.03454160690307617
79 domains visited
Cumulative time: 3.1631791591644287

BaB round 11
batch: 8
splitting decisions: 
split level 0: [/input-16, 7894] [/input-40, 1083] [/input-16, 6693] [/input-40, 1083] [/input-16, 6693] [/input-40, 1083] [/input-16, 6693] [/input-16, 6693] 
pruning_in_iteration open status: True
ratio of positive domain = 11 / 16 = 0.6875
pruning-in-iteration extra time: 0.0033910274505615234
Time: prepare 0.0014    bound 0.1772    transfer 0.0008    finalize 0.0003    func 0.1798    
Accumulated time: func 2.3511    prepare 0.0192    bound 2.3208    transfer 0.0119    finalize 0.0054    
Current worst splitting domains lb-rhs (depth):
-0.02636 (16), -0.01835 (16), -0.01356 (16), -0.00369 (16), -0.00101 (16), 
Length of domains: 5
Time: pickout 0.0014    decision 0.0680    set_bounds 0.0013    solve 0.1799    add 0.0007    
Accumulated time: pickout 0.0128    decision 0.8277    set_bounds 0.0158    solve 2.3518    add 0.0112    
Current (lb-rhs): -0.026355504989624023
84 domains visited
Cumulative time: 3.414658546447754

BaB round 12
batch: 5
splitting decisions: 
split level 0: [/input-40, 741] [/input-40, 741] [/input-40, 1083] [/input-40, 741] [/input-40, 1083] 
split level 1: [/input-72, 25] [/input-16, 7894] [/input-16, 7894] [/input-72, 25] [/input-16, 7894] 
pruning_in_iteration open status: True
ratio of positive domain = 19 / 20 = 0.95
pruning-in-iteration extra time: 0.0033555030822753906
Time: prepare 0.0011    bound 0.1851    transfer 0.0009    finalize 0.0004    func 0.1875    
Accumulated time: func 2.5386    prepare 0.0207    bound 2.5059    transfer 0.0128    finalize 0.0058    
Current worst splitting domains lb-rhs (depth):
-0.00223 (18), 
Length of domains: 1
Time: pickout 0.0009    decision 0.0514    set_bounds 0.0014    solve 0.1875    add 0.0005    
Accumulated time: pickout 0.0137    decision 0.8792    set_bounds 0.0172    solve 2.5393    add 0.0116    
Current (lb-rhs): -0.002228379249572754
85 domains visited
Cumulative time: 3.6567330360412598

BaB round 13
batch: 1
splitting decisions: 
split level 0: [/input-72, 25] 
split level 1: [/input-24, 1947] 
split level 2: [/input-24, 4061] 
split level 3: [/input-40, 519] 

all verified at 0th iter
pruning_in_iteration open status: False
ratio of positive domain = 16 / 16 = 1.0
pruning-in-iteration extra time: 3.2901763916015625e-05
Time: prepare 0.0009    bound 0.0101    transfer 0.0006    finalize 0.0003    func 0.0120    
Accumulated time: func 2.5505    prepare 0.0221    bound 2.5160    transfer 0.0134    finalize 0.0061    
Length of domains: 0
Time: pickout 0.0009    decision 0.0506    set_bounds 0.0016    solve 0.0120    add 0.0001    
Accumulated time: pickout 0.0146    decision 0.9298    set_bounds 0.0187    solve 2.5513    add 0.0117    
No domains left, verification finished!
Current (lb-rhs): 1.0000000116860974e-07
85 domains visited
Cumulative time: 3.722090005874634

Result: unsat
Time: 7.591930627822876

------------------------- COMMAND ------------------------------
/data1/Kane/miniconda3/envs/GenBaB/bin/python /data1/Kane/GenBaB/alpha-beta-CROWN/complete_verifier/abcrown.py --config /data1/Kane/GenBaB/alpha-beta-CROWN/complete_verifier/exp_configs/vnncomp24/cifar100.yaml --precompile_jit --onnx_path /data1/Kane/data/vnncomp2025_benchmarks/benchmarks/cifar100_2024/onnx/CIFAR100_resnet_medium.onnx --vnnlib_path /data1/Kane/data/vnncomp2025_benchmarks/benchmarks/cifar100_2024/vnnlib/CIFAR100_resnet_medium_prop_idx_3852_sidx_2848_eps_0.0039.vnnlib --results_file /data1/Kane/ACT/audit_results/abcrown_nopgd_20260525/cifar100_2024/0099__CIFAR100_resnet_medium__CIFAR100_resnet_medium_prop_idx_3852_sidx_2848_eps_0.0039.result --timeout 100.0 --save_adv_example --pgd_order=skip
----------------------------------------------------------------

