[0;93m2026-05-26 17:17:43.567233437 [W:onnxruntime:Default, device_discovery.cc:325 DiscoverDevicesForPlatform] GPU device discovery failed: device_discovery.cc:92 ReadFileContents Failed to open file: "/sys/class/drm/card0/device/vendor"[m
Configurations:

general:
  device: cuda
  seed: 100
  conv_mode: patches
  deterministic: false
  double_fp: false
  loss_reduction_func: sum
  sparse_alpha: true
  sparse_interm: true
  save_adv_example: true
  verify_onnxruntime_output: false
  eval_adv_example: false
  show_adv_example: false
  precompile_jit: true
  prepare_only: false
  complete_verifier: bab
  enable_incomplete_verification: true
  csv_name: instances.csv
  results_file: /data1/Kane/ACT/audit_results/abcrown_nopgd_20260525/cifar100_2024/0107__CIFAR100_resnet_large__CIFAR100_resnet_large_prop_idx_8476_sidx_3906_eps_0.0039.result
  root_path: ../../vnncomp2024_benchmarks/benchmarks/cifar100
  deterministic_opt: false
  graph_optimizer: 'Customized("custom_graph_optimizer", "default_optimizer")'
  buffer_has_batchdim: false
  save_output: false
  output_file: out.pkl
  return_optimized_model: false
model:
  name: null
  path: null
  onnx_path: /data1/Kane/data/vnncomp2025_benchmarks/benchmarks/cifar100_2024/onnx/CIFAR100_resnet_large.onnx
  onnx_path_prefix: ''
  cache_onnx_conversion: false
  debug_onnx: false
  onnx_quirks: null
  input_shape: null
  onnx_loader: default_onnx_and_vnnlib_loader
  onnx_optimization_flags: [merge_bn]
  onnx_vnnlib_joint_optimization_flags: none
  check_optimized: false
  flatten_final_output: false
  optimize_graph: null
  with_jacobian: false
data:
  start: 0
  end: 10000
  select_instance: null
  num_outputs: 10
  mean: 0.0
  std: 1.0
  pkl_path: null
  dataset: null
  data_filter_path: null
  data_idx_file: null
specification:
  type: lp
  robustness_type: verified-acc
  norm: .inf
  epsilon: null
  epsilon_min: 0.0
  vnnlib_path: /data1/Kane/data/vnncomp2025_benchmarks/benchmarks/cifar100_2024/vnnlib/CIFAR100_resnet_large_prop_idx_8476_sidx_3906_eps_0.0039.vnnlib
  vnnlib_path_prefix: ''
  rhs_offset: null
solver:
  batch_size: 256
  auto_enlarge_batch_size: true
  min_batch_size_ratio: 0.1
  use_float64_in_last_iteration: false
  early_stop_patience: 10
  start_save_best: 0.5
  bound_prop_method: alpha-crown
  init_bound_prop_method: same
  prune_after_crown: true
  optimize_disjuncts_separately: false
  crown:
    batch_size: 1000000000
    max_crown_size: 1000000000
    activation_bound_option: adaptive
    compare_crown_with_ibp: false
  alpha-crown:
    alpha: true
    lr_alpha: 0.25
    iteration: 20
    share_alphas: false
    lr_decay: 0.98
    full_conv_alpha: false
    max_coeff_mul: .inf
    matmul_share_alphas: false
    disable_optimization: []
    max_time: 1.0
  invprop:
    apply_output_constraints_to: []
    tighten_input_bounds: false
    best_of_oc_and_no_oc: false
    directly_optimize: []
    oc_lr: 0.1
    share_gammas: false
  beta-crown:
    lr_alpha: 0.1
    lr_beta: 0.2
    lr_decay: 0.98
    optimizer: adam
    iteration: 10
    beta: true
    beta_warmup: true
    enable_opt_interm_bounds: false
    all_node_split_LP: false
  forward:
    refine: false
    max_dim: 10000
    reset_threshold: 1.0
  multi_class:
    label_batch_size: 32
    skip_with_refined_bound: true
  mip:
    unstable_neuron_threshold: 0
    parallel_solvers: null
    solver_threads: 1
    refine_neuron_timeout: 15
    refine_neuron_time_percentage: 0.8
    early_stop: true
    adv_warmup: true
    mip_solver: gurobi
    skip_unsafe: false
    topk_filter: 1.0
    sliding_window: -1
    extra_constraint: false
    refine_neuron_timeout_increasement: 0
    timeout_neuron_percentage: 0.3
    remaining_timeout_threshold: 1
    remove_unstable_neurons: false
    lp_solver: false
bab:
  initial_max_domains: 100
  backing_up_max_domain: null
  max_domains: .inf
  decision_thresh: 0
  timeout: 100.0
  timeout_scale: 1
  max_iterations: -1
  override_timeout: null
  get_upper_bound: false
  pruning_in_iteration: true
  pruning_in_iteration_ratio: 0.2
  sort_targets: false
  batched_domain_list: true
  optimized_interm: ''
  interm_transfer: false
  recompute_interm: false
  sort_domain_interval: -1
  vanilla_crown: false
  tree_traversal: depth_first
  cut:
    enabled: false
    cuts_path: /tmp/abcrown_cuts
    implication: false
    bab_cut: false
    lp_cut: false
    method: null
    lr: 0.01
    lr_decay: 1.0
    iteration: 100
    bab_iteration: -1
    early_stop_patience: -1
    lr_beta: 0.02
    number_cuts: 50
    topk_cuts_in_filter: 1000
    batch_size_primal: 100
    max_num: 1000000000
    patches_cut: false
    cplex_cuts: false
    cplex_cuts_wait: 0
    cplex_cuts_revpickup: true
    cut_reference_bounds: true
    fix_intermediate_bounds: false
    biccos:
      enabled: false
      constraint_strengthening: true
      recursively_strengthening: false
      drop_ratio: 0.5
      verified_bonus: 0.3
      max_infer_iter: 20
      heuristic: neuron_influence_score
      save_biccos_cuts: false
      multi_tree_branching:
        enabled: false
        restore_best_tree: false
        keep_n_best_domains: 1
        k_splits: 1
        iterations: 1
  branching:
    method: kfsb
    candidates: 7
    reduceop: max
    enable_intermediate_bound_opt: false
    branching_input_and_activation: false
    branching_input_and_activation_order: [input, relu]
    branching_input_iterations: 30
    branching_relu_iterations: 50
    nonlinear_split:
      method: bbps
      disable: false
      branching_point_method: uniform
      num_branches: 2
      filter: false
      filter_beta: false
      filter_clamp: false
      filter_batch_size: 10000
      filter_iterations: 25
      relu_only: false
      loose_tanh_threshold: null
      branching_point:
        db_path: branching_points.pt
        num_iterations: 1000
        batch_size: 1000000
        range_l: -5.0
        range_u: 5.0
        log_interval: 100
        step_size_1d: 0.01
        step_size: 0.2
    input_split:
      enable_clip_domains: false
      split_hint: null
      reorder_bab: false
      enable: false
      enhanced_bound_prop_method: alpha-crown
      enhanced_branching_method: naive
      enhanced_bound_patience: 100000000.0
      attack_patience: 100000000.0
      adv_check: 0
      split_partitions: 2
      sb_margin_weight: 1.0
      sb_sum: false
      sb_primary_spec: null
      bf_backup_thresh: -1
      bf_rhs_offset: 0
      bf_iters: 1000000000.0
      bf_batch_size: 100000
      bf_zero_crossing_score: false
      touch_zero_score: 0
      ibp_enhancement: false
      compare_with_old_bounds: false
      update_rhs_with_attack: false
      sb_coeff_thresh: 0.001
      sort_index: null
      sort_descending: true
      show_progress: false
      presplit_domains: null
      skip_getting_worst_domain: false
  attack:
    enabled: false
    beam_candidates: 8
    beam_depth: 7
    max_dive_fix_ratio: 0.8
    min_local_free_ratio: 0.2
    mip_start_iteration: 5
    mip_timeout: 30.0
    adv_pool_threshold: null
    refined_mip_attacker: false
    refined_batch_size: null
attack:
  pgd_order: skip
  pgd_steps: 100
  pgd_restarts: 10
  pgd_batch_size: 100000000
  pgd_early_stop: true
  pgd_lr_decay: 0.99
  pgd_alpha: auto
  pgd_alpha_scale: false
  pgd_loss_mode: null
  pgd_restart_when_stuck: false
  enable_mip_attack: false
  adv_saver: default_adv_saver
  adv_verifier: default_adv_verifier
  early_stop_condition: default_early_stop_condition
  adv_example_finalizer: default_adv_example_finalizer
  pgd_loss: default_pgd_loss
  cex_path: ./test_cex.txt
  attack_mode: PGD
  attack_tolerance: 0.0
  attack_func: attack_with_general_specs
  gama_lambda: 10.0
  gama_decay: 0.9
  check_clean: false
  input_split:
    pgd_steps: 100
    pgd_restarts: 30
    pgd_alpha: auto
  input_split_enhanced:
    pgd_steps: 200
    pgd_restarts: 500000
    pgd_alpha: auto
  input_split_check_adv:
    enabled: auto
    pgd_steps: 5
    pgd_restarts: 5
    pgd_alpha: auto
    max_num_domains: 10
debug:
  view_model: false
  lp_test: null
  rescale_vnnlib_ptb: null
  test_optimized_bounds: false
  test_optimized_bounds_after_n_iterations: 0
  print_verbose_decisions: false
  sanity_check: null
  save_minimal_config: null
  save_minimal_config_omit_keys: []

Experiments at Tue May 26 17:17:44 2026 on dell-pro-max-tower-t2
Pre-compile jit kernels on a toy network...
JIT kernels compiled in 1.1373s./data1/Kane/miniconda3/envs/GenBaB/lib/python3.11/site-packages/onnx2pytorch/convert/model.py:151: UserWarning: Using experimental implementation that allows 'batch_size > 1'.Batchnorm layers could potentially produce false outputs.
  warnings.warn(
/data1/Kane/miniconda3/envs/GenBaB/lib/python3.11/site-packages/onnx2pytorch/utils.py:21: TracerWarning: Converting a tensor to a Python boolean might cause the trace to be incorrect. We can't record the data flow of Python values, so this value will be treated as a constant in the future. This means that the trace might not generalize to other inputs!
  return value.ndim == 0 or value.shape == torch.Size([1])
/data1/Kane/miniconda3/envs/GenBaB/lib/python3.11/site-packages/onnx2pytorch/operations/add.py:34: TracerWarning: Converting a tensor to a Python boolean might cause the trace to be incorrect. We can't record the data flow of Python values, so this value will be treated as a constant in the future. This means that the trace might not generalize to other inputs!
  elif all(x == 1 for x in input[0].shape):

Internal results will be saved to /data1/Kane/ACT/audit_results/abcrown_nopgd_20260525/cifar100_2024/0107__CIFAR100_resnet_large__CIFAR100_resnet_large_prop_idx_8476_sidx_3906_eps_0.0039.result.

 %%%%%%%%%%%%%%%%%%%%%%%%%%%%%%%%%%% idx: 0, vnnlib ID: 0 %%%%%%%%%%%%%%%%%%%%%%%%%%%%%%%%%%%
Using onnx /data1/Kane/data/vnncomp2025_benchmarks/benchmarks/cifar100_2024/onnx/CIFAR100_resnet_large.onnx
Using vnnlib /data1/Kane/data/vnncomp2025_benchmarks/benchmarks/cifar100_2024/vnnlib/CIFAR100_resnet_large_prop_idx_8476_sidx_3906_eps_0.0039.vnnlib
3072 inputs and 100 outputs in vnnlib
Loading onnx /data1/Kane/data/vnncomp2025_benchmarks/benchmarks/cifar100_2024/onnx/CIFAR100_resnet_large.onnx with quirks {}
Onnx optimization with flags: ['merge_bn']
Found existed optimized onnx model at /data1/Kane/data/vnncomp2025_benchmarks/benchmarks/cifar100_2024/onnx/CIFAR100_resnet_large.onnx.optimized
Finished onnx model loading in 0.1095 seconds
Model: BoundedModule(
  (/input-1): BoundInput(name=/input-1, inputs=[], perturbed=True)
  (/45): BoundParams(name=/45, inputs=[], perturbed=False)
  (/46): BoundParams(name=/46, inputs=[], perturbed=False)
  (/47): BoundParams(name=/47, inputs=[], perturbed=False)
  (/48): BoundParams(name=/48, inputs=[], perturbed=False)
  (/49): BoundParams(name=/49, inputs=[], perturbed=False)
  (/50): BoundParams(name=/50, inputs=[], perturbed=False)
  (/51): BoundParams(name=/51, inputs=[], perturbed=False)
  (/52): BoundParams(name=/52, inputs=[], perturbed=False)
  (/53): BoundParams(name=/53, inputs=[], perturbed=False)
  (/54): BoundParams(name=/54, inputs=[], perturbed=False)
  (/55): BoundParams(name=/55, inputs=[], perturbed=False)
  (/56): BoundParams(name=/56, inputs=[], perturbed=False)
  (/57): BoundParams(name=/57, inputs=[], perturbed=False)
  (/58): BoundParams(name=/58, inputs=[], perturbed=False)
  (/59): BoundParams(name=/59, inputs=[], perturbed=False)
  (/60): BoundParams(name=/60, inputs=[], perturbed=False)
  (/61): BoundParams(name=/61, inputs=[], perturbed=False)
  (/62): BoundParams(name=/62, inputs=[], perturbed=False)
  (/63): BoundParams(name=/63, inputs=[], perturbed=False)
  (/64): BoundParams(name=/64, inputs=[], perturbed=False)
  (/65): BoundParams(name=/65, inputs=[], perturbed=False)
  (/66): BoundParams(name=/66, inputs=[], perturbed=False)
  (/67): BoundParams(name=/67, inputs=[], perturbed=False)
  (/68): BoundParams(name=/68, inputs=[], perturbed=False)
  (/69): BoundParams(name=/69, inputs=[], perturbed=False)
  (/70): BoundParams(name=/70, inputs=[], perturbed=False)
  (/71): BoundParams(name=/71, inputs=[], perturbed=False)
  (/72): BoundParams(name=/72, inputs=[], perturbed=False)
  (/73): BoundParams(name=/73, inputs=[], perturbed=False)
  (/74): BoundParams(name=/74, inputs=[], perturbed=False)
  (/75): BoundParams(name=/75, inputs=[], perturbed=False)
  (/76): BoundParams(name=/76, inputs=[], perturbed=False)
  (/77): BoundParams(name=/77, inputs=[], perturbed=False)
  (/78): BoundParams(name=/78, inputs=[], perturbed=False)
  (/79): BoundParams(name=/79, inputs=[], perturbed=False)
  (/80): BoundParams(name=/80, inputs=[], perturbed=False)
  (/81): BoundParams(name=/81, inputs=[], perturbed=False)
  (/82): BoundParams(name=/82, inputs=[], perturbed=False)
  (/83): BoundParams(name=/83, inputs=[], perturbed=False)
  (/84): BoundParams(name=/84, inputs=[], perturbed=False)
  (/85): BoundParams(name=/85, inputs=[], perturbed=False)
  (/86): BoundParams(name=/86, inputs=[], perturbed=False)
  (/87): BoundParams(name=/87, inputs=[], perturbed=False)
  (/88): BoundParams(name=/88, inputs=[], perturbed=False)
  (/input): BoundConv(name=/input, inputs=[/input-1, /45, /46], perturbed=True)
  (/input-4): BoundRelu(name=/input-4, inputs=[/input], perturbed=True)
  (/input-8): BoundConv(name=/input-8, inputs=[/input-4, /47, /48], perturbed=True)
  (/input-12): BoundRelu(name=/input-12, inputs=[/input-8], perturbed=True)
  (/93): BoundConv(name=/93, inputs=[/input-12, /49, /50], perturbed=True)
  (/94): BoundAdd(name=/94, inputs=[/93, /input-4], perturbed=True)
  (/input-16): BoundConv(name=/input-16, inputs=[/94, /51, /52], perturbed=True)
  (/input-20): BoundRelu(name=/input-20, inputs=[/input-16], perturbed=True)
  (/97): BoundConv(name=/97, inputs=[/input-20, /53, /54], perturbed=True)
  (/98): BoundAdd(name=/98, inputs=[/97, /94], perturbed=True)
  (/input-24): BoundConv(name=/input-24, inputs=[/98, /55, /56], perturbed=True)
  (/input-28): BoundRelu(name=/input-28, inputs=[/input-24], perturbed=True)
  (/101): BoundConv(name=/101, inputs=[/input-28, /57, /58], perturbed=True)
  (/102): BoundConv(name=/102, inputs=[/98, /59, /60], perturbed=True)
  (/103): BoundAdd(name=/103, inputs=[/101, /102], perturbed=True)
  (/input-32): BoundConv(name=/input-32, inputs=[/103, /61, /62], perturbed=True)
  (/input-36): BoundRelu(name=/input-36, inputs=[/input-32], perturbed=True)
  (/106): BoundConv(name=/106, inputs=[/input-36, /63, /64], perturbed=True)
  (/107): BoundAdd(name=/107, inputs=[/106, /103], perturbed=True)
  (/input-40): BoundConv(name=/input-40, inputs=[/107, /65, /66], perturbed=True)
  (/input-44): BoundRelu(name=/input-44, inputs=[/input-40], perturbed=True)
  (/110): BoundConv(name=/110, inputs=[/input-44, /67, /68], perturbed=True)
  (/111): BoundConv(name=/111, inputs=[/107, /69, /70], perturbed=True)
  (/112): BoundAdd(name=/112, inputs=[/110, /111], perturbed=True)
  (/input-48): BoundConv(name=/input-48, inputs=[/112, /71, /72], perturbed=True)
  (/input-52): BoundRelu(name=/input-52, inputs=[/input-48], perturbed=True)
  (/115): BoundConv(name=/115, inputs=[/input-52, /73, /74], perturbed=True)
  (/116): BoundAdd(name=/116, inputs=[/115, /112], perturbed=True)
  (/input-56): BoundConv(name=/input-56, inputs=[/116, /75, /76], perturbed=True)
  (/input-60): BoundRelu(name=/input-60, inputs=[/input-56], perturbed=True)
  (/119): BoundConv(name=/119, inputs=[/input-60, /77, /78], perturbed=True)
  (/120): BoundConv(name=/120, inputs=[/116, /79, /80], perturbed=True)
  (/121): BoundAdd(name=/121, inputs=[/119, /120], perturbed=True)
  (/input-64): BoundConv(name=/input-64, inputs=[/121, /81, /82], perturbed=True)
  (/input-68): BoundRelu(name=/input-68, inputs=[/input-64], perturbed=True)
  (/124): BoundConv(name=/124, inputs=[/input-68, /83, /84], perturbed=True)
  (/125): BoundAdd(name=/125, inputs=[/124, /121], perturbed=True)
  (/126): BoundFlatten(name=/126, inputs=[/125], perturbed=True)
  (/input-72): BoundLinear(name=/input-72, inputs=[/126, /85, /86], perturbed=True)
  (/128): BoundRelu(name=/128, inputs=[/input-72], perturbed=True)
  (/129): BoundLinear(name=/129, inputs=[/128, /87, /88], perturbed=True)
)
Original output: tensor([[ -8.99195004,  -8.21633911,  -7.18726635,  -4.48438883,  -6.26334095,
          -7.76175165,  -8.17716312, -11.70055294,  -8.48071575,  -5.63943768,
          -9.03945446,  -7.29761219,  -1.49378300,  -4.05934858, -14.29879284,
          -4.18407631,  -6.82293320,  -1.27119899,  -6.56992531,  -2.40594745,
         -10.45431232,  -6.86129665, -10.36579418,  -7.45057344, -10.62985325,
          -6.51143599,  -9.41877937,  -8.67050362, -12.17367458,  -3.29518890,
         -10.17783737,   1.64687371,  -7.12128735,  -2.51660538,  -4.62483931,
          -7.06157160,  -7.77076006,   0.29255617,  -5.35467958,  -9.37826633,
          -5.16017962, -11.82511139,  -5.65757847,  -6.63264179,  -8.56378174,
          -7.41624403,  -5.91647339,  -5.46466923, -10.93227005,  -4.70592260,
          -8.98905277,  -4.34784937,  -7.05198669, -18.18822670,  -8.17347527,
          -5.55354595,  -4.03453159,  -8.80963707,  -8.85997963,  -4.44217491,
          -4.58244228, -13.01697254, -12.41767883,  -4.52613926,  -7.77688313,
          -6.39971256,  -6.39622831, -13.22296524,  -4.22211647,  -6.24713945,
         -12.25769043,  -3.50932264,  -4.94105005,  -8.59826183,  -7.28111458,
         -11.75779247,  -1.80089211,  -6.51909781, -13.28557777,  -7.60174227,
          -3.56831527,  -3.92160344,  -7.93847847, -13.25515938,  -5.24211740,
          -6.70346594, -11.16103077,  -8.80558681,  -5.96331358,  -5.99824381,
          -4.46430731,  -7.46852922, -11.88988400,  -9.07282162,  -8.97465038,
         -10.39471149,  -2.68339229,  -6.21106529,  -7.45722675, -15.69696808]],
       device='cuda:0')
Split layers:
Nonlinear functions:
   BoundRelu(name=/input-4, inputs=[/input], perturbed=True)
   BoundRelu(name=/input-12, inputs=[/input-8], perturbed=True)
   BoundRelu(name=/input-20, inputs=[/input-16], perturbed=True)
   BoundRelu(name=/input-28, inputs=[/input-24], perturbed=True)
   BoundRelu(name=/input-36, inputs=[/input-32], perturbed=True)
   BoundRelu(name=/input-44, inputs=[/input-40], perturbed=True)
   BoundRelu(name=/input-52, inputs=[/input-48], perturbed=True)
   BoundRelu(name=/input-60, inputs=[/input-56], perturbed=True)
   BoundRelu(name=/input-68, inputs=[/input-64], perturbed=True)
   BoundRelu(name=/128, inputs=[/input-72], perturbed=True)
layer /input-4 using sparse-features alpha with shape [988]; unstable size 988; total size 65536 ([1, 64, 32, 32])
layer /input-4 start_node /input-8 using sparse-spec alpha [2, 56, 1, 988] with unstable size 55 total_size 64 output_shape 64
layer /input-4 start_node /input-24 using sparse-spec alpha [2, 45, 1, 988] with unstable size 44 total_size 128 output_shape 128
layer /input-4 start_node /input-40 using sparse-spec alpha [2, 76, 1, 988] with unstable size 75 total_size 128 output_shape 128
layer /input-4 start_node /input-72 using sparse-spec alpha [2, 38, 1, 988] with unstable size 37 total_size 100 output_shape torch.Size([100])
layer /input-4 start_node /129 using full alpha [2, 99, 1, 988] with unstable size None total_size 99 output_shape 99
layer /input-12 using sparse-features alpha with shape [1881]; unstable size 1881; total size 65536 ([1, 64, 32, 32])
layer /input-12 start_node /input-24 using sparse-spec alpha [2, 45, 1, 1881] with unstable size 44 total_size 128 output_shape 128
layer /input-12 start_node /input-40 using sparse-spec alpha [2, 76, 1, 1881] with unstable size 75 total_size 128 output_shape 128
layer /input-12 start_node /input-72 using sparse-spec alpha [2, 38, 1, 1881] with unstable size 37 total_size 100 output_shape torch.Size([100])
layer /input-12 start_node /129 using full alpha [2, 99, 1, 1881] with unstable size None total_size 99 output_shape 99
layer /input-20 using sparse-features alpha with shape [0]; unstable size 0; total size 65536 ([1, 64, 32, 32])
layer /input-20 start_node /input-24 using sparse-spec alpha [2, 45, 1, 0] with unstable size 44 total_size 128 output_shape 128
layer /input-20 start_node /input-40 using sparse-spec alpha [2, 76, 1, 0] with unstable size 75 total_size 128 output_shape 128
layer /input-20 start_node /input-72 using sparse-spec alpha [2, 38, 1, 0] with unstable size 37 total_size 100 output_shape torch.Size([100])
layer /input-20 start_node /129 using full alpha [2, 99, 1, 0] with unstable size None total_size 99 output_shape 99
layer /input-28 using sparse-features alpha with shape [380]; unstable size 380; total size 32768 ([1, 128, 16, 16])
layer /input-28 start_node /input-40 using sparse-spec alpha [2, 76, 1, 380] with unstable size 75 total_size 128 output_shape 128
layer /input-28 start_node /input-72 using sparse-spec alpha [2, 38, 1, 380] with unstable size 37 total_size 100 output_shape torch.Size([100])
layer /input-28 start_node /129 using full alpha [2, 99, 1, 380] with unstable size None total_size 99 output_shape 99
layer /input-36 using sparse-features alpha with shape [0]; unstable size 0; total size 32768 ([1, 128, 16, 16])
layer /input-36 start_node /input-40 using sparse-spec alpha [2, 76, 1, 0] with unstable size 75 total_size 128 output_shape 128
layer /input-36 start_node /input-72 using sparse-spec alpha [2, 38, 1, 0] with unstable size 37 total_size 100 output_shape torch.Size([100])
layer /input-36 start_node /129 using full alpha [2, 99, 1, 0] with unstable size None total_size 99 output_shape 99
layer /input-44 using sparse-features alpha with shape [350]; unstable size 350; total size 8192 ([1, 128, 8, 8])
layer /input-44 start_node /input-72 using sparse-spec alpha [2, 38, 1, 350] with unstable size 37 total_size 100 output_shape torch.Size([100])
layer /input-44 start_node /129 using full alpha [2, 99, 1, 350] with unstable size None total_size 99 output_shape 99
layer /input-52 using sparse-features alpha with shape [0]; unstable size 0; total size 8192 ([1, 128, 8, 8])
layer /input-52 start_node /input-72 using sparse-spec alpha [2, 38, 1, 0] with unstable size 37 total_size 100 output_shape torch.Size([100])
layer /input-52 start_node /129 using full alpha [2, 99, 1, 0] with unstable size None total_size 99 output_shape 99
layer /input-60 using sparse-features alpha with shape [0]; unstable size 0; total size 4096 ([1, 256, 4, 4])
layer /input-60 start_node /input-72 using sparse-spec alpha [2, 38, 1, 0] with unstable size 37 total_size 100 output_shape torch.Size([100])
layer /input-60 start_node /129 using full alpha [2, 99, 1, 0] with unstable size None total_size 99 output_shape 99
layer /input-68 using sparse-features alpha with shape [0]; unstable size 0; total size 4096 ([1, 256, 4, 4])
layer /input-68 start_node /input-72 using sparse-spec alpha [2, 38, 1, 0] with unstable size 37 total_size 100 output_shape torch.Size([100])
layer /input-68 start_node /129 using full alpha [2, 99, 1, 0] with unstable size None total_size 99 output_shape 99
layer /128 using sparse-features alpha with shape [37]; unstable size 37; total size 100 ([1, 100])
layer /128 start_node /129 using full alpha [2, 99, 1, 37] with unstable size None total_size 99 output_shape 99
Optimizable variables initialized.
initial CROWN bounds: tensor([[ 7.75923443,  6.76453114,  6.10771990,  4.30216694,  5.57395315,
          6.29332495,  6.34475422, 10.54318810,  7.56909180,  4.38589478,
          7.73625565,  6.25519657,  0.61437136,  2.53617764, 12.51153946,
          4.06072187,  5.44985962,  0.25419903,  5.33559418,  2.41968870,
          8.80148125,  6.43352509,  8.77966309,  6.37696505,  9.62318420,
          5.12727213,  8.28436756,  7.75067091, 10.63132191,  2.81617284,
          9.40440178,  6.32096100,  1.67573738,  3.82568574,  6.16791153,
          6.64896870, -1.36056042,  4.99602175,  8.04706573,  4.16652203,
         10.05494499,  4.60859394,  5.79916286,  7.57978249,  6.42209768,
          5.10290384,  4.31621790,  9.19623566,  3.41483140,  7.92323256,
          3.25822210,  5.99567652, 16.20920181,  6.65503025,  5.19339085,
          2.78155947,  8.00534630,  6.98776913,  3.15951538,  3.78589559,
         11.22539711, 10.58155918,  3.71336842,  6.72445250,  5.77642632,
          5.59154129, 11.79449844,  3.11321688,  4.83489132, 10.50154686,
          2.29863501,  4.33251286,  7.53742409,  6.47603130, 10.73624611,
          0.43041229,  5.11594725, 11.76295471,  6.49985027,  2.78515196,
          2.17002439,  6.23898506, 12.08596230,  3.37551808,  5.74366045,
          9.81727695,  6.69959593,  4.92243052,  5.11315966,  3.15797091,
          6.14196396, 10.05626583,  7.75553322,  7.36712551,  9.69569206,
          1.65157008,  5.86596012,  6.85905790, 13.69507122]], device='cuda:0') None
prune_after_crown optimization in use: original label size = 99 pruned label size = 1
best_l after optimization: -1.0744023323059082
alpha/beta optimization time: 3.9659125804901123
initial alpha-crown bounds: tensor([[        inf,         inf,         inf,         inf,         inf,
                 inf,         inf,         inf,         inf,         inf,
                 inf,         inf,         inf,         inf,         inf,
                 inf,         inf,         inf,         inf,         inf,
                 inf,         inf,         inf,         inf,         inf,
                 inf,         inf,         inf,         inf,         inf,
                 inf,         inf,         inf,         inf,         inf,
                 inf, -1.07440233,         inf,         inf,         inf,
                 inf,         inf,         inf,         inf,         inf,
                 inf,         inf,         inf,         inf,         inf,
                 inf,         inf,         inf,         inf,         inf,
                 inf,         inf,         inf,         inf,         inf,
                 inf,         inf,         inf,         inf,         inf,
                 inf,         inf,         inf,         inf,         inf,
                 inf,         inf,         inf,         inf,         inf,
                 inf,         inf,         inf,         inf,         inf,
                 inf,         inf,         inf,         inf,         inf,
                 inf,         inf,         inf,         inf,         inf,
                 inf,         inf,         inf,         inf,         inf,
                 inf,         inf,         inf,         inf]], device='cuda:0')
Number of class (without rhs): 1 ; Worst class: (+ rhs) -1.0744023323059082
Total VNNLIB file length: 99, max property batch size: 100, total number of batches: 1
lA shape: [torch.Size([99, 1, 64, 32, 32]), torch.Size([99, 1, 64, 32, 32]), torch.Size([99, 1, 64, 32, 32]), torch.Size([99, 1, 128, 16, 16]), torch.Size([99, 1, 128, 16, 16]), torch.Size([99, 1, 128, 8, 8]), torch.Size([99, 1, 128, 8, 8]), torch.Size([99, 1, 256, 4, 4]), torch.Size([99, 1, 256, 4, 4]), torch.Size([99, 1, 100])]

Properties batch 0, size 99
Remaining timeout: 94.66852188110352
Verifying property 0 with 99 instances.
##### Instance 0 first 10 spec matrices: 
tensor([[[-1.,  0.,  0.,  0.,  0.,  0.,  0.,  0.,  0.,  0.,  0.,  0.,  0.,  0.,
           0.,  0.,  0.,  0.,  0.,  0.,  0.,  0.,  0.,  0.,  0.,  0.,  0.,  0.,
           0.,  0.,  0.,  1.,  0.,  0.,  0.,  0.,  0.,  0.,  0.,  0.,  0.,  0.,
           0.,  0.,  0.,  0.,  0.,  0.,  0.,  0.,  0.,  0.,  0.,  0.,  0.,  0.,
           0.,  0.,  0.,  0.,  0.,  0.,  0.,  0.,  0.,  0.,  0.,  0.,  0.,  0.,
           0.,  0.,  0.,  0.,  0.,  0.,  0.,  0.,  0.,  0.,  0.,  0.,  0.,  0.,
           0.,  0.,  0.,  0.,  0.,  0.,  0.,  0.,  0.,  0.,  0.,  0.,  0.,  0.,
           0.,  0.]],

        [[ 0., -1.,  0.,  0.,  0.,  0.,  0.,  0.,  0.,  0.,  0.,  0.,  0.,  0.,
           0.,  0.,  0.,  0.,  0.,  0.,  0.,  0.,  0.,  0.,  0.,  0.,  0.,  0.,
           0.,  0.,  0.,  1.,  0.,  0.,  0.,  0.,  0.,  0.,  0.,  0.,  0.,  0.,
           0.,  0.,  0.,  0.,  0.,  0.,  0.,  0.,  0.,  0.,  0.,  0.,  0.,  0.,
           0.,  0.,  0.,  0.,  0.,  0.,  0.,  0.,  0.,  0.,  0.,  0.,  0.,  0.,
           0.,  0.,  0.,  0.,  0.,  0.,  0.,  0.,  0.,  0.,  0.,  0.,  0.,  0.,
           0.,  0.,  0.,  0.,  0.,  0.,  0.,  0.,  0.,  0.,  0.,  0.,  0.,  0.,
           0.,  0.]],

        [[ 0.,  0., -1.,  0.,  0.,  0.,  0.,  0.,  0.,  0.,  0.,  0.,  0.,  0.,
           0.,  0.,  0.,  0.,  0.,  0.,  0.,  0.,  0.,  0.,  0.,  0.,  0.,  0.,
           0.,  0.,  0.,  1.,  0.,  0.,  0.,  0.,  0.,  0.,  0.,  0.,  0.,  0.,
           0.,  0.,  0.,  0.,  0.,  0.,  0.,  0.,  0.,  0.,  0.,  0.,  0.,  0.,
           0.,  0.,  0.,  0.,  0.,  0.,  0.,  0.,  0.,  0.,  0.,  0.,  0.,  0.,
           0.,  0.,  0.,  0.,  0.,  0.,  0.,  0.,  0.,  0.,  0.,  0.,  0.,  0.,
           0.,  0.,  0.,  0.,  0.,  0.,  0.,  0.,  0.,  0.,  0.,  0.,  0.,  0.,
           0.,  0.]],

        [[ 0.,  0.,  0., -1.,  0.,  0.,  0.,  0.,  0.,  0.,  0.,  0.,  0.,  0.,
           0.,  0.,  0.,  0.,  0.,  0.,  0.,  0.,  0.,  0.,  0.,  0.,  0.,  0.,
           0.,  0.,  0.,  1.,  0.,  0.,  0.,  0.,  0.,  0.,  0.,  0.,  0.,  0.,
           0.,  0.,  0.,  0.,  0.,  0.,  0.,  0.,  0.,  0.,  0.,  0.,  0.,  0.,
           0.,  0.,  0.,  0.,  0.,  0.,  0.,  0.,  0.,  0.,  0.,  0.,  0.,  0.,
           0.,  0.,  0.,  0.,  0.,  0.,  0.,  0.,  0.,  0.,  0.,  0.,  0.,  0.,
           0.,  0.,  0.,  0.,  0.,  0.,  0.,  0.,  0.,  0.,  0.,  0.,  0.,  0.,
           0.,  0.]],

        [[ 0.,  0.,  0.,  0., -1.,  0.,  0.,  0.,  0.,  0.,  0.,  0.,  0.,  0.,
           0.,  0.,  0.,  0.,  0.,  0.,  0.,  0.,  0.,  0.,  0.,  0.,  0.,  0.,
           0.,  0.,  0.,  1.,  0.,  0.,  0.,  0.,  0.,  0.,  0.,  0.,  0.,  0.,
           0.,  0.,  0.,  0.,  0.,  0.,  0.,  0.,  0.,  0.,  0.,  0.,  0.,  0.,
           0.,  0.,  0.,  0.,  0.,  0.,  0.,  0.,  0.,  0.,  0.,  0.,  0.,  0.,
           0.,  0.,  0.,  0.,  0.,  0.,  0.,  0.,  0.,  0.,  0.,  0.,  0.,  0.,
           0.,  0.,  0.,  0.,  0.,  0.,  0.,  0.,  0.,  0.,  0.,  0.,  0.,  0.,
           0.,  0.]],

        [[ 0.,  0.,  0.,  0.,  0., -1.,  0.,  0.,  0.,  0.,  0.,  0.,  0.,  0.,
           0.,  0.,  0.,  0.,  0.,  0.,  0.,  0.,  0.,  0.,  0.,  0.,  0.,  0.,
           0.,  0.,  0.,  1.,  0.,  0.,  0.,  0.,  0.,  0.,  0.,  0.,  0.,  0.,
           0.,  0.,  0.,  0.,  0.,  0.,  0.,  0.,  0.,  0.,  0.,  0.,  0.,  0.,
           0.,  0.,  0.,  0.,  0.,  0.,  0.,  0.,  0.,  0.,  0.,  0.,  0.,  0.,
           0.,  0.,  0.,  0.,  0.,  0.,  0.,  0.,  0.,  0.,  0.,  0.,  0.,  0.,
           0.,  0.,  0.,  0.,  0.,  0.,  0.,  0.,  0.,  0.,  0.,  0.,  0.,  0.,
           0.,  0.]],

        [[ 0.,  0.,  0.,  0.,  0.,  0., -1.,  0.,  0.,  0.,  0.,  0.,  0.,  0.,
           0.,  0.,  0.,  0.,  0.,  0.,  0.,  0.,  0.,  0.,  0.,  0.,  0.,  0.,
           0.,  0.,  0.,  1.,  0.,  0.,  0.,  0.,  0.,  0.,  0.,  0.,  0.,  0.,
           0.,  0.,  0.,  0.,  0.,  0.,  0.,  0.,  0.,  0.,  0.,  0.,  0.,  0.,
           0.,  0.,  0.,  0.,  0.,  0.,  0.,  0.,  0.,  0.,  0.,  0.,  0.,  0.,
           0.,  0.,  0.,  0.,  0.,  0.,  0.,  0.,  0.,  0.,  0.,  0.,  0.,  0.,
           0.,  0.,  0.,  0.,  0.,  0.,  0.,  0.,  0.,  0.,  0.,  0.,  0.,  0.,
           0.,  0.]],

        [[ 0.,  0.,  0.,  0.,  0.,  0.,  0., -1.,  0.,  0.,  0.,  0.,  0.,  0.,
           0.,  0.,  0.,  0.,  0.,  0.,  0.,  0.,  0.,  0.,  0.,  0.,  0.,  0.,
           0.,  0.,  0.,  1.,  0.,  0.,  0.,  0.,  0.,  0.,  0.,  0.,  0.,  0.,
           0.,  0.,  0.,  0.,  0.,  0.,  0.,  0.,  0.,  0.,  0.,  0.,  0.,  0.,
           0.,  0.,  0.,  0.,  0.,  0.,  0.,  0.,  0.,  0.,  0.,  0.,  0.,  0.,
           0.,  0.,  0.,  0.,  0.,  0.,  0.,  0.,  0.,  0.,  0.,  0.,  0.,  0.,
           0.,  0.,  0.,  0.,  0.,  0.,  0.,  0.,  0.,  0.,  0.,  0.,  0.,  0.,
           0.,  0.]],

        [[ 0.,  0.,  0.,  0.,  0.,  0.,  0.,  0., -1.,  0.,  0.,  0.,  0.,  0.,
           0.,  0.,  0.,  0.,  0.,  0.,  0.,  0.,  0.,  0.,  0.,  0.,  0.,  0.,
           0.,  0.,  0.,  1.,  0.,  0.,  0.,  0.,  0.,  0.,  0.,  0.,  0.,  0.,
           0.,  0.,  0.,  0.,  0.,  0.,  0.,  0.,  0.,  0.,  0.,  0.,  0.,  0.,
           0.,  0.,  0.,  0.,  0.,  0.,  0.,  0.,  0.,  0.,  0.,  0.,  0.,  0.,
           0.,  0.,  0.,  0.,  0.,  0.,  0.,  0.,  0.,  0.,  0.,  0.,  0.,  0.,
           0.,  0.,  0.,  0.,  0.,  0.,  0.,  0.,  0.,  0.,  0.,  0.,  0.,  0.,
           0.,  0.]],

        [[ 0.,  0.,  0.,  0.,  0.,  0.,  0.,  0.,  0., -1.,  0.,  0.,  0.,  0.,
           0.,  0.,  0.,  0.,  0.,  0.,  0.,  0.,  0.,  0.,  0.,  0.,  0.,  0.,
           0.,  0.,  0.,  1.,  0.,  0.,  0.,  0.,  0.,  0.,  0.,  0.,  0.,  0.,
           0.,  0.,  0.,  0.,  0.,  0.,  0.,  0.,  0.,  0.,  0.,  0.,  0.,  0.,
           0.,  0.,  0.,  0.,  0.,  0.,  0.,  0.,  0.,  0.,  0.,  0.,  0.,  0.,
           0.,  0.,  0.,  0.,  0.,  0.,  0.,  0.,  0.,  0.,  0.,  0.,  0.,  0.,
           0.,  0.,  0.,  0.,  0.,  0.,  0.,  0.,  0.,  0.,  0.,  0.,  0.,  0.,
           0.,  0.]]], dtype=torch.float64)
thresholds: tensor([0., 0., 0., 0., 0., 0., 0., 0., 0., 0.], device='cuda:0') ######
Initial alpha-CROWN verified for spec index tensor([ 0,  1,  2,  3,  4,  5,  6,  7,  8,  9, 10, 11, 12, 13, 14, 15, 16, 17,
        18, 19, 20, 21, 22, 23, 24, 25, 26, 27, 28, 29, 30, 31, 32, 33, 34, 35,
        37, 38, 39, 40, 41, 42, 43, 44, 45, 46, 47, 48, 49, 50, 51, 52, 53, 54,
        55, 56, 57, 58, 59, 60, 61, 62, 63, 64, 65, 66, 67, 68, 69, 70, 71, 72,
        73, 74, 75, 76, 77, 78, 79, 80, 81, 82, 83, 84, 85, 86, 87, 88, 89, 90,
        91, 92, 93, 94, 95, 96, 97, 98], device='cuda:0') with bound tensor([inf, inf, inf, inf, inf, inf, inf, inf, inf, inf, inf, inf, inf, inf, inf, inf, inf, inf, inf, inf, inf, inf, inf, inf,
        inf, inf, inf, inf, inf, inf, inf, inf, inf, inf, inf, inf, inf, inf, inf, inf, inf, inf, inf, inf, inf, inf, inf, inf,
        inf, inf, inf, inf, inf, inf, inf, inf, inf, inf, inf, inf, inf, inf, inf, inf, inf, inf, inf, inf, inf, inf, inf, inf,
        inf, inf, inf, inf, inf, inf, inf, inf, inf, inf, inf, inf, inf, inf, inf, inf, inf, inf, inf, inf, inf, inf, inf, inf,
        inf, inf], device='cuda:0').
Remaining spec index tensor([36], device='cuda:0') with bounds tensor([[-1.07440233]], device='cuda:0') need to verify.
Model prediction is: tensor([ -8.99195004,  -8.21633911,  -7.18726635,  -4.48438883,  -6.26334095,
         -7.76175165,  -8.17716312, -11.70055294,  -8.48071575,  -5.63943768,
         -9.03945446,  -7.29761219,  -1.49378300,  -4.05934858, -14.29879284,
         -4.18407631,  -6.82293320,  -1.27119899,  -6.56992531,  -2.40594745,
        -10.45431232,  -6.86129665, -10.36579418,  -7.45057344, -10.62985325,
         -6.51143599,  -9.41877937,  -8.67050362, -12.17367458,  -3.29518890,
        -10.17783737,   1.64687371,  -7.12128735,  -2.51660538,  -4.62483931,
         -7.06157160,  -7.77076006,   0.29255617,  -5.35467958,  -9.37826633,
         -5.16017962, -11.82511139,  -5.65757847,  -6.63264179,  -8.56378174,
         -7.41624403,  -5.91647339,  -5.46466923, -10.93227005,  -4.70592260,
         -8.98905277,  -4.34784937,  -7.05198669, -18.18822670,  -8.17347527,
         -5.55354595,  -4.03453159,  -8.80963707,  -8.85997963,  -4.44217491,
         -4.58244228, -13.01697254, -12.41767883,  -4.52613926,  -7.77688313,
         -6.39971256,  -6.39622831, -13.22296524,  -4.22211647,  -6.24713945,
        -12.25769043,  -3.50932264,  -4.94105005,  -8.59826183,  -7.28111458,
        -11.75779247,  -1.80089211,  -6.51909781, -13.28557777,  -7.60174227,
         -3.56831527,  -3.92160344,  -7.93847847, -13.25515938,  -5.24211740,
         -6.70346594, -11.16103077,  -8.80558681,  -5.96331358,  -5.99824381,
         -4.46430731,  -7.46852922, -11.88988400,  -9.07282162,  -8.97465038,
        -10.39471149,  -2.68339229,  -6.21106529,  -7.45722675, -15.69696808],
       device='cuda:0')
build_with_refined_bounds batch [1/1]
setting alpha for layer /input-4 start_node /129 with alignment adjustment
setting alpha for layer /input-12 start_node /129 with alignment adjustment
setting alpha for layer /input-20 start_node /129 with alignment adjustment
setting alpha for layer /input-28 start_node /129 with alignment adjustment
setting alpha for layer /input-36 start_node /129 with alignment adjustment
setting alpha for layer /input-44 start_node /129 with alignment adjustment
setting alpha for layer /input-52 start_node /129 with alignment adjustment
setting alpha for layer /input-60 start_node /129 with alignment adjustment
setting alpha for layer /input-68 start_node /129 with alignment adjustment
setting alpha for layer /128 start_node /129 with alignment adjustment
all alpha initialized
directly get lb and ub from refined bounds
c shape: torch.Size([1, 1, 100])
lA shapes: [torch.Size([1, 1, 64, 32, 32]), torch.Size([1, 1, 64, 32, 32]), torch.Size([1, 1, 64, 32, 32]), torch.Size([1, 1, 128, 16, 16]), torch.Size([1, 1, 128, 16, 16]), torch.Size([1, 1, 128, 8, 8]), torch.Size([1, 1, 128, 8, 8]), torch.Size([1, 1, 256, 4, 4]), torch.Size([1, 1, 256, 4, 4]), torch.Size([1, 1, 100])]
(alpha-)CROWN with fixed intermediate bounds: tensor([[-1.07440233]], device='cuda:0') tensor([[inf]], device='cuda:0')
Intermediate layers: /input,/input-8,/input-16,/input-24,/input-32,/input-40,/input-48,/input-56,/input-64,/input-72,/129
Keeping alphas for these layers: ['/129']
Keeping alphas for these layers: ['/129']
Node /input-4 input 0: size torch.Size([64, 32, 32]) unstable 988
Node /input-12 input 0: size torch.Size([64, 32, 32]) unstable 1873
Node /input-20 input 0: size torch.Size([64, 32, 32]) unstable 0
Node /input-28 input 0: size torch.Size([128, 16, 16]) unstable 364
Node /input-36 input 0: size torch.Size([128, 16, 16]) unstable 0
Node /input-44 input 0: size torch.Size([128, 8, 8]) unstable 334
Node /input-52 input 0: size torch.Size([128, 8, 8]) unstable 0
Node /input-60 input 0: size torch.Size([256, 4, 4]) unstable 0
Node /input-68 input 0: size torch.Size([256, 4, 4]) unstable 0
Node /128 input 0: size torch.Size([100]) unstable 37
-----------------
# of unstable neurons: 3596
-----------------

BaB round 1
batch: 1
splitting decisions: 
split level 0: [/input-72, 7] 
split level 1: [/input-72, 18] 
split level 2: [/input-72, 21] 
split level 3: [/input-72, 27] 
pruning_in_iteration open status: False
ratio of positive domain = 2 / 16 = 0.125
pruning-in-iteration extra time: 0.0021941661834716797
Time: prepare 0.0004    bound 0.2657    transfer 0.0101    finalize 0.0011    func 0.2774    
Accumulated time: func 0.2774    prepare 0.0010    bound 0.2657    transfer 0.0101    finalize 0.0011    
Current worst splitting domains lb-rhs (depth):
-0.84464 (4), -0.79591 (4), -0.71361 (4), -0.64352 (4), -0.63625 (4), -0.61894 (4), -0.50739 (4), -0.48471 (4), -0.41062 (4), -0.35769 (4), -0.33608 (4), -0.33426 (4), -0.16416 (4), -0.03132 (4), 
Length of domains: 14
Time: pickout 0.0007    decision 0.1396    set_bounds 0.0013    solve 0.2774    add 0.0049    
Accumulated time: pickout 0.0007    decision 0.1396    set_bounds 0.0013    solve 0.2774    add 0.0049    
Current (lb-rhs): -0.8446426391601562
14 domains visited
Cumulative time: 1.5401804447174072

BaB round 2
batch: 14
splitting decisions: 
split level 0: [/input-72, 33] [/input-72, 33] [/input-72, 33] [/input-72, 33] [/input-72, 33] [/input-72, 33] [/input-72, 33] [/input-72, 33] [/input-72, 33] [/input-72, 33] 
pruning_in_iteration open status: False
ratio of positive domain = 3 / 28 = 0.1071428571428571
pruning-in-iteration extra time: 0.0007221698760986328
Time: prepare 0.0009    bound 0.2220    transfer 0.0072    finalize 0.0088    func 0.2390    
Accumulated time: func 0.5163    prepare 0.0024    bound 0.4877    transfer 0.0173    finalize 0.0099    
Current worst splitting domains lb-rhs (depth):
-0.78367 (5), -0.73192 (5), -0.72728 (5), -0.68621 (5), -0.64459 (5), -0.58094 (5), -0.55570 (5), -0.55371 (5), -0.54813 (5), -0.54725 (5), -0.53930 (5), -0.47420 (5), -0.43276 (5), -0.40479 (5), -0.31948 (5), -0.31936 (5), -0.31754 (5), -0.30287 (5), -0.26450 (5), -0.26215 (5), 
Length of domains: 25
Time: pickout 0.0167    decision 0.1820    set_bounds 0.0040    solve 0.2390    add 0.0117    
Accumulated time: pickout 0.0174    decision 0.3216    set_bounds 0.0053    solve 0.5164    add 0.0166    
Current (lb-rhs): -0.7836747169494629
39 domains visited
Cumulative time: 1.9953868389129639

BaB round 3
batch: 25
splitting decisions: 
split level 0: [/input-72, 30] [/input-72, 30] [/input-72, 30] [/input-72, 87] [/input-72, 87] [/input-72, 87] [/input-72, 30] [/input-72, 87] [/input-72, 30] [/input-72, 87] 
pruning_in_iteration open status: False
ratio of positive domain = 3 / 50 = 0.06000000000000005
pruning-in-iteration extra time: 0.0003535747528076172
Time: prepare 0.0013    bound 0.2264    transfer 0.0275    finalize 0.0056    func 0.2609    
Accumulated time: func 0.7772    prepare 0.0043    bound 0.7141    transfer 0.0448    finalize 0.0155    
Current worst splitting domains lb-rhs (depth):
-0.74712 (6), -0.69936 (6), -0.68767 (6), -0.65024 (6), -0.63335 (6), -0.61254 (6), -0.59926 (6), -0.54210 (6), -0.54012 (6), -0.53045 (6), -0.52155 (6), -0.52045 (6), -0.51411 (6), -0.51398 (6), -0.50238 (6), -0.43522 (6), -0.40323 (6), -0.39690 (6), -0.37839 (6), -0.36964 (6), 
Length of domains: 47
Time: pickout 0.0118    decision 0.2226    set_bounds 0.0049    solve 0.2609    add 0.0211    
Accumulated time: pickout 0.0291    decision 0.5442    set_bounds 0.0102    solve 0.7773    add 0.0377    
Current (lb-rhs): -0.7471218109130859
86 domains visited
Cumulative time: 2.519381284713745

BaB round 4
batch: 47
splitting decisions: 
split level 0: [/input-72, 87] [/input-72, 87] [/input-72, 87] [/input-72, 30] [/input-72, 30] [/input-72, 30] [/input-72, 87] [/input-72, 30] [/input-72, 87] [/input-72, 30] 
pruning_in_iteration open status: False
ratio of positive domain = 8 / 94 = 0.08510638297872342
pruning-in-iteration extra time: 0.00208282470703125
Time: prepare 0.0022    bound 0.2466    transfer 0.0459    finalize 0.0074    func 0.3021    
Accumulated time: func 1.0793    prepare 0.0071    bound 0.9606    transfer 0.0907    finalize 0.0229    
Current worst splitting domains lb-rhs (depth):
-0.71445 (7), -0.66091 (7), -0.65287 (7), -0.61018 (7), -0.58920 (7), -0.57865 (7), -0.57721 (7), -0.55678 (7), -0.55616 (7), -0.54165 (7), -0.53822 (7), -0.50777 (7), -0.49160 (7), -0.48285 (7), -0.48077 (7), -0.47991 (7), -0.47292 (7), -0.47291 (7), -0.47124 (7), -0.44178 (7), 
Length of domains: 82
Time: pickout 0.0119    decision 0.2593    set_bounds 0.0044    solve 0.3022    add 0.0350    
Accumulated time: pickout 0.0411    decision 0.8035    set_bounds 0.0146    solve 1.0795    add 0.0727    
Current (lb-rhs): -0.7144536972045898
168 domains visited
Cumulative time: 3.137441396713257

BaB round 5
batch: 82
splitting decisions: 
split level 0: [/input-72, 6] [/input-72, 6] [/input-72, 6] [/input-72, 6] [/input-72, 6] [/input-72, 6] [/input-72, 6] [/input-72, 6] [/input-72, 6] [/input-72, 6] 
pruning_in_iteration open status: False
ratio of positive domain = 6 / 164 = 0.03658536585365857
pruning-in-iteration extra time: 0.0007445812225341797
Time: prepare 0.0038    bound 0.3379    transfer 0.0833    finalize 0.0084    func 0.4335    
Accumulated time: func 1.5128    prepare 0.0115    bound 1.2986    transfer 0.1740    finalize 0.0313    
Current worst splitting domains lb-rhs (depth):
-0.67065 (8), -0.66455 (8), -0.61519 (8), -0.61356 (8), -0.60740 (8), -0.60496 (8), -0.56581 (8), -0.56196 (8), -0.54503 (8), -0.53937 (8), -0.53029 (8), -0.53004 (8), -0.52471 (8), -0.51594 (8), -0.51187 (8), -0.50722 (8), -0.50638 (8), -0.49184 (8), -0.48982 (8), -0.48110 (8), 
Length of domains: 157
Time: pickout 0.0226    decision 0.4292    set_bounds 0.0042    solve 0.4336    add 0.0942    
Accumulated time: pickout 0.0637    decision 1.2326    set_bounds 0.0188    solve 1.5131    add 0.1669    
Current (lb-rhs): -0.6706504821777344
325 domains visited
Cumulative time: 4.12589693069458

BaB round 6
batch: 157
splitting decisions: 
split level 0: [/input-72, 91] [/input-72, 91] [/input-72, 91] [/input-72, 91] [/input-72, 91] [/input-72, 91] [/input-72, 91] [/input-72, 91] [/input-72, 91] [/input-72, 91] 
pruning_in_iteration open status: False
ratio of positive domain = 39 / 314 = 0.12420382165605093
pruning-in-iteration extra time: 0.002108335494995117
Time: prepare 0.0067    bound 0.6271    transfer 0.1259    finalize 0.0106    func 0.7704    
Accumulated time: func 2.2832    prepare 0.0188    bound 1.9257    transfer 0.2999    finalize 0.0419    
Current worst splitting domains lb-rhs (depth):
-0.65219 (9), -0.64605 (9), -0.59619 (9), -0.59473 (9), -0.58866 (9), -0.58612 (9), -0.54675 (9), -0.54308 (9), -0.52453 (9), -0.51918 (9), -0.51066 (9), -0.51010 (9), -0.50385 (9), -0.49542 (9), -0.49128 (9), -0.48791 (9), -0.48614 (9), -0.47043 (9), -0.47013 (9), -0.46008 (9), 
Length of domains: 272
Time: pickout 0.0185    decision 0.7438    set_bounds 0.0088    solve 0.7705    add 0.1739    
Accumulated time: pickout 0.0822    decision 1.9764    set_bounds 0.0277    solve 2.2835    add 0.3408    
Current (lb-rhs): -0.6521873474121094
597 domains visited
Cumulative time: 5.8539533615112305

BaB round 7
batch: 256
splitting decisions: 
split level 0: [/input-24, 19864] [/input-24, 19864] [/input-24, 19864] [/input-24, 19864] [/input-72, 42] [/input-72, 42] [/input-24, 19864] [/input-72, 42] [/input-24, 19864] [/input-24, 19864] 
pruning_in_iteration open status: True
ratio of positive domain = 146 / 512 = 0.28515625
pruning-in-iteration extra time: 0.010888338088989258
Time: prepare 0.0128    bound 0.8650    transfer 0.2392    finalize 0.0139    func 1.1310    
Accumulated time: func 3.4142    prepare 0.0323    bound 2.7907    transfer 0.5391    finalize 0.0558    
Current worst splitting domains lb-rhs (depth):
-0.64988 (10), -0.64375 (10), -0.58643 (10), -0.58584 (10), -0.58458 (10), -0.58395 (10), -0.58216 (10), -0.57432 (10), -0.53685 (10), -0.53307 (10), -0.52152 (10), -0.51649 (10), -0.51625 (10), -0.51321 (10), -0.50804 (10), -0.50738 (10), -0.49383 (10), -0.48868 (10), -0.48591 (10), -0.48557 (10), 
Length of domains: 382
Time: pickout 0.0220    decision 1.2374    set_bounds 0.0171    solve 1.1311    add 0.2537    
Accumulated time: pickout 0.1042    decision 3.2138    set_bounds 0.0448    solve 3.4146    add 0.5945    
Current (lb-rhs): -0.6498808860778809
963 domains visited
current_vram/total_varm: 17.6GB/102.0GB, batch_size increase to 512
Cumulative time: 8.539256572723389

BaB round 8
batch: 382
splitting decisions: 
split level 0: [/input-24, 19864] [/input-24, 19864] [/input-72, 42] [/input-40, 3931] [/input-24, 19864] [/input-24, 19864] [/input-72, 42] [/input-72, 42] [/input-24, 19864] [/input-24, 19864] 
pruning_in_iteration open status: True
ratio of positive domain = 265 / 764 = 0.34685863874345546
pruning-in-iteration extra time: 0.014021635055541992
Time: prepare 0.0202    bound 1.1731    transfer 0.3704    finalize 0.0126    func 1.5764    
Accumulated time: func 4.9906    prepare 0.0531    bound 3.9638    transfer 0.9095    finalize 0.0684    
Current worst splitting domains lb-rhs (depth):
-0.63900 (11), -0.63294 (11), -0.58384 (11), -0.58257 (11), -0.57598 (11), -0.57353 (11), -0.56982 (11), -0.56146 (11), -0.53488 (11), -0.53151 (11), -0.53140 (11), -0.53112 (11), -0.51830 (11), -0.50602 (11), -0.50419 (11), -0.50367 (11), -0.50336 (11), -0.50047 (11), -0.48788 (11), -0.47953 (11), 
Length of domains: 499
Time: pickout 0.0383    decision 1.8625    set_bounds 0.1347    solve 1.5766    add 0.3362    
Accumulated time: pickout 0.1425    decision 5.0763    set_bounds 0.1795    solve 4.9913    add 0.9307    
Current (lb-rhs): -0.6389970779418945
1462 domains visited
Cumulative time: 12.525904178619385

BaB round 9
batch: 499
splitting decisions: 
split level 0: [/input-72, 42] [/input-40, 3931] [/input-40, 3931] [/input-72, 42] [/input-72, 42] [/input-72, 42] [/input-72, 41] [/input-72, 41] [/input-72, 42] [/input-72, 42] 
pruning_in_iteration open status: True
ratio of positive domain = 353 / 998 = 0.3537074148296593
pruning-in-iteration extra time: 0.009432077407836914
Time: prepare 0.0283    bound 1.5024    transfer 0.4480    finalize 0.1320    func 2.1108    
Accumulated time: func 7.1014    prepare 0.0822    bound 5.4662    transfer 1.3575    finalize 0.2005    
Current worst splitting domains lb-rhs (depth):
-0.63290 (12), -0.62680 (12), -0.57795 (12), -0.57662 (12), -0.57019 (12), -0.56781 (12), -0.56369 (12), -0.55926 (12), -0.52940 (12), -0.52554 (12), -0.52428 (12), -0.52396 (12), -0.50776 (12), -0.50245 (12), -0.49812 (12), -0.49525 (12), -0.49208 (12), -0.49195 (12), -0.48493 (12), -0.48351 (12), 
Length of domains: 645
Time: pickout 0.0583    decision 1.8051    set_bounds 0.0296    solve 2.1110    add 0.3991    
Accumulated time: pickout 0.2008    decision 6.8814    set_bounds 0.2090    solve 7.1023    add 1.3298    
Current (lb-rhs): -0.6329021453857422
2107 domains visited
Cumulative time: 16.97895884513855

BaB round 10
batch: 512
splitting decisions: 
split level 0: [/input-24, 31863] [/input-8, 25841] [/input-40, 2724] [/input-24, 31863] [/input-24, 31860] [/input-8, 17905] [/input-40, 3931] [/input-72, 41] [/input-24, 31860] [/input-72, 41] 
pruning_in_iteration open status: True
ratio of positive domain = 248 / 1024 = 0.2421875
pruning-in-iteration extra time: 0.0047550201416015625
Time: prepare 0.0304    bound 1.7873    transfer 0.4589    finalize 0.0213    func 2.2986    
Accumulated time: func 9.4000    prepare 0.1133    bound 7.2534    transfer 1.8164    finalize 0.2218    
Current worst splitting domains lb-rhs (depth):
-0.63048 (13), -0.62437 (13), -0.57510 (13), -0.57476 (13), -0.57422 (13), -0.56820 (13), -0.56515 (13), -0.56221 (13), -0.56135 (13), -0.55325 (13), -0.52806 (13), -0.52706 (13), -0.52285 (13), -0.52159 (13), -0.52126 (13), -0.51832 (13), -0.50813 (13), -0.50160 (13), -0.49628 (13), -0.49242 (13), 
Length of domains: 909
Time: pickout 0.0474    decision 1.8228    set_bounds 0.0331    solve 2.2988    add 0.5170    
Accumulated time: pickout 0.2482    decision 8.7042    set_bounds 0.2421    solve 9.4011    add 1.8468    
Current (lb-rhs): -0.6304779052734375
2883 domains visited
current_vram/total_varm: 40.1GB/102.0GB, batch_size increase to 1024
Cumulative time: 21.747353553771973

BaB round 11
batch: 909
splitting decisions: 
split level 0: [/input-40, 3931] [/input-72, 42] [/input-72, 41] [/input-72, 41] [/input-72, 41] [/input-72, 41] [/input-24, 31863] [/input-24, 19864] [/input-40, 3931] [/input-40, 3931] 
pruning_in_iteration open status: False
ratio of positive domain = 347 / 1818 = 0.19086908690869087
pruning-in-iteration extra time: 0.0011782646179199219
Time: prepare 0.0559    bound 3.3481    transfer 0.8322    finalize 0.0293    func 4.2656    
Accumulated time: func 13.6656    prepare 0.1698    bound 10.6016    transfer 2.6486    finalize 0.2510    
Current worst splitting domains lb-rhs (depth):
-0.62798 (14), -0.62194 (14), -0.58309 (14), -0.57633 (14), -0.57250 (14), -0.57180 (14), -0.57035 (14), -0.56479 (14), -0.55958 (14), -0.55876 (14), -0.55723 (14), -0.55083 (14), -0.53050 (14), -0.53033 (14), -0.52512 (14), -0.52347 (14), -0.52329 (14), -0.51969 (14), -0.51916 (14), -0.51890 (14), 
Length of domains: 1459
Time: pickout 0.0786    decision 3.7983    set_bounds 0.1665    solve 4.2660    add 1.6373    
Accumulated time: pickout 0.3268    decision 12.5024    set_bounds 0.4085    solve 13.6672    add 3.4841    
Current (lb-rhs): -0.6279754638671875
4342 domains visited
Cumulative time: 31.781076431274414

BaB round 12
batch: 1024
splitting decisions: 
split level 0: [/input-24, 19831] [/input-24, 19846] [/input-24, 31860] [/input-24, 31863] [/input-24, 19833] [/input-8, 25841] [/input-24, 19846] [/input-24, 19846] [/input-24, 31863] [/input-24, 19846] 
pruning_in_iteration open status: False
ratio of positive domain = 325 / 2048 = 0.15869140625
pruning-in-iteration extra time: 0.0001995563507080078
Time: prepare 0.0751    bound 3.8512    transfer 1.0237    finalize 0.0551    func 5.0052    
Accumulated time: func 18.6709    prepare 0.2457    bound 14.4528    transfer 3.6723    finalize 0.3061    
Current worst splitting domains lb-rhs (depth):
-0.62798 (14), -0.62194 (14), -0.57555 (15), -0.57250 (14), -0.57180 (14), -0.56993 (15), -0.56700 (15), -0.56102 (15), -0.55958 (14), -0.55876 (14), -0.55723 (14), -0.55083 (14), -0.52410 (15), -0.52368 (15), -0.52043 (15), -0.51978 (15), -0.51969 (14), -0.51916 (14), -0.51901 (15), -0.51862 (14), 
Length of domains: 2137
Time: pickout 0.0612    decision 3.8094    set_bounds 0.2178    solve 5.0058    add 2.5505    
Accumulated time: pickout 0.3880    decision 16.3118    set_bounds 0.6263    solve 18.6730    add 6.0346    
Current (lb-rhs): -0.6279754638671875
6044 domains visited
Cumulative time: 43.62226939201355

BaB round 13
batch: 1024
splitting decisions: 
split level 0: [/input-24, 1098] [/input-8, 25841] [/input-72, 55] [/input-8, 25841] [/input-40, 5549] [/input-8, 25841] [/input-40, 3931] [/input-24, 19876] [/input-40, 3221] [/input-72, 55] 
pruning_in_iteration open status: False
ratio of positive domain = 323 / 2048 = 0.15771484375
pruning-in-iteration extra time: 0.00029349327087402344
Time: prepare 0.0697    bound 3.6813    transfer 0.8210    finalize 0.0435    func 4.6171    
Accumulated time: func 23.2879    prepare 0.3167    bound 18.1341    transfer 4.4933    finalize 0.3497    
Current worst splitting domains lb-rhs (depth):
-0.62798 (14), -0.62194 (14), -0.57555 (15), -0.57250 (14), -0.57180 (14), -0.56993 (15), -0.56700 (15), -0.56102 (15), -0.55958 (14), -0.55876 (14), -0.55723 (14), -0.55083 (14), -0.52410 (15), -0.52368 (15), -0.52043 (15), -0.51978 (15), -0.51969 (14), -0.51916 (14), -0.51862 (14), -0.51308 (15), 
Length of domains: 2807
Time: pickout 0.0949    decision 4.3880    set_bounds 0.1993    solve 4.6175    add 1.1699    
Accumulated time: pickout 0.4830    decision 20.6998    set_bounds 0.8256    solve 23.2905    add 7.2045    
Current (lb-rhs): -0.6279754638671875
7738 domains visited
Cumulative time: 54.185431480407715

BaB round 14
batch: 1024
splitting decisions: 
split level 0: [/input-40, 3221] [/input-8, 25841] [/input-40, 5549] [/input-40, 2724] [/input-24, 19846] [/input-40, 1882] [/input-40, 3930] [/input-24, 7799] [/input-24, 19831] [/input-24, 19846] 
pruning_in_iteration open status: False
ratio of positive domain = 298 / 2048 = 0.1455078125
pruning-in-iteration extra time: 0.0008480548858642578
Time: prepare 0.0694    bound 3.6263    transfer 0.9831    finalize 0.0296    func 4.7086    
Accumulated time: func 27.9965    prepare 0.3868    bound 21.7604    transfer 5.4764    finalize 0.3792    
Current worst splitting domains lb-rhs (depth):
-0.62798 (14), -0.62194 (14), -0.57555 (15), -0.57250 (14), -0.57180 (14), -0.56993 (15), -0.56700 (15), -0.56102 (15), -0.55958 (14), -0.55876 (14), -0.55723 (14), -0.55083 (14), -0.52410 (15), -0.52368 (15), -0.52043 (15), -0.51978 (15), -0.51969 (14), -0.51916 (14), -0.51862 (14), -0.51308 (15), 
Length of domains: 3514
Time: pickout 0.0668    decision 3.6506    set_bounds 0.2012    solve 4.7090    add 1.1555    
Accumulated time: pickout 0.5498    decision 24.3504    set_bounds 1.0267    solve 27.9996    add 8.3601    
Current (lb-rhs): -0.6279754638671875
9469 domains visited
Cumulative time: 64.07158970832825

BaB round 15
batch: 1024
splitting decisions: 
split level 0: [/input-40, 1882] [/input-24, 19833] [/input-24, 19876] [/input-40, 2476] [/input-24, 19833] [/input-40, 5549] [/input-8, 25841] [/input-24, 19846] [/input-24, 1098] [/input-40, 1066] 
pruning_in_iteration open status: False
ratio of positive domain = 266 / 2048 = 0.1298828125
pruning-in-iteration extra time: 0.0008902549743652344
Time: prepare 0.0708    bound 3.7730    transfer 0.9699    finalize 0.0269    func 4.8411    
Accumulated time: func 32.8377    prepare 0.4583    bound 25.5334    transfer 6.4463    finalize 0.4062    
Current worst splitting domains lb-rhs (depth):
-0.62798 (14), -0.62194 (14), -0.57555 (15), -0.57250 (14), -0.57180 (14), -0.56993 (15), -0.56700 (15), -0.56102 (15), -0.55958 (14), -0.55876 (14), -0.55723 (14), -0.55083 (14), -0.52410 (15), -0.52368 (15), -0.52043 (15), -0.51978 (15), -0.51969 (14), -0.51916 (14), -0.51862 (14), -0.51308 (15), 
Length of domains: 4252
Time: pickout 0.0799    decision 4.3011    set_bounds 0.2431    solve 4.8416    add 3.9884    
Accumulated time: pickout 0.6297    decision 28.6515    set_bounds 1.2699    solve 32.8412    add 12.3484    
Current (lb-rhs): -0.6279754638671875
11231 domains visited
Cumulative time: 77.621835231781

BaB round 16
batch: 1024
splitting decisions: 
split level 0: [/input-8, 25841] [/input-24, 8616] [/input-72, 74] [/input-24, 16984] [/input-40, 3930] [/input-8, 25841] [/input-8, 25841] [/input-24, 19846] [/input-40, 2476] [/input-24, 19846] 
pruning_in_iteration open status: False
ratio of positive domain = 257 / 2048 = 0.12548828125
pruning-in-iteration extra time: 0.002353191375732422
Time: prepare 0.0702    bound 3.7793    transfer 0.9725    finalize 0.0321    func 4.8551    
Accumulated time: func 37.6927    prepare 0.5293    bound 29.3127    transfer 7.4188    finalize 0.4383    
Current worst splitting domains lb-rhs (depth):
-0.62798 (14), -0.62194 (14), -0.57555 (15), -0.57250 (14), -0.57180 (14), -0.56993 (15), -0.56700 (15), -0.56102 (15), -0.55958 (14), -0.55876 (14), -0.55723 (14), -0.55083 (14), -0.52410 (15), -0.52368 (15), -0.52043 (15), -0.51978 (15), -0.51969 (14), -0.51916 (14), -0.51862 (14), -0.51308 (15), 
Length of domains: 4992
Time: pickout 0.0792    decision 4.8331    set_bounds 0.2406    solve 4.8557    add 1.2277    
Accumulated time: pickout 0.7089    decision 33.4847    set_bounds 1.5105    solve 37.6969    add 13.5761    
Current (lb-rhs): -0.6279754638671875
12995 domains visited
Cumulative time: 89.03625559806824

BaB round 17
batch: 1024
splitting decisions: 
split level 0: [/input-24, 19846] [/input-8, 25844] [/input-24, 19833] [/input-8, 25841] [/input-40, 5549] [/input-40, 669] [/input-8, 17905] [/input-24, 26248] [/input-72, 55] [/input-40, 5549] 
pruning_in_iteration open status: False
ratio of positive domain = 255 / 2048 = 0.12451171875
pruning-in-iteration extra time: 5.14984130859375e-05
Time: prepare 0.0757    bound 3.5523    transfer 1.0135    finalize 0.0358    func 4.6774    
Accumulated time: func 42.3702    prepare 0.6058    bound 32.8650    transfer 8.4323    finalize 0.4741    
Current worst splitting domains lb-rhs (depth):
-0.62798 (14), -0.62194 (14), -0.57555 (15), -0.57250 (14), -0.57180 (14), -0.56993 (15), -0.56700 (15), -0.56102 (15), -0.55958 (14), -0.55876 (14), -0.55723 (14), -0.55083 (14), -0.52410 (15), -0.52368 (15), -0.52043 (15), -0.51978 (15), -0.51969 (14), -0.51916 (14), -0.51862 (14), -0.51308 (15), 
Length of domains: 5746
Time: pickout 0.0847    decision 3.0465    set_bounds 0.0430    solve 4.6780    add 1.3757    
Accumulated time: pickout 0.7936    decision 36.5311    set_bounds 1.5535    solve 42.3750    add 14.9519    
Current (lb-rhs): -0.6279754638671875
14773 domains visited
Time out!!!!!!!!
Result: timeout
Time: 104.0507869720459

------------------------- COMMAND ------------------------------
/data1/Kane/miniconda3/envs/GenBaB/bin/python /data1/Kane/GenBaB/alpha-beta-CROWN/complete_verifier/abcrown.py --config /data1/Kane/GenBaB/alpha-beta-CROWN/complete_verifier/exp_configs/vnncomp24/cifar100.yaml --precompile_jit --onnx_path /data1/Kane/data/vnncomp2025_benchmarks/benchmarks/cifar100_2024/onnx/CIFAR100_resnet_large.onnx --vnnlib_path /data1/Kane/data/vnncomp2025_benchmarks/benchmarks/cifar100_2024/vnnlib/CIFAR100_resnet_large_prop_idx_8476_sidx_3906_eps_0.0039.vnnlib --results_file /data1/Kane/ACT/audit_results/abcrown_nopgd_20260525/cifar100_2024/0107__CIFAR100_resnet_large__CIFAR100_resnet_large_prop_idx_8476_sidx_3906_eps_0.0039.result --timeout 100.0 --save_adv_example --pgd_order=skip
----------------------------------------------------------------

