[0;93m2026-05-26 17:39:59.570805675 [W:onnxruntime:Default, device_discovery.cc:325 DiscoverDevicesForPlatform] GPU device discovery failed: device_discovery.cc:92 ReadFileContents Failed to open file: "/sys/class/drm/card0/device/vendor"[m
Configurations:

general:
  device: cuda
  seed: 100
  conv_mode: patches
  deterministic: false
  double_fp: false
  loss_reduction_func: sum
  sparse_alpha: true
  sparse_interm: true
  save_adv_example: true
  verify_onnxruntime_output: false
  eval_adv_example: false
  show_adv_example: false
  precompile_jit: true
  prepare_only: false
  complete_verifier: bab
  enable_incomplete_verification: true
  csv_name: instances.csv
  results_file: /data1/Kane/ACT/audit_results/abcrown_nopgd_20260525/cifar100_2024/0124__CIFAR100_resnet_large__CIFAR100_resnet_large_prop_idx_6341_sidx_3142_eps_0.0039.result
  root_path: ../../vnncomp2024_benchmarks/benchmarks/cifar100
  deterministic_opt: false
  graph_optimizer: 'Customized("custom_graph_optimizer", "default_optimizer")'
  buffer_has_batchdim: false
  save_output: false
  output_file: out.pkl
  return_optimized_model: false
model:
  name: null
  path: null
  onnx_path: /data1/Kane/data/vnncomp2025_benchmarks/benchmarks/cifar100_2024/onnx/CIFAR100_resnet_large.onnx
  onnx_path_prefix: ''
  cache_onnx_conversion: false
  debug_onnx: false
  onnx_quirks: null
  input_shape: null
  onnx_loader: default_onnx_and_vnnlib_loader
  onnx_optimization_flags: [merge_bn]
  onnx_vnnlib_joint_optimization_flags: none
  check_optimized: false
  flatten_final_output: false
  optimize_graph: null
  with_jacobian: false
data:
  start: 0
  end: 10000
  select_instance: null
  num_outputs: 10
  mean: 0.0
  std: 1.0
  pkl_path: null
  dataset: null
  data_filter_path: null
  data_idx_file: null
specification:
  type: lp
  robustness_type: verified-acc
  norm: .inf
  epsilon: null
  epsilon_min: 0.0
  vnnlib_path: /data1/Kane/data/vnncomp2025_benchmarks/benchmarks/cifar100_2024/vnnlib/CIFAR100_resnet_large_prop_idx_6341_sidx_3142_eps_0.0039.vnnlib
  vnnlib_path_prefix: ''
  rhs_offset: null
solver:
  batch_size: 256
  auto_enlarge_batch_size: true
  min_batch_size_ratio: 0.1
  use_float64_in_last_iteration: false
  early_stop_patience: 10
  start_save_best: 0.5
  bound_prop_method: alpha-crown
  init_bound_prop_method: same
  prune_after_crown: true
  optimize_disjuncts_separately: false
  crown:
    batch_size: 1000000000
    max_crown_size: 1000000000
    activation_bound_option: adaptive
    compare_crown_with_ibp: false
  alpha-crown:
    alpha: true
    lr_alpha: 0.25
    iteration: 20
    share_alphas: false
    lr_decay: 0.98
    full_conv_alpha: false
    max_coeff_mul: .inf
    matmul_share_alphas: false
    disable_optimization: []
    max_time: 1.0
  invprop:
    apply_output_constraints_to: []
    tighten_input_bounds: false
    best_of_oc_and_no_oc: false
    directly_optimize: []
    oc_lr: 0.1
    share_gammas: false
  beta-crown:
    lr_alpha: 0.1
    lr_beta: 0.2
    lr_decay: 0.98
    optimizer: adam
    iteration: 10
    beta: true
    beta_warmup: true
    enable_opt_interm_bounds: false
    all_node_split_LP: false
  forward:
    refine: false
    max_dim: 10000
    reset_threshold: 1.0
  multi_class:
    label_batch_size: 32
    skip_with_refined_bound: true
  mip:
    unstable_neuron_threshold: 0
    parallel_solvers: null
    solver_threads: 1
    refine_neuron_timeout: 15
    refine_neuron_time_percentage: 0.8
    early_stop: true
    adv_warmup: true
    mip_solver: gurobi
    skip_unsafe: false
    topk_filter: 1.0
    sliding_window: -1
    extra_constraint: false
    refine_neuron_timeout_increasement: 0
    timeout_neuron_percentage: 0.3
    remaining_timeout_threshold: 1
    remove_unstable_neurons: false
    lp_solver: false
bab:
  initial_max_domains: 100
  backing_up_max_domain: null
  max_domains: .inf
  decision_thresh: 0
  timeout: 100.0
  timeout_scale: 1
  max_iterations: -1
  override_timeout: null
  get_upper_bound: false
  pruning_in_iteration: true
  pruning_in_iteration_ratio: 0.2
  sort_targets: false
  batched_domain_list: true
  optimized_interm: ''
  interm_transfer: false
  recompute_interm: false
  sort_domain_interval: -1
  vanilla_crown: false
  tree_traversal: depth_first
  cut:
    enabled: false
    cuts_path: /tmp/abcrown_cuts
    implication: false
    bab_cut: false
    lp_cut: false
    method: null
    lr: 0.01
    lr_decay: 1.0
    iteration: 100
    bab_iteration: -1
    early_stop_patience: -1
    lr_beta: 0.02
    number_cuts: 50
    topk_cuts_in_filter: 1000
    batch_size_primal: 100
    max_num: 1000000000
    patches_cut: false
    cplex_cuts: false
    cplex_cuts_wait: 0
    cplex_cuts_revpickup: true
    cut_reference_bounds: true
    fix_intermediate_bounds: false
    biccos:
      enabled: false
      constraint_strengthening: true
      recursively_strengthening: false
      drop_ratio: 0.5
      verified_bonus: 0.3
      max_infer_iter: 20
      heuristic: neuron_influence_score
      save_biccos_cuts: false
      multi_tree_branching:
        enabled: false
        restore_best_tree: false
        keep_n_best_domains: 1
        k_splits: 1
        iterations: 1
  branching:
    method: kfsb
    candidates: 7
    reduceop: max
    enable_intermediate_bound_opt: false
    branching_input_and_activation: false
    branching_input_and_activation_order: [input, relu]
    branching_input_iterations: 30
    branching_relu_iterations: 50
    nonlinear_split:
      method: bbps
      disable: false
      branching_point_method: uniform
      num_branches: 2
      filter: false
      filter_beta: false
      filter_clamp: false
      filter_batch_size: 10000
      filter_iterations: 25
      relu_only: false
      loose_tanh_threshold: null
      branching_point:
        db_path: branching_points.pt
        num_iterations: 1000
        batch_size: 1000000
        range_l: -5.0
        range_u: 5.0
        log_interval: 100
        step_size_1d: 0.01
        step_size: 0.2
    input_split:
      enable_clip_domains: false
      split_hint: null
      reorder_bab: false
      enable: false
      enhanced_bound_prop_method: alpha-crown
      enhanced_branching_method: naive
      enhanced_bound_patience: 100000000.0
      attack_patience: 100000000.0
      adv_check: 0
      split_partitions: 2
      sb_margin_weight: 1.0
      sb_sum: false
      sb_primary_spec: null
      bf_backup_thresh: -1
      bf_rhs_offset: 0
      bf_iters: 1000000000.0
      bf_batch_size: 100000
      bf_zero_crossing_score: false
      touch_zero_score: 0
      ibp_enhancement: false
      compare_with_old_bounds: false
      update_rhs_with_attack: false
      sb_coeff_thresh: 0.001
      sort_index: null
      sort_descending: true
      show_progress: false
      presplit_domains: null
      skip_getting_worst_domain: false
  attack:
    enabled: false
    beam_candidates: 8
    beam_depth: 7
    max_dive_fix_ratio: 0.8
    min_local_free_ratio: 0.2
    mip_start_iteration: 5
    mip_timeout: 30.0
    adv_pool_threshold: null
    refined_mip_attacker: false
    refined_batch_size: null
attack:
  pgd_order: skip
  pgd_steps: 100
  pgd_restarts: 10
  pgd_batch_size: 100000000
  pgd_early_stop: true
  pgd_lr_decay: 0.99
  pgd_alpha: auto
  pgd_alpha_scale: false
  pgd_loss_mode: null
  pgd_restart_when_stuck: false
  enable_mip_attack: false
  adv_saver: default_adv_saver
  adv_verifier: default_adv_verifier
  early_stop_condition: default_early_stop_condition
  adv_example_finalizer: default_adv_example_finalizer
  pgd_loss: default_pgd_loss
  cex_path: ./test_cex.txt
  attack_mode: PGD
  attack_tolerance: 0.0
  attack_func: attack_with_general_specs
  gama_lambda: 10.0
  gama_decay: 0.9
  check_clean: false
  input_split:
    pgd_steps: 100
    pgd_restarts: 30
    pgd_alpha: auto
  input_split_enhanced:
    pgd_steps: 200
    pgd_restarts: 500000
    pgd_alpha: auto
  input_split_check_adv:
    enabled: auto
    pgd_steps: 5
    pgd_restarts: 5
    pgd_alpha: auto
    max_num_domains: 10
debug:
  view_model: false
  lp_test: null
  rescale_vnnlib_ptb: null
  test_optimized_bounds: false
  test_optimized_bounds_after_n_iterations: 0
  print_verbose_decisions: false
  sanity_check: null
  save_minimal_config: null
  save_minimal_config_omit_keys: []

Experiments at Tue May 26 17:40:00 2026 on dell-pro-max-tower-t2
Pre-compile jit kernels on a toy network...
JIT kernels compiled in 1.4147s./data1/Kane/miniconda3/envs/GenBaB/lib/python3.11/site-packages/onnx2pytorch/convert/model.py:151: UserWarning: Using experimental implementation that allows 'batch_size > 1'.Batchnorm layers could potentially produce false outputs.
  warnings.warn(
/data1/Kane/miniconda3/envs/GenBaB/lib/python3.11/site-packages/onnx2pytorch/utils.py:21: TracerWarning: Converting a tensor to a Python boolean might cause the trace to be incorrect. We can't record the data flow of Python values, so this value will be treated as a constant in the future. This means that the trace might not generalize to other inputs!
  return value.ndim == 0 or value.shape == torch.Size([1])
/data1/Kane/miniconda3/envs/GenBaB/lib/python3.11/site-packages/onnx2pytorch/operations/add.py:34: TracerWarning: Converting a tensor to a Python boolean might cause the trace to be incorrect. We can't record the data flow of Python values, so this value will be treated as a constant in the future. This means that the trace might not generalize to other inputs!
  elif all(x == 1 for x in input[0].shape):

Internal results will be saved to /data1/Kane/ACT/audit_results/abcrown_nopgd_20260525/cifar100_2024/0124__CIFAR100_resnet_large__CIFAR100_resnet_large_prop_idx_6341_sidx_3142_eps_0.0039.result.

 %%%%%%%%%%%%%%%%%%%%%%%%%%%%%%%%%%% idx: 0, vnnlib ID: 0 %%%%%%%%%%%%%%%%%%%%%%%%%%%%%%%%%%%
Using onnx /data1/Kane/data/vnncomp2025_benchmarks/benchmarks/cifar100_2024/onnx/CIFAR100_resnet_large.onnx
Using vnnlib /data1/Kane/data/vnncomp2025_benchmarks/benchmarks/cifar100_2024/vnnlib/CIFAR100_resnet_large_prop_idx_6341_sidx_3142_eps_0.0039.vnnlib
3072 inputs and 100 outputs in vnnlib
Loading onnx /data1/Kane/data/vnncomp2025_benchmarks/benchmarks/cifar100_2024/onnx/CIFAR100_resnet_large.onnx with quirks {}
Onnx optimization with flags: ['merge_bn']
Found existed optimized onnx model at /data1/Kane/data/vnncomp2025_benchmarks/benchmarks/cifar100_2024/onnx/CIFAR100_resnet_large.onnx.optimized
Finished onnx model loading in 0.1153 seconds
Model: BoundedModule(
  (/input-1): BoundInput(name=/input-1, inputs=[], perturbed=True)
  (/45): BoundParams(name=/45, inputs=[], perturbed=False)
  (/46): BoundParams(name=/46, inputs=[], perturbed=False)
  (/47): BoundParams(name=/47, inputs=[], perturbed=False)
  (/48): BoundParams(name=/48, inputs=[], perturbed=False)
  (/49): BoundParams(name=/49, inputs=[], perturbed=False)
  (/50): BoundParams(name=/50, inputs=[], perturbed=False)
  (/51): BoundParams(name=/51, inputs=[], perturbed=False)
  (/52): BoundParams(name=/52, inputs=[], perturbed=False)
  (/53): BoundParams(name=/53, inputs=[], perturbed=False)
  (/54): BoundParams(name=/54, inputs=[], perturbed=False)
  (/55): BoundParams(name=/55, inputs=[], perturbed=False)
  (/56): BoundParams(name=/56, inputs=[], perturbed=False)
  (/57): BoundParams(name=/57, inputs=[], perturbed=False)
  (/58): BoundParams(name=/58, inputs=[], perturbed=False)
  (/59): BoundParams(name=/59, inputs=[], perturbed=False)
  (/60): BoundParams(name=/60, inputs=[], perturbed=False)
  (/61): BoundParams(name=/61, inputs=[], perturbed=False)
  (/62): BoundParams(name=/62, inputs=[], perturbed=False)
  (/63): BoundParams(name=/63, inputs=[], perturbed=False)
  (/64): BoundParams(name=/64, inputs=[], perturbed=False)
  (/65): BoundParams(name=/65, inputs=[], perturbed=False)
  (/66): BoundParams(name=/66, inputs=[], perturbed=False)
  (/67): BoundParams(name=/67, inputs=[], perturbed=False)
  (/68): BoundParams(name=/68, inputs=[], perturbed=False)
  (/69): BoundParams(name=/69, inputs=[], perturbed=False)
  (/70): BoundParams(name=/70, inputs=[], perturbed=False)
  (/71): BoundParams(name=/71, inputs=[], perturbed=False)
  (/72): BoundParams(name=/72, inputs=[], perturbed=False)
  (/73): BoundParams(name=/73, inputs=[], perturbed=False)
  (/74): BoundParams(name=/74, inputs=[], perturbed=False)
  (/75): BoundParams(name=/75, inputs=[], perturbed=False)
  (/76): BoundParams(name=/76, inputs=[], perturbed=False)
  (/77): BoundParams(name=/77, inputs=[], perturbed=False)
  (/78): BoundParams(name=/78, inputs=[], perturbed=False)
  (/79): BoundParams(name=/79, inputs=[], perturbed=False)
  (/80): BoundParams(name=/80, inputs=[], perturbed=False)
  (/81): BoundParams(name=/81, inputs=[], perturbed=False)
  (/82): BoundParams(name=/82, inputs=[], perturbed=False)
  (/83): BoundParams(name=/83, inputs=[], perturbed=False)
  (/84): BoundParams(name=/84, inputs=[], perturbed=False)
  (/85): BoundParams(name=/85, inputs=[], perturbed=False)
  (/86): BoundParams(name=/86, inputs=[], perturbed=False)
  (/87): BoundParams(name=/87, inputs=[], perturbed=False)
  (/88): BoundParams(name=/88, inputs=[], perturbed=False)
  (/input): BoundConv(name=/input, inputs=[/input-1, /45, /46], perturbed=True)
  (/input-4): BoundRelu(name=/input-4, inputs=[/input], perturbed=True)
  (/input-8): BoundConv(name=/input-8, inputs=[/input-4, /47, /48], perturbed=True)
  (/input-12): BoundRelu(name=/input-12, inputs=[/input-8], perturbed=True)
  (/93): BoundConv(name=/93, inputs=[/input-12, /49, /50], perturbed=True)
  (/94): BoundAdd(name=/94, inputs=[/93, /input-4], perturbed=True)
  (/input-16): BoundConv(name=/input-16, inputs=[/94, /51, /52], perturbed=True)
  (/input-20): BoundRelu(name=/input-20, inputs=[/input-16], perturbed=True)
  (/97): BoundConv(name=/97, inputs=[/input-20, /53, /54], perturbed=True)
  (/98): BoundAdd(name=/98, inputs=[/97, /94], perturbed=True)
  (/input-24): BoundConv(name=/input-24, inputs=[/98, /55, /56], perturbed=True)
  (/input-28): BoundRelu(name=/input-28, inputs=[/input-24], perturbed=True)
  (/101): BoundConv(name=/101, inputs=[/input-28, /57, /58], perturbed=True)
  (/102): BoundConv(name=/102, inputs=[/98, /59, /60], perturbed=True)
  (/103): BoundAdd(name=/103, inputs=[/101, /102], perturbed=True)
  (/input-32): BoundConv(name=/input-32, inputs=[/103, /61, /62], perturbed=True)
  (/input-36): BoundRelu(name=/input-36, inputs=[/input-32], perturbed=True)
  (/106): BoundConv(name=/106, inputs=[/input-36, /63, /64], perturbed=True)
  (/107): BoundAdd(name=/107, inputs=[/106, /103], perturbed=True)
  (/input-40): BoundConv(name=/input-40, inputs=[/107, /65, /66], perturbed=True)
  (/input-44): BoundRelu(name=/input-44, inputs=[/input-40], perturbed=True)
  (/110): BoundConv(name=/110, inputs=[/input-44, /67, /68], perturbed=True)
  (/111): BoundConv(name=/111, inputs=[/107, /69, /70], perturbed=True)
  (/112): BoundAdd(name=/112, inputs=[/110, /111], perturbed=True)
  (/input-48): BoundConv(name=/input-48, inputs=[/112, /71, /72], perturbed=True)
  (/input-52): BoundRelu(name=/input-52, inputs=[/input-48], perturbed=True)
  (/115): BoundConv(name=/115, inputs=[/input-52, /73, /74], perturbed=True)
  (/116): BoundAdd(name=/116, inputs=[/115, /112], perturbed=True)
  (/input-56): BoundConv(name=/input-56, inputs=[/116, /75, /76], perturbed=True)
  (/input-60): BoundRelu(name=/input-60, inputs=[/input-56], perturbed=True)
  (/119): BoundConv(name=/119, inputs=[/input-60, /77, /78], perturbed=True)
  (/120): BoundConv(name=/120, inputs=[/116, /79, /80], perturbed=True)
  (/121): BoundAdd(name=/121, inputs=[/119, /120], perturbed=True)
  (/input-64): BoundConv(name=/input-64, inputs=[/121, /81, /82], perturbed=True)
  (/input-68): BoundRelu(name=/input-68, inputs=[/input-64], perturbed=True)
  (/124): BoundConv(name=/124, inputs=[/input-68, /83, /84], perturbed=True)
  (/125): BoundAdd(name=/125, inputs=[/124, /121], perturbed=True)
  (/126): BoundFlatten(name=/126, inputs=[/125], perturbed=True)
  (/input-72): BoundLinear(name=/input-72, inputs=[/126, /85, /86], perturbed=True)
  (/128): BoundRelu(name=/128, inputs=[/input-72], perturbed=True)
  (/129): BoundLinear(name=/129, inputs=[/128, /87, /88], perturbed=True)
)
Original output: tensor([[ -6.00649452,  -7.74161530,  -3.01613021,  -5.41108418,  -5.76753950,
           1.36005163,  -8.74098778,  -6.84820795,  -7.27752209,  -3.64565754,
          -3.69449520,  -1.82587218,  -5.63530350,  -6.58353662, -10.05889034,
          -3.99893022,  -3.30330491,  -8.35265541,  -6.28028965,  -4.55067348,
          -2.44776177,  -4.04228830,  -3.00866890,  -5.09558678,  -6.70258522,
          -0.57733148,  -5.49542332,  -5.28541517,  -5.60816431,  -6.52980852,
          -7.11027718,  -5.64566326,  -4.91708183,  -5.42657661,  -4.95336723,
          -2.11691594,  -3.42829466,  -3.50015497,  -6.03034496,  -3.42750168,
          -3.13018322,  -9.05088043,  -6.08717442,  -4.69460344,  -5.42445278,
          -6.07400131,  -3.12560916,  -8.33468056,  -9.42404747, -11.23810959,
          -5.11284637,  -5.75324821,  -9.79857063, -10.81050968,  -7.49494648,
          -4.59362125,  -5.35789490,  -6.99110746,  -4.43164110,  -7.63973665,
          -8.21455288,  -5.63430834, -11.31319904,  -7.24072552,  -5.52977371,
          -3.82775927,  -5.86367369,  -8.53278732,  -8.49260139,  -6.74556732,
          -8.72194958,  -5.29741192,  -5.34561634,  -5.66666603,  -7.23486948,
          -7.69976664,  -8.98641491,  -5.88857841,  -4.83250141,  -6.88486671,
          -4.66129637,  -3.84897447, -11.22631931,  -9.05896378,  -0.73643291,
          -3.22918701,  -3.36610103,  -1.72099447,  -4.37865162,  -5.81334972,
          -5.71472406,  -3.26414108,  -7.86852074,  -5.82016182,  -0.23792517,
         -10.48171902,  -7.58475256,  -4.00028229,  -2.85853839,  -7.77291775]],
       device='cuda:0')
Split layers:
Nonlinear functions:
   BoundRelu(name=/input-4, inputs=[/input], perturbed=True)
   BoundRelu(name=/input-12, inputs=[/input-8], perturbed=True)
   BoundRelu(name=/input-20, inputs=[/input-16], perturbed=True)
   BoundRelu(name=/input-28, inputs=[/input-24], perturbed=True)
   BoundRelu(name=/input-36, inputs=[/input-32], perturbed=True)
   BoundRelu(name=/input-44, inputs=[/input-40], perturbed=True)
   BoundRelu(name=/input-52, inputs=[/input-48], perturbed=True)
   BoundRelu(name=/input-60, inputs=[/input-56], perturbed=True)
   BoundRelu(name=/input-68, inputs=[/input-64], perturbed=True)
   BoundRelu(name=/128, inputs=[/input-72], perturbed=True)
layer /input-4 using sparse-features alpha with shape [763]; unstable size 763; total size 65536 ([1, 64, 32, 32])
layer /input-4 start_node /input-8 using sparse-spec alpha [2, 56, 1, 763] with unstable size 55 total_size 64 output_shape 64
layer /input-4 start_node /input-24 using sparse-spec alpha [2, 53, 1, 763] with unstable size 52 total_size 128 output_shape 128
layer /input-4 start_node /input-40 using sparse-spec alpha [2, 69, 1, 763] with unstable size 68 total_size 128 output_shape 128
layer /input-4 start_node /input-56 using sparse-spec alpha [2, 2, 1, 763] with unstable size 1 total_size 4096 output_shape torch.Size([256, 4, 4])
layer /input-4 start_node /input-72 using sparse-spec alpha [2, 41, 1, 763] with unstable size 40 total_size 100 output_shape torch.Size([100])
layer /input-4 start_node /129 using full alpha [2, 99, 1, 763] with unstable size None total_size 99 output_shape 99
layer /input-12 using sparse-features alpha with shape [1903]; unstable size 1903; total size 65536 ([1, 64, 32, 32])
layer /input-12 start_node /input-24 using sparse-spec alpha [2, 53, 1, 1903] with unstable size 52 total_size 128 output_shape 128
layer /input-12 start_node /input-40 using sparse-spec alpha [2, 69, 1, 1903] with unstable size 68 total_size 128 output_shape 128
layer /input-12 start_node /input-56 using sparse-spec alpha [2, 2, 1, 1903] with unstable size 1 total_size 4096 output_shape torch.Size([256, 4, 4])
layer /input-12 start_node /input-72 using sparse-spec alpha [2, 41, 1, 1903] with unstable size 40 total_size 100 output_shape torch.Size([100])
layer /input-12 start_node /129 using full alpha [2, 99, 1, 1903] with unstable size None total_size 99 output_shape 99
layer /input-20 using sparse-features alpha with shape [0]; unstable size 0; total size 65536 ([1, 64, 32, 32])
layer /input-20 start_node /input-24 using sparse-spec alpha [2, 53, 1, 0] with unstable size 52 total_size 128 output_shape 128
layer /input-20 start_node /input-40 using sparse-spec alpha [2, 69, 1, 0] with unstable size 68 total_size 128 output_shape 128
layer /input-20 start_node /input-56 using sparse-spec alpha [2, 2, 1, 0] with unstable size 1 total_size 4096 output_shape torch.Size([256, 4, 4])
layer /input-20 start_node /input-72 using sparse-spec alpha [2, 41, 1, 0] with unstable size 40 total_size 100 output_shape torch.Size([100])
layer /input-20 start_node /129 using full alpha [2, 99, 1, 0] with unstable size None total_size 99 output_shape 99
layer /input-28 using sparse-features alpha with shape [382]; unstable size 382; total size 32768 ([1, 128, 16, 16])
layer /input-28 start_node /input-40 using sparse-spec alpha [2, 69, 1, 382] with unstable size 68 total_size 128 output_shape 128
layer /input-28 start_node /input-56 using sparse-spec alpha [2, 2, 1, 382] with unstable size 1 total_size 4096 output_shape torch.Size([256, 4, 4])
layer /input-28 start_node /input-72 using sparse-spec alpha [2, 41, 1, 382] with unstable size 40 total_size 100 output_shape torch.Size([100])
layer /input-28 start_node /129 using full alpha [2, 99, 1, 382] with unstable size None total_size 99 output_shape 99
layer /input-36 using sparse-features alpha with shape [0]; unstable size 0; total size 32768 ([1, 128, 16, 16])
layer /input-36 start_node /input-40 using sparse-spec alpha [2, 69, 1, 0] with unstable size 68 total_size 128 output_shape 128
layer /input-36 start_node /input-56 using sparse-spec alpha [2, 2, 1, 0] with unstable size 1 total_size 4096 output_shape torch.Size([256, 4, 4])
layer /input-36 start_node /input-72 using sparse-spec alpha [2, 41, 1, 0] with unstable size 40 total_size 100 output_shape torch.Size([100])
layer /input-36 start_node /129 using full alpha [2, 99, 1, 0] with unstable size None total_size 99 output_shape 99
layer /input-44 using sparse-features alpha with shape [376]; unstable size 376; total size 8192 ([1, 128, 8, 8])
layer /input-44 start_node /input-56 using sparse-spec alpha [2, 2, 1, 376] with unstable size 1 total_size 4096 output_shape torch.Size([256, 4, 4])
layer /input-44 start_node /input-72 using sparse-spec alpha [2, 41, 1, 376] with unstable size 40 total_size 100 output_shape torch.Size([100])
layer /input-44 start_node /129 using full alpha [2, 99, 1, 376] with unstable size None total_size 99 output_shape 99
layer /input-52 using sparse-features alpha with shape [0]; unstable size 0; total size 8192 ([1, 128, 8, 8])
layer /input-52 start_node /input-56 using sparse-spec alpha [2, 2, 1, 0] with unstable size 1 total_size 256 output_shape 256
layer /input-52 start_node /input-72 using sparse-spec alpha [2, 41, 1, 0] with unstable size 40 total_size 100 output_shape torch.Size([100])
layer /input-52 start_node /129 using full alpha [2, 99, 1, 0] with unstable size None total_size 99 output_shape 99
layer /input-60 using sparse-features alpha with shape [1]; unstable size 1; total size 4096 ([1, 256, 4, 4])
layer /input-60 start_node /input-72 using sparse-spec alpha [2, 41, 1, 1] with unstable size 40 total_size 100 output_shape torch.Size([100])
layer /input-60 start_node /129 using full alpha [2, 99, 1, 1] with unstable size None total_size 99 output_shape 99
layer /input-68 using sparse-features alpha with shape [0]; unstable size 0; total size 4096 ([1, 256, 4, 4])
layer /input-68 start_node /input-72 using sparse-spec alpha [2, 41, 1, 0] with unstable size 40 total_size 100 output_shape torch.Size([100])
layer /input-68 start_node /129 using full alpha [2, 99, 1, 0] with unstable size None total_size 99 output_shape 99
layer /128 using sparse-features alpha with shape [40]; unstable size 40; total size 100 ([1, 100])
layer /128 start_node /129 using full alpha [2, 99, 1, 40] with unstable size None total_size 99 output_shape 99
Optimizable variables initialized.
initial CROWN bounds: tensor([[ 3.91078043,  6.43217754,  1.60991096,  4.02219105,  4.40706015,
          7.54944611,  5.41927624,  6.27722645,  2.89722180,  2.54981637,
          0.29465342,  5.05337477,  5.82723284,  8.76206207,  2.80335474,
          2.34278917,  7.41000271,  5.24328995,  3.59634972,  1.97229862,
          2.10013986,  1.94149160,  3.33341217,  5.50654125,  0.57454038,
          4.26758003,  3.91839743,  4.24796772,  5.58052015,  5.47403431,
          4.26891088,  3.74308181,  4.23901415,  3.41452765,  0.57770634,
          2.20474482,  2.62636995,  4.69954491,  2.54804468,  2.38922381,
          7.97701168,  5.12278509,  3.13112259,  4.39854765,  5.11894798,
          1.75412500,  7.14431810,  8.32603836,  9.40944862,  4.02876663,
          4.78356171,  8.49331379,  9.08972645,  6.17001009,  3.25623226,
          4.38758802,  5.51548386,  3.69423294,  6.16283894,  6.96921253,
          4.11861229,  9.52310944,  5.42149639,  4.23340321,  3.01886654,
          4.53649235,  7.13507462,  7.41059923,  5.69401073,  7.44013691,
          3.87010288,  3.82154083,  4.54042053,  6.04293108,  6.33360147,
          8.32089615,  4.30918598,  3.26825285,  5.71281719,  3.32688689,
          2.93750167,  9.80801010,  7.60837269,  0.63505858,  2.45267129,
          2.57239151,  1.06664133,  3.40154362,  5.25195408,  4.93773365,
          1.98682880,  6.69091749,  4.71143770, -0.56317997,  8.85619164,
          6.43839931,  2.69139099,  1.36687851,  5.91420698]], device='cuda:0') None
prune_after_crown optimization in use: original label size = 99 pruned label size = 1
best_l after optimization: -0.32262110710144043
alpha/beta optimization time: 6.234916687011719
initial alpha-crown bounds: tensor([[        inf,         inf,         inf,         inf,         inf,
                 inf,         inf,         inf,         inf,         inf,
                 inf,         inf,         inf,         inf,         inf,
                 inf,         inf,         inf,         inf,         inf,
                 inf,         inf,         inf,         inf,         inf,
                 inf,         inf,         inf,         inf,         inf,
                 inf,         inf,         inf,         inf,         inf,
                 inf,         inf,         inf,         inf,         inf,
                 inf,         inf,         inf,         inf,         inf,
                 inf,         inf,         inf,         inf,         inf,
                 inf,         inf,         inf,         inf,         inf,
                 inf,         inf,         inf,         inf,         inf,
                 inf,         inf,         inf,         inf,         inf,
                 inf,         inf,         inf,         inf,         inf,
                 inf,         inf,         inf,         inf,         inf,
                 inf,         inf,         inf,         inf,         inf,
                 inf,         inf,         inf,         inf,         inf,
                 inf,         inf,         inf,         inf,         inf,
                 inf,         inf,         inf, -0.32262111,         inf,
                 inf,         inf,         inf,         inf]], device='cuda:0')
Number of class (without rhs): 1 ; Worst class: (+ rhs) -0.32262110710144043
Total VNNLIB file length: 99, max property batch size: 100, total number of batches: 1
lA shape: [torch.Size([99, 1, 64, 32, 32]), torch.Size([99, 1, 64, 32, 32]), torch.Size([99, 1, 64, 32, 32]), torch.Size([99, 1, 128, 16, 16]), torch.Size([99, 1, 128, 16, 16]), torch.Size([99, 1, 128, 8, 8]), torch.Size([99, 1, 128, 8, 8]), torch.Size([99, 1, 256, 4, 4]), torch.Size([99, 1, 256, 4, 4]), torch.Size([99, 1, 100])]

Properties batch 0, size 99
Remaining timeout: 92.13438534736633
Verifying property 0 with 99 instances.
##### Instance 0 first 10 spec matrices: 
tensor([[[-1.,  0.,  0.,  0.,  0.,  1.,  0.,  0.,  0.,  0.,  0.,  0.,  0.,  0.,
           0.,  0.,  0.,  0.,  0.,  0.,  0.,  0.,  0.,  0.,  0.,  0.,  0.,  0.,
           0.,  0.,  0.,  0.,  0.,  0.,  0.,  0.,  0.,  0.,  0.,  0.,  0.,  0.,
           0.,  0.,  0.,  0.,  0.,  0.,  0.,  0.,  0.,  0.,  0.,  0.,  0.,  0.,
           0.,  0.,  0.,  0.,  0.,  0.,  0.,  0.,  0.,  0.,  0.,  0.,  0.,  0.,
           0.,  0.,  0.,  0.,  0.,  0.,  0.,  0.,  0.,  0.,  0.,  0.,  0.,  0.,
           0.,  0.,  0.,  0.,  0.,  0.,  0.,  0.,  0.,  0.,  0.,  0.,  0.,  0.,
           0.,  0.]],

        [[ 0., -1.,  0.,  0.,  0.,  1.,  0.,  0.,  0.,  0.,  0.,  0.,  0.,  0.,
           0.,  0.,  0.,  0.,  0.,  0.,  0.,  0.,  0.,  0.,  0.,  0.,  0.,  0.,
           0.,  0.,  0.,  0.,  0.,  0.,  0.,  0.,  0.,  0.,  0.,  0.,  0.,  0.,
           0.,  0.,  0.,  0.,  0.,  0.,  0.,  0.,  0.,  0.,  0.,  0.,  0.,  0.,
           0.,  0.,  0.,  0.,  0.,  0.,  0.,  0.,  0.,  0.,  0.,  0.,  0.,  0.,
           0.,  0.,  0.,  0.,  0.,  0.,  0.,  0.,  0.,  0.,  0.,  0.,  0.,  0.,
           0.,  0.,  0.,  0.,  0.,  0.,  0.,  0.,  0.,  0.,  0.,  0.,  0.,  0.,
           0.,  0.]],

        [[ 0.,  0., -1.,  0.,  0.,  1.,  0.,  0.,  0.,  0.,  0.,  0.,  0.,  0.,
           0.,  0.,  0.,  0.,  0.,  0.,  0.,  0.,  0.,  0.,  0.,  0.,  0.,  0.,
           0.,  0.,  0.,  0.,  0.,  0.,  0.,  0.,  0.,  0.,  0.,  0.,  0.,  0.,
           0.,  0.,  0.,  0.,  0.,  0.,  0.,  0.,  0.,  0.,  0.,  0.,  0.,  0.,
           0.,  0.,  0.,  0.,  0.,  0.,  0.,  0.,  0.,  0.,  0.,  0.,  0.,  0.,
           0.,  0.,  0.,  0.,  0.,  0.,  0.,  0.,  0.,  0.,  0.,  0.,  0.,  0.,
           0.,  0.,  0.,  0.,  0.,  0.,  0.,  0.,  0.,  0.,  0.,  0.,  0.,  0.,
           0.,  0.]],

        [[ 0.,  0.,  0., -1.,  0.,  1.,  0.,  0.,  0.,  0.,  0.,  0.,  0.,  0.,
           0.,  0.,  0.,  0.,  0.,  0.,  0.,  0.,  0.,  0.,  0.,  0.,  0.,  0.,
           0.,  0.,  0.,  0.,  0.,  0.,  0.,  0.,  0.,  0.,  0.,  0.,  0.,  0.,
           0.,  0.,  0.,  0.,  0.,  0.,  0.,  0.,  0.,  0.,  0.,  0.,  0.,  0.,
           0.,  0.,  0.,  0.,  0.,  0.,  0.,  0.,  0.,  0.,  0.,  0.,  0.,  0.,
           0.,  0.,  0.,  0.,  0.,  0.,  0.,  0.,  0.,  0.,  0.,  0.,  0.,  0.,
           0.,  0.,  0.,  0.,  0.,  0.,  0.,  0.,  0.,  0.,  0.,  0.,  0.,  0.,
           0.,  0.]],

        [[ 0.,  0.,  0.,  0., -1.,  1.,  0.,  0.,  0.,  0.,  0.,  0.,  0.,  0.,
           0.,  0.,  0.,  0.,  0.,  0.,  0.,  0.,  0.,  0.,  0.,  0.,  0.,  0.,
           0.,  0.,  0.,  0.,  0.,  0.,  0.,  0.,  0.,  0.,  0.,  0.,  0.,  0.,
           0.,  0.,  0.,  0.,  0.,  0.,  0.,  0.,  0.,  0.,  0.,  0.,  0.,  0.,
           0.,  0.,  0.,  0.,  0.,  0.,  0.,  0.,  0.,  0.,  0.,  0.,  0.,  0.,
           0.,  0.,  0.,  0.,  0.,  0.,  0.,  0.,  0.,  0.,  0.,  0.,  0.,  0.,
           0.,  0.,  0.,  0.,  0.,  0.,  0.,  0.,  0.,  0.,  0.,  0.,  0.,  0.,
           0.,  0.]],

        [[ 0.,  0.,  0.,  0.,  0.,  1., -1.,  0.,  0.,  0.,  0.,  0.,  0.,  0.,
           0.,  0.,  0.,  0.,  0.,  0.,  0.,  0.,  0.,  0.,  0.,  0.,  0.,  0.,
           0.,  0.,  0.,  0.,  0.,  0.,  0.,  0.,  0.,  0.,  0.,  0.,  0.,  0.,
           0.,  0.,  0.,  0.,  0.,  0.,  0.,  0.,  0.,  0.,  0.,  0.,  0.,  0.,
           0.,  0.,  0.,  0.,  0.,  0.,  0.,  0.,  0.,  0.,  0.,  0.,  0.,  0.,
           0.,  0.,  0.,  0.,  0.,  0.,  0.,  0.,  0.,  0.,  0.,  0.,  0.,  0.,
           0.,  0.,  0.,  0.,  0.,  0.,  0.,  0.,  0.,  0.,  0.,  0.,  0.,  0.,
           0.,  0.]],

        [[ 0.,  0.,  0.,  0.,  0.,  1.,  0., -1.,  0.,  0.,  0.,  0.,  0.,  0.,
           0.,  0.,  0.,  0.,  0.,  0.,  0.,  0.,  0.,  0.,  0.,  0.,  0.,  0.,
           0.,  0.,  0.,  0.,  0.,  0.,  0.,  0.,  0.,  0.,  0.,  0.,  0.,  0.,
           0.,  0.,  0.,  0.,  0.,  0.,  0.,  0.,  0.,  0.,  0.,  0.,  0.,  0.,
           0.,  0.,  0.,  0.,  0.,  0.,  0.,  0.,  0.,  0.,  0.,  0.,  0.,  0.,
           0.,  0.,  0.,  0.,  0.,  0.,  0.,  0.,  0.,  0.,  0.,  0.,  0.,  0.,
           0.,  0.,  0.,  0.,  0.,  0.,  0.,  0.,  0.,  0.,  0.,  0.,  0.,  0.,
           0.,  0.]],

        [[ 0.,  0.,  0.,  0.,  0.,  1.,  0.,  0., -1.,  0.,  0.,  0.,  0.,  0.,
           0.,  0.,  0.,  0.,  0.,  0.,  0.,  0.,  0.,  0.,  0.,  0.,  0.,  0.,
           0.,  0.,  0.,  0.,  0.,  0.,  0.,  0.,  0.,  0.,  0.,  0.,  0.,  0.,
           0.,  0.,  0.,  0.,  0.,  0.,  0.,  0.,  0.,  0.,  0.,  0.,  0.,  0.,
           0.,  0.,  0.,  0.,  0.,  0.,  0.,  0.,  0.,  0.,  0.,  0.,  0.,  0.,
           0.,  0.,  0.,  0.,  0.,  0.,  0.,  0.,  0.,  0.,  0.,  0.,  0.,  0.,
           0.,  0.,  0.,  0.,  0.,  0.,  0.,  0.,  0.,  0.,  0.,  0.,  0.,  0.,
           0.,  0.]],

        [[ 0.,  0.,  0.,  0.,  0.,  1.,  0.,  0.,  0., -1.,  0.,  0.,  0.,  0.,
           0.,  0.,  0.,  0.,  0.,  0.,  0.,  0.,  0.,  0.,  0.,  0.,  0.,  0.,
           0.,  0.,  0.,  0.,  0.,  0.,  0.,  0.,  0.,  0.,  0.,  0.,  0.,  0.,
           0.,  0.,  0.,  0.,  0.,  0.,  0.,  0.,  0.,  0.,  0.,  0.,  0.,  0.,
           0.,  0.,  0.,  0.,  0.,  0.,  0.,  0.,  0.,  0.,  0.,  0.,  0.,  0.,
           0.,  0.,  0.,  0.,  0.,  0.,  0.,  0.,  0.,  0.,  0.,  0.,  0.,  0.,
           0.,  0.,  0.,  0.,  0.,  0.,  0.,  0.,  0.,  0.,  0.,  0.,  0.,  0.,
           0.,  0.]],

        [[ 0.,  0.,  0.,  0.,  0.,  1.,  0.,  0.,  0.,  0., -1.,  0.,  0.,  0.,
           0.,  0.,  0.,  0.,  0.,  0.,  0.,  0.,  0.,  0.,  0.,  0.,  0.,  0.,
           0.,  0.,  0.,  0.,  0.,  0.,  0.,  0.,  0.,  0.,  0.,  0.,  0.,  0.,
           0.,  0.,  0.,  0.,  0.,  0.,  0.,  0.,  0.,  0.,  0.,  0.,  0.,  0.,
           0.,  0.,  0.,  0.,  0.,  0.,  0.,  0.,  0.,  0.,  0.,  0.,  0.,  0.,
           0.,  0.,  0.,  0.,  0.,  0.,  0.,  0.,  0.,  0.,  0.,  0.,  0.,  0.,
           0.,  0.,  0.,  0.,  0.,  0.,  0.,  0.,  0.,  0.,  0.,  0.,  0.,  0.,
           0.,  0.]]], dtype=torch.float64)
thresholds: tensor([0., 0., 0., 0., 0., 0., 0., 0., 0., 0.], device='cuda:0') ######
Initial alpha-CROWN verified for spec index tensor([ 0,  1,  2,  3,  4,  5,  6,  7,  8,  9, 10, 11, 12, 13, 14, 15, 16, 17,
        18, 19, 20, 21, 22, 23, 24, 25, 26, 27, 28, 29, 30, 31, 32, 33, 34, 35,
        36, 37, 38, 39, 40, 41, 42, 43, 44, 45, 46, 47, 48, 49, 50, 51, 52, 53,
        54, 55, 56, 57, 58, 59, 60, 61, 62, 63, 64, 65, 66, 67, 68, 69, 70, 71,
        72, 73, 74, 75, 76, 77, 78, 79, 80, 81, 82, 83, 84, 85, 86, 87, 88, 89,
        90, 91, 92, 94, 95, 96, 97, 98], device='cuda:0') with bound tensor([inf, inf, inf, inf, inf, inf, inf, inf, inf, inf, inf, inf, inf, inf, inf, inf, inf, inf, inf, inf, inf, inf, inf, inf,
        inf, inf, inf, inf, inf, inf, inf, inf, inf, inf, inf, inf, inf, inf, inf, inf, inf, inf, inf, inf, inf, inf, inf, inf,
        inf, inf, inf, inf, inf, inf, inf, inf, inf, inf, inf, inf, inf, inf, inf, inf, inf, inf, inf, inf, inf, inf, inf, inf,
        inf, inf, inf, inf, inf, inf, inf, inf, inf, inf, inf, inf, inf, inf, inf, inf, inf, inf, inf, inf, inf, inf, inf, inf,
        inf, inf], device='cuda:0').
Remaining spec index tensor([93], device='cuda:0') with bounds tensor([[-0.32262111]], device='cuda:0') need to verify.
Model prediction is: tensor([ -6.00649452,  -7.74161530,  -3.01613021,  -5.41108418,  -5.76753950,
          1.36005163,  -8.74098778,  -6.84820795,  -7.27752209,  -3.64565754,
         -3.69449520,  -1.82587218,  -5.63530350,  -6.58353662, -10.05889034,
         -3.99893022,  -3.30330491,  -8.35265541,  -6.28028965,  -4.55067348,
         -2.44776177,  -4.04228830,  -3.00866890,  -5.09558678,  -6.70258522,
         -0.57733148,  -5.49542332,  -5.28541517,  -5.60816431,  -6.52980852,
         -7.11027718,  -5.64566326,  -4.91708183,  -5.42657661,  -4.95336723,
         -2.11691594,  -3.42829466,  -3.50015497,  -6.03034496,  -3.42750168,
         -3.13018322,  -9.05088043,  -6.08717442,  -4.69460344,  -5.42445278,
         -6.07400131,  -3.12560916,  -8.33468056,  -9.42404747, -11.23810959,
         -5.11284637,  -5.75324821,  -9.79857063, -10.81050968,  -7.49494648,
         -4.59362125,  -5.35789490,  -6.99110746,  -4.43164110,  -7.63973665,
         -8.21455288,  -5.63430834, -11.31319904,  -7.24072552,  -5.52977371,
         -3.82775927,  -5.86367369,  -8.53278732,  -8.49260139,  -6.74556732,
         -8.72194958,  -5.29741192,  -5.34561634,  -5.66666603,  -7.23486948,
         -7.69976664,  -8.98641491,  -5.88857841,  -4.83250141,  -6.88486671,
         -4.66129637,  -3.84897447, -11.22631931,  -9.05896378,  -0.73643291,
         -3.22918701,  -3.36610103,  -1.72099447,  -4.37865162,  -5.81334972,
         -5.71472406,  -3.26414108,  -7.86852074,  -5.82016182,  -0.23792517,
        -10.48171902,  -7.58475256,  -4.00028229,  -2.85853839,  -7.77291775],
       device='cuda:0')
build_with_refined_bounds batch [1/1]
setting alpha for layer /input-4 start_node /129 with alignment adjustment
setting alpha for layer /input-12 start_node /129 with alignment adjustment
setting alpha for layer /input-20 start_node /129 with alignment adjustment
setting alpha for layer /input-28 start_node /129 with alignment adjustment
setting alpha for layer /input-36 start_node /129 with alignment adjustment
setting alpha for layer /input-44 start_node /129 with alignment adjustment
setting alpha for layer /input-52 start_node /129 with alignment adjustment
setting alpha for layer /input-60 start_node /129 with alignment adjustment
setting alpha for layer /input-68 start_node /129 with alignment adjustment
setting alpha for layer /128 start_node /129 with alignment adjustment
all alpha initialized
directly get lb and ub from refined bounds
c shape: torch.Size([1, 1, 100])
lA shapes: [torch.Size([1, 1, 64, 32, 32]), torch.Size([1, 1, 64, 32, 32]), torch.Size([1, 1, 64, 32, 32]), torch.Size([1, 1, 128, 16, 16]), torch.Size([1, 1, 128, 16, 16]), torch.Size([1, 1, 128, 8, 8]), torch.Size([1, 1, 128, 8, 8]), torch.Size([1, 1, 256, 4, 4]), torch.Size([1, 1, 256, 4, 4]), torch.Size([1, 1, 100])]
(alpha-)CROWN with fixed intermediate bounds: tensor([[-0.32262111]], device='cuda:0') tensor([[inf]], device='cuda:0')
Intermediate layers: /input,/input-8,/input-16,/input-24,/input-32,/input-40,/input-48,/input-56,/input-64,/input-72,/129
Keeping alphas for these layers: ['/129']
Keeping alphas for these layers: ['/129']
Node /input-4 input 0: size torch.Size([64, 32, 32]) unstable 763
Node /input-12 input 0: size torch.Size([64, 32, 32]) unstable 1895
Node /input-20 input 0: size torch.Size([64, 32, 32]) unstable 0
Node /input-28 input 0: size torch.Size([128, 16, 16]) unstable 364
Node /input-36 input 0: size torch.Size([128, 16, 16]) unstable 0
Node /input-44 input 0: size torch.Size([128, 8, 8]) unstable 360
Node /input-52 input 0: size torch.Size([128, 8, 8]) unstable 0
Node /input-60 input 0: size torch.Size([256, 4, 4]) unstable 0
Node /input-68 input 0: size torch.Size([256, 4, 4]) unstable 0
Node /128 input 0: size torch.Size([100]) unstable 40
-----------------
# of unstable neurons: 3422
-----------------

BaB round 1
batch: 1
splitting decisions: 
split level 0: [/input-72, 64] 
split level 1: [/input-72, 15] 
split level 2: [/input-72, 1] 
split level 3: [/input-40, 4317] 
pruning_in_iteration open status: True
ratio of positive domain = 14 / 16 = 0.875
pruning-in-iteration extra time: 0.028414487838745117
Time: prepare 0.0006    bound 0.3274    transfer 0.0275    finalize 0.0150    func 0.3706    
Accumulated time: func 0.3706    prepare 0.0011    bound 0.3274    transfer 0.0275    finalize 0.0150    
Current worst splitting domains lb-rhs (depth):
-0.23902 (4), -0.11992 (4), 
Length of domains: 2
Time: pickout 0.0007    decision 0.1898    set_bounds 0.0013    solve 0.3707    add 0.0047    
Accumulated time: pickout 0.0007    decision 0.1898    set_bounds 0.0013    solve 0.3707    add 0.0047    
Current (lb-rhs): -0.23902106285095215
2 domains visited
Cumulative time: 1.4786102771759033

BaB round 2
batch: 2
splitting decisions: 
split level 0: [/input-40, 4309] [/input-40, 4309] 
split level 1: [/input-72, 93] [/input-72, 93] 
split level 2: [/input-40, 4324] [/input-40, 4324] 
pruning_in_iteration open status: False
ratio of positive domain = 1 / 16 = 0.0625
pruning-in-iteration extra time: 0.002550363540649414
Time: prepare 0.0007    bound 0.2818    transfer 0.0043    finalize 0.0131    func 0.3001    
Accumulated time: func 0.6707    prepare 0.0022    bound 0.6092    transfer 0.0319    finalize 0.0282    
Current worst splitting domains lb-rhs (depth):
-0.17279 (7), -0.16691 (7), -0.15870 (7), -0.15333 (7), -0.09007 (7), -0.08397 (7), -0.07420 (7), -0.06832 (7), -0.03743 (7), -0.02939 (7), -0.01895 (7), -0.01730 (7), -0.01099 (7), -0.00938 (7), -0.00061 (7), 
Length of domains: 15
Time: pickout 0.0221    decision 0.1612    set_bounds 0.0013    solve 0.3001    add 0.0096    
Accumulated time: pickout 0.0228    decision 0.3511    set_bounds 0.0026    solve 0.6708    add 0.0143    
Current (lb-rhs): -0.17278575897216797
17 domains visited
Cumulative time: 1.9732029438018799

BaB round 3
batch: 15
splitting decisions: 
split level 0: [/input-40, 6188] [/input-40, 6188] [/input-40, 6188] [/input-40, 6188] [/input-40, 6188] [/input-40, 6188] [/input-40, 6188] [/input-40, 6188] [/input-40, 6188] [/input-40, 6188] 
pruning_in_iteration open status: True
ratio of positive domain = 13 / 30 = 0.43333333333333335
pruning-in-iteration extra time: 0.027784347534179688
Time: prepare 0.0012    bound 0.3654    transfer 0.0274    finalize 0.0151    func 0.4092    
Accumulated time: func 1.0798    prepare 0.0039    bound 0.9747    transfer 0.0593    finalize 0.0432    
Current worst splitting domains lb-rhs (depth):
-0.16615 (8), -0.16003 (8), -0.15053 (8), -0.14421 (8), -0.08152 (8), -0.07710 (8), -0.07403 (8), -0.06986 (8), -0.06880 (8), -0.06505 (8), -0.06048 (8), -0.05727 (8), -0.03076 (8), -0.02187 (8), -0.01201 (8), -0.00851 (8), -0.00390 (8), 
Length of domains: 17
Time: pickout 0.0347    decision 0.2261    set_bounds 0.0050    solve 0.4092    add 0.0100    
Accumulated time: pickout 0.0575    decision 0.5771    set_bounds 0.0076    solve 1.0800    add 0.0243    
Current (lb-rhs): -0.16614651679992676
34 domains visited
Cumulative time: 2.6598658561706543

BaB round 4
batch: 17
splitting decisions: 
split level 0: [/input-72, 68] [/input-72, 68] [/input-72, 68] [/input-72, 68] [/input-72, 68] [/input-72, 68] [/input-72, 68] [/input-72, 68] [/input-72, 68] [/input-72, 68] 
pruning_in_iteration open status: True
ratio of positive domain = 9 / 34 = 0.2647058823529411
pruning-in-iteration extra time: 0.027116775512695312
Time: prepare 0.0013    bound 0.3439    transfer 0.0347    finalize 0.0153    func 0.3953    
Accumulated time: func 1.4751    prepare 0.0056    bound 1.3186    transfer 0.0940    finalize 0.0586    
Current worst splitting domains lb-rhs (depth):
-0.13524 (9), -0.13497 (9), -0.12917 (9), -0.12855 (9), -0.11982 (9), -0.11930 (9), -0.11382 (9), -0.11260 (9), -0.05051 (9), -0.05019 (9), -0.04536 (9), -0.04371 (9), -0.04302 (9), -0.04264 (9), -0.03847 (9), -0.03676 (9), -0.03656 (9), -0.03481 (9), -0.03410 (9), -0.03366 (9), 
Length of domains: 25
Time: pickout 0.0355    decision 0.2535    set_bounds 0.0067    solve 0.3953    add 0.0130    
Accumulated time: pickout 0.0930    decision 0.8306    set_bounds 0.0143    solve 1.4753    add 0.0372    
Current (lb-rhs): -0.13523530960083008
59 domains visited
Cumulative time: 3.3659019470214844

BaB round 5
batch: 25
splitting decisions: 
split level 0: [/input-72, 82] [/input-72, 82] [/input-40, 7086] [/input-40, 4308] [/input-72, 82] [/input-72, 82] [/input-40, 7086] [/input-40, 4308] [/input-40, 7086] [/input-40, 7086] 
pruning_in_iteration open status: True
ratio of positive domain = 20 / 50 = 0.4
pruning-in-iteration extra time: 0.025763750076293945
Time: prepare 0.0017    bound 0.3334    transfer 0.0465    finalize 0.0157    func 0.3974    
Accumulated time: func 1.8725    prepare 0.0078    bound 1.6520    transfer 0.1405    finalize 0.0743    
Current worst splitting domains lb-rhs (depth):
-0.12926 (10), -0.12923 (10), -0.12092 (10), -0.11422 (10), -0.11340 (10), -0.10719 (10), -0.09940 (10), -0.09249 (10), -0.09137 (10), -0.08664 (10), -0.08490 (10), -0.08327 (10), -0.04434 (10), -0.04417 (10), -0.04020 (10), -0.03582 (10), -0.03450 (10), -0.03390 (10), -0.03128 (10), -0.02883 (10), 
Length of domains: 30
Time: pickout 0.0163    decision 0.3242    set_bounds 0.0102    solve 0.3974    add 0.0141    
Accumulated time: pickout 0.1093    decision 1.1549    set_bounds 0.0245    solve 1.8727    add 0.0513    
Current (lb-rhs): -0.12926006317138672
89 domains visited
Cumulative time: 4.130871295928955

BaB round 6
batch: 30
splitting decisions: 
split level 0: [/input-72, 82] [/input-72, 82] [/input-72, 82] [/input-72, 82] [/input-72, 82] [/input-40, 4333] [/input-72, 82] [/input-40, 4308] [/input-72, 82] [/input-72, 82] 
pruning_in_iteration open status: True
ratio of positive domain = 27 / 60 = 0.44999999999999996
pruning-in-iteration extra time: 0.028116464614868164
Time: prepare 0.0018    bound 0.3541    transfer 0.0474    finalize 0.0157    func 0.4191    
Accumulated time: func 2.2916    prepare 0.0101    bound 2.0061    transfer 0.1879    finalize 0.0900    
Current worst splitting domains lb-rhs (depth):
-0.12052 (11), -0.12037 (11), -0.11526 (11), -0.10525 (11), -0.10127 (11), -0.09350 (11), -0.09226 (11), -0.08685 (11), -0.08561 (11), -0.08537 (11), -0.08479 (11), -0.08407 (11), -0.07982 (11), -0.07932 (11), -0.07748 (11), -0.06995 (11), -0.03549 (11), -0.03548 (11), -0.03239 (11), -0.03037 (11), 
Length of domains: 33
Time: pickout 0.0356    decision 0.3810    set_bounds 0.0102    solve 0.4192    add 0.0142    
Accumulated time: pickout 0.1449    decision 1.5358    set_bounds 0.0347    solve 2.2919    add 0.0655    
Current (lb-rhs): -0.12051546573638916
122 domains visited
Cumulative time: 4.994098424911499

BaB round 7
batch: 33
splitting decisions: 
split level 0: [/input-72, 82] [/input-72, 82] [/input-72, 82] [/input-72, 41] [/input-72, 41] [/input-72, 41] [/input-72, 41] [/input-72, 41] [/input-72, 41] [/input-72, 41] 
pruning_in_iteration open status: True
ratio of positive domain = 34 / 66 = 0.5151515151515151
pruning-in-iteration extra time: 0.025919198989868164
Time: prepare 0.0021    bound 0.3443    transfer 0.0475    finalize 0.0159    func 0.4098    
Accumulated time: func 2.7014    prepare 0.0128    bound 2.3504    transfer 0.2355    finalize 0.1059    
Current worst splitting domains lb-rhs (depth):
-0.11564 (12), -0.11555 (12), -0.11054 (12), -0.10037 (12), -0.09657 (12), -0.08880 (12), -0.08737 (12), -0.08211 (12), -0.08086 (12), -0.07927 (12), -0.07837 (12), -0.07785 (12), -0.07460 (12), -0.07404 (12), -0.07274 (12), -0.06294 (12), -0.03070 (12), -0.03043 (12), -0.02393 (12), -0.02313 (12), 
Length of domains: 32
Time: pickout 0.0345    decision 0.4263    set_bounds 0.0100    solve 0.4099    add 0.0141    
Accumulated time: pickout 0.1794    decision 1.9621    set_bounds 0.0447    solve 2.7018    add 0.0796    
Current (lb-rhs): -0.11564195156097412
154 domains visited
Cumulative time: 5.891411304473877

BaB round 8
batch: 32
splitting decisions: 
split level 0: [/input-72, 41] [/input-72, 41] [/input-72, 41] [/input-72, 41] [/input-72, 41] [/input-72, 41] [/input-40, 4308] [/input-40, 4308] [/input-40, 4308] [/input-40, 7086] 
pruning_in_iteration open status: True
ratio of positive domain = 24 / 64 = 0.375
pruning-in-iteration extra time: 0.02703857421875
Time: prepare 0.0019    bound 0.3657    transfer 0.0366    finalize 0.0156    func 0.4199    
Accumulated time: func 3.1213    prepare 0.0152    bound 2.7161    transfer 0.2721    finalize 0.1215    
Current worst splitting domains lb-rhs (depth):
-0.09434 (13), -0.09400 (13), -0.08908 (13), -0.08825 (13), -0.08660 (13), -0.08641 (13), -0.08189 (13), -0.08044 (13), -0.07913 (13), -0.07849 (13), -0.07386 (13), -0.07267 (13), -0.07144 (13), -0.07015 (13), -0.06657 (13), -0.06470 (13), -0.05693 (13), -0.05634 (13), -0.05435 (13), -0.05249 (13), 
Length of domains: 40
Time: pickout 0.0348    decision 0.3993    set_bounds 0.0104    solve 0.4199    add 0.0165    
Accumulated time: pickout 0.2141    decision 2.3614    set_bounds 0.0551    solve 3.1218    add 0.0961    
Current (lb-rhs): -0.09434103965759277
194 domains visited
Cumulative time: 6.775702714920044

BaB round 9
batch: 40
splitting decisions: 
split level 0: [/input-40, 4333] [/input-40, 4333] [/input-40, 4333] [/input-40, 4333] [/input-40, 4333] [/input-40, 4333] [/input-40, 4333] [/input-40, 4333] [/input-40, 4333] [/input-40, 4333] 
pruning_in_iteration open status: False
ratio of positive domain = 16 / 80 = 0.19999999999999996
pruning-in-iteration extra time: 0.00225067138671875
Time: prepare 0.0023    bound 0.3464    transfer 0.0405    finalize 0.0151    func 0.4044    
Accumulated time: func 3.5257    prepare 0.0180    bound 3.0625    transfer 0.3126    finalize 0.1366    
Current worst splitting domains lb-rhs (depth):
-0.07447 (14), -0.07420 (14), -0.06956 (14), -0.06893 (14), -0.06677 (14), -0.06663 (14), -0.06629 (14), -0.06604 (14), -0.06234 (14), -0.06164 (14), -0.06089 (14), -0.06087 (14), -0.05916 (14), -0.05869 (14), -0.05839 (14), -0.05829 (14), -0.05464 (14), -0.05409 (14), -0.05301 (14), -0.05299 (14), 
Length of domains: 64
Time: pickout 0.0362    decision 0.4482    set_bounds 0.0052    solve 0.4045    add 0.0258    
Accumulated time: pickout 0.2503    decision 2.8097    set_bounds 0.0603    solve 3.5262    add 0.1220    
Current (lb-rhs): -0.07447147369384766
258 domains visited
Cumulative time: 7.6996684074401855

BaB round 10
batch: 64
splitting decisions: 
split level 0: [/input-72, 73] [/input-72, 73] [/input-72, 73] [/input-72, 73] [/input-72, 73] [/input-72, 73] [/input-72, 73] [/input-72, 73] [/input-72, 73] [/input-72, 73] 
pruning_in_iteration open status: True
ratio of positive domain = 46 / 128 = 0.359375
pruning-in-iteration extra time: 0.027040481567382812
Time: prepare 0.0035    bound 0.3951    transfer 0.0777    finalize 0.0159    func 0.4922    
Accumulated time: func 4.0179    prepare 0.0221    bound 3.4576    transfer 0.3903    finalize 0.1525    
Current worst splitting domains lb-rhs (depth):
-0.05007 (15), -0.04949 (15), -0.04854 (15), -0.04840 (15), -0.04445 (15), -0.04420 (15), -0.04331 (15), -0.04252 (15), -0.04223 (15), -0.04220 (15), -0.04194 (15), -0.04140 (15), -0.04092 (15), -0.04067 (15), -0.04035 (15), -0.04012 (15), -0.03758 (15), -0.03659 (15), -0.03659 (15), -0.03616 (15), 
Length of domains: 82
Time: pickout 0.0352    decision 0.6233    set_bounds 0.0076    solve 0.4922    add 0.0393    
Accumulated time: pickout 0.2855    decision 3.4329    set_bounds 0.0678    solve 4.0185    add 0.1613    
Current (lb-rhs): -0.05006766319274902
340 domains visited
Cumulative time: 8.903282880783081

BaB round 11
batch: 82
splitting decisions: 
split level 0: [/input-40, 4334] [/input-40, 4334] [/input-40, 4334] [/input-40, 4334] [/input-40, 4334] [/input-40, 4334] [/input-40, 4334] [/input-40, 1372] [/input-40, 4334] [/input-40, 4334] 
pruning_in_iteration open status: True
ratio of positive domain = 62 / 164 = 0.3780487804878049
pruning-in-iteration extra time: 0.02729511260986328
Time: prepare 0.0042    bound 0.4778    transfer 0.0958    finalize 0.0163    func 0.5941    
Accumulated time: func 4.6120    prepare 0.0269    bound 3.9354    transfer 0.4861    finalize 0.1688    
Current worst splitting domains lb-rhs (depth):
-0.03936 (16), -0.03892 (16), -0.03779 (16), -0.03766 (16), -0.03383 (16), -0.03349 (16), -0.03288 (16), -0.03195 (16), -0.03165 (16), -0.03149 (16), -0.03119 (16), -0.03075 (16), -0.03029 (16), -0.03001 (16), -0.02955 (16), -0.02911 (16), -0.02661 (16), -0.02577 (16), -0.02559 (16), -0.02557 (16), 
Length of domains: 102
Time: pickout 0.0378    decision 0.8459    set_bounds 0.0078    solve 0.5943    add 0.0484    
Accumulated time: pickout 0.3234    decision 4.2788    set_bounds 0.0756    solve 4.6127    add 0.2097    
Current (lb-rhs): -0.03935837745666504
442 domains visited
Cumulative time: 10.442355632781982

BaB round 12
batch: 102
splitting decisions: 
split level 0: [/input-40, 1372] [/input-40, 1372] [/input-40, 1372] [/input-40, 1372] [/input-40, 1372] [/input-40, 1372] [/input-40, 1372] [/input-40, 4334] [/input-40, 1372] [/input-40, 1372] 
pruning_in_iteration open status: True
ratio of positive domain = 118 / 204 = 0.5784313725490196
pruning-in-iteration extra time: 0.025406837463378906
Time: prepare 0.0053    bound 0.3777    transfer 0.0914    finalize 0.0173    func 0.4917    
Accumulated time: func 5.1037    prepare 0.0328    bound 4.3131    transfer 0.5774    finalize 0.1860    
Current worst splitting domains lb-rhs (depth):
-0.02956 (17), -0.02876 (17), -0.02786 (17), -0.02747 (17), -0.02385 (17), -0.02377 (17), -0.02278 (17), -0.02211 (17), -0.02144 (17), -0.02124 (17), -0.02082 (17), -0.02039 (17), -0.01975 (17), -0.01955 (17), -0.01934 (17), -0.01863 (17), -0.01600 (17), -0.01570 (17), -0.01556 (17), -0.01530 (17), 
Length of domains: 86
Time: pickout 0.0364    decision 1.0035    set_bounds 0.0046    solve 0.4918    add 0.0329    
Accumulated time: pickout 0.3598    decision 5.2823    set_bounds 0.0802    solve 5.1045    add 0.2426    
Current (lb-rhs): -0.02956223487854004
528 domains visited
Cumulative time: 12.016334533691406

BaB round 13
batch: 86
splitting decisions: 
split level 0: [/input-40, 6202] [/input-40, 6202] [/input-40, 6203] [/input-40, 6202] [/input-40, 6202] [/input-40, 6202] [/input-40, 6202] [/input-40, 6202] [/input-40, 6202] [/input-40, 6202] 
pruning_in_iteration open status: True
ratio of positive domain = 104 / 172 = 0.6046511627906976
pruning-in-iteration extra time: 0.024722576141357422
Time: prepare 0.0045    bound 0.5142    transfer 0.1100    finalize 0.0333    func 0.6621    
Accumulated time: func 5.7659    prepare 0.0379    bound 4.8274    transfer 0.6874    finalize 0.2193    
Current worst splitting domains lb-rhs (depth):
-0.02681 (18), -0.02614 (18), -0.02527 (18), -0.02490 (18), -0.02010 (18), -0.01927 (18), -0.01908 (18), -0.01894 (18), -0.01879 (18), -0.01866 (18), -0.01822 (18), -0.01776 (18), -0.01719 (18), -0.01682 (18), -0.01649 (18), -0.01606 (18), -0.01187 (18), -0.01163 (18), -0.01124 (18), -0.01111 (18), 
Length of domains: 68
Time: pickout 0.0389    decision 0.7322    set_bounds 0.0077    solve 0.6622    add 0.1271    
Accumulated time: pickout 0.3986    decision 6.0144    set_bounds 0.0879    solve 5.7668    add 0.3697    
Current (lb-rhs): -0.026814937591552734
596 domains visited
Cumulative time: 13.596582889556885

BaB round 14
batch: 68
splitting decisions: 
split level 0: [/input-40, 6203] [/input-40, 6203] [/input-40, 6203] [/input-40, 6203] [/input-40, 6203] [/input-40, 6203] [/input-40, 6202] [/input-40, 6203] [/input-40, 6203] [/input-40, 6203] 
pruning_in_iteration open status: True
ratio of positive domain = 90 / 136 = 0.6617647058823529
pruning-in-iteration extra time: 0.0222170352935791
Time: prepare 0.0037    bound 0.3164    transfer 0.0346    finalize 0.0159    func 0.3706    
Accumulated time: func 6.1364    prepare 0.0423    bound 5.1437    transfer 0.7220    finalize 0.2352    
Current worst splitting domains lb-rhs (depth):
-0.02223 (19), -0.02152 (19), -0.02076 (19), -0.02044 (19), -0.01657 (19), -0.01654 (19), -0.01538 (19), -0.01469 (19), -0.01417 (19), -0.01406 (19), -0.01361 (19), -0.01329 (19), -0.01260 (19), -0.01212 (19), -0.01202 (19), -0.01155 (19), -0.00886 (19), -0.00837 (19), -0.00837 (19), -0.00804 (19), 
Length of domains: 46
Time: pickout 0.0410    decision 0.7326    set_bounds 0.0077    solve 0.3706    add 0.0156    
Accumulated time: pickout 0.4396    decision 6.7470    set_bounds 0.0957    solve 6.1374    add 0.3853    
Current (lb-rhs): -0.022230863571166992
642 domains visited
Cumulative time: 14.765100002288818

BaB round 15
batch: 46
splitting decisions: 
split level 0: [/input-40, 4301] [/input-40, 4301] [/input-40, 4301] [/input-40, 4301] [/input-40, 4301] [/input-40, 4301] [/input-40, 4301] [/input-40, 4301] [/input-40, 4301] [/input-40, 4301] 
pruning_in_iteration open status: True
ratio of positive domain = 67 / 92 = 0.7282608695652174
pruning-in-iteration extra time: 0.026103973388671875
Time: prepare 0.0026    bound 0.3059    transfer 0.0260    finalize 0.0153    func 0.3499    
Accumulated time: func 6.4863    prepare 0.0454    bound 5.4497    transfer 0.7481    finalize 0.2505    
Current worst splitting domains lb-rhs (depth):
-0.01443 (20), -0.01347 (20), -0.01281 (20), -0.01226 (20), -0.00896 (20), -0.00870 (20), -0.00694 (20), -0.00664 (20), -0.00615 (20), -0.00605 (20), -0.00540 (20), -0.00506 (20), -0.00417 (20), -0.00402 (20), -0.00395 (20), -0.00350 (20), -0.00343 (20), -0.00340 (20), -0.00168 (20), -0.00160 (20), 
Length of domains: 25
Time: pickout 0.0359    decision 0.2125    set_bounds 0.0026    solve 0.3500    add 0.0101    
Accumulated time: pickout 0.4755    decision 6.9595    set_bounds 0.0983    solve 6.4874    add 0.3954    
Current (lb-rhs): -0.014429330825805664
667 domains visited
Cumulative time: 15.377034425735474

BaB round 16
batch: 25
splitting decisions: 
split level 0: [/input-40, 979] [/input-40, 979] [/input-40, 979] [/input-40, 979] [/input-40, 979] [/input-40, 979] [/input-40, 979] [/input-40, 979] [/input-40, 979] [/input-40, 979] 
pruning_in_iteration open status: True
ratio of positive domain = 35 / 50 = 0.7
pruning-in-iteration extra time: 0.029193639755249023
Time: prepare 0.0017    bound 0.3468    transfer 0.0282    finalize 0.0163    func 0.3930    
Accumulated time: func 6.8793    prepare 0.0477    bound 5.7965    transfer 0.7762    finalize 0.2668    
Current worst splitting domains lb-rhs (depth):
-0.01105 (21), -0.00989 (21), -0.00942 (21), -0.00860 (21), -0.00534 (21), -0.00432 (21), -0.00310 (21), -0.00299 (21), -0.00275 (21), -0.00249 (21), -0.00176 (21), -0.00164 (21), -0.00045 (21), -0.00037 (21), -0.00026 (21), 
Length of domains: 15
Time: pickout 0.0322    decision 0.3342    set_bounds 0.0054    solve 0.3930    add 0.0071    
Accumulated time: pickout 0.5077    decision 7.2936    set_bounds 0.1037    solve 6.8804    add 0.4025    
Current (lb-rhs): -0.011046171188354492
682 domains visited
Cumulative time: 16.149386405944824

BaB round 17
batch: 15
splitting decisions: 
split level 0: [/input-40, 6186] [/input-40, 6186] [/input-40, 6186] [/input-40, 6186] [/input-40, 6186] [/input-40, 6186] [/input-40, 6186] [/input-40, 6186] [/input-40, 6186] [/input-40, 6186] 
pruning_in_iteration open status: True
ratio of positive domain = 26 / 30 = 0.8666666666666667
pruning-in-iteration extra time: 0.027382612228393555
Time: prepare 0.0011    bound 0.3269    transfer 0.0271    finalize 0.0154    func 0.3705    
Accumulated time: func 7.2498    prepare 0.0493    bound 6.1234    transfer 0.8033    finalize 0.2822    
Current worst splitting domains lb-rhs (depth):
-0.00647 (22), -0.00070 (22), -0.00063 (22), -0.00009 (22), 
Length of domains: 4
Time: pickout 0.0355    decision 0.2409    set_bounds 0.0054    solve 0.3706    add 0.0046    
Accumulated time: pickout 0.5432    decision 7.5346    set_bounds 0.1091    solve 7.2510    add 0.4071    
Current (lb-rhs): -0.006470203399658203
686 domains visited
Cumulative time: 16.806926012039185

BaB round 18
batch: 4
splitting decisions: 
split level 0: [/input-40, 1115] [/input-40, 6186] [/input-40, 6186] [/input-40, 6186] 
split level 1: [/input-40, 6204] [/input-40, 6204] [/input-40, 6204] [/input-40, 6204] 

all verified at 0th iter
pruning_in_iteration open status: False
ratio of positive domain = 16 / 16 = 1.0
pruning-in-iteration extra time: 0.0024590492248535156
Time: prepare 0.0008    bound 0.0285    transfer 0.0042    finalize 0.0131    func 0.0466    
Accumulated time: func 7.2964    prepare 0.0506    bound 6.1519    transfer 0.8075    finalize 0.2952    
Length of domains: 0
Time: pickout 0.0319    decision 0.1745    set_bounds 0.0012    solve 0.0466    add 0.0001    
Accumulated time: pickout 0.5751    decision 7.7091    set_bounds 0.1103    solve 7.2976    add 0.4072    
No domains left, verification finished!
Current (lb-rhs): 1.0000000116860974e-07
686 domains visited
Cumulative time: 17.06146550178528

Result: unsat
Time: 25.383363246917725

------------------------- COMMAND ------------------------------
/data1/Kane/miniconda3/envs/GenBaB/bin/python /data1/Kane/GenBaB/alpha-beta-CROWN/complete_verifier/abcrown.py --config /data1/Kane/GenBaB/alpha-beta-CROWN/complete_verifier/exp_configs/vnncomp24/cifar100.yaml --precompile_jit --onnx_path /data1/Kane/data/vnncomp2025_benchmarks/benchmarks/cifar100_2024/onnx/CIFAR100_resnet_large.onnx --vnnlib_path /data1/Kane/data/vnncomp2025_benchmarks/benchmarks/cifar100_2024/vnnlib/CIFAR100_resnet_large_prop_idx_6341_sidx_3142_eps_0.0039.vnnlib --results_file /data1/Kane/ACT/audit_results/abcrown_nopgd_20260525/cifar100_2024/0124__CIFAR100_resnet_large__CIFAR100_resnet_large_prop_idx_6341_sidx_3142_eps_0.0039.result --timeout 100.0 --save_adv_example --pgd_order=skip
----------------------------------------------------------------

