[0;93m2026-05-26 21:15:46.734200796 [W:onnxruntime:Default, device_discovery.cc:283 GetGpuDevices] Failed to detect devices under "/sys/class/drm/card0": device_discovery.cc:93 ReadFileContents Failed to open file: "/sys/class/drm/card0/device/vendor"[m
INFO     21:15:47     [tensor_storage.py:70] Hugepage enabled for branch-and-bound domains.
Configurations:

general:
  device: cuda
  seed: 100
  conv_mode: patches
  deterministic: false
  double_fp: false
  loss_reduction_func: sum
  sparse_alpha: true
  sparse_interm: true
  save_adv_example: true
  verify_onnxruntime_output: false
  eval_adv_example: false
  onnx_adv_example: false
  show_adv_example: false
  precompile_jit: true
  reset_seed_after_precompile: false
  prepare_only: false
  complete_verifier: bab
  enable_incomplete_verification: true
  csv_name: instances.csv
  results_file: /data1/Kane/ACT/audit_results/abcrown_nopgd_20260525/cifar100_2024/0145__CIFAR100_resnet_large__CIFAR100_resnet_large_prop_idx_1913_sidx_2767_eps_0.0039.result
  root_path: ../../vnncomp2025_benchmarks/benchmarks/cifar100_2024
  deterministic_opt: false
  graph_optimizer: 'Customized("custom_graph_optimizer", "default_optimizer")'
  buffer_has_batchdim: false
  save_output: false
  output_file: out.pkl
  return_optimized_model: false
  store_all_specs_on_cpu: false
  adhoc_tuning: null
model:
  name: null
  path: null
  onnx_path: /data1/Kane/data/vnncomp2025_benchmarks/benchmarks/cifar100_2024/onnx/CIFAR100_resnet_large.onnx
  onnx_path_prefix: ''
  cache_onnx_conversion: false
  debug_onnx: false
  onnx_quirks: null
  input_shape: null
  onnx_loader: default_onnx_and_vnnlib_loader
  onnx_optimization_flags: [merge_bn]
  onnx_vnnlib_joint_optimization_flags: none
  check_optimized: false
  flatten_final_output: false
  optimize_graph: null
  with_jacobian: false
data:
  start: 0
  end: 10000
  select_instance: null
  num_outputs: 10
  mean: 0.0
  std: 1.0
  pkl_path: null
  dataset: null
  data_filter_path: null
  data_idx_file: null
specification:
  type: lp
  robustness_type: verified-acc
  norm: .inf
  epsilon: null
  epsilon_min: 0.0
  vnnlib_path: /data1/Kane/data/vnncomp2025_benchmarks/benchmarks/cifar100_2024/vnnlib/CIFAR100_resnet_large_prop_idx_1913_sidx_2767_eps_0.0039.vnnlib
  vnnlib_path_prefix: ''
  shrink_eps: null
  rhs_offset: null
solver:
  batch_size: 256
  auto_enlarge_batch_size: true
  batched_crown_auto_enlarge_max_vram_ratio: 0.9
  min_batch_size_ratio: 0.1
  use_float64_in_last_iteration: false
  early_stop_patience: 10
  start_save_best: 0.5
  bound_prop_method: alpha-crown
  init_bound_prop_method: same
  prune_after_crown: true
  optimize_disjuncts_separately: false
  build_batch_size: 1000000
  skip_with_refined_bound: true
  forward_before_compute_bounds: false
  crown:
    batch_size: 1000000000
    max_crown_size: 1000000000
    activation_bound_option: adaptive
    compare_crown_with_ibp: false
  alpha-crown:
    alpha: true
    lr_alpha: 0.25
    iteration: 20
    share_alphas: false
    lr_decay: 0.98
    full_conv_alpha: false
    max_coeff_mul: .inf
    matmul_share_alphas: false
    disable_optimization: []
    max_time: 1.0
    alpha_dtype: float16
  invprop:
    apply_output_constraints_to: []
    tighten_input_bounds: false
    best_of_oc_and_no_oc: false
    directly_optimize: []
    oc_lr: 0.1
    share_gammas: false
  beta-crown:
    lr_alpha: 0.1
    lr_beta: 0.2
    lr_decay: 0.98
    optimizer: adam
    iteration: 10
    beta: true
    beta_warmup: true
    enable_opt_interm_bounds: false
    all_node_split_LP: false
  forward:
    refine: false
    max_dim: 10000
    reset_threshold: 1.0
  intermediate_refinement:
    enabled: false
    batch_size: 10
    opt_coeffs: false
    opt_bias: false
    lr: 0.05
    layers: [-1]
    max_domains: 1000
  mip:
    unstable_neuron_threshold: 0
    parallel_solvers: null
    solver_threads: 1
    refine_neuron_timeout: 15
    refine_neuron_time_percentage: 0.8
    early_stop: true
    adv_warmup: true
    mip_solver: gurobi
    skip_unsafe: false
    topk_filter: 1.0
    sliding_window: -1
    extra_constraint: false
    refine_neuron_timeout_increasement: 0
    timeout_neuron_percentage: 0.3
    remaining_timeout_threshold: 1
    remove_unstable_neurons: false
    lp_solver: false
bab:
  max_domains: .inf
  decision_thresh: 0
  timeout: 100.0
  timeout_scale: 1
  max_iterations: -1
  override_timeout: null
  get_upper_bound: false
  pruning_in_iteration: true
  pruning_in_iteration_ratio: 0.2
  sort_targets: false
  batched_domain_list: true
  optimized_interm: ''
  interm_transfer: true
  recompute_interm: false
  sort_domain_interval: -1
  vanilla_crown: false
  tree_traversal: depth_first
  hugetensor_allocator: true
  cut:
    enabled: false
    cuts_path: null
    implication: false
    bab_cut: false
    lp_cut: false
    method: null
    lr: 0.01
    lr_decay: 1.0
    iteration: 100
    bab_iteration: -1
    early_stop_patience: -1
    lr_beta: 0.02
    number_cuts: 50
    topk_cuts_in_filter: 1000
    batch_size_primal: 100
    max_num: 1000000000
    patches_cut: false
    cplex_cuts: false
    cplex_cuts_wait: 0
    cplex_cuts_revpickup: true
    cut_reference_bounds: true
    fix_intermediate_bounds: false
    _tmp_cuts: null
    fixed_cuts: false
    add_implied_cuts: false
    add_input_cuts: false
    biccos:
      enabled: false
      constraint_strengthening: true
      recursively_strengthening: false
      drop_ratio: 0.5
      verified_bonus: 0.3
      max_infer_iter: 20
      max_domain: 10000.0
      heuristic: neuron_influence_score
      save_biccos_cuts: false
      multi_tree_branching:
        enabled: false
        restore_best_tree: false
        keep_n_best_domains: 1
        k_splits: 1
        iterations: 1
  clip_n_verify:
    rearrange_constraints: false
    alpha_crown: false
    prune: false
    final_layer: false
    clip_input_domain:
      enabled: false
      clip_type: relaxed
      heuristic_K: 0.0
      clip_iterations: 1
      clip_calculate_volume_metrics: false
    clip_interm_domain:
      enabled: true
      with_input: false
      clip_in_alpha_crown: false
      topk_objective: 20
  branching:
    method: kfsb
    candidates: 7
    reduceop: max
    enable_intermediate_bound_opt: false
    branching_input_and_activation: false
    branching_input_and_activation_order: [input, relu]
    branching_input_iterations: 30
    branching_relu_iterations: 50
    nonlinear_split:
      method: bbps
      disable: false
      branching_point_method: uniform
      num_branches: 2
      filter: false
      filter_beta: false
      filter_clamp: false
      filter_batch_size: 10000
      filter_iterations: 25
      relu_only: false
      loose_tanh_threshold: null
      branching_point:
        db_path: branching_points.pt
        num_iterations: 1000
        batch_size: 1000000
        range_l: -5.0
        range_u: 5.0
        log_interval: 100
        step_size_1d: 0.01
        step_size: 0.2
    input_split:
      split_hint: null
      enable: false
      reorder_bab: false
      input_dim_threshold: 20
      adv_check: 0
      split_partitions: 2
      sb_margin_weight: 1.0
      sb_sum: false
      sb_primary_spec: null
      bf_backup_thresh: -1
      bf_rhs_offset: 0
      bf_iters: 1000000000.0
      bf_batch_size: 100000
      bf_zero_crossing_score: false
      touch_zero_score: 0
      ibp_enhancement: false
      compare_with_old_bounds: true
      update_rhs_with_attack: false
      sb_coeff_thresh: 0.001
      sort_index: null
      sort_descending: true
      show_progress: false
      presplit_domains: null
      skip_getting_worst_domain: false
  attack:
    enabled: false
    beam_candidates: 8
    beam_depth: 7
    max_dive_fix_ratio: 0.8
    min_local_free_ratio: 0.2
    mip_start_iteration: 5
    mip_timeout: 30.0
    adv_pool_threshold: null
    refined_mip_attacker: false
    refined_batch_size: null
attack:
  general_attack: true
  pgd_order: skip
  pgd_steps: 100
  pgd_restarts: 10
  pgd_batch_size: 100000000
  pgd_early_stop: true
  pgd_lr_decay: 0.99
  pgd_alpha: auto
  pgd_alpha_scale: false
  pgd_loss_mode: null
  pgd_restart_when_stuck: false
  enable_mip_attack: false
  adv_saver: default_adv_saver
  adv_verifier: default_adv_verifier
  early_stop_condition: default_early_stop_condition
  adv_example_finalizer: default_adv_example_finalizer
  pgd_loss: default_pgd_loss
  cex_path: ./test_cex.txt
  attack_mode: PGD
  attack_tolerance: 0.0
  attack_func: attack_with_general_specs
  gama_lambda: 10.0
  gama_decay: 0.9
  input_split:
    pgd_steps: 100
    pgd_restarts: 30
    pgd_alpha: auto
  input_split_check_adv:
    enabled: auto
    pgd_steps: 5
    pgd_restarts: 5
    pgd_alpha: auto
    max_num_domains: 10
debug:
  view_model: false
  lp_test: null
  rescale_vnnlib_ptb: null
  test_optimized_bounds: false
  test_optimized_bounds_after_n_iterations: 0
  print_verbose_decisions: false
  sanity_check: null
  save_minimal_config: null
  save_minimal_config_omit_keys: []
/data1/Kane/alpha-beta-CROWN_vnncomp2025/complete_verifier/read_vnnlib.py:184: DeprecationWarning: numpy.core.numeric is deprecated and has been renamed to numpy._core.numeric. The numpy._core namespace contains private NumPy internals and its use is discouraged, as NumPy internals can change without warning in any release. In practice, most real-world usage of numpy.core is to access functionality in the public NumPy API. If that is the case, use the public NumPy API. If not, you are using NumPy internals. If you would still like to access an internal attribute, use numpy._core.numeric._frombuffer.
  final_rv, old_file_sha256 = pickle.load(extf)
/data1/Kane/miniconda3/envs/abcrown25/lib/python3.11/site-packages/onnx2pytorch/convert/model.py:151: UserWarning: Using experimental implementation that allows 'batch_size > 1'.Batchnorm layers could potentially produce false outputs.
  warnings.warn(
/data1/Kane/miniconda3/envs/abcrown25/lib/python3.11/site-packages/onnx2pytorch/utils.py:21: TracerWarning: Converting a tensor to a Python boolean might cause the trace to be incorrect. We can't record the data flow of Python values, so this value will be treated as a constant in the future. This means that the trace might not generalize to other inputs!
  return value.ndim == 0 or value.shape == torch.Size([1])
/data1/Kane/miniconda3/envs/abcrown25/lib/python3.11/site-packages/onnx2pytorch/operations/add.py:34: TracerWarning: Converting a tensor to a Python boolean might cause the trace to be incorrect. We can't record the data flow of Python values, so this value will be treated as a constant in the future. This means that the trace might not generalize to other inputs!
  elif all(x == 1 for x in input[0].shape):

Experiments at Tue May 26 21:15:47 2026 on dell-pro-max-tower-t2
Pre-compile jit kernels on a toy network...
JIT kernels compiled in 1.5346s.
Internal results will be saved to /data1/Kane/ACT/audit_results/abcrown_nopgd_20260525/cifar100_2024/0145__CIFAR100_resnet_large__CIFAR100_resnet_large_prop_idx_1913_sidx_2767_eps_0.0039.result.

 %%%%%%%%%%%%%%%%%%%%%%%%%%%%%%%%%%% idx: 0, vnnlib ID: 0 %%%%%%%%%%%%%%%%%%%%%%%%%%%%%%%%%%%
Using onnx /data1/Kane/data/vnncomp2025_benchmarks/benchmarks/cifar100_2024/onnx/CIFAR100_resnet_large.onnx
Using vnnlib /data1/Kane/data/vnncomp2025_benchmarks/benchmarks/cifar100_2024/vnnlib/CIFAR100_resnet_large_prop_idx_1913_sidx_2767_eps_0.0039.vnnlib
Precompiled vnnlib file found at /data1/Kane/data/vnncomp2025_benchmarks/benchmarks/cifar100_2024/vnnlib/CIFAR100_resnet_large_prop_idx_1913_sidx_2767_eps_0.0039.vnnlib.compiled
Loading onnx /data1/Kane/data/vnncomp2025_benchmarks/benchmarks/cifar100_2024/onnx/CIFAR100_resnet_large.onnx with quirks {}
Onnx optimization with flags: ['merge_bn']
Found existed optimized onnx model at /data1/Kane/data/vnncomp2025_benchmarks/benchmarks/cifar100_2024/onnx/CIFAR100_resnet_large.onnx.optimized
Finished onnx model loading in 0.1182 seconds
Finished vnnlib processing in 0.048203 seconds
Model: BoundedModule(
  (/input-1): BoundInput(name=/input-1, inputs=[], perturbed=True)
  (/45): BoundParams(name=/45, inputs=[], perturbed=False)
  (/46): BoundParams(name=/46, inputs=[], perturbed=False)
  (/47): BoundParams(name=/47, inputs=[], perturbed=False)
  (/48): BoundParams(name=/48, inputs=[], perturbed=False)
  (/49): BoundParams(name=/49, inputs=[], perturbed=False)
  (/50): BoundParams(name=/50, inputs=[], perturbed=False)
  (/51): BoundParams(name=/51, inputs=[], perturbed=False)
  (/52): BoundParams(name=/52, inputs=[], perturbed=False)
  (/53): BoundParams(name=/53, inputs=[], perturbed=False)
  (/54): BoundParams(name=/54, inputs=[], perturbed=False)
  (/55): BoundParams(name=/55, inputs=[], perturbed=False)
  (/56): BoundParams(name=/56, inputs=[], perturbed=False)
  (/57): BoundParams(name=/57, inputs=[], perturbed=False)
  (/58): BoundParams(name=/58, inputs=[], perturbed=False)
  (/59): BoundParams(name=/59, inputs=[], perturbed=False)
  (/60): BoundParams(name=/60, inputs=[], perturbed=False)
  (/61): BoundParams(name=/61, inputs=[], perturbed=False)
  (/62): BoundParams(name=/62, inputs=[], perturbed=False)
  (/63): BoundParams(name=/63, inputs=[], perturbed=False)
  (/64): BoundParams(name=/64, inputs=[], perturbed=False)
  (/65): BoundParams(name=/65, inputs=[], perturbed=False)
  (/66): BoundParams(name=/66, inputs=[], perturbed=False)
  (/67): BoundParams(name=/67, inputs=[], perturbed=False)
  (/68): BoundParams(name=/68, inputs=[], perturbed=False)
  (/69): BoundParams(name=/69, inputs=[], perturbed=False)
  (/70): BoundParams(name=/70, inputs=[], perturbed=False)
  (/71): BoundParams(name=/71, inputs=[], perturbed=False)
  (/72): BoundParams(name=/72, inputs=[], perturbed=False)
  (/73): BoundParams(name=/73, inputs=[], perturbed=False)
  (/74): BoundParams(name=/74, inputs=[], perturbed=False)
  (/75): BoundParams(name=/75, inputs=[], perturbed=False)
  (/76): BoundParams(name=/76, inputs=[], perturbed=False)
  (/77): BoundParams(name=/77, inputs=[], perturbed=False)
  (/78): BoundParams(name=/78, inputs=[], perturbed=False)
  (/79): BoundParams(name=/79, inputs=[], perturbed=False)
  (/80): BoundParams(name=/80, inputs=[], perturbed=False)
  (/81): BoundParams(name=/81, inputs=[], perturbed=False)
  (/82): BoundParams(name=/82, inputs=[], perturbed=False)
  (/83): BoundParams(name=/83, inputs=[], perturbed=False)
  (/84): BoundParams(name=/84, inputs=[], perturbed=False)
  (/85): BoundParams(name=/85, inputs=[], perturbed=False)
  (/86): BoundParams(name=/86, inputs=[], perturbed=False)
  (/87): BoundParams(name=/87, inputs=[], perturbed=False)
  (/88): BoundParams(name=/88, inputs=[], perturbed=False)
  (/input): BoundConv(name=/input, inputs=[/input-1, /45, /46], perturbed=True)
  (/input-4): BoundRelu(name=/input-4, inputs=[/input], perturbed=True)
  (/input-8): BoundConv(name=/input-8, inputs=[/input-4, /47, /48], perturbed=True)
  (/input-12): BoundRelu(name=/input-12, inputs=[/input-8], perturbed=True)
  (/93): BoundConv(name=/93, inputs=[/input-12, /49, /50], perturbed=True)
  (/94): BoundAdd(name=/94, inputs=[/93, /input-4], perturbed=True)
  (/input-16): BoundConv(name=/input-16, inputs=[/94, /51, /52], perturbed=True)
  (/input-20): BoundRelu(name=/input-20, inputs=[/input-16], perturbed=True)
  (/97): BoundConv(name=/97, inputs=[/input-20, /53, /54], perturbed=True)
  (/98): BoundAdd(name=/98, inputs=[/97, /94], perturbed=True)
  (/input-24): BoundConv(name=/input-24, inputs=[/98, /55, /56], perturbed=True)
  (/input-28): BoundRelu(name=/input-28, inputs=[/input-24], perturbed=True)
  (/101): BoundConv(name=/101, inputs=[/input-28, /57, /58], perturbed=True)
  (/102): BoundConv(name=/102, inputs=[/98, /59, /60], perturbed=True)
  (/103): BoundAdd(name=/103, inputs=[/101, /102], perturbed=True)
  (/input-32): BoundConv(name=/input-32, inputs=[/103, /61, /62], perturbed=True)
  (/input-36): BoundRelu(name=/input-36, inputs=[/input-32], perturbed=True)
  (/106): BoundConv(name=/106, inputs=[/input-36, /63, /64], perturbed=True)
  (/107): BoundAdd(name=/107, inputs=[/106, /103], perturbed=True)
  (/input-40): BoundConv(name=/input-40, inputs=[/107, /65, /66], perturbed=True)
  (/input-44): BoundRelu(name=/input-44, inputs=[/input-40], perturbed=True)
  (/110): BoundConv(name=/110, inputs=[/input-44, /67, /68], perturbed=True)
  (/111): BoundConv(name=/111, inputs=[/107, /69, /70], perturbed=True)
  (/112): BoundAdd(name=/112, inputs=[/110, /111], perturbed=True)
  (/input-48): BoundConv(name=/input-48, inputs=[/112, /71, /72], perturbed=True)
  (/input-52): BoundRelu(name=/input-52, inputs=[/input-48], perturbed=True)
  (/115): BoundConv(name=/115, inputs=[/input-52, /73, /74], perturbed=True)
  (/116): BoundAdd(name=/116, inputs=[/115, /112], perturbed=True)
  (/input-56): BoundConv(name=/input-56, inputs=[/116, /75, /76], perturbed=True)
  (/input-60): BoundRelu(name=/input-60, inputs=[/input-56], perturbed=True)
  (/119): BoundConv(name=/119, inputs=[/input-60, /77, /78], perturbed=True)
  (/120): BoundConv(name=/120, inputs=[/116, /79, /80], perturbed=True)
  (/121): BoundAdd(name=/121, inputs=[/119, /120], perturbed=True)
  (/input-64): BoundConv(name=/input-64, inputs=[/121, /81, /82], perturbed=True)
  (/input-68): BoundRelu(name=/input-68, inputs=[/input-64], perturbed=True)
  (/124): BoundConv(name=/124, inputs=[/input-68, /83, /84], perturbed=True)
  (/125): BoundAdd(name=/125, inputs=[/124, /121], perturbed=True)
  (/126): BoundFlatten(name=/126, inputs=[/125], perturbed=True)
  (/input-72): BoundLinear(name=/input-72, inputs=[/126, /85, /86], perturbed=True)
  (/128): BoundRelu(name=/128, inputs=[/input-72], perturbed=True)
  (/129): BoundLinear(name=/129, inputs=[/128, /87, /88], perturbed=True)
)
Original output in the first batch: tensor([[-10.76625061,  -6.23020267,  -5.26303196,  -7.44529152,  -4.99170637,
          -7.04916143,  -6.16118240,  -6.99144602,  -5.65717649,  -7.74901056,
          -4.85700464,  -6.30984592,  -7.40338516,  -8.26249123,  -6.72130299,
          -6.49777699,  -7.22407818,  -8.89982510,  -6.10632706,  -8.10734081,
         -10.09913063,  -6.43919659,  -3.13507652,  -6.82114077,  -8.64852047,
          -5.67552328,  -4.88000870,  -3.53503275,  -4.71294641,  -3.88418174,
          -6.98582649,  -8.56123734,  -5.83408070,  -7.68103981,  -5.94746399,
          -6.53037310,  -6.83143854,  -7.54791594,  -4.58846331,  -6.03729916,
          -6.05969667, -10.73566055,  -2.96381140,  -5.41107273,  -4.02592278,
          -3.39615822,  -6.11883545, -10.42321968,  -8.67244244,  -7.96460152,
          -3.19647622,  -7.01122618, -11.35866165, -14.56483936,  -6.27711248,
          -5.18759823,  -7.55924797,  -7.64952660,  -9.57805061,  -9.22725201,
         -12.01864433,  -6.14277983, -10.45658302,  -4.27705002,  -1.21257961,
          -3.60533428,  -4.07903814,  -3.44966412,  -9.33752632,  -7.29109669,
          -9.04319286,  -9.70020962,  -4.94048882,  -4.75302553,  -4.09502935,
          -8.80011559,  -7.80733919,  -5.27714443,  -4.87374163,  -2.68172288,
          -4.78197241,  -8.72687912, -11.69098854, -10.88600254,  -6.82973433,
          -5.18531370,  -4.75824976,  -7.92764473,  -4.67667723,  -7.16199160,
          -7.91659784,  -6.04863548,  -8.24095058,  -3.33343673,  -9.83458424,
         -11.38657761,  -8.46575737,  -3.16937733,  -6.22094536,  -5.47677612]],
       device='cuda:0')
Split layers:
Nonlinear functions:
   BoundRelu(name=/input-4, inputs=[/input], perturbed=True)
   BoundRelu(name=/input-12, inputs=[/input-8], perturbed=True)
   BoundRelu(name=/input-20, inputs=[/input-16], perturbed=True)
   BoundRelu(name=/input-28, inputs=[/input-24], perturbed=True)
   BoundRelu(name=/input-36, inputs=[/input-32], perturbed=True)
   BoundRelu(name=/input-44, inputs=[/input-40], perturbed=True)
   BoundRelu(name=/input-52, inputs=[/input-48], perturbed=True)
   BoundRelu(name=/input-60, inputs=[/input-56], perturbed=True)
   BoundRelu(name=/input-68, inputs=[/input-64], perturbed=True)
   BoundRelu(name=/128, inputs=[/input-72], perturbed=True)
build batch [1/1]
layer /input-4 using sparse-features alpha with shape [637]; unstable size 637; total size 65536 ([1, 64, 32, 32])
layer /input-4 start_node /input-8 using sparse-spec alpha [2, 50, 1, 637] with unstable size 49 total_size 64 output_shape 64
layer /input-4 start_node /input-24 using sparse-spec alpha [2, 45, 1, 637] with unstable size 44 total_size 128 output_shape 128
layer /input-4 start_node /input-40 using sparse-spec alpha [2, 65, 1, 637] with unstable size 64 total_size 128 output_shape 128
layer /input-4 start_node /input-72 using sparse-spec alpha [2, 34, 1, 637] with unstable size 33 total_size 100 output_shape torch.Size([100])
layer /input-4 start_node /129 using full alpha [2, 99, 1, 637] with unstable size None total_size 99 output_shape 99
layer /input-12 using sparse-features alpha with shape [1340]; unstable size 1340; total size 65536 ([1, 64, 32, 32])
layer /input-12 start_node /input-24 using sparse-spec alpha [2, 45, 1, 1340] with unstable size 44 total_size 128 output_shape 128
layer /input-12 start_node /input-40 using sparse-spec alpha [2, 65, 1, 1340] with unstable size 64 total_size 128 output_shape 128
layer /input-12 start_node /input-72 using sparse-spec alpha [2, 34, 1, 1340] with unstable size 33 total_size 100 output_shape torch.Size([100])
layer /input-12 start_node /129 using full alpha [2, 99, 1, 1340] with unstable size None total_size 99 output_shape 99
layer /input-20 using sparse-features alpha with shape [0]; unstable size 0; total size 65536 ([1, 64, 32, 32])
layer /input-20 start_node /input-24 using sparse-spec alpha [2, 45, 1, 0] with unstable size 44 total_size 128 output_shape 128
layer /input-20 start_node /input-40 using sparse-spec alpha [2, 65, 1, 0] with unstable size 64 total_size 128 output_shape 128
layer /input-20 start_node /input-72 using sparse-spec alpha [2, 34, 1, 0] with unstable size 33 total_size 100 output_shape torch.Size([100])
layer /input-20 start_node /129 using full alpha [2, 99, 1, 0] with unstable size None total_size 99 output_shape 99
layer /input-28 using sparse-features alpha with shape [288]; unstable size 288; total size 32768 ([1, 128, 16, 16])
layer /input-28 start_node /input-40 using sparse-spec alpha [2, 65, 1, 288] with unstable size 64 total_size 128 output_shape 128
layer /input-28 start_node /input-72 using sparse-spec alpha [2, 34, 1, 288] with unstable size 33 total_size 100 output_shape torch.Size([100])
layer /input-28 start_node /129 using full alpha [2, 99, 1, 288] with unstable size None total_size 99 output_shape 99
layer /input-36 using sparse-features alpha with shape [0]; unstable size 0; total size 32768 ([1, 128, 16, 16])
layer /input-36 start_node /input-40 using sparse-spec alpha [2, 65, 1, 0] with unstable size 64 total_size 128 output_shape 128
layer /input-36 start_node /input-72 using sparse-spec alpha [2, 34, 1, 0] with unstable size 33 total_size 100 output_shape torch.Size([100])
layer /input-36 start_node /129 using full alpha [2, 99, 1, 0] with unstable size None total_size 99 output_shape 99
layer /input-44 using sparse-features alpha with shape [254]; unstable size 254; total size 8192 ([1, 128, 8, 8])
layer /input-44 start_node /input-72 using sparse-spec alpha [2, 34, 1, 254] with unstable size 33 total_size 100 output_shape torch.Size([100])
layer /input-44 start_node /129 using full alpha [2, 99, 1, 254] with unstable size None total_size 99 output_shape 99
layer /input-52 using sparse-features alpha with shape [0]; unstable size 0; total size 8192 ([1, 128, 8, 8])
layer /input-52 start_node /input-72 using sparse-spec alpha [2, 34, 1, 0] with unstable size 33 total_size 100 output_shape torch.Size([100])
layer /input-52 start_node /129 using full alpha [2, 99, 1, 0] with unstable size None total_size 99 output_shape 99
layer /input-60 using sparse-features alpha with shape [0]; unstable size 0; total size 4096 ([1, 256, 4, 4])
layer /input-60 start_node /input-72 using sparse-spec alpha [2, 34, 1, 0] with unstable size 33 total_size 100 output_shape torch.Size([100])
layer /input-60 start_node /129 using full alpha [2, 99, 1, 0] with unstable size None total_size 99 output_shape 99
layer /input-68 using sparse-features alpha with shape [0]; unstable size 0; total size 4096 ([1, 256, 4, 4])
layer /input-68 start_node /input-72 using sparse-spec alpha [2, 34, 1, 0] with unstable size 33 total_size 100 output_shape torch.Size([100])
layer /input-68 start_node /129 using full alpha [2, 99, 1, 0] with unstable size None total_size 99 output_shape 99
layer /128 using sparse-features alpha with shape [33]; unstable size 33; total size 100 ([1, 100])
layer /128 start_node /129 using full alpha [2, 99, 1, 33] with unstable size None total_size 99 output_shape 99
Optimizable variables initialized.
initial CROWN bounds (first 10 items): [7.902130126953125, 2.885800838470459, 2.024080276489258, 4.661769390106201, 2.3700664043426514, 3.02579927444458, 2.9877538681030273, 3.3524415493011475, 1.7219018936157227, 3.8195242881774902]
prune_after_crown optimization in use
  original spec size = torch.Size([1, 99])
  pruned spec size = torch.Size([1, 3])
Using alpha-CROWN with output constraints to initialize bounds.
best_l after optimization: -0.7497328519821167
alpha/beta optimization time: 5.507463693618774
initial alpha-crown bounds (first 10 items): [-0.04856085777282715, -0.19317567348480225, -0.5079963207244873]
Global lower bound: -0.5079963207244873
torch.Size([1, 3])
Initializing Domain Clipper...
Processing layer: /input, input name: /input-1
Layer: /input
    lA is a Patch object with shape torch.Size([637, 1, 3, 3, 3]), transferring to matrix.
    lA transfered from Patch with shape: torch.Size([1, 637, 3, 32, 32])
    uA is a Patch object with shape torch.Size([637, 1, 3, 3, 3]), transferring to matrix.
    uA transfered from Patch with shape: torch.Size([1, 637, 3, 32, 32])
    lbias with shape: torch.Size([1, 637])
    ubias with shape: torch.Size([1, 637])
Processing layer: /input-8, input name: /input-1
Layer: /input-8
    lA is a Patch object with shape torch.Size([1338, 1, 3, 5, 5]), transferring to matrix.
    lA transfered from Patch with shape: torch.Size([1, 1338, 3, 32, 32])
    uA is a Patch object with shape torch.Size([1338, 1, 3, 5, 5]), transferring to matrix.
    uA transfered from Patch with shape: torch.Size([1, 1338, 3, 32, 32])
    lbias with shape: torch.Size([1, 1338])
    ubias with shape: torch.Size([1, 1338])
Processing layer: /input-24, input name: /input-1
Layer: /input-24
    lA is a Patch object with shape torch.Size([282, 1, 3, 13, 13]), transferring to matrix.
    lA transfered from Patch with shape: torch.Size([1, 282, 3, 32, 32])
    uA is a Patch object with shape torch.Size([282, 1, 3, 13, 13]), transferring to matrix.
    uA transfered from Patch with shape: torch.Size([1, 282, 3, 32, 32])
    lbias with shape: torch.Size([1, 282])
    ubias with shape: torch.Size([1, 282])
Processing layer: /input-40, input name: /input-1
Layer: /input-40
    lA is a Patch object with shape torch.Size([242, 1, 3, 29, 29]), transferring to matrix.
    lA transfered from Patch with shape: torch.Size([1, 242, 3, 32, 32])
    uA is a Patch object with shape torch.Size([242, 1, 3, 29, 29]), transferring to matrix.
    uA transfered from Patch with shape: torch.Size([1, 242, 3, 32, 32])
    lbias with shape: torch.Size([1, 242])
    ubias with shape: torch.Size([1, 242])
Processing layer: /input-72, input name: /input-1
Layer: /input-72/data1/Kane/alpha-beta-CROWN_vnncomp2025/complete_verifier/auto_LiRPA/concretize_func.py:577: UserWarning: torch.searchsorted(): input value tensor is non-contiguous, this will lower the performance due to extra data copy when converting non-contiguous tensor to contiguous, please use contiguous input value tensor if possible. This message will only appear once per program. (Triggered internally at /pytorch/aten/src/ATen/native/BucketizationUtils.h:32.)
  optimal_beta = _solve_dual_var(constr_a_solve, object_a_solve, constr_d_solve, epsilon_solve) # shape (B_act, H_act)

    lA with shape: torch.Size([1, 32, 3, 32, 32])
    uA with shape: torch.Size([1, 32, 3, 32, 32])
    lbias with shape: torch.Size([1, 32])
    ubias with shape: torch.Size([1, 32])
Processing layer: /129, input name: /input-1
Domain Clipper Initialized in 0.0004000663757324219 s.
96 / 99 OR specs are verified.
Verified OR indices (first 10 items): [0, 1, 2, 3, 4, 5, 6, 7, 8, 9]
Verified OR lbs (first 10 items): [[inf], [inf], [inf], [inf], [inf], [inf], [inf], [inf], [inf], [inf]]
Unverified OR indices (first 10 items): [22, 42, 78]
Unverified OR lbs (first 10 items): [[-0.04856085777282715], [-0.19317567348480225], [-0.5079963207244873]]
###### Verifying property Instance 0 ######
Batch size: 3
First 10 spec matrices
C: tensor([[[ 0.,  0.,  0.,  0.,  0.,  0.,  0.,  0.,  0.,  0.,  0.,  0.,  0.,  0.,
           0.,  0.,  0.,  0.,  0.,  0.,  0.,  0., -1.,  0.,  0.,  0.,  0.,  0.,
           0.,  0.,  0.,  0.,  0.,  0.,  0.,  0.,  0.,  0.,  0.,  0.,  0.,  0.,
           0.,  0.,  0.,  0.,  0.,  0.,  0.,  0.,  0.,  0.,  0.,  0.,  0.,  0.,
           0.,  0.,  0.,  0.,  0.,  0.,  0.,  0.,  1.,  0.,  0.,  0.,  0.,  0.,
           0.,  0.,  0.,  0.,  0.,  0.,  0.,  0.,  0.,  0.,  0.,  0.,  0.,  0.,
           0.,  0.,  0.,  0.,  0.,  0.,  0.,  0.,  0.,  0.,  0.,  0.,  0.,  0.,
           0.,  0.]],

        [[ 0.,  0.,  0.,  0.,  0.,  0.,  0.,  0.,  0.,  0.,  0.,  0.,  0.,  0.,
           0.,  0.,  0.,  0.,  0.,  0.,  0.,  0.,  0.,  0.,  0.,  0.,  0.,  0.,
           0.,  0.,  0.,  0.,  0.,  0.,  0.,  0.,  0.,  0.,  0.,  0.,  0.,  0.,
          -1.,  0.,  0.,  0.,  0.,  0.,  0.,  0.,  0.,  0.,  0.,  0.,  0.,  0.,
           0.,  0.,  0.,  0.,  0.,  0.,  0.,  0.,  1.,  0.,  0.,  0.,  0.,  0.,
           0.,  0.,  0.,  0.,  0.,  0.,  0.,  0.,  0.,  0.,  0.,  0.,  0.,  0.,
           0.,  0.,  0.,  0.,  0.,  0.,  0.,  0.,  0.,  0.,  0.,  0.,  0.,  0.,
           0.,  0.]],

        [[ 0.,  0.,  0.,  0.,  0.,  0.,  0.,  0.,  0.,  0.,  0.,  0.,  0.,  0.,
           0.,  0.,  0.,  0.,  0.,  0.,  0.,  0.,  0.,  0.,  0.,  0.,  0.,  0.,
           0.,  0.,  0.,  0.,  0.,  0.,  0.,  0.,  0.,  0.,  0.,  0.,  0.,  0.,
           0.,  0.,  0.,  0.,  0.,  0.,  0.,  0.,  0.,  0.,  0.,  0.,  0.,  0.,
           0.,  0.,  0.,  0.,  0.,  0.,  0.,  0.,  1.,  0.,  0.,  0.,  0.,  0.,
           0.,  0.,  0.,  0.,  0.,  0.,  0.,  0.,  0., -1.,  0.,  0.,  0.,  0.,
           0.,  0.,  0.,  0.,  0.,  0.,  0.,  0.,  0.,  0.,  0.,  0.,  0.,  0.,
           0.,  0.]]], device='cuda:0')
RHS: tensor([[0.],
        [0.],
        [0.]], device='cuda:0')
OR spec sizes: tensor([1, 1, 1], device='cuda:0', dtype=torch.int32)
Remaining timeout: 92.82910895347595
Model prediction is: tensor([-10.76625061,  -6.23020267,  -5.26303196,  -7.44529152,  -4.99170637,
         -7.04916143,  -6.16118240,  -6.99144602,  -5.65717649,  -7.74901056,
         -4.85700464,  -6.30984592,  -7.40338516,  -8.26249123,  -6.72130299,
         -6.49777699,  -7.22407818,  -8.89982510,  -6.10632706,  -8.10734081,
        -10.09913063,  -6.43919659,  -3.13507652,  -6.82114077,  -8.64852047,
         -5.67552328,  -4.88000870,  -3.53503275,  -4.71294641,  -3.88418174,
         -6.98582649,  -8.56123734,  -5.83408070,  -7.68103981,  -5.94746399,
         -6.53037310,  -6.83143854,  -7.54791594,  -4.58846331,  -6.03729916,
         -6.05969667, -10.73566055,  -2.96381140,  -5.41107273,  -4.02592278,
         -3.39615822,  -6.11883545, -10.42321968,  -8.67244244,  -7.96460152,
         -3.19647622,  -7.01122618, -11.35866165, -14.56483936,  -6.27711248,
         -5.18759823,  -7.55924797,  -7.64952660,  -9.57805061,  -9.22725201,
        -12.01864433,  -6.14277983, -10.45658302,  -4.27705002,  -1.21257961,
         -3.60533428,  -4.07903814,  -3.44966412,  -9.33752632,  -7.29109669,
         -9.04319286,  -9.70020962,  -4.94048882,  -4.75302553,  -4.09502935,
         -8.80011559,  -7.80733919,  -5.27714443,  -4.87374163,  -2.68172288,
         -4.78197241,  -8.72687912, -11.69098854, -10.88600254,  -6.82973433,
         -5.18531370,  -4.75824976,  -7.92764473,  -4.67667723,  -7.16199160,
         -7.91659784,  -6.04863548,  -8.24095058,  -3.33343673,  -9.83458424,
        -11.38657761,  -8.46575737,  -3.16937733,  -6.22094536,  -5.47677612],
       device='cuda:0')
Activation BaB batch 1/1 
build_with_refined_bounds batch [1/1]
Optimizable variables initialized.
all alpha initialized
directly get lb and ub from refined bounds
c shape: torch.Size([3, 1, 100])
lA shapes: [torch.Size([3, 1, 64, 32, 32]), torch.Size([3, 1, 64, 32, 32]), torch.Size([3, 1, 64, 32, 32]), torch.Size([3, 1, 128, 16, 16]), torch.Size([3, 1, 128, 16, 16]), torch.Size([3, 1, 128, 8, 8]), torch.Size([3, 1, 128, 8, 8]), torch.Size([3, 1, 256, 4, 4]), torch.Size([3, 1, 256, 4, 4]), torch.Size([3, 1, 100])]
torch.Size([3, 1])
(alpha-)CROWN with fixed intermediate bounds: tensor([[-0.04856086],
        [-0.19317567],
        [-0.50799632]], device='cuda:0') tensor([[inf],
        [inf],
        [inf]], device='cuda:0')
Intermediate layers: /input,/input-8,/input-16,/input-24,/input-32,/input-40,/input-48,/input-56,/input-64,/input-72
Keeping alphas for these layers: ['/129']
Node /input-4 input 0: size torch.Size([64, 32, 32]) unstable 637
Node /input-12 input 0: size torch.Size([64, 32, 32]) unstable 1338
Node /input-20 input 0: size torch.Size([64, 32, 32]) unstable 0
Node /input-28 input 0: size torch.Size([128, 16, 16]) unstable 282
Node /input-36 input 0: size torch.Size([128, 16, 16]) unstable 0
Node /input-44 input 0: size torch.Size([128, 8, 8]) unstable 242
Node /input-52 input 0: size torch.Size([128, 8, 8]) unstable 0
Node /input-60 input 0: size torch.Size([256, 4, 4]) unstable 0
Node /input-68 input 0: size torch.Size([256, 4, 4]) unstable 0
Node /128 input 0: size torch.Size([100]) unstable 32
-----------------
# of unstable neurons: 2531
-----------------

Unstable Index Updated for Domain Clipper
BaB round 1
batch: 3
splitting decisions: 
split level 0: [/input-72, 77] [/input-72, 77] [/input-72, 77] 
split level 1: [/input-72, 27] [/input-72, 15] [/input-72, 25] 
split level 2: [/input-72, 22] [/input-72, 22] [/input-72, 15] 
Objective masks generated with topk: 20 objectives.
Use all histories
 layer: /input
    lower bounds improved: average # 201.66666666666666, value 1.1992951234181723e-05
    upper bounds improved: average # 216.0, value -1.391520102818807e-05
 layer: /input-8
    lower bounds improved: average # 358.3333333333333, value 2.1801330149173737e-05
    upper bounds improved: average # 379.0, value -2.2797224422295887e-05
 layer: /input-24
    lower bounds improved: average # 20.0, value 1.1604279279708862e-06
    upper bounds improved: average # 36.0, value -2.290432651837667e-06
 layer: /input-40
    lower bounds improved: average # 40.25, value 0.0019347512473662694
    upper bounds improved: average # 43.75, value -0.00736304372549057
 layer: /input-72
    lower bounds improved: average # 18.666666666666668, value 0.6907461484273275
    upper bounds improved: average # 17.291666666666668, value -0.7086739540100098
Time: init 0.0023    concretize 0.0052    
Accumulated time: init 0.0231    concretize 0.1334    
Time: get_constraints 0.0223    concretize_interm_bounds 0.1339    update_interm_bounds 0.0648    optimize_interm_bounds 0.2210    
Accumulated time: optimize_interm_bounds 0.2210    get_constraints 0.0223    concretize_interm_bounds 0.1339    update_interm_bounds 0.0648    
best_l after optimization: 2.61318302154541
beta sum per layer: [0.0, 0.0, 0.0, 0.0, 0.0, 0.0, 0.0, 0.0, 0.0, 3.858525037765503]
alpha/beta optimization time: 0.5751814842224121
pruning_in_iteration open status: True
ratio of positive domain = 21 / 24 = 0.875
pruning-in-iteration extra time: 0.022781848907470703
torch.Size([24, 1])
Time: prepare 0.0009    bound 0.7988    transfer 0.0107    finalize 0.0007    func 0.8111    
Accumulated time: func 0.8111    prepare 0.0467    bound 0.7988    transfer 0.0107    finalize 0.0007    
max lb tensor(9.99999975e-05) min lb tensor(-0.42745066)
Number of Verified Splits: 21 of 24
Current worst splitting domains lb-rhs (depth):
-0.42745 (3), -0.09376 (3), -0.06599 (3), 
Length of domains: 3
Current (lb-rhs): -0.42745065689086914
3 domains visited
Time: pickout 0.0014    decision 0.3882    set_bounds 0.0020    solve 0.8118    add 0.0021    
Accumulated time: pickout 0.0014    decision 0.3882    set_bounds 0.0020    solve 0.8118    add 0.0021    
Cumulative time: 1.293553352355957

BaB round 2
batch: 3
splitting decisions: 
split level 0: [/input-72, 26] [/input-72, 26] [/input-72, 27] 
split level 1: [/input-72, 52] [/input-72, 52] [/input-72, 9] 
split level 2: [/input-40, 4316] [/input-40, 4316] [/input-40, 2476] 
Objective masks generated with topk: 20 objectives.
Use all histories
 layer: /input
    lower bounds improved: average # 202.0, value 1.2017786502838135e-05
    upper bounds improved: average # 215.33333333333334, value -1.3725211222966513e-05
 layer: /input-8
    lower bounds improved: average # 357.6666666666667, value 2.177152782678604e-05
    upper bounds improved: average # 379.0, value -2.28642796476682e-05
 layer: /input-24
    lower bounds improved: average # 20.333333333333332, value 6.9818149010340376e-06
    upper bounds improved: average # 36.5, value -2.4891148010889688e-06
 layer: /input-40
    lower bounds improved: average # 43.666666666666664, value 0.008735710134108862
    upper bounds improved: average # 45.916666666666664, value -0.011610968659321467
 layer: /input-72
    lower bounds improved: average # 18.666666666666668, value 0.9311930338541666
    upper bounds improved: average # 17.291666666666668, value -0.9510382016499838
Time: init 0.0023    concretize 0.0058    
Accumulated time: init 0.0465    concretize 0.2089    
Time: get_constraints 0.0223    concretize_interm_bounds 0.0761    update_interm_bounds 0.0625    optimize_interm_bounds 0.1608    
Accumulated time: optimize_interm_bounds 0.3818    get_constraints 0.0446    concretize_interm_bounds 0.2100    update_interm_bounds 0.1272    
best_l after optimization: 0.6388921141624451
beta sum per layer: [0.0, 0.0, 0.0, 0.0, 0.0, 0.6789010763168335, 0.0, 0.0, 0.0, 11.041589736938477]
alpha/beta optimization time: 0.4177532196044922
pruning_in_iteration open status: True
ratio of positive domain = 19 / 24 = 0.7916666666666666
pruning-in-iteration extra time: 0.02624654769897461
torch.Size([24, 1])
Time: prepare 0.0033    bound 0.5812    transfer 0.0241    finalize 0.0009    func 0.6096    
Accumulated time: func 1.4207    prepare 0.0793    bound 1.3800    transfer 0.0347    finalize 0.0016    
max lb tensor(9.99999975e-05) min lb tensor(-0.36263490)
Number of Verified Splits: 19 of 24
Current worst splitting domains lb-rhs (depth):
-0.36263 (6), -0.34223 (6), -0.34010 (6), -0.32290 (6), -0.02244 (6), 
Length of domains: 5
Current (lb-rhs): -0.36263489723205566
8 domains visited
Time: pickout 0.0021    decision 0.2509    set_bounds 0.0015    solve 0.6102    add 0.0152    
Accumulated time: pickout 0.0035    decision 0.6391    set_bounds 0.0034    solve 1.4220    add 0.0173    
Cumulative time: 2.1738572120666504

BaB round 3
batch: 5
splitting decisions: 
split level 0: [/input-72, 27] [/input-72, 27] [/input-72, 27] [/input-72, 27] [/input-40, 2467] 
split level 1: [/input-72, 51] [/input-72, 51] [/input-72, 51] [/input-72, 51] [/input-72, 52] 
Objective masks generated with topk: 20 objectives.
 layer: /input
    lower bounds improved: average # 201.8, value 1.1924654245376587e-05
    upper bounds improved: average # 215.7, value -1.4875829219818115e-05
 layer: /input-8
    lower bounds improved: average # 358.0, value 5.997885018587113e-05
    upper bounds improved: average # 379.0, value -0.0010878512635827064
 layer: /input-24
    lower bounds improved: average # 20.9, value 0.006737062335014343
    upper bounds improved: average # 36.6, value -0.004849642142653465
 layer: /input-40
    lower bounds improved: average # 39.0, value 0.010725216567516327
    upper bounds improved: average # 41.4, value -0.01473517119884491
 layer: /input-72
    lower bounds improved: average # 13.9, value 0.05045346617698669
    upper bounds improved: average # 11.6, value -0.07109849452972412
Time: init 0.0001    concretize 0.0005    
Accumulated time: init 0.0493    concretize 0.2175    
Time: get_constraints 0.0022    concretize_interm_bounds 0.0091    update_interm_bounds 0.0022    optimize_interm_bounds 0.0134    
Accumulated time: optimize_interm_bounds 0.3952    get_constraints 0.0468    concretize_interm_bounds 0.2190    update_interm_bounds 0.1294    
best_l after optimization: -1.3589985370635986
beta sum per layer: [0.0, 0.0, 0.0, 0.0, 0.0, 3.2666735649108887, 0.0, 0.0, 0.0, 2.3083419799804688]
alpha/beta optimization time: 0.4440298080444336
pruning_in_iteration open status: True
ratio of positive domain = 12 / 20 = 0.6
pruning-in-iteration extra time: 0.02237224578857422
torch.Size([20, 1])
Time: prepare 0.0014    bound 0.4627    transfer 0.0250    finalize 0.0009    func 0.4901    
Accumulated time: func 1.9107    prepare 0.1129    bound 1.8427    transfer 0.0598    finalize 0.0025    
max lb tensor(9.99999975e-05) min lb tensor(-0.32444859)
Number of Verified Splits: 12 of 20
Current worst splitting domains lb-rhs (depth):
-0.32445 (8), -0.32408 (8), -0.30324 (8), -0.30232 (8), -0.30149 (8), -0.30001 (8), -0.28204 (8), -0.28201 (8), 
Length of domains: 8
Current (lb-rhs): -0.3244485855102539
16 domains visited
Time: pickout 0.0048    decision 0.2603    set_bounds 0.0014    solve 0.4907    add 0.0190    
Accumulated time: pickout 0.0083    decision 0.8994    set_bounds 0.0048    solve 1.9126    add 0.0363    
Cumulative time: 2.950409412384033

BaB round 4
batch: 8
splitting decisions: 
split level 0: [/input-72, 59] [/input-72, 59] [/input-72, 59] [/input-72, 59] [/input-72, 59] [/input-72, 59] [/input-72, 59] [/input-72, 59] 
Objective masks generated with topk: 20 objectives.
 layer: /input
    lower bounds improved: average # 202.125, value 1.1939555406570435e-05
    upper bounds improved: average # 215.875, value -1.379428431391716e-05
 layer: /input-8
    lower bounds improved: average # 357.75, value 2.177152782678604e-05
    upper bounds improved: average # 378.75, value -2.2851862013339996e-05
 layer: /input-24
    lower bounds improved: average # 20.0, value 1.1604279279708862e-06
    upper bounds improved: average # 36.125, value -2.3227185010910034e-06
 layer: /input-40
    lower bounds improved: average # 38.0, value 2.9280781745910645e-06
    upper bounds improved: average # 40.375, value -0.0017784032970666885
 layer: /input-72
    lower bounds improved: average # 13.0, value 0.00530967116355896
    upper bounds improved: average # 12.0, value -0.004964038729667664
Time: init 0.0022    concretize 0.0048    
Accumulated time: init 0.0719    concretize 0.2712    
Time: get_constraints 0.0162    concretize_interm_bounds 0.0542    update_interm_bounds 0.0175    optimize_interm_bounds 0.0879    
Accumulated time: optimize_interm_bounds 0.4831    get_constraints 0.0630    concretize_interm_bounds 0.2732    update_interm_bounds 0.1469    
best_l after optimization: -4.342352867126465
beta sum per layer: [0.0, 0.0, 0.0, 0.0, 0.0, 4.069180011749268, 0.0, 0.0, 0.0, 5.4245076179504395]
alpha/beta optimization time: 0.3666198253631592
pruning_in_iteration open status: False
ratio of positive domain = 0 / 16 = 0.0
pruning-in-iteration extra time: 0.002148151397705078
torch.Size([16, 1])
Time: prepare 0.0023    bound 0.4593    transfer 0.0053    finalize 0.0007    func 0.4677    
Accumulated time: func 2.3784    prepare 0.1582    bound 2.3020    transfer 0.0650    finalize 0.0032    
max lb tensor(-0.23945737) min lb tensor(-0.29941988)
Number of Verified Splits: 0 of 16
Current worst splitting domains lb-rhs (depth):
-0.29942 (9), -0.29918 (9), -0.29085 (9), -0.29081 (9), -0.27949 (9), -0.27843 (9), -0.27705 (9), -0.27584 (9), -0.26625 (9), -0.26383 (9), -0.26283 (9), -0.26188 (9), -0.25858 (9), -0.25852 (9), -0.23991 (9), -0.23946 (9), 
Length of domains: 16
Current (lb-rhs): -0.2994198799133301
32 domains visited
Time: pickout 0.0326    decision 0.2871    set_bounds 0.0054    solve 0.4682    add 0.0209    
Accumulated time: pickout 0.0409    decision 1.1865    set_bounds 0.0102    solve 2.3809    add 0.0571    
Cumulative time: 3.7647924423217773

BaB round 5
batch: 16
splitting decisions: 
split level 0: [/input-24, 18281] [/input-24, 18281] [/input-24, 18281] [/input-24, 18281] [/input-24, 18281] [/input-24, 18281] [/input-24, 18281] [/input-24, 18281] [/input-40, 4965] [/input-72, 75] 
Objective masks generated with topk: 20 objectives.
 layer: /input
    lower bounds improved: average # 201.375, value 1.1903233826160431e-05
    upper bounds improved: average # 216.28125, value -1.3810931704938412e-05
 layer: /input-8
    lower bounds improved: average # 358.9375, value 0.007307159714400768
    upper bounds improved: average # 380.09375, value -0.0007059115450829268
 layer: /input-24
    lower bounds improved: average # 22.9375, value 0.014196449890732765
    upper bounds improved: average # 37.9375, value -0.009690498933196068
 layer: /input-40
    lower bounds improved: average # 43.5, value 0.10850445926189423
    upper bounds improved: average # 45.3125, value -0.027223140001296997
 layer: /input-72
    lower bounds improved: average # 13.375, value 0.09304660558700562
    upper bounds improved: average # 14.25, value -0.11992128938436508
Time: init 0.0024    concretize 0.0051    
Accumulated time: init 0.0955    concretize 0.3329    
Time: get_constraints 0.0217    concretize_interm_bounds 0.0622    update_interm_bounds 0.0572    optimize_interm_bounds 0.1411    
Accumulated time: optimize_interm_bounds 0.6242    get_constraints 0.0847    concretize_interm_bounds 0.3355    update_interm_bounds 0.2040    
best_l after optimization: -7.5669779777526855
beta sum per layer: [0.0, 0.0, 0.0, 11.376607894897461, 0.0, 13.395353317260742, 0.0, 0.0, 0.0, 13.484281539916992]
alpha/beta optimization time: 0.32869815826416016
pruning_in_iteration open status: False
ratio of positive domain = 0 / 32 = 0.0
pruning-in-iteration extra time: 0.0001373291015625
torch.Size([32, 1])
Time: prepare 0.0023    bound 0.4725    transfer 0.0075    finalize 0.0010    func 0.4833    
Accumulated time: func 2.8618    prepare 0.1971    bound 2.7745    transfer 0.0725    finalize 0.0042    
max lb tensor(-0.15085506) min lb tensor(-0.29365134)
Number of Verified Splits: 0 of 32
Current worst splitting domains lb-rhs (depth):
-0.29365 (10), -0.29327 (10), -0.28866 (10), -0.28855 (10), -0.27384 (10), -0.27253 (10), -0.27073 (10), -0.26956 (10), -0.26154 (10), -0.26006 (10), -0.25354 (10), -0.25224 (10), -0.25191 (10), -0.25185 (10), -0.24789 (10), -0.24572 (10), -0.23400 (10), -0.23171 (10), -0.22412 (10), -0.22308 (10), 
Length of domains: 32
Current (lb-rhs): -0.2936513423919678
64 domains visited
Time: pickout 0.0179    decision 0.3391    set_bounds 0.0141    solve 0.4838    add 0.0313    
Accumulated time: pickout 0.0588    decision 1.5256    set_bounds 0.0243    solve 2.8647    add 0.0884    
Cumulative time: 4.652864217758179

BaB round 6
batch: 32
splitting decisions: 
split level 0: [/input-40, 4965] [/input-72, 75] [/input-40, 4965] [/input-72, 75] [/input-40, 4965] [/input-72, 75] [/input-40, 4965] [/input-72, 75] [/input-72, 75] [/input-40, 4317] 
Objective masks generated with topk: 20 objectives.
 layer: /input
    lower bounds improved: average # 201.15625, value 1.190288458019495e-05
    upper bounds improved: average # 216.421875, value -1.3807148206979036e-05
 layer: /input-8
    lower bounds improved: average # 358.640625, value 0.006843604613095522
    upper bounds improved: average # 380.828125, value -0.004224684089422226
 layer: /input-24
    lower bounds improved: average # 22.484375, value 0.012477213516831398
    upper bounds improved: average # 37.390625, value -0.012130120769143105
 layer: /input-40
    lower bounds improved: average # 42.359375, value 0.08825898915529251
    upper bounds improved: average # 44.15625, value -0.021667538210749626
 layer: /input-72
    lower bounds improved: average # 12.359375, value 0.057883940637111664
    upper bounds improved: average # 12.9375, value -0.06812845170497894
Time: init 0.0024    concretize 0.0051    
Accumulated time: init 0.1187    concretize 0.4240    
Time: get_constraints 0.0217    concretize_interm_bounds 0.0916    update_interm_bounds 0.0538    optimize_interm_bounds 0.1671    
Accumulated time: optimize_interm_bounds 0.7913    get_constraints 0.1064    concretize_interm_bounds 0.4271    update_interm_bounds 0.2578    
best_l after optimization: -12.161677360534668
beta sum per layer: [0.0, 2.594534158706665, 0.0, 31.666751861572266, 0.0, 47.498985290527344, 0.0, 0.0, 0.0, 47.84808349609375]
alpha/beta optimization time: 0.3604137897491455
pruning_in_iteration open status: False
ratio of positive domain = 0 / 64 = 0.0
pruning-in-iteration extra time: 0.0022590160369873047
torch.Size([64, 1])
Time: prepare 0.0048    bound 0.5323    transfer 0.0322    finalize 0.0023    func 0.5717    
Accumulated time: func 3.4334    prepare 0.2471    bound 3.3068    transfer 0.1047    finalize 0.0065    
max lb tensor(-0.05741501) min lb tensor(-0.29160166)
Number of Verified Splits: 0 of 64
Current worst splitting domains lb-rhs (depth):
-0.29160 (11), -0.29107 (11), -0.27459 (11), -0.27429 (11), -0.26864 (11), -0.26755 (11), -0.25908 (11), -0.25789 (11), -0.25771 (11), -0.25032 (11), -0.24886 (11), -0.24706 (11), -0.23965 (11), -0.23865 (11), -0.23757 (11), -0.23757 (11), -0.23706 (11), -0.23154 (11), -0.23133 (11), -0.22923 (11), 
Length of domains: 64
Current (lb-rhs): -0.29160165786743164
128 domains visited
Time: pickout 0.0506    decision 0.3809    set_bounds 0.0193    solve 0.5722    add 0.0521    
Accumulated time: pickout 0.1094    decision 1.9064    set_bounds 0.0436    solve 3.4368    add 0.1405    
Cumulative time: 5.730776071548462

BaB round 7
batch: 64
splitting decisions: 
split level 0: [/input-72, 75] [/input-40, 4317] [/input-72, 75] [/input-72, 57] [/input-72, 75] [/input-72, 57] [/input-72, 75] [/input-40, 4965] [/input-40, 4317] [/input-24, 18281] 
Objective masks generated with topk: 20 objectives.
 layer: /input
    lower bounds improved: average # 197.7578125, value 1.1820258805528283e-05
    upper bounds improved: average # 229.859375, value -1.5273108147084713e-05
 layer: /input-8
    lower bounds improved: average # 358.6875, value 0.006557890214025974
    upper bounds improved: average # 380.703125, value -0.0057677277363836765
 layer: /input-24
    lower bounds improved: average # 22.5234375, value 0.01287876721471548
    upper bounds improved: average # 37.4609375, value -0.011831370182335377
 layer: /input-40
    lower bounds improved: average # 42.609375, value 0.08363456279039383
    upper bounds improved: average # 44.5, value -0.02094748616218567
 layer: /input-72
    lower bounds improved: average # 11.609375, value 0.062064625322818756
    upper bounds improved: average # 13.09375, value -0.07637034356594086
Time: init 0.0022    concretize 0.0051    
Accumulated time: init 0.1344    concretize 0.4819    
Time: get_constraints 0.0033    concretize_interm_bounds 0.0584    update_interm_bounds 0.0569    optimize_interm_bounds 0.1186    
Accumulated time: optimize_interm_bounds 0.9099    get_constraints 0.1097    concretize_interm_bounds 0.4855    update_interm_bounds 0.3146    
best_l after optimization: -18.6934757232666
beta sum per layer: [0.0, 7.648387432098389, 0.0, 91.12969970703125, 0.0, 145.6036834716797, 0.0, 0.0, 0.0, 132.93307495117188]
alpha/beta optimization time: 0.38985204696655273
pruning_in_iteration open status: False
ratio of positive domain = 4 / 128 = 0.03125
pruning-in-iteration extra time: 0.002263307571411133
torch.Size([128, 1])
Time: prepare 0.0046    bound 0.5134    transfer 0.0627    finalize 0.0034    func 0.5842    
Accumulated time: func 4.0177    prepare 0.3013    bound 3.8202    transfer 0.1674    finalize 0.0099    
max lb tensor(0.02272773) min lb tensor(-0.27726173)
Number of Verified Splits: 4 of 128
Current worst splitting domains lb-rhs (depth):
-0.27726 (12), -0.27664 (12), -0.26915 (12), -0.26128 (12), -0.25385 (12), -0.25304 (12), -0.25209 (12), -0.25081 (12), -0.24935 (12), -0.24420 (12), -0.24313 (12), -0.23989 (12), -0.23642 (12), -0.23488 (12), -0.23466 (12), -0.23442 (12), -0.23232 (12), -0.23190 (12), -0.22926 (12), -0.22869 (12), 
Length of domains: 124
Current (lb-rhs): -0.27726173400878906
252 domains visited
Time: pickout 0.0683    decision 0.6462    set_bounds 0.0026    solve 0.5848    add 0.1008    
Accumulated time: pickout 0.1777    decision 2.5526    set_bounds 0.0461    solve 4.0216    add 0.2413    
Cumulative time: 7.1367106437683105

BaB round 8
batch: 124
splitting decisions: 
split level 0: [/input-40, 4317] [/input-72, 57] [/input-40, 4317] [/input-40, 675] [/input-40, 4317] [/input-40, 4965] [/input-40, 4317] [/input-72, 57] [/input-72, 57] [/input-72, 57] 
Objective masks generated with topk: 20 objectives.
 layer: /input
    lower bounds improved: average # 200.99193548387098, value 1.1854144113679087e-05
    upper bounds improved: average # 217.20564516129033, value -1.368154921839314e-05
 layer: /input-8
    lower bounds improved: average # 357.1693548387097, value 0.005414498909827202
    upper bounds improved: average # 373.875, value -0.007587028126562795
 layer: /input-24
    lower bounds improved: average # 30.0, value 0.010501703908366541
    upper bounds improved: average # 32.854838709677416, value -0.010494662869361139
 layer: /input-40
    lower bounds improved: average # 42.403225806451616, value 0.05833467360465757
    upper bounds improved: average # 43.83064516129032, value -0.015834346894294984
 layer: /input-72
    lower bounds improved: average # 12.169354838709678, value 0.05321988367265271
    upper bounds improved: average # 13.286290322580646, value -0.06988846871160692
Time: init 0.0003    concretize 0.0027    
Accumulated time: init 0.1479    concretize 1.7063    
Time: get_constraints 0.0266    concretize_interm_bounds 1.2249    update_interm_bounds 0.0021    optimize_interm_bounds 1.2536    
Accumulated time: optimize_interm_bounds 2.1636    get_constraints 0.1363    concretize_interm_bounds 1.7104    update_interm_bounds 0.3167    
best_l after optimization: -28.08517837524414
beta sum per layer: [0.0, 22.99115753173828, 0.0, 203.62008666992188, 0.0, 379.8601989746094, 0.0, 0.0, 0.0, 287.5114440917969]
alpha/beta optimization time: 0.7201647758483887
pruning_in_iteration open status: False
ratio of positive domain = 13 / 248 = 0.05241935483870963
pruning-in-iteration extra time: 0.0024645328521728516
torch.Size([248, 1])
Time: prepare 0.0169    bound 1.9790    transfer 0.0978    finalize 0.0058    func 2.0995    
Accumulated time: func 6.1172    prepare 0.3558    bound 5.7992    transfer 0.2652    finalize 0.0157    
max lb tensor(0.05749750) min lb tensor(-0.26465511)
Number of Verified Splits: 14 of 248
Current worst splitting domains lb-rhs (depth):
-0.26466 (13), -0.26404 (13), -0.25597 (13), -0.25302 (13), -0.25226 (13), -0.25215 (13), -0.25136 (13), -0.24615 (13), -0.24547 (13), -0.24404 (13), -0.24221 (13), -0.24107 (13), -0.23642 (13), -0.23488 (13), -0.23190 (13), -0.23087 (13), -0.22959 (13), -0.22779 (13), -0.22711 (13), -0.22645 (13), 
Length of domains: 234
Current (lb-rhs): -0.26465511322021484
486 domains visited
Time: pickout 0.0722    decision 0.9455    set_bounds 0.0110    solve 2.1001    add 0.1888    
Accumulated time: pickout 0.2499    decision 3.4981    set_bounds 0.0571    solve 6.1217    add 0.4301    
Cumulative time: 10.460718154907227

BaB round 9
batch: 234
Traceback (most recent call last):
  File "/data1/Kane/alpha-beta-CROWN_vnncomp2025/complete_verifier/abcrown.py", line 392, in <module>
    abcrown.main()
  File "/data1/Kane/alpha-beta-CROWN_vnncomp2025/complete_verifier/abcrown.py", line 354, in main
    verified_status = self.complete_verifier(
                      ^^^^^^^^^^^^^^^^^^^^^^^
  File "/data1/Kane/alpha-beta-CROWN_vnncomp2025/complete_verifier/complete_verifier_func.py", line 164, in complete_verifier
    l, num_domains_visited, ret = self.bab(
                                  ^^^^^^^^^
  File "/data1/Kane/alpha-beta-CROWN_vnncomp2025/complete_verifier/complete_verifier_func.py", line 112, in bab
    batch_result = general_bab(
                   ^^^^^^^^^^^^
  File "/data1/Kane/alpha-beta-CROWN_vnncomp2025/complete_verifier/bab.py", line 485, in general_bab
    global_lb = act_split_round(
                ^^^^^^^^^^^^^^^^
  File "/data1/Kane/alpha-beta-CROWN_vnncomp2025/complete_verifier/bab.py", line 199, in act_split_round
    split_domain(net, domains, d, batch, impl_params=impl_params,
  File "/data1/Kane/alpha-beta-CROWN_vnncomp2025/complete_verifier/bab.py", line 80, in split_domain
    branching_heuristic.get_branching_decisions(
  File "/data1/Kane/miniconda3/envs/abcrown25/lib/python3.11/site-packages/torch/utils/_contextlib.py", line 120, in decorate_context
    return func(*args, **kwargs)
           ^^^^^^^^^^^^^^^^^^^^^
  File "/data1/Kane/alpha-beta-CROWN_vnncomp2025/complete_verifier/heuristics/kfsb.py", line 137, in get_branching_decisions
    self.net.build_history_and_set_bounds(args_update_bounds, split)
  File "/data1/Kane/alpha-beta-CROWN_vnncomp2025/complete_verifier/beta_CROWN_solver.py", line 924, in build_history_and_set_bounds
    domain_updater.set_branched_bounds(d, split, mode)
  File "/data1/Kane/alpha-beta-CROWN_vnncomp2025/complete_verifier/domain_updater.py", line 109, in set_branched_bounds
    d['upper_bounds'] = {
                        ^
  File "/data1/Kane/alpha-beta-CROWN_vnncomp2025/complete_verifier/domain_updater.py", line 110, in <dictcomp>
    k: repeat(v, self.num_copy, unsqueeze=True)
       ^^^^^^^^^^^^^^^^^^^^^^^^^^^^^^^^^^^^^^^^
  File "/data1/Kane/alpha-beta-CROWN_vnncomp2025/complete_verifier/domain_updater.py", line 32, in repeat
    return x.unsqueeze(0).repeat(num_copy, *[1]*x.ndim)
           ^^^^^^^^^^^^^^^^^^^^^^^^^^^^^^^^^^^^^^^^^^^^
torch.OutOfMemoryError: CUDA out of memory. Tried to allocate 234.00 MiB. GPU 0 has a total capacity of 94.96 GiB of which 62.81 MiB is free. Process 2687037 has 690.00 MiB memory in use. Process 707122 has 85.92 GiB memory in use. Including non-PyTorch memory, this process has 8.25 GiB memory in use. Of the allocated memory 7.13 GiB is allocated by PyTorch, and 459.03 MiB is reserved by PyTorch but unallocated. If reserved but unallocated memory is large try setting PYTORCH_CUDA_ALLOC_CONF=expandable_segments:True to avoid fragmentation.  See documentation for Memory Management  (https://pytorch.org/docs/stable/notes/cuda.html#environment-variables)

------------------------- COMMAND ------------------------------
/data1/Kane/miniconda3/envs/abcrown25/bin/python /data1/Kane/alpha-beta-CROWN_vnncomp2025/complete_verifier/abcrown.py --config /data1/Kane/alpha-beta-CROWN_vnncomp2025/complete_verifier/exp_configs/vnncomp25/cifar100.yaml --precompile_jit --onnx_path /data1/Kane/data/vnncomp2025_benchmarks/benchmarks/cifar100_2024/onnx/CIFAR100_resnet_large.onnx --vnnlib_path /data1/Kane/data/vnncomp2025_benchmarks/benchmarks/cifar100_2024/vnnlib/CIFAR100_resnet_large_prop_idx_1913_sidx_2767_eps_0.0039.vnnlib --results_file /data1/Kane/ACT/audit_results/abcrown_nopgd_20260525/cifar100_2024/0145__CIFAR100_resnet_large__CIFAR100_resnet_large_prop_idx_1913_sidx_2767_eps_0.0039.result --timeout 100.0 --save_adv_example --pgd_order=skip
----------------------------------------------------------------

