[0;93m2026-05-26 17:52:18.030605240 [W:onnxruntime:Default, device_discovery.cc:325 DiscoverDevicesForPlatform] GPU device discovery failed: device_discovery.cc:92 ReadFileContents Failed to open file: "/sys/class/drm/card0/device/vendor"[m
Configurations:

general:
  device: cuda
  seed: 100
  conv_mode: patches
  deterministic: false
  double_fp: false
  loss_reduction_func: sum
  sparse_alpha: true
  sparse_interm: true
  save_adv_example: true
  verify_onnxruntime_output: false
  eval_adv_example: false
  show_adv_example: false
  precompile_jit: true
  prepare_only: false
  complete_verifier: bab
  enable_incomplete_verification: true
  csv_name: instances.csv
  results_file: /data1/Kane/ACT/audit_results/abcrown_nopgd_20260525/cifar100_2024/0159__CIFAR100_resnet_large__CIFAR100_resnet_large_prop_idx_2783_sidx_8903_eps_0.0039.result
  root_path: ../../vnncomp2024_benchmarks/benchmarks/cifar100
  deterministic_opt: false
  graph_optimizer: 'Customized("custom_graph_optimizer", "default_optimizer")'
  buffer_has_batchdim: false
  save_output: false
  output_file: out.pkl
  return_optimized_model: false
model:
  name: null
  path: null
  onnx_path: /data1/Kane/data/vnncomp2025_benchmarks/benchmarks/cifar100_2024/onnx/CIFAR100_resnet_large.onnx
  onnx_path_prefix: ''
  cache_onnx_conversion: false
  debug_onnx: false
  onnx_quirks: null
  input_shape: null
  onnx_loader: default_onnx_and_vnnlib_loader
  onnx_optimization_flags: [merge_bn]
  onnx_vnnlib_joint_optimization_flags: none
  check_optimized: false
  flatten_final_output: false
  optimize_graph: null
  with_jacobian: false
data:
  start: 0
  end: 10000
  select_instance: null
  num_outputs: 10
  mean: 0.0
  std: 1.0
  pkl_path: null
  dataset: null
  data_filter_path: null
  data_idx_file: null
specification:
  type: lp
  robustness_type: verified-acc
  norm: .inf
  epsilon: null
  epsilon_min: 0.0
  vnnlib_path: /data1/Kane/data/vnncomp2025_benchmarks/benchmarks/cifar100_2024/vnnlib/CIFAR100_resnet_large_prop_idx_2783_sidx_8903_eps_0.0039.vnnlib
  vnnlib_path_prefix: ''
  rhs_offset: null
solver:
  batch_size: 256
  auto_enlarge_batch_size: true
  min_batch_size_ratio: 0.1
  use_float64_in_last_iteration: false
  early_stop_patience: 10
  start_save_best: 0.5
  bound_prop_method: alpha-crown
  init_bound_prop_method: same
  prune_after_crown: true
  optimize_disjuncts_separately: false
  crown:
    batch_size: 1000000000
    max_crown_size: 1000000000
    activation_bound_option: adaptive
    compare_crown_with_ibp: false
  alpha-crown:
    alpha: true
    lr_alpha: 0.25
    iteration: 20
    share_alphas: false
    lr_decay: 0.98
    full_conv_alpha: false
    max_coeff_mul: .inf
    matmul_share_alphas: false
    disable_optimization: []
    max_time: 1.0
  invprop:
    apply_output_constraints_to: []
    tighten_input_bounds: false
    best_of_oc_and_no_oc: false
    directly_optimize: []
    oc_lr: 0.1
    share_gammas: false
  beta-crown:
    lr_alpha: 0.1
    lr_beta: 0.2
    lr_decay: 0.98
    optimizer: adam
    iteration: 10
    beta: true
    beta_warmup: true
    enable_opt_interm_bounds: false
    all_node_split_LP: false
  forward:
    refine: false
    max_dim: 10000
    reset_threshold: 1.0
  multi_class:
    label_batch_size: 32
    skip_with_refined_bound: true
  mip:
    unstable_neuron_threshold: 0
    parallel_solvers: null
    solver_threads: 1
    refine_neuron_timeout: 15
    refine_neuron_time_percentage: 0.8
    early_stop: true
    adv_warmup: true
    mip_solver: gurobi
    skip_unsafe: false
    topk_filter: 1.0
    sliding_window: -1
    extra_constraint: false
    refine_neuron_timeout_increasement: 0
    timeout_neuron_percentage: 0.3
    remaining_timeout_threshold: 1
    remove_unstable_neurons: false
    lp_solver: false
bab:
  initial_max_domains: 100
  backing_up_max_domain: null
  max_domains: .inf
  decision_thresh: 0
  timeout: 100.0
  timeout_scale: 1
  max_iterations: -1
  override_timeout: null
  get_upper_bound: false
  pruning_in_iteration: true
  pruning_in_iteration_ratio: 0.2
  sort_targets: false
  batched_domain_list: true
  optimized_interm: ''
  interm_transfer: false
  recompute_interm: false
  sort_domain_interval: -1
  vanilla_crown: false
  tree_traversal: depth_first
  cut:
    enabled: false
    cuts_path: /tmp/abcrown_cuts
    implication: false
    bab_cut: false
    lp_cut: false
    method: null
    lr: 0.01
    lr_decay: 1.0
    iteration: 100
    bab_iteration: -1
    early_stop_patience: -1
    lr_beta: 0.02
    number_cuts: 50
    topk_cuts_in_filter: 1000
    batch_size_primal: 100
    max_num: 1000000000
    patches_cut: false
    cplex_cuts: false
    cplex_cuts_wait: 0
    cplex_cuts_revpickup: true
    cut_reference_bounds: true
    fix_intermediate_bounds: false
    biccos:
      enabled: false
      constraint_strengthening: true
      recursively_strengthening: false
      drop_ratio: 0.5
      verified_bonus: 0.3
      max_infer_iter: 20
      heuristic: neuron_influence_score
      save_biccos_cuts: false
      multi_tree_branching:
        enabled: false
        restore_best_tree: false
        keep_n_best_domains: 1
        k_splits: 1
        iterations: 1
  branching:
    method: kfsb
    candidates: 7
    reduceop: max
    enable_intermediate_bound_opt: false
    branching_input_and_activation: false
    branching_input_and_activation_order: [input, relu]
    branching_input_iterations: 30
    branching_relu_iterations: 50
    nonlinear_split:
      method: bbps
      disable: false
      branching_point_method: uniform
      num_branches: 2
      filter: false
      filter_beta: false
      filter_clamp: false
      filter_batch_size: 10000
      filter_iterations: 25
      relu_only: false
      loose_tanh_threshold: null
      branching_point:
        db_path: branching_points.pt
        num_iterations: 1000
        batch_size: 1000000
        range_l: -5.0
        range_u: 5.0
        log_interval: 100
        step_size_1d: 0.01
        step_size: 0.2
    input_split:
      enable_clip_domains: false
      split_hint: null
      reorder_bab: false
      enable: false
      enhanced_bound_prop_method: alpha-crown
      enhanced_branching_method: naive
      enhanced_bound_patience: 100000000.0
      attack_patience: 100000000.0
      adv_check: 0
      split_partitions: 2
      sb_margin_weight: 1.0
      sb_sum: false
      sb_primary_spec: null
      bf_backup_thresh: -1
      bf_rhs_offset: 0
      bf_iters: 1000000000.0
      bf_batch_size: 100000
      bf_zero_crossing_score: false
      touch_zero_score: 0
      ibp_enhancement: false
      compare_with_old_bounds: false
      update_rhs_with_attack: false
      sb_coeff_thresh: 0.001
      sort_index: null
      sort_descending: true
      show_progress: false
      presplit_domains: null
      skip_getting_worst_domain: false
  attack:
    enabled: false
    beam_candidates: 8
    beam_depth: 7
    max_dive_fix_ratio: 0.8
    min_local_free_ratio: 0.2
    mip_start_iteration: 5
    mip_timeout: 30.0
    adv_pool_threshold: null
    refined_mip_attacker: false
    refined_batch_size: null
attack:
  pgd_order: skip
  pgd_steps: 100
  pgd_restarts: 10
  pgd_batch_size: 100000000
  pgd_early_stop: true
  pgd_lr_decay: 0.99
  pgd_alpha: auto
  pgd_alpha_scale: false
  pgd_loss_mode: null
  pgd_restart_when_stuck: false
  enable_mip_attack: false
  adv_saver: default_adv_saver
  adv_verifier: default_adv_verifier
  early_stop_condition: default_early_stop_condition
  adv_example_finalizer: default_adv_example_finalizer
  pgd_loss: default_pgd_loss
  cex_path: ./test_cex.txt
  attack_mode: PGD
  attack_tolerance: 0.0
  attack_func: attack_with_general_specs
  gama_lambda: 10.0
  gama_decay: 0.9
  check_clean: false
  input_split:
    pgd_steps: 100
    pgd_restarts: 30
    pgd_alpha: auto
  input_split_enhanced:
    pgd_steps: 200
    pgd_restarts: 500000
    pgd_alpha: auto
  input_split_check_adv:
    enabled: auto
    pgd_steps: 5
    pgd_restarts: 5
    pgd_alpha: auto
    max_num_domains: 10
debug:
  view_model: false
  lp_test: null
  rescale_vnnlib_ptb: null
  test_optimized_bounds: false
  test_optimized_bounds_after_n_iterations: 0
  print_verbose_decisions: false
  sanity_check: null
  save_minimal_config: null
  save_minimal_config_omit_keys: []

Experiments at Tue May 26 17:52:19 2026 on dell-pro-max-tower-t2
Pre-compile jit kernels on a toy network...
JIT kernels compiled in 0.9807s./data1/Kane/miniconda3/envs/GenBaB/lib/python3.11/site-packages/onnx2pytorch/convert/model.py:151: UserWarning: Using experimental implementation that allows 'batch_size > 1'.Batchnorm layers could potentially produce false outputs.
  warnings.warn(
/data1/Kane/miniconda3/envs/GenBaB/lib/python3.11/site-packages/onnx2pytorch/utils.py:21: TracerWarning: Converting a tensor to a Python boolean might cause the trace to be incorrect. We can't record the data flow of Python values, so this value will be treated as a constant in the future. This means that the trace might not generalize to other inputs!
  return value.ndim == 0 or value.shape == torch.Size([1])
/data1/Kane/miniconda3/envs/GenBaB/lib/python3.11/site-packages/onnx2pytorch/operations/add.py:34: TracerWarning: Converting a tensor to a Python boolean might cause the trace to be incorrect. We can't record the data flow of Python values, so this value will be treated as a constant in the future. This means that the trace might not generalize to other inputs!
  elif all(x == 1 for x in input[0].shape):

Internal results will be saved to /data1/Kane/ACT/audit_results/abcrown_nopgd_20260525/cifar100_2024/0159__CIFAR100_resnet_large__CIFAR100_resnet_large_prop_idx_2783_sidx_8903_eps_0.0039.result.

 %%%%%%%%%%%%%%%%%%%%%%%%%%%%%%%%%%% idx: 0, vnnlib ID: 0 %%%%%%%%%%%%%%%%%%%%%%%%%%%%%%%%%%%
Using onnx /data1/Kane/data/vnncomp2025_benchmarks/benchmarks/cifar100_2024/onnx/CIFAR100_resnet_large.onnx
Using vnnlib /data1/Kane/data/vnncomp2025_benchmarks/benchmarks/cifar100_2024/vnnlib/CIFAR100_resnet_large_prop_idx_2783_sidx_8903_eps_0.0039.vnnlib
3072 inputs and 100 outputs in vnnlib
Loading onnx /data1/Kane/data/vnncomp2025_benchmarks/benchmarks/cifar100_2024/onnx/CIFAR100_resnet_large.onnx with quirks {}
Onnx optimization with flags: ['merge_bn']
Found existed optimized onnx model at /data1/Kane/data/vnncomp2025_benchmarks/benchmarks/cifar100_2024/onnx/CIFAR100_resnet_large.onnx.optimized
Finished onnx model loading in 0.1175 seconds
Model: BoundedModule(
  (/input-1): BoundInput(name=/input-1, inputs=[], perturbed=True)
  (/45): BoundParams(name=/45, inputs=[], perturbed=False)
  (/46): BoundParams(name=/46, inputs=[], perturbed=False)
  (/47): BoundParams(name=/47, inputs=[], perturbed=False)
  (/48): BoundParams(name=/48, inputs=[], perturbed=False)
  (/49): BoundParams(name=/49, inputs=[], perturbed=False)
  (/50): BoundParams(name=/50, inputs=[], perturbed=False)
  (/51): BoundParams(name=/51, inputs=[], perturbed=False)
  (/52): BoundParams(name=/52, inputs=[], perturbed=False)
  (/53): BoundParams(name=/53, inputs=[], perturbed=False)
  (/54): BoundParams(name=/54, inputs=[], perturbed=False)
  (/55): BoundParams(name=/55, inputs=[], perturbed=False)
  (/56): BoundParams(name=/56, inputs=[], perturbed=False)
  (/57): BoundParams(name=/57, inputs=[], perturbed=False)
  (/58): BoundParams(name=/58, inputs=[], perturbed=False)
  (/59): BoundParams(name=/59, inputs=[], perturbed=False)
  (/60): BoundParams(name=/60, inputs=[], perturbed=False)
  (/61): BoundParams(name=/61, inputs=[], perturbed=False)
  (/62): BoundParams(name=/62, inputs=[], perturbed=False)
  (/63): BoundParams(name=/63, inputs=[], perturbed=False)
  (/64): BoundParams(name=/64, inputs=[], perturbed=False)
  (/65): BoundParams(name=/65, inputs=[], perturbed=False)
  (/66): BoundParams(name=/66, inputs=[], perturbed=False)
  (/67): BoundParams(name=/67, inputs=[], perturbed=False)
  (/68): BoundParams(name=/68, inputs=[], perturbed=False)
  (/69): BoundParams(name=/69, inputs=[], perturbed=False)
  (/70): BoundParams(name=/70, inputs=[], perturbed=False)
  (/71): BoundParams(name=/71, inputs=[], perturbed=False)
  (/72): BoundParams(name=/72, inputs=[], perturbed=False)
  (/73): BoundParams(name=/73, inputs=[], perturbed=False)
  (/74): BoundParams(name=/74, inputs=[], perturbed=False)
  (/75): BoundParams(name=/75, inputs=[], perturbed=False)
  (/76): BoundParams(name=/76, inputs=[], perturbed=False)
  (/77): BoundParams(name=/77, inputs=[], perturbed=False)
  (/78): BoundParams(name=/78, inputs=[], perturbed=False)
  (/79): BoundParams(name=/79, inputs=[], perturbed=False)
  (/80): BoundParams(name=/80, inputs=[], perturbed=False)
  (/81): BoundParams(name=/81, inputs=[], perturbed=False)
  (/82): BoundParams(name=/82, inputs=[], perturbed=False)
  (/83): BoundParams(name=/83, inputs=[], perturbed=False)
  (/84): BoundParams(name=/84, inputs=[], perturbed=False)
  (/85): BoundParams(name=/85, inputs=[], perturbed=False)
  (/86): BoundParams(name=/86, inputs=[], perturbed=False)
  (/87): BoundParams(name=/87, inputs=[], perturbed=False)
  (/88): BoundParams(name=/88, inputs=[], perturbed=False)
  (/input): BoundConv(name=/input, inputs=[/input-1, /45, /46], perturbed=True)
  (/input-4): BoundRelu(name=/input-4, inputs=[/input], perturbed=True)
  (/input-8): BoundConv(name=/input-8, inputs=[/input-4, /47, /48], perturbed=True)
  (/input-12): BoundRelu(name=/input-12, inputs=[/input-8], perturbed=True)
  (/93): BoundConv(name=/93, inputs=[/input-12, /49, /50], perturbed=True)
  (/94): BoundAdd(name=/94, inputs=[/93, /input-4], perturbed=True)
  (/input-16): BoundConv(name=/input-16, inputs=[/94, /51, /52], perturbed=True)
  (/input-20): BoundRelu(name=/input-20, inputs=[/input-16], perturbed=True)
  (/97): BoundConv(name=/97, inputs=[/input-20, /53, /54], perturbed=True)
  (/98): BoundAdd(name=/98, inputs=[/97, /94], perturbed=True)
  (/input-24): BoundConv(name=/input-24, inputs=[/98, /55, /56], perturbed=True)
  (/input-28): BoundRelu(name=/input-28, inputs=[/input-24], perturbed=True)
  (/101): BoundConv(name=/101, inputs=[/input-28, /57, /58], perturbed=True)
  (/102): BoundConv(name=/102, inputs=[/98, /59, /60], perturbed=True)
  (/103): BoundAdd(name=/103, inputs=[/101, /102], perturbed=True)
  (/input-32): BoundConv(name=/input-32, inputs=[/103, /61, /62], perturbed=True)
  (/input-36): BoundRelu(name=/input-36, inputs=[/input-32], perturbed=True)
  (/106): BoundConv(name=/106, inputs=[/input-36, /63, /64], perturbed=True)
  (/107): BoundAdd(name=/107, inputs=[/106, /103], perturbed=True)
  (/input-40): BoundConv(name=/input-40, inputs=[/107, /65, /66], perturbed=True)
  (/input-44): BoundRelu(name=/input-44, inputs=[/input-40], perturbed=True)
  (/110): BoundConv(name=/110, inputs=[/input-44, /67, /68], perturbed=True)
  (/111): BoundConv(name=/111, inputs=[/107, /69, /70], perturbed=True)
  (/112): BoundAdd(name=/112, inputs=[/110, /111], perturbed=True)
  (/input-48): BoundConv(name=/input-48, inputs=[/112, /71, /72], perturbed=True)
  (/input-52): BoundRelu(name=/input-52, inputs=[/input-48], perturbed=True)
  (/115): BoundConv(name=/115, inputs=[/input-52, /73, /74], perturbed=True)
  (/116): BoundAdd(name=/116, inputs=[/115, /112], perturbed=True)
  (/input-56): BoundConv(name=/input-56, inputs=[/116, /75, /76], perturbed=True)
  (/input-60): BoundRelu(name=/input-60, inputs=[/input-56], perturbed=True)
  (/119): BoundConv(name=/119, inputs=[/input-60, /77, /78], perturbed=True)
  (/120): BoundConv(name=/120, inputs=[/116, /79, /80], perturbed=True)
  (/121): BoundAdd(name=/121, inputs=[/119, /120], perturbed=True)
  (/input-64): BoundConv(name=/input-64, inputs=[/121, /81, /82], perturbed=True)
  (/input-68): BoundRelu(name=/input-68, inputs=[/input-64], perturbed=True)
  (/124): BoundConv(name=/124, inputs=[/input-68, /83, /84], perturbed=True)
  (/125): BoundAdd(name=/125, inputs=[/124, /121], perturbed=True)
  (/126): BoundFlatten(name=/126, inputs=[/125], perturbed=True)
  (/input-72): BoundLinear(name=/input-72, inputs=[/126, /85, /86], perturbed=True)
  (/128): BoundRelu(name=/128, inputs=[/input-72], perturbed=True)
  (/129): BoundLinear(name=/129, inputs=[/128, /87, /88], perturbed=True)
)
Original output: tensor([[ -6.10371161,  -4.69202900,  -7.16788006,  -9.81149578,  -4.82184172,
          -5.94517660,  -7.65982008,  -7.28844118,  -6.86216259,  -9.66221809,
          -0.43994340,  -6.95889568, -10.21516418,  -4.66168737,  -3.10564828,
          -7.27582932,  -4.92440605, -11.29072094,  -7.20332813,  -8.54084778,
          -9.53835201,  -8.68573761,  -1.85836232, -11.94577885,  -7.79762363,
          -4.31197739,   0.96419013,  -5.79520369,  -5.16497469,  -5.16476011,
         -13.47728348,  -9.55124950,  -5.85383797,  -8.89368725,  -6.41986895,
          -7.41582060,  -6.79878712, -10.16574001,  -8.34842300,  -5.00034523,
          -7.85551691,  -4.48975420,  -5.90574217,  -5.24317694,  -5.39892864,
          -0.52413332,  -8.28036118,  -9.05334282,  -5.44704103, -10.13975811,
          -6.45067644,  -4.92841625, -13.43728065,  -6.39209270, -10.06133461,
          -9.41827965, -12.95008278,  -6.85328627,  -6.68245125, -12.87017632,
         -15.17320347,  -3.73169327,  -6.63426208,  -6.05094385,  -6.25319481,
          -7.24885702,  -7.49864721,  -6.34220648, -13.87580681, -18.56593513,
          -6.12639999, -14.69361019,  -9.38166046, -11.66774654,  -7.49716949,
          -9.74112225, -13.36284447,  -7.38338470,  -0.09369779,  -9.12886238,
          -9.21879673,  -5.63594913,  -7.26424503,  -3.63412929,  -5.14106989,
          -7.99414873,  -3.40267253,  -9.83244133,  -3.29360461,  -3.17937326,
          -4.61040497,  -7.45185852,  -6.62929583,  -5.05450439, -11.14882183,
         -15.88930130, -10.18233490,  -8.85218239,  -7.03885841,  -3.44143438]],
       device='cuda:0')
Split layers:
Nonlinear functions:
   BoundRelu(name=/input-4, inputs=[/input], perturbed=True)
   BoundRelu(name=/input-12, inputs=[/input-8], perturbed=True)
   BoundRelu(name=/input-20, inputs=[/input-16], perturbed=True)
   BoundRelu(name=/input-28, inputs=[/input-24], perturbed=True)
   BoundRelu(name=/input-36, inputs=[/input-32], perturbed=True)
   BoundRelu(name=/input-44, inputs=[/input-40], perturbed=True)
   BoundRelu(name=/input-52, inputs=[/input-48], perturbed=True)
   BoundRelu(name=/input-60, inputs=[/input-56], perturbed=True)
   BoundRelu(name=/input-68, inputs=[/input-64], perturbed=True)
   BoundRelu(name=/128, inputs=[/input-72], perturbed=True)
layer /input-4 using sparse-features alpha with shape [913]; unstable size 913; total size 65536 ([1, 64, 32, 32])
layer /input-4 start_node /input-8 using sparse-spec alpha [2, 58, 1, 913] with unstable size 57 total_size 64 output_shape 64
layer /input-4 start_node /input-24 using sparse-spec alpha [2, 56, 1, 913] with unstable size 55 total_size 128 output_shape 128
layer /input-4 start_node /input-40 using sparse-spec alpha [2, 72, 1, 913] with unstable size 71 total_size 128 output_shape 128
layer /input-4 start_node /input-56 using sparse-spec alpha [2, 2, 1, 913] with unstable size 1 total_size 4096 output_shape torch.Size([256, 4, 4])
layer /input-4 start_node /input-72 using sparse-spec alpha [2, 33, 1, 913] with unstable size 32 total_size 100 output_shape torch.Size([100])
layer /input-4 start_node /129 using full alpha [2, 99, 1, 913] with unstable size None total_size 99 output_shape 99
layer /input-12 using sparse-features alpha with shape [2457]; unstable size 2457; total size 65536 ([1, 64, 32, 32])
layer /input-12 start_node /input-24 using sparse-spec alpha [2, 56, 1, 2457] with unstable size 55 total_size 128 output_shape 128
layer /input-12 start_node /input-40 using sparse-spec alpha [2, 72, 1, 2457] with unstable size 71 total_size 128 output_shape 128
layer /input-12 start_node /input-56 using sparse-spec alpha [2, 2, 1, 2457] with unstable size 1 total_size 4096 output_shape torch.Size([256, 4, 4])
layer /input-12 start_node /input-72 using sparse-spec alpha [2, 33, 1, 2457] with unstable size 32 total_size 100 output_shape torch.Size([100])
layer /input-12 start_node /129 using full alpha [2, 99, 1, 2457] with unstable size None total_size 99 output_shape 99
layer /input-20 using sparse-features alpha with shape [0]; unstable size 0; total size 65536 ([1, 64, 32, 32])
layer /input-20 start_node /input-24 using sparse-spec alpha [2, 56, 1, 0] with unstable size 55 total_size 128 output_shape 128
layer /input-20 start_node /input-40 using sparse-spec alpha [2, 72, 1, 0] with unstable size 71 total_size 128 output_shape 128
layer /input-20 start_node /input-56 using sparse-spec alpha [2, 2, 1, 0] with unstable size 1 total_size 4096 output_shape torch.Size([256, 4, 4])
layer /input-20 start_node /input-72 using sparse-spec alpha [2, 33, 1, 0] with unstable size 32 total_size 100 output_shape torch.Size([100])
layer /input-20 start_node /129 using full alpha [2, 99, 1, 0] with unstable size None total_size 99 output_shape 99
layer /input-28 using sparse-features alpha with shape [512]; unstable size 512; total size 32768 ([1, 128, 16, 16])
layer /input-28 start_node /input-40 using sparse-spec alpha [2, 72, 1, 512] with unstable size 71 total_size 128 output_shape 128
layer /input-28 start_node /input-56 using sparse-spec alpha [2, 2, 1, 512] with unstable size 1 total_size 4096 output_shape torch.Size([256, 4, 4])
layer /input-28 start_node /input-72 using sparse-spec alpha [2, 33, 1, 512] with unstable size 32 total_size 100 output_shape torch.Size([100])
layer /input-28 start_node /129 using full alpha [2, 99, 1, 512] with unstable size None total_size 99 output_shape 99
layer /input-36 using sparse-features alpha with shape [0]; unstable size 0; total size 32768 ([1, 128, 16, 16])
layer /input-36 start_node /input-40 using sparse-spec alpha [2, 72, 1, 0] with unstable size 71 total_size 128 output_shape 128
layer /input-36 start_node /input-56 using sparse-spec alpha [2, 2, 1, 0] with unstable size 1 total_size 4096 output_shape torch.Size([256, 4, 4])
layer /input-36 start_node /input-72 using sparse-spec alpha [2, 33, 1, 0] with unstable size 32 total_size 100 output_shape torch.Size([100])
layer /input-36 start_node /129 using full alpha [2, 99, 1, 0] with unstable size None total_size 99 output_shape 99
layer /input-44 using sparse-features alpha with shape [377]; unstable size 377; total size 8192 ([1, 128, 8, 8])
layer /input-44 start_node /input-56 using sparse-spec alpha [2, 2, 1, 377] with unstable size 1 total_size 4096 output_shape torch.Size([256, 4, 4])
layer /input-44 start_node /input-72 using sparse-spec alpha [2, 33, 1, 377] with unstable size 32 total_size 100 output_shape torch.Size([100])
layer /input-44 start_node /129 using full alpha [2, 99, 1, 377] with unstable size None total_size 99 output_shape 99
layer /input-52 using sparse-features alpha with shape [0]; unstable size 0; total size 8192 ([1, 128, 8, 8])
layer /input-52 start_node /input-56 using sparse-spec alpha [2, 2, 1, 0] with unstable size 1 total_size 256 output_shape 256
layer /input-52 start_node /input-72 using sparse-spec alpha [2, 33, 1, 0] with unstable size 32 total_size 100 output_shape torch.Size([100])
layer /input-52 start_node /129 using full alpha [2, 99, 1, 0] with unstable size None total_size 99 output_shape 99
layer /input-60 using sparse-features alpha with shape [1]; unstable size 1; total size 4096 ([1, 256, 4, 4])
layer /input-60 start_node /input-72 using sparse-spec alpha [2, 33, 1, 1] with unstable size 32 total_size 100 output_shape torch.Size([100])
layer /input-60 start_node /129 using full alpha [2, 99, 1, 1] with unstable size None total_size 99 output_shape 99
layer /input-68 using sparse-features alpha with shape [0]; unstable size 0; total size 4096 ([1, 256, 4, 4])
layer /input-68 start_node /input-72 using sparse-spec alpha [2, 33, 1, 0] with unstable size 32 total_size 100 output_shape torch.Size([100])
layer /input-68 start_node /129 using full alpha [2, 99, 1, 0] with unstable size None total_size 99 output_shape 99
layer /128 using sparse-features alpha with shape [32]; unstable size 32; total size 100 ([1, 100])
layer /128 start_node /129 using full alpha [2, 99, 1, 32] with unstable size None total_size 99 output_shape 99
Optimizable variables initialized.
initial CROWN bounds: tensor([[ 3.66863322,  3.09301281,  5.06461763,  8.25711632,  3.41666698,
          3.53374386,  6.61116886,  6.23829556,  5.10996914,  7.87570763,
         -1.28122115,  4.79137039,  8.33030033,  2.71595716,  1.89258623,
          5.61644411,  2.85089016,  9.49043560,  5.61875248,  6.88807201,
          7.13253307,  6.87694931,  0.14144665,  9.72063541,  6.82289314,
          2.51208735,  4.72842503,  3.52342820,  4.15707827, 11.66960907,
          7.82741070,  4.46592617,  7.34038496,  4.87609673,  5.32593060,
          4.70338535,  8.49861526,  6.95415926,  3.14556837,  5.96154881,
          3.32704711,  4.35403967,  3.72035313,  4.35386038, -0.19819403,
          6.04678392,  7.51181746,  4.02168417,  8.70620537,  4.98647594,
          3.00704384, 12.05839825,  4.13092804,  8.19675446,  7.95770359,
         11.57933426,  4.77650404,  4.62607193, 11.38195992, 12.40405369,
          2.13226199,  4.70374107,  4.79172134,  5.12380314,  5.55497456,
          6.79320526,  5.02663565, 11.40698242, 16.00716972,  4.29200649,
         12.25328255,  7.82667065, 10.01942539,  6.37407017,  8.31189060,
         10.80988216,  5.64866924, -1.05810833,  8.11701012,  7.87487125,
          3.78496814,  6.24676514,  1.90017557,  2.87762356,  6.31404924,
          2.12549329,  7.61104012,  1.94262409,  1.71449065,  2.78293991,
          5.97493458,  4.82954836,  4.32423544,  8.37298107, 13.50127029,
          8.49624634,  6.96543264,  4.91304636,  1.68596601]], device='cuda:0') None
prune_after_crown optimization in use: original label size = 99 pruned label size = 3
best_l after optimization: -2.0294017791748047
alpha/beta optimization time: 3.007794141769409
initial alpha-crown bounds: tensor([[        inf,         inf,         inf,         inf,         inf,
                 inf,         inf,         inf,         inf,         inf,
         -1.06360471,         inf,         inf,         inf,         inf,
                 inf,         inf,         inf,         inf,         inf,
                 inf,         inf,         inf,         inf,         inf,
                 inf,         inf,         inf,         inf,         inf,
                 inf,         inf,         inf,         inf,         inf,
                 inf,         inf,         inf,         inf,         inf,
                 inf,         inf,         inf,         inf, -0.06113243,
                 inf,         inf,         inf,         inf,         inf,
                 inf,         inf,         inf,         inf,         inf,
                 inf,         inf,         inf,         inf,         inf,
                 inf,         inf,         inf,         inf,         inf,
                 inf,         inf,         inf,         inf,         inf,
                 inf,         inf,         inf,         inf,         inf,
                 inf,         inf, -0.90466452,         inf,         inf,
                 inf,         inf,         inf,         inf,         inf,
                 inf,         inf,         inf,         inf,         inf,
                 inf,         inf,         inf,         inf,         inf,
                 inf,         inf,         inf,         inf]], device='cuda:0')
Number of class (without rhs): 3 ; Worst class: (+ rhs) -1.063604712486267
Total VNNLIB file length: 99, max property batch size: 100, total number of batches: 1
lA shape: [torch.Size([99, 1, 64, 32, 32]), torch.Size([99, 1, 64, 32, 32]), torch.Size([99, 1, 64, 32, 32]), torch.Size([99, 1, 128, 16, 16]), torch.Size([99, 1, 128, 16, 16]), torch.Size([99, 1, 128, 8, 8]), torch.Size([99, 1, 128, 8, 8]), torch.Size([99, 1, 256, 4, 4]), torch.Size([99, 1, 256, 4, 4]), torch.Size([99, 1, 100])]

Properties batch 0, size 99
Remaining timeout: 95.5391149520874
Verifying property 0 with 99 instances.
##### Instance 0 first 10 spec matrices: 
tensor([[[-1.,  0.,  0.,  0.,  0.,  0.,  0.,  0.,  0.,  0.,  0.,  0.,  0.,  0.,
           0.,  0.,  0.,  0.,  0.,  0.,  0.,  0.,  0.,  0.,  0.,  0.,  1.,  0.,
           0.,  0.,  0.,  0.,  0.,  0.,  0.,  0.,  0.,  0.,  0.,  0.,  0.,  0.,
           0.,  0.,  0.,  0.,  0.,  0.,  0.,  0.,  0.,  0.,  0.,  0.,  0.,  0.,
           0.,  0.,  0.,  0.,  0.,  0.,  0.,  0.,  0.,  0.,  0.,  0.,  0.,  0.,
           0.,  0.,  0.,  0.,  0.,  0.,  0.,  0.,  0.,  0.,  0.,  0.,  0.,  0.,
           0.,  0.,  0.,  0.,  0.,  0.,  0.,  0.,  0.,  0.,  0.,  0.,  0.,  0.,
           0.,  0.]],

        [[ 0., -1.,  0.,  0.,  0.,  0.,  0.,  0.,  0.,  0.,  0.,  0.,  0.,  0.,
           0.,  0.,  0.,  0.,  0.,  0.,  0.,  0.,  0.,  0.,  0.,  0.,  1.,  0.,
           0.,  0.,  0.,  0.,  0.,  0.,  0.,  0.,  0.,  0.,  0.,  0.,  0.,  0.,
           0.,  0.,  0.,  0.,  0.,  0.,  0.,  0.,  0.,  0.,  0.,  0.,  0.,  0.,
           0.,  0.,  0.,  0.,  0.,  0.,  0.,  0.,  0.,  0.,  0.,  0.,  0.,  0.,
           0.,  0.,  0.,  0.,  0.,  0.,  0.,  0.,  0.,  0.,  0.,  0.,  0.,  0.,
           0.,  0.,  0.,  0.,  0.,  0.,  0.,  0.,  0.,  0.,  0.,  0.,  0.,  0.,
           0.,  0.]],

        [[ 0.,  0., -1.,  0.,  0.,  0.,  0.,  0.,  0.,  0.,  0.,  0.,  0.,  0.,
           0.,  0.,  0.,  0.,  0.,  0.,  0.,  0.,  0.,  0.,  0.,  0.,  1.,  0.,
           0.,  0.,  0.,  0.,  0.,  0.,  0.,  0.,  0.,  0.,  0.,  0.,  0.,  0.,
           0.,  0.,  0.,  0.,  0.,  0.,  0.,  0.,  0.,  0.,  0.,  0.,  0.,  0.,
           0.,  0.,  0.,  0.,  0.,  0.,  0.,  0.,  0.,  0.,  0.,  0.,  0.,  0.,
           0.,  0.,  0.,  0.,  0.,  0.,  0.,  0.,  0.,  0.,  0.,  0.,  0.,  0.,
           0.,  0.,  0.,  0.,  0.,  0.,  0.,  0.,  0.,  0.,  0.,  0.,  0.,  0.,
           0.,  0.]],

        [[ 0.,  0.,  0., -1.,  0.,  0.,  0.,  0.,  0.,  0.,  0.,  0.,  0.,  0.,
           0.,  0.,  0.,  0.,  0.,  0.,  0.,  0.,  0.,  0.,  0.,  0.,  1.,  0.,
           0.,  0.,  0.,  0.,  0.,  0.,  0.,  0.,  0.,  0.,  0.,  0.,  0.,  0.,
           0.,  0.,  0.,  0.,  0.,  0.,  0.,  0.,  0.,  0.,  0.,  0.,  0.,  0.,
           0.,  0.,  0.,  0.,  0.,  0.,  0.,  0.,  0.,  0.,  0.,  0.,  0.,  0.,
           0.,  0.,  0.,  0.,  0.,  0.,  0.,  0.,  0.,  0.,  0.,  0.,  0.,  0.,
           0.,  0.,  0.,  0.,  0.,  0.,  0.,  0.,  0.,  0.,  0.,  0.,  0.,  0.,
           0.,  0.]],

        [[ 0.,  0.,  0.,  0., -1.,  0.,  0.,  0.,  0.,  0.,  0.,  0.,  0.,  0.,
           0.,  0.,  0.,  0.,  0.,  0.,  0.,  0.,  0.,  0.,  0.,  0.,  1.,  0.,
           0.,  0.,  0.,  0.,  0.,  0.,  0.,  0.,  0.,  0.,  0.,  0.,  0.,  0.,
           0.,  0.,  0.,  0.,  0.,  0.,  0.,  0.,  0.,  0.,  0.,  0.,  0.,  0.,
           0.,  0.,  0.,  0.,  0.,  0.,  0.,  0.,  0.,  0.,  0.,  0.,  0.,  0.,
           0.,  0.,  0.,  0.,  0.,  0.,  0.,  0.,  0.,  0.,  0.,  0.,  0.,  0.,
           0.,  0.,  0.,  0.,  0.,  0.,  0.,  0.,  0.,  0.,  0.,  0.,  0.,  0.,
           0.,  0.]],

        [[ 0.,  0.,  0.,  0.,  0., -1.,  0.,  0.,  0.,  0.,  0.,  0.,  0.,  0.,
           0.,  0.,  0.,  0.,  0.,  0.,  0.,  0.,  0.,  0.,  0.,  0.,  1.,  0.,
           0.,  0.,  0.,  0.,  0.,  0.,  0.,  0.,  0.,  0.,  0.,  0.,  0.,  0.,
           0.,  0.,  0.,  0.,  0.,  0.,  0.,  0.,  0.,  0.,  0.,  0.,  0.,  0.,
           0.,  0.,  0.,  0.,  0.,  0.,  0.,  0.,  0.,  0.,  0.,  0.,  0.,  0.,
           0.,  0.,  0.,  0.,  0.,  0.,  0.,  0.,  0.,  0.,  0.,  0.,  0.,  0.,
           0.,  0.,  0.,  0.,  0.,  0.,  0.,  0.,  0.,  0.,  0.,  0.,  0.,  0.,
           0.,  0.]],

        [[ 0.,  0.,  0.,  0.,  0.,  0., -1.,  0.,  0.,  0.,  0.,  0.,  0.,  0.,
           0.,  0.,  0.,  0.,  0.,  0.,  0.,  0.,  0.,  0.,  0.,  0.,  1.,  0.,
           0.,  0.,  0.,  0.,  0.,  0.,  0.,  0.,  0.,  0.,  0.,  0.,  0.,  0.,
           0.,  0.,  0.,  0.,  0.,  0.,  0.,  0.,  0.,  0.,  0.,  0.,  0.,  0.,
           0.,  0.,  0.,  0.,  0.,  0.,  0.,  0.,  0.,  0.,  0.,  0.,  0.,  0.,
           0.,  0.,  0.,  0.,  0.,  0.,  0.,  0.,  0.,  0.,  0.,  0.,  0.,  0.,
           0.,  0.,  0.,  0.,  0.,  0.,  0.,  0.,  0.,  0.,  0.,  0.,  0.,  0.,
           0.,  0.]],

        [[ 0.,  0.,  0.,  0.,  0.,  0.,  0., -1.,  0.,  0.,  0.,  0.,  0.,  0.,
           0.,  0.,  0.,  0.,  0.,  0.,  0.,  0.,  0.,  0.,  0.,  0.,  1.,  0.,
           0.,  0.,  0.,  0.,  0.,  0.,  0.,  0.,  0.,  0.,  0.,  0.,  0.,  0.,
           0.,  0.,  0.,  0.,  0.,  0.,  0.,  0.,  0.,  0.,  0.,  0.,  0.,  0.,
           0.,  0.,  0.,  0.,  0.,  0.,  0.,  0.,  0.,  0.,  0.,  0.,  0.,  0.,
           0.,  0.,  0.,  0.,  0.,  0.,  0.,  0.,  0.,  0.,  0.,  0.,  0.,  0.,
           0.,  0.,  0.,  0.,  0.,  0.,  0.,  0.,  0.,  0.,  0.,  0.,  0.,  0.,
           0.,  0.]],

        [[ 0.,  0.,  0.,  0.,  0.,  0.,  0.,  0., -1.,  0.,  0.,  0.,  0.,  0.,
           0.,  0.,  0.,  0.,  0.,  0.,  0.,  0.,  0.,  0.,  0.,  0.,  1.,  0.,
           0.,  0.,  0.,  0.,  0.,  0.,  0.,  0.,  0.,  0.,  0.,  0.,  0.,  0.,
           0.,  0.,  0.,  0.,  0.,  0.,  0.,  0.,  0.,  0.,  0.,  0.,  0.,  0.,
           0.,  0.,  0.,  0.,  0.,  0.,  0.,  0.,  0.,  0.,  0.,  0.,  0.,  0.,
           0.,  0.,  0.,  0.,  0.,  0.,  0.,  0.,  0.,  0.,  0.,  0.,  0.,  0.,
           0.,  0.,  0.,  0.,  0.,  0.,  0.,  0.,  0.,  0.,  0.,  0.,  0.,  0.,
           0.,  0.]],

        [[ 0.,  0.,  0.,  0.,  0.,  0.,  0.,  0.,  0., -1.,  0.,  0.,  0.,  0.,
           0.,  0.,  0.,  0.,  0.,  0.,  0.,  0.,  0.,  0.,  0.,  0.,  1.,  0.,
           0.,  0.,  0.,  0.,  0.,  0.,  0.,  0.,  0.,  0.,  0.,  0.,  0.,  0.,
           0.,  0.,  0.,  0.,  0.,  0.,  0.,  0.,  0.,  0.,  0.,  0.,  0.,  0.,
           0.,  0.,  0.,  0.,  0.,  0.,  0.,  0.,  0.,  0.,  0.,  0.,  0.,  0.,
           0.,  0.,  0.,  0.,  0.,  0.,  0.,  0.,  0.,  0.,  0.,  0.,  0.,  0.,
           0.,  0.,  0.,  0.,  0.,  0.,  0.,  0.,  0.,  0.,  0.,  0.,  0.,  0.,
           0.,  0.]]], dtype=torch.float64)
thresholds: tensor([0., 0., 0., 0., 0., 0., 0., 0., 0., 0.], device='cuda:0') ######
Initial alpha-CROWN verified for spec index tensor([ 0,  1,  2,  3,  4,  5,  6,  7,  8,  9, 11, 12, 13, 14, 15, 16, 17, 18,
        19, 20, 21, 22, 23, 24, 25, 26, 27, 28, 29, 30, 31, 32, 33, 34, 35, 36,
        37, 38, 39, 40, 41, 42, 43, 45, 46, 47, 48, 49, 50, 51, 52, 53, 54, 55,
        56, 57, 58, 59, 60, 61, 62, 63, 64, 65, 66, 67, 68, 69, 70, 71, 72, 73,
        74, 75, 76, 78, 79, 80, 81, 82, 83, 84, 85, 86, 87, 88, 89, 90, 91, 92,
        93, 94, 95, 96, 97, 98], device='cuda:0') with bound tensor([inf, inf, inf, inf, inf, inf, inf, inf, inf, inf, inf, inf, inf, inf, inf, inf, inf, inf, inf, inf, inf, inf, inf, inf,
        inf, inf, inf, inf, inf, inf, inf, inf, inf, inf, inf, inf, inf, inf, inf, inf, inf, inf, inf, inf, inf, inf, inf, inf,
        inf, inf, inf, inf, inf, inf, inf, inf, inf, inf, inf, inf, inf, inf, inf, inf, inf, inf, inf, inf, inf, inf, inf, inf,
        inf, inf, inf, inf, inf, inf, inf, inf, inf, inf, inf, inf, inf, inf, inf, inf, inf, inf, inf, inf, inf, inf, inf, inf],
       device='cuda:0').
Remaining spec index tensor([10, 44, 77], device='cuda:0') with bounds tensor([[-1.06360471],
        [-0.06113243],
        [-0.90466452]], device='cuda:0') need to verify.
Model prediction is: tensor([ -6.10371161,  -4.69202900,  -7.16788006,  -9.81149578,  -4.82184172,
         -5.94517660,  -7.65982008,  -7.28844118,  -6.86216259,  -9.66221809,
         -0.43994340,  -6.95889568, -10.21516418,  -4.66168737,  -3.10564828,
         -7.27582932,  -4.92440605, -11.29072094,  -7.20332813,  -8.54084778,
         -9.53835201,  -8.68573761,  -1.85836232, -11.94577885,  -7.79762363,
         -4.31197739,   0.96419013,  -5.79520369,  -5.16497469,  -5.16476011,
        -13.47728348,  -9.55124950,  -5.85383797,  -8.89368725,  -6.41986895,
         -7.41582060,  -6.79878712, -10.16574001,  -8.34842300,  -5.00034523,
         -7.85551691,  -4.48975420,  -5.90574217,  -5.24317694,  -5.39892864,
         -0.52413332,  -8.28036118,  -9.05334282,  -5.44704103, -10.13975811,
         -6.45067644,  -4.92841625, -13.43728065,  -6.39209270, -10.06133461,
         -9.41827965, -12.95008278,  -6.85328627,  -6.68245125, -12.87017632,
        -15.17320347,  -3.73169327,  -6.63426208,  -6.05094385,  -6.25319481,
         -7.24885702,  -7.49864721,  -6.34220648, -13.87580681, -18.56593513,
         -6.12639999, -14.69361019,  -9.38166046, -11.66774654,  -7.49716949,
         -9.74112225, -13.36284447,  -7.38338470,  -0.09369779,  -9.12886238,
         -9.21879673,  -5.63594913,  -7.26424503,  -3.63412929,  -5.14106989,
         -7.99414873,  -3.40267253,  -9.83244133,  -3.29360461,  -3.17937326,
         -4.61040497,  -7.45185852,  -6.62929583,  -5.05450439, -11.14882183,
        -15.88930130, -10.18233490,  -8.85218239,  -7.03885841,  -3.44143438],
       device='cuda:0')
build_with_refined_bounds batch [1/1]
setting alpha for layer /input-4 start_node /129 with alignment adjustment
setting alpha for layer /input-12 start_node /129 with alignment adjustment
setting alpha for layer /input-20 start_node /129 with alignment adjustment
setting alpha for layer /input-28 start_node /129 with alignment adjustment
setting alpha for layer /input-36 start_node /129 with alignment adjustment
setting alpha for layer /input-44 start_node /129 with alignment adjustment
setting alpha for layer /input-52 start_node /129 with alignment adjustment
setting alpha for layer /input-60 start_node /129 with alignment adjustment
setting alpha for layer /input-68 start_node /129 with alignment adjustment
setting alpha for layer /128 start_node /129 with alignment adjustment
all alpha initialized
directly get lb and ub from refined bounds
c shape: torch.Size([3, 1, 100])
lA shapes: [torch.Size([3, 1, 64, 32, 32]), torch.Size([3, 1, 64, 32, 32]), torch.Size([3, 1, 64, 32, 32]), torch.Size([3, 1, 128, 16, 16]), torch.Size([3, 1, 128, 16, 16]), torch.Size([3, 1, 128, 8, 8]), torch.Size([3, 1, 128, 8, 8]), torch.Size([3, 1, 256, 4, 4]), torch.Size([3, 1, 256, 4, 4]), torch.Size([3, 1, 100])]
(alpha-)CROWN with fixed intermediate bounds: tensor([[-1.06360471],
        [-0.06113243],
        [-0.90466452]], device='cuda:0') tensor([[inf],
        [inf],
        [inf]], device='cuda:0')
Intermediate layers: /input,/input-8,/input-16,/input-24,/input-32,/input-40,/input-48,/input-56,/input-64,/input-72,/129
Keeping alphas for these layers: ['/129']
Keeping alphas for these layers: ['/129']
Node /input-4 input 0: size torch.Size([64, 32, 32]) unstable 913
Node /input-12 input 0: size torch.Size([64, 32, 32]) unstable 2451
Node /input-20 input 0: size torch.Size([64, 32, 32]) unstable 0
Node /input-28 input 0: size torch.Size([128, 16, 16]) unstable 493
Node /input-36 input 0: size torch.Size([128, 16, 16]) unstable 0
Node /input-44 input 0: size torch.Size([128, 8, 8]) unstable 364
Node /input-52 input 0: size torch.Size([128, 8, 8]) unstable 0
Node /input-60 input 0: size torch.Size([256, 4, 4]) unstable 1
Node /input-68 input 0: size torch.Size([256, 4, 4]) unstable 0
Node /128 input 0: size torch.Size([100]) unstable 30
-----------------
# of unstable neurons: 4252
-----------------

BaB round 1
batch: 3
splitting decisions: 
split level 0: [/input-72, 92] [/input-72, 36] [/input-72, 33] 
split level 1: [/input-72, 82] [/input-72, 82] [/input-72, 94] 
split level 2: [/input-72, 43] [/input-72, 52] [/input-72, 41] 
pruning_in_iteration open status: True
ratio of positive domain = 8 / 24 = 0.33333333333333337
pruning-in-iteration extra time: 0.003134489059448242
Time: prepare 0.0004    bound 0.1962    transfer 0.0102    finalize 0.0006    func 0.2074    
Accumulated time: func 0.2074    prepare 0.0009    bound 0.1962    transfer 0.0102    finalize 0.0006    
Current worst splitting domains lb-rhs (depth):
-0.72561 (3), -0.61451 (3), -0.61154 (3), -0.51155 (3), -0.50904 (3), -0.49950 (3), -0.48707 (3), -0.42417 (3), -0.41438 (3), -0.37576 (3), -0.34562 (3), -0.22032 (3), -0.16805 (3), -0.15933 (3), -0.06794 (3), -0.05645 (3), 
Length of domains: 16
Time: pickout 0.0010    decision 0.1063    set_bounds 0.0015    solve 0.2075    add 0.0054    
Accumulated time: pickout 0.0010    decision 0.1063    set_bounds 0.0015    solve 0.2075    add 0.0054    
Current (lb-rhs): -0.72560715675354
16 domains visited
Cumulative time: 1.1803691387176514

BaB round 2
batch: 16
splitting decisions: 
split level 0: [/input-72, 0] [/input-72, 52] [/input-72, 0] [/input-72, 52] [/input-72, 0] [/input-72, 52] [/input-72, 0] [/input-72, 52] [/input-72, 0] [/input-72, 15] 
pruning_in_iteration open status: True
ratio of positive domain = 9 / 32 = 0.28125
pruning-in-iteration extra time: 0.0021734237670898438
Time: prepare 0.0010    bound 0.1485    transfer 0.0058    finalize 0.0006    func 0.1559    
Accumulated time: func 0.3633    prepare 0.0022    bound 0.3446    transfer 0.0161    finalize 0.0012    
Current worst splitting domains lb-rhs (depth):
-0.70854 (4), -0.59454 (4), -0.50015 (4), -0.47630 (4), -0.46923 (4), -0.44256 (4), -0.40803 (4), -0.37423 (4), -0.37259 (4), -0.33374 (4), -0.31898 (4), -0.28162 (4), -0.24505 (4), -0.24052 (4), -0.21917 (4), -0.18697 (4), -0.14678 (4), -0.13467 (4), -0.12613 (4), -0.08711 (4), 
Length of domains: 23
Time: pickout 0.0011    decision 0.0548    set_bounds 0.0012    solve 0.1564    add 0.0078    
Accumulated time: pickout 0.0021    decision 0.1612    set_bounds 0.0027    solve 0.3638    add 0.0132    
Current (lb-rhs): -0.7085402011871338
39 domains visited
Cumulative time: 1.403517246246338

BaB round 3
batch: 23
splitting decisions: 
split level 0: [/input-72, 52] [/input-72, 15] [/input-72, 52] [/input-72, 15] [/input-72, 52] [/input-72, 15] [/input-72, 57] [/input-72, 15] [/input-72, 52] [/input-72, 52] 
pruning_in_iteration open status: True
ratio of positive domain = 19 / 46 = 0.4130434782608695
pruning-in-iteration extra time: 0.003182649612426758
Time: prepare 0.0013    bound 0.1586    transfer 0.0258    finalize 0.0010    func 0.1868    
Accumulated time: func 0.5501    prepare 0.0038    bound 0.5032    transfer 0.0419    finalize 0.0022    
Current worst splitting domains lb-rhs (depth):
-0.65431 (5), -0.54645 (5), -0.54103 (5), -0.46527 (5), -0.43437 (5), -0.43046 (5), -0.37984 (5), -0.36753 (5), -0.36267 (5), -0.36003 (5), -0.33869 (5), -0.33290 (5), -0.32055 (5), -0.31862 (5), -0.30497 (5), -0.27509 (5), -0.26996 (5), -0.23333 (5), -0.22929 (5), -0.20501 (5), 
Length of domains: 27
Time: pickout 0.0016    decision 0.0615    set_bounds 0.0014    solve 0.1868    add 0.0099    
Accumulated time: pickout 0.0037    decision 0.2226    set_bounds 0.0042    solve 0.5507    add 0.0231    
Current (lb-rhs): -0.6543114185333252
66 domains visited
Cumulative time: 1.6673486232757568

BaB round 4
batch: 27
splitting decisions: 
split level 0: [/input-72, 82] [/input-72, 57] [/input-72, 57] [/input-72, 82] [/input-72, 52] [/input-72, 82] [/input-72, 82] [/input-72, 57] [/input-72, 82] [/input-72, 57] 
pruning_in_iteration open status: False
ratio of positive domain = 10 / 54 = 0.18518518518518523
pruning-in-iteration extra time: 0.00010561943054199219
Time: prepare 0.0014    bound 0.1320    transfer 0.0276    finalize 0.0037    func 0.1649    
Accumulated time: func 0.7149    prepare 0.0057    bound 0.6352    transfer 0.0695    finalize 0.0059    
Current worst splitting domains lb-rhs (depth):
-0.55144 (6), -0.54683 (6), -0.44397 (6), -0.43817 (6), -0.43472 (6), -0.43134 (6), -0.35657 (6), -0.34844 (6), -0.33543 (6), -0.32659 (6), -0.32234 (6), -0.32177 (6), -0.29992 (6), -0.27653 (6), -0.26096 (6), -0.25690 (6), -0.25586 (6), -0.25503 (6), -0.25358 (6), -0.25080 (6), 
Length of domains: 44
Time: pickout 0.0016    decision 0.0696    set_bounds 0.0017    solve 0.1650    add 0.0156    
Accumulated time: pickout 0.0053    decision 0.2923    set_bounds 0.0058    solve 0.7156    add 0.0387    
Current (lb-rhs): -0.5514411926269531
110 domains visited
Cumulative time: 1.9238057136535645

BaB round 5
batch: 44
splitting decisions: 
split level 0: [/input-72, 19] [/input-72, 36] [/input-72, 19] [/input-72, 36] [/input-72, 19] [/input-72, 19] [/input-72, 36] [/input-72, 19] [/input-72, 19] [/input-72, 36] 
pruning_in_iteration open status: True
ratio of positive domain = 36 / 88 = 0.40909090909090906
pruning-in-iteration extra time: 0.0035698413848876953
Time: prepare 0.0021    bound 0.1684    transfer 0.0405    finalize 0.0017    func 0.2128    
Accumulated time: func 0.9278    prepare 0.0083    bound 0.8036    transfer 0.1100    finalize 0.0077    
Current worst splitting domains lb-rhs (depth):
-0.53867 (7), -0.53419 (7), -0.43166 (7), -0.42652 (7), -0.42300 (7), -0.41921 (7), -0.32034 (7), -0.31412 (7), -0.31126 (7), -0.30959 (7), -0.30839 (7), -0.30063 (7), -0.26174 (7), -0.26150 (7), -0.24869 (7), -0.24259 (7), -0.22201 (7), -0.21873 (7), -0.21551 (7), -0.21076 (7), 
Length of domains: 52
Time: pickout 0.0050    decision 0.1149    set_bounds 0.0027    solve 0.2129    add 0.0170    
Accumulated time: pickout 0.0103    decision 0.4072    set_bounds 0.0085    solve 0.9285    add 0.0557    
Current (lb-rhs): -0.538665771484375
162 domains visited
Cumulative time: 2.2801878452301025

BaB round 6
batch: 52
splitting decisions: 
split level 0: [/input-72, 51] [/input-72, 51] [/input-72, 51] [/input-72, 51] [/input-72, 51] [/input-72, 51] [/input-72, 51] [/input-72, 51] [/input-72, 51] [/input-72, 51] 
pruning_in_iteration open status: True
ratio of positive domain = 22 / 104 = 0.21153846153846156
pruning-in-iteration extra time: 0.002775430679321289
Time: prepare 0.0024    bound 0.1742    transfer 0.0471    finalize 0.0020    func 0.2258    
Accumulated time: func 1.1536    prepare 0.0112    bound 0.9779    transfer 0.1571    finalize 0.0097    
Current worst splitting domains lb-rhs (depth):
-0.49025 (8), -0.48428 (8), -0.42939 (8), -0.42433 (8), -0.38448 (8), -0.37977 (8), -0.37832 (8), -0.36853 (8), -0.33728 (8), -0.33603 (8), -0.28342 (8), -0.26797 (8), -0.26288 (8), -0.26058 (8), -0.25446 (8), -0.25116 (8), -0.24304 (8), -0.24066 (8), -0.23720 (8), -0.23543 (8), 
Length of domains: 82
Time: pickout 0.0027    decision 0.1176    set_bounds 0.0028    solve 0.2259    add 0.0264    
Accumulated time: pickout 0.0130    decision 0.5248    set_bounds 0.0113    solve 1.1544    add 0.0821    
Current (lb-rhs): -0.49025487899780273
244 domains visited
Cumulative time: 2.660088539123535

BaB round 7
batch: 82
splitting decisions: 
split level 0: [/input-40, 7613] [/input-72, 37] [/input-40, 7068] [/input-72, 37] [/input-72, 37] [/input-40, 7068] [/input-40, 7613] [/input-40, 7068] [/input-40, 7068] [/input-40, 7068] 
pruning_in_iteration open status: True
ratio of positive domain = 33 / 164 = 0.2012195121951219
pruning-in-iteration extra time: 0.015737056732177734
Time: prepare 0.0044    bound 0.3759    transfer 0.0819    finalize 0.0029    func 0.4652    
Accumulated time: func 1.6188    prepare 0.0162    bound 1.3538    transfer 0.2390    finalize 0.0127    
Current worst splitting domains lb-rhs (depth):
-0.47903 (9), -0.46815 (9), -0.42100 (9), -0.39804 (9), -0.37823 (9), -0.37384 (9), -0.37271 (9), -0.36243 (9), -0.36064 (9), -0.35610 (9), -0.33053 (9), -0.32805 (9), -0.32184 (9), -0.31327 (9), -0.27517 (9), -0.27263 (9), -0.26735 (9), -0.26174 (9), -0.25608 (9), -0.25088 (9), 
Length of domains: 131
Time: pickout 0.0037    decision 0.1790    set_bounds 0.0038    solve 0.4653    add 0.0709    
Accumulated time: pickout 0.0167    decision 0.7038    set_bounds 0.0151    solve 1.6197    add 0.1530    
Current (lb-rhs): -0.4790310859680176
375 domains visited
Cumulative time: 3.387133836746216

BaB round 8
batch: 131
splitting decisions: 
split level 0: [/input-40, 7068] [/input-40, 7068] [/input-40, 7068] [/input-40, 7068] [/input-40, 7068] [/input-72, 37] [/input-40, 7613] [/input-40, 7068] [/input-72, 37] [/input-40, 7068] 
pruning_in_iteration open status: False
ratio of positive domain = 49 / 262 = 0.1870229007633588
pruning-in-iteration extra time: 5.14984130859375e-05
Time: prepare 0.0069    bound 0.2771    transfer 0.0975    finalize 0.0031    func 0.3845    
Accumulated time: func 2.0033    prepare 0.0236    bound 1.6309    transfer 0.3365    finalize 0.0157    
Current worst splitting domains lb-rhs (depth):
-0.46329 (10), -0.45570 (10), -0.39531 (10), -0.39257 (10), -0.36773 (10), -0.35386 (10), -0.35111 (10), -0.34912 (10), -0.33878 (10), -0.33849 (10), -0.33703 (10), -0.33332 (10), -0.32276 (10), -0.30494 (10), -0.30266 (10), -0.29434 (10), -0.28345 (10), -0.28064 (10), -0.28007 (10), -0.24922 (10), 
Length of domains: 208
Time: pickout 0.0060    decision 0.2494    set_bounds 0.0055    solve 0.3846    add 0.1153    
Accumulated time: pickout 0.0228    decision 0.9531    set_bounds 0.0206    solve 2.0043    add 0.2683    
Current (lb-rhs): -0.4632854461669922
583 domains visited
Cumulative time: 4.155110836029053

BaB round 9
batch: 208
splitting decisions: 
split level 0: [/input-40, 7613] [/input-40, 7613] [/input-40, 7613] [/input-40, 6331] [/input-40, 7613] [/input-40, 6331] [/input-40, 7613] [/input-40, 7613] [/input-40, 7613] [/input-40, 7613] 
pruning_in_iteration open status: True
ratio of positive domain = 112 / 416 = 0.2692307692307693
pruning-in-iteration extra time: 0.003203868865966797
Time: prepare 0.0107    bound 0.4521    transfer 0.1639    finalize 0.0066    func 0.6334    
Accumulated time: func 2.6367    prepare 0.0349    bound 2.0830    transfer 0.5004    finalize 0.0223    
Current worst splitting domains lb-rhs (depth):
-0.43895 (11), -0.43149 (11), -0.38032 (11), -0.37127 (11), -0.37023 (11), -0.36706 (11), -0.34218 (11), -0.33082 (11), -0.32865 (11), -0.32850 (11), -0.32830 (11), -0.32574 (11), -0.31636 (11), -0.31631 (11), -0.31099 (11), -0.31099 (11), -0.30949 (11), -0.28750 (11), -0.28134 (11), -0.27938 (11), 
Length of domains: 304
Time: pickout 0.0201    decision 0.4413    set_bounds 0.0085    solve 0.6335    add 0.1930    
Accumulated time: pickout 0.0429    decision 1.3944    set_bounds 0.0291    solve 2.6378    add 0.4613    
Current (lb-rhs): -0.4389519691467285
887 domains visited
Cumulative time: 5.465084552764893

BaB round 10
batch: 256
splitting decisions: 
split level 0: [/input-72, 14] [/input-72, 66] [/input-72, 45] [/input-72, 66] [/input-72, 45] [/input-72, 45] [/input-56, 1724] [/input-72, 45] [/input-40, 6331] [/input-72, 45] 
pruning_in_iteration open status: True
ratio of positive domain = 152 / 512 = 0.296875
pruning-in-iteration extra time: 0.003537893295288086
Time: prepare 0.0139    bound 0.5594    transfer 0.2193    finalize 0.0079    func 0.8006    
Accumulated time: func 3.4373    prepare 0.0495    bound 2.6424    transfer 0.7196    finalize 0.0302    
Current worst splitting domains lb-rhs (depth):
-0.43282 (12), -0.41022 (12), -0.37194 (12), -0.34750 (12), -0.34659 (12), -0.34549 (12), -0.34320 (12), -0.32247 (12), -0.32055 (12), -0.32015 (12), -0.31836 (12), -0.31113 (12), -0.30945 (12), -0.30861 (12), -0.30359 (12), -0.29444 (12), -0.29363 (12), -0.29016 (12), -0.28882 (12), -0.28831 (12), 
Length of domains: 408
Time: pickout 0.0108    decision 0.6206    set_bounds 0.1271    solve 0.8007    add 0.3373    
Accumulated time: pickout 0.0536    decision 2.0150    set_bounds 0.1562    solve 3.4386    add 0.7986    
Current (lb-rhs): -0.43282365798950195
1247 domains visited
current_vram/total_varm: 18.2GB/102.0GB, batch_size increase to 512
Cumulative time: 7.4165191650390625

BaB round 11
batch: 408
splitting decisions: 
split level 0: [/input-72, 45] [/input-72, 45] [/input-72, 37] [/input-40, 6331] [/input-40, 3956] [/input-72, 45] [/input-72, 45] [/input-72, 45] [/input-72, 45] [/input-72, 45] 
pruning_in_iteration open status: True
ratio of positive domain = 231 / 816 = 0.28308823529411764
pruning-in-iteration extra time: 0.005382061004638672
Time: prepare 0.0223    bound 1.0321    transfer 0.3664    finalize 0.0164    func 1.4372    
Accumulated time: func 4.8745    prepare 0.0725    bound 3.6745    transfer 1.0861    finalize 0.0466    
Current worst splitting domains lb-rhs (depth):
-0.41166 (13), -0.40397 (13), -0.35559 (13), -0.35010 (13), -0.34741 (13), -0.34148 (13), -0.33866 (13), -0.33823 (13), -0.33710 (13), -0.31166 (13), -0.31137 (13), -0.30323 (13), -0.30267 (13), -0.30252 (13), -0.29996 (13), -0.29755 (13), -0.29556 (13), -0.29303 (13), -0.29181 (13), -0.29144 (13), 
Length of domains: 585
Time: pickout 0.0354    decision 1.0825    set_bounds 0.0171    solve 1.4379    add 0.3730    
Accumulated time: pickout 0.0890    decision 3.0975    set_bounds 0.1733    solve 4.8764    add 1.1716    
Current (lb-rhs): -0.4116630554199219
1832 domains visited
Cumulative time: 10.401350259780884

BaB round 12
batch: 512
splitting decisions: 
split level 0: [/input-72, 74] [/input-40, 6876] [/input-40, 2916] [/input-56, 1724] [/input-56, 1724] [/input-40, 6876] [/input-72, 14] [/input-40, 6876] [/input-72, 14] [/input-72, 66] 
pruning_in_iteration open status: False
ratio of positive domain = 188 / 1024 = 0.18359375
pruning-in-iteration extra time: 0.00014853477478027344
Time: prepare 0.0283    bound 1.4429    transfer 0.4521    finalize 0.0144    func 1.9377    
Accumulated time: func 6.8123    prepare 0.1015    bound 5.1174    transfer 1.5381    finalize 0.0610    
Current worst splitting domains lb-rhs (depth):
-0.40570 (14), -0.39764 (14), -0.35562 (14), -0.34913 (14), -0.34432 (14), -0.33931 (14), -0.33564 (14), -0.33238 (14), -0.33121 (14), -0.32937 (14), -0.31437 (14), -0.30508 (14), -0.30498 (14), -0.29738 (14), -0.29728 (14), -0.29658 (14), -0.29628 (14), -0.29190 (14), -0.29135 (14), -0.28851 (14), 
Length of domains: 890
Time: pickout 0.0246    decision 1.7777    set_bounds 0.1313    solve 1.9379    add 0.5186    
Accumulated time: pickout 0.1137    decision 4.8752    set_bounds 0.3046    solve 6.8144    add 1.6902    
Current (lb-rhs): -0.4057035446166992
2649 domains visited
current_vram/total_varm: 34.9GB/102.0GB, batch_size increase to 1024
Cumulative time: 14.842688798904419

BaB round 13
batch: 890
splitting decisions: 
split level 0: [/input-40, 1443] [/input-72, 45] [/input-72, 45] [/input-72, 37] [/input-40, 1443] [/input-40, 6331] [/input-40, 1901] [/input-40, 6876] [/input-72, 66] [/input-72, 66] 
pruning_in_iteration open status: False
ratio of positive domain = 336 / 1780 = 0.18876404494382026
pruning-in-iteration extra time: 0.00033545494079589844
Time: prepare 0.0486    bound 2.4835    transfer 0.8506    finalize 0.0185    func 3.4013    
Accumulated time: func 10.2136    prepare 0.1508    bound 7.6009    transfer 2.3887    finalize 0.0795    
Current worst splitting domains lb-rhs (depth):
-0.37598 (15), -0.37213 (15), -0.36791 (15), -0.36490 (15), -0.32576 (15), -0.32078 (15), -0.31915 (15), -0.31612 (15), -0.31589 (15), -0.30975 (15), -0.30784 (15), -0.30457 (15), -0.30337 (15), -0.30226 (15), -0.30204 (15), -0.30069 (15), -0.29858 (15), -0.29805 (15), -0.29652 (15), -0.29508 (15), 
Length of domains: 1417
Time: pickout 0.0476    decision 2.2681    set_bounds 0.1572    solve 3.4020    add 1.3584    
Accumulated time: pickout 0.1613    decision 7.1433    set_bounds 0.4619    solve 10.2164    add 3.0486    
Current (lb-rhs): -0.37598466873168945
4066 domains visited
Cumulative time: 22.209140062332153

BaB round 14
batch: 1024
splitting decisions: 
split level 0: [/input-40, 1901] [/input-72, 57] [/input-40, 4067] [/input-40, 6876] [/input-40, 6876] [/input-72, 57] [/input-72, 14] [/input-40, 3956] [/input-72, 45] [/input-40, 1571] 
pruning_in_iteration open status: True
ratio of positive domain = 454 / 2048 = 0.2216796875
pruning-in-iteration extra time: 0.0020170211791992188
Time: prepare 0.0585    bound 2.9732    transfer 0.9575    finalize 0.0215    func 4.0112    
Accumulated time: func 14.2248    prepare 0.2100    bound 10.5741    transfer 3.3462    finalize 0.1010    
Current worst splitting domains lb-rhs (depth):
-0.37598 (15), -0.36791 (15), -0.36587 (16), -0.35999 (16), -0.33220 (16), -0.32877 (16), -0.31976 (16), -0.31915 (15), -0.31612 (15), -0.31460 (16), -0.30975 (15), -0.30784 (15), -0.30422 (16), -0.30226 (15), -0.30069 (15), -0.29991 (16), -0.29897 (16), -0.29805 (15), -0.29729 (16), -0.29437 (16), 
Length of domains: 1987
Time: pickout 0.0487    decision 2.6901    set_bounds 0.1653    solve 4.0117    add 1.0711    
Accumulated time: pickout 0.2100    decision 9.8334    set_bounds 0.6271    solve 14.2280    add 4.1196    
Current (lb-rhs): -0.37598466873168945
5660 domains visited
Cumulative time: 30.34357786178589

BaB round 15
batch: 1024
splitting decisions: 
split level 0: [/input-72, 36] [/input-40, 1443] [/input-72, 57] [/input-40, 3564] [/input-40, 540] [/input-72, 57] [/input-40, 3939] [/input-40, 7613] [/input-40, 3564] [/input-40, 6331] 
pruning_in_iteration open status: True
ratio of positive domain = 516 / 2048 = 0.251953125
pruning-in-iteration extra time: 0.005230903625488281
Time: prepare 0.0614    bound 2.2509    transfer 0.9280    finalize 0.0242    func 3.2647    
Accumulated time: func 17.4895    prepare 0.2721    bound 12.8249    transfer 4.2742    finalize 0.1252    
Current worst splitting domains lb-rhs (depth):
-0.37598 (15), -0.36791 (15), -0.36587 (16), -0.35999 (16), -0.32528 (17), -0.32075 (17), -0.31976 (16), -0.31915 (15), -0.31612 (15), -0.30975 (15), -0.30784 (15), -0.30422 (16), -0.30366 (17), -0.30226 (15), -0.30069 (15), -0.29991 (16), -0.29897 (16), -0.29805 (15), -0.29729 (16), -0.29532 (17), 
Length of domains: 2495
Time: pickout 0.0507    decision 2.1457    set_bounds 0.1918    solve 3.2651    add 1.7514    
Accumulated time: pickout 0.2607    decision 11.9791    set_bounds 0.8189    solve 17.4931    add 5.8710    
Current (lb-rhs): -0.37598466873168945
7192 domains visited
Cumulative time: 37.882445335388184

BaB round 16
batch: 1024
splitting decisions: 
split level 0: [/input-72, 57] [/input-40, 1901] [/input-40, 1571] [/input-40, 1933] [/input-72, 57] [/input-40, 1901] [/input-40, 1570] [/input-40, 3564] [/input-40, 540] [/input-40, 1434] 
pruning_in_iteration open status: True
ratio of positive domain = 499 / 2048 = 0.24365234375
pruning-in-iteration extra time: 0.005093812942504883
Time: prepare 0.0620    bound 2.5533    transfer 1.0196    finalize 0.0453    func 3.6803    
Accumulated time: func 21.1698    prepare 0.3348    bound 15.3783    transfer 5.2938    finalize 0.1705    
Current worst splitting domains lb-rhs (depth):
-0.37598 (15), -0.36791 (15), -0.36587 (16), -0.35999 (16), -0.32528 (17), -0.32075 (17), -0.31976 (16), -0.31915 (15), -0.31612 (15), -0.30975 (15), -0.30784 (15), -0.30422 (16), -0.30366 (17), -0.30226 (15), -0.30069 (15), -0.29991 (16), -0.29897 (16), -0.29805 (15), -0.29729 (16), -0.29353 (16), 
Length of domains: 3020
Time: pickout 0.0477    decision 2.2584    set_bounds 0.1734    solve 3.6809    add 1.1445    
Accumulated time: pickout 0.3083    decision 14.2375    set_bounds 0.9923    solve 21.1740    add 7.0155    
Current (lb-rhs): -0.37598466873168945
8741 domains visited
Cumulative time: 45.39288377761841

BaB round 17
batch: 1024
splitting decisions: 
split level 0: [/input-40, 5347] [/input-40, 5347] [/input-72, 36] [/input-72, 57] [/input-40, 2419] [/input-72, 57] [/input-24, 28549] [/input-40, 4067] [/input-72, 57] [/input-72, 45] 
pruning_in_iteration open status: True
ratio of positive domain = 491 / 2048 = 0.23974609375
pruning-in-iteration extra time: 0.0073697566986083984
Time: prepare 0.1224    bound 2.7098    transfer 1.2581    finalize 0.3190    func 4.4096    
Accumulated time: func 25.5794    prepare 0.4583    bound 18.0881    transfer 6.5519    finalize 0.4895    
Current worst splitting domains lb-rhs (depth):
-0.37598 (15), -0.36791 (15), -0.36587 (16), -0.35999 (16), -0.32528 (17), -0.32075 (17), -0.31976 (16), -0.31915 (15), -0.31612 (15), -0.30975 (15), -0.30784 (15), -0.30422 (16), -0.30366 (17), -0.30226 (15), -0.30069 (15), -0.29991 (16), -0.29897 (16), -0.29805 (15), -0.29729 (16), -0.29353 (16), 
Length of domains: 3553
Time: pickout 0.0740    decision 2.5290    set_bounds 0.0750    solve 4.4102    add 1.5330    
Accumulated time: pickout 0.3824    decision 16.7665    set_bounds 1.0673    solve 25.5842    add 8.5485    
Current (lb-rhs): -0.37598466873168945
10298 domains visited
Cumulative time: 54.267664194107056

BaB round 18
batch: 1024
splitting decisions: 
split level 0: [/input-72, 36] [/input-56, 1724] [/input-56, 1724] [/input-40, 3541] [/input-40, 1434] [/input-40, 1434] [/input-72, 36] [/input-8, 25998] [/input-8, 25998] [/input-56, 1724] 
pruning_in_iteration open status: True
ratio of positive domain = 520 / 2048 = 0.25390625
pruning-in-iteration extra time: 0.005766153335571289
Time: prepare 0.0759    bound 2.6145    transfer 0.9654    finalize 0.0250    func 3.6810    
Accumulated time: func 29.2604    prepare 0.5356    bound 20.7025    transfer 7.5173    finalize 0.5145    
Current worst splitting domains lb-rhs (depth):
-0.37598 (15), -0.36791 (15), -0.36587 (16), -0.35999 (16), -0.32528 (17), -0.32075 (17), -0.31976 (16), -0.31915 (15), -0.31612 (15), -0.30975 (15), -0.30784 (15), -0.30422 (16), -0.30366 (17), -0.30226 (15), -0.30069 (15), -0.29991 (16), -0.29897 (16), -0.29805 (15), -0.29729 (16), -0.29353 (16), 
Length of domains: 4057
Time: pickout 0.0897    decision 2.6529    set_bounds 0.0544    solve 3.6815    add 1.1059    
Accumulated time: pickout 0.4721    decision 19.4194    set_bounds 1.1217    solve 29.2657    add 9.6544    
Current (lb-rhs): -0.37598466873168945
11826 domains visited
Cumulative time: 62.01335000991821

BaB round 19
batch: 1024
splitting decisions: 
split level 0: [/input-40, 2537] [/input-40, 540] [/input-40, 1435] [/input-40, 3541] [/input-40, 2537] [/input-40, 6331] [/input-72, 36] [/input-40, 1434] [/input-56, 1724] [/input-40, 1933] 
pruning_in_iteration open status: True
ratio of positive domain = 460 / 2048 = 0.224609375
pruning-in-iteration extra time: 0.0027196407318115234
Time: prepare 0.0673    bound 2.4475    transfer 1.0221    finalize 0.0275    func 3.5645    
Accumulated time: func 32.8249    prepare 0.6037    bound 23.1500    transfer 8.5394    finalize 0.5421    
Current worst splitting domains lb-rhs (depth):
-0.37598 (15), -0.36791 (15), -0.36587 (16), -0.35999 (16), -0.32528 (17), -0.32075 (17), -0.31976 (16), -0.31915 (15), -0.31612 (15), -0.30975 (15), -0.30784 (15), -0.30422 (16), -0.30366 (17), -0.30226 (15), -0.30069 (15), -0.29991 (16), -0.29897 (16), -0.29805 (15), -0.29729 (16), -0.29353 (16), 
Length of domains: 4621
Time: pickout 0.0574    decision 2.1341    set_bounds 0.0459    solve 3.5655    add 2.9577    
Accumulated time: pickout 0.5295    decision 21.5535    set_bounds 1.1676    solve 32.8313    add 12.6121    
Current (lb-rhs): -0.37598466873168945
13414 domains visited
Cumulative time: 70.93498277664185

BaB round 20
batch: 1024
splitting decisions: 
split level 0: [/input-40, 2465] [/input-40, 540] [/input-40, 5347] [/input-40, 6331] [/input-40, 1434] [/input-72, 15] [/input-8, 25998] [/input-40, 540] [/input-72, 15] [/input-40, 4059] 
pruning_in_iteration open status: True
ratio of positive domain = 486 / 2048 = 0.2373046875
pruning-in-iteration extra time: 0.003922224044799805
Time: prepare 0.0619    bound 2.3444    transfer 1.0019    finalize 0.0230    func 3.4312    
Accumulated time: func 36.2561    prepare 0.6669    bound 25.4944    transfer 9.5413    finalize 0.5650    
Current worst splitting domains lb-rhs (depth):
-0.37598 (15), -0.36791 (15), -0.36587 (16), -0.35999 (16), -0.32528 (17), -0.32075 (17), -0.31976 (16), -0.31915 (15), -0.31612 (15), -0.30975 (15), -0.30784 (15), -0.30422 (16), -0.30366 (17), -0.30226 (15), -0.30069 (15), -0.29991 (16), -0.29897 (16), -0.29805 (15), -0.29729 (16), -0.29353 (16), 
Length of domains: 5159
Time: pickout 0.0610    decision 2.1306    set_bounds 0.2123    solve 3.4318    add 0.9949    
Accumulated time: pickout 0.5905    decision 23.6841    set_bounds 1.3799    solve 36.2631    add 13.6070    
Current (lb-rhs): -0.37598466873168945
14976 domains visited
Cumulative time: 77.91140413284302

BaB round 21
batch: 1024
splitting decisions: 
split level 0: [/input-40, 1933] [/input-72, 36] [/input-40, 1901] [/input-40, 2537] [/input-40, 1435] [/input-72, 36] [/input-40, 2537] [/input-40, 540] [/input-40, 2537] [/input-40, 3541] 
pruning_in_iteration open status: False
ratio of positive domain = 366 / 2048 = 0.1787109375
pruning-in-iteration extra time: 0.0003604888916015625
Time: prepare 0.0624    bound 2.8796    transfer 0.9578    finalize 0.0233    func 3.9238    
Accumulated time: func 40.1800    prepare 0.7300    bound 28.3740    transfer 10.4991    finalize 0.5883    
Current worst splitting domains lb-rhs (depth):
-0.37598 (15), -0.36791 (15), -0.36587 (16), -0.35999 (16), -0.32528 (17), -0.32075 (17), -0.31976 (16), -0.31915 (15), -0.31612 (15), -0.30975 (15), -0.30784 (15), -0.30422 (16), -0.30366 (17), -0.30226 (15), -0.30069 (15), -0.29991 (16), -0.29897 (16), -0.29805 (15), -0.29729 (16), -0.29353 (16), 
Length of domains: 5768
Time: pickout 0.0493    decision 2.1970    set_bounds 0.2205    solve 3.9243    add 1.0383    
Accumulated time: pickout 0.6398    decision 25.8811    set_bounds 1.6004    solve 40.1874    add 14.6453    
Current (lb-rhs): -0.37598466873168945
16609 domains visited
Cumulative time: 85.48951625823975

BaB round 22
batch: 1024
splitting decisions: 
split level 0: [/input-40, 6331] [/input-40, 1449] [/input-40, 1435] [/input-40, 3541] [/input-40, 3541] [/input-40, 540] [/input-40, 540] [/input-24, 14485] [/input-40, 1933] [/input-72, 14] 
pruning_in_iteration open status: False
ratio of positive domain = 347 / 2048 = 0.16943359375
pruning-in-iteration extra time: 5.6743621826171875e-05
Time: prepare 0.0667    bound 2.4943    transfer 0.9663    finalize 0.0242    func 3.5517    
Accumulated time: func 43.7316    prepare 0.7975    bound 30.8683    transfer 11.4654    finalize 0.6126    
Current worst splitting domains lb-rhs (depth):
-0.37598 (15), -0.36791 (15), -0.36587 (16), -0.35999 (16), -0.32528 (17), -0.32075 (17), -0.31976 (16), -0.31915 (15), -0.31612 (15), -0.30975 (15), -0.30784 (15), -0.30422 (16), -0.30366 (17), -0.30226 (15), -0.30069 (15), -0.29991 (16), -0.29897 (16), -0.29805 (15), -0.29729 (16), -0.29353 (16), 
Length of domains: 6410
Time: pickout 0.0492    decision 2.2722    set_bounds 0.0444    solve 3.5521    add 1.0374    
Accumulated time: pickout 0.6890    decision 28.1533    set_bounds 1.6448    solve 43.7395    add 15.6826    
Current (lb-rhs): -0.37598466873168945
18275 domains visited
Cumulative time: 92.60499715805054

BaB round 23
batch: 1024
splitting decisions: 
split level 0: [/input-40, 2925] [/input-24, 14485] [/input-40, 1933] [/input-40, 1117] [/input-40, 1434] [/input-40, 4298] [/input-40, 1434] [/input-40, 2465] [/input-40, 1449] [/input-56, 1724] 
pruning_in_iteration open status: False
ratio of positive domain = 325 / 2048 = 0.15869140625
pruning-in-iteration extra time: 0.00016164779663085938
Time: prepare 0.0632    bound 2.6031    transfer 0.9890    finalize 0.0240    func 3.6799    
Accumulated time: func 47.4115    prepare 0.8615    bound 33.4713    transfer 12.4544    finalize 0.6366    
Current worst splitting domains lb-rhs (depth):
-0.37598 (15), -0.36791 (15), -0.36587 (16), -0.35999 (16), -0.32528 (17), -0.32075 (17), -0.31976 (16), -0.31915 (15), -0.31612 (15), -0.30975 (15), -0.30784 (15), -0.30422 (16), -0.30366 (17), -0.30226 (15), -0.30069 (15), -0.29991 (16), -0.29897 (16), -0.29805 (15), -0.29729 (16), -0.29353 (16), 
Length of domains: 7067
Time: pickout 0.0564    decision 2.1351    set_bounds 0.0416    solve 3.6803    add 1.0531    
Accumulated time: pickout 0.7454    decision 30.2883    set_bounds 1.6864    solve 47.4198    add 16.7357    
Current (lb-rhs): -0.37598466873168945
19956 domains visited
Time out!!!!!!!!
Result: timeout
Time: 104.48232769966125

------------------------- COMMAND ------------------------------
/data1/Kane/miniconda3/envs/GenBaB/bin/python /data1/Kane/GenBaB/alpha-beta-CROWN/complete_verifier/abcrown.py --config /data1/Kane/GenBaB/alpha-beta-CROWN/complete_verifier/exp_configs/vnncomp24/cifar100.yaml --precompile_jit --onnx_path /data1/Kane/data/vnncomp2025_benchmarks/benchmarks/cifar100_2024/onnx/CIFAR100_resnet_large.onnx --vnnlib_path /data1/Kane/data/vnncomp2025_benchmarks/benchmarks/cifar100_2024/vnnlib/CIFAR100_resnet_large_prop_idx_2783_sidx_8903_eps_0.0039.vnnlib --results_file /data1/Kane/ACT/audit_results/abcrown_nopgd_20260525/cifar100_2024/0159__CIFAR100_resnet_large__CIFAR100_resnet_large_prop_idx_2783_sidx_8903_eps_0.0039.result --timeout 100.0 --save_adv_example --pgd_order=skip
----------------------------------------------------------------

