[0;93m2026-05-26 17:54:07.752401018 [W:onnxruntime:Default, device_discovery.cc:325 DiscoverDevicesForPlatform] GPU device discovery failed: device_discovery.cc:92 ReadFileContents Failed to open file: "/sys/class/drm/card0/device/vendor"[m
Configurations:

general:
  device: cuda
  seed: 100
  conv_mode: patches
  deterministic: false
  double_fp: false
  loss_reduction_func: sum
  sparse_alpha: true
  sparse_interm: true
  save_adv_example: true
  verify_onnxruntime_output: false
  eval_adv_example: false
  show_adv_example: false
  precompile_jit: true
  prepare_only: false
  complete_verifier: bab
  enable_incomplete_verification: true
  csv_name: instances.csv
  results_file: /data1/Kane/ACT/audit_results/abcrown_nopgd_20260525/cifar100_2024/0160__CIFAR100_resnet_large__CIFAR100_resnet_large_prop_idx_6491_sidx_3620_eps_0.0039.result
  root_path: ../../vnncomp2024_benchmarks/benchmarks/cifar100
  deterministic_opt: false
  graph_optimizer: 'Customized("custom_graph_optimizer", "default_optimizer")'
  buffer_has_batchdim: false
  save_output: false
  output_file: out.pkl
  return_optimized_model: false
model:
  name: null
  path: null
  onnx_path: /data1/Kane/data/vnncomp2025_benchmarks/benchmarks/cifar100_2024/onnx/CIFAR100_resnet_large.onnx
  onnx_path_prefix: ''
  cache_onnx_conversion: false
  debug_onnx: false
  onnx_quirks: null
  input_shape: null
  onnx_loader: default_onnx_and_vnnlib_loader
  onnx_optimization_flags: [merge_bn]
  onnx_vnnlib_joint_optimization_flags: none
  check_optimized: false
  flatten_final_output: false
  optimize_graph: null
  with_jacobian: false
data:
  start: 0
  end: 10000
  select_instance: null
  num_outputs: 10
  mean: 0.0
  std: 1.0
  pkl_path: null
  dataset: null
  data_filter_path: null
  data_idx_file: null
specification:
  type: lp
  robustness_type: verified-acc
  norm: .inf
  epsilon: null
  epsilon_min: 0.0
  vnnlib_path: /data1/Kane/data/vnncomp2025_benchmarks/benchmarks/cifar100_2024/vnnlib/CIFAR100_resnet_large_prop_idx_6491_sidx_3620_eps_0.0039.vnnlib
  vnnlib_path_prefix: ''
  rhs_offset: null
solver:
  batch_size: 256
  auto_enlarge_batch_size: true
  min_batch_size_ratio: 0.1
  use_float64_in_last_iteration: false
  early_stop_patience: 10
  start_save_best: 0.5
  bound_prop_method: alpha-crown
  init_bound_prop_method: same
  prune_after_crown: true
  optimize_disjuncts_separately: false
  crown:
    batch_size: 1000000000
    max_crown_size: 1000000000
    activation_bound_option: adaptive
    compare_crown_with_ibp: false
  alpha-crown:
    alpha: true
    lr_alpha: 0.25
    iteration: 20
    share_alphas: false
    lr_decay: 0.98
    full_conv_alpha: false
    max_coeff_mul: .inf
    matmul_share_alphas: false
    disable_optimization: []
    max_time: 1.0
  invprop:
    apply_output_constraints_to: []
    tighten_input_bounds: false
    best_of_oc_and_no_oc: false
    directly_optimize: []
    oc_lr: 0.1
    share_gammas: false
  beta-crown:
    lr_alpha: 0.1
    lr_beta: 0.2
    lr_decay: 0.98
    optimizer: adam
    iteration: 10
    beta: true
    beta_warmup: true
    enable_opt_interm_bounds: false
    all_node_split_LP: false
  forward:
    refine: false
    max_dim: 10000
    reset_threshold: 1.0
  multi_class:
    label_batch_size: 32
    skip_with_refined_bound: true
  mip:
    unstable_neuron_threshold: 0
    parallel_solvers: null
    solver_threads: 1
    refine_neuron_timeout: 15
    refine_neuron_time_percentage: 0.8
    early_stop: true
    adv_warmup: true
    mip_solver: gurobi
    skip_unsafe: false
    topk_filter: 1.0
    sliding_window: -1
    extra_constraint: false
    refine_neuron_timeout_increasement: 0
    timeout_neuron_percentage: 0.3
    remaining_timeout_threshold: 1
    remove_unstable_neurons: false
    lp_solver: false
bab:
  initial_max_domains: 100
  backing_up_max_domain: null
  max_domains: .inf
  decision_thresh: 0
  timeout: 100.0
  timeout_scale: 1
  max_iterations: -1
  override_timeout: null
  get_upper_bound: false
  pruning_in_iteration: true
  pruning_in_iteration_ratio: 0.2
  sort_targets: false
  batched_domain_list: true
  optimized_interm: ''
  interm_transfer: false
  recompute_interm: false
  sort_domain_interval: -1
  vanilla_crown: false
  tree_traversal: depth_first
  cut:
    enabled: false
    cuts_path: /tmp/abcrown_cuts
    implication: false
    bab_cut: false
    lp_cut: false
    method: null
    lr: 0.01
    lr_decay: 1.0
    iteration: 100
    bab_iteration: -1
    early_stop_patience: -1
    lr_beta: 0.02
    number_cuts: 50
    topk_cuts_in_filter: 1000
    batch_size_primal: 100
    max_num: 1000000000
    patches_cut: false
    cplex_cuts: false
    cplex_cuts_wait: 0
    cplex_cuts_revpickup: true
    cut_reference_bounds: true
    fix_intermediate_bounds: false
    biccos:
      enabled: false
      constraint_strengthening: true
      recursively_strengthening: false
      drop_ratio: 0.5
      verified_bonus: 0.3
      max_infer_iter: 20
      heuristic: neuron_influence_score
      save_biccos_cuts: false
      multi_tree_branching:
        enabled: false
        restore_best_tree: false
        keep_n_best_domains: 1
        k_splits: 1
        iterations: 1
  branching:
    method: kfsb
    candidates: 7
    reduceop: max
    enable_intermediate_bound_opt: false
    branching_input_and_activation: false
    branching_input_and_activation_order: [input, relu]
    branching_input_iterations: 30
    branching_relu_iterations: 50
    nonlinear_split:
      method: bbps
      disable: false
      branching_point_method: uniform
      num_branches: 2
      filter: false
      filter_beta: false
      filter_clamp: false
      filter_batch_size: 10000
      filter_iterations: 25
      relu_only: false
      loose_tanh_threshold: null
      branching_point:
        db_path: branching_points.pt
        num_iterations: 1000
        batch_size: 1000000
        range_l: -5.0
        range_u: 5.0
        log_interval: 100
        step_size_1d: 0.01
        step_size: 0.2
    input_split:
      enable_clip_domains: false
      split_hint: null
      reorder_bab: false
      enable: false
      enhanced_bound_prop_method: alpha-crown
      enhanced_branching_method: naive
      enhanced_bound_patience: 100000000.0
      attack_patience: 100000000.0
      adv_check: 0
      split_partitions: 2
      sb_margin_weight: 1.0
      sb_sum: false
      sb_primary_spec: null
      bf_backup_thresh: -1
      bf_rhs_offset: 0
      bf_iters: 1000000000.0
      bf_batch_size: 100000
      bf_zero_crossing_score: false
      touch_zero_score: 0
      ibp_enhancement: false
      compare_with_old_bounds: false
      update_rhs_with_attack: false
      sb_coeff_thresh: 0.001
      sort_index: null
      sort_descending: true
      show_progress: false
      presplit_domains: null
      skip_getting_worst_domain: false
  attack:
    enabled: false
    beam_candidates: 8
    beam_depth: 7
    max_dive_fix_ratio: 0.8
    min_local_free_ratio: 0.2
    mip_start_iteration: 5
    mip_timeout: 30.0
    adv_pool_threshold: null
    refined_mip_attacker: false
    refined_batch_size: null
attack:
  pgd_order: skip
  pgd_steps: 100
  pgd_restarts: 10
  pgd_batch_size: 100000000
  pgd_early_stop: true
  pgd_lr_decay: 0.99
  pgd_alpha: auto
  pgd_alpha_scale: false
  pgd_loss_mode: null
  pgd_restart_when_stuck: false
  enable_mip_attack: false
  adv_saver: default_adv_saver
  adv_verifier: default_adv_verifier
  early_stop_condition: default_early_stop_condition
  adv_example_finalizer: default_adv_example_finalizer
  pgd_loss: default_pgd_loss
  cex_path: ./test_cex.txt
  attack_mode: PGD
  attack_tolerance: 0.0
  attack_func: attack_with_general_specs
  gama_lambda: 10.0
  gama_decay: 0.9
  check_clean: false
  input_split:
    pgd_steps: 100
    pgd_restarts: 30
    pgd_alpha: auto
  input_split_enhanced:
    pgd_steps: 200
    pgd_restarts: 500000
    pgd_alpha: auto
  input_split_check_adv:
    enabled: auto
    pgd_steps: 5
    pgd_restarts: 5
    pgd_alpha: auto
    max_num_domains: 10
debug:
  view_model: false
  lp_test: null
  rescale_vnnlib_ptb: null
  test_optimized_bounds: false
  test_optimized_bounds_after_n_iterations: 0
  print_verbose_decisions: false
  sanity_check: null
  save_minimal_config: null
  save_minimal_config_omit_keys: []

Experiments at Tue May 26 17:54:09 2026 on dell-pro-max-tower-t2
Pre-compile jit kernels on a toy network...
JIT kernels compiled in 1.2158s./data1/Kane/miniconda3/envs/GenBaB/lib/python3.11/site-packages/onnx2pytorch/convert/model.py:151: UserWarning: Using experimental implementation that allows 'batch_size > 1'.Batchnorm layers could potentially produce false outputs.
  warnings.warn(
/data1/Kane/miniconda3/envs/GenBaB/lib/python3.11/site-packages/onnx2pytorch/utils.py:21: TracerWarning: Converting a tensor to a Python boolean might cause the trace to be incorrect. We can't record the data flow of Python values, so this value will be treated as a constant in the future. This means that the trace might not generalize to other inputs!
  return value.ndim == 0 or value.shape == torch.Size([1])
/data1/Kane/miniconda3/envs/GenBaB/lib/python3.11/site-packages/onnx2pytorch/operations/add.py:34: TracerWarning: Converting a tensor to a Python boolean might cause the trace to be incorrect. We can't record the data flow of Python values, so this value will be treated as a constant in the future. This means that the trace might not generalize to other inputs!
  elif all(x == 1 for x in input[0].shape):

Internal results will be saved to /data1/Kane/ACT/audit_results/abcrown_nopgd_20260525/cifar100_2024/0160__CIFAR100_resnet_large__CIFAR100_resnet_large_prop_idx_6491_sidx_3620_eps_0.0039.result.

 %%%%%%%%%%%%%%%%%%%%%%%%%%%%%%%%%%% idx: 0, vnnlib ID: 0 %%%%%%%%%%%%%%%%%%%%%%%%%%%%%%%%%%%
Using onnx /data1/Kane/data/vnncomp2025_benchmarks/benchmarks/cifar100_2024/onnx/CIFAR100_resnet_large.onnx
Using vnnlib /data1/Kane/data/vnncomp2025_benchmarks/benchmarks/cifar100_2024/vnnlib/CIFAR100_resnet_large_prop_idx_6491_sidx_3620_eps_0.0039.vnnlib
3072 inputs and 100 outputs in vnnlib
Loading onnx /data1/Kane/data/vnncomp2025_benchmarks/benchmarks/cifar100_2024/onnx/CIFAR100_resnet_large.onnx with quirks {}
Onnx optimization with flags: ['merge_bn']
Found existed optimized onnx model at /data1/Kane/data/vnncomp2025_benchmarks/benchmarks/cifar100_2024/onnx/CIFAR100_resnet_large.onnx.optimized
Finished onnx model loading in 0.1216 seconds
Model: BoundedModule(
  (/input-1): BoundInput(name=/input-1, inputs=[], perturbed=True)
  (/45): BoundParams(name=/45, inputs=[], perturbed=False)
  (/46): BoundParams(name=/46, inputs=[], perturbed=False)
  (/47): BoundParams(name=/47, inputs=[], perturbed=False)
  (/48): BoundParams(name=/48, inputs=[], perturbed=False)
  (/49): BoundParams(name=/49, inputs=[], perturbed=False)
  (/50): BoundParams(name=/50, inputs=[], perturbed=False)
  (/51): BoundParams(name=/51, inputs=[], perturbed=False)
  (/52): BoundParams(name=/52, inputs=[], perturbed=False)
  (/53): BoundParams(name=/53, inputs=[], perturbed=False)
  (/54): BoundParams(name=/54, inputs=[], perturbed=False)
  (/55): BoundParams(name=/55, inputs=[], perturbed=False)
  (/56): BoundParams(name=/56, inputs=[], perturbed=False)
  (/57): BoundParams(name=/57, inputs=[], perturbed=False)
  (/58): BoundParams(name=/58, inputs=[], perturbed=False)
  (/59): BoundParams(name=/59, inputs=[], perturbed=False)
  (/60): BoundParams(name=/60, inputs=[], perturbed=False)
  (/61): BoundParams(name=/61, inputs=[], perturbed=False)
  (/62): BoundParams(name=/62, inputs=[], perturbed=False)
  (/63): BoundParams(name=/63, inputs=[], perturbed=False)
  (/64): BoundParams(name=/64, inputs=[], perturbed=False)
  (/65): BoundParams(name=/65, inputs=[], perturbed=False)
  (/66): BoundParams(name=/66, inputs=[], perturbed=False)
  (/67): BoundParams(name=/67, inputs=[], perturbed=False)
  (/68): BoundParams(name=/68, inputs=[], perturbed=False)
  (/69): BoundParams(name=/69, inputs=[], perturbed=False)
  (/70): BoundParams(name=/70, inputs=[], perturbed=False)
  (/71): BoundParams(name=/71, inputs=[], perturbed=False)
  (/72): BoundParams(name=/72, inputs=[], perturbed=False)
  (/73): BoundParams(name=/73, inputs=[], perturbed=False)
  (/74): BoundParams(name=/74, inputs=[], perturbed=False)
  (/75): BoundParams(name=/75, inputs=[], perturbed=False)
  (/76): BoundParams(name=/76, inputs=[], perturbed=False)
  (/77): BoundParams(name=/77, inputs=[], perturbed=False)
  (/78): BoundParams(name=/78, inputs=[], perturbed=False)
  (/79): BoundParams(name=/79, inputs=[], perturbed=False)
  (/80): BoundParams(name=/80, inputs=[], perturbed=False)
  (/81): BoundParams(name=/81, inputs=[], perturbed=False)
  (/82): BoundParams(name=/82, inputs=[], perturbed=False)
  (/83): BoundParams(name=/83, inputs=[], perturbed=False)
  (/84): BoundParams(name=/84, inputs=[], perturbed=False)
  (/85): BoundParams(name=/85, inputs=[], perturbed=False)
  (/86): BoundParams(name=/86, inputs=[], perturbed=False)
  (/87): BoundParams(name=/87, inputs=[], perturbed=False)
  (/88): BoundParams(name=/88, inputs=[], perturbed=False)
  (/input): BoundConv(name=/input, inputs=[/input-1, /45, /46], perturbed=True)
  (/input-4): BoundRelu(name=/input-4, inputs=[/input], perturbed=True)
  (/input-8): BoundConv(name=/input-8, inputs=[/input-4, /47, /48], perturbed=True)
  (/input-12): BoundRelu(name=/input-12, inputs=[/input-8], perturbed=True)
  (/93): BoundConv(name=/93, inputs=[/input-12, /49, /50], perturbed=True)
  (/94): BoundAdd(name=/94, inputs=[/93, /input-4], perturbed=True)
  (/input-16): BoundConv(name=/input-16, inputs=[/94, /51, /52], perturbed=True)
  (/input-20): BoundRelu(name=/input-20, inputs=[/input-16], perturbed=True)
  (/97): BoundConv(name=/97, inputs=[/input-20, /53, /54], perturbed=True)
  (/98): BoundAdd(name=/98, inputs=[/97, /94], perturbed=True)
  (/input-24): BoundConv(name=/input-24, inputs=[/98, /55, /56], perturbed=True)
  (/input-28): BoundRelu(name=/input-28, inputs=[/input-24], perturbed=True)
  (/101): BoundConv(name=/101, inputs=[/input-28, /57, /58], perturbed=True)
  (/102): BoundConv(name=/102, inputs=[/98, /59, /60], perturbed=True)
  (/103): BoundAdd(name=/103, inputs=[/101, /102], perturbed=True)
  (/input-32): BoundConv(name=/input-32, inputs=[/103, /61, /62], perturbed=True)
  (/input-36): BoundRelu(name=/input-36, inputs=[/input-32], perturbed=True)
  (/106): BoundConv(name=/106, inputs=[/input-36, /63, /64], perturbed=True)
  (/107): BoundAdd(name=/107, inputs=[/106, /103], perturbed=True)
  (/input-40): BoundConv(name=/input-40, inputs=[/107, /65, /66], perturbed=True)
  (/input-44): BoundRelu(name=/input-44, inputs=[/input-40], perturbed=True)
  (/110): BoundConv(name=/110, inputs=[/input-44, /67, /68], perturbed=True)
  (/111): BoundConv(name=/111, inputs=[/107, /69, /70], perturbed=True)
  (/112): BoundAdd(name=/112, inputs=[/110, /111], perturbed=True)
  (/input-48): BoundConv(name=/input-48, inputs=[/112, /71, /72], perturbed=True)
  (/input-52): BoundRelu(name=/input-52, inputs=[/input-48], perturbed=True)
  (/115): BoundConv(name=/115, inputs=[/input-52, /73, /74], perturbed=True)
  (/116): BoundAdd(name=/116, inputs=[/115, /112], perturbed=True)
  (/input-56): BoundConv(name=/input-56, inputs=[/116, /75, /76], perturbed=True)
  (/input-60): BoundRelu(name=/input-60, inputs=[/input-56], perturbed=True)
  (/119): BoundConv(name=/119, inputs=[/input-60, /77, /78], perturbed=True)
  (/120): BoundConv(name=/120, inputs=[/116, /79, /80], perturbed=True)
  (/121): BoundAdd(name=/121, inputs=[/119, /120], perturbed=True)
  (/input-64): BoundConv(name=/input-64, inputs=[/121, /81, /82], perturbed=True)
  (/input-68): BoundRelu(name=/input-68, inputs=[/input-64], perturbed=True)
  (/124): BoundConv(name=/124, inputs=[/input-68, /83, /84], perturbed=True)
  (/125): BoundAdd(name=/125, inputs=[/124, /121], perturbed=True)
  (/126): BoundFlatten(name=/126, inputs=[/125], perturbed=True)
  (/input-72): BoundLinear(name=/input-72, inputs=[/126, /85, /86], perturbed=True)
  (/128): BoundRelu(name=/128, inputs=[/input-72], perturbed=True)
  (/129): BoundLinear(name=/129, inputs=[/128, /87, /88], perturbed=True)
)
Original output: tensor([[-10.88905239,  -6.50359154,  -3.19698381,  -3.50938582,  -1.65249336,
          -7.53241539,  -2.36984730,  -5.66901064,  -1.75037050,  -5.40744019,
          -6.61699867,  -3.70539021,  -6.85522461,  -6.71204472,  -4.38634300,
          -3.33465481,  -6.04610968,  -9.59853554,  -5.54776669,  -4.38885021,
          -6.75299120,  -4.94075394,  -6.93709517,  -9.76194572,  -4.48455524,
          -7.30919695,  -4.69492245,  -2.25131512,  -6.08965397,  -2.94277453,
          -4.95015621,  -2.78541112,  -5.43911648,  -6.80489826,  -0.81944418,
          -4.04490948,  -4.89129019,  -6.50729752,  -0.99444199,  -8.47458267,
          -5.94505405,  -6.52100563,  -1.32403576,  -2.41805434,  -3.31374049,
          -3.28769231,  -4.28361034,  -6.24295998,  -4.13338280,  -9.57096386,
          -3.48130012,  -5.80173683,  -6.65905380, -12.17464828,  -7.00541449,
          -1.81627381,  -5.33484411,  -7.18150568,  -7.26518822,  -5.87221766,
         -10.23249626,  -7.59640646,  -9.98796463,  -1.13007164,  -4.12843418,
          -2.95546055,  -3.85508418,  -5.33517313,  -5.66123962,  -7.44211674,
          -8.26205158,  -9.23250866,  -2.61638808,  -6.54785538,  -2.80600691,
          -6.07391882, -10.14672184,  -1.77444136,  -4.48501301,  -2.58923054,
           0.23680733,  -6.60272694,  -8.72433662, -10.16068745,  -5.41643095,
          -7.41934633,  -6.87936831,  -8.16724396,  -0.89603662,  -5.31716585,
          -6.50325060,  -6.98295498,  -8.90538692,  -3.50688887, -10.15466785,
          -7.66142607,  -5.73650312,  -4.22110462,  -4.29464674,  -7.34116268]],
       device='cuda:0')
Split layers:
Nonlinear functions:
   BoundRelu(name=/input-4, inputs=[/input], perturbed=True)
   BoundRelu(name=/input-12, inputs=[/input-8], perturbed=True)
   BoundRelu(name=/input-20, inputs=[/input-16], perturbed=True)
   BoundRelu(name=/input-28, inputs=[/input-24], perturbed=True)
   BoundRelu(name=/input-36, inputs=[/input-32], perturbed=True)
   BoundRelu(name=/input-44, inputs=[/input-40], perturbed=True)
   BoundRelu(name=/input-52, inputs=[/input-48], perturbed=True)
   BoundRelu(name=/input-60, inputs=[/input-56], perturbed=True)
   BoundRelu(name=/input-68, inputs=[/input-64], perturbed=True)
   BoundRelu(name=/128, inputs=[/input-72], perturbed=True)
layer /input-4 using sparse-features alpha with shape [809]; unstable size 809; total size 65536 ([1, 64, 32, 32])
layer /input-4 start_node /input-8 using sparse-spec alpha [2, 54, 1, 809] with unstable size 53 total_size 64 output_shape 64
layer /input-4 start_node /input-24 using sparse-spec alpha [2, 52, 1, 809] with unstable size 51 total_size 128 output_shape 128
layer /input-4 start_node /input-40 using sparse-spec alpha [2, 68, 1, 809] with unstable size 67 total_size 128 output_shape 128
layer /input-4 start_node /input-72 using sparse-spec alpha [2, 45, 1, 809] with unstable size 44 total_size 100 output_shape torch.Size([100])
layer /input-4 start_node /129 using full alpha [2, 99, 1, 809] with unstable size None total_size 99 output_shape 99
layer /input-12 using sparse-features alpha with shape [1875]; unstable size 1875; total size 65536 ([1, 64, 32, 32])
layer /input-12 start_node /input-24 using sparse-spec alpha [2, 52, 1, 1875] with unstable size 51 total_size 128 output_shape 128
layer /input-12 start_node /input-40 using sparse-spec alpha [2, 68, 1, 1875] with unstable size 67 total_size 128 output_shape 128
layer /input-12 start_node /input-72 using sparse-spec alpha [2, 45, 1, 1875] with unstable size 44 total_size 100 output_shape torch.Size([100])
layer /input-12 start_node /129 using full alpha [2, 99, 1, 1875] with unstable size None total_size 99 output_shape 99
layer /input-20 using sparse-features alpha with shape [0]; unstable size 0; total size 65536 ([1, 64, 32, 32])
layer /input-20 start_node /input-24 using sparse-spec alpha [2, 52, 1, 0] with unstable size 51 total_size 128 output_shape 128
layer /input-20 start_node /input-40 using sparse-spec alpha [2, 68, 1, 0] with unstable size 67 total_size 128 output_shape 128
layer /input-20 start_node /input-72 using sparse-spec alpha [2, 45, 1, 0] with unstable size 44 total_size 100 output_shape torch.Size([100])
layer /input-20 start_node /129 using full alpha [2, 99, 1, 0] with unstable size None total_size 99 output_shape 99
layer /input-28 using sparse-features alpha with shape [342]; unstable size 342; total size 32768 ([1, 128, 16, 16])
layer /input-28 start_node /input-40 using sparse-spec alpha [2, 68, 1, 342] with unstable size 67 total_size 128 output_shape 128
layer /input-28 start_node /input-72 using sparse-spec alpha [2, 45, 1, 342] with unstable size 44 total_size 100 output_shape torch.Size([100])
layer /input-28 start_node /129 using full alpha [2, 99, 1, 342] with unstable size None total_size 99 output_shape 99
layer /input-36 using sparse-features alpha with shape [0]; unstable size 0; total size 32768 ([1, 128, 16, 16])
layer /input-36 start_node /input-40 using sparse-spec alpha [2, 68, 1, 0] with unstable size 67 total_size 128 output_shape 128
layer /input-36 start_node /input-72 using sparse-spec alpha [2, 45, 1, 0] with unstable size 44 total_size 100 output_shape torch.Size([100])
layer /input-36 start_node /129 using full alpha [2, 99, 1, 0] with unstable size None total_size 99 output_shape 99
layer /input-44 using sparse-features alpha with shape [288]; unstable size 288; total size 8192 ([1, 128, 8, 8])
layer /input-44 start_node /input-72 using sparse-spec alpha [2, 45, 1, 288] with unstable size 44 total_size 100 output_shape torch.Size([100])
layer /input-44 start_node /129 using full alpha [2, 99, 1, 288] with unstable size None total_size 99 output_shape 99
layer /input-52 using sparse-features alpha with shape [0]; unstable size 0; total size 8192 ([1, 128, 8, 8])
layer /input-52 start_node /input-72 using sparse-spec alpha [2, 45, 1, 0] with unstable size 44 total_size 100 output_shape torch.Size([100])
layer /input-52 start_node /129 using full alpha [2, 99, 1, 0] with unstable size None total_size 99 output_shape 99
layer /input-60 using sparse-features alpha with shape [0]; unstable size 0; total size 4096 ([1, 256, 4, 4])
layer /input-60 start_node /input-72 using sparse-spec alpha [2, 45, 1, 0] with unstable size 44 total_size 100 output_shape torch.Size([100])
layer /input-60 start_node /129 using full alpha [2, 99, 1, 0] with unstable size None total_size 99 output_shape 99
layer /input-68 using sparse-features alpha with shape [0]; unstable size 0; total size 4096 ([1, 256, 4, 4])
layer /input-68 start_node /input-72 using sparse-spec alpha [2, 45, 1, 0] with unstable size 44 total_size 100 output_shape torch.Size([100])
layer /input-68 start_node /129 using full alpha [2, 99, 1, 0] with unstable size None total_size 99 output_shape 99
layer /128 using sparse-features alpha with shape [44]; unstable size 44; total size 100 ([1, 100])
layer /128 start_node /129 using full alpha [2, 99, 1, 44] with unstable size None total_size 99 output_shape 99
Optimizable variables initialized.
initial CROWN bounds: tensor([[ 9.25667095,  4.98669863,  1.95562696,  2.39046955,  0.41094917,
          5.46413136,  0.89576960,  3.73042488, -0.44400311,  3.30054092,
          4.71325588,  2.30060768,  4.77791882,  4.73249054,  2.77754545,
          1.78586960,  3.73230124,  7.36032104,  3.88552976,  2.88212347,
          4.24293852,  3.44666147,  4.79567671,  7.79750633,  2.70455980,
          5.31193686,  2.97420740,  0.93467522,  3.79622579,  1.24295020,
          3.51340294,  1.27046585,  3.94474792,  5.17357874, -0.31980133,
          2.58593798,  3.45530248,  4.83268547, -0.41050959,  6.19850636,
          3.64590359,  4.52493620, -0.35154724,  0.95010662,  1.68967855,
          1.68599105,  2.79054546,  4.25166035,  2.06964302,  7.54127789,
          2.10214329,  4.32659149,  4.75182247, 10.23698139,  5.57498455,
          0.80907714,  3.22089767,  5.61832905,  5.30151367,  3.87610412,
          8.18347549,  5.51751184,  8.36073303, -0.31108010,  2.87519979,
          1.79856896,  2.18378758,  3.88937354,  3.78603840,  5.31349945,
          6.69915104,  7.38185692,  1.43787825,  5.25334167,  1.39173460,
          4.42856693,  7.91201639,  0.68585050,  2.44467521,  0.80965590,
          4.62242031,  7.01994228,  8.52312756,  3.65934038,  5.38769674,
          4.52786446,  5.99338436, -0.64747286,  3.50631738,  4.81732750,
          5.47928524,  7.60227013,  2.02195883,  7.86693382,  5.77423429,
          3.84916830,  2.64272618,  2.74606943,  5.10894442]], device='cuda:0') None
prune_after_crown optimization in use: original label size = 99 pruned label size = 6
best_l after optimization: -1.4491469860076904
alpha/beta optimization time: 2.6638412475585938
initial alpha-crown bounds: tensor([[        inf,         inf,         inf,         inf,         inf,
                 inf,         inf,         inf, -0.25209761,         inf,
                 inf,         inf,         inf,         inf,         inf,
                 inf,         inf,         inf,         inf,         inf,
                 inf,         inf,         inf,         inf,         inf,
                 inf,         inf,         inf,         inf,         inf,
                 inf,         inf,         inf,         inf, -0.15846801,
                 inf,         inf,         inf, -0.24210858,         inf,
                 inf,         inf, -0.15628052,         inf,         inf,
                 inf,         inf,         inf,         inf,         inf,
                 inf,         inf,         inf,         inf,         inf,
                 inf,         inf,         inf,         inf,         inf,
                 inf,         inf,         inf, -0.15822148,         inf,
                 inf,         inf,         inf,         inf,         inf,
                 inf,         inf,         inf,         inf,         inf,
                 inf,         inf,         inf,         inf,         inf,
                 inf,         inf,         inf,         inf,         inf,
                 inf,         inf, -0.48197079,         inf,         inf,
                 inf,         inf,         inf,         inf,         inf,
                 inf,         inf,         inf,         inf]], device='cuda:0')
Number of class (without rhs): 6 ; Worst class: (+ rhs) -0.48197078704833984
Total VNNLIB file length: 99, max property batch size: 100, total number of batches: 1
lA shape: [torch.Size([99, 1, 64, 32, 32]), torch.Size([99, 1, 64, 32, 32]), torch.Size([99, 1, 64, 32, 32]), torch.Size([99, 1, 128, 16, 16]), torch.Size([99, 1, 128, 16, 16]), torch.Size([99, 1, 128, 8, 8]), torch.Size([99, 1, 128, 8, 8]), torch.Size([99, 1, 256, 4, 4]), torch.Size([99, 1, 256, 4, 4]), torch.Size([99, 1, 100])]

Properties batch 0, size 99
Remaining timeout: 95.9784951210022
Verifying property 0 with 99 instances.
##### Instance 0 first 10 spec matrices: 
tensor([[[-1.,  0.,  0.,  0.,  0.,  0.,  0.,  0.,  0.,  0.,  0.,  0.,  0.,  0.,
           0.,  0.,  0.,  0.,  0.,  0.,  0.,  0.,  0.,  0.,  0.,  0.,  0.,  0.,
           0.,  0.,  0.,  0.,  0.,  0.,  0.,  0.,  0.,  0.,  0.,  0.,  0.,  0.,
           0.,  0.,  0.,  0.,  0.,  0.,  0.,  0.,  0.,  0.,  0.,  0.,  0.,  0.,
           0.,  0.,  0.,  0.,  0.,  0.,  0.,  0.,  0.,  0.,  0.,  0.,  0.,  0.,
           0.,  0.,  0.,  0.,  0.,  0.,  0.,  0.,  0.,  0.,  1.,  0.,  0.,  0.,
           0.,  0.,  0.,  0.,  0.,  0.,  0.,  0.,  0.,  0.,  0.,  0.,  0.,  0.,
           0.,  0.]],

        [[ 0., -1.,  0.,  0.,  0.,  0.,  0.,  0.,  0.,  0.,  0.,  0.,  0.,  0.,
           0.,  0.,  0.,  0.,  0.,  0.,  0.,  0.,  0.,  0.,  0.,  0.,  0.,  0.,
           0.,  0.,  0.,  0.,  0.,  0.,  0.,  0.,  0.,  0.,  0.,  0.,  0.,  0.,
           0.,  0.,  0.,  0.,  0.,  0.,  0.,  0.,  0.,  0.,  0.,  0.,  0.,  0.,
           0.,  0.,  0.,  0.,  0.,  0.,  0.,  0.,  0.,  0.,  0.,  0.,  0.,  0.,
           0.,  0.,  0.,  0.,  0.,  0.,  0.,  0.,  0.,  0.,  1.,  0.,  0.,  0.,
           0.,  0.,  0.,  0.,  0.,  0.,  0.,  0.,  0.,  0.,  0.,  0.,  0.,  0.,
           0.,  0.]],

        [[ 0.,  0., -1.,  0.,  0.,  0.,  0.,  0.,  0.,  0.,  0.,  0.,  0.,  0.,
           0.,  0.,  0.,  0.,  0.,  0.,  0.,  0.,  0.,  0.,  0.,  0.,  0.,  0.,
           0.,  0.,  0.,  0.,  0.,  0.,  0.,  0.,  0.,  0.,  0.,  0.,  0.,  0.,
           0.,  0.,  0.,  0.,  0.,  0.,  0.,  0.,  0.,  0.,  0.,  0.,  0.,  0.,
           0.,  0.,  0.,  0.,  0.,  0.,  0.,  0.,  0.,  0.,  0.,  0.,  0.,  0.,
           0.,  0.,  0.,  0.,  0.,  0.,  0.,  0.,  0.,  0.,  1.,  0.,  0.,  0.,
           0.,  0.,  0.,  0.,  0.,  0.,  0.,  0.,  0.,  0.,  0.,  0.,  0.,  0.,
           0.,  0.]],

        [[ 0.,  0.,  0., -1.,  0.,  0.,  0.,  0.,  0.,  0.,  0.,  0.,  0.,  0.,
           0.,  0.,  0.,  0.,  0.,  0.,  0.,  0.,  0.,  0.,  0.,  0.,  0.,  0.,
           0.,  0.,  0.,  0.,  0.,  0.,  0.,  0.,  0.,  0.,  0.,  0.,  0.,  0.,
           0.,  0.,  0.,  0.,  0.,  0.,  0.,  0.,  0.,  0.,  0.,  0.,  0.,  0.,
           0.,  0.,  0.,  0.,  0.,  0.,  0.,  0.,  0.,  0.,  0.,  0.,  0.,  0.,
           0.,  0.,  0.,  0.,  0.,  0.,  0.,  0.,  0.,  0.,  1.,  0.,  0.,  0.,
           0.,  0.,  0.,  0.,  0.,  0.,  0.,  0.,  0.,  0.,  0.,  0.,  0.,  0.,
           0.,  0.]],

        [[ 0.,  0.,  0.,  0., -1.,  0.,  0.,  0.,  0.,  0.,  0.,  0.,  0.,  0.,
           0.,  0.,  0.,  0.,  0.,  0.,  0.,  0.,  0.,  0.,  0.,  0.,  0.,  0.,
           0.,  0.,  0.,  0.,  0.,  0.,  0.,  0.,  0.,  0.,  0.,  0.,  0.,  0.,
           0.,  0.,  0.,  0.,  0.,  0.,  0.,  0.,  0.,  0.,  0.,  0.,  0.,  0.,
           0.,  0.,  0.,  0.,  0.,  0.,  0.,  0.,  0.,  0.,  0.,  0.,  0.,  0.,
           0.,  0.,  0.,  0.,  0.,  0.,  0.,  0.,  0.,  0.,  1.,  0.,  0.,  0.,
           0.,  0.,  0.,  0.,  0.,  0.,  0.,  0.,  0.,  0.,  0.,  0.,  0.,  0.,
           0.,  0.]],

        [[ 0.,  0.,  0.,  0.,  0., -1.,  0.,  0.,  0.,  0.,  0.,  0.,  0.,  0.,
           0.,  0.,  0.,  0.,  0.,  0.,  0.,  0.,  0.,  0.,  0.,  0.,  0.,  0.,
           0.,  0.,  0.,  0.,  0.,  0.,  0.,  0.,  0.,  0.,  0.,  0.,  0.,  0.,
           0.,  0.,  0.,  0.,  0.,  0.,  0.,  0.,  0.,  0.,  0.,  0.,  0.,  0.,
           0.,  0.,  0.,  0.,  0.,  0.,  0.,  0.,  0.,  0.,  0.,  0.,  0.,  0.,
           0.,  0.,  0.,  0.,  0.,  0.,  0.,  0.,  0.,  0.,  1.,  0.,  0.,  0.,
           0.,  0.,  0.,  0.,  0.,  0.,  0.,  0.,  0.,  0.,  0.,  0.,  0.,  0.,
           0.,  0.]],

        [[ 0.,  0.,  0.,  0.,  0.,  0., -1.,  0.,  0.,  0.,  0.,  0.,  0.,  0.,
           0.,  0.,  0.,  0.,  0.,  0.,  0.,  0.,  0.,  0.,  0.,  0.,  0.,  0.,
           0.,  0.,  0.,  0.,  0.,  0.,  0.,  0.,  0.,  0.,  0.,  0.,  0.,  0.,
           0.,  0.,  0.,  0.,  0.,  0.,  0.,  0.,  0.,  0.,  0.,  0.,  0.,  0.,
           0.,  0.,  0.,  0.,  0.,  0.,  0.,  0.,  0.,  0.,  0.,  0.,  0.,  0.,
           0.,  0.,  0.,  0.,  0.,  0.,  0.,  0.,  0.,  0.,  1.,  0.,  0.,  0.,
           0.,  0.,  0.,  0.,  0.,  0.,  0.,  0.,  0.,  0.,  0.,  0.,  0.,  0.,
           0.,  0.]],

        [[ 0.,  0.,  0.,  0.,  0.,  0.,  0., -1.,  0.,  0.,  0.,  0.,  0.,  0.,
           0.,  0.,  0.,  0.,  0.,  0.,  0.,  0.,  0.,  0.,  0.,  0.,  0.,  0.,
           0.,  0.,  0.,  0.,  0.,  0.,  0.,  0.,  0.,  0.,  0.,  0.,  0.,  0.,
           0.,  0.,  0.,  0.,  0.,  0.,  0.,  0.,  0.,  0.,  0.,  0.,  0.,  0.,
           0.,  0.,  0.,  0.,  0.,  0.,  0.,  0.,  0.,  0.,  0.,  0.,  0.,  0.,
           0.,  0.,  0.,  0.,  0.,  0.,  0.,  0.,  0.,  0.,  1.,  0.,  0.,  0.,
           0.,  0.,  0.,  0.,  0.,  0.,  0.,  0.,  0.,  0.,  0.,  0.,  0.,  0.,
           0.,  0.]],

        [[ 0.,  0.,  0.,  0.,  0.,  0.,  0.,  0., -1.,  0.,  0.,  0.,  0.,  0.,
           0.,  0.,  0.,  0.,  0.,  0.,  0.,  0.,  0.,  0.,  0.,  0.,  0.,  0.,
           0.,  0.,  0.,  0.,  0.,  0.,  0.,  0.,  0.,  0.,  0.,  0.,  0.,  0.,
           0.,  0.,  0.,  0.,  0.,  0.,  0.,  0.,  0.,  0.,  0.,  0.,  0.,  0.,
           0.,  0.,  0.,  0.,  0.,  0.,  0.,  0.,  0.,  0.,  0.,  0.,  0.,  0.,
           0.,  0.,  0.,  0.,  0.,  0.,  0.,  0.,  0.,  0.,  1.,  0.,  0.,  0.,
           0.,  0.,  0.,  0.,  0.,  0.,  0.,  0.,  0.,  0.,  0.,  0.,  0.,  0.,
           0.,  0.]],

        [[ 0.,  0.,  0.,  0.,  0.,  0.,  0.,  0.,  0., -1.,  0.,  0.,  0.,  0.,
           0.,  0.,  0.,  0.,  0.,  0.,  0.,  0.,  0.,  0.,  0.,  0.,  0.,  0.,
           0.,  0.,  0.,  0.,  0.,  0.,  0.,  0.,  0.,  0.,  0.,  0.,  0.,  0.,
           0.,  0.,  0.,  0.,  0.,  0.,  0.,  0.,  0.,  0.,  0.,  0.,  0.,  0.,
           0.,  0.,  0.,  0.,  0.,  0.,  0.,  0.,  0.,  0.,  0.,  0.,  0.,  0.,
           0.,  0.,  0.,  0.,  0.,  0.,  0.,  0.,  0.,  0.,  1.,  0.,  0.,  0.,
           0.,  0.,  0.,  0.,  0.,  0.,  0.,  0.,  0.,  0.,  0.,  0.,  0.,  0.,
           0.,  0.]]], dtype=torch.float64)
thresholds: tensor([0., 0., 0., 0., 0., 0., 0., 0., 0., 0.], device='cuda:0') ######
Initial alpha-CROWN verified for spec index tensor([ 0,  1,  2,  3,  4,  5,  6,  7,  9, 10, 11, 12, 13, 14, 15, 16, 17, 18,
        19, 20, 21, 22, 23, 24, 25, 26, 27, 28, 29, 30, 31, 32, 33, 35, 36, 37,
        39, 40, 41, 43, 44, 45, 46, 47, 48, 49, 50, 51, 52, 53, 54, 55, 56, 57,
        58, 59, 60, 61, 62, 64, 65, 66, 67, 68, 69, 70, 71, 72, 73, 74, 75, 76,
        77, 78, 79, 80, 81, 82, 83, 84, 85, 86, 88, 89, 90, 91, 92, 93, 94, 95,
        96, 97, 98], device='cuda:0') with bound tensor([inf, inf, inf, inf, inf, inf, inf, inf, inf, inf, inf, inf, inf, inf, inf, inf, inf, inf, inf, inf, inf, inf, inf, inf,
        inf, inf, inf, inf, inf, inf, inf, inf, inf, inf, inf, inf, inf, inf, inf, inf, inf, inf, inf, inf, inf, inf, inf, inf,
        inf, inf, inf, inf, inf, inf, inf, inf, inf, inf, inf, inf, inf, inf, inf, inf, inf, inf, inf, inf, inf, inf, inf, inf,
        inf, inf, inf, inf, inf, inf, inf, inf, inf, inf, inf, inf, inf, inf, inf, inf, inf, inf, inf, inf, inf],
       device='cuda:0').
Remaining spec index tensor([ 8, 34, 38, 42, 63, 87], device='cuda:0') with bounds tensor([[-0.25209761],
        [-0.15846801],
        [-0.24210858],
        [-0.15628052],
        [-0.15822148],
        [-0.48197079]], device='cuda:0') need to verify.
Model prediction is: tensor([-10.88905239,  -6.50359154,  -3.19698381,  -3.50938582,  -1.65249336,
         -7.53241539,  -2.36984730,  -5.66901064,  -1.75037050,  -5.40744019,
         -6.61699867,  -3.70539021,  -6.85522461,  -6.71204472,  -4.38634300,
         -3.33465481,  -6.04610968,  -9.59853554,  -5.54776669,  -4.38885021,
         -6.75299120,  -4.94075394,  -6.93709517,  -9.76194572,  -4.48455524,
         -7.30919695,  -4.69492245,  -2.25131512,  -6.08965397,  -2.94277453,
         -4.95015621,  -2.78541112,  -5.43911648,  -6.80489826,  -0.81944418,
         -4.04490948,  -4.89129019,  -6.50729752,  -0.99444199,  -8.47458267,
         -5.94505405,  -6.52100563,  -1.32403576,  -2.41805434,  -3.31374049,
         -3.28769231,  -4.28361034,  -6.24295998,  -4.13338280,  -9.57096386,
         -3.48130012,  -5.80173683,  -6.65905380, -12.17464828,  -7.00541449,
         -1.81627381,  -5.33484411,  -7.18150568,  -7.26518822,  -5.87221766,
        -10.23249626,  -7.59640646,  -9.98796463,  -1.13007164,  -4.12843418,
         -2.95546055,  -3.85508418,  -5.33517313,  -5.66123962,  -7.44211674,
         -8.26205158,  -9.23250866,  -2.61638808,  -6.54785538,  -2.80600691,
         -6.07391882, -10.14672184,  -1.77444136,  -4.48501301,  -2.58923054,
          0.23680733,  -6.60272694,  -8.72433662, -10.16068745,  -5.41643095,
         -7.41934633,  -6.87936831,  -8.16724396,  -0.89603662,  -5.31716585,
         -6.50325060,  -6.98295498,  -8.90538692,  -3.50688887, -10.15466785,
         -7.66142607,  -5.73650312,  -4.22110462,  -4.29464674,  -7.34116268],
       device='cuda:0')
build_with_refined_bounds batch [1/1]
setting alpha for layer /input-4 start_node /129 with alignment adjustment
setting alpha for layer /input-12 start_node /129 with alignment adjustment
setting alpha for layer /input-20 start_node /129 with alignment adjustment
setting alpha for layer /input-28 start_node /129 with alignment adjustment
setting alpha for layer /input-36 start_node /129 with alignment adjustment
setting alpha for layer /input-44 start_node /129 with alignment adjustment
setting alpha for layer /input-52 start_node /129 with alignment adjustment
setting alpha for layer /input-60 start_node /129 with alignment adjustment
setting alpha for layer /input-68 start_node /129 with alignment adjustment
setting alpha for layer /128 start_node /129 with alignment adjustment
all alpha initialized
directly get lb and ub from refined bounds
c shape: torch.Size([6, 1, 100])
lA shapes: [torch.Size([6, 1, 64, 32, 32]), torch.Size([6, 1, 64, 32, 32]), torch.Size([6, 1, 64, 32, 32]), torch.Size([6, 1, 128, 16, 16]), torch.Size([6, 1, 128, 16, 16]), torch.Size([6, 1, 128, 8, 8]), torch.Size([6, 1, 128, 8, 8]), torch.Size([6, 1, 256, 4, 4]), torch.Size([6, 1, 256, 4, 4]), torch.Size([6, 1, 100])]
(alpha-)CROWN with fixed intermediate bounds: tensor([[-0.25209761],
        [-0.15846801],
        [-0.24210858],
        [-0.15628052],
        [-0.15822148],
        [-0.48197079]], device='cuda:0') tensor([[inf],
        [inf],
        [inf],
        [inf],
        [inf],
        [inf]], device='cuda:0')
Intermediate layers: /input,/input-8,/input-16,/input-24,/input-32,/input-40,/input-48,/input-56,/input-64,/input-72,/129
Keeping alphas for these layers: ['/129']
Keeping alphas for these layers: ['/129']
Node /input-4 input 0: size torch.Size([64, 32, 32]) unstable 809
Node /input-12 input 0: size torch.Size([64, 32, 32]) unstable 1873
Node /input-20 input 0: size torch.Size([64, 32, 32]) unstable 0
Node /input-28 input 0: size torch.Size([128, 16, 16]) unstable 330
Node /input-36 input 0: size torch.Size([128, 16, 16]) unstable 0
Node /input-44 input 0: size torch.Size([128, 8, 8]) unstable 273
Node /input-52 input 0: size torch.Size([128, 8, 8]) unstable 0
Node /input-60 input 0: size torch.Size([256, 4, 4]) unstable 0
Node /input-68 input 0: size torch.Size([256, 4, 4]) unstable 0
Node /128 input 0: size torch.Size([100]) unstable 40
-----------------
# of unstable neurons: 3325
-----------------

BaB round 1
batch: 6
splitting decisions: 
split level 0: [/input-72, 86] [/input-72, 93] [/input-72, 16] [/input-72, 18] [/input-72, 16] [/input-72, 13] 
split level 1: [/input-72, 16] [/input-72, 57] [/input-72, 86] [/input-72, 81] [/input-72, 11] [/input-72, 2] 
pruning_in_iteration open status: True
ratio of positive domain = 15 / 24 = 0.625
pruning-in-iteration extra time: 0.003832578659057617
Time: prepare 0.0005    bound 0.3055    transfer 0.0121    finalize 0.0007    func 0.3189    
Accumulated time: func 0.3189    prepare 0.0011    bound 0.3055    transfer 0.0121    finalize 0.0007    
Current worst splitting domains lb-rhs (depth):
-0.44000 (2), -0.21960 (2), -0.18680 (2), -0.18444 (2), -0.13093 (2), -0.12876 (2), -0.07526 (2), -0.06158 (2), -0.01571 (2), 
Length of domains: 9
Time: pickout 0.0010    decision 0.1539    set_bounds 0.0014    solve 0.3190    add 0.0041    
Accumulated time: pickout 0.0010    decision 0.1539    set_bounds 0.0014    solve 0.3190    add 0.0041    
Current (lb-rhs): -0.4399995803833008
9 domains visited
Cumulative time: 1.3359019756317139

BaB round 2
batch: 9
splitting decisions: 
split level 0: [/input-72, 86] [/input-72, 93] [/input-72, 6] [/input-72, 86] [/input-72, 81] [/input-72, 38] [/input-72, 93] [/input-72, 6] [/input-72, 84] 
pruning_in_iteration open status: True
ratio of positive domain = 9 / 18 = 0.5
pruning-in-iteration extra time: 0.003711223602294922
Time: prepare 0.0007    bound 0.1641    transfer 0.0036    finalize 0.0004    func 0.1689    
Accumulated time: func 0.4878    prepare 0.0024    bound 0.4696    transfer 0.0157    finalize 0.0011    
Current worst splitting domains lb-rhs (depth):
-0.37967 (3), -0.27457 (3), -0.17740 (3), -0.15487 (3), -0.12162 (3), -0.12152 (3), -0.09746 (3), -0.06105 (3), -0.03664 (3), 
Length of domains: 9
Time: pickout 0.0014    decision 0.0667    set_bounds 0.0010    solve 0.1689    add 0.0033    
Accumulated time: pickout 0.0024    decision 0.2206    set_bounds 0.0024    solve 0.4879    add 0.0074    
Current (lb-rhs): -0.37967467308044434
18 domains visited
Cumulative time: 1.577549934387207

BaB round 3
batch: 9
splitting decisions: 
split level 0: [/input-72, 95] [/input-72, 81] [/input-72, 95] [/input-72, 84] [/input-72, 46] [/input-72, 59] [/input-72, 95] [/input-72, 84] [/input-72, 81] 
pruning_in_iteration open status: True
ratio of positive domain = 6 / 18 = 0.33333333333333337
pruning-in-iteration extra time: 0.003660440444946289
Time: prepare 0.0008    bound 0.1795    transfer 0.0034    finalize 0.0004    func 0.1841    
Accumulated time: func 0.6719    prepare 0.0037    bound 0.6492    transfer 0.0191    finalize 0.0016    
Current worst splitting domains lb-rhs (depth):
-0.35404 (4), -0.24941 (4), -0.24364 (4), -0.12778 (4), -0.12608 (4), -0.10730 (4), -0.10399 (4), -0.08594 (4), -0.07990 (4), -0.05822 (4), -0.01619 (4), -0.01013 (4), 
Length of domains: 12
Time: pickout 0.0010    decision 0.0587    set_bounds 0.0010    solve 0.1842    add 0.0050    
Accumulated time: pickout 0.0034    decision 0.2793    set_bounds 0.0034    solve 0.6721    add 0.0124    
Current (lb-rhs): -0.35404062271118164
30 domains visited
Cumulative time: 1.8278899192810059

BaB round 4
batch: 12
splitting decisions: 
split level 0: [/input-72, 33] [/input-72, 33] [/input-72, 46] [/input-72, 81] [/input-72, 33] [/input-72, 2] [/input-72, 33] [/input-72, 33] [/input-72, 81] [/input-72, 81] 
pruning_in_iteration open status: True
ratio of positive domain = 7 / 24 = 0.29166666666666663
pruning-in-iteration extra time: 0.003906726837158203
Time: prepare 0.0009    bound 0.1693    transfer 0.0055    finalize 0.0006    func 0.1763    
Accumulated time: func 0.8482    prepare 0.0051    bound 0.8185    transfer 0.0246    finalize 0.0021    
Current worst splitting domains lb-rhs (depth):
-0.31251 (5), -0.28396 (5), -0.20644 (5), -0.19701 (5), -0.17530 (5), -0.17027 (5), -0.08558 (5), -0.08475 (5), -0.07170 (5), -0.05602 (5), -0.05286 (5), -0.04725 (5), -0.04557 (5), -0.03675 (5), -0.02294 (5), -0.00485 (5), -0.00284 (5), 
Length of domains: 17
Time: pickout 0.0014    decision 0.0640    set_bounds 0.0015    solve 0.1764    add 0.0079    
Accumulated time: pickout 0.0048    decision 0.3432    set_bounds 0.0049    solve 0.8485    add 0.0203    
Current (lb-rhs): -0.31250643730163574
47 domains visited
Cumulative time: 2.0793755054473877

BaB round 5
batch: 17
splitting decisions: 
split level 0: [/input-72, 81] [/input-72, 81] [/input-72, 39] [/input-72, 81] [/input-72, 81] [/input-72, 39] [/input-72, 6] [/input-72, 81] [/input-72, 15] [/input-72, 81] 
pruning_in_iteration open status: True
ratio of positive domain = 12 / 34 = 0.3529411764705882
pruning-in-iteration extra time: 0.004505634307861328
Time: prepare 0.0012    bound 0.2220    transfer 0.0119    finalize 0.0011    func 0.2362    
Accumulated time: func 1.0845    prepare 0.0069    bound 1.0405    transfer 0.0365    finalize 0.0033    
Current worst splitting domains lb-rhs (depth):
-0.28692 (6), -0.25593 (6), -0.18039 (6), -0.17199 (6), -0.17023 (6), -0.16349 (6), -0.14695 (6), -0.14163 (6), -0.08434 (6), -0.07071 (6), -0.07040 (6), -0.06061 (6), -0.05841 (6), -0.05233 (6), -0.03499 (6), -0.03353 (6), -0.02477 (6), -0.02470 (6), -0.02440 (6), -0.01686 (6), 
Length of domains: 22
Time: pickout 0.0017    decision 0.0684    set_bounds 0.0016    solve 0.2363    add 0.0148    
Accumulated time: pickout 0.0065    decision 0.4116    set_bounds 0.0065    solve 1.0848    add 0.0351    
Current (lb-rhs): -0.28692007064819336
69 domains visited
Cumulative time: 2.407521963119507

BaB round 6
batch: 22
splitting decisions: 
split level 0: [/input-72, 84] [/input-72, 84] [/input-72, 46] [/input-72, 84] [/input-72, 84] [/input-72, 84] [/input-72, 2] [/input-72, 84] [/input-72, 46] [/input-72, 38] 
pruning_in_iteration open status: True
ratio of positive domain = 23 / 44 = 0.5227272727272727
pruning-in-iteration extra time: 0.004736185073852539
Time: prepare 0.0018    bound 0.2139    transfer 0.0259    finalize 0.0013    func 0.2430    
Accumulated time: func 1.3275    prepare 0.0093    bound 1.2544    transfer 0.0624    finalize 0.0046    
Current worst splitting domains lb-rhs (depth):
-0.28101 (7), -0.24944 (7), -0.17338 (7), -0.16345 (7), -0.16195 (7), -0.15236 (7), -0.14021 (7), -0.13488 (7), -0.06575 (7), -0.06039 (7), -0.05383 (7), -0.04617 (7), -0.04271 (7), -0.03222 (7), -0.02633 (7), -0.01912 (7), -0.01607 (7), -0.01121 (7), -0.01066 (7), -0.00882 (7), 
Length of domains: 21
Time: pickout 0.0019    decision 0.0811    set_bounds 0.0020    solve 0.2431    add 0.0109    
Accumulated time: pickout 0.0083    decision 0.4927    set_bounds 0.0084    solve 1.3279    add 0.0460    
Current (lb-rhs): -0.28101205825805664
90 domains visited
Cumulative time: 2.749685525894165

BaB round 7
batch: 21
splitting decisions: 
split level 0: [/input-72, 46] [/input-40, 1381] [/input-72, 84] [/input-72, 46] [/input-40, 1381] [/input-72, 46] [/input-72, 38] [/input-72, 46] [/input-72, 46] [/input-72, 46] 
pruning_in_iteration open status: True
ratio of positive domain = 21 / 42 = 0.5
pruning-in-iteration extra time: 0.004541635513305664
Time: prepare 0.0019    bound 0.2163    transfer 0.0265    finalize 0.0016    func 0.2463    
Accumulated time: func 1.5738    prepare 0.0118    bound 1.4706    transfer 0.0888    finalize 0.0062    
Current worst splitting domains lb-rhs (depth):
-0.27426 (8), -0.24371 (8), -0.16659 (8), -0.14930 (8), -0.14715 (8), -0.13644 (8), -0.13332 (8), -0.12001 (8), -0.09414 (8), -0.08671 (8), -0.08542 (8), -0.08199 (8), -0.05821 (8), -0.04540 (8), -0.04406 (8), -0.03497 (8), -0.03349 (8), -0.00967 (8), -0.00454 (8), -0.00025 (8), 
Length of domains: 21
Time: pickout 0.0022    decision 0.0765    set_bounds 0.0017    solve 0.2464    add 0.0116    
Accumulated time: pickout 0.0105    decision 0.5692    set_bounds 0.0101    solve 1.5743    add 0.0576    
Current (lb-rhs): -0.2742626667022705
111 domains visited
Cumulative time: 3.0917015075683594

BaB round 8
batch: 21
splitting decisions: 
split level 0: [/input-72, 38] [/input-72, 38] [/input-72, 38] [/input-72, 38] [/input-40, 2461] [/input-72, 38] [/input-72, 38] [/input-72, 6] [/input-72, 6] [/input-72, 46] 
pruning_in_iteration open status: True
ratio of positive domain = 16 / 42 = 0.38095238095238093
pruning-in-iteration extra time: 0.003906726837158203
Time: prepare 0.0015    bound 0.1855    transfer 0.0251    finalize 0.0010    func 0.2132    
Accumulated time: func 1.7870    prepare 0.0139    bound 1.6562    transfer 0.1139    finalize 0.0072    
Current worst splitting domains lb-rhs (depth):
-0.26005 (9), -0.22878 (9), -0.20830 (9), -0.19333 (9), -0.15084 (9), -0.13575 (9), -0.13332 (9), -0.13237 (9), -0.12054 (9), -0.11689 (9), -0.11563 (9), -0.11344 (9), -0.11075 (9), -0.10996 (9), -0.08850 (9), -0.08258 (9), -0.07792 (9), -0.07710 (9), -0.07316 (9), -0.04309 (9), 
Length of domains: 26
Time: pickout 0.0025    decision 0.0704    set_bounds 0.0018    solve 0.2133    add 0.0121    
Accumulated time: pickout 0.0131    decision 0.6396    set_bounds 0.0119    solve 1.7876    add 0.0697    
Current (lb-rhs): -0.26004981994628906
137 domains visited
Cumulative time: 3.3951778411865234

BaB round 9
batch: 26
splitting decisions: 
split level 0: [/input-40, 2461] [/input-72, 19] [/input-72, 6] [/input-72, 19] [/input-72, 38] [/input-72, 38] [/input-72, 38] [/input-72, 6] [/input-72, 38] [/input-72, 6] 
pruning_in_iteration open status: True
ratio of positive domain = 14 / 52 = 0.2692307692307693
pruning-in-iteration extra time: 0.0027027130126953125
Time: prepare 0.0017    bound 0.1772    transfer 0.0288    finalize 0.0013    func 0.2090    
Accumulated time: func 1.9960    prepare 0.0162    bound 1.8334    transfer 0.1427    finalize 0.0085    
Current worst splitting domains lb-rhs (depth):
-0.25574 (10), -0.21416 (10), -0.19540 (10), -0.19064 (10), -0.17548 (10), -0.17095 (10), -0.16499 (10), -0.14684 (10), -0.13053 (10), -0.12880 (10), -0.12464 (10), -0.11341 (10), -0.11291 (10), -0.10870 (10), -0.10628 (10), -0.10464 (10), -0.09896 (10), -0.08487 (10), -0.07905 (10), -0.07816 (10), 
Length of domains: 38
Time: pickout 0.0025    decision 0.0754    set_bounds 0.0018    solve 0.2090    add 0.0134    
Accumulated time: pickout 0.0156    decision 0.7150    set_bounds 0.0138    solve 1.9967    add 0.0831    
Current (lb-rhs): -0.2557399272918701
175 domains visited
Cumulative time: 3.7005183696746826

BaB round 10
batch: 38
splitting decisions: 
split level 0: [/input-40, 1381] [/input-72, 19] [/input-72, 19] [/input-40, 1381] [/input-72, 19] [/input-40, 1381] [/input-40, 2461] [/input-40, 2461] [/input-72, 38] [/input-40, 2461] 
pruning_in_iteration open status: True
ratio of positive domain = 20 / 76 = 0.26315789473684215
pruning-in-iteration extra time: 0.002651214599609375
Time: prepare 0.0023    bound 0.1753    transfer 0.0373    finalize 0.0016    func 0.2165    
Accumulated time: func 2.2124    prepare 0.0191    bound 2.0086    transfer 0.1800    finalize 0.0100    
Current worst splitting domains lb-rhs (depth):
-0.24245 (11), -0.20997 (11), -0.20328 (11), -0.18861 (11), -0.18622 (11), -0.17127 (11), -0.16641 (11), -0.16272 (11), -0.16028 (11), -0.13952 (11), -0.12656 (11), -0.12375 (11), -0.12222 (11), -0.11876 (11), -0.10753 (11), -0.10582 (11), -0.10086 (11), -0.09983 (11), -0.09948 (11), -0.09689 (11), 
Length of domains: 56
Time: pickout 0.0024    decision 0.0895    set_bounds 0.0020    solve 0.2165    add 0.0215    
Accumulated time: pickout 0.0180    decision 0.8045    set_bounds 0.0158    solve 2.2132    add 0.1046    
Current (lb-rhs): -0.24245023727416992
231 domains visited
Cumulative time: 4.0370471477508545

BaB round 11
batch: 56
splitting decisions: 
split level 0: [/input-40, 2477] [/input-40, 2461] [/input-40, 2461] [/input-40, 2477] [/input-40, 2477] [/input-40, 2477] [/input-40, 2477] [/input-72, 6] [/input-40, 1381] [/input-72, 6] 
pruning_in_iteration open status: True
ratio of positive domain = 31 / 112 = 0.2767857142857143
pruning-in-iteration extra time: 0.003045320510864258
Time: prepare 0.0033    bound 0.1833    transfer 0.0585    finalize 0.0022    func 0.2475    
Accumulated time: func 2.4599    prepare 0.0230    bound 2.1920    transfer 0.2386    finalize 0.0123    
Current worst splitting domains lb-rhs (depth):
-0.23819 (12), -0.20571 (12), -0.19691 (12), -0.19138 (12), -0.18426 (12), -0.18102 (12), -0.16612 (12), -0.16209 (12), -0.15642 (12), -0.15597 (12), -0.14777 (12), -0.14186 (12), -0.13638 (12), -0.12903 (12), -0.12411 (12), -0.11894 (12), -0.11837 (12), -0.11599 (12), -0.11462 (12), -0.11191 (12), 
Length of domains: 81
Time: pickout 0.0035    decision 0.1169    set_bounds 0.0032    solve 0.2476    add 0.0363    
Accumulated time: pickout 0.0214    decision 0.9214    set_bounds 0.0190    solve 2.4607    add 0.1409    
Current (lb-rhs): -0.23818755149841309
312 domains visited
Cumulative time: 4.450812339782715

BaB round 12
batch: 81
splitting decisions: 
split level 0: [/input-72, 38] [/input-40, 2477] [/input-40, 2477] [/input-40, 2453] [/input-40, 2453] [/input-40, 7068] [/input-40, 1381] [/input-40, 2461] [/input-72, 19] [/input-40, 2461] 
pruning_in_iteration open status: True
ratio of positive domain = 45 / 162 = 0.2777777777777778
pruning-in-iteration extra time: 0.0032355785369873047
Time: prepare 0.0054    bound 0.1976    transfer 0.0754    finalize 0.0029    func 0.2813    
Accumulated time: func 2.7412    prepare 0.0291    bound 2.3896    transfer 0.3140    finalize 0.0151    
Current worst splitting domains lb-rhs (depth):
-0.23213 (13), -0.19988 (13), -0.19483 (13), -0.19093 (13), -0.18553 (13), -0.17969 (13), -0.17728 (13), -0.16603 (13), -0.16180 (13), -0.15670 (13), -0.15394 (13), -0.15195 (13), -0.15061 (13), -0.15029 (13), -0.14218 (13), -0.14143 (13), -0.13519 (13), -0.13100 (13), -0.12926 (13), -0.12294 (13), 
Length of domains: 117
Time: pickout 0.0046    decision 0.1812    set_bounds 0.0049    solve 0.2814    add 0.0528    
Accumulated time: pickout 0.0260    decision 1.1026    set_bounds 0.0239    solve 2.7421    add 0.1936    
Current (lb-rhs): -0.2321333885192871
429 domains visited
Cumulative time: 4.981685400009155

BaB round 13
batch: 117
splitting decisions: 
split level 0: [/input-72, 52] [/input-72, 19] [/input-72, 52] [/input-40, 1381] [/input-40, 2453] [/input-72, 52] [/input-72, 52] [/input-40, 2453] [/input-72, 19] [/input-72, 52] 
pruning_in_iteration open status: False
ratio of positive domain = 39 / 234 = 0.16666666666666663
pruning-in-iteration extra time: 5.4836273193359375e-05
Time: prepare 0.0064    bound 0.2561    transfer 0.0841    finalize 0.0026    func 0.3493    
Accumulated time: func 3.0906    prepare 0.0362    bound 2.6457    transfer 0.3981    finalize 0.0178    
Current worst splitting domains lb-rhs (depth):
-0.22703 (14), -0.19533 (14), -0.19169 (14), -0.18814 (14), -0.18632 (14), -0.17820 (14), -0.17355 (14), -0.17264 (14), -0.16017 (14), -0.15925 (14), -0.15738 (14), -0.15355 (14), -0.15260 (14), -0.15002 (14), -0.14728 (14), -0.14656 (14), -0.14476 (14), -0.14290 (14), -0.14155 (14), -0.14002 (14), 
Length of domains: 186
Time: pickout 0.0061    decision 0.2267    set_bounds 0.0057    solve 0.3494    add 0.1201    
Accumulated time: pickout 0.0321    decision 1.3293    set_bounds 0.0296    solve 3.0916    add 0.3137    
Current (lb-rhs): -0.22702813148498535
615 domains visited
Cumulative time: 5.697608470916748

BaB round 14
batch: 186
splitting decisions: 
split level 0: [/input-72, 19] [/input-40, 2909] [/input-72, 52] [/input-72, 52] [/input-40, 1765] [/input-40, 1765] [/input-72, 19] [/input-72, 19] [/input-72, 19] [/input-72, 19] 
pruning_in_iteration open status: True
ratio of positive domain = 94 / 372 = 0.25268817204301075
pruning-in-iteration extra time: 0.004262447357177734
Time: prepare 0.0107    bound 0.4072    transfer 0.1554    finalize 0.0050    func 0.5785    
Accumulated time: func 3.6690    prepare 0.0477    bound 3.0529    transfer 0.5535    finalize 0.0228    
Current worst splitting domains lb-rhs (depth):
-0.22498 (15), -0.19296 (15), -0.18844 (15), -0.18567 (15), -0.18388 (15), -0.17488 (15), -0.17118 (15), -0.17015 (15), -0.15668 (15), -0.15530 (15), -0.15520 (15), -0.15047 (15), -0.14856 (15), -0.14833 (15), -0.14585 (15), -0.14561 (15), -0.14436 (15), -0.14435 (15), -0.14150 (15), -0.13804 (15), 
Length of domains: 278
Time: pickout 0.0119    decision 0.3502    set_bounds 0.0099    solve 0.5787    add 0.2026    
Accumulated time: pickout 0.0440    decision 1.6795    set_bounds 0.0396    solve 3.6702    add 0.5163    
Current (lb-rhs): -0.22497987747192383
893 domains visited
Cumulative time: 6.864120721817017

BaB round 15
batch: 256
splitting decisions: 
split level 0: [/input-72, 52] [/input-40, 2453] [/input-40, 1765] [/input-40, 2453] [/input-40, 2453] [/input-40, 2476] [/input-40, 2453] [/input-40, 2453] [/input-40, 2453] [/input-40, 2453] 
pruning_in_iteration open status: True
ratio of positive domain = 130 / 512 = 0.25390625
pruning-in-iteration extra time: 0.0037546157836914062
Time: prepare 0.0146    bound 0.6221    transfer 0.2990    finalize 0.1363    func 1.0720    
Accumulated time: func 4.7411    prepare 0.0631    bound 3.6750    transfer 0.8525    finalize 0.1591    
Current worst splitting domains lb-rhs (depth):
-0.22498 (15), -0.19039 (16), -0.18592 (16), -0.18388 (15), -0.18381 (16), -0.17314 (16), -0.17118 (15), -0.17015 (15), -0.15480 (16), -0.15336 (16), -0.15330 (16), -0.15259 (16), -0.15047 (15), -0.14643 (16), -0.14565 (16), -0.14436 (15), -0.14312 (16), -0.14247 (16), -0.14181 (16), -0.13815 (16), 
Length of domains: 404
Time: pickout 0.0163    decision 0.5281    set_bounds 0.0111    solve 1.0722    add 0.2272    
Accumulated time: pickout 0.0604    decision 2.2076    set_bounds 0.0507    solve 4.7425    add 0.7435    
Current (lb-rhs): -0.22497987747192383
1275 domains visited
current_vram/total_varm: 17.6GB/102.0GB, batch_size increase to 512
Cumulative time: 8.752211570739746

BaB round 16
batch: 404
splitting decisions: 
split level 0: [/input-72, 19] [/input-72, 19] [/input-72, 19] [/input-40, 2453] [/input-40, 2453] [/input-40, 1765] [/input-40, 2453] [/input-40, 1765] [/input-72, 19] [/input-40, 1765] 
pruning_in_iteration open status: True
ratio of positive domain = 200 / 808 = 0.24752475247524752
pruning-in-iteration extra time: 0.006933450698852539
Time: prepare 0.0429    bound 0.8969    transfer 0.4407    finalize 0.0170    func 1.3992    
Accumulated time: func 6.1403    prepare 0.1072    bound 4.5718    transfer 1.2932    finalize 0.1761    
Current worst splitting domains lb-rhs (depth):
-0.22320 (16), -0.18861 (17), -0.18376 (17), -0.18146 (16), -0.18118 (17), -0.17010 (17), -0.16890 (16), -0.16808 (16), -0.15904 (16), -0.15190 (17), -0.15018 (17), -0.14848 (16), -0.14826 (17), -0.14824 (17), -0.14515 (17), -0.14336 (17), -0.14317 (17), -0.14236 (16), -0.14191 (17), -0.14106 (17), 
Length of domains: 608
Time: pickout 0.0250    decision 0.8557    set_bounds 0.0280    solve 1.3995    add 0.4993    
Accumulated time: pickout 0.0854    decision 3.0633    set_bounds 0.0787    solve 6.1420    add 1.2428    
Current (lb-rhs): -0.2232036590576172
1883 domains visited
Cumulative time: 11.62103271484375

BaB round 17
batch: 512
splitting decisions: 
split level 0: [/input-72, 52] [/input-40, 2476] [/input-40, 1036] [/input-40, 7213] [/input-40, 2909] [/input-72, 52] [/input-40, 1036] [/input-40, 3915] [/input-40, 1773] [/input-40, 2476] 
pruning_in_iteration open status: True
ratio of positive domain = 291 / 1024 = 0.2841796875
pruning-in-iteration extra time: 0.006840944290161133
Time: prepare 0.0610    bound 1.0902    transfer 0.4761    finalize 0.0215    func 1.6489    
Accumulated time: func 7.7891    prepare 0.1694    bound 5.6620    transfer 1.7694    finalize 0.1975    
Current worst splitting domains lb-rhs (depth):
-0.22320 (16), -0.18861 (17), -0.18376 (17), -0.18146 (16), -0.18118 (17), -0.17010 (17), -0.16890 (16), -0.16808 (16), -0.15190 (17), -0.15101 (17), -0.15018 (17), -0.14848 (16), -0.14236 (16), -0.14106 (17), -0.14019 (17), -0.13796 (18), -0.13649 (18), -0.13627 (17), -0.13569 (18), -0.13279 (17), 
Length of domains: 829
Time: pickout 0.0401    decision 1.0774    set_bounds 0.2166    solve 1.6506    add 0.5697    
Accumulated time: pickout 0.1255    decision 4.1408    set_bounds 0.2953    solve 7.7926    add 1.8126    
Current (lb-rhs): -0.2232036590576172
2616 domains visited
current_vram/total_varm: 38.9GB/102.0GB, batch_size increase to 1024
Cumulative time: 15.265318155288696

BaB round 18
batch: 829
splitting decisions: 
split level 0: [/input-40, 7213] [/input-40, 7213] [/input-40, 3957] [/input-40, 7213] [/input-40, 1773] [/input-72, 52] [/input-72, 52] [/input-72, 52] [/input-40, 2453] [/input-40, 1765] 
pruning_in_iteration open status: True
ratio of positive domain = 474 / 1658 = 0.28588661037394447
pruning-in-iteration extra time: 0.006999015808105469
Time: prepare 0.1000    bound 1.8021    transfer 0.7502    finalize 0.1771    func 2.8297    
Accumulated time: func 10.6189    prepare 0.2707    bound 7.4642    transfer 2.5196    finalize 0.3747    
Current worst splitting domains lb-rhs (depth):
-0.22076 (17), -0.18062 (17), -0.18011 (17), -0.17755 (18), -0.17324 (18), -0.16994 (18), -0.16497 (18), -0.15967 (18), -0.15746 (18), -0.15738 (17), -0.15696 (17), -0.15136 (18), -0.14869 (17), -0.14372 (17), -0.14047 (18), -0.14036 (18), -0.13938 (18), -0.13920 (18), -0.13800 (18), -0.13692 (17), 
Length of domains: 1184
Time: pickout 0.0672    decision 1.7546    set_bounds 0.0637    solve 2.8301    add 1.2936    
Accumulated time: pickout 0.1927    decision 5.8954    set_bounds 0.3589    solve 10.6227    add 3.1062    
Current (lb-rhs): -0.2207636833190918
3800 domains visited
Cumulative time: 21.42975378036499

BaB round 19
batch: 1024
splitting decisions: 
split level 0: [/input-24, 392] [/input-40, 1036] [/input-40, 2476] [/input-40, 7213] [/input-40, 7213] [/input-40, 7213] [/input-40, 7213] [/input-40, 2477] [/input-40, 2652] [/input-40, 2477] 
pruning_in_iteration open status: True
ratio of positive domain = 621 / 2048 = 0.30322265625
pruning-in-iteration extra time: 0.007854223251342773
Time: prepare 0.1124    bound 2.1808    transfer 1.1669    finalize 0.0434    func 3.5039    
Accumulated time: func 14.1227    prepare 0.3843    bound 9.6450    transfer 3.6865    finalize 0.4181    
Current worst splitting domains lb-rhs (depth):
-0.22076 (17), -0.18011 (17), -0.17405 (19), -0.16889 (19), -0.16782 (18), -0.16556 (19), -0.16497 (18), -0.15746 (18), -0.15684 (19), -0.15598 (18), -0.15535 (19), -0.15338 (19), -0.15300 (18), -0.15136 (18), -0.15038 (19), -0.14869 (17), -0.14809 (18), -0.14372 (17), -0.14120 (18), -0.13998 (19), 
Length of domains: 1587
Time: pickout 0.0636    decision 2.1480    set_bounds 0.2423    solve 3.5046    add 1.2282    
Accumulated time: pickout 0.2563    decision 8.0433    set_bounds 0.6012    solve 14.1273    add 4.3343    
Current (lb-rhs): -0.2207636833190918
5227 domains visited
Cumulative time: 28.84254002571106

BaB round 20
batch: 1024
splitting decisions: 
split level 0: [/input-40, 7213] [/input-40, 2652] [/input-40, 2476] [/input-40, 2476] [/input-40, 2652] [/input-40, 2909] [/input-40, 2476] [/input-40, 3915] [/input-40, 2476] [/input-40, 2476] 
pruning_in_iteration open status: True
ratio of positive domain = 666 / 2048 = 0.3251953125
pruning-in-iteration extra time: 0.007142066955566406
Time: prepare 0.1213    bound 2.1576    transfer 0.9874    finalize 0.0379    func 3.3053    
Accumulated time: func 17.4280    prepare 0.5069    bound 11.8026    transfer 4.6739    finalize 0.4560    
Current worst splitting domains lb-rhs (depth):
-0.22076 (17), -0.18011 (17), -0.17130 (20), -0.16575 (20), -0.16497 (18), -0.16358 (20), -0.16323 (19), -0.15746 (18), -0.15326 (19), -0.15282 (20), -0.15277 (20), -0.15136 (18), -0.15000 (20), -0.14975 (19), -0.14869 (17), -0.14808 (19), -0.14792 (20), -0.14372 (17), -0.14302 (19), -0.13938 (18), 
Length of domains: 1945
Time: pickout 0.0774    decision 2.1493    set_bounds 0.2791    solve 3.3058    add 0.8770    
Accumulated time: pickout 0.3337    decision 10.1926    set_bounds 0.8803    solve 17.4331    add 5.2114    
Current (lb-rhs): -0.2207636833190918
6609 domains visited
Cumulative time: 35.73134636878967

BaB round 21
batch: 1024
splitting decisions: 
split level 0: [/input-40, 3915] [/input-40, 2652] [/input-40, 3956] [/input-40, 7213] [/input-40, 2909] [/input-40, 7213] [/input-40, 2909] [/input-40, 3957] [/input-40, 3915] [/input-40, 3956] 
pruning_in_iteration open status: True
ratio of positive domain = 717 / 2048 = 0.35009765625
pruning-in-iteration extra time: 0.007210731506347656
Time: prepare 0.1155    bound 2.1160    transfer 1.1445    finalize 0.0466    func 3.4228    
Accumulated time: func 20.8509    prepare 0.6235    bound 13.9186    transfer 5.8184    finalize 0.5026    
Current worst splitting domains lb-rhs (depth):
-0.22076 (17), -0.18011 (17), -0.17130 (20), -0.16575 (20), -0.16497 (18), -0.16358 (20), -0.16066 (20), -0.15746 (18), -0.15326 (19), -0.15282 (20), -0.15136 (18), -0.14975 (19), -0.14918 (21), -0.14869 (17), -0.14645 (21), -0.14506 (20), -0.14461 (21), -0.14372 (17), -0.14019 (20), -0.13938 (18), 
Length of domains: 2252
Time: pickout 0.0729    decision 2.1483    set_bounds 0.2657    solve 3.4235    add 2.1139    
Accumulated time: pickout 0.4066    decision 12.3409    set_bounds 1.1460    solve 20.8566    add 7.3253    
Current (lb-rhs): -0.2207636833190918
7940 domains visited
Cumulative time: 43.9824755191803

BaB round 22
batch: 1024
splitting decisions: 
split level 0: [/input-40, 1036] [/input-40, 1036] [/input-72, 93] [/input-72, 93] [/input-40, 1036] [/input-40, 3957] [/input-40, 3915] [/input-40, 1756] [/input-40, 1036] [/input-40, 1756] 
pruning_in_iteration open status: True
ratio of positive domain = 730 / 2048 = 0.3564453125
pruning-in-iteration extra time: 0.007792234420776367
Time: prepare 0.1288    bound 2.0251    transfer 0.9216    finalize 0.0426    func 3.1183    
Accumulated time: func 23.9692    prepare 0.7538    bound 15.9438    transfer 6.7400    finalize 0.5452    
Current worst splitting domains lb-rhs (depth):
-0.22076 (17), -0.18011 (17), -0.17130 (20), -0.16575 (20), -0.16497 (18), -0.16358 (20), -0.16066 (20), -0.15746 (18), -0.15326 (19), -0.15282 (20), -0.15136 (18), -0.14975 (19), -0.14918 (21), -0.14869 (17), -0.14645 (21), -0.14461 (21), -0.14372 (17), -0.14152 (21), -0.13938 (18), -0.13800 (18), 
Length of domains: 2546
Time: pickout 0.0820    decision 2.1558    set_bounds 0.3271    solve 3.1188    add 0.8000    
Accumulated time: pickout 0.4886    decision 14.4967    set_bounds 1.4731    solve 23.9755    add 8.1252    
Current (lb-rhs): -0.2207636833190918
9258 domains visited
Cumulative time: 50.62211847305298

BaB round 23
batch: 1024
splitting decisions: 
split level 0: [/input-40, 6869] [/input-40, 3956] [/input-40, 2652] [/input-40, 2652] [/input-40, 3557] [/input-24, 392] [/input-40, 7213] [/input-40, 5147] [/input-8, 25879] [/input-40, 7213] 
pruning_in_iteration open status: True
ratio of positive domain = 737 / 2048 = 0.35986328125
pruning-in-iteration extra time: 0.007781982421875
Time: prepare 0.0630    bound 1.9477    transfer 0.9628    finalize 0.1869    func 3.1605    
Accumulated time: func 27.1297    prepare 0.8176    bound 17.8914    transfer 7.7027    finalize 0.7321    
Current worst splitting domains lb-rhs (depth):
-0.22076 (17), -0.18011 (17), -0.17130 (20), -0.16575 (20), -0.16497 (18), -0.16358 (20), -0.16066 (20), -0.15746 (18), -0.15326 (19), -0.15282 (20), -0.15136 (18), -0.14975 (19), -0.14918 (21), -0.14869 (17), -0.14645 (21), -0.14461 (21), -0.14372 (17), -0.13938 (18), -0.13924 (22), -0.13800 (18), 
Length of domains: 2833
Time: pickout 0.0514    decision 2.1263    set_bounds 0.0456    solve 3.1614    add 0.8433    
Accumulated time: pickout 0.5400    decision 16.6230    set_bounds 1.5187    solve 27.1369    add 8.9685    
Current (lb-rhs): -0.2207636833190918
10569 domains visited
Cumulative time: 56.98558020591736

BaB round 24
batch: 1024
splitting decisions: 
split level 0: [/input-40, 2909] [/input-40, 3946] [/input-40, 3946] [/input-24, 392] [/input-40, 1756] [/input-40, 1756] [/input-40, 1756] [/input-24, 392] [/input-72, 93] [/input-40, 1756] 
pruning_in_iteration open status: True
ratio of positive domain = 737 / 2048 = 0.35986328125
pruning-in-iteration extra time: 0.004601478576660156
Time: prepare 0.0633    bound 1.9379    transfer 0.9629    finalize 0.0260    func 2.9906    
Accumulated time: func 30.1204    prepare 0.8816    bound 19.8293    transfer 8.6656    finalize 0.7581    
Current worst splitting domains lb-rhs (depth):
-0.22076 (17), -0.18011 (17), -0.17130 (20), -0.16575 (20), -0.16497 (18), -0.16358 (20), -0.16066 (20), -0.15746 (18), -0.15326 (19), -0.15282 (20), -0.15136 (18), -0.14975 (19), -0.14918 (21), -0.14869 (17), -0.14645 (21), -0.14461 (21), -0.14372 (17), -0.13938 (18), -0.13924 (22), -0.13800 (18), 
Length of domains: 3120
Time: pickout 0.0488    decision 2.1257    set_bounds 0.0435    solve 2.9912    add 0.8303    
Accumulated time: pickout 0.5888    decision 18.7487    set_bounds 1.5622    solve 30.1281    add 9.7988    
Current (lb-rhs): -0.2207636833190918
11880 domains visited
Cumulative time: 63.16661596298218

BaB round 25
batch: 1024
splitting decisions: 
split level 0: [/input-40, 3946] [/input-40, 1036] [/input-40, 1756] [/input-24, 392] [/input-40, 3957] [/input-40, 1756] [/input-40, 1756] [/input-40, 3957] [/input-40, 3957] [/input-40, 2909] 
pruning_in_iteration open status: True
ratio of positive domain = 739 / 2048 = 0.36083984375
pruning-in-iteration extra time: 0.00444483757019043
Time: prepare 0.0626    bound 1.9331    transfer 0.9343    finalize 0.0254    func 2.9557    
Accumulated time: func 33.0760    prepare 0.9449    bound 21.7624    transfer 9.6000    finalize 0.7835    
Current worst splitting domains lb-rhs (depth):
-0.22076 (17), -0.18011 (17), -0.17130 (20), -0.16575 (20), -0.16497 (18), -0.16358 (20), -0.16066 (20), -0.15746 (18), -0.15326 (19), -0.15282 (20), -0.15136 (18), -0.14975 (19), -0.14918 (21), -0.14869 (17), -0.14645 (21), -0.14461 (21), -0.14372 (17), -0.13938 (18), -0.13924 (22), -0.13800 (18), 
Length of domains: 3405
Time: pickout 0.0488    decision 2.1282    set_bounds 0.0451    solve 2.9562    add 0.8194    
Accumulated time: pickout 0.6375    decision 20.8769    set_bounds 1.6073    solve 33.0842    add 10.6182    
Current (lb-rhs): -0.2207636833190918
13189 domains visited
Cumulative time: 69.29439353942871

BaB round 26
batch: 1024
splitting decisions: 
split level 0: [/input-40, 2909] [/input-40, 2909] [/input-40, 3957] [/input-40, 3946] [/input-40, 3956] [/input-40, 1756] [/input-40, 2910] [/input-40, 3946] [/input-40, 3946] [/input-40, 1756] 
pruning_in_iteration open status: True
ratio of positive domain = 727 / 2048 = 0.35498046875
pruning-in-iteration extra time: 0.0044596195220947266
Time: prepare 0.0613    bound 1.9348    transfer 0.9386    finalize 0.0265    func 2.9621    
Accumulated time: func 36.0381    prepare 1.0069    bound 23.6973    transfer 10.5386    finalize 0.8100    
Current worst splitting domains lb-rhs (depth):
-0.22076 (17), -0.18011 (17), -0.17130 (20), -0.16575 (20), -0.16497 (18), -0.16358 (20), -0.16066 (20), -0.15746 (18), -0.15326 (19), -0.15282 (20), -0.15136 (18), -0.14975 (19), -0.14918 (21), -0.14869 (17), -0.14645 (21), -0.14461 (21), -0.14372 (17), -0.13938 (18), -0.13924 (22), -0.13800 (18), 
Length of domains: 3702
Time: pickout 0.0474    decision 2.1295    set_bounds 0.1848    solve 2.9627    add 0.8615    
Accumulated time: pickout 0.6849    decision 23.0065    set_bounds 1.7921    solve 36.0470    add 11.4797    
Current (lb-rhs): -0.2207636833190918
14510 domains visited
Cumulative time: 75.62176084518433

BaB round 27
batch: 1024
splitting decisions: 
split level 0: [/input-40, 1756] [/input-24, 392] [/input-40, 1756] [/input-72, 93] [/input-40, 3957] [/input-40, 2909] [/input-40, 6869] [/input-40, 3956] [/input-40, 2909] [/input-40, 6869] 
pruning_in_iteration open status: True
ratio of positive domain = 767 / 2048 = 0.37451171875
pruning-in-iteration extra time: 0.0055239200592041016
Time: prepare 0.0641    bound 2.0757    transfer 0.9488    finalize 0.0226    func 3.1114    
Accumulated time: func 39.1495    prepare 1.0718    bound 25.7729    transfer 11.4874    finalize 0.8326    
Current worst splitting domains lb-rhs (depth):
-0.22076 (17), -0.18011 (17), -0.17130 (20), -0.16575 (20), -0.16497 (18), -0.16358 (20), -0.16066 (20), -0.15746 (18), -0.15326 (19), -0.15282 (20), -0.15136 (18), -0.14975 (19), -0.14918 (21), -0.14869 (17), -0.14645 (21), -0.14461 (21), -0.14372 (17), -0.13938 (18), -0.13924 (22), -0.13800 (18), 
Length of domains: 3959
Time: pickout 0.0491    decision 2.1311    set_bounds 0.1925    solve 3.1123    add 0.8302    
Accumulated time: pickout 0.7340    decision 25.1376    set_bounds 1.9847    solve 39.1593    add 12.3100    
Current (lb-rhs): -0.2207636833190918
15791 domains visited
Cumulative time: 82.05714845657349

BaB round 28
batch: 1024
splitting decisions: 
split level 0: [/input-72, 93] [/input-40, 3956] [/input-40, 6869] [/input-40, 3956] [/input-40, 3956] [/input-40, 3956] [/input-40, 6869] [/input-40, 6869] [/input-40, 6869] [/input-40, 6869] 
pruning_in_iteration open status: True
ratio of positive domain = 762 / 2048 = 0.3720703125
pruning-in-iteration extra time: 0.005982875823974609
Time: prepare 0.0658    bound 2.0704    transfer 0.9560    finalize 0.0255    func 3.1184    
Accumulated time: func 42.2679    prepare 1.1383    bound 27.8433    transfer 12.4434    finalize 0.8581    
Current worst splitting domains lb-rhs (depth):
-0.22076 (17), -0.18011 (17), -0.17130 (20), -0.16575 (20), -0.16497 (18), -0.16358 (20), -0.16066 (20), -0.15746 (18), -0.15326 (19), -0.15282 (20), -0.15136 (18), -0.14975 (19), -0.14918 (21), -0.14869 (17), -0.14645 (21), -0.14461 (21), -0.14372 (17), -0.13938 (18), -0.13924 (22), -0.13800 (18), 
Length of domains: 4221
Time: pickout 0.0567    decision 2.5844    set_bounds 0.2056    solve 3.1191    add 2.4773    
Accumulated time: pickout 0.7907    decision 27.7220    set_bounds 2.1903    solve 42.2783    add 14.7872    
Current (lb-rhs): -0.2207636833190918
17077 domains visited
Cumulative time: 90.64064192771912

BaB round 29
batch: 1024
splitting decisions: 
split level 0: [/input-72, 93] [/input-40, 3956] [/input-24, 392] [/input-72, 93] [/input-40, 3557] [/input-8, 25908] [/input-40, 6869] [/input-8, 25908] [/input-24, 392] [/input-72, 93] 
pruning_in_iteration open status: True
ratio of positive domain = 746 / 2048 = 0.3642578125
pruning-in-iteration extra time: 0.0053522586822509766
Time: prepare 0.2367    bound 2.1123    transfer 0.9444    finalize 0.0266    func 3.3208    
Accumulated time: func 45.5887    prepare 1.3757    bound 29.9556    transfer 13.3878    finalize 0.8847    
Current worst splitting domains lb-rhs (depth):
-0.22076 (17), -0.18011 (17), -0.17130 (20), -0.16575 (20), -0.16497 (18), -0.16358 (20), -0.16066 (20), -0.15746 (18), -0.15326 (19), -0.15282 (20), -0.15136 (18), -0.14975 (19), -0.14918 (21), -0.14869 (17), -0.14645 (21), -0.14461 (21), -0.14372 (17), -0.13938 (18), -0.13924 (22), -0.13800 (18), 
Length of domains: 4499
Time: pickout 0.0486    decision 2.1323    set_bounds 0.0412    solve 3.3214    add 0.8351    
Accumulated time: pickout 0.8394    decision 29.8542    set_bounds 2.2314    solve 45.5997    add 15.6223    
Current (lb-rhs): -0.2207636833190918
18379 domains visited
Time out!!!!!!!!
Result: timeout
Time: 101.55929207801819

------------------------- COMMAND ------------------------------
/data1/Kane/miniconda3/envs/GenBaB/bin/python /data1/Kane/GenBaB/alpha-beta-CROWN/complete_verifier/abcrown.py --config /data1/Kane/GenBaB/alpha-beta-CROWN/complete_verifier/exp_configs/vnncomp24/cifar100.yaml --precompile_jit --onnx_path /data1/Kane/data/vnncomp2025_benchmarks/benchmarks/cifar100_2024/onnx/CIFAR100_resnet_large.onnx --vnnlib_path /data1/Kane/data/vnncomp2025_benchmarks/benchmarks/cifar100_2024/vnnlib/CIFAR100_resnet_large_prop_idx_6491_sidx_3620_eps_0.0039.vnnlib --results_file /data1/Kane/ACT/audit_results/abcrown_nopgd_20260525/cifar100_2024/0160__CIFAR100_resnet_large__CIFAR100_resnet_large_prop_idx_6491_sidx_3620_eps_0.0039.result --timeout 100.0 --save_adv_example --pgd_order=skip
----------------------------------------------------------------

