[0;93m2026-05-26 18:08:55.513721678 [W:onnxruntime:Default, device_discovery.cc:325 DiscoverDevicesForPlatform] GPU device discovery failed: device_discovery.cc:92 ReadFileContents Failed to open file: "/sys/class/drm/card0/device/vendor"[m
Configurations:

general:
  device: cuda
  seed: 100
  conv_mode: patches
  deterministic: false
  double_fp: false
  loss_reduction_func: sum
  sparse_alpha: true
  sparse_interm: true
  save_adv_example: true
  verify_onnxruntime_output: false
  eval_adv_example: false
  show_adv_example: false
  precompile_jit: true
  prepare_only: false
  complete_verifier: bab
  enable_incomplete_verification: true
  csv_name: instances.csv
  results_file: /data1/Kane/ACT/audit_results/abcrown_nopgd_20260525/cifar100_2024/0173__CIFAR100_resnet_large__CIFAR100_resnet_large_prop_idx_5522_sidx_5863_eps_0.0039.result
  root_path: ../../vnncomp2024_benchmarks/benchmarks/cifar100
  deterministic_opt: false
  graph_optimizer: 'Customized("custom_graph_optimizer", "default_optimizer")'
  buffer_has_batchdim: false
  save_output: false
  output_file: out.pkl
  return_optimized_model: false
model:
  name: null
  path: null
  onnx_path: /data1/Kane/data/vnncomp2025_benchmarks/benchmarks/cifar100_2024/onnx/CIFAR100_resnet_large.onnx
  onnx_path_prefix: ''
  cache_onnx_conversion: false
  debug_onnx: false
  onnx_quirks: null
  input_shape: null
  onnx_loader: default_onnx_and_vnnlib_loader
  onnx_optimization_flags: [merge_bn]
  onnx_vnnlib_joint_optimization_flags: none
  check_optimized: false
  flatten_final_output: false
  optimize_graph: null
  with_jacobian: false
data:
  start: 0
  end: 10000
  select_instance: null
  num_outputs: 10
  mean: 0.0
  std: 1.0
  pkl_path: null
  dataset: null
  data_filter_path: null
  data_idx_file: null
specification:
  type: lp
  robustness_type: verified-acc
  norm: .inf
  epsilon: null
  epsilon_min: 0.0
  vnnlib_path: /data1/Kane/data/vnncomp2025_benchmarks/benchmarks/cifar100_2024/vnnlib/CIFAR100_resnet_large_prop_idx_5522_sidx_5863_eps_0.0039.vnnlib
  vnnlib_path_prefix: ''
  rhs_offset: null
solver:
  batch_size: 256
  auto_enlarge_batch_size: true
  min_batch_size_ratio: 0.1
  use_float64_in_last_iteration: false
  early_stop_patience: 10
  start_save_best: 0.5
  bound_prop_method: alpha-crown
  init_bound_prop_method: same
  prune_after_crown: true
  optimize_disjuncts_separately: false
  crown:
    batch_size: 1000000000
    max_crown_size: 1000000000
    activation_bound_option: adaptive
    compare_crown_with_ibp: false
  alpha-crown:
    alpha: true
    lr_alpha: 0.25
    iteration: 20
    share_alphas: false
    lr_decay: 0.98
    full_conv_alpha: false
    max_coeff_mul: .inf
    matmul_share_alphas: false
    disable_optimization: []
    max_time: 1.0
  invprop:
    apply_output_constraints_to: []
    tighten_input_bounds: false
    best_of_oc_and_no_oc: false
    directly_optimize: []
    oc_lr: 0.1
    share_gammas: false
  beta-crown:
    lr_alpha: 0.1
    lr_beta: 0.2
    lr_decay: 0.98
    optimizer: adam
    iteration: 10
    beta: true
    beta_warmup: true
    enable_opt_interm_bounds: false
    all_node_split_LP: false
  forward:
    refine: false
    max_dim: 10000
    reset_threshold: 1.0
  multi_class:
    label_batch_size: 32
    skip_with_refined_bound: true
  mip:
    unstable_neuron_threshold: 0
    parallel_solvers: null
    solver_threads: 1
    refine_neuron_timeout: 15
    refine_neuron_time_percentage: 0.8
    early_stop: true
    adv_warmup: true
    mip_solver: gurobi
    skip_unsafe: false
    topk_filter: 1.0
    sliding_window: -1
    extra_constraint: false
    refine_neuron_timeout_increasement: 0
    timeout_neuron_percentage: 0.3
    remaining_timeout_threshold: 1
    remove_unstable_neurons: false
    lp_solver: false
bab:
  initial_max_domains: 100
  backing_up_max_domain: null
  max_domains: .inf
  decision_thresh: 0
  timeout: 100.0
  timeout_scale: 1
  max_iterations: -1
  override_timeout: null
  get_upper_bound: false
  pruning_in_iteration: true
  pruning_in_iteration_ratio: 0.2
  sort_targets: false
  batched_domain_list: true
  optimized_interm: ''
  interm_transfer: false
  recompute_interm: false
  sort_domain_interval: -1
  vanilla_crown: false
  tree_traversal: depth_first
  cut:
    enabled: false
    cuts_path: /tmp/abcrown_cuts
    implication: false
    bab_cut: false
    lp_cut: false
    method: null
    lr: 0.01
    lr_decay: 1.0
    iteration: 100
    bab_iteration: -1
    early_stop_patience: -1
    lr_beta: 0.02
    number_cuts: 50
    topk_cuts_in_filter: 1000
    batch_size_primal: 100
    max_num: 1000000000
    patches_cut: false
    cplex_cuts: false
    cplex_cuts_wait: 0
    cplex_cuts_revpickup: true
    cut_reference_bounds: true
    fix_intermediate_bounds: false
    biccos:
      enabled: false
      constraint_strengthening: true
      recursively_strengthening: false
      drop_ratio: 0.5
      verified_bonus: 0.3
      max_infer_iter: 20
      heuristic: neuron_influence_score
      save_biccos_cuts: false
      multi_tree_branching:
        enabled: false
        restore_best_tree: false
        keep_n_best_domains: 1
        k_splits: 1
        iterations: 1
  branching:
    method: kfsb
    candidates: 7
    reduceop: max
    enable_intermediate_bound_opt: false
    branching_input_and_activation: false
    branching_input_and_activation_order: [input, relu]
    branching_input_iterations: 30
    branching_relu_iterations: 50
    nonlinear_split:
      method: bbps
      disable: false
      branching_point_method: uniform
      num_branches: 2
      filter: false
      filter_beta: false
      filter_clamp: false
      filter_batch_size: 10000
      filter_iterations: 25
      relu_only: false
      loose_tanh_threshold: null
      branching_point:
        db_path: branching_points.pt
        num_iterations: 1000
        batch_size: 1000000
        range_l: -5.0
        range_u: 5.0
        log_interval: 100
        step_size_1d: 0.01
        step_size: 0.2
    input_split:
      enable_clip_domains: false
      split_hint: null
      reorder_bab: false
      enable: false
      enhanced_bound_prop_method: alpha-crown
      enhanced_branching_method: naive
      enhanced_bound_patience: 100000000.0
      attack_patience: 100000000.0
      adv_check: 0
      split_partitions: 2
      sb_margin_weight: 1.0
      sb_sum: false
      sb_primary_spec: null
      bf_backup_thresh: -1
      bf_rhs_offset: 0
      bf_iters: 1000000000.0
      bf_batch_size: 100000
      bf_zero_crossing_score: false
      touch_zero_score: 0
      ibp_enhancement: false
      compare_with_old_bounds: false
      update_rhs_with_attack: false
      sb_coeff_thresh: 0.001
      sort_index: null
      sort_descending: true
      show_progress: false
      presplit_domains: null
      skip_getting_worst_domain: false
  attack:
    enabled: false
    beam_candidates: 8
    beam_depth: 7
    max_dive_fix_ratio: 0.8
    min_local_free_ratio: 0.2
    mip_start_iteration: 5
    mip_timeout: 30.0
    adv_pool_threshold: null
    refined_mip_attacker: false
    refined_batch_size: null
attack:
  pgd_order: skip
  pgd_steps: 100
  pgd_restarts: 10
  pgd_batch_size: 100000000
  pgd_early_stop: true
  pgd_lr_decay: 0.99
  pgd_alpha: auto
  pgd_alpha_scale: false
  pgd_loss_mode: null
  pgd_restart_when_stuck: false
  enable_mip_attack: false
  adv_saver: default_adv_saver
  adv_verifier: default_adv_verifier
  early_stop_condition: default_early_stop_condition
  adv_example_finalizer: default_adv_example_finalizer
  pgd_loss: default_pgd_loss
  cex_path: ./test_cex.txt
  attack_mode: PGD
  attack_tolerance: 0.0
  attack_func: attack_with_general_specs
  gama_lambda: 10.0
  gama_decay: 0.9
  check_clean: false
  input_split:
    pgd_steps: 100
    pgd_restarts: 30
    pgd_alpha: auto
  input_split_enhanced:
    pgd_steps: 200
    pgd_restarts: 500000
    pgd_alpha: auto
  input_split_check_adv:
    enabled: auto
    pgd_steps: 5
    pgd_restarts: 5
    pgd_alpha: auto
    max_num_domains: 10
debug:
  view_model: false
  lp_test: null
  rescale_vnnlib_ptb: null
  test_optimized_bounds: false
  test_optimized_bounds_after_n_iterations: 0
  print_verbose_decisions: false
  sanity_check: null
  save_minimal_config: null
  save_minimal_config_omit_keys: []

Experiments at Tue May 26 18:08:56 2026 on dell-pro-max-tower-t2
Pre-compile jit kernels on a toy network...
JIT kernels compiled in 0.9737s./data1/Kane/miniconda3/envs/GenBaB/lib/python3.11/site-packages/onnx2pytorch/convert/model.py:151: UserWarning: Using experimental implementation that allows 'batch_size > 1'.Batchnorm layers could potentially produce false outputs.
  warnings.warn(
/data1/Kane/miniconda3/envs/GenBaB/lib/python3.11/site-packages/onnx2pytorch/utils.py:21: TracerWarning: Converting a tensor to a Python boolean might cause the trace to be incorrect. We can't record the data flow of Python values, so this value will be treated as a constant in the future. This means that the trace might not generalize to other inputs!
  return value.ndim == 0 or value.shape == torch.Size([1])
/data1/Kane/miniconda3/envs/GenBaB/lib/python3.11/site-packages/onnx2pytorch/operations/add.py:34: TracerWarning: Converting a tensor to a Python boolean might cause the trace to be incorrect. We can't record the data flow of Python values, so this value will be treated as a constant in the future. This means that the trace might not generalize to other inputs!
  elif all(x == 1 for x in input[0].shape):

Internal results will be saved to /data1/Kane/ACT/audit_results/abcrown_nopgd_20260525/cifar100_2024/0173__CIFAR100_resnet_large__CIFAR100_resnet_large_prop_idx_5522_sidx_5863_eps_0.0039.result.

 %%%%%%%%%%%%%%%%%%%%%%%%%%%%%%%%%%% idx: 0, vnnlib ID: 0 %%%%%%%%%%%%%%%%%%%%%%%%%%%%%%%%%%%
Using onnx /data1/Kane/data/vnncomp2025_benchmarks/benchmarks/cifar100_2024/onnx/CIFAR100_resnet_large.onnx
Using vnnlib /data1/Kane/data/vnncomp2025_benchmarks/benchmarks/cifar100_2024/vnnlib/CIFAR100_resnet_large_prop_idx_5522_sidx_5863_eps_0.0039.vnnlib
3072 inputs and 100 outputs in vnnlib
Loading onnx /data1/Kane/data/vnncomp2025_benchmarks/benchmarks/cifar100_2024/onnx/CIFAR100_resnet_large.onnx with quirks {}
Onnx optimization with flags: ['merge_bn']
Found existed optimized onnx model at /data1/Kane/data/vnncomp2025_benchmarks/benchmarks/cifar100_2024/onnx/CIFAR100_resnet_large.onnx.optimized
Finished onnx model loading in 0.1245 seconds
Model: BoundedModule(
  (/input-1): BoundInput(name=/input-1, inputs=[], perturbed=True)
  (/45): BoundParams(name=/45, inputs=[], perturbed=False)
  (/46): BoundParams(name=/46, inputs=[], perturbed=False)
  (/47): BoundParams(name=/47, inputs=[], perturbed=False)
  (/48): BoundParams(name=/48, inputs=[], perturbed=False)
  (/49): BoundParams(name=/49, inputs=[], perturbed=False)
  (/50): BoundParams(name=/50, inputs=[], perturbed=False)
  (/51): BoundParams(name=/51, inputs=[], perturbed=False)
  (/52): BoundParams(name=/52, inputs=[], perturbed=False)
  (/53): BoundParams(name=/53, inputs=[], perturbed=False)
  (/54): BoundParams(name=/54, inputs=[], perturbed=False)
  (/55): BoundParams(name=/55, inputs=[], perturbed=False)
  (/56): BoundParams(name=/56, inputs=[], perturbed=False)
  (/57): BoundParams(name=/57, inputs=[], perturbed=False)
  (/58): BoundParams(name=/58, inputs=[], perturbed=False)
  (/59): BoundParams(name=/59, inputs=[], perturbed=False)
  (/60): BoundParams(name=/60, inputs=[], perturbed=False)
  (/61): BoundParams(name=/61, inputs=[], perturbed=False)
  (/62): BoundParams(name=/62, inputs=[], perturbed=False)
  (/63): BoundParams(name=/63, inputs=[], perturbed=False)
  (/64): BoundParams(name=/64, inputs=[], perturbed=False)
  (/65): BoundParams(name=/65, inputs=[], perturbed=False)
  (/66): BoundParams(name=/66, inputs=[], perturbed=False)
  (/67): BoundParams(name=/67, inputs=[], perturbed=False)
  (/68): BoundParams(name=/68, inputs=[], perturbed=False)
  (/69): BoundParams(name=/69, inputs=[], perturbed=False)
  (/70): BoundParams(name=/70, inputs=[], perturbed=False)
  (/71): BoundParams(name=/71, inputs=[], perturbed=False)
  (/72): BoundParams(name=/72, inputs=[], perturbed=False)
  (/73): BoundParams(name=/73, inputs=[], perturbed=False)
  (/74): BoundParams(name=/74, inputs=[], perturbed=False)
  (/75): BoundParams(name=/75, inputs=[], perturbed=False)
  (/76): BoundParams(name=/76, inputs=[], perturbed=False)
  (/77): BoundParams(name=/77, inputs=[], perturbed=False)
  (/78): BoundParams(name=/78, inputs=[], perturbed=False)
  (/79): BoundParams(name=/79, inputs=[], perturbed=False)
  (/80): BoundParams(name=/80, inputs=[], perturbed=False)
  (/81): BoundParams(name=/81, inputs=[], perturbed=False)
  (/82): BoundParams(name=/82, inputs=[], perturbed=False)
  (/83): BoundParams(name=/83, inputs=[], perturbed=False)
  (/84): BoundParams(name=/84, inputs=[], perturbed=False)
  (/85): BoundParams(name=/85, inputs=[], perturbed=False)
  (/86): BoundParams(name=/86, inputs=[], perturbed=False)
  (/87): BoundParams(name=/87, inputs=[], perturbed=False)
  (/88): BoundParams(name=/88, inputs=[], perturbed=False)
  (/input): BoundConv(name=/input, inputs=[/input-1, /45, /46], perturbed=True)
  (/input-4): BoundRelu(name=/input-4, inputs=[/input], perturbed=True)
  (/input-8): BoundConv(name=/input-8, inputs=[/input-4, /47, /48], perturbed=True)
  (/input-12): BoundRelu(name=/input-12, inputs=[/input-8], perturbed=True)
  (/93): BoundConv(name=/93, inputs=[/input-12, /49, /50], perturbed=True)
  (/94): BoundAdd(name=/94, inputs=[/93, /input-4], perturbed=True)
  (/input-16): BoundConv(name=/input-16, inputs=[/94, /51, /52], perturbed=True)
  (/input-20): BoundRelu(name=/input-20, inputs=[/input-16], perturbed=True)
  (/97): BoundConv(name=/97, inputs=[/input-20, /53, /54], perturbed=True)
  (/98): BoundAdd(name=/98, inputs=[/97, /94], perturbed=True)
  (/input-24): BoundConv(name=/input-24, inputs=[/98, /55, /56], perturbed=True)
  (/input-28): BoundRelu(name=/input-28, inputs=[/input-24], perturbed=True)
  (/101): BoundConv(name=/101, inputs=[/input-28, /57, /58], perturbed=True)
  (/102): BoundConv(name=/102, inputs=[/98, /59, /60], perturbed=True)
  (/103): BoundAdd(name=/103, inputs=[/101, /102], perturbed=True)
  (/input-32): BoundConv(name=/input-32, inputs=[/103, /61, /62], perturbed=True)
  (/input-36): BoundRelu(name=/input-36, inputs=[/input-32], perturbed=True)
  (/106): BoundConv(name=/106, inputs=[/input-36, /63, /64], perturbed=True)
  (/107): BoundAdd(name=/107, inputs=[/106, /103], perturbed=True)
  (/input-40): BoundConv(name=/input-40, inputs=[/107, /65, /66], perturbed=True)
  (/input-44): BoundRelu(name=/input-44, inputs=[/input-40], perturbed=True)
  (/110): BoundConv(name=/110, inputs=[/input-44, /67, /68], perturbed=True)
  (/111): BoundConv(name=/111, inputs=[/107, /69, /70], perturbed=True)
  (/112): BoundAdd(name=/112, inputs=[/110, /111], perturbed=True)
  (/input-48): BoundConv(name=/input-48, inputs=[/112, /71, /72], perturbed=True)
  (/input-52): BoundRelu(name=/input-52, inputs=[/input-48], perturbed=True)
  (/115): BoundConv(name=/115, inputs=[/input-52, /73, /74], perturbed=True)
  (/116): BoundAdd(name=/116, inputs=[/115, /112], perturbed=True)
  (/input-56): BoundConv(name=/input-56, inputs=[/116, /75, /76], perturbed=True)
  (/input-60): BoundRelu(name=/input-60, inputs=[/input-56], perturbed=True)
  (/119): BoundConv(name=/119, inputs=[/input-60, /77, /78], perturbed=True)
  (/120): BoundConv(name=/120, inputs=[/116, /79, /80], perturbed=True)
  (/121): BoundAdd(name=/121, inputs=[/119, /120], perturbed=True)
  (/input-64): BoundConv(name=/input-64, inputs=[/121, /81, /82], perturbed=True)
  (/input-68): BoundRelu(name=/input-68, inputs=[/input-64], perturbed=True)
  (/124): BoundConv(name=/124, inputs=[/input-68, /83, /84], perturbed=True)
  (/125): BoundAdd(name=/125, inputs=[/124, /121], perturbed=True)
  (/126): BoundFlatten(name=/126, inputs=[/125], perturbed=True)
  (/input-72): BoundLinear(name=/input-72, inputs=[/126, /85, /86], perturbed=True)
  (/128): BoundRelu(name=/128, inputs=[/input-72], perturbed=True)
  (/129): BoundLinear(name=/129, inputs=[/128, /87, /88], perturbed=True)
)
Original output: tensor([[ -9.54966640,   0.14781344,  -8.70396328,  -6.80168009,  -5.13371944,
          -8.14872646,  -1.12650037,  -2.94506907,  -9.58841801,  -9.40255642,
          -8.66808224,  -6.15957832,  -5.49133873,  -5.33298635,  -3.95714092,
          -7.24337006, -10.04464436,  -6.95094442,   0.89433461,  -7.78919315,
         -10.27766132, -10.04950619,  -7.14562845,  -4.04386854,  -5.00142670,
          -8.09888840,  -3.85961103,  -2.33512330,  -9.29013062,  -3.09148455,
          -2.52672195, -10.23908806,  -6.17290306,  -6.58290291,  -3.38842630,
          -5.90347195,  -5.09450579,  -4.68030882,  -5.14188766,  -8.67627716,
          -6.11555958,  -7.07805490,  -7.94436455,  -6.36911535,  -0.81743473,
          -4.97875071,  -6.34234428,  -9.20531654,  -7.51374435,  -2.54724073,
          -3.59888721,  -6.14305925, -10.11704636,  -9.82314396,  -6.27932262,
          -4.08451319,  -5.62471533,  -7.10636711,  -6.83463621, -11.09932137,
         -10.70392418, -10.85451126,  -7.32201815,  -5.82241631,  -2.74326682,
          -6.04449177,  -7.05888319,  -6.71765995,  -4.17626810,  -4.71739340,
          -6.60191774,  -7.25819159,  -5.65392303,  -2.04125357,  -5.99856043,
          -8.27130032,  -9.00011158,  -3.49558449,  -3.97325492,  -2.50910378,
          -6.98580742,  -5.82264996,  -3.11009169,  -7.20493889,  -6.59465837,
          -9.44480324, -11.22985744, -10.52821064,  -3.23420405,  -4.13452291,
          -2.24055862,  -0.55582124,  -5.53608608,  -0.62170386, -15.58394337,
          -6.17045593,  -7.01558924,  -5.73673344,  -7.13659191,  -6.34153366]],
       device='cuda:0')
Split layers:
Nonlinear functions:
   BoundRelu(name=/input-4, inputs=[/input], perturbed=True)
   BoundRelu(name=/input-12, inputs=[/input-8], perturbed=True)
   BoundRelu(name=/input-20, inputs=[/input-16], perturbed=True)
   BoundRelu(name=/input-28, inputs=[/input-24], perturbed=True)
   BoundRelu(name=/input-36, inputs=[/input-32], perturbed=True)
   BoundRelu(name=/input-44, inputs=[/input-40], perturbed=True)
   BoundRelu(name=/input-52, inputs=[/input-48], perturbed=True)
   BoundRelu(name=/input-60, inputs=[/input-56], perturbed=True)
   BoundRelu(name=/input-68, inputs=[/input-64], perturbed=True)
   BoundRelu(name=/128, inputs=[/input-72], perturbed=True)
layer /input-4 using sparse-features alpha with shape [876]; unstable size 876; total size 65536 ([1, 64, 32, 32])
layer /input-4 start_node /input-8 using sparse-spec alpha [2, 55, 1, 876] with unstable size 54 total_size 64 output_shape 64
layer /input-4 start_node /input-24 using sparse-spec alpha [2, 52, 1, 876] with unstable size 51 total_size 128 output_shape 128
layer /input-4 start_node /input-40 using sparse-spec alpha [2, 67, 1, 876] with unstable size 66 total_size 128 output_shape 128
layer /input-4 start_node /input-72 using sparse-spec alpha [2, 23, 1, 876] with unstable size 22 total_size 100 output_shape torch.Size([100])
layer /input-4 start_node /129 using full alpha [2, 99, 1, 876] with unstable size None total_size 99 output_shape 99
layer /input-12 using sparse-features alpha with shape [1398]; unstable size 1398; total size 65536 ([1, 64, 32, 32])
layer /input-12 start_node /input-24 using sparse-spec alpha [2, 52, 1, 1398] with unstable size 51 total_size 128 output_shape 128
layer /input-12 start_node /input-40 using sparse-spec alpha [2, 67, 1, 1398] with unstable size 66 total_size 128 output_shape 128
layer /input-12 start_node /input-72 using sparse-spec alpha [2, 23, 1, 1398] with unstable size 22 total_size 100 output_shape torch.Size([100])
layer /input-12 start_node /129 using full alpha [2, 99, 1, 1398] with unstable size None total_size 99 output_shape 99
layer /input-20 using sparse-features alpha with shape [0]; unstable size 0; total size 65536 ([1, 64, 32, 32])
layer /input-20 start_node /input-24 using sparse-spec alpha [2, 52, 1, 0] with unstable size 51 total_size 128 output_shape 128
layer /input-20 start_node /input-40 using sparse-spec alpha [2, 67, 1, 0] with unstable size 66 total_size 128 output_shape 128
layer /input-20 start_node /input-72 using sparse-spec alpha [2, 23, 1, 0] with unstable size 22 total_size 100 output_shape torch.Size([100])
layer /input-20 start_node /129 using full alpha [2, 99, 1, 0] with unstable size None total_size 99 output_shape 99
layer /input-28 using sparse-features alpha with shape [225]; unstable size 225; total size 32768 ([1, 128, 16, 16])
layer /input-28 start_node /input-40 using sparse-spec alpha [2, 67, 1, 225] with unstable size 66 total_size 128 output_shape 128
layer /input-28 start_node /input-72 using sparse-spec alpha [2, 23, 1, 225] with unstable size 22 total_size 100 output_shape torch.Size([100])
layer /input-28 start_node /129 using full alpha [2, 99, 1, 225] with unstable size None total_size 99 output_shape 99
layer /input-36 using sparse-features alpha with shape [0]; unstable size 0; total size 32768 ([1, 128, 16, 16])
layer /input-36 start_node /input-40 using sparse-spec alpha [2, 67, 1, 0] with unstable size 66 total_size 128 output_shape 128
layer /input-36 start_node /input-72 using sparse-spec alpha [2, 23, 1, 0] with unstable size 22 total_size 100 output_shape torch.Size([100])
layer /input-36 start_node /129 using full alpha [2, 99, 1, 0] with unstable size None total_size 99 output_shape 99
layer /input-44 using sparse-features alpha with shape [202]; unstable size 202; total size 8192 ([1, 128, 8, 8])
layer /input-44 start_node /input-72 using sparse-spec alpha [2, 23, 1, 202] with unstable size 22 total_size 100 output_shape torch.Size([100])
layer /input-44 start_node /129 using full alpha [2, 99, 1, 202] with unstable size None total_size 99 output_shape 99
layer /input-52 using sparse-features alpha with shape [0]; unstable size 0; total size 8192 ([1, 128, 8, 8])
layer /input-52 start_node /input-72 using sparse-spec alpha [2, 23, 1, 0] with unstable size 22 total_size 100 output_shape torch.Size([100])
layer /input-52 start_node /129 using full alpha [2, 99, 1, 0] with unstable size None total_size 99 output_shape 99
layer /input-60 using sparse-features alpha with shape [0]; unstable size 0; total size 4096 ([1, 256, 4, 4])
layer /input-60 start_node /input-72 using sparse-spec alpha [2, 23, 1, 0] with unstable size 22 total_size 100 output_shape torch.Size([100])
layer /input-60 start_node /129 using full alpha [2, 99, 1, 0] with unstable size None total_size 99 output_shape 99
layer /input-68 using sparse-features alpha with shape [0]; unstable size 0; total size 4096 ([1, 256, 4, 4])
layer /input-68 start_node /input-72 using sparse-spec alpha [2, 23, 1, 0] with unstable size 22 total_size 100 output_shape torch.Size([100])
layer /input-68 start_node /129 using full alpha [2, 99, 1, 0] with unstable size None total_size 99 output_shape 99
layer /128 using sparse-features alpha with shape [22]; unstable size 22; total size 100 ([1, 100])
layer /128 start_node /129 using full alpha [2, 99, 1, 22] with unstable size None total_size 99 output_shape 99
Optimizable variables initialized.
initial CROWN bounds: tensor([[ 8.83745480, -0.48229265,  7.98758221,  6.29875278,  4.81545448,
          7.31903076,  0.92818105,  2.89564824,  9.03435707,  8.80579662,
          8.45720673,  5.42482424,  5.01528645,  4.61977386,  3.74668789,
          6.87463236,  9.68773651,  6.31116438,  7.15114021,  9.53897285,
          9.46491528,  6.78861761,  3.80060983,  4.67602491,  7.73374557,
          3.57117748,  2.20147324,  9.07187462,  2.81414413,  1.86522818,
          9.68800449,  5.58867073,  6.20630217,  2.74251270,  5.31116676,
          4.39942169,  4.05009127,  4.45853329,  7.92217827,  5.72044706,
          6.48754883,  7.37637520,  5.76876354,  0.85045314,  4.66907740,
          5.72307777,  8.68100739,  6.99944448,  2.30407858,  3.28728247,
          5.77717876,  9.66165924,  8.68045235,  5.60375738,  3.82118130,
          4.94563723,  6.73073292,  5.98818684, 10.40512085, 10.30465126,
         10.39035606,  6.76997662,  5.50413799,  2.35060406,  5.33055878,
          6.72415400,  5.98347902,  3.43963957,  4.21853209,  5.97734976,
          6.62891388,  5.20627737,  1.69717312,  5.74887991,  8.02911663,
          8.56676102,  3.17107248,  3.82070732,  2.17991114,  6.46103859,
          4.98849773,  2.77110815,  6.77472258,  6.20690203,  8.92245007,
         10.50560951,  9.84328651,  2.92544699,  3.81336331,  1.74335980,
          0.14738631,  5.02308989,  0.33478981, 14.42129517,  5.79434013,
          6.61205673,  4.91899872,  6.60610771,  5.99905348]], device='cuda:0') None
prune_after_crown optimization in use: original label size = 99 pruned label size = 1
best_l after optimization: -0.4053516387939453
alpha/beta optimization time: 2.253617525100708
initial alpha-crown bounds: tensor([[        inf, -0.40535164,         inf,         inf,         inf,
                 inf,         inf,         inf,         inf,         inf,
                 inf,         inf,         inf,         inf,         inf,
                 inf,         inf,         inf,         inf,         inf,
                 inf,         inf,         inf,         inf,         inf,
                 inf,         inf,         inf,         inf,         inf,
                 inf,         inf,         inf,         inf,         inf,
                 inf,         inf,         inf,         inf,         inf,
                 inf,         inf,         inf,         inf,         inf,
                 inf,         inf,         inf,         inf,         inf,
                 inf,         inf,         inf,         inf,         inf,
                 inf,         inf,         inf,         inf,         inf,
                 inf,         inf,         inf,         inf,         inf,
                 inf,         inf,         inf,         inf,         inf,
                 inf,         inf,         inf,         inf,         inf,
                 inf,         inf,         inf,         inf,         inf,
                 inf,         inf,         inf,         inf,         inf,
                 inf,         inf,         inf,         inf,         inf,
                 inf,         inf,         inf,         inf,         inf,
                 inf,         inf,         inf,         inf]], device='cuda:0')
Number of class (without rhs): 1 ; Worst class: (+ rhs) -0.4053516387939453
Total VNNLIB file length: 99, max property batch size: 100, total number of batches: 1
lA shape: [torch.Size([99, 1, 64, 32, 32]), torch.Size([99, 1, 64, 32, 32]), torch.Size([99, 1, 64, 32, 32]), torch.Size([99, 1, 128, 16, 16]), torch.Size([99, 1, 128, 16, 16]), torch.Size([99, 1, 128, 8, 8]), torch.Size([99, 1, 128, 8, 8]), torch.Size([99, 1, 256, 4, 4]), torch.Size([99, 1, 256, 4, 4]), torch.Size([99, 1, 100])]

Properties batch 0, size 99
Remaining timeout: 96.47916221618652
Verifying property 0 with 99 instances.
##### Instance 0 first 10 spec matrices: 
tensor([[[-1.,  0.,  0.,  0.,  0.,  0.,  0.,  0.,  0.,  0.,  0.,  0.,  0.,  0.,
           0.,  0.,  0.,  0.,  1.,  0.,  0.,  0.,  0.,  0.,  0.,  0.,  0.,  0.,
           0.,  0.,  0.,  0.,  0.,  0.,  0.,  0.,  0.,  0.,  0.,  0.,  0.,  0.,
           0.,  0.,  0.,  0.,  0.,  0.,  0.,  0.,  0.,  0.,  0.,  0.,  0.,  0.,
           0.,  0.,  0.,  0.,  0.,  0.,  0.,  0.,  0.,  0.,  0.,  0.,  0.,  0.,
           0.,  0.,  0.,  0.,  0.,  0.,  0.,  0.,  0.,  0.,  0.,  0.,  0.,  0.,
           0.,  0.,  0.,  0.,  0.,  0.,  0.,  0.,  0.,  0.,  0.,  0.,  0.,  0.,
           0.,  0.]],

        [[ 0., -1.,  0.,  0.,  0.,  0.,  0.,  0.,  0.,  0.,  0.,  0.,  0.,  0.,
           0.,  0.,  0.,  0.,  1.,  0.,  0.,  0.,  0.,  0.,  0.,  0.,  0.,  0.,
           0.,  0.,  0.,  0.,  0.,  0.,  0.,  0.,  0.,  0.,  0.,  0.,  0.,  0.,
           0.,  0.,  0.,  0.,  0.,  0.,  0.,  0.,  0.,  0.,  0.,  0.,  0.,  0.,
           0.,  0.,  0.,  0.,  0.,  0.,  0.,  0.,  0.,  0.,  0.,  0.,  0.,  0.,
           0.,  0.,  0.,  0.,  0.,  0.,  0.,  0.,  0.,  0.,  0.,  0.,  0.,  0.,
           0.,  0.,  0.,  0.,  0.,  0.,  0.,  0.,  0.,  0.,  0.,  0.,  0.,  0.,
           0.,  0.]],

        [[ 0.,  0., -1.,  0.,  0.,  0.,  0.,  0.,  0.,  0.,  0.,  0.,  0.,  0.,
           0.,  0.,  0.,  0.,  1.,  0.,  0.,  0.,  0.,  0.,  0.,  0.,  0.,  0.,
           0.,  0.,  0.,  0.,  0.,  0.,  0.,  0.,  0.,  0.,  0.,  0.,  0.,  0.,
           0.,  0.,  0.,  0.,  0.,  0.,  0.,  0.,  0.,  0.,  0.,  0.,  0.,  0.,
           0.,  0.,  0.,  0.,  0.,  0.,  0.,  0.,  0.,  0.,  0.,  0.,  0.,  0.,
           0.,  0.,  0.,  0.,  0.,  0.,  0.,  0.,  0.,  0.,  0.,  0.,  0.,  0.,
           0.,  0.,  0.,  0.,  0.,  0.,  0.,  0.,  0.,  0.,  0.,  0.,  0.,  0.,
           0.,  0.]],

        [[ 0.,  0.,  0., -1.,  0.,  0.,  0.,  0.,  0.,  0.,  0.,  0.,  0.,  0.,
           0.,  0.,  0.,  0.,  1.,  0.,  0.,  0.,  0.,  0.,  0.,  0.,  0.,  0.,
           0.,  0.,  0.,  0.,  0.,  0.,  0.,  0.,  0.,  0.,  0.,  0.,  0.,  0.,
           0.,  0.,  0.,  0.,  0.,  0.,  0.,  0.,  0.,  0.,  0.,  0.,  0.,  0.,
           0.,  0.,  0.,  0.,  0.,  0.,  0.,  0.,  0.,  0.,  0.,  0.,  0.,  0.,
           0.,  0.,  0.,  0.,  0.,  0.,  0.,  0.,  0.,  0.,  0.,  0.,  0.,  0.,
           0.,  0.,  0.,  0.,  0.,  0.,  0.,  0.,  0.,  0.,  0.,  0.,  0.,  0.,
           0.,  0.]],

        [[ 0.,  0.,  0.,  0., -1.,  0.,  0.,  0.,  0.,  0.,  0.,  0.,  0.,  0.,
           0.,  0.,  0.,  0.,  1.,  0.,  0.,  0.,  0.,  0.,  0.,  0.,  0.,  0.,
           0.,  0.,  0.,  0.,  0.,  0.,  0.,  0.,  0.,  0.,  0.,  0.,  0.,  0.,
           0.,  0.,  0.,  0.,  0.,  0.,  0.,  0.,  0.,  0.,  0.,  0.,  0.,  0.,
           0.,  0.,  0.,  0.,  0.,  0.,  0.,  0.,  0.,  0.,  0.,  0.,  0.,  0.,
           0.,  0.,  0.,  0.,  0.,  0.,  0.,  0.,  0.,  0.,  0.,  0.,  0.,  0.,
           0.,  0.,  0.,  0.,  0.,  0.,  0.,  0.,  0.,  0.,  0.,  0.,  0.,  0.,
           0.,  0.]],

        [[ 0.,  0.,  0.,  0.,  0., -1.,  0.,  0.,  0.,  0.,  0.,  0.,  0.,  0.,
           0.,  0.,  0.,  0.,  1.,  0.,  0.,  0.,  0.,  0.,  0.,  0.,  0.,  0.,
           0.,  0.,  0.,  0.,  0.,  0.,  0.,  0.,  0.,  0.,  0.,  0.,  0.,  0.,
           0.,  0.,  0.,  0.,  0.,  0.,  0.,  0.,  0.,  0.,  0.,  0.,  0.,  0.,
           0.,  0.,  0.,  0.,  0.,  0.,  0.,  0.,  0.,  0.,  0.,  0.,  0.,  0.,
           0.,  0.,  0.,  0.,  0.,  0.,  0.,  0.,  0.,  0.,  0.,  0.,  0.,  0.,
           0.,  0.,  0.,  0.,  0.,  0.,  0.,  0.,  0.,  0.,  0.,  0.,  0.,  0.,
           0.,  0.]],

        [[ 0.,  0.,  0.,  0.,  0.,  0., -1.,  0.,  0.,  0.,  0.,  0.,  0.,  0.,
           0.,  0.,  0.,  0.,  1.,  0.,  0.,  0.,  0.,  0.,  0.,  0.,  0.,  0.,
           0.,  0.,  0.,  0.,  0.,  0.,  0.,  0.,  0.,  0.,  0.,  0.,  0.,  0.,
           0.,  0.,  0.,  0.,  0.,  0.,  0.,  0.,  0.,  0.,  0.,  0.,  0.,  0.,
           0.,  0.,  0.,  0.,  0.,  0.,  0.,  0.,  0.,  0.,  0.,  0.,  0.,  0.,
           0.,  0.,  0.,  0.,  0.,  0.,  0.,  0.,  0.,  0.,  0.,  0.,  0.,  0.,
           0.,  0.,  0.,  0.,  0.,  0.,  0.,  0.,  0.,  0.,  0.,  0.,  0.,  0.,
           0.,  0.]],

        [[ 0.,  0.,  0.,  0.,  0.,  0.,  0., -1.,  0.,  0.,  0.,  0.,  0.,  0.,
           0.,  0.,  0.,  0.,  1.,  0.,  0.,  0.,  0.,  0.,  0.,  0.,  0.,  0.,
           0.,  0.,  0.,  0.,  0.,  0.,  0.,  0.,  0.,  0.,  0.,  0.,  0.,  0.,
           0.,  0.,  0.,  0.,  0.,  0.,  0.,  0.,  0.,  0.,  0.,  0.,  0.,  0.,
           0.,  0.,  0.,  0.,  0.,  0.,  0.,  0.,  0.,  0.,  0.,  0.,  0.,  0.,
           0.,  0.,  0.,  0.,  0.,  0.,  0.,  0.,  0.,  0.,  0.,  0.,  0.,  0.,
           0.,  0.,  0.,  0.,  0.,  0.,  0.,  0.,  0.,  0.,  0.,  0.,  0.,  0.,
           0.,  0.]],

        [[ 0.,  0.,  0.,  0.,  0.,  0.,  0.,  0., -1.,  0.,  0.,  0.,  0.,  0.,
           0.,  0.,  0.,  0.,  1.,  0.,  0.,  0.,  0.,  0.,  0.,  0.,  0.,  0.,
           0.,  0.,  0.,  0.,  0.,  0.,  0.,  0.,  0.,  0.,  0.,  0.,  0.,  0.,
           0.,  0.,  0.,  0.,  0.,  0.,  0.,  0.,  0.,  0.,  0.,  0.,  0.,  0.,
           0.,  0.,  0.,  0.,  0.,  0.,  0.,  0.,  0.,  0.,  0.,  0.,  0.,  0.,
           0.,  0.,  0.,  0.,  0.,  0.,  0.,  0.,  0.,  0.,  0.,  0.,  0.,  0.,
           0.,  0.,  0.,  0.,  0.,  0.,  0.,  0.,  0.,  0.,  0.,  0.,  0.,  0.,
           0.,  0.]],

        [[ 0.,  0.,  0.,  0.,  0.,  0.,  0.,  0.,  0., -1.,  0.,  0.,  0.,  0.,
           0.,  0.,  0.,  0.,  1.,  0.,  0.,  0.,  0.,  0.,  0.,  0.,  0.,  0.,
           0.,  0.,  0.,  0.,  0.,  0.,  0.,  0.,  0.,  0.,  0.,  0.,  0.,  0.,
           0.,  0.,  0.,  0.,  0.,  0.,  0.,  0.,  0.,  0.,  0.,  0.,  0.,  0.,
           0.,  0.,  0.,  0.,  0.,  0.,  0.,  0.,  0.,  0.,  0.,  0.,  0.,  0.,
           0.,  0.,  0.,  0.,  0.,  0.,  0.,  0.,  0.,  0.,  0.,  0.,  0.,  0.,
           0.,  0.,  0.,  0.,  0.,  0.,  0.,  0.,  0.,  0.,  0.,  0.,  0.,  0.,
           0.,  0.]]], dtype=torch.float64)
thresholds: tensor([0., 0., 0., 0., 0., 0., 0., 0., 0., 0.], device='cuda:0') ######
Initial alpha-CROWN verified for spec index tensor([ 0,  2,  3,  4,  5,  6,  7,  8,  9, 10, 11, 12, 13, 14, 15, 16, 17, 18,
        19, 20, 21, 22, 23, 24, 25, 26, 27, 28, 29, 30, 31, 32, 33, 34, 35, 36,
        37, 38, 39, 40, 41, 42, 43, 44, 45, 46, 47, 48, 49, 50, 51, 52, 53, 54,
        55, 56, 57, 58, 59, 60, 61, 62, 63, 64, 65, 66, 67, 68, 69, 70, 71, 72,
        73, 74, 75, 76, 77, 78, 79, 80, 81, 82, 83, 84, 85, 86, 87, 88, 89, 90,
        91, 92, 93, 94, 95, 96, 97, 98], device='cuda:0') with bound tensor([inf, inf, inf, inf, inf, inf, inf, inf, inf, inf, inf, inf, inf, inf, inf, inf, inf, inf, inf, inf, inf, inf, inf, inf,
        inf, inf, inf, inf, inf, inf, inf, inf, inf, inf, inf, inf, inf, inf, inf, inf, inf, inf, inf, inf, inf, inf, inf, inf,
        inf, inf, inf, inf, inf, inf, inf, inf, inf, inf, inf, inf, inf, inf, inf, inf, inf, inf, inf, inf, inf, inf, inf, inf,
        inf, inf, inf, inf, inf, inf, inf, inf, inf, inf, inf, inf, inf, inf, inf, inf, inf, inf, inf, inf, inf, inf, inf, inf,
        inf, inf], device='cuda:0').
Remaining spec index tensor([1], device='cuda:0') with bounds tensor([[-0.40535164]], device='cuda:0') need to verify.
Model prediction is: tensor([ -9.54966640,   0.14781344,  -8.70396328,  -6.80168009,  -5.13371944,
         -8.14872646,  -1.12650037,  -2.94506907,  -9.58841801,  -9.40255642,
         -8.66808224,  -6.15957832,  -5.49133873,  -5.33298635,  -3.95714092,
         -7.24337006, -10.04464436,  -6.95094442,   0.89433461,  -7.78919315,
        -10.27766132, -10.04950619,  -7.14562845,  -4.04386854,  -5.00142670,
         -8.09888840,  -3.85961103,  -2.33512330,  -9.29013062,  -3.09148455,
         -2.52672195, -10.23908806,  -6.17290306,  -6.58290291,  -3.38842630,
         -5.90347195,  -5.09450579,  -4.68030882,  -5.14188766,  -8.67627716,
         -6.11555958,  -7.07805490,  -7.94436455,  -6.36911535,  -0.81743473,
         -4.97875071,  -6.34234428,  -9.20531654,  -7.51374435,  -2.54724073,
         -3.59888721,  -6.14305925, -10.11704636,  -9.82314396,  -6.27932262,
         -4.08451319,  -5.62471533,  -7.10636711,  -6.83463621, -11.09932137,
        -10.70392418, -10.85451126,  -7.32201815,  -5.82241631,  -2.74326682,
         -6.04449177,  -7.05888319,  -6.71765995,  -4.17626810,  -4.71739340,
         -6.60191774,  -7.25819159,  -5.65392303,  -2.04125357,  -5.99856043,
         -8.27130032,  -9.00011158,  -3.49558449,  -3.97325492,  -2.50910378,
         -6.98580742,  -5.82264996,  -3.11009169,  -7.20493889,  -6.59465837,
         -9.44480324, -11.22985744, -10.52821064,  -3.23420405,  -4.13452291,
         -2.24055862,  -0.55582124,  -5.53608608,  -0.62170386, -15.58394337,
         -6.17045593,  -7.01558924,  -5.73673344,  -7.13659191,  -6.34153366],
       device='cuda:0')
build_with_refined_bounds batch [1/1]
setting alpha for layer /input-4 start_node /129 with alignment adjustment
setting alpha for layer /input-12 start_node /129 with alignment adjustment
setting alpha for layer /input-20 start_node /129 with alignment adjustment
setting alpha for layer /input-28 start_node /129 with alignment adjustment
setting alpha for layer /input-36 start_node /129 with alignment adjustment
setting alpha for layer /input-44 start_node /129 with alignment adjustment
setting alpha for layer /input-52 start_node /129 with alignment adjustment
setting alpha for layer /input-60 start_node /129 with alignment adjustment
setting alpha for layer /input-68 start_node /129 with alignment adjustment
setting alpha for layer /128 start_node /129 with alignment adjustment
all alpha initialized
directly get lb and ub from refined bounds
c shape: torch.Size([1, 1, 100])
lA shapes: [torch.Size([1, 1, 64, 32, 32]), torch.Size([1, 1, 64, 32, 32]), torch.Size([1, 1, 64, 32, 32]), torch.Size([1, 1, 128, 16, 16]), torch.Size([1, 1, 128, 16, 16]), torch.Size([1, 1, 128, 8, 8]), torch.Size([1, 1, 128, 8, 8]), torch.Size([1, 1, 256, 4, 4]), torch.Size([1, 1, 256, 4, 4]), torch.Size([1, 1, 100])]
(alpha-)CROWN with fixed intermediate bounds: tensor([[-0.40535164]], device='cuda:0') tensor([[inf]], device='cuda:0')
Intermediate layers: /input,/input-8,/input-16,/input-24,/input-32,/input-40,/input-48,/input-56,/input-64,/input-72,/129
Keeping alphas for these layers: ['/129']
Keeping alphas for these layers: ['/129']
Node /input-4 input 0: size torch.Size([64, 32, 32]) unstable 876
Node /input-12 input 0: size torch.Size([64, 32, 32]) unstable 1397
Node /input-20 input 0: size torch.Size([64, 32, 32]) unstable 0
Node /input-28 input 0: size torch.Size([128, 16, 16]) unstable 216
Node /input-36 input 0: size torch.Size([128, 16, 16]) unstable 0
Node /input-44 input 0: size torch.Size([128, 8, 8]) unstable 197
Node /input-52 input 0: size torch.Size([128, 8, 8]) unstable 0
Node /input-60 input 0: size torch.Size([256, 4, 4]) unstable 0
Node /input-68 input 0: size torch.Size([256, 4, 4]) unstable 0
Node /128 input 0: size torch.Size([100]) unstable 22
-----------------
# of unstable neurons: 2708
-----------------

BaB round 1
batch: 1
splitting decisions: 
split level 0: [/input-72, 9] 
split level 1: [/input-72, 68] 
split level 2: [/input-72, 19] 
split level 3: [/input-72, 10] 
pruning_in_iteration open status: True
ratio of positive domain = 11 / 16 = 0.6875
pruning-in-iteration extra time: 0.002943277359008789
Time: prepare 0.0004    bound 0.2007    transfer 0.0095    finalize 0.0005    func 0.2112    
Accumulated time: func 0.2112    prepare 0.0009    bound 0.2007    transfer 0.0095    finalize 0.0005    
Current worst splitting domains lb-rhs (depth):
-0.27819 (4), -0.24693 (4), -0.11898 (4), -0.09695 (4), -0.03328 (4), 
Length of domains: 5
Time: pickout 0.0007    decision 0.0863    set_bounds 0.0014    solve 0.2112    add 0.0025    
Accumulated time: pickout 0.0007    decision 0.0863    set_bounds 0.0014    solve 0.2112    add 0.0025    
Current (lb-rhs): -0.2781943082809448
5 domains visited
Cumulative time: 1.221017599105835

BaB round 2
batch: 5
splitting decisions: 
split level 0: [/input-72, 71] [/input-72, 71] [/input-72, 71] [/input-72, 71] [/input-72, 71] 
split level 1: [/input-40, 1571] [/input-40, 7139] [/input-40, 1571] [/input-40, 7139] [/input-40, 1571] 
pruning_in_iteration open status: False
ratio of positive domain = 4 / 20 = 0.19999999999999996
pruning-in-iteration extra time: 4.57763671875e-05
Time: prepare 0.0008    bound 0.1400    transfer 0.0041    finalize 0.0005    func 0.1455    
Accumulated time: func 0.3566    prepare 0.0022    bound 0.3408    transfer 0.0135    finalize 0.0010    
Current worst splitting domains lb-rhs (depth):
-0.25158 (6), -0.23013 (6), -0.22592 (6), -0.20935 (6), -0.20841 (6), -0.20325 (6), -0.19956 (6), -0.19551 (6), -0.07839 (6), -0.07807 (6), -0.04802 (6), -0.04782 (6), -0.04776 (6), -0.04398 (6), -0.03806 (6), -0.03322 (6), 
Length of domains: 16
Time: pickout 0.0010    decision 0.0571    set_bounds 0.0013    solve 0.1455    add 0.0061    
Accumulated time: pickout 0.0017    decision 0.1433    set_bounds 0.0027    solve 0.3567    add 0.0086    
Current (lb-rhs): -0.25158190727233887
21 domains visited
Cumulative time: 1.4322481155395508

BaB round 3
batch: 16
splitting decisions: 
split level 0: [/input-72, 82] [/input-72, 82] [/input-72, 82] [/input-40, 7139] [/input-40, 1571] [/input-40, 7139] [/input-40, 1571] [/input-40, 7139] [/input-72, 82] [/input-40, 7139] 
pruning_in_iteration open status: False
ratio of positive domain = 1 / 32 = 0.03125
pruning-in-iteration extra time: 4.696846008300781e-05
Time: prepare 0.0012    bound 0.1437    transfer 0.0082    finalize 0.0007    func 0.1538    
Accumulated time: func 0.5104    prepare 0.0038    bound 0.4844    transfer 0.0217    finalize 0.0018    
Current worst splitting domains lb-rhs (depth):
-0.23455 (7), -0.23282 (7), -0.21290 (7), -0.21226 (7), -0.21082 (7), -0.20492 (7), -0.20183 (7), -0.19685 (7), -0.19435 (7), -0.18937 (7), -0.18886 (7), -0.17784 (7), -0.17765 (7), -0.17640 (7), -0.17495 (7), -0.17155 (7), -0.06601 (7), -0.06590 (7), -0.04013 (7), -0.03704 (7), 
Length of domains: 27
Time: pickout 0.0012    decision 0.0599    set_bounds 0.0016    solve 0.1538    add 0.0111    
Accumulated time: pickout 0.0029    decision 0.2033    set_bounds 0.0043    solve 0.5105    add 0.0197    
Current (lb-rhs): -0.23455166816711426
48 domains visited
Cumulative time: 1.661867380142212

BaB round 4
batch: 27
splitting decisions: 
split level 0: [/input-72, 16] [/input-72, 16] [/input-40, 1571] [/input-72, 82] [/input-72, 82] [/input-72, 82] [/input-72, 82] [/input-72, 82] [/input-72, 16] [/input-72, 82] 
pruning_in_iteration open status: True
ratio of positive domain = 16 / 54 = 0.2962962962962963
pruning-in-iteration extra time: 0.002592802047729492
Time: prepare 0.0017    bound 0.1743    transfer 0.0291    finalize 0.0011    func 0.2063    
Accumulated time: func 0.7167    prepare 0.0060    bound 0.6587    transfer 0.0508    finalize 0.0029    
Current worst splitting domains lb-rhs (depth):
-0.22290 (8), -0.22109 (8), -0.21697 (8), -0.21504 (8), -0.20889 (8), -0.20775 (8), -0.19536 (8), -0.19469 (8), -0.18792 (8), -0.18684 (8), -0.18644 (8), -0.18582 (8), -0.18444 (8), -0.18350 (8), -0.17970 (8), -0.17851 (8), -0.17732 (8), -0.17581 (8), -0.17490 (8), -0.17362 (8), 
Length of domains: 38
Time: pickout 0.0017    decision 0.0726    set_bounds 0.0018    solve 0.2063    add 0.0149    
Accumulated time: pickout 0.0046    decision 0.2759    set_bounds 0.0060    solve 0.7169    add 0.0346    
Current (lb-rhs): -0.22290277481079102
86 domains visited
Cumulative time: 1.9621727466583252

BaB round 5
batch: 38
splitting decisions: 
split level 0: [/input-40, 1571] [/input-40, 7139] [/input-40, 1954] [/input-40, 1954] [/input-40, 1954] [/input-72, 16] [/input-40, 1954] [/input-40, 1954] [/input-40, 1954] [/input-72, 16] 
pruning_in_iteration open status: False
ratio of positive domain = 15 / 76 = 0.19736842105263153
pruning-in-iteration extra time: 4.601478576660156e-05
Time: prepare 0.0022    bound 0.1611    transfer 0.0381    finalize 0.0015    func 0.2029    
Accumulated time: func 0.9196    prepare 0.0088    bound 0.8198    transfer 0.0889    finalize 0.0043    
Current worst splitting domains lb-rhs (depth):
-0.21689 (9), -0.21502 (9), -0.21434 (9), -0.21244 (9), -0.20280 (9), -0.20154 (9), -0.19183 (9), -0.19012 (9), -0.18844 (9), -0.18765 (9), -0.18737 (9), -0.18529 (9), -0.18423 (9), -0.18397 (9), -0.17895 (9), -0.17791 (9), -0.17689 (9), -0.17573 (9), -0.17555 (9), -0.17477 (9), 
Length of domains: 60
Time: pickout 0.0023    decision 0.0869    set_bounds 0.0023    solve 0.2029    add 0.0279    
Accumulated time: pickout 0.0069    decision 0.3628    set_bounds 0.0084    solve 0.9198    add 0.0625    
Current (lb-rhs): -0.2168872356414795
146 domains visited
Cumulative time: 2.2888309955596924

BaB round 6
batch: 60
splitting decisions: 
split level 0: [/input-40, 1954] [/input-40, 1954] [/input-40, 3804] [/input-40, 1570] [/input-72, 16] [/input-40, 1954] [/input-40, 3804] [/input-40, 1570] [/input-40, 1571] [/input-40, 1954] 
pruning_in_iteration open status: True
ratio of positive domain = 27 / 120 = 0.22499999999999998
pruning-in-iteration extra time: 0.003007173538208008
Time: prepare 0.0035    bound 0.1955    transfer 0.0636    finalize 0.0029    func 0.2656    
Accumulated time: func 1.1851    prepare 0.0128    bound 1.0153    transfer 0.1525    finalize 0.0073    
Current worst splitting domains lb-rhs (depth):
-0.21417 (10), -0.20854 (10), -0.20745 (10), -0.20569 (10), -0.19290 (10), -0.19266 (10), -0.19158 (10), -0.19150 (10), -0.19078 (10), -0.18942 (10), -0.18757 (10), -0.18583 (10), -0.18564 (10), -0.18330 (10), -0.18127 (10), -0.17815 (10), -0.17722 (10), -0.17409 (10), -0.17327 (10), -0.17232 (10), 
Length of domains: 93
Time: pickout 0.0035    decision 0.1224    set_bounds 0.0031    solve 0.2656    add 0.0462    
Accumulated time: pickout 0.0104    decision 0.4852    set_bounds 0.0114    solve 1.1855    add 0.1087    
Current (lb-rhs): -0.21416544914245605
239 domains visited
Cumulative time: 2.7357335090637207

BaB round 7
batch: 93
splitting decisions: 
split level 0: [/input-40, 3804] [/input-40, 1570] [/input-40, 1570] [/input-40, 3804] [/input-40, 3804] [/input-40, 1570] [/input-40, 1570] [/input-40, 3804] [/input-40, 3804] [/input-40, 1570] 
pruning_in_iteration open status: False
ratio of positive domain = 31 / 186 = 0.16666666666666663
pruning-in-iteration extra time: 0.00027441978454589844
Time: prepare 0.0051    bound 0.2284    transfer 0.0951    finalize 0.0037    func 0.3324    
Accumulated time: func 1.5176    prepare 0.0186    bound 1.2437    transfer 0.2476    finalize 0.0110    
Current worst splitting domains lb-rhs (depth):
-0.20770 (11), -0.20467 (11), -0.20107 (11), -0.19931 (11), -0.18927 (11), -0.18637 (11), -0.18607 (11), -0.18604 (11), -0.18475 (11), -0.18402 (11), -0.18356 (11), -0.18272 (11), -0.18195 (11), -0.18108 (11), -0.17943 (11), -0.17913 (11), -0.17888 (11), -0.17865 (11), -0.17673 (11), -0.17162 (11), 
Length of domains: 155
Time: pickout 0.0046    decision 0.2352    set_bounds 0.0053    solve 0.3325    add 0.0986    
Accumulated time: pickout 0.0150    decision 0.7204    set_bounds 0.0167    solve 1.5180    add 0.2073    
Current (lb-rhs): -0.2077043056488037
394 domains visited
Cumulative time: 3.4175708293914795

BaB round 8
batch: 155
splitting decisions: 
split level 0: [/input-40, 1570] [/input-40, 3804] [/input-72, 16] [/input-72, 16] [/input-40, 1570] [/input-40, 3804] [/input-40, 1570] [/input-40, 3804] [/input-40, 1570] [/input-72, 16] 
pruning_in_iteration open status: False
ratio of positive domain = 29 / 310 = 0.09354838709677415
pruning-in-iteration extra time: 5.6743621826171875e-05
Time: prepare 0.0082    bound 0.3786    transfer 0.1200    finalize 0.0030    func 0.5100    
Accumulated time: func 2.0275    prepare 0.0274    bound 1.6223    transfer 0.3676    finalize 0.0140    
Current worst splitting domains lb-rhs (depth):
-0.20370 (12), -0.20203 (12), -0.19662 (12), -0.19480 (12), -0.18528 (12), -0.18371 (12), -0.18262 (12), -0.18127 (12), -0.17936 (12), -0.17840 (12), -0.17780 (12), -0.17723 (12), -0.17695 (12), -0.17675 (12), -0.17537 (12), -0.17530 (12), -0.17520 (12), -0.17498 (12), -0.17449 (12), -0.17382 (12), 
Length of domains: 280
Time: pickout 0.0091    decision 0.3175    set_bounds 0.0073    solve 0.5100    add 0.1800    
Accumulated time: pickout 0.0241    decision 1.0379    set_bounds 0.0240    solve 2.0280    add 0.3873    
Current (lb-rhs): -0.20370352268218994
674 domains visited
Cumulative time: 4.44973611831665

BaB round 9
batch: 256
splitting decisions: 
split level 0: [/input-40, 1941] [/input-24, 28565] [/input-40, 1941] [/input-40, 1941] [/input-40, 1941] [/input-24, 28565] [/input-40, 4044] [/input-24, 28565] [/input-40, 1941] [/input-40, 1941] 
pruning_in_iteration open status: False
ratio of positive domain = 12 / 512 = 0.0234375
pruning-in-iteration extra time: 5.650520324707031e-05
Time: prepare 0.0138    bound 0.5709    transfer 0.2221    finalize 0.0071    func 0.8140    
Accumulated time: func 2.8415    prepare 0.0419    bound 2.1932    transfer 0.5897    finalize 0.0211    
Current worst splitting domains lb-rhs (depth):
-0.20370 (12), -0.20203 (12), -0.19389 (13), -0.19344 (13), -0.18262 (12), -0.18127 (12), -0.17871 (13), -0.17689 (13), -0.17602 (13), -0.17528 (13), -0.17498 (12), -0.17449 (12), -0.17418 (13), -0.17327 (13), -0.17320 (13), -0.17319 (13), -0.17267 (13), -0.17251 (13), -0.17236 (13), -0.17220 (13), 
Length of domains: 518
Time: pickout 0.0113    decision 0.5288    set_bounds 0.0104    solve 0.8141    add 0.3430    
Accumulated time: pickout 0.0353    decision 1.5667    set_bounds 0.0345    solve 2.8421    add 0.7303    
Current (lb-rhs): -0.20370352268218994
1168 domains visited
current_vram/total_varm: 17.8GB/102.0GB, batch_size increase to 512
Cumulative time: 6.171494483947754

BaB round 10
batch: 512
splitting decisions: 
split level 0: [/input-24, 28565] [/input-24, 28565] [/input-24, 28565] [/input-24, 28565] [/input-24, 28565] [/input-24, 28565] [/input-40, 1941] [/input-40, 1941] [/input-40, 1941] [/input-40, 1941] 
pruning_in_iteration open status: False
ratio of positive domain = 28 / 1024 = 0.02734375
pruning-in-iteration extra time: 0.00012159347534179688
Time: prepare 0.0272    bound 1.3406    transfer 0.4921    finalize 0.0104    func 1.8704    
Accumulated time: func 4.7119    prepare 0.0698    bound 3.5338    transfer 1.0818    finalize 0.0316    
Current worst splitting domains lb-rhs (depth):
-0.19167 (13), -0.19083 (13), -0.19082 (13), -0.19079 (14), -0.18922 (13), -0.18515 (14), -0.18442 (14), -0.18262 (12), -0.17517 (14), -0.17498 (12), -0.17366 (14), -0.17315 (14), -0.17231 (14), -0.17161 (14), -0.17139 (13), -0.17118 (14), -0.17053 (13), -0.17037 (14), -0.17037 (14), -0.17030 (14), 
Length of domains: 1002
Time: pickout 0.0242    decision 1.1004    set_bounds 0.1509    solve 1.8707    add 0.6922    
Accumulated time: pickout 0.0595    decision 2.6671    set_bounds 0.1853    solve 4.7128    add 1.4224    
Current (lb-rhs): -0.19167053699493408
2164 domains visited
current_vram/total_varm: 35.7GB/102.0GB, batch_size increase to 1024
Cumulative time: 10.067832231521606

BaB round 11
batch: 1002
splitting decisions: 
split level 0: [/input-40, 1941] [/input-40, 1941] [/input-40, 1941] [/input-40, 1941] [/input-40, 1941] [/input-24, 28565] [/input-40, 1941] [/input-40, 1941] [/input-40, 1941] [/input-40, 1941] 
pruning_in_iteration open status: False
ratio of positive domain = 102 / 2004 = 0.050898203592814384
pruning-in-iteration extra time: 0.00019884109497070312
Time: prepare 0.0553    bound 2.8563    transfer 0.9597    finalize 0.0194    func 3.8913    
Accumulated time: func 8.6032    prepare 0.1258    bound 6.3901    transfer 2.0415    finalize 0.0510    
Current worst splitting domains lb-rhs (depth):
-0.18991 (14), -0.18853 (14), -0.18765 (14), -0.18586 (14), -0.18256 (15), -0.18223 (15), -0.18203 (15), -0.18142 (15), -0.17388 (14), -0.17296 (14), -0.17198 (13), -0.17185 (13), -0.17090 (13), -0.16944 (14), -0.16861 (15), -0.16754 (15), -0.16742 (14), -0.16728 (15), -0.16662 (14), -0.16649 (15), 
Length of domains: 1872
Time: pickout 0.0538    decision 2.6062    set_bounds 0.1693    solve 3.8917    add 1.7434    
Accumulated time: pickout 0.1133    decision 5.2733    set_bounds 0.3546    solve 8.6044    add 3.1659    
Current (lb-rhs): -0.1899123191833496
4036 domains visited
Cumulative time: 18.660086154937744

BaB round 12
batch: 1024
splitting decisions: 
split level 0: [/input-72, 96] [/input-72, 96] [/input-40, 3556] [/input-40, 3556] [/input-72, 70] [/input-72, 96] [/input-72, 96] [/input-72, 70] [/input-40, 7459] [/input-40, 6884] 
pruning_in_iteration open status: False
ratio of positive domain = 141 / 2048 = 0.06884765625
pruning-in-iteration extra time: 0.00041937828063964844
Time: prepare 0.0661    bound 2.5049    transfer 0.9879    finalize 0.0207    func 3.5803    
Accumulated time: func 12.1835    prepare 0.1927    bound 8.8950    transfer 3.0294    finalize 0.0717    
Current worst splitting domains lb-rhs (depth):
-0.18991 (14), -0.18853 (14), -0.18765 (14), -0.18586 (14), -0.18256 (15), -0.17897 (16), -0.17840 (16), -0.17753 (16), -0.17185 (13), -0.17090 (13), -0.16900 (15), -0.16889 (14), -0.16874 (15), -0.16861 (15), -0.16742 (14), -0.16662 (14), -0.16625 (15), -0.16505 (15), -0.16497 (15), -0.16478 (15), 
Length of domains: 2735
Time: pickout 0.0530    decision 2.1350    set_bounds 0.2428    solve 3.5807    add 2.0763    
Accumulated time: pickout 0.1663    decision 7.4083    set_bounds 0.5975    solve 12.1851    add 5.2421    
Current (lb-rhs): -0.1899123191833496
5923 domains visited
Cumulative time: 26.873533248901367

BaB round 13
batch: 1024
splitting decisions: 
split level 0: [/input-40, 7201] [/input-40, 101] [/input-72, 96] [/input-72, 74] [/input-40, 101] [/input-40, 7201] [/input-72, 96] [/input-72, 74] [/input-72, 96] [/input-40, 7201] 
pruning_in_iteration open status: False
ratio of positive domain = 217 / 2048 = 0.10595703125
pruning-in-iteration extra time: 8.225440979003906e-05
Time: prepare 0.0683    bound 2.9320    transfer 0.9279    finalize 0.0226    func 3.9508    
Accumulated time: func 16.1343    prepare 0.2617    bound 11.8270    transfer 3.9572    finalize 0.0943    
Current worst splitting domains lb-rhs (depth):
-0.18991 (14), -0.18853 (14), -0.18765 (14), -0.18586 (14), -0.18256 (15), -0.17521 (17), -0.17467 (17), -0.17185 (13), -0.17156 (17), -0.17090 (13), -0.16943 (17), -0.16889 (14), -0.16874 (15), -0.16861 (15), -0.16742 (14), -0.16662 (14), -0.16625 (15), -0.16505 (15), -0.16497 (15), -0.16478 (15), 
Length of domains: 3529
Time: pickout 0.0537    decision 2.4403    set_bounds 0.2808    solve 3.9512    add 1.2573    
Accumulated time: pickout 0.2200    decision 9.8486    set_bounds 0.8783    solve 16.1363    add 6.4994    
Current (lb-rhs): -0.1899123191833496
7741 domains visited
Cumulative time: 34.97152280807495

BaB round 14
batch: 1024
splitting decisions: 
split level 0: [/input-72, 70] [/input-72, 70] [/input-40, 5988] [/input-40, 7201] [/input-72, 74] [/input-72, 96] [/input-40, 7201] [/input-24, 28565] [/input-72, 74] [/input-72, 96] 
pruning_in_iteration open status: False
ratio of positive domain = 349 / 2048 = 0.17041015625
pruning-in-iteration extra time: 7.724761962890625e-05
Time: prepare 0.0628    bound 2.7804    transfer 1.0027    finalize 0.0224    func 3.8685    
Accumulated time: func 20.0029    prepare 0.3253    bound 14.6074    transfer 4.9600    finalize 0.1168    
Current worst splitting domains lb-rhs (depth):
-0.18991 (14), -0.18853 (14), -0.18765 (14), -0.18586 (14), -0.18256 (15), -0.17185 (13), -0.17156 (17), -0.17090 (13), -0.16940 (18), -0.16904 (18), -0.16889 (14), -0.16874 (15), -0.16861 (15), -0.16742 (14), -0.16712 (18), -0.16711 (18), -0.16662 (14), -0.16625 (15), -0.16567 (18), -0.16505 (15), 
Length of domains: 4183
Time: pickout 0.0591    decision 2.6528    set_bounds 0.2533    solve 3.8689    add 2.7709    
Accumulated time: pickout 0.2791    decision 12.5014    set_bounds 1.1316    solve 20.0051    add 9.2703    
Current (lb-rhs): -0.1899123191833496
9419 domains visited
Cumulative time: 44.69889044761658

BaB round 15
batch: 1024
splitting decisions: 
split level 0: [/input-72, 70] [/input-40, 5988] [/input-40, 5988] [/input-72, 74] [/input-40, 5988] [/input-40, 3805] [/input-72, 70] [/input-72, 74] [/input-40, 1180] [/input-40, 3805] 
pruning_in_iteration open status: False
ratio of positive domain = 405 / 2048 = 0.19775390625
pruning-in-iteration extra time: 5.14984130859375e-05
Time: prepare 0.0616    bound 2.4915    transfer 0.9871    finalize 0.0206    func 3.5616    
Accumulated time: func 23.5644    prepare 0.3877    bound 17.0989    transfer 5.9471    finalize 0.1373    
Current worst splitting domains lb-rhs (depth):
-0.18991 (14), -0.18853 (14), -0.18765 (14), -0.18586 (14), -0.18256 (15), -0.17185 (13), -0.17156 (17), -0.17090 (13), -0.16940 (18), -0.16889 (14), -0.16874 (15), -0.16861 (15), -0.16742 (14), -0.16711 (18), -0.16662 (14), -0.16625 (15), -0.16505 (15), -0.16497 (15), -0.16478 (15), -0.16453 (15), 
Length of domains: 4777
Time: pickout 0.0488    decision 2.1339    set_bounds 0.2336    solve 3.5618    add 1.0262    
Accumulated time: pickout 0.3279    decision 14.6353    set_bounds 1.3652    solve 23.5670    add 10.2965    
Current (lb-rhs): -0.1899123191833496
11037 domains visited
Cumulative time: 51.825115442276

BaB round 16
batch: 1024
splitting decisions: 
split level 0: [/input-40, 5988] [/input-40, 5988] [/input-40, 1180] [/input-40, 3805] [/input-40, 5988] [/input-40, 6884] [/input-40, 6884] [/input-72, 96] [/input-72, 74] [/input-40, 6884] 
pruning_in_iteration open status: False
ratio of positive domain = 356 / 2048 = 0.173828125
pruning-in-iteration extra time: 0.00022125244140625
Time: prepare 0.0641    bound 2.4942    transfer 0.9910    finalize 0.0214    func 3.5713    
Accumulated time: func 27.1357    prepare 0.4526    bound 19.5931    transfer 6.9381    finalize 0.1588    
Current worst splitting domains lb-rhs (depth):
-0.18991 (14), -0.18853 (14), -0.18765 (14), -0.18586 (14), -0.18256 (15), -0.17185 (13), -0.17156 (17), -0.17090 (13), -0.16940 (18), -0.16889 (14), -0.16874 (15), -0.16861 (15), -0.16742 (14), -0.16711 (18), -0.16662 (14), -0.16625 (15), -0.16505 (15), -0.16497 (15), -0.16478 (15), -0.16453 (15), 
Length of domains: 5426
Time: pickout 0.0482    decision 2.1354    set_bounds 0.2466    solve 3.5717    add 1.1859    
Accumulated time: pickout 0.3761    decision 16.7707    set_bounds 1.6118    solve 27.1387    add 11.4824    
Current (lb-rhs): -0.1899123191833496
12710 domains visited
Cumulative time: 59.15326404571533

BaB round 17
batch: 1024
splitting decisions: 
split level 0: [/input-40, 101] [/input-40, 7466] [/input-40, 101] [/input-40, 7466] [/input-40, 7466] [/input-40, 7466] [/input-40, 7466] [/input-40, 7466] [/input-40, 101] [/input-72, 96] 
pruning_in_iteration open status: False
ratio of positive domain = 298 / 2048 = 0.1455078125
pruning-in-iteration extra time: 0.0001392364501953125
Time: prepare 0.0705    bound 2.8618    transfer 1.0573    finalize 0.0223    func 4.0120    
Accumulated time: func 31.1477    prepare 0.5239    bound 22.4549    transfer 7.9954    finalize 0.1810    
Current worst splitting domains lb-rhs (depth):
-0.18991 (14), -0.18853 (14), -0.18765 (14), -0.18586 (14), -0.18256 (15), -0.17185 (13), -0.17156 (17), -0.17090 (13), -0.16940 (18), -0.16889 (14), -0.16874 (15), -0.16861 (15), -0.16742 (14), -0.16711 (18), -0.16662 (14), -0.16625 (15), -0.16505 (15), -0.16497 (15), -0.16478 (15), -0.16453 (15), 
Length of domains: 6143
Time: pickout 0.0651    decision 2.4450    set_bounds 0.0452    solve 4.0126    add 1.1424    
Accumulated time: pickout 0.4412    decision 19.2157    set_bounds 1.6570    solve 31.1512    add 12.6248    
Current (lb-rhs): -0.1899123191833496
14451 domains visited
Cumulative time: 66.98724460601807

BaB round 18
batch: 1024
splitting decisions: 
split level 0: [/input-40, 7201] [/input-40, 7459] [/input-40, 4044] [/input-40, 7466] [/input-40, 101] [/input-40, 101] [/input-40, 101] [/input-40, 101] [/input-40, 4044] [/input-40, 1180] 
pruning_in_iteration open status: False
ratio of positive domain = 194 / 2048 = 0.0947265625
pruning-in-iteration extra time: 0.0001285076141357422
Time: prepare 0.0632    bound 2.7990    transfer 1.0071    finalize 0.0226    func 3.8920    
Accumulated time: func 35.0398    prepare 0.5878    bound 25.2539    transfer 9.0025    finalize 0.2036    
Current worst splitting domains lb-rhs (depth):
-0.18991 (14), -0.18853 (14), -0.18765 (14), -0.18586 (14), -0.18256 (15), -0.17185 (13), -0.17156 (17), -0.17090 (13), -0.16940 (18), -0.16889 (14), -0.16874 (15), -0.16861 (15), -0.16742 (14), -0.16711 (18), -0.16662 (14), -0.16625 (15), -0.16505 (15), -0.16497 (15), -0.16478 (15), -0.16453 (15), 
Length of domains: 6958
Time: pickout 0.0510    decision 2.1593    set_bounds 0.2610    solve 3.8924    add 1.2245    
Accumulated time: pickout 0.4922    decision 21.3750    set_bounds 1.9180    solve 35.0436    add 13.8493    
Current (lb-rhs): -0.1899123191833496
16290 domains visited
Cumulative time: 74.7071921825409

BaB round 19
batch: 1024
splitting decisions: 
split level 0: [/input-40, 7459] [/input-40, 101] [/input-40, 101] [/input-40, 5988] [/input-40, 101] [/input-40, 7201] [/input-40, 5988] [/input-40, 7201] [/input-40, 7201] [/input-40, 7201] 
pruning_in_iteration open status: False
ratio of positive domain = 139 / 2048 = 0.06787109375
pruning-in-iteration extra time: 6.532669067382812e-05
Time: prepare 0.0652    bound 2.6919    transfer 0.9481    finalize 0.0223    func 3.7277    
Accumulated time: func 38.7675    prepare 0.6538    bound 27.9458    transfer 9.9506    finalize 0.2259    
Current worst splitting domains lb-rhs (depth):
-0.18991 (14), -0.18853 (14), -0.18765 (14), -0.18586 (14), -0.18256 (15), -0.17185 (13), -0.17156 (17), -0.17090 (13), -0.16940 (18), -0.16889 (14), -0.16874 (15), -0.16861 (15), -0.16742 (14), -0.16711 (18), -0.16662 (14), -0.16625 (15), -0.16505 (15), -0.16497 (15), -0.16478 (15), -0.16453 (15), 
Length of domains: 7833
Time: pickout 0.0538    decision 2.6311    set_bounds 0.2734    solve 3.7287    add 1.3635    
Accumulated time: pickout 0.5460    decision 24.0061    set_bounds 2.1914    solve 38.7723    add 15.2128    
Current (lb-rhs): -0.1899123191833496
18189 domains visited
Cumulative time: 82.89636135101318

BaB round 20
batch: 1024
splitting decisions: 
split level 0: [/input-40, 7201] [/input-40, 5988] [/input-24, 17813] [/input-40, 7201] [/input-40, 101] [/input-8, 17902] [/input-40, 101] [/input-40, 5988] [/input-40, 101] [/input-40, 7466] 
pruning_in_iteration open status: False
ratio of positive domain = 96 / 2048 = 0.046875
pruning-in-iteration extra time: 0.0002903938293457031
Time: prepare 0.0749    bound 2.5022    transfer 0.9399    finalize 0.0240    func 3.5412    
Accumulated time: func 42.3087    prepare 0.7295    bound 30.4480    transfer 10.8905    finalize 0.2499    
Current worst splitting domains lb-rhs (depth):
-0.18991 (14), -0.18853 (14), -0.18765 (14), -0.18586 (14), -0.18256 (15), -0.17185 (13), -0.17156 (17), -0.17090 (13), -0.16940 (18), -0.16889 (14), -0.16874 (15), -0.16861 (15), -0.16742 (14), -0.16711 (18), -0.16662 (14), -0.16625 (15), -0.16505 (15), -0.16497 (15), -0.16478 (15), -0.16453 (15), 
Length of domains: 8752
Time: pickout 0.0645    decision 2.1417    set_bounds 0.0426    solve 3.5417    add 5.3685    
Accumulated time: pickout 0.6105    decision 26.1478    set_bounds 2.2340    solve 42.3140    add 20.5813    
Current (lb-rhs): -0.1899123191833496
20132 domains visited
Cumulative time: 94.17293882369995

BaB round 21
batch: 1024
splitting decisions: 
split level 0: [/input-40, 7459] [/input-40, 101] [/input-40, 2796] [/input-24, 28565] [/input-8, 17902] [/input-8, 17716] [/input-40, 4044] [/input-8, 17902] [/input-40, 6877] [/input-40, 2796] 
pruning_in_iteration open status: False
ratio of positive domain = 91 / 2048 = 0.04443359375
pruning-in-iteration extra time: 0.0002460479736328125
Time: prepare 0.0664    bound 2.4951    transfer 0.9670    finalize 0.0211    func 3.5497    
Accumulated time: func 45.8584    prepare 0.7966    bound 32.9431    transfer 11.8576    finalize 0.2709    
Current worst splitting domains lb-rhs (depth):
-0.18991 (14), -0.18853 (14), -0.18765 (14), -0.18586 (14), -0.18256 (15), -0.17185 (13), -0.17156 (17), -0.17090 (13), -0.16940 (18), -0.16889 (14), -0.16874 (15), -0.16861 (15), -0.16742 (14), -0.16711 (18), -0.16662 (14), -0.16625 (15), -0.16505 (15), -0.16497 (15), -0.16478 (15), -0.16453 (15), 
Length of domains: 9671
Time: pickout 0.0523    decision 2.1333    set_bounds 0.3042    solve 3.5500    add 1.2164    
Accumulated time: pickout 0.6628    decision 28.2811    set_bounds 2.5381    solve 45.8640    add 21.7977    
Current (lb-rhs): -0.1899123191833496
22075 domains visited
Time out!!!!!!!!
Result: timeout
Time: 105.36010980606079

------------------------- COMMAND ------------------------------
/data1/Kane/miniconda3/envs/GenBaB/bin/python /data1/Kane/GenBaB/alpha-beta-CROWN/complete_verifier/abcrown.py --config /data1/Kane/GenBaB/alpha-beta-CROWN/complete_verifier/exp_configs/vnncomp24/cifar100.yaml --precompile_jit --onnx_path /data1/Kane/data/vnncomp2025_benchmarks/benchmarks/cifar100_2024/onnx/CIFAR100_resnet_large.onnx --vnnlib_path /data1/Kane/data/vnncomp2025_benchmarks/benchmarks/cifar100_2024/vnnlib/CIFAR100_resnet_large_prop_idx_5522_sidx_5863_eps_0.0039.vnnlib --results_file /data1/Kane/ACT/audit_results/abcrown_nopgd_20260525/cifar100_2024/0173__CIFAR100_resnet_large__CIFAR100_resnet_large_prop_idx_5522_sidx_5863_eps_0.0039.result --timeout 100.0 --save_adv_example --pgd_order=skip
----------------------------------------------------------------

