[0;93m2026-05-26 18:11:18.282637360 [W:onnxruntime:Default, device_discovery.cc:325 DiscoverDevicesForPlatform] GPU device discovery failed: device_discovery.cc:92 ReadFileContents Failed to open file: "/sys/class/drm/card0/device/vendor"[m
Configurations:

general:
  device: cuda
  seed: 100
  conv_mode: patches
  deterministic: false
  double_fp: false
  loss_reduction_func: sum
  sparse_alpha: true
  sparse_interm: true
  save_adv_example: true
  verify_onnxruntime_output: false
  eval_adv_example: false
  show_adv_example: false
  precompile_jit: true
  prepare_only: false
  complete_verifier: bab
  enable_incomplete_verification: true
  csv_name: instances.csv
  results_file: /data1/Kane/ACT/audit_results/abcrown_nopgd_20260525/cifar100_2024/0177__CIFAR100_resnet_large__CIFAR100_resnet_large_prop_idx_9883_sidx_7162_eps_0.0039.result
  root_path: ../../vnncomp2024_benchmarks/benchmarks/cifar100
  deterministic_opt: false
  graph_optimizer: 'Customized("custom_graph_optimizer", "default_optimizer")'
  buffer_has_batchdim: false
  save_output: false
  output_file: out.pkl
  return_optimized_model: false
model:
  name: null
  path: null
  onnx_path: /data1/Kane/data/vnncomp2025_benchmarks/benchmarks/cifar100_2024/onnx/CIFAR100_resnet_large.onnx
  onnx_path_prefix: ''
  cache_onnx_conversion: false
  debug_onnx: false
  onnx_quirks: null
  input_shape: null
  onnx_loader: default_onnx_and_vnnlib_loader
  onnx_optimization_flags: [merge_bn]
  onnx_vnnlib_joint_optimization_flags: none
  check_optimized: false
  flatten_final_output: false
  optimize_graph: null
  with_jacobian: false
data:
  start: 0
  end: 10000
  select_instance: null
  num_outputs: 10
  mean: 0.0
  std: 1.0
  pkl_path: null
  dataset: null
  data_filter_path: null
  data_idx_file: null
specification:
  type: lp
  robustness_type: verified-acc
  norm: .inf
  epsilon: null
  epsilon_min: 0.0
  vnnlib_path: /data1/Kane/data/vnncomp2025_benchmarks/benchmarks/cifar100_2024/vnnlib/CIFAR100_resnet_large_prop_idx_9883_sidx_7162_eps_0.0039.vnnlib
  vnnlib_path_prefix: ''
  rhs_offset: null
solver:
  batch_size: 256
  auto_enlarge_batch_size: true
  min_batch_size_ratio: 0.1
  use_float64_in_last_iteration: false
  early_stop_patience: 10
  start_save_best: 0.5
  bound_prop_method: alpha-crown
  init_bound_prop_method: same
  prune_after_crown: true
  optimize_disjuncts_separately: false
  crown:
    batch_size: 1000000000
    max_crown_size: 1000000000
    activation_bound_option: adaptive
    compare_crown_with_ibp: false
  alpha-crown:
    alpha: true
    lr_alpha: 0.25
    iteration: 20
    share_alphas: false
    lr_decay: 0.98
    full_conv_alpha: false
    max_coeff_mul: .inf
    matmul_share_alphas: false
    disable_optimization: []
    max_time: 1.0
  invprop:
    apply_output_constraints_to: []
    tighten_input_bounds: false
    best_of_oc_and_no_oc: false
    directly_optimize: []
    oc_lr: 0.1
    share_gammas: false
  beta-crown:
    lr_alpha: 0.1
    lr_beta: 0.2
    lr_decay: 0.98
    optimizer: adam
    iteration: 10
    beta: true
    beta_warmup: true
    enable_opt_interm_bounds: false
    all_node_split_LP: false
  forward:
    refine: false
    max_dim: 10000
    reset_threshold: 1.0
  multi_class:
    label_batch_size: 32
    skip_with_refined_bound: true
  mip:
    unstable_neuron_threshold: 0
    parallel_solvers: null
    solver_threads: 1
    refine_neuron_timeout: 15
    refine_neuron_time_percentage: 0.8
    early_stop: true
    adv_warmup: true
    mip_solver: gurobi
    skip_unsafe: false
    topk_filter: 1.0
    sliding_window: -1
    extra_constraint: false
    refine_neuron_timeout_increasement: 0
    timeout_neuron_percentage: 0.3
    remaining_timeout_threshold: 1
    remove_unstable_neurons: false
    lp_solver: false
bab:
  initial_max_domains: 100
  backing_up_max_domain: null
  max_domains: .inf
  decision_thresh: 0
  timeout: 100.0
  timeout_scale: 1
  max_iterations: -1
  override_timeout: null
  get_upper_bound: false
  pruning_in_iteration: true
  pruning_in_iteration_ratio: 0.2
  sort_targets: false
  batched_domain_list: true
  optimized_interm: ''
  interm_transfer: false
  recompute_interm: false
  sort_domain_interval: -1
  vanilla_crown: false
  tree_traversal: depth_first
  cut:
    enabled: false
    cuts_path: /tmp/abcrown_cuts
    implication: false
    bab_cut: false
    lp_cut: false
    method: null
    lr: 0.01
    lr_decay: 1.0
    iteration: 100
    bab_iteration: -1
    early_stop_patience: -1
    lr_beta: 0.02
    number_cuts: 50
    topk_cuts_in_filter: 1000
    batch_size_primal: 100
    max_num: 1000000000
    patches_cut: false
    cplex_cuts: false
    cplex_cuts_wait: 0
    cplex_cuts_revpickup: true
    cut_reference_bounds: true
    fix_intermediate_bounds: false
    biccos:
      enabled: false
      constraint_strengthening: true
      recursively_strengthening: false
      drop_ratio: 0.5
      verified_bonus: 0.3
      max_infer_iter: 20
      heuristic: neuron_influence_score
      save_biccos_cuts: false
      multi_tree_branching:
        enabled: false
        restore_best_tree: false
        keep_n_best_domains: 1
        k_splits: 1
        iterations: 1
  branching:
    method: kfsb
    candidates: 7
    reduceop: max
    enable_intermediate_bound_opt: false
    branching_input_and_activation: false
    branching_input_and_activation_order: [input, relu]
    branching_input_iterations: 30
    branching_relu_iterations: 50
    nonlinear_split:
      method: bbps
      disable: false
      branching_point_method: uniform
      num_branches: 2
      filter: false
      filter_beta: false
      filter_clamp: false
      filter_batch_size: 10000
      filter_iterations: 25
      relu_only: false
      loose_tanh_threshold: null
      branching_point:
        db_path: branching_points.pt
        num_iterations: 1000
        batch_size: 1000000
        range_l: -5.0
        range_u: 5.0
        log_interval: 100
        step_size_1d: 0.01
        step_size: 0.2
    input_split:
      enable_clip_domains: false
      split_hint: null
      reorder_bab: false
      enable: false
      enhanced_bound_prop_method: alpha-crown
      enhanced_branching_method: naive
      enhanced_bound_patience: 100000000.0
      attack_patience: 100000000.0
      adv_check: 0
      split_partitions: 2
      sb_margin_weight: 1.0
      sb_sum: false
      sb_primary_spec: null
      bf_backup_thresh: -1
      bf_rhs_offset: 0
      bf_iters: 1000000000.0
      bf_batch_size: 100000
      bf_zero_crossing_score: false
      touch_zero_score: 0
      ibp_enhancement: false
      compare_with_old_bounds: false
      update_rhs_with_attack: false
      sb_coeff_thresh: 0.001
      sort_index: null
      sort_descending: true
      show_progress: false
      presplit_domains: null
      skip_getting_worst_domain: false
  attack:
    enabled: false
    beam_candidates: 8
    beam_depth: 7
    max_dive_fix_ratio: 0.8
    min_local_free_ratio: 0.2
    mip_start_iteration: 5
    mip_timeout: 30.0
    adv_pool_threshold: null
    refined_mip_attacker: false
    refined_batch_size: null
attack:
  pgd_order: skip
  pgd_steps: 100
  pgd_restarts: 10
  pgd_batch_size: 100000000
  pgd_early_stop: true
  pgd_lr_decay: 0.99
  pgd_alpha: auto
  pgd_alpha_scale: false
  pgd_loss_mode: null
  pgd_restart_when_stuck: false
  enable_mip_attack: false
  adv_saver: default_adv_saver
  adv_verifier: default_adv_verifier
  early_stop_condition: default_early_stop_condition
  adv_example_finalizer: default_adv_example_finalizer
  pgd_loss: default_pgd_loss
  cex_path: ./test_cex.txt
  attack_mode: PGD
  attack_tolerance: 0.0
  attack_func: attack_with_general_specs
  gama_lambda: 10.0
  gama_decay: 0.9
  check_clean: false
  input_split:
    pgd_steps: 100
    pgd_restarts: 30
    pgd_alpha: auto
  input_split_enhanced:
    pgd_steps: 200
    pgd_restarts: 500000
    pgd_alpha: auto
  input_split_check_adv:
    enabled: auto
    pgd_steps: 5
    pgd_restarts: 5
    pgd_alpha: auto
    max_num_domains: 10
debug:
  view_model: false
  lp_test: null
  rescale_vnnlib_ptb: null
  test_optimized_bounds: false
  test_optimized_bounds_after_n_iterations: 0
  print_verbose_decisions: false
  sanity_check: null
  save_minimal_config: null
  save_minimal_config_omit_keys: []

Experiments at Tue May 26 18:11:19 2026 on dell-pro-max-tower-t2
Pre-compile jit kernels on a toy network...
JIT kernels compiled in 1.0209s./data1/Kane/miniconda3/envs/GenBaB/lib/python3.11/site-packages/onnx2pytorch/convert/model.py:151: UserWarning: Using experimental implementation that allows 'batch_size > 1'.Batchnorm layers could potentially produce false outputs.
  warnings.warn(
/data1/Kane/miniconda3/envs/GenBaB/lib/python3.11/site-packages/onnx2pytorch/utils.py:21: TracerWarning: Converting a tensor to a Python boolean might cause the trace to be incorrect. We can't record the data flow of Python values, so this value will be treated as a constant in the future. This means that the trace might not generalize to other inputs!
  return value.ndim == 0 or value.shape == torch.Size([1])
/data1/Kane/miniconda3/envs/GenBaB/lib/python3.11/site-packages/onnx2pytorch/operations/add.py:34: TracerWarning: Converting a tensor to a Python boolean might cause the trace to be incorrect. We can't record the data flow of Python values, so this value will be treated as a constant in the future. This means that the trace might not generalize to other inputs!
  elif all(x == 1 for x in input[0].shape):

Internal results will be saved to /data1/Kane/ACT/audit_results/abcrown_nopgd_20260525/cifar100_2024/0177__CIFAR100_resnet_large__CIFAR100_resnet_large_prop_idx_9883_sidx_7162_eps_0.0039.result.

 %%%%%%%%%%%%%%%%%%%%%%%%%%%%%%%%%%% idx: 0, vnnlib ID: 0 %%%%%%%%%%%%%%%%%%%%%%%%%%%%%%%%%%%
Using onnx /data1/Kane/data/vnncomp2025_benchmarks/benchmarks/cifar100_2024/onnx/CIFAR100_resnet_large.onnx
Using vnnlib /data1/Kane/data/vnncomp2025_benchmarks/benchmarks/cifar100_2024/vnnlib/CIFAR100_resnet_large_prop_idx_9883_sidx_7162_eps_0.0039.vnnlib
3072 inputs and 100 outputs in vnnlib
Loading onnx /data1/Kane/data/vnncomp2025_benchmarks/benchmarks/cifar100_2024/onnx/CIFAR100_resnet_large.onnx with quirks {}
Onnx optimization with flags: ['merge_bn']
Found existed optimized onnx model at /data1/Kane/data/vnncomp2025_benchmarks/benchmarks/cifar100_2024/onnx/CIFAR100_resnet_large.onnx.optimized
Finished onnx model loading in 0.1209 seconds
Model: BoundedModule(
  (/input-1): BoundInput(name=/input-1, inputs=[], perturbed=True)
  (/45): BoundParams(name=/45, inputs=[], perturbed=False)
  (/46): BoundParams(name=/46, inputs=[], perturbed=False)
  (/47): BoundParams(name=/47, inputs=[], perturbed=False)
  (/48): BoundParams(name=/48, inputs=[], perturbed=False)
  (/49): BoundParams(name=/49, inputs=[], perturbed=False)
  (/50): BoundParams(name=/50, inputs=[], perturbed=False)
  (/51): BoundParams(name=/51, inputs=[], perturbed=False)
  (/52): BoundParams(name=/52, inputs=[], perturbed=False)
  (/53): BoundParams(name=/53, inputs=[], perturbed=False)
  (/54): BoundParams(name=/54, inputs=[], perturbed=False)
  (/55): BoundParams(name=/55, inputs=[], perturbed=False)
  (/56): BoundParams(name=/56, inputs=[], perturbed=False)
  (/57): BoundParams(name=/57, inputs=[], perturbed=False)
  (/58): BoundParams(name=/58, inputs=[], perturbed=False)
  (/59): BoundParams(name=/59, inputs=[], perturbed=False)
  (/60): BoundParams(name=/60, inputs=[], perturbed=False)
  (/61): BoundParams(name=/61, inputs=[], perturbed=False)
  (/62): BoundParams(name=/62, inputs=[], perturbed=False)
  (/63): BoundParams(name=/63, inputs=[], perturbed=False)
  (/64): BoundParams(name=/64, inputs=[], perturbed=False)
  (/65): BoundParams(name=/65, inputs=[], perturbed=False)
  (/66): BoundParams(name=/66, inputs=[], perturbed=False)
  (/67): BoundParams(name=/67, inputs=[], perturbed=False)
  (/68): BoundParams(name=/68, inputs=[], perturbed=False)
  (/69): BoundParams(name=/69, inputs=[], perturbed=False)
  (/70): BoundParams(name=/70, inputs=[], perturbed=False)
  (/71): BoundParams(name=/71, inputs=[], perturbed=False)
  (/72): BoundParams(name=/72, inputs=[], perturbed=False)
  (/73): BoundParams(name=/73, inputs=[], perturbed=False)
  (/74): BoundParams(name=/74, inputs=[], perturbed=False)
  (/75): BoundParams(name=/75, inputs=[], perturbed=False)
  (/76): BoundParams(name=/76, inputs=[], perturbed=False)
  (/77): BoundParams(name=/77, inputs=[], perturbed=False)
  (/78): BoundParams(name=/78, inputs=[], perturbed=False)
  (/79): BoundParams(name=/79, inputs=[], perturbed=False)
  (/80): BoundParams(name=/80, inputs=[], perturbed=False)
  (/81): BoundParams(name=/81, inputs=[], perturbed=False)
  (/82): BoundParams(name=/82, inputs=[], perturbed=False)
  (/83): BoundParams(name=/83, inputs=[], perturbed=False)
  (/84): BoundParams(name=/84, inputs=[], perturbed=False)
  (/85): BoundParams(name=/85, inputs=[], perturbed=False)
  (/86): BoundParams(name=/86, inputs=[], perturbed=False)
  (/87): BoundParams(name=/87, inputs=[], perturbed=False)
  (/88): BoundParams(name=/88, inputs=[], perturbed=False)
  (/input): BoundConv(name=/input, inputs=[/input-1, /45, /46], perturbed=True)
  (/input-4): BoundRelu(name=/input-4, inputs=[/input], perturbed=True)
  (/input-8): BoundConv(name=/input-8, inputs=[/input-4, /47, /48], perturbed=True)
  (/input-12): BoundRelu(name=/input-12, inputs=[/input-8], perturbed=True)
  (/93): BoundConv(name=/93, inputs=[/input-12, /49, /50], perturbed=True)
  (/94): BoundAdd(name=/94, inputs=[/93, /input-4], perturbed=True)
  (/input-16): BoundConv(name=/input-16, inputs=[/94, /51, /52], perturbed=True)
  (/input-20): BoundRelu(name=/input-20, inputs=[/input-16], perturbed=True)
  (/97): BoundConv(name=/97, inputs=[/input-20, /53, /54], perturbed=True)
  (/98): BoundAdd(name=/98, inputs=[/97, /94], perturbed=True)
  (/input-24): BoundConv(name=/input-24, inputs=[/98, /55, /56], perturbed=True)
  (/input-28): BoundRelu(name=/input-28, inputs=[/input-24], perturbed=True)
  (/101): BoundConv(name=/101, inputs=[/input-28, /57, /58], perturbed=True)
  (/102): BoundConv(name=/102, inputs=[/98, /59, /60], perturbed=True)
  (/103): BoundAdd(name=/103, inputs=[/101, /102], perturbed=True)
  (/input-32): BoundConv(name=/input-32, inputs=[/103, /61, /62], perturbed=True)
  (/input-36): BoundRelu(name=/input-36, inputs=[/input-32], perturbed=True)
  (/106): BoundConv(name=/106, inputs=[/input-36, /63, /64], perturbed=True)
  (/107): BoundAdd(name=/107, inputs=[/106, /103], perturbed=True)
  (/input-40): BoundConv(name=/input-40, inputs=[/107, /65, /66], perturbed=True)
  (/input-44): BoundRelu(name=/input-44, inputs=[/input-40], perturbed=True)
  (/110): BoundConv(name=/110, inputs=[/input-44, /67, /68], perturbed=True)
  (/111): BoundConv(name=/111, inputs=[/107, /69, /70], perturbed=True)
  (/112): BoundAdd(name=/112, inputs=[/110, /111], perturbed=True)
  (/input-48): BoundConv(name=/input-48, inputs=[/112, /71, /72], perturbed=True)
  (/input-52): BoundRelu(name=/input-52, inputs=[/input-48], perturbed=True)
  (/115): BoundConv(name=/115, inputs=[/input-52, /73, /74], perturbed=True)
  (/116): BoundAdd(name=/116, inputs=[/115, /112], perturbed=True)
  (/input-56): BoundConv(name=/input-56, inputs=[/116, /75, /76], perturbed=True)
  (/input-60): BoundRelu(name=/input-60, inputs=[/input-56], perturbed=True)
  (/119): BoundConv(name=/119, inputs=[/input-60, /77, /78], perturbed=True)
  (/120): BoundConv(name=/120, inputs=[/116, /79, /80], perturbed=True)
  (/121): BoundAdd(name=/121, inputs=[/119, /120], perturbed=True)
  (/input-64): BoundConv(name=/input-64, inputs=[/121, /81, /82], perturbed=True)
  (/input-68): BoundRelu(name=/input-68, inputs=[/input-64], perturbed=True)
  (/124): BoundConv(name=/124, inputs=[/input-68, /83, /84], perturbed=True)
  (/125): BoundAdd(name=/125, inputs=[/124, /121], perturbed=True)
  (/126): BoundFlatten(name=/126, inputs=[/125], perturbed=True)
  (/input-72): BoundLinear(name=/input-72, inputs=[/126, /85, /86], perturbed=True)
  (/128): BoundRelu(name=/128, inputs=[/input-72], perturbed=True)
  (/129): BoundLinear(name=/129, inputs=[/128, /87, /88], perturbed=True)
)
Original output: tensor([[ -9.76736736,  -6.14605570,  -7.29046822,  -5.95136070,  -2.30604768,
          -8.93582630,  -5.80337143,  -4.86406994,  -9.36589622, -10.28838348,
          -5.97395039,  -8.99181938, -12.01452827,  -7.41482925,  -6.02459145,
          -6.71499586,  -9.61292267, -10.75108528,  -6.18162251,  -6.98722553,
          -8.97835827,  -6.51043892,  -7.30686283, -12.40176201,  -5.36121511,
          -7.00070715,  -4.19398499,  -4.08044910,  -9.11019802,  -3.41794300,
          -9.83440495,  -5.33366108,  -2.69823480, -12.21488190,  -6.65402985,
          -8.62944221,  -5.54281569,  -6.89272976,  -4.38779211,  -9.44864941,
         -10.05907726,  -7.85045290,  -5.96017170,  -5.51160192,  -4.33558655,
          -7.05673218,  -9.83002567,  -8.54360962, -10.63913155,  -9.20598888,
          -2.76650596,  -7.73508739,  -8.09645748, -13.58229065,  -9.83596039,
          -4.33796597, -12.37693405,  -7.32537317,  -8.86048794,  -9.71852398,
         -16.87646866,  -6.97921038, -12.11159229,  -1.61771548,  -4.35218096,
          -5.12518406,  -5.48386765,  -4.97625160, -14.08837318, -14.30536079,
         -11.74513435, -14.98150349,  -3.68774891,  -8.66173172,  -2.68803906,
          -9.09974194, -13.40394688,  -4.29788208,  -4.56193352,  -8.03103924,
          -4.42220306,  -8.21733856,  -9.34709072, -10.75002956,  -9.48377228,
          -7.05633593,  -7.51878977, -11.40123272,  -6.72834492,  -8.07809067,
          -9.38497639,  -5.61535835, -10.89167881,  -0.30498233, -14.34753418,
         -10.11404991,  -8.49607849,  -8.61430359,  -8.88601112,  -9.45697403]],
       device='cuda:0')
Split layers:
Nonlinear functions:
   BoundRelu(name=/input-4, inputs=[/input], perturbed=True)
   BoundRelu(name=/input-12, inputs=[/input-8], perturbed=True)
   BoundRelu(name=/input-20, inputs=[/input-16], perturbed=True)
   BoundRelu(name=/input-28, inputs=[/input-24], perturbed=True)
   BoundRelu(name=/input-36, inputs=[/input-32], perturbed=True)
   BoundRelu(name=/input-44, inputs=[/input-40], perturbed=True)
   BoundRelu(name=/input-52, inputs=[/input-48], perturbed=True)
   BoundRelu(name=/input-60, inputs=[/input-56], perturbed=True)
   BoundRelu(name=/input-68, inputs=[/input-64], perturbed=True)
   BoundRelu(name=/128, inputs=[/input-72], perturbed=True)
layer /input-4 using sparse-features alpha with shape [1121]; unstable size 1121; total size 65536 ([1, 64, 32, 32])
layer /input-4 start_node /input-8 using sparse-spec alpha [2, 49, 1, 1121] with unstable size 48 total_size 64 output_shape 64
layer /input-4 start_node /input-24 using sparse-spec alpha [2, 52, 1, 1121] with unstable size 51 total_size 128 output_shape 128
layer /input-4 start_node /input-40 using sparse-spec alpha [2, 71, 1, 1121] with unstable size 70 total_size 128 output_shape 128
layer /input-4 start_node /input-72 using sparse-spec alpha [2, 27, 1, 1121] with unstable size 26 total_size 100 output_shape torch.Size([100])
layer /input-4 start_node /129 using full alpha [2, 99, 1, 1121] with unstable size None total_size 99 output_shape 99
layer /input-12 using sparse-features alpha with shape [1704]; unstable size 1704; total size 65536 ([1, 64, 32, 32])
layer /input-12 start_node /input-24 using sparse-spec alpha [2, 52, 1, 1704] with unstable size 51 total_size 128 output_shape 128
layer /input-12 start_node /input-40 using sparse-spec alpha [2, 71, 1, 1704] with unstable size 70 total_size 128 output_shape 128
layer /input-12 start_node /input-72 using sparse-spec alpha [2, 27, 1, 1704] with unstable size 26 total_size 100 output_shape torch.Size([100])
layer /input-12 start_node /129 using full alpha [2, 99, 1, 1704] with unstable size None total_size 99 output_shape 99
layer /input-20 using sparse-features alpha with shape [0]; unstable size 0; total size 65536 ([1, 64, 32, 32])
layer /input-20 start_node /input-24 using sparse-spec alpha [2, 52, 1, 0] with unstable size 51 total_size 128 output_shape 128
layer /input-20 start_node /input-40 using sparse-spec alpha [2, 71, 1, 0] with unstable size 70 total_size 128 output_shape 128
layer /input-20 start_node /input-72 using sparse-spec alpha [2, 27, 1, 0] with unstable size 26 total_size 100 output_shape torch.Size([100])
layer /input-20 start_node /129 using full alpha [2, 99, 1, 0] with unstable size None total_size 99 output_shape 99
layer /input-28 using sparse-features alpha with shape [370]; unstable size 370; total size 32768 ([1, 128, 16, 16])
layer /input-28 start_node /input-40 using sparse-spec alpha [2, 71, 1, 370] with unstable size 70 total_size 128 output_shape 128
layer /input-28 start_node /input-72 using sparse-spec alpha [2, 27, 1, 370] with unstable size 26 total_size 100 output_shape torch.Size([100])
layer /input-28 start_node /129 using full alpha [2, 99, 1, 370] with unstable size None total_size 99 output_shape 99
layer /input-36 using sparse-features alpha with shape [0]; unstable size 0; total size 32768 ([1, 128, 16, 16])
layer /input-36 start_node /input-40 using sparse-spec alpha [2, 71, 1, 0] with unstable size 70 total_size 128 output_shape 128
layer /input-36 start_node /input-72 using sparse-spec alpha [2, 27, 1, 0] with unstable size 26 total_size 100 output_shape torch.Size([100])
layer /input-36 start_node /129 using full alpha [2, 99, 1, 0] with unstable size None total_size 99 output_shape 99
layer /input-44 using sparse-features alpha with shape [335]; unstable size 335; total size 8192 ([1, 128, 8, 8])
layer /input-44 start_node /input-72 using sparse-spec alpha [2, 27, 1, 335] with unstable size 26 total_size 100 output_shape torch.Size([100])
layer /input-44 start_node /129 using full alpha [2, 99, 1, 335] with unstable size None total_size 99 output_shape 99
layer /input-52 using sparse-features alpha with shape [0]; unstable size 0; total size 8192 ([1, 128, 8, 8])
layer /input-52 start_node /input-72 using sparse-spec alpha [2, 27, 1, 0] with unstable size 26 total_size 100 output_shape torch.Size([100])
layer /input-52 start_node /129 using full alpha [2, 99, 1, 0] with unstable size None total_size 99 output_shape 99
layer /input-60 using sparse-features alpha with shape [0]; unstable size 0; total size 4096 ([1, 256, 4, 4])
layer /input-60 start_node /input-72 using sparse-spec alpha [2, 27, 1, 0] with unstable size 26 total_size 100 output_shape torch.Size([100])
layer /input-60 start_node /129 using full alpha [2, 99, 1, 0] with unstable size None total_size 99 output_shape 99
layer /input-68 using sparse-features alpha with shape [0]; unstable size 0; total size 4096 ([1, 256, 4, 4])
layer /input-68 start_node /input-72 using sparse-spec alpha [2, 27, 1, 0] with unstable size 26 total_size 100 output_shape torch.Size([100])
layer /input-68 start_node /129 using full alpha [2, 99, 1, 0] with unstable size None total_size 99 output_shape 99
layer /128 using sparse-features alpha with shape [26]; unstable size 26; total size 100 ([1, 100])
layer /128 start_node /129 using full alpha [2, 99, 1, 26] with unstable size None total_size 99 output_shape 99
Optimizable variables initialized.
initial CROWN bounds: tensor([[ 7.63058949,  4.21390676,  5.13242054,  3.65342999,  0.49080825,
          6.66669369,  3.57098198,  3.03703570,  6.98400116,  8.15672302,
          3.91700363,  6.69301271,  9.68780518,  4.96280479,  4.03168821,
          4.35164356,  7.35231018,  8.16378975,  4.66489315,  4.52002811,
          6.54168510,  4.30712795,  5.00345087, 10.09395409,  3.18941927,
          4.87544823,  2.51397347,  2.67863059,  6.93561363,  1.62283731,
          7.47849083,  2.95540738,  1.29668140, 10.27761364,  4.31987190,
          6.36740685,  3.59389615,  4.91836739,  2.41663742,  7.57667112,
          7.38198757,  5.54918003,  3.84612656,  3.46962786,  2.95990324,
          5.30852032,  7.51631737,  6.44315386,  8.25214577,  6.90940952,
          1.04935312,  5.87166500,  5.76362562, 11.01545811,  7.71924591,
          2.62051821,  9.90316200,  5.51044703,  6.37067127,  7.45945406,
         14.36433601,  4.73838902, 10.07965279, -0.31522369,  2.42527366,
          3.23887396,  3.63933229,  3.50971699, 11.81430149, 11.62918282,
          9.68549538, 12.63865280,  1.95843685,  6.80458355,  0.98469114,
          6.90254688, 10.60208988,  2.45192242,  2.79495358,  6.22558880,
          2.63213420,  6.06478977,  7.15953112,  8.71679974,  7.00753736,
          4.69752645,  5.34973764,  8.96901989,  4.69187117,  5.85424805,
          7.02307796,  3.60873699,  9.12234116, 12.16186714,  7.65484095,
          6.31019640,  6.54104376,  6.50181055,  7.15584469]], device='cuda:0') None
prune_after_crown optimization in use: original label size = 99 pruned label size = 1
best_l after optimization: -0.20421218872070312
alpha/beta optimization time: 2.802427291870117
initial alpha-crown bounds: tensor([[        inf,         inf,         inf,         inf,         inf,
                 inf,         inf,         inf,         inf,         inf,
                 inf,         inf,         inf,         inf,         inf,
                 inf,         inf,         inf,         inf,         inf,
                 inf,         inf,         inf,         inf,         inf,
                 inf,         inf,         inf,         inf,         inf,
                 inf,         inf,         inf,         inf,         inf,
                 inf,         inf,         inf,         inf,         inf,
                 inf,         inf,         inf,         inf,         inf,
                 inf,         inf,         inf,         inf,         inf,
                 inf,         inf,         inf,         inf,         inf,
                 inf,         inf,         inf,         inf,         inf,
                 inf,         inf,         inf, -0.20421219,         inf,
                 inf,         inf,         inf,         inf,         inf,
                 inf,         inf,         inf,         inf,         inf,
                 inf,         inf,         inf,         inf,         inf,
                 inf,         inf,         inf,         inf,         inf,
                 inf,         inf,         inf,         inf,         inf,
                 inf,         inf,         inf,         inf,         inf,
                 inf,         inf,         inf,         inf]], device='cuda:0')
Number of class (without rhs): 1 ; Worst class: (+ rhs) -0.20421218872070312
Total VNNLIB file length: 99, max property batch size: 100, total number of batches: 1
lA shape: [torch.Size([99, 1, 64, 32, 32]), torch.Size([99, 1, 64, 32, 32]), torch.Size([99, 1, 64, 32, 32]), torch.Size([99, 1, 128, 16, 16]), torch.Size([99, 1, 128, 16, 16]), torch.Size([99, 1, 128, 8, 8]), torch.Size([99, 1, 128, 8, 8]), torch.Size([99, 1, 256, 4, 4]), torch.Size([99, 1, 256, 4, 4]), torch.Size([99, 1, 100])]

Properties batch 0, size 99
Remaining timeout: 95.91827893257141
Verifying property 0 with 99 instances.
##### Instance 0 first 10 spec matrices: 
tensor([[[-1.,  0.,  0.,  0.,  0.,  0.,  0.,  0.,  0.,  0.,  0.,  0.,  0.,  0.,
           0.,  0.,  0.,  0.,  0.,  0.,  0.,  0.,  0.,  0.,  0.,  0.,  0.,  0.,
           0.,  0.,  0.,  0.,  0.,  0.,  0.,  0.,  0.,  0.,  0.,  0.,  0.,  0.,
           0.,  0.,  0.,  0.,  0.,  0.,  0.,  0.,  0.,  0.,  0.,  0.,  0.,  0.,
           0.,  0.,  0.,  0.,  0.,  0.,  0.,  0.,  0.,  0.,  0.,  0.,  0.,  0.,
           0.,  0.,  0.,  0.,  0.,  0.,  0.,  0.,  0.,  0.,  0.,  0.,  0.,  0.,
           0.,  0.,  0.,  0.,  0.,  0.,  0.,  0.,  0.,  1.,  0.,  0.,  0.,  0.,
           0.,  0.]],

        [[ 0., -1.,  0.,  0.,  0.,  0.,  0.,  0.,  0.,  0.,  0.,  0.,  0.,  0.,
           0.,  0.,  0.,  0.,  0.,  0.,  0.,  0.,  0.,  0.,  0.,  0.,  0.,  0.,
           0.,  0.,  0.,  0.,  0.,  0.,  0.,  0.,  0.,  0.,  0.,  0.,  0.,  0.,
           0.,  0.,  0.,  0.,  0.,  0.,  0.,  0.,  0.,  0.,  0.,  0.,  0.,  0.,
           0.,  0.,  0.,  0.,  0.,  0.,  0.,  0.,  0.,  0.,  0.,  0.,  0.,  0.,
           0.,  0.,  0.,  0.,  0.,  0.,  0.,  0.,  0.,  0.,  0.,  0.,  0.,  0.,
           0.,  0.,  0.,  0.,  0.,  0.,  0.,  0.,  0.,  1.,  0.,  0.,  0.,  0.,
           0.,  0.]],

        [[ 0.,  0., -1.,  0.,  0.,  0.,  0.,  0.,  0.,  0.,  0.,  0.,  0.,  0.,
           0.,  0.,  0.,  0.,  0.,  0.,  0.,  0.,  0.,  0.,  0.,  0.,  0.,  0.,
           0.,  0.,  0.,  0.,  0.,  0.,  0.,  0.,  0.,  0.,  0.,  0.,  0.,  0.,
           0.,  0.,  0.,  0.,  0.,  0.,  0.,  0.,  0.,  0.,  0.,  0.,  0.,  0.,
           0.,  0.,  0.,  0.,  0.,  0.,  0.,  0.,  0.,  0.,  0.,  0.,  0.,  0.,
           0.,  0.,  0.,  0.,  0.,  0.,  0.,  0.,  0.,  0.,  0.,  0.,  0.,  0.,
           0.,  0.,  0.,  0.,  0.,  0.,  0.,  0.,  0.,  1.,  0.,  0.,  0.,  0.,
           0.,  0.]],

        [[ 0.,  0.,  0., -1.,  0.,  0.,  0.,  0.,  0.,  0.,  0.,  0.,  0.,  0.,
           0.,  0.,  0.,  0.,  0.,  0.,  0.,  0.,  0.,  0.,  0.,  0.,  0.,  0.,
           0.,  0.,  0.,  0.,  0.,  0.,  0.,  0.,  0.,  0.,  0.,  0.,  0.,  0.,
           0.,  0.,  0.,  0.,  0.,  0.,  0.,  0.,  0.,  0.,  0.,  0.,  0.,  0.,
           0.,  0.,  0.,  0.,  0.,  0.,  0.,  0.,  0.,  0.,  0.,  0.,  0.,  0.,
           0.,  0.,  0.,  0.,  0.,  0.,  0.,  0.,  0.,  0.,  0.,  0.,  0.,  0.,
           0.,  0.,  0.,  0.,  0.,  0.,  0.,  0.,  0.,  1.,  0.,  0.,  0.,  0.,
           0.,  0.]],

        [[ 0.,  0.,  0.,  0., -1.,  0.,  0.,  0.,  0.,  0.,  0.,  0.,  0.,  0.,
           0.,  0.,  0.,  0.,  0.,  0.,  0.,  0.,  0.,  0.,  0.,  0.,  0.,  0.,
           0.,  0.,  0.,  0.,  0.,  0.,  0.,  0.,  0.,  0.,  0.,  0.,  0.,  0.,
           0.,  0.,  0.,  0.,  0.,  0.,  0.,  0.,  0.,  0.,  0.,  0.,  0.,  0.,
           0.,  0.,  0.,  0.,  0.,  0.,  0.,  0.,  0.,  0.,  0.,  0.,  0.,  0.,
           0.,  0.,  0.,  0.,  0.,  0.,  0.,  0.,  0.,  0.,  0.,  0.,  0.,  0.,
           0.,  0.,  0.,  0.,  0.,  0.,  0.,  0.,  0.,  1.,  0.,  0.,  0.,  0.,
           0.,  0.]],

        [[ 0.,  0.,  0.,  0.,  0., -1.,  0.,  0.,  0.,  0.,  0.,  0.,  0.,  0.,
           0.,  0.,  0.,  0.,  0.,  0.,  0.,  0.,  0.,  0.,  0.,  0.,  0.,  0.,
           0.,  0.,  0.,  0.,  0.,  0.,  0.,  0.,  0.,  0.,  0.,  0.,  0.,  0.,
           0.,  0.,  0.,  0.,  0.,  0.,  0.,  0.,  0.,  0.,  0.,  0.,  0.,  0.,
           0.,  0.,  0.,  0.,  0.,  0.,  0.,  0.,  0.,  0.,  0.,  0.,  0.,  0.,
           0.,  0.,  0.,  0.,  0.,  0.,  0.,  0.,  0.,  0.,  0.,  0.,  0.,  0.,
           0.,  0.,  0.,  0.,  0.,  0.,  0.,  0.,  0.,  1.,  0.,  0.,  0.,  0.,
           0.,  0.]],

        [[ 0.,  0.,  0.,  0.,  0.,  0., -1.,  0.,  0.,  0.,  0.,  0.,  0.,  0.,
           0.,  0.,  0.,  0.,  0.,  0.,  0.,  0.,  0.,  0.,  0.,  0.,  0.,  0.,
           0.,  0.,  0.,  0.,  0.,  0.,  0.,  0.,  0.,  0.,  0.,  0.,  0.,  0.,
           0.,  0.,  0.,  0.,  0.,  0.,  0.,  0.,  0.,  0.,  0.,  0.,  0.,  0.,
           0.,  0.,  0.,  0.,  0.,  0.,  0.,  0.,  0.,  0.,  0.,  0.,  0.,  0.,
           0.,  0.,  0.,  0.,  0.,  0.,  0.,  0.,  0.,  0.,  0.,  0.,  0.,  0.,
           0.,  0.,  0.,  0.,  0.,  0.,  0.,  0.,  0.,  1.,  0.,  0.,  0.,  0.,
           0.,  0.]],

        [[ 0.,  0.,  0.,  0.,  0.,  0.,  0., -1.,  0.,  0.,  0.,  0.,  0.,  0.,
           0.,  0.,  0.,  0.,  0.,  0.,  0.,  0.,  0.,  0.,  0.,  0.,  0.,  0.,
           0.,  0.,  0.,  0.,  0.,  0.,  0.,  0.,  0.,  0.,  0.,  0.,  0.,  0.,
           0.,  0.,  0.,  0.,  0.,  0.,  0.,  0.,  0.,  0.,  0.,  0.,  0.,  0.,
           0.,  0.,  0.,  0.,  0.,  0.,  0.,  0.,  0.,  0.,  0.,  0.,  0.,  0.,
           0.,  0.,  0.,  0.,  0.,  0.,  0.,  0.,  0.,  0.,  0.,  0.,  0.,  0.,
           0.,  0.,  0.,  0.,  0.,  0.,  0.,  0.,  0.,  1.,  0.,  0.,  0.,  0.,
           0.,  0.]],

        [[ 0.,  0.,  0.,  0.,  0.,  0.,  0.,  0., -1.,  0.,  0.,  0.,  0.,  0.,
           0.,  0.,  0.,  0.,  0.,  0.,  0.,  0.,  0.,  0.,  0.,  0.,  0.,  0.,
           0.,  0.,  0.,  0.,  0.,  0.,  0.,  0.,  0.,  0.,  0.,  0.,  0.,  0.,
           0.,  0.,  0.,  0.,  0.,  0.,  0.,  0.,  0.,  0.,  0.,  0.,  0.,  0.,
           0.,  0.,  0.,  0.,  0.,  0.,  0.,  0.,  0.,  0.,  0.,  0.,  0.,  0.,
           0.,  0.,  0.,  0.,  0.,  0.,  0.,  0.,  0.,  0.,  0.,  0.,  0.,  0.,
           0.,  0.,  0.,  0.,  0.,  0.,  0.,  0.,  0.,  1.,  0.,  0.,  0.,  0.,
           0.,  0.]],

        [[ 0.,  0.,  0.,  0.,  0.,  0.,  0.,  0.,  0., -1.,  0.,  0.,  0.,  0.,
           0.,  0.,  0.,  0.,  0.,  0.,  0.,  0.,  0.,  0.,  0.,  0.,  0.,  0.,
           0.,  0.,  0.,  0.,  0.,  0.,  0.,  0.,  0.,  0.,  0.,  0.,  0.,  0.,
           0.,  0.,  0.,  0.,  0.,  0.,  0.,  0.,  0.,  0.,  0.,  0.,  0.,  0.,
           0.,  0.,  0.,  0.,  0.,  0.,  0.,  0.,  0.,  0.,  0.,  0.,  0.,  0.,
           0.,  0.,  0.,  0.,  0.,  0.,  0.,  0.,  0.,  0.,  0.,  0.,  0.,  0.,
           0.,  0.,  0.,  0.,  0.,  0.,  0.,  0.,  0.,  1.,  0.,  0.,  0.,  0.,
           0.,  0.]]], dtype=torch.float64)
thresholds: tensor([0., 0., 0., 0., 0., 0., 0., 0., 0., 0.], device='cuda:0') ######
Initial alpha-CROWN verified for spec index tensor([ 0,  1,  2,  3,  4,  5,  6,  7,  8,  9, 10, 11, 12, 13, 14, 15, 16, 17,
        18, 19, 20, 21, 22, 23, 24, 25, 26, 27, 28, 29, 30, 31, 32, 33, 34, 35,
        36, 37, 38, 39, 40, 41, 42, 43, 44, 45, 46, 47, 48, 49, 50, 51, 52, 53,
        54, 55, 56, 57, 58, 59, 60, 61, 62, 64, 65, 66, 67, 68, 69, 70, 71, 72,
        73, 74, 75, 76, 77, 78, 79, 80, 81, 82, 83, 84, 85, 86, 87, 88, 89, 90,
        91, 92, 93, 94, 95, 96, 97, 98], device='cuda:0') with bound tensor([inf, inf, inf, inf, inf, inf, inf, inf, inf, inf, inf, inf, inf, inf, inf, inf, inf, inf, inf, inf, inf, inf, inf, inf,
        inf, inf, inf, inf, inf, inf, inf, inf, inf, inf, inf, inf, inf, inf, inf, inf, inf, inf, inf, inf, inf, inf, inf, inf,
        inf, inf, inf, inf, inf, inf, inf, inf, inf, inf, inf, inf, inf, inf, inf, inf, inf, inf, inf, inf, inf, inf, inf, inf,
        inf, inf, inf, inf, inf, inf, inf, inf, inf, inf, inf, inf, inf, inf, inf, inf, inf, inf, inf, inf, inf, inf, inf, inf,
        inf, inf], device='cuda:0').
Remaining spec index tensor([63], device='cuda:0') with bounds tensor([[-0.20421219]], device='cuda:0') need to verify.
Model prediction is: tensor([ -9.76736736,  -6.14605570,  -7.29046822,  -5.95136070,  -2.30604768,
         -8.93582630,  -5.80337143,  -4.86406994,  -9.36589622, -10.28838348,
         -5.97395039,  -8.99181938, -12.01452827,  -7.41482925,  -6.02459145,
         -6.71499586,  -9.61292267, -10.75108528,  -6.18162251,  -6.98722553,
         -8.97835827,  -6.51043892,  -7.30686283, -12.40176201,  -5.36121511,
         -7.00070715,  -4.19398499,  -4.08044910,  -9.11019802,  -3.41794300,
         -9.83440495,  -5.33366108,  -2.69823480, -12.21488190,  -6.65402985,
         -8.62944221,  -5.54281569,  -6.89272976,  -4.38779211,  -9.44864941,
        -10.05907726,  -7.85045290,  -5.96017170,  -5.51160192,  -4.33558655,
         -7.05673218,  -9.83002567,  -8.54360962, -10.63913155,  -9.20598888,
         -2.76650596,  -7.73508739,  -8.09645748, -13.58229065,  -9.83596039,
         -4.33796597, -12.37693405,  -7.32537317,  -8.86048794,  -9.71852398,
        -16.87646866,  -6.97921038, -12.11159229,  -1.61771548,  -4.35218096,
         -5.12518406,  -5.48386765,  -4.97625160, -14.08837318, -14.30536079,
        -11.74513435, -14.98150349,  -3.68774891,  -8.66173172,  -2.68803906,
         -9.09974194, -13.40394688,  -4.29788208,  -4.56193352,  -8.03103924,
         -4.42220306,  -8.21733856,  -9.34709072, -10.75002956,  -9.48377228,
         -7.05633593,  -7.51878977, -11.40123272,  -6.72834492,  -8.07809067,
         -9.38497639,  -5.61535835, -10.89167881,  -0.30498233, -14.34753418,
        -10.11404991,  -8.49607849,  -8.61430359,  -8.88601112,  -9.45697403],
       device='cuda:0')
build_with_refined_bounds batch [1/1]
setting alpha for layer /input-4 start_node /129 with alignment adjustment
setting alpha for layer /input-12 start_node /129 with alignment adjustment
setting alpha for layer /input-20 start_node /129 with alignment adjustment
setting alpha for layer /input-28 start_node /129 with alignment adjustment
setting alpha for layer /input-36 start_node /129 with alignment adjustment
setting alpha for layer /input-44 start_node /129 with alignment adjustment
setting alpha for layer /input-52 start_node /129 with alignment adjustment
setting alpha for layer /input-60 start_node /129 with alignment adjustment
setting alpha for layer /input-68 start_node /129 with alignment adjustment
setting alpha for layer /128 start_node /129 with alignment adjustment
all alpha initialized
directly get lb and ub from refined bounds
c shape: torch.Size([1, 1, 100])
lA shapes: [torch.Size([1, 1, 64, 32, 32]), torch.Size([1, 1, 64, 32, 32]), torch.Size([1, 1, 64, 32, 32]), torch.Size([1, 1, 128, 16, 16]), torch.Size([1, 1, 128, 16, 16]), torch.Size([1, 1, 128, 8, 8]), torch.Size([1, 1, 128, 8, 8]), torch.Size([1, 1, 256, 4, 4]), torch.Size([1, 1, 256, 4, 4]), torch.Size([1, 1, 100])]
(alpha-)CROWN with fixed intermediate bounds: tensor([[-0.20421219]], device='cuda:0') tensor([[inf]], device='cuda:0')
Intermediate layers: /input,/input-8,/input-16,/input-24,/input-32,/input-40,/input-48,/input-56,/input-64,/input-72,/129
Keeping alphas for these layers: ['/129']
Keeping alphas for these layers: ['/129']
Node /input-4 input 0: size torch.Size([64, 32, 32]) unstable 1121
Node /input-12 input 0: size torch.Size([64, 32, 32]) unstable 1698
Node /input-20 input 0: size torch.Size([64, 32, 32]) unstable 0
Node /input-28 input 0: size torch.Size([128, 16, 16]) unstable 361
Node /input-36 input 0: size torch.Size([128, 16, 16]) unstable 0
Node /input-44 input 0: size torch.Size([128, 8, 8]) unstable 319
Node /input-52 input 0: size torch.Size([128, 8, 8]) unstable 0
Node /input-60 input 0: size torch.Size([256, 4, 4]) unstable 0
Node /input-68 input 0: size torch.Size([256, 4, 4]) unstable 0
Node /128 input 0: size torch.Size([100]) unstable 23
-----------------
# of unstable neurons: 3522
-----------------

BaB round 1
batch: 1
splitting decisions: 
split level 0: [/input-72, 74] 
split level 1: [/input-72, 30] 
split level 2: [/input-72, 36] 
split level 3: [/input-72, 48] 

all verified at 0th iter
pruning_in_iteration open status: False
ratio of positive domain = 16 / 16 = 1.0
pruning-in-iteration extra time: 9.274482727050781e-05
Time: prepare 0.0004    bound 0.0179    transfer 0.0083    finalize 0.0007    func 0.0274    
Accumulated time: func 0.0274    prepare 0.0010    bound 0.0179    transfer 0.0083    finalize 0.0007    
Length of domains: 0
Time: pickout 0.0008    decision 0.0913    set_bounds 0.0012    solve 0.0274    add 0.0001    
Accumulated time: pickout 0.0008    decision 0.0913    set_bounds 0.0012    solve 0.0274    add 0.0001    
No domains left, verification finished!
Current (lb-rhs): 1.0000000116860974e-07
0 domains visited
Cumulative time: 0.9530062675476074

Result: unsat
Time: 5.295332670211792

------------------------- COMMAND ------------------------------
/data1/Kane/miniconda3/envs/GenBaB/bin/python /data1/Kane/GenBaB/alpha-beta-CROWN/complete_verifier/abcrown.py --config /data1/Kane/GenBaB/alpha-beta-CROWN/complete_verifier/exp_configs/vnncomp24/cifar100.yaml --precompile_jit --onnx_path /data1/Kane/data/vnncomp2025_benchmarks/benchmarks/cifar100_2024/onnx/CIFAR100_resnet_large.onnx --vnnlib_path /data1/Kane/data/vnncomp2025_benchmarks/benchmarks/cifar100_2024/vnnlib/CIFAR100_resnet_large_prop_idx_9883_sidx_7162_eps_0.0039.vnnlib --results_file /data1/Kane/ACT/audit_results/abcrown_nopgd_20260525/cifar100_2024/0177__CIFAR100_resnet_large__CIFAR100_resnet_large_prop_idx_9883_sidx_7162_eps_0.0039.result --timeout 100.0 --save_adv_example --pgd_order=skip
----------------------------------------------------------------

