[0;93m2026-05-26 18:15:23.678018886 [W:onnxruntime:Default, device_discovery.cc:325 DiscoverDevicesForPlatform] GPU device discovery failed: device_discovery.cc:92 ReadFileContents Failed to open file: "/sys/class/drm/card0/device/vendor"[m
Configurations:

general:
  device: cuda
  seed: 100
  conv_mode: patches
  deterministic: false
  double_fp: false
  loss_reduction_func: sum
  sparse_alpha: true
  sparse_interm: true
  save_adv_example: true
  verify_onnxruntime_output: false
  eval_adv_example: false
  show_adv_example: false
  precompile_jit: true
  prepare_only: false
  complete_verifier: bab
  enable_incomplete_verification: true
  csv_name: instances.csv
  results_file: /data1/Kane/ACT/audit_results/abcrown_nopgd_20260525/cifar100_2024/0182__CIFAR100_resnet_large__CIFAR100_resnet_large_prop_idx_6583_sidx_8860_eps_0.0039.result
  root_path: ../../vnncomp2024_benchmarks/benchmarks/cifar100
  deterministic_opt: false
  graph_optimizer: 'Customized("custom_graph_optimizer", "default_optimizer")'
  buffer_has_batchdim: false
  save_output: false
  output_file: out.pkl
  return_optimized_model: false
model:
  name: null
  path: null
  onnx_path: /data1/Kane/data/vnncomp2025_benchmarks/benchmarks/cifar100_2024/onnx/CIFAR100_resnet_large.onnx
  onnx_path_prefix: ''
  cache_onnx_conversion: false
  debug_onnx: false
  onnx_quirks: null
  input_shape: null
  onnx_loader: default_onnx_and_vnnlib_loader
  onnx_optimization_flags: [merge_bn]
  onnx_vnnlib_joint_optimization_flags: none
  check_optimized: false
  flatten_final_output: false
  optimize_graph: null
  with_jacobian: false
data:
  start: 0
  end: 10000
  select_instance: null
  num_outputs: 10
  mean: 0.0
  std: 1.0
  pkl_path: null
  dataset: null
  data_filter_path: null
  data_idx_file: null
specification:
  type: lp
  robustness_type: verified-acc
  norm: .inf
  epsilon: null
  epsilon_min: 0.0
  vnnlib_path: /data1/Kane/data/vnncomp2025_benchmarks/benchmarks/cifar100_2024/vnnlib/CIFAR100_resnet_large_prop_idx_6583_sidx_8860_eps_0.0039.vnnlib
  vnnlib_path_prefix: ''
  rhs_offset: null
solver:
  batch_size: 256
  auto_enlarge_batch_size: true
  min_batch_size_ratio: 0.1
  use_float64_in_last_iteration: false
  early_stop_patience: 10
  start_save_best: 0.5
  bound_prop_method: alpha-crown
  init_bound_prop_method: same
  prune_after_crown: true
  optimize_disjuncts_separately: false
  crown:
    batch_size: 1000000000
    max_crown_size: 1000000000
    activation_bound_option: adaptive
    compare_crown_with_ibp: false
  alpha-crown:
    alpha: true
    lr_alpha: 0.25
    iteration: 20
    share_alphas: false
    lr_decay: 0.98
    full_conv_alpha: false
    max_coeff_mul: .inf
    matmul_share_alphas: false
    disable_optimization: []
    max_time: 1.0
  invprop:
    apply_output_constraints_to: []
    tighten_input_bounds: false
    best_of_oc_and_no_oc: false
    directly_optimize: []
    oc_lr: 0.1
    share_gammas: false
  beta-crown:
    lr_alpha: 0.1
    lr_beta: 0.2
    lr_decay: 0.98
    optimizer: adam
    iteration: 10
    beta: true
    beta_warmup: true
    enable_opt_interm_bounds: false
    all_node_split_LP: false
  forward:
    refine: false
    max_dim: 10000
    reset_threshold: 1.0
  multi_class:
    label_batch_size: 32
    skip_with_refined_bound: true
  mip:
    unstable_neuron_threshold: 0
    parallel_solvers: null
    solver_threads: 1
    refine_neuron_timeout: 15
    refine_neuron_time_percentage: 0.8
    early_stop: true
    adv_warmup: true
    mip_solver: gurobi
    skip_unsafe: false
    topk_filter: 1.0
    sliding_window: -1
    extra_constraint: false
    refine_neuron_timeout_increasement: 0
    timeout_neuron_percentage: 0.3
    remaining_timeout_threshold: 1
    remove_unstable_neurons: false
    lp_solver: false
bab:
  initial_max_domains: 100
  backing_up_max_domain: null
  max_domains: .inf
  decision_thresh: 0
  timeout: 100.0
  timeout_scale: 1
  max_iterations: -1
  override_timeout: null
  get_upper_bound: false
  pruning_in_iteration: true
  pruning_in_iteration_ratio: 0.2
  sort_targets: false
  batched_domain_list: true
  optimized_interm: ''
  interm_transfer: false
  recompute_interm: false
  sort_domain_interval: -1
  vanilla_crown: false
  tree_traversal: depth_first
  cut:
    enabled: false
    cuts_path: /tmp/abcrown_cuts
    implication: false
    bab_cut: false
    lp_cut: false
    method: null
    lr: 0.01
    lr_decay: 1.0
    iteration: 100
    bab_iteration: -1
    early_stop_patience: -1
    lr_beta: 0.02
    number_cuts: 50
    topk_cuts_in_filter: 1000
    batch_size_primal: 100
    max_num: 1000000000
    patches_cut: false
    cplex_cuts: false
    cplex_cuts_wait: 0
    cplex_cuts_revpickup: true
    cut_reference_bounds: true
    fix_intermediate_bounds: false
    biccos:
      enabled: false
      constraint_strengthening: true
      recursively_strengthening: false
      drop_ratio: 0.5
      verified_bonus: 0.3
      max_infer_iter: 20
      heuristic: neuron_influence_score
      save_biccos_cuts: false
      multi_tree_branching:
        enabled: false
        restore_best_tree: false
        keep_n_best_domains: 1
        k_splits: 1
        iterations: 1
  branching:
    method: kfsb
    candidates: 7
    reduceop: max
    enable_intermediate_bound_opt: false
    branching_input_and_activation: false
    branching_input_and_activation_order: [input, relu]
    branching_input_iterations: 30
    branching_relu_iterations: 50
    nonlinear_split:
      method: bbps
      disable: false
      branching_point_method: uniform
      num_branches: 2
      filter: false
      filter_beta: false
      filter_clamp: false
      filter_batch_size: 10000
      filter_iterations: 25
      relu_only: false
      loose_tanh_threshold: null
      branching_point:
        db_path: branching_points.pt
        num_iterations: 1000
        batch_size: 1000000
        range_l: -5.0
        range_u: 5.0
        log_interval: 100
        step_size_1d: 0.01
        step_size: 0.2
    input_split:
      enable_clip_domains: false
      split_hint: null
      reorder_bab: false
      enable: false
      enhanced_bound_prop_method: alpha-crown
      enhanced_branching_method: naive
      enhanced_bound_patience: 100000000.0
      attack_patience: 100000000.0
      adv_check: 0
      split_partitions: 2
      sb_margin_weight: 1.0
      sb_sum: false
      sb_primary_spec: null
      bf_backup_thresh: -1
      bf_rhs_offset: 0
      bf_iters: 1000000000.0
      bf_batch_size: 100000
      bf_zero_crossing_score: false
      touch_zero_score: 0
      ibp_enhancement: false
      compare_with_old_bounds: false
      update_rhs_with_attack: false
      sb_coeff_thresh: 0.001
      sort_index: null
      sort_descending: true
      show_progress: false
      presplit_domains: null
      skip_getting_worst_domain: false
  attack:
    enabled: false
    beam_candidates: 8
    beam_depth: 7
    max_dive_fix_ratio: 0.8
    min_local_free_ratio: 0.2
    mip_start_iteration: 5
    mip_timeout: 30.0
    adv_pool_threshold: null
    refined_mip_attacker: false
    refined_batch_size: null
attack:
  pgd_order: skip
  pgd_steps: 100
  pgd_restarts: 10
  pgd_batch_size: 100000000
  pgd_early_stop: true
  pgd_lr_decay: 0.99
  pgd_alpha: auto
  pgd_alpha_scale: false
  pgd_loss_mode: null
  pgd_restart_when_stuck: false
  enable_mip_attack: false
  adv_saver: default_adv_saver
  adv_verifier: default_adv_verifier
  early_stop_condition: default_early_stop_condition
  adv_example_finalizer: default_adv_example_finalizer
  pgd_loss: default_pgd_loss
  cex_path: ./test_cex.txt
  attack_mode: PGD
  attack_tolerance: 0.0
  attack_func: attack_with_general_specs
  gama_lambda: 10.0
  gama_decay: 0.9
  check_clean: false
  input_split:
    pgd_steps: 100
    pgd_restarts: 30
    pgd_alpha: auto
  input_split_enhanced:
    pgd_steps: 200
    pgd_restarts: 500000
    pgd_alpha: auto
  input_split_check_adv:
    enabled: auto
    pgd_steps: 5
    pgd_restarts: 5
    pgd_alpha: auto
    max_num_domains: 10
debug:
  view_model: false
  lp_test: null
  rescale_vnnlib_ptb: null
  test_optimized_bounds: false
  test_optimized_bounds_after_n_iterations: 0
  print_verbose_decisions: false
  sanity_check: null
  save_minimal_config: null
  save_minimal_config_omit_keys: []

Experiments at Tue May 26 18:15:24 2026 on dell-pro-max-tower-t2
Pre-compile jit kernels on a toy network...
JIT kernels compiled in 0.9794s./data1/Kane/miniconda3/envs/GenBaB/lib/python3.11/site-packages/onnx2pytorch/convert/model.py:151: UserWarning: Using experimental implementation that allows 'batch_size > 1'.Batchnorm layers could potentially produce false outputs.
  warnings.warn(
/data1/Kane/miniconda3/envs/GenBaB/lib/python3.11/site-packages/onnx2pytorch/utils.py:21: TracerWarning: Converting a tensor to a Python boolean might cause the trace to be incorrect. We can't record the data flow of Python values, so this value will be treated as a constant in the future. This means that the trace might not generalize to other inputs!
  return value.ndim == 0 or value.shape == torch.Size([1])
/data1/Kane/miniconda3/envs/GenBaB/lib/python3.11/site-packages/onnx2pytorch/operations/add.py:34: TracerWarning: Converting a tensor to a Python boolean might cause the trace to be incorrect. We can't record the data flow of Python values, so this value will be treated as a constant in the future. This means that the trace might not generalize to other inputs!
  elif all(x == 1 for x in input[0].shape):

Internal results will be saved to /data1/Kane/ACT/audit_results/abcrown_nopgd_20260525/cifar100_2024/0182__CIFAR100_resnet_large__CIFAR100_resnet_large_prop_idx_6583_sidx_8860_eps_0.0039.result.

 %%%%%%%%%%%%%%%%%%%%%%%%%%%%%%%%%%% idx: 0, vnnlib ID: 0 %%%%%%%%%%%%%%%%%%%%%%%%%%%%%%%%%%%
Using onnx /data1/Kane/data/vnncomp2025_benchmarks/benchmarks/cifar100_2024/onnx/CIFAR100_resnet_large.onnx
Using vnnlib /data1/Kane/data/vnncomp2025_benchmarks/benchmarks/cifar100_2024/vnnlib/CIFAR100_resnet_large_prop_idx_6583_sidx_8860_eps_0.0039.vnnlib
3072 inputs and 100 outputs in vnnlib
Loading onnx /data1/Kane/data/vnncomp2025_benchmarks/benchmarks/cifar100_2024/onnx/CIFAR100_resnet_large.onnx with quirks {}
Onnx optimization with flags: ['merge_bn']
Found existed optimized onnx model at /data1/Kane/data/vnncomp2025_benchmarks/benchmarks/cifar100_2024/onnx/CIFAR100_resnet_large.onnx.optimized
Finished onnx model loading in 0.1215 seconds
Model: BoundedModule(
  (/input-1): BoundInput(name=/input-1, inputs=[], perturbed=True)
  (/45): BoundParams(name=/45, inputs=[], perturbed=False)
  (/46): BoundParams(name=/46, inputs=[], perturbed=False)
  (/47): BoundParams(name=/47, inputs=[], perturbed=False)
  (/48): BoundParams(name=/48, inputs=[], perturbed=False)
  (/49): BoundParams(name=/49, inputs=[], perturbed=False)
  (/50): BoundParams(name=/50, inputs=[], perturbed=False)
  (/51): BoundParams(name=/51, inputs=[], perturbed=False)
  (/52): BoundParams(name=/52, inputs=[], perturbed=False)
  (/53): BoundParams(name=/53, inputs=[], perturbed=False)
  (/54): BoundParams(name=/54, inputs=[], perturbed=False)
  (/55): BoundParams(name=/55, inputs=[], perturbed=False)
  (/56): BoundParams(name=/56, inputs=[], perturbed=False)
  (/57): BoundParams(name=/57, inputs=[], perturbed=False)
  (/58): BoundParams(name=/58, inputs=[], perturbed=False)
  (/59): BoundParams(name=/59, inputs=[], perturbed=False)
  (/60): BoundParams(name=/60, inputs=[], perturbed=False)
  (/61): BoundParams(name=/61, inputs=[], perturbed=False)
  (/62): BoundParams(name=/62, inputs=[], perturbed=False)
  (/63): BoundParams(name=/63, inputs=[], perturbed=False)
  (/64): BoundParams(name=/64, inputs=[], perturbed=False)
  (/65): BoundParams(name=/65, inputs=[], perturbed=False)
  (/66): BoundParams(name=/66, inputs=[], perturbed=False)
  (/67): BoundParams(name=/67, inputs=[], perturbed=False)
  (/68): BoundParams(name=/68, inputs=[], perturbed=False)
  (/69): BoundParams(name=/69, inputs=[], perturbed=False)
  (/70): BoundParams(name=/70, inputs=[], perturbed=False)
  (/71): BoundParams(name=/71, inputs=[], perturbed=False)
  (/72): BoundParams(name=/72, inputs=[], perturbed=False)
  (/73): BoundParams(name=/73, inputs=[], perturbed=False)
  (/74): BoundParams(name=/74, inputs=[], perturbed=False)
  (/75): BoundParams(name=/75, inputs=[], perturbed=False)
  (/76): BoundParams(name=/76, inputs=[], perturbed=False)
  (/77): BoundParams(name=/77, inputs=[], perturbed=False)
  (/78): BoundParams(name=/78, inputs=[], perturbed=False)
  (/79): BoundParams(name=/79, inputs=[], perturbed=False)
  (/80): BoundParams(name=/80, inputs=[], perturbed=False)
  (/81): BoundParams(name=/81, inputs=[], perturbed=False)
  (/82): BoundParams(name=/82, inputs=[], perturbed=False)
  (/83): BoundParams(name=/83, inputs=[], perturbed=False)
  (/84): BoundParams(name=/84, inputs=[], perturbed=False)
  (/85): BoundParams(name=/85, inputs=[], perturbed=False)
  (/86): BoundParams(name=/86, inputs=[], perturbed=False)
  (/87): BoundParams(name=/87, inputs=[], perturbed=False)
  (/88): BoundParams(name=/88, inputs=[], perturbed=False)
  (/input): BoundConv(name=/input, inputs=[/input-1, /45, /46], perturbed=True)
  (/input-4): BoundRelu(name=/input-4, inputs=[/input], perturbed=True)
  (/input-8): BoundConv(name=/input-8, inputs=[/input-4, /47, /48], perturbed=True)
  (/input-12): BoundRelu(name=/input-12, inputs=[/input-8], perturbed=True)
  (/93): BoundConv(name=/93, inputs=[/input-12, /49, /50], perturbed=True)
  (/94): BoundAdd(name=/94, inputs=[/93, /input-4], perturbed=True)
  (/input-16): BoundConv(name=/input-16, inputs=[/94, /51, /52], perturbed=True)
  (/input-20): BoundRelu(name=/input-20, inputs=[/input-16], perturbed=True)
  (/97): BoundConv(name=/97, inputs=[/input-20, /53, /54], perturbed=True)
  (/98): BoundAdd(name=/98, inputs=[/97, /94], perturbed=True)
  (/input-24): BoundConv(name=/input-24, inputs=[/98, /55, /56], perturbed=True)
  (/input-28): BoundRelu(name=/input-28, inputs=[/input-24], perturbed=True)
  (/101): BoundConv(name=/101, inputs=[/input-28, /57, /58], perturbed=True)
  (/102): BoundConv(name=/102, inputs=[/98, /59, /60], perturbed=True)
  (/103): BoundAdd(name=/103, inputs=[/101, /102], perturbed=True)
  (/input-32): BoundConv(name=/input-32, inputs=[/103, /61, /62], perturbed=True)
  (/input-36): BoundRelu(name=/input-36, inputs=[/input-32], perturbed=True)
  (/106): BoundConv(name=/106, inputs=[/input-36, /63, /64], perturbed=True)
  (/107): BoundAdd(name=/107, inputs=[/106, /103], perturbed=True)
  (/input-40): BoundConv(name=/input-40, inputs=[/107, /65, /66], perturbed=True)
  (/input-44): BoundRelu(name=/input-44, inputs=[/input-40], perturbed=True)
  (/110): BoundConv(name=/110, inputs=[/input-44, /67, /68], perturbed=True)
  (/111): BoundConv(name=/111, inputs=[/107, /69, /70], perturbed=True)
  (/112): BoundAdd(name=/112, inputs=[/110, /111], perturbed=True)
  (/input-48): BoundConv(name=/input-48, inputs=[/112, /71, /72], perturbed=True)
  (/input-52): BoundRelu(name=/input-52, inputs=[/input-48], perturbed=True)
  (/115): BoundConv(name=/115, inputs=[/input-52, /73, /74], perturbed=True)
  (/116): BoundAdd(name=/116, inputs=[/115, /112], perturbed=True)
  (/input-56): BoundConv(name=/input-56, inputs=[/116, /75, /76], perturbed=True)
  (/input-60): BoundRelu(name=/input-60, inputs=[/input-56], perturbed=True)
  (/119): BoundConv(name=/119, inputs=[/input-60, /77, /78], perturbed=True)
  (/120): BoundConv(name=/120, inputs=[/116, /79, /80], perturbed=True)
  (/121): BoundAdd(name=/121, inputs=[/119, /120], perturbed=True)
  (/input-64): BoundConv(name=/input-64, inputs=[/121, /81, /82], perturbed=True)
  (/input-68): BoundRelu(name=/input-68, inputs=[/input-64], perturbed=True)
  (/124): BoundConv(name=/124, inputs=[/input-68, /83, /84], perturbed=True)
  (/125): BoundAdd(name=/125, inputs=[/124, /121], perturbed=True)
  (/126): BoundFlatten(name=/126, inputs=[/125], perturbed=True)
  (/input-72): BoundLinear(name=/input-72, inputs=[/126, /85, /86], perturbed=True)
  (/128): BoundRelu(name=/128, inputs=[/input-72], perturbed=True)
  (/129): BoundLinear(name=/129, inputs=[/128, /87, /88], perturbed=True)
)
Original output: tensor([[ -8.12547398, -11.86428165,  -7.98838520,  -8.61292458,  -6.01650286,
          -9.11024380,  -6.68132973,  -7.68263483,   0.79706353, -10.76045418,
          -7.75776958,  -8.56331921,  -6.91090965,  -3.88287711,  -8.32082653,
          -5.98168802,  -8.14658546,  -9.06755924,  -8.82178116,  -5.78582430,
          -9.52781582,  -9.80680466,  -7.09048319, -13.90440273,  -9.44763851,
          -5.97133541,  -3.13908577,  -6.52487898, -11.72578716,  -4.39195824,
         -14.10621834,  -6.21251202,  -6.28893566,  -9.05136871,  -7.02454567,
          -9.94805527, -10.70871258,  -5.96630907,  -6.26321125,  -9.81394291,
          -9.79873848,  -4.51693630,  -7.81247616,  -9.54954720,  -6.87546921,
          -4.67075968,  -8.56887436,  -7.88741875,   2.16169453, -10.89617443,
          -9.58830166,  -7.97050381,  -6.74557590, -15.11933899,  -9.02182579,
          -6.93725634,  -6.88799334,  -9.18710136,  -0.74891055,  -6.17577887,
         -12.31877327, -10.22180939, -10.32627678,  -8.42239285,  -6.80719900,
          -7.73624420,  -7.23743105, -10.50163269, -10.82642174, -12.96061993,
          -7.45788717, -15.26395893,  -6.38879108, -12.71551228,  -8.34464550,
          -8.94035816, -13.82475185,  -7.13025188,  -5.02890635,  -5.94961500,
          -7.84172678,  -4.53075838,  -8.03637791, -10.07626629,  -4.58170938,
          -1.19048822,  -9.90541172, -10.10539341,  -6.98579359,   1.25381231,
          -5.01986837,  -9.77744675,  -8.84347248,  -6.32297277, -13.83127117,
         -14.37336445,  -7.96150875,  -9.57657719, -11.65995121,  -9.77748966]],
       device='cuda:0')
Split layers:
Nonlinear functions:
   BoundRelu(name=/input-4, inputs=[/input], perturbed=True)
   BoundRelu(name=/input-12, inputs=[/input-8], perturbed=True)
   BoundRelu(name=/input-20, inputs=[/input-16], perturbed=True)
   BoundRelu(name=/input-28, inputs=[/input-24], perturbed=True)
   BoundRelu(name=/input-36, inputs=[/input-32], perturbed=True)
   BoundRelu(name=/input-44, inputs=[/input-40], perturbed=True)
   BoundRelu(name=/input-52, inputs=[/input-48], perturbed=True)
   BoundRelu(name=/input-60, inputs=[/input-56], perturbed=True)
   BoundRelu(name=/input-68, inputs=[/input-64], perturbed=True)
   BoundRelu(name=/128, inputs=[/input-72], perturbed=True)
layer /input-4 using sparse-features alpha with shape [924]; unstable size 924; total size 65536 ([1, 64, 32, 32])
layer /input-4 start_node /input-8 using sparse-spec alpha [2, 54, 1, 924] with unstable size 53 total_size 64 output_shape 64
layer /input-4 start_node /input-24 using sparse-spec alpha [2, 57, 1, 924] with unstable size 56 total_size 128 output_shape 128
layer /input-4 start_node /input-40 using sparse-spec alpha [2, 69, 1, 924] with unstable size 68 total_size 128 output_shape 128
layer /input-4 start_node /input-72 using sparse-spec alpha [2, 25, 1, 924] with unstable size 24 total_size 100 output_shape torch.Size([100])
layer /input-4 start_node /129 using full alpha [2, 99, 1, 924] with unstable size None total_size 99 output_shape 99
layer /input-12 using sparse-features alpha with shape [1799]; unstable size 1799; total size 65536 ([1, 64, 32, 32])
layer /input-12 start_node /input-24 using sparse-spec alpha [2, 57, 1, 1799] with unstable size 56 total_size 128 output_shape 128
layer /input-12 start_node /input-40 using sparse-spec alpha [2, 69, 1, 1799] with unstable size 68 total_size 128 output_shape 128
layer /input-12 start_node /input-72 using sparse-spec alpha [2, 25, 1, 1799] with unstable size 24 total_size 100 output_shape torch.Size([100])
layer /input-12 start_node /129 using full alpha [2, 99, 1, 1799] with unstable size None total_size 99 output_shape 99
layer /input-20 using sparse-features alpha with shape [0]; unstable size 0; total size 65536 ([1, 64, 32, 32])
layer /input-20 start_node /input-24 using sparse-spec alpha [2, 57, 1, 0] with unstable size 56 total_size 128 output_shape 128
layer /input-20 start_node /input-40 using sparse-spec alpha [2, 69, 1, 0] with unstable size 68 total_size 128 output_shape 128
layer /input-20 start_node /input-72 using sparse-spec alpha [2, 25, 1, 0] with unstable size 24 total_size 100 output_shape torch.Size([100])
layer /input-20 start_node /129 using full alpha [2, 99, 1, 0] with unstable size None total_size 99 output_shape 99
layer /input-28 using sparse-features alpha with shape [410]; unstable size 410; total size 32768 ([1, 128, 16, 16])
layer /input-28 start_node /input-40 using sparse-spec alpha [2, 69, 1, 410] with unstable size 68 total_size 128 output_shape 128
layer /input-28 start_node /input-72 using sparse-spec alpha [2, 25, 1, 410] with unstable size 24 total_size 100 output_shape torch.Size([100])
layer /input-28 start_node /129 using full alpha [2, 99, 1, 410] with unstable size None total_size 99 output_shape 99
layer /input-36 using sparse-features alpha with shape [0]; unstable size 0; total size 32768 ([1, 128, 16, 16])
layer /input-36 start_node /input-40 using sparse-spec alpha [2, 69, 1, 0] with unstable size 68 total_size 128 output_shape 128
layer /input-36 start_node /input-72 using sparse-spec alpha [2, 25, 1, 0] with unstable size 24 total_size 100 output_shape torch.Size([100])
layer /input-36 start_node /129 using full alpha [2, 99, 1, 0] with unstable size None total_size 99 output_shape 99
layer /input-44 using sparse-features alpha with shape [318]; unstable size 318; total size 8192 ([1, 128, 8, 8])
layer /input-44 start_node /input-72 using sparse-spec alpha [2, 25, 1, 318] with unstable size 24 total_size 100 output_shape torch.Size([100])
layer /input-44 start_node /129 using full alpha [2, 99, 1, 318] with unstable size None total_size 99 output_shape 99
layer /input-52 using sparse-features alpha with shape [0]; unstable size 0; total size 8192 ([1, 128, 8, 8])
layer /input-52 start_node /input-72 using sparse-spec alpha [2, 25, 1, 0] with unstable size 24 total_size 100 output_shape torch.Size([100])
layer /input-52 start_node /129 using full alpha [2, 99, 1, 0] with unstable size None total_size 99 output_shape 99
layer /input-60 using sparse-features alpha with shape [0]; unstable size 0; total size 4096 ([1, 256, 4, 4])
layer /input-60 start_node /input-72 using sparse-spec alpha [2, 25, 1, 0] with unstable size 24 total_size 100 output_shape torch.Size([100])
layer /input-60 start_node /129 using full alpha [2, 99, 1, 0] with unstable size None total_size 99 output_shape 99
layer /input-68 using sparse-features alpha with shape [0]; unstable size 0; total size 4096 ([1, 256, 4, 4])
layer /input-68 start_node /input-72 using sparse-spec alpha [2, 25, 1, 0] with unstable size 24 total_size 100 output_shape torch.Size([100])
layer /input-68 start_node /129 using full alpha [2, 99, 1, 0] with unstable size None total_size 99 output_shape 99
layer /128 using sparse-features alpha with shape [24]; unstable size 24; total size 100 ([1, 100])
layer /128 start_node /129 using full alpha [2, 99, 1, 24] with unstable size None total_size 99 output_shape 99
Optimizable variables initialized.
initial CROWN bounds: tensor([[ 7.33803463, 10.92585182,  8.08204842,  7.55065441,  5.14091492,
          8.44030571,  5.95209169,  7.17311478, -0.60530853, 10.29875755,
          7.61790276,  8.53418350,  6.31219864,  3.41294479,  7.88776016,
          4.90183067,  8.11827660,  7.99478245,  8.21283150,  4.77809811,
          9.25843525,  9.21703053,  7.00833321, 13.17031670,  8.45379639,
          5.67172432,  2.83279324,  5.87806892, 11.59975624,  3.55949688,
         13.02156734,  5.17010021,  5.45345306,  8.05135727,  6.33827734,
          9.56263256,  9.62813950,  5.10917377,  5.61186504,  9.14755821,
          9.53136635,  4.80894566,  7.08860970,  8.57143593,  6.49586773,
          4.10350323,  8.42478657,  7.28957272,  9.39499092,  8.66592789,
          7.14739370,  5.93254089, 14.46614933,  8.70402718,  6.20500374,
          5.91738796,  8.35050488,  0.59409571,  5.19964027, 11.27923679,
         10.13995934, 10.06977844,  7.59700298,  6.10145092,  7.01139927,
          6.49623299,  9.37263870, 10.05334473, 12.15521336,  7.48334742,
         14.20546246,  5.46617413, 11.74420547,  7.26478577,  8.10209656,
         12.90064430,  6.42151356,  4.85368252,  5.62993479,  7.12932777,
          4.12530327,  7.55903244,  9.81822872,  4.56113434,  0.62494278,
          9.30928326,  9.99923706,  6.56246185, -1.05034971,  4.50513935,
          8.71753693,  8.74290657,  5.66229534, 13.39507484, 13.14769936,
          7.02669144,  8.85513210, 11.21735191,  9.26295853]], device='cuda:0') None
prune_after_crown optimization in use: original label size = 99 pruned label size = 2
best_l after optimization: -1.3951659202575684
alpha/beta optimization time: 2.2314648628234863
initial alpha-crown bounds: tensor([[        inf,         inf,         inf,         inf,         inf,
                 inf,         inf,         inf, -0.46430683,         inf,
                 inf,         inf,         inf,         inf,         inf,
                 inf,         inf,         inf,         inf,         inf,
                 inf,         inf,         inf,         inf,         inf,
                 inf,         inf,         inf,         inf,         inf,
                 inf,         inf,         inf,         inf,         inf,
                 inf,         inf,         inf,         inf,         inf,
                 inf,         inf,         inf,         inf,         inf,
                 inf,         inf,         inf,         inf,         inf,
                 inf,         inf,         inf,         inf,         inf,
                 inf,         inf,         inf,         inf,         inf,
                 inf,         inf,         inf,         inf,         inf,
                 inf,         inf,         inf,         inf,         inf,
                 inf,         inf,         inf,         inf,         inf,
                 inf,         inf,         inf,         inf,         inf,
                 inf,         inf,         inf,         inf,         inf,
                 inf,         inf,         inf, -0.93085909,         inf,
                 inf,         inf,         inf,         inf,         inf,
                 inf,         inf,         inf,         inf]], device='cuda:0')
Number of class (without rhs): 2 ; Worst class: (+ rhs) -0.9308590888977051
Total VNNLIB file length: 99, max property batch size: 100, total number of batches: 1
lA shape: [torch.Size([99, 1, 64, 32, 32]), torch.Size([99, 1, 64, 32, 32]), torch.Size([99, 1, 64, 32, 32]), torch.Size([99, 1, 128, 16, 16]), torch.Size([99, 1, 128, 16, 16]), torch.Size([99, 1, 128, 8, 8]), torch.Size([99, 1, 128, 8, 8]), torch.Size([99, 1, 256, 4, 4]), torch.Size([99, 1, 256, 4, 4]), torch.Size([99, 1, 100])]

Properties batch 0, size 99
Remaining timeout: 96.55365061759949
Verifying property 0 with 99 instances.
##### Instance 0 first 10 spec matrices: 
tensor([[[-1.,  0.,  0.,  0.,  0.,  0.,  0.,  0.,  0.,  0.,  0.,  0.,  0.,  0.,
           0.,  0.,  0.,  0.,  0.,  0.,  0.,  0.,  0.,  0.,  0.,  0.,  0.,  0.,
           0.,  0.,  0.,  0.,  0.,  0.,  0.,  0.,  0.,  0.,  0.,  0.,  0.,  0.,
           0.,  0.,  0.,  0.,  0.,  0.,  1.,  0.,  0.,  0.,  0.,  0.,  0.,  0.,
           0.,  0.,  0.,  0.,  0.,  0.,  0.,  0.,  0.,  0.,  0.,  0.,  0.,  0.,
           0.,  0.,  0.,  0.,  0.,  0.,  0.,  0.,  0.,  0.,  0.,  0.,  0.,  0.,
           0.,  0.,  0.,  0.,  0.,  0.,  0.,  0.,  0.,  0.,  0.,  0.,  0.,  0.,
           0.,  0.]],

        [[ 0., -1.,  0.,  0.,  0.,  0.,  0.,  0.,  0.,  0.,  0.,  0.,  0.,  0.,
           0.,  0.,  0.,  0.,  0.,  0.,  0.,  0.,  0.,  0.,  0.,  0.,  0.,  0.,
           0.,  0.,  0.,  0.,  0.,  0.,  0.,  0.,  0.,  0.,  0.,  0.,  0.,  0.,
           0.,  0.,  0.,  0.,  0.,  0.,  1.,  0.,  0.,  0.,  0.,  0.,  0.,  0.,
           0.,  0.,  0.,  0.,  0.,  0.,  0.,  0.,  0.,  0.,  0.,  0.,  0.,  0.,
           0.,  0.,  0.,  0.,  0.,  0.,  0.,  0.,  0.,  0.,  0.,  0.,  0.,  0.,
           0.,  0.,  0.,  0.,  0.,  0.,  0.,  0.,  0.,  0.,  0.,  0.,  0.,  0.,
           0.,  0.]],

        [[ 0.,  0., -1.,  0.,  0.,  0.,  0.,  0.,  0.,  0.,  0.,  0.,  0.,  0.,
           0.,  0.,  0.,  0.,  0.,  0.,  0.,  0.,  0.,  0.,  0.,  0.,  0.,  0.,
           0.,  0.,  0.,  0.,  0.,  0.,  0.,  0.,  0.,  0.,  0.,  0.,  0.,  0.,
           0.,  0.,  0.,  0.,  0.,  0.,  1.,  0.,  0.,  0.,  0.,  0.,  0.,  0.,
           0.,  0.,  0.,  0.,  0.,  0.,  0.,  0.,  0.,  0.,  0.,  0.,  0.,  0.,
           0.,  0.,  0.,  0.,  0.,  0.,  0.,  0.,  0.,  0.,  0.,  0.,  0.,  0.,
           0.,  0.,  0.,  0.,  0.,  0.,  0.,  0.,  0.,  0.,  0.,  0.,  0.,  0.,
           0.,  0.]],

        [[ 0.,  0.,  0., -1.,  0.,  0.,  0.,  0.,  0.,  0.,  0.,  0.,  0.,  0.,
           0.,  0.,  0.,  0.,  0.,  0.,  0.,  0.,  0.,  0.,  0.,  0.,  0.,  0.,
           0.,  0.,  0.,  0.,  0.,  0.,  0.,  0.,  0.,  0.,  0.,  0.,  0.,  0.,
           0.,  0.,  0.,  0.,  0.,  0.,  1.,  0.,  0.,  0.,  0.,  0.,  0.,  0.,
           0.,  0.,  0.,  0.,  0.,  0.,  0.,  0.,  0.,  0.,  0.,  0.,  0.,  0.,
           0.,  0.,  0.,  0.,  0.,  0.,  0.,  0.,  0.,  0.,  0.,  0.,  0.,  0.,
           0.,  0.,  0.,  0.,  0.,  0.,  0.,  0.,  0.,  0.,  0.,  0.,  0.,  0.,
           0.,  0.]],

        [[ 0.,  0.,  0.,  0., -1.,  0.,  0.,  0.,  0.,  0.,  0.,  0.,  0.,  0.,
           0.,  0.,  0.,  0.,  0.,  0.,  0.,  0.,  0.,  0.,  0.,  0.,  0.,  0.,
           0.,  0.,  0.,  0.,  0.,  0.,  0.,  0.,  0.,  0.,  0.,  0.,  0.,  0.,
           0.,  0.,  0.,  0.,  0.,  0.,  1.,  0.,  0.,  0.,  0.,  0.,  0.,  0.,
           0.,  0.,  0.,  0.,  0.,  0.,  0.,  0.,  0.,  0.,  0.,  0.,  0.,  0.,
           0.,  0.,  0.,  0.,  0.,  0.,  0.,  0.,  0.,  0.,  0.,  0.,  0.,  0.,
           0.,  0.,  0.,  0.,  0.,  0.,  0.,  0.,  0.,  0.,  0.,  0.,  0.,  0.,
           0.,  0.]],

        [[ 0.,  0.,  0.,  0.,  0., -1.,  0.,  0.,  0.,  0.,  0.,  0.,  0.,  0.,
           0.,  0.,  0.,  0.,  0.,  0.,  0.,  0.,  0.,  0.,  0.,  0.,  0.,  0.,
           0.,  0.,  0.,  0.,  0.,  0.,  0.,  0.,  0.,  0.,  0.,  0.,  0.,  0.,
           0.,  0.,  0.,  0.,  0.,  0.,  1.,  0.,  0.,  0.,  0.,  0.,  0.,  0.,
           0.,  0.,  0.,  0.,  0.,  0.,  0.,  0.,  0.,  0.,  0.,  0.,  0.,  0.,
           0.,  0.,  0.,  0.,  0.,  0.,  0.,  0.,  0.,  0.,  0.,  0.,  0.,  0.,
           0.,  0.,  0.,  0.,  0.,  0.,  0.,  0.,  0.,  0.,  0.,  0.,  0.,  0.,
           0.,  0.]],

        [[ 0.,  0.,  0.,  0.,  0.,  0., -1.,  0.,  0.,  0.,  0.,  0.,  0.,  0.,
           0.,  0.,  0.,  0.,  0.,  0.,  0.,  0.,  0.,  0.,  0.,  0.,  0.,  0.,
           0.,  0.,  0.,  0.,  0.,  0.,  0.,  0.,  0.,  0.,  0.,  0.,  0.,  0.,
           0.,  0.,  0.,  0.,  0.,  0.,  1.,  0.,  0.,  0.,  0.,  0.,  0.,  0.,
           0.,  0.,  0.,  0.,  0.,  0.,  0.,  0.,  0.,  0.,  0.,  0.,  0.,  0.,
           0.,  0.,  0.,  0.,  0.,  0.,  0.,  0.,  0.,  0.,  0.,  0.,  0.,  0.,
           0.,  0.,  0.,  0.,  0.,  0.,  0.,  0.,  0.,  0.,  0.,  0.,  0.,  0.,
           0.,  0.]],

        [[ 0.,  0.,  0.,  0.,  0.,  0.,  0., -1.,  0.,  0.,  0.,  0.,  0.,  0.,
           0.,  0.,  0.,  0.,  0.,  0.,  0.,  0.,  0.,  0.,  0.,  0.,  0.,  0.,
           0.,  0.,  0.,  0.,  0.,  0.,  0.,  0.,  0.,  0.,  0.,  0.,  0.,  0.,
           0.,  0.,  0.,  0.,  0.,  0.,  1.,  0.,  0.,  0.,  0.,  0.,  0.,  0.,
           0.,  0.,  0.,  0.,  0.,  0.,  0.,  0.,  0.,  0.,  0.,  0.,  0.,  0.,
           0.,  0.,  0.,  0.,  0.,  0.,  0.,  0.,  0.,  0.,  0.,  0.,  0.,  0.,
           0.,  0.,  0.,  0.,  0.,  0.,  0.,  0.,  0.,  0.,  0.,  0.,  0.,  0.,
           0.,  0.]],

        [[ 0.,  0.,  0.,  0.,  0.,  0.,  0.,  0., -1.,  0.,  0.,  0.,  0.,  0.,
           0.,  0.,  0.,  0.,  0.,  0.,  0.,  0.,  0.,  0.,  0.,  0.,  0.,  0.,
           0.,  0.,  0.,  0.,  0.,  0.,  0.,  0.,  0.,  0.,  0.,  0.,  0.,  0.,
           0.,  0.,  0.,  0.,  0.,  0.,  1.,  0.,  0.,  0.,  0.,  0.,  0.,  0.,
           0.,  0.,  0.,  0.,  0.,  0.,  0.,  0.,  0.,  0.,  0.,  0.,  0.,  0.,
           0.,  0.,  0.,  0.,  0.,  0.,  0.,  0.,  0.,  0.,  0.,  0.,  0.,  0.,
           0.,  0.,  0.,  0.,  0.,  0.,  0.,  0.,  0.,  0.,  0.,  0.,  0.,  0.,
           0.,  0.]],

        [[ 0.,  0.,  0.,  0.,  0.,  0.,  0.,  0.,  0., -1.,  0.,  0.,  0.,  0.,
           0.,  0.,  0.,  0.,  0.,  0.,  0.,  0.,  0.,  0.,  0.,  0.,  0.,  0.,
           0.,  0.,  0.,  0.,  0.,  0.,  0.,  0.,  0.,  0.,  0.,  0.,  0.,  0.,
           0.,  0.,  0.,  0.,  0.,  0.,  1.,  0.,  0.,  0.,  0.,  0.,  0.,  0.,
           0.,  0.,  0.,  0.,  0.,  0.,  0.,  0.,  0.,  0.,  0.,  0.,  0.,  0.,
           0.,  0.,  0.,  0.,  0.,  0.,  0.,  0.,  0.,  0.,  0.,  0.,  0.,  0.,
           0.,  0.,  0.,  0.,  0.,  0.,  0.,  0.,  0.,  0.,  0.,  0.,  0.,  0.,
           0.,  0.]]], dtype=torch.float64)
thresholds: tensor([0., 0., 0., 0., 0., 0., 0., 0., 0., 0.], device='cuda:0') ######
Initial alpha-CROWN verified for spec index tensor([ 0,  1,  2,  3,  4,  5,  6,  7,  9, 10, 11, 12, 13, 14, 15, 16, 17, 18,
        19, 20, 21, 22, 23, 24, 25, 26, 27, 28, 29, 30, 31, 32, 33, 34, 35, 36,
        37, 38, 39, 40, 41, 42, 43, 44, 45, 46, 47, 48, 49, 50, 51, 52, 53, 54,
        55, 56, 57, 58, 59, 60, 61, 62, 63, 64, 65, 66, 67, 68, 69, 70, 71, 72,
        73, 74, 75, 76, 77, 78, 79, 80, 81, 82, 83, 84, 85, 86, 87, 89, 90, 91,
        92, 93, 94, 95, 96, 97, 98], device='cuda:0') with bound tensor([inf, inf, inf, inf, inf, inf, inf, inf, inf, inf, inf, inf, inf, inf, inf, inf, inf, inf, inf, inf, inf, inf, inf, inf,
        inf, inf, inf, inf, inf, inf, inf, inf, inf, inf, inf, inf, inf, inf, inf, inf, inf, inf, inf, inf, inf, inf, inf, inf,
        inf, inf, inf, inf, inf, inf, inf, inf, inf, inf, inf, inf, inf, inf, inf, inf, inf, inf, inf, inf, inf, inf, inf, inf,
        inf, inf, inf, inf, inf, inf, inf, inf, inf, inf, inf, inf, inf, inf, inf, inf, inf, inf, inf, inf, inf, inf, inf, inf,
        inf], device='cuda:0').
Remaining spec index tensor([ 8, 88], device='cuda:0') with bounds tensor([[-0.46430683],
        [-0.93085909]], device='cuda:0') need to verify.
Model prediction is: tensor([ -8.12547398, -11.86428165,  -7.98838520,  -8.61292458,  -6.01650286,
         -9.11024380,  -6.68132973,  -7.68263483,   0.79706353, -10.76045418,
         -7.75776958,  -8.56331921,  -6.91090965,  -3.88287711,  -8.32082653,
         -5.98168802,  -8.14658546,  -9.06755924,  -8.82178116,  -5.78582430,
         -9.52781582,  -9.80680466,  -7.09048319, -13.90440273,  -9.44763851,
         -5.97133541,  -3.13908577,  -6.52487898, -11.72578716,  -4.39195824,
        -14.10621834,  -6.21251202,  -6.28893566,  -9.05136871,  -7.02454567,
         -9.94805527, -10.70871258,  -5.96630907,  -6.26321125,  -9.81394291,
         -9.79873848,  -4.51693630,  -7.81247616,  -9.54954720,  -6.87546921,
         -4.67075968,  -8.56887436,  -7.88741875,   2.16169453, -10.89617443,
         -9.58830166,  -7.97050381,  -6.74557590, -15.11933899,  -9.02182579,
         -6.93725634,  -6.88799334,  -9.18710136,  -0.74891055,  -6.17577887,
        -12.31877327, -10.22180939, -10.32627678,  -8.42239285,  -6.80719900,
         -7.73624420,  -7.23743105, -10.50163269, -10.82642174, -12.96061993,
         -7.45788717, -15.26395893,  -6.38879108, -12.71551228,  -8.34464550,
         -8.94035816, -13.82475185,  -7.13025188,  -5.02890635,  -5.94961500,
         -7.84172678,  -4.53075838,  -8.03637791, -10.07626629,  -4.58170938,
         -1.19048822,  -9.90541172, -10.10539341,  -6.98579359,   1.25381231,
         -5.01986837,  -9.77744675,  -8.84347248,  -6.32297277, -13.83127117,
        -14.37336445,  -7.96150875,  -9.57657719, -11.65995121,  -9.77748966],
       device='cuda:0')
build_with_refined_bounds batch [1/1]
setting alpha for layer /input-4 start_node /129 with alignment adjustment
setting alpha for layer /input-12 start_node /129 with alignment adjustment
setting alpha for layer /input-20 start_node /129 with alignment adjustment
setting alpha for layer /input-28 start_node /129 with alignment adjustment
setting alpha for layer /input-36 start_node /129 with alignment adjustment
setting alpha for layer /input-44 start_node /129 with alignment adjustment
setting alpha for layer /input-52 start_node /129 with alignment adjustment
setting alpha for layer /input-60 start_node /129 with alignment adjustment
setting alpha for layer /input-68 start_node /129 with alignment adjustment
setting alpha for layer /128 start_node /129 with alignment adjustment
all alpha initialized
directly get lb and ub from refined bounds
c shape: torch.Size([2, 1, 100])
lA shapes: [torch.Size([2, 1, 64, 32, 32]), torch.Size([2, 1, 64, 32, 32]), torch.Size([2, 1, 64, 32, 32]), torch.Size([2, 1, 128, 16, 16]), torch.Size([2, 1, 128, 16, 16]), torch.Size([2, 1, 128, 8, 8]), torch.Size([2, 1, 128, 8, 8]), torch.Size([2, 1, 256, 4, 4]), torch.Size([2, 1, 256, 4, 4]), torch.Size([2, 1, 100])]
(alpha-)CROWN with fixed intermediate bounds: tensor([[-0.46430683],
        [-0.93085909]], device='cuda:0') tensor([[inf],
        [inf]], device='cuda:0')
Intermediate layers: /input,/input-8,/input-16,/input-24,/input-32,/input-40,/input-48,/input-56,/input-64,/input-72,/129
Keeping alphas for these layers: ['/129']
Keeping alphas for these layers: ['/129']
Node /input-4 input 0: size torch.Size([64, 32, 32]) unstable 924
Node /input-12 input 0: size torch.Size([64, 32, 32]) unstable 1795
Node /input-20 input 0: size torch.Size([64, 32, 32]) unstable 0
Node /input-28 input 0: size torch.Size([128, 16, 16]) unstable 399
Node /input-36 input 0: size torch.Size([128, 16, 16]) unstable 0
Node /input-44 input 0: size torch.Size([128, 8, 8]) unstable 304
Node /input-52 input 0: size torch.Size([128, 8, 8]) unstable 0
Node /input-60 input 0: size torch.Size([256, 4, 4]) unstable 0
Node /input-68 input 0: size torch.Size([256, 4, 4]) unstable 0
Node /128 input 0: size torch.Size([100]) unstable 24
-----------------
# of unstable neurons: 3446
-----------------

BaB round 1
batch: 2
splitting decisions: 
split level 0: [/input-72, 61] [/input-72, 98] 
split level 1: [/input-72, 51] [/input-72, 62] 
split level 2: [/input-72, 36] [/input-72, 54] 
pruning_in_iteration open status: True
ratio of positive domain = 6 / 16 = 0.375
pruning-in-iteration extra time: 0.0027887821197509766
Time: prepare 0.0004    bound 0.2547    transfer 0.0061    finalize 0.0005    func 0.2618    
Accumulated time: func 0.2618    prepare 0.0009    bound 0.2547    transfer 0.0061    finalize 0.0005    
Current worst splitting domains lb-rhs (depth):
-0.84544 (3), -0.71962 (3), -0.25793 (3), -0.20617 (3), -0.18661 (3), -0.12671 (3), -0.12448 (3), -0.11013 (3), -0.08188 (3), -0.02848 (3), 
Length of domains: 10
Time: pickout 0.0008    decision 0.1371    set_bounds 0.0014    solve 0.2619    add 0.0041    
Accumulated time: pickout 0.0008    decision 0.1371    set_bounds 0.0014    solve 0.2619    add 0.0041    
Current (lb-rhs): -0.8454370498657227
10 domains visited
Cumulative time: 1.3162386417388916

BaB round 2
batch: 10
splitting decisions: 
split level 0: [/input-72, 62] [/input-72, 38] [/input-72, 38] [/input-72, 62] [/input-72, 61] [/input-72, 62] [/input-72, 38] [/input-72, 38] [/input-72, 62] [/input-72, 61] 
pruning_in_iteration open status: True
ratio of positive domain = 10 / 20 = 0.5
pruning-in-iteration extra time: 0.0029354095458984375
Time: prepare 0.0007    bound 0.1602    transfer 0.0040    finalize 0.0004    func 0.1654    
Accumulated time: func 0.4272    prepare 0.0020    bound 0.4150    transfer 0.0101    finalize 0.0009    
Current worst splitting domains lb-rhs (depth):
-0.83853 (4), -0.70443 (4), -0.24569 (4), -0.17262 (4), -0.15077 (4), -0.09642 (4), -0.08720 (4), -0.08062 (4), -0.06651 (4), -0.05356 (4), 
Length of domains: 10
Time: pickout 0.0011    decision 0.0562    set_bounds 0.0010    solve 0.1654    add 0.0039    
Accumulated time: pickout 0.0019    decision 0.1933    set_bounds 0.0023    solve 0.4273    add 0.0080    
Current (lb-rhs): -0.8385295867919922
20 domains visited
Cumulative time: 1.5440471172332764

BaB round 3
batch: 10
splitting decisions: 
split level 0: [/input-72, 61] [/input-72, 86] [/input-72, 61] [/input-72, 84] [/input-72, 84] [/input-72, 86] [/input-72, 84] [/input-72, 61] [/input-72, 86] [/input-72, 38] 
pruning_in_iteration open status: True
ratio of positive domain = 8 / 20 = 0.4
pruning-in-iteration extra time: 0.0044651031494140625
Time: prepare 0.0007    bound 0.1530    transfer 0.0035    finalize 0.0011    func 0.1583    
Accumulated time: func 0.5855    prepare 0.0031    bound 0.5680    transfer 0.0136    finalize 0.0020    
Current worst splitting domains lb-rhs (depth):
-0.82921 (5), -0.69365 (5), -0.35539 (5), -0.27162 (5), -0.19635 (5), -0.16454 (5), -0.14068 (5), -0.08868 (5), -0.06867 (5), -0.05910 (5), -0.03996 (5), -0.03088 (5), 
Length of domains: 12
Time: pickout 0.0009    decision 0.0510    set_bounds 0.0010    solve 0.1583    add 0.0040    
Accumulated time: pickout 0.0028    decision 0.2443    set_bounds 0.0033    solve 0.5857    add 0.0120    
Current (lb-rhs): -0.8292069435119629
32 domains visited
Cumulative time: 1.7595899105072021

BaB round 4
batch: 12
splitting decisions: 
split level 0: [/input-72, 86] [/input-72, 86] [/input-72, 86] [/input-72, 86] [/input-72, 86] [/input-72, 84] [/input-72, 86] [/input-72, 86] [/input-72, 61] [/input-72, 86] 
pruning_in_iteration open status: True
ratio of positive domain = 8 / 24 = 0.33333333333333337
pruning-in-iteration extra time: 0.0043942928314208984
Time: prepare 0.0009    bound 0.1581    transfer 0.0045    finalize 0.0008    func 0.1643    
Accumulated time: func 0.7498    prepare 0.0044    bound 0.7261    transfer 0.0181    finalize 0.0027    
Current worst splitting domains lb-rhs (depth):
-0.81551 (6), -0.67870 (6), -0.47809 (6), -0.38649 (6), -0.30874 (6), -0.22298 (6), -0.18830 (6), -0.16874 (6), -0.12267 (6), -0.11129 (6), -0.10725 (6), -0.05705 (6), -0.03964 (6), -0.02449 (6), -0.02223 (6), -0.00689 (6), 
Length of domains: 16
Time: pickout 0.0021    decision 0.0710    set_bounds 0.0018    solve 0.1643    add 0.0060    
Accumulated time: pickout 0.0050    decision 0.3152    set_bounds 0.0051    solve 0.7500    add 0.0180    
Current (lb-rhs): -0.8155097961425781
48 domains visited
Cumulative time: 2.005059242248535

BaB round 5
batch: 16
splitting decisions: 
split level 0: [/input-40, 6878] [/input-40, 101] [/input-72, 54] [/input-40, 6868] [/input-40, 6868] [/input-40, 101] [/input-72, 54] [/input-40, 6878] [/input-40, 101] [/input-72, 54] 
pruning_in_iteration open status: False
ratio of positive domain = 6 / 32 = 0.1875
pruning-in-iteration extra time: 0.0002543926239013672
Time: prepare 0.0013    bound 0.1419    transfer 0.0059    finalize 0.0013    func 0.1503    
Accumulated time: func 0.9001    prepare 0.0061    bound 0.8680    transfer 0.0239    finalize 0.0040    
Current worst splitting domains lb-rhs (depth):
-0.81368 (7), -0.67599 (7), -0.61750 (7), -0.48364 (7), -0.45709 (7), -0.36868 (7), -0.30059 (7), -0.28881 (7), -0.22585 (7), -0.20978 (7), -0.20114 (7), -0.19916 (7), -0.17454 (7), -0.14577 (7), -0.11150 (7), -0.09737 (7), -0.07710 (7), -0.07522 (7), -0.07296 (7), -0.05704 (7), 
Length of domains: 26
Time: pickout 0.0021    decision 0.0698    set_bounds 0.0017    solve 0.1504    add 0.0099    
Accumulated time: pickout 0.0071    decision 0.3850    set_bounds 0.0067    solve 0.9004    add 0.0279    
Current (lb-rhs): -0.8136839866638184
74 domains visited
Cumulative time: 2.2408385276794434

BaB round 6
batch: 26
splitting decisions: 
split level 0: [/input-72, 66] [/input-40, 6868] [/input-72, 7] [/input-40, 101] [/input-40, 101] [/input-72, 7] [/input-72, 66] [/input-40, 6868] [/input-72, 7] [/input-72, 7] 
pruning_in_iteration open status: True
ratio of positive domain = 11 / 52 = 0.21153846153846156
pruning-in-iteration extra time: 0.0012183189392089844
Time: prepare 0.0017    bound 0.1493    transfer 0.0290    finalize 0.0017    func 0.1817    
Accumulated time: func 1.0818    prepare 0.0082    bound 1.0173    transfer 0.0530    finalize 0.0057    
Current worst splitting domains lb-rhs (depth):
-0.80978 (8), -0.72443 (8), -0.67219 (8), -0.60940 (8), -0.57376 (8), -0.52388 (8), -0.47286 (8), -0.45059 (8), -0.39829 (8), -0.37817 (8), -0.36210 (8), -0.29808 (8), -0.29782 (8), -0.27837 (8), -0.22106 (8), -0.20590 (8), -0.19526 (8), -0.18826 (8), -0.18659 (8), -0.16844 (8), 
Length of domains: 41
Time: pickout 0.0044    decision 0.0898    set_bounds 0.0022    solve 0.1817    add 0.0153    
Accumulated time: pickout 0.0115    decision 0.4748    set_bounds 0.0089    solve 1.0821    add 0.0432    
Current (lb-rhs): -0.8097782135009766
115 domains visited
Cumulative time: 2.5372262001037598

BaB round 7
batch: 41
splitting decisions: 
split level 0: [/input-40, 6868] [/input-40, 6878] [/input-40, 6878] [/input-40, 6878] [/input-72, 23] [/input-40, 6884] [/input-40, 6878] [/input-72, 23] [/input-40, 6878] [/input-40, 101] 
pruning_in_iteration open status: False
ratio of positive domain = 12 / 82 = 0.14634146341463417
pruning-in-iteration extra time: 0.00022554397583007812
Time: prepare 0.0024    bound 0.1473    transfer 0.0406    finalize 0.0021    func 0.1924    
Accumulated time: func 1.2742    prepare 0.0111    bound 1.1646    transfer 0.0935    finalize 0.0078    
Current worst splitting domains lb-rhs (depth):
-0.80280 (9), -0.76632 (9), -0.70821 (9), -0.69165 (9), -0.66794 (9), -0.60116 (9), -0.59484 (9), -0.56831 (9), -0.56176 (9), -0.53529 (9), -0.50614 (9), -0.49142 (9), -0.46788 (9), -0.44440 (9), -0.42606 (9), -0.39015 (9), -0.37294 (9), -0.36624 (9), -0.35764 (9), -0.35660 (9), 
Length of domains: 69
Time: pickout 0.0045    decision 0.1126    set_bounds 0.0033    solve 0.1924    add 0.0324    
Accumulated time: pickout 0.0160    decision 0.5874    set_bounds 0.0122    solve 1.2745    add 0.0756    
Current (lb-rhs): -0.8027968406677246
184 domains visited
Cumulative time: 2.8866021633148193

BaB round 8
batch: 69
splitting decisions: 
split level 0: [/input-40, 101] [/input-72, 66] [/input-72, 66] [/input-72, 66] [/input-72, 27] [/input-40, 2628] [/input-72, 66] [/input-72, 27] [/input-72, 66] [/input-40, 6878] 
pruning_in_iteration open status: False
ratio of positive domain = 20 / 138 = 0.14492753623188404
pruning-in-iteration extra time: 0.00024247169494628906
Time: prepare 0.0038    bound 0.1886    transfer 0.0686    finalize 0.0027    func 0.2637    
Accumulated time: func 1.5378    prepare 0.0155    bound 1.3532    transfer 0.1621    finalize 0.0104    
Current worst splitting domains lb-rhs (depth):
-0.80088 (10), -0.76417 (10), -0.73481 (10), -0.70633 (10), -0.69842 (10), -0.68990 (10), -0.66150 (10), -0.64345 (10), -0.63090 (10), -0.62651 (10), -0.59934 (10), -0.57923 (10), -0.56588 (10), -0.56538 (10), -0.54779 (10), -0.53362 (10), -0.52057 (10), -0.50428 (10), -0.50005 (10), -0.48956 (10), 
Length of domains: 118
Time: pickout 0.0051    decision 0.1724    set_bounds 0.0042    solve 0.2637    add 0.0552    
Accumulated time: pickout 0.0211    decision 0.7598    set_bounds 0.0164    solve 1.5382    add 0.1308    
Current (lb-rhs): -0.8008828163146973
302 domains visited
Cumulative time: 3.39149808883667

BaB round 9
batch: 118
splitting decisions: 
split level 0: [/input-40, 6884] [/input-40, 1123] [/input-40, 1123] [/input-72, 9] [/input-40, 4236] [/input-40, 6884] [/input-72, 66] [/input-40, 6869] [/input-72, 66] [/input-40, 1123] 
pruning_in_iteration open status: False
ratio of positive domain = 35 / 236 = 0.14830508474576276
pruning-in-iteration extra time: 4.935264587402344e-05
Time: prepare 0.0061    bound 0.2505    transfer 0.0872    finalize 0.0034    func 0.3473    
Accumulated time: func 1.8852    prepare 0.0222    bound 1.6037    transfer 0.2493    finalize 0.0138    
Current worst splitting domains lb-rhs (depth):
-0.78697 (11), -0.74994 (11), -0.73994 (11), -0.71920 (11), -0.70871 (11), -0.69191 (11), -0.68261 (11), -0.67517 (11), -0.67191 (11), -0.65865 (11), -0.65205 (11), -0.63900 (11), -0.63782 (11), -0.62812 (11), -0.62695 (11), -0.61011 (11), -0.59638 (11), -0.58612 (11), -0.58453 (11), -0.57192 (11), 
Length of domains: 201
Time: pickout 0.0054    decision 0.2271    set_bounds 0.0052    solve 0.3474    add 0.1194    
Accumulated time: pickout 0.0266    decision 0.9869    set_bounds 0.0216    solve 1.8856    add 0.2502    
Current (lb-rhs): -0.7869672775268555
503 domains visited
Cumulative time: 4.1027750968933105

BaB round 10
batch: 201
splitting decisions: 
split level 0: [/input-72, 27] [/input-40, 6884] [/input-72, 98] [/input-24, 19849] [/input-72, 27] [/input-40, 1123] [/input-40, 6868] [/input-40, 6884] [/input-72, 27] [/input-72, 27] 
pruning_in_iteration open status: False
ratio of positive domain = 58 / 402 = 0.14427860696517414
pruning-in-iteration extra time: 4.673004150390625e-05
Time: prepare 0.0111    bound 0.4951    transfer 0.1859    finalize 0.0049    func 0.6971    
Accumulated time: func 2.5822    prepare 0.0339    bound 2.0988    transfer 0.4353    finalize 0.0187    
Current worst splitting domains lb-rhs (depth):
-0.77479 (12), -0.76086 (12), -0.73788 (12), -0.73060 (12), -0.72374 (12), -0.71603 (12), -0.70750 (12), -0.69767 (12), -0.69323 (12), -0.68290 (12), -0.68104 (12), -0.67051 (12), -0.66432 (12), -0.66224 (12), -0.65556 (12), -0.64672 (12), -0.64474 (12), -0.64288 (12), -0.64239 (12), -0.62953 (12), 
Length of domains: 341
Time: pickout 0.0091    decision 0.4217    set_bounds 0.0082    solve 0.6972    add 0.2204    
Accumulated time: pickout 0.0357    decision 1.4087    set_bounds 0.0298    solve 2.5828    add 0.4706    
Current (lb-rhs): -0.7747921943664551
844 domains visited
Cumulative time: 5.4739415645599365

BaB round 11
batch: 256
splitting decisions: 
split level 0: [/input-40, 6884] [/input-72, 27] [/input-72, 27] [/input-40, 6884] [/input-72, 27] [/input-72, 27] [/input-40, 4699] [/input-40, 6884] [/input-72, 27] [/input-40, 6235] 
pruning_in_iteration open status: False
ratio of positive domain = 93 / 512 = 0.181640625
pruning-in-iteration extra time: 5.078315734863281e-05
Time: prepare 0.0139    bound 0.6007    transfer 0.2249    finalize 0.1175    func 0.9571    
Accumulated time: func 3.5393    prepare 0.0484    bound 2.6995    transfer 0.6602    finalize 0.1362    
Current worst splitting domains lb-rhs (depth):
-0.76435 (13), -0.76086 (12), -0.72758 (13), -0.72374 (12), -0.71988 (13), -0.70472 (13), -0.69655 (13), -0.69323 (12), -0.69089 (13), -0.68719 (13), -0.67159 (13), -0.67097 (13), -0.65964 (13), -0.65556 (12), -0.65494 (13), -0.65435 (13), -0.65383 (13), -0.65104 (13), -0.64616 (13), -0.64474 (12), 
Length of domains: 498
Time: pickout 0.0113    decision 0.5268    set_bounds 0.0101    solve 0.9572    add 0.2695    
Accumulated time: pickout 0.0470    decision 1.9355    set_bounds 0.0399    solve 3.5400    add 0.7402    
Current (lb-rhs): -0.7643475532531738
1257 domains visited
current_vram/total_varm: 17.6GB/102.0GB, batch_size increase to 512
Cumulative time: 7.268199920654297

BaB round 12
batch: 498
splitting decisions: 
split level 0: [/input-72, 27] [/input-40, 1582] [/input-8, 11761] [/input-40, 6884] [/input-72, 66] [/input-72, 27] [/input-72, 27] [/input-40, 6884] [/input-72, 27] [/input-40, 6235] 
pruning_in_iteration open status: False
ratio of positive domain = 123 / 996 = 0.12349397590361444
pruning-in-iteration extra time: 0.00013780593872070312
Time: prepare 0.0275    bound 1.4480    transfer 0.4493    finalize 0.0108    func 1.9356    
Accumulated time: func 5.4749    prepare 0.0766    bound 4.1475    transfer 1.1094    finalize 0.1470    
Current worst splitting domains lb-rhs (depth):
-0.76238 (14), -0.75017 (13), -0.72552 (14), -0.71769 (14), -0.71229 (13), -0.70241 (14), -0.69738 (14), -0.69480 (14), -0.68607 (13), -0.68515 (14), -0.68246 (14), -0.68184 (13), -0.66917 (14), -0.66899 (14), -0.66097 (14), -0.65796 (14), -0.65251 (14), -0.64914 (14), -0.64743 (13), -0.64425 (13), 
Length of domains: 868
Time: pickout 0.0254    decision 1.2207    set_bounds 0.0210    solve 1.9358    add 0.5423    
Accumulated time: pickout 0.0724    decision 3.1562    set_bounds 0.0609    solve 5.4758    add 1.2824    
Current (lb-rhs): -0.7623815536499023
2125 domains visited
Cumulative time: 11.061795473098755

BaB round 13
batch: 512
splitting decisions: 
split level 0: [/input-40, 1948] [/input-40, 5364] [/input-40, 1131] [/input-40, 1131] [/input-8, 29200] [/input-40, 1131] [/input-40, 1948] [/input-40, 5364] [/input-40, 2628] [/input-40, 1131] 
pruning_in_iteration open status: False
ratio of positive domain = 78 / 1024 = 0.076171875
pruning-in-iteration extra time: 4.863739013671875e-05
Time: prepare 0.0287    bound 1.3268    transfer 0.4456    finalize 0.0108    func 1.8121    
Accumulated time: func 7.2870    prepare 0.1060    bound 5.4743    transfer 1.5550    finalize 0.1578    
Current worst splitting domains lb-rhs (depth):
-0.76238 (14), -0.74801 (14), -0.72552 (14), -0.71378 (15), -0.71032 (14), -0.70241 (14), -0.69836 (15), -0.69480 (14), -0.68853 (15), -0.68607 (13), -0.68313 (14), -0.68246 (14), -0.68127 (15), -0.68001 (14), -0.67427 (15), -0.66917 (14), -0.66899 (14), -0.66618 (15), -0.65796 (14), -0.65251 (14), 
Length of domains: 1292
Time: pickout 0.0279    decision 1.4211    set_bounds 0.1413    solve 1.8123    add 1.0521    
Accumulated time: pickout 0.1003    decision 4.5773    set_bounds 0.2022    solve 7.2881    add 2.3345    
Current (lb-rhs): -0.7623815536499023
3061 domains visited
current_vram/total_varm: 38.5GB/102.0GB, batch_size increase to 1024
Cumulative time: 15.568822622299194

BaB round 14
batch: 1024
splitting decisions: 
split level 0: [/input-40, 5364] [/input-40, 2628] [/input-40, 2628] [/input-40, 1948] [/input-40, 5364] [/input-40, 5357] [/input-8, 11760] [/input-40, 1956] [/input-40, 5364] [/input-24, 19849] 
pruning_in_iteration open status: False
ratio of positive domain = 161 / 2048 = 0.07861328125
pruning-in-iteration extra time: 0.00023508071899414062
Time: prepare 0.0561    bound 2.9330    transfer 0.9275    finalize 0.0222    func 3.9390    
Accumulated time: func 11.2260    prepare 0.1628    bound 8.4073    transfer 2.4826    finalize 0.1801    
Current worst splitting domains lb-rhs (depth):
-0.75804 (15), -0.74375 (15), -0.74368 (15), -0.72897 (15), -0.72119 (15), -0.70935 (16), -0.70681 (15), -0.70595 (15), -0.70241 (14), -0.69452 (16), -0.69298 (16), -0.69093 (15), -0.69037 (15), -0.68607 (13), -0.68345 (16), -0.68246 (14), -0.67701 (16), -0.67696 (16), -0.67629 (15), -0.67584 (15), 
Length of domains: 2138
Time: pickout 0.0501    decision 2.2485    set_bounds 0.1662    solve 3.9394    add 1.9059    
Accumulated time: pickout 0.1504    decision 6.8258    set_bounds 0.3685    solve 11.2274    add 4.2404    
Current (lb-rhs): -0.7580385208129883
4931 domains visited
Cumulative time: 23.99732208251953

BaB round 15
batch: 1024
splitting decisions: 
split level 0: [/input-40, 4699] [/input-40, 1131] [/input-40, 4236] [/input-40, 1131] [/input-40, 4699] [/input-40, 1582] [/input-40, 1131] [/input-40, 1949] [/input-40, 4699] [/input-40, 1131] 
pruning_in_iteration open status: False
ratio of positive domain = 151 / 2048 = 0.07373046875
pruning-in-iteration extra time: 0.00020194053649902344
Time: prepare 0.0581    bound 2.7801    transfer 0.9100    finalize 0.0216    func 3.7699    
Accumulated time: func 14.9959    prepare 0.2216    bound 11.1874    transfer 3.3925    finalize 0.2017    
Current worst splitting domains lb-rhs (depth):
-0.75804 (15), -0.74368 (15), -0.74294 (16), -0.72812 (16), -0.72119 (15), -0.70935 (16), -0.70604 (16), -0.70595 (15), -0.70241 (14), -0.69298 (16), -0.69037 (15), -0.69017 (16), -0.69014 (17), -0.68607 (13), -0.68345 (16), -0.68246 (14), -0.67696 (16), -0.67584 (15), -0.67551 (16), -0.67367 (15), 
Length of domains: 2993
Time: pickout 0.0465    decision 2.1761    set_bounds 0.1893    solve 3.7705    add 1.2038    
Accumulated time: pickout 0.1969    decision 9.0019    set_bounds 0.5578    solve 14.9980    add 5.4442    
Current (lb-rhs): -0.7580385208129883
6810 domains visited
Cumulative time: 31.455356121063232

BaB round 16
batch: 1024
splitting decisions: 
split level 0: [/input-40, 1131] [/input-40, 6869] [/input-40, 5357] [/input-40, 1131] [/input-40, 4700] [/input-40, 1582] [/input-40, 6869] [/input-24, 7869] [/input-40, 3228] [/input-40, 1131] 
pruning_in_iteration open status: False
ratio of positive domain = 121 / 2048 = 0.05908203125
pruning-in-iteration extra time: 0.000209808349609375
Time: prepare 0.0583    bound 2.6463    transfer 0.8723    finalize 0.0215    func 3.5990    
Accumulated time: func 18.5949    prepare 0.2806    bound 13.8337    transfer 4.2649    finalize 0.2232    
Current worst splitting domains lb-rhs (depth):
-0.75804 (15), -0.74368 (15), -0.74294 (16), -0.72812 (16), -0.72119 (15), -0.70935 (16), -0.70604 (16), -0.70595 (15), -0.70241 (14), -0.69298 (16), -0.69037 (15), -0.69017 (16), -0.69014 (17), -0.68607 (13), -0.68345 (16), -0.68246 (14), -0.67696 (16), -0.67584 (15), -0.67551 (16), -0.67367 (15), 
Length of domains: 3876
Time: pickout 0.0502    decision 2.1428    set_bounds 0.1966    solve 3.5994    add 1.0917    
Accumulated time: pickout 0.2470    decision 11.1447    set_bounds 0.7543    solve 18.5974    add 6.5359    
Current (lb-rhs): -0.7580385208129883
8717 domains visited
Cumulative time: 38.596906900405884

BaB round 17
batch: 1024
splitting decisions: 
split level 0: [/input-40, 1131] [/input-40, 1582] [/input-40, 1582] [/input-24, 19849] [/input-40, 1582] [/input-24, 7869] [/input-40, 1582] [/input-24, 7869] [/input-40, 4699] [/input-40, 1956] 
pruning_in_iteration open status: False
ratio of positive domain = 146 / 2048 = 0.0712890625
pruning-in-iteration extra time: 4.7206878662109375e-05
Time: prepare 0.0592    bound 2.5084    transfer 0.9391    finalize 0.0217    func 3.5292    
Accumulated time: func 22.1242    prepare 0.3406    bound 16.3421    transfer 5.2040    finalize 0.2449    
Current worst splitting domains lb-rhs (depth):
-0.75804 (15), -0.74368 (15), -0.74294 (16), -0.72812 (16), -0.72119 (15), -0.70935 (16), -0.70604 (16), -0.70595 (15), -0.70241 (14), -0.69298 (16), -0.69037 (15), -0.69017 (16), -0.69014 (17), -0.68607 (13), -0.68345 (16), -0.68246 (14), -0.67696 (16), -0.67584 (15), -0.67551 (16), -0.67367 (15), 
Length of domains: 4736
Time: pickout 0.0558    decision 2.7237    set_bounds 0.2102    solve 3.5296    add 2.8109    
Accumulated time: pickout 0.3028    decision 13.8684    set_bounds 0.9646    solve 22.1270    add 9.3468    
Current (lb-rhs): -0.7580385208129883
10601 domains visited
Cumulative time: 48.02563691139221

BaB round 18
batch: 1024
splitting decisions: 
split level 0: [/input-24, 7869] [/input-40, 4699] [/input-40, 1582] [/input-24, 7869] [/input-40, 1582] [/input-40, 1437] [/input-40, 3817] [/input-24, 7869] [/input-40, 1582] [/input-24, 7869] 
pruning_in_iteration open status: False
ratio of positive domain = 156 / 2048 = 0.076171875
pruning-in-iteration extra time: 5.364418029785156e-05
Time: prepare 0.0614    bound 2.6542    transfer 0.8709    finalize 0.0218    func 3.6089    
Accumulated time: func 25.7331    prepare 0.4027    bound 18.9963    transfer 6.0749    finalize 0.2667    
Current worst splitting domains lb-rhs (depth):
-0.75804 (15), -0.74368 (15), -0.74294 (16), -0.72812 (16), -0.72119 (15), -0.70935 (16), -0.70604 (16), -0.70595 (15), -0.70241 (14), -0.69298 (16), -0.69037 (15), -0.69017 (16), -0.69014 (17), -0.68607 (13), -0.68345 (16), -0.68246 (14), -0.67696 (16), -0.67584 (15), -0.67551 (16), -0.67367 (15), 
Length of domains: 5579
Time: pickout 0.0486    decision 2.1440    set_bounds 0.0384    solve 3.6093    add 1.0655    
Accumulated time: pickout 0.3515    decision 16.0123    set_bounds 1.0030    solve 25.7363    add 10.4123    
Current (lb-rhs): -0.7580385208129883
12468 domains visited
Cumulative time: 54.9940447807312

BaB round 19
batch: 1024
splitting decisions: 
split level 0: [/input-40, 3817] [/input-40, 6869] [/input-40, 3817] [/input-40, 3817] [/input-40, 1949] [/input-40, 3817] [/input-40, 4700] [/input-40, 3817] [/input-24, 7796] [/input-40, 3817] 
pruning_in_iteration open status: False
ratio of positive domain = 156 / 2048 = 0.076171875
pruning-in-iteration extra time: 0.0002830028533935547
Time: prepare 0.0616    bound 2.5117    transfer 0.8986    finalize 0.0229    func 3.4948    
Accumulated time: func 29.2278    prepare 0.4649    bound 21.5079    transfer 6.9735    finalize 0.2896    
Current worst splitting domains lb-rhs (depth):
-0.75804 (15), -0.74368 (15), -0.74294 (16), -0.72812 (16), -0.72119 (15), -0.70935 (16), -0.70604 (16), -0.70595 (15), -0.70241 (14), -0.69298 (16), -0.69037 (15), -0.69017 (16), -0.69014 (17), -0.68607 (13), -0.68345 (16), -0.68246 (14), -0.67696 (16), -0.67584 (15), -0.67551 (16), -0.67367 (15), 
Length of domains: 6438
Time: pickout 0.0539    decision 2.7915    set_bounds 0.2236    solve 3.4955    add 1.1202    
Accumulated time: pickout 0.4054    decision 18.8038    set_bounds 1.2266    solve 29.2318    add 11.5325    
Current (lb-rhs): -0.7580385208129883
14351 domains visited
Cumulative time: 62.76061797142029

BaB round 20
batch: 1024
splitting decisions: 
split level 0: [/input-40, 5365] [/input-24, 7796] [/input-40, 5365] [/input-40, 5365] [/input-40, 5365] [/input-40, 5365] [/input-40, 5365] [/input-40, 5365] [/input-24, 7869] [/input-40, 3955] 
pruning_in_iteration open status: False
ratio of positive domain = 137 / 2048 = 0.06689453125
pruning-in-iteration extra time: 0.0002014636993408203
Time: prepare 0.0622    bound 3.0182    transfer 0.8954    finalize 0.0227    func 3.9985    
Accumulated time: func 33.2264    prepare 0.5279    bound 24.5261    transfer 7.8689    finalize 0.3123    
Current worst splitting domains lb-rhs (depth):
-0.75804 (15), -0.74368 (15), -0.74294 (16), -0.72812 (16), -0.72119 (15), -0.70935 (16), -0.70604 (16), -0.70595 (15), -0.70241 (14), -0.69298 (16), -0.69037 (15), -0.69017 (16), -0.69014 (17), -0.68607 (13), -0.68345 (16), -0.68246 (14), -0.67696 (16), -0.67584 (15), -0.67551 (16), -0.67367 (15), 
Length of domains: 7312
Time: pickout 0.0537    decision 2.8072    set_bounds 0.2413    solve 3.9989    add 1.2288    
Accumulated time: pickout 0.4590    decision 21.6110    set_bounds 1.4679    solve 33.2307    add 12.7614    
Current (lb-rhs): -0.7580385208129883
16249 domains visited
Cumulative time: 71.18151307106018

BaB round 21
batch: 1024
splitting decisions: 
split level 0: [/input-40, 5365] [/input-24, 7796] [/input-40, 5365] [/input-40, 1954] [/input-40, 6884] [/input-40, 5365] [/input-40, 4700] [/input-40, 5365] [/input-40, 5365] [/input-40, 1956] 
pruning_in_iteration open status: False
ratio of positive domain = 146 / 2048 = 0.0712890625
pruning-in-iteration extra time: 0.00013637542724609375
Time: prepare 0.0640    bound 2.9005    transfer 0.8592    finalize 0.0226    func 3.8464    
Accumulated time: func 37.0728    prepare 0.5925    bound 27.4266    transfer 8.7281    finalize 0.3349    
Current worst splitting domains lb-rhs (depth):
-0.75804 (15), -0.74368 (15), -0.74294 (16), -0.72812 (16), -0.72119 (15), -0.70935 (16), -0.70604 (16), -0.70595 (15), -0.70241 (14), -0.69298 (16), -0.69037 (15), -0.69017 (16), -0.69014 (17), -0.68607 (13), -0.68345 (16), -0.68246 (14), -0.67696 (16), -0.67584 (15), -0.67551 (16), -0.67367 (15), 
Length of domains: 8183
Time: pickout 0.0486    decision 2.2143    set_bounds 0.0405    solve 3.8472    add 1.1053    
Accumulated time: pickout 0.5077    decision 23.8253    set_bounds 1.5085    solve 37.0779    add 13.8667    
Current (lb-rhs): -0.7580385208129883
18144 domains visited
Cumulative time: 78.50220012664795

BaB round 22
batch: 1024
splitting decisions: 
split level 0: [/input-24, 7796] [/input-24, 19752] [/input-24, 7796] [/input-40, 1954] [/input-40, 1956] [/input-24, 7796] [/input-40, 1582] [/input-24, 7796] [/input-40, 3817] [/input-24, 7796] 
pruning_in_iteration open status: False
ratio of positive domain = 165 / 2048 = 0.08056640625
pruning-in-iteration extra time: 0.00019478797912597656
Time: prepare 0.0642    bound 2.6598    transfer 0.8650    finalize 0.0232    func 3.6123    
Accumulated time: func 40.6851    prepare 0.6574    bound 30.0864    transfer 9.5932    finalize 0.3581    
Current worst splitting domains lb-rhs (depth):
-0.75804 (15), -0.74368 (15), -0.74294 (16), -0.72812 (16), -0.72119 (15), -0.70935 (16), -0.70604 (16), -0.70595 (15), -0.70241 (14), -0.69298 (16), -0.69037 (15), -0.69017 (16), -0.69014 (17), -0.68607 (13), -0.68345 (16), -0.68246 (14), -0.67696 (16), -0.67584 (15), -0.67551 (16), -0.67367 (15), 
Length of domains: 9036
Time: pickout 0.0509    decision 2.1491    set_bounds 0.0396    solve 3.6128    add 5.4399    
Accumulated time: pickout 0.5586    decision 25.9744    set_bounds 1.5480    solve 40.6907    add 19.3066    
Current (lb-rhs): -0.7580385208129883
20021 domains visited
Cumulative time: 89.87361407279968

BaB round 23
batch: 1024
splitting decisions: 
split level 0: [/input-40, 6879] [/input-40, 2628] [/input-40, 6879] [/input-40, 2628] [/input-72, 32] [/input-40, 6234] [/input-40, 2628] [/input-40, 2628] [/input-40, 2628] [/input-40, 5365] 
pruning_in_iteration open status: False
ratio of positive domain = 173 / 2048 = 0.08447265625
pruning-in-iteration extra time: 0.00039315223693847656
Time: prepare 0.0648    bound 2.9941    transfer 0.8809    finalize 0.0295    func 3.9694    
Accumulated time: func 44.6545    prepare 0.7229    bound 33.0805    transfer 10.4740    finalize 0.3876    
Current worst splitting domains lb-rhs (depth):
-0.75804 (15), -0.74368 (15), -0.74294 (16), -0.72812 (16), -0.72119 (15), -0.70935 (16), -0.70604 (16), -0.70595 (15), -0.70241 (14), -0.69298 (16), -0.69037 (15), -0.69017 (16), -0.69014 (17), -0.68607 (13), -0.68345 (16), -0.68246 (14), -0.67696 (16), -0.67584 (15), -0.67551 (16), -0.67367 (15), 
Length of domains: 9879
Time: pickout 0.0509    decision 2.6463    set_bounds 0.2915    solve 3.9699    add 1.1436    
Accumulated time: pickout 0.6095    decision 28.6207    set_bounds 1.8396    solve 44.6605    add 20.4502    
Current (lb-rhs): -0.7580385208129883
21888 domains visited
Time out!!!!!!!!
Result: timeout
Time: 101.81647205352783

------------------------- COMMAND ------------------------------
/data1/Kane/miniconda3/envs/GenBaB/bin/python /data1/Kane/GenBaB/alpha-beta-CROWN/complete_verifier/abcrown.py --config /data1/Kane/GenBaB/alpha-beta-CROWN/complete_verifier/exp_configs/vnncomp24/cifar100.yaml --precompile_jit --onnx_path /data1/Kane/data/vnncomp2025_benchmarks/benchmarks/cifar100_2024/onnx/CIFAR100_resnet_large.onnx --vnnlib_path /data1/Kane/data/vnncomp2025_benchmarks/benchmarks/cifar100_2024/vnnlib/CIFAR100_resnet_large_prop_idx_6583_sidx_8860_eps_0.0039.vnnlib --results_file /data1/Kane/ACT/audit_results/abcrown_nopgd_20260525/cifar100_2024/0182__CIFAR100_resnet_large__CIFAR100_resnet_large_prop_idx_6583_sidx_8860_eps_0.0039.result --timeout 100.0 --save_adv_example --pgd_order=skip
----------------------------------------------------------------

