[0;93m2026-05-26 18:28:40.085281896 [W:onnxruntime:Default, device_discovery.cc:325 DiscoverDevicesForPlatform] GPU device discovery failed: device_discovery.cc:92 ReadFileContents Failed to open file: "/sys/class/drm/card0/device/vendor"[m
Configurations:

general:
  device: cuda
  seed: 100
  conv_mode: patches
  deterministic: false
  double_fp: false
  loss_reduction_func: sum
  sparse_alpha: true
  sparse_interm: true
  save_adv_example: true
  verify_onnxruntime_output: false
  eval_adv_example: false
  show_adv_example: false
  precompile_jit: true
  prepare_only: false
  complete_verifier: bab
  enable_incomplete_verification: true
  csv_name: instances.csv
  results_file: /data1/Kane/ACT/audit_results/abcrown_nopgd_20260525/cifar100_2024/0194__CIFAR100_resnet_large__CIFAR100_resnet_large_prop_idx_2624_sidx_917_eps_0.0039.result
  root_path: ../../vnncomp2024_benchmarks/benchmarks/cifar100
  deterministic_opt: false
  graph_optimizer: 'Customized("custom_graph_optimizer", "default_optimizer")'
  buffer_has_batchdim: false
  save_output: false
  output_file: out.pkl
  return_optimized_model: false
model:
  name: null
  path: null
  onnx_path: /data1/Kane/data/vnncomp2025_benchmarks/benchmarks/cifar100_2024/onnx/CIFAR100_resnet_large.onnx
  onnx_path_prefix: ''
  cache_onnx_conversion: false
  debug_onnx: false
  onnx_quirks: null
  input_shape: null
  onnx_loader: default_onnx_and_vnnlib_loader
  onnx_optimization_flags: [merge_bn]
  onnx_vnnlib_joint_optimization_flags: none
  check_optimized: false
  flatten_final_output: false
  optimize_graph: null
  with_jacobian: false
data:
  start: 0
  end: 10000
  select_instance: null
  num_outputs: 10
  mean: 0.0
  std: 1.0
  pkl_path: null
  dataset: null
  data_filter_path: null
  data_idx_file: null
specification:
  type: lp
  robustness_type: verified-acc
  norm: .inf
  epsilon: null
  epsilon_min: 0.0
  vnnlib_path: /data1/Kane/data/vnncomp2025_benchmarks/benchmarks/cifar100_2024/vnnlib/CIFAR100_resnet_large_prop_idx_2624_sidx_917_eps_0.0039.vnnlib
  vnnlib_path_prefix: ''
  rhs_offset: null
solver:
  batch_size: 256
  auto_enlarge_batch_size: true
  min_batch_size_ratio: 0.1
  use_float64_in_last_iteration: false
  early_stop_patience: 10
  start_save_best: 0.5
  bound_prop_method: alpha-crown
  init_bound_prop_method: same
  prune_after_crown: true
  optimize_disjuncts_separately: false
  crown:
    batch_size: 1000000000
    max_crown_size: 1000000000
    activation_bound_option: adaptive
    compare_crown_with_ibp: false
  alpha-crown:
    alpha: true
    lr_alpha: 0.25
    iteration: 20
    share_alphas: false
    lr_decay: 0.98
    full_conv_alpha: false
    max_coeff_mul: .inf
    matmul_share_alphas: false
    disable_optimization: []
    max_time: 1.0
  invprop:
    apply_output_constraints_to: []
    tighten_input_bounds: false
    best_of_oc_and_no_oc: false
    directly_optimize: []
    oc_lr: 0.1
    share_gammas: false
  beta-crown:
    lr_alpha: 0.1
    lr_beta: 0.2
    lr_decay: 0.98
    optimizer: adam
    iteration: 10
    beta: true
    beta_warmup: true
    enable_opt_interm_bounds: false
    all_node_split_LP: false
  forward:
    refine: false
    max_dim: 10000
    reset_threshold: 1.0
  multi_class:
    label_batch_size: 32
    skip_with_refined_bound: true
  mip:
    unstable_neuron_threshold: 0
    parallel_solvers: null
    solver_threads: 1
    refine_neuron_timeout: 15
    refine_neuron_time_percentage: 0.8
    early_stop: true
    adv_warmup: true
    mip_solver: gurobi
    skip_unsafe: false
    topk_filter: 1.0
    sliding_window: -1
    extra_constraint: false
    refine_neuron_timeout_increasement: 0
    timeout_neuron_percentage: 0.3
    remaining_timeout_threshold: 1
    remove_unstable_neurons: false
    lp_solver: false
bab:
  initial_max_domains: 100
  backing_up_max_domain: null
  max_domains: .inf
  decision_thresh: 0
  timeout: 100.0
  timeout_scale: 1
  max_iterations: -1
  override_timeout: null
  get_upper_bound: false
  pruning_in_iteration: true
  pruning_in_iteration_ratio: 0.2
  sort_targets: false
  batched_domain_list: true
  optimized_interm: ''
  interm_transfer: false
  recompute_interm: false
  sort_domain_interval: -1
  vanilla_crown: false
  tree_traversal: depth_first
  cut:
    enabled: false
    cuts_path: /tmp/abcrown_cuts
    implication: false
    bab_cut: false
    lp_cut: false
    method: null
    lr: 0.01
    lr_decay: 1.0
    iteration: 100
    bab_iteration: -1
    early_stop_patience: -1
    lr_beta: 0.02
    number_cuts: 50
    topk_cuts_in_filter: 1000
    batch_size_primal: 100
    max_num: 1000000000
    patches_cut: false
    cplex_cuts: false
    cplex_cuts_wait: 0
    cplex_cuts_revpickup: true
    cut_reference_bounds: true
    fix_intermediate_bounds: false
    biccos:
      enabled: false
      constraint_strengthening: true
      recursively_strengthening: false
      drop_ratio: 0.5
      verified_bonus: 0.3
      max_infer_iter: 20
      heuristic: neuron_influence_score
      save_biccos_cuts: false
      multi_tree_branching:
        enabled: false
        restore_best_tree: false
        keep_n_best_domains: 1
        k_splits: 1
        iterations: 1
  branching:
    method: kfsb
    candidates: 7
    reduceop: max
    enable_intermediate_bound_opt: false
    branching_input_and_activation: false
    branching_input_and_activation_order: [input, relu]
    branching_input_iterations: 30
    branching_relu_iterations: 50
    nonlinear_split:
      method: bbps
      disable: false
      branching_point_method: uniform
      num_branches: 2
      filter: false
      filter_beta: false
      filter_clamp: false
      filter_batch_size: 10000
      filter_iterations: 25
      relu_only: false
      loose_tanh_threshold: null
      branching_point:
        db_path: branching_points.pt
        num_iterations: 1000
        batch_size: 1000000
        range_l: -5.0
        range_u: 5.0
        log_interval: 100
        step_size_1d: 0.01
        step_size: 0.2
    input_split:
      enable_clip_domains: false
      split_hint: null
      reorder_bab: false
      enable: false
      enhanced_bound_prop_method: alpha-crown
      enhanced_branching_method: naive
      enhanced_bound_patience: 100000000.0
      attack_patience: 100000000.0
      adv_check: 0
      split_partitions: 2
      sb_margin_weight: 1.0
      sb_sum: false
      sb_primary_spec: null
      bf_backup_thresh: -1
      bf_rhs_offset: 0
      bf_iters: 1000000000.0
      bf_batch_size: 100000
      bf_zero_crossing_score: false
      touch_zero_score: 0
      ibp_enhancement: false
      compare_with_old_bounds: false
      update_rhs_with_attack: false
      sb_coeff_thresh: 0.001
      sort_index: null
      sort_descending: true
      show_progress: false
      presplit_domains: null
      skip_getting_worst_domain: false
  attack:
    enabled: false
    beam_candidates: 8
    beam_depth: 7
    max_dive_fix_ratio: 0.8
    min_local_free_ratio: 0.2
    mip_start_iteration: 5
    mip_timeout: 30.0
    adv_pool_threshold: null
    refined_mip_attacker: false
    refined_batch_size: null
attack:
  pgd_order: skip
  pgd_steps: 100
  pgd_restarts: 10
  pgd_batch_size: 100000000
  pgd_early_stop: true
  pgd_lr_decay: 0.99
  pgd_alpha: auto
  pgd_alpha_scale: false
  pgd_loss_mode: null
  pgd_restart_when_stuck: false
  enable_mip_attack: false
  adv_saver: default_adv_saver
  adv_verifier: default_adv_verifier
  early_stop_condition: default_early_stop_condition
  adv_example_finalizer: default_adv_example_finalizer
  pgd_loss: default_pgd_loss
  cex_path: ./test_cex.txt
  attack_mode: PGD
  attack_tolerance: 0.0
  attack_func: attack_with_general_specs
  gama_lambda: 10.0
  gama_decay: 0.9
  check_clean: false
  input_split:
    pgd_steps: 100
    pgd_restarts: 30
    pgd_alpha: auto
  input_split_enhanced:
    pgd_steps: 200
    pgd_restarts: 500000
    pgd_alpha: auto
  input_split_check_adv:
    enabled: auto
    pgd_steps: 5
    pgd_restarts: 5
    pgd_alpha: auto
    max_num_domains: 10
debug:
  view_model: false
  lp_test: null
  rescale_vnnlib_ptb: null
  test_optimized_bounds: false
  test_optimized_bounds_after_n_iterations: 0
  print_verbose_decisions: false
  sanity_check: null
  save_minimal_config: null
  save_minimal_config_omit_keys: []

Experiments at Tue May 26 18:28:41 2026 on dell-pro-max-tower-t2
Pre-compile jit kernels on a toy network...
JIT kernels compiled in 0.9677s./data1/Kane/miniconda3/envs/GenBaB/lib/python3.11/site-packages/onnx2pytorch/convert/model.py:151: UserWarning: Using experimental implementation that allows 'batch_size > 1'.Batchnorm layers could potentially produce false outputs.
  warnings.warn(
/data1/Kane/miniconda3/envs/GenBaB/lib/python3.11/site-packages/onnx2pytorch/utils.py:21: TracerWarning: Converting a tensor to a Python boolean might cause the trace to be incorrect. We can't record the data flow of Python values, so this value will be treated as a constant in the future. This means that the trace might not generalize to other inputs!
  return value.ndim == 0 or value.shape == torch.Size([1])
/data1/Kane/miniconda3/envs/GenBaB/lib/python3.11/site-packages/onnx2pytorch/operations/add.py:34: TracerWarning: Converting a tensor to a Python boolean might cause the trace to be incorrect. We can't record the data flow of Python values, so this value will be treated as a constant in the future. This means that the trace might not generalize to other inputs!
  elif all(x == 1 for x in input[0].shape):

Internal results will be saved to /data1/Kane/ACT/audit_results/abcrown_nopgd_20260525/cifar100_2024/0194__CIFAR100_resnet_large__CIFAR100_resnet_large_prop_idx_2624_sidx_917_eps_0.0039.result.

 %%%%%%%%%%%%%%%%%%%%%%%%%%%%%%%%%%% idx: 0, vnnlib ID: 0 %%%%%%%%%%%%%%%%%%%%%%%%%%%%%%%%%%%
Using onnx /data1/Kane/data/vnncomp2025_benchmarks/benchmarks/cifar100_2024/onnx/CIFAR100_resnet_large.onnx
Using vnnlib /data1/Kane/data/vnncomp2025_benchmarks/benchmarks/cifar100_2024/vnnlib/CIFAR100_resnet_large_prop_idx_2624_sidx_917_eps_0.0039.vnnlib
3072 inputs and 100 outputs in vnnlib
Loading onnx /data1/Kane/data/vnncomp2025_benchmarks/benchmarks/cifar100_2024/onnx/CIFAR100_resnet_large.onnx with quirks {}
Onnx optimization with flags: ['merge_bn']
Found existed optimized onnx model at /data1/Kane/data/vnncomp2025_benchmarks/benchmarks/cifar100_2024/onnx/CIFAR100_resnet_large.onnx.optimized
Finished onnx model loading in 0.1126 seconds
Model: BoundedModule(
  (/input-1): BoundInput(name=/input-1, inputs=[], perturbed=True)
  (/45): BoundParams(name=/45, inputs=[], perturbed=False)
  (/46): BoundParams(name=/46, inputs=[], perturbed=False)
  (/47): BoundParams(name=/47, inputs=[], perturbed=False)
  (/48): BoundParams(name=/48, inputs=[], perturbed=False)
  (/49): BoundParams(name=/49, inputs=[], perturbed=False)
  (/50): BoundParams(name=/50, inputs=[], perturbed=False)
  (/51): BoundParams(name=/51, inputs=[], perturbed=False)
  (/52): BoundParams(name=/52, inputs=[], perturbed=False)
  (/53): BoundParams(name=/53, inputs=[], perturbed=False)
  (/54): BoundParams(name=/54, inputs=[], perturbed=False)
  (/55): BoundParams(name=/55, inputs=[], perturbed=False)
  (/56): BoundParams(name=/56, inputs=[], perturbed=False)
  (/57): BoundParams(name=/57, inputs=[], perturbed=False)
  (/58): BoundParams(name=/58, inputs=[], perturbed=False)
  (/59): BoundParams(name=/59, inputs=[], perturbed=False)
  (/60): BoundParams(name=/60, inputs=[], perturbed=False)
  (/61): BoundParams(name=/61, inputs=[], perturbed=False)
  (/62): BoundParams(name=/62, inputs=[], perturbed=False)
  (/63): BoundParams(name=/63, inputs=[], perturbed=False)
  (/64): BoundParams(name=/64, inputs=[], perturbed=False)
  (/65): BoundParams(name=/65, inputs=[], perturbed=False)
  (/66): BoundParams(name=/66, inputs=[], perturbed=False)
  (/67): BoundParams(name=/67, inputs=[], perturbed=False)
  (/68): BoundParams(name=/68, inputs=[], perturbed=False)
  (/69): BoundParams(name=/69, inputs=[], perturbed=False)
  (/70): BoundParams(name=/70, inputs=[], perturbed=False)
  (/71): BoundParams(name=/71, inputs=[], perturbed=False)
  (/72): BoundParams(name=/72, inputs=[], perturbed=False)
  (/73): BoundParams(name=/73, inputs=[], perturbed=False)
  (/74): BoundParams(name=/74, inputs=[], perturbed=False)
  (/75): BoundParams(name=/75, inputs=[], perturbed=False)
  (/76): BoundParams(name=/76, inputs=[], perturbed=False)
  (/77): BoundParams(name=/77, inputs=[], perturbed=False)
  (/78): BoundParams(name=/78, inputs=[], perturbed=False)
  (/79): BoundParams(name=/79, inputs=[], perturbed=False)
  (/80): BoundParams(name=/80, inputs=[], perturbed=False)
  (/81): BoundParams(name=/81, inputs=[], perturbed=False)
  (/82): BoundParams(name=/82, inputs=[], perturbed=False)
  (/83): BoundParams(name=/83, inputs=[], perturbed=False)
  (/84): BoundParams(name=/84, inputs=[], perturbed=False)
  (/85): BoundParams(name=/85, inputs=[], perturbed=False)
  (/86): BoundParams(name=/86, inputs=[], perturbed=False)
  (/87): BoundParams(name=/87, inputs=[], perturbed=False)
  (/88): BoundParams(name=/88, inputs=[], perturbed=False)
  (/input): BoundConv(name=/input, inputs=[/input-1, /45, /46], perturbed=True)
  (/input-4): BoundRelu(name=/input-4, inputs=[/input], perturbed=True)
  (/input-8): BoundConv(name=/input-8, inputs=[/input-4, /47, /48], perturbed=True)
  (/input-12): BoundRelu(name=/input-12, inputs=[/input-8], perturbed=True)
  (/93): BoundConv(name=/93, inputs=[/input-12, /49, /50], perturbed=True)
  (/94): BoundAdd(name=/94, inputs=[/93, /input-4], perturbed=True)
  (/input-16): BoundConv(name=/input-16, inputs=[/94, /51, /52], perturbed=True)
  (/input-20): BoundRelu(name=/input-20, inputs=[/input-16], perturbed=True)
  (/97): BoundConv(name=/97, inputs=[/input-20, /53, /54], perturbed=True)
  (/98): BoundAdd(name=/98, inputs=[/97, /94], perturbed=True)
  (/input-24): BoundConv(name=/input-24, inputs=[/98, /55, /56], perturbed=True)
  (/input-28): BoundRelu(name=/input-28, inputs=[/input-24], perturbed=True)
  (/101): BoundConv(name=/101, inputs=[/input-28, /57, /58], perturbed=True)
  (/102): BoundConv(name=/102, inputs=[/98, /59, /60], perturbed=True)
  (/103): BoundAdd(name=/103, inputs=[/101, /102], perturbed=True)
  (/input-32): BoundConv(name=/input-32, inputs=[/103, /61, /62], perturbed=True)
  (/input-36): BoundRelu(name=/input-36, inputs=[/input-32], perturbed=True)
  (/106): BoundConv(name=/106, inputs=[/input-36, /63, /64], perturbed=True)
  (/107): BoundAdd(name=/107, inputs=[/106, /103], perturbed=True)
  (/input-40): BoundConv(name=/input-40, inputs=[/107, /65, /66], perturbed=True)
  (/input-44): BoundRelu(name=/input-44, inputs=[/input-40], perturbed=True)
  (/110): BoundConv(name=/110, inputs=[/input-44, /67, /68], perturbed=True)
  (/111): BoundConv(name=/111, inputs=[/107, /69, /70], perturbed=True)
  (/112): BoundAdd(name=/112, inputs=[/110, /111], perturbed=True)
  (/input-48): BoundConv(name=/input-48, inputs=[/112, /71, /72], perturbed=True)
  (/input-52): BoundRelu(name=/input-52, inputs=[/input-48], perturbed=True)
  (/115): BoundConv(name=/115, inputs=[/input-52, /73, /74], perturbed=True)
  (/116): BoundAdd(name=/116, inputs=[/115, /112], perturbed=True)
  (/input-56): BoundConv(name=/input-56, inputs=[/116, /75, /76], perturbed=True)
  (/input-60): BoundRelu(name=/input-60, inputs=[/input-56], perturbed=True)
  (/119): BoundConv(name=/119, inputs=[/input-60, /77, /78], perturbed=True)
  (/120): BoundConv(name=/120, inputs=[/116, /79, /80], perturbed=True)
  (/121): BoundAdd(name=/121, inputs=[/119, /120], perturbed=True)
  (/input-64): BoundConv(name=/input-64, inputs=[/121, /81, /82], perturbed=True)
  (/input-68): BoundRelu(name=/input-68, inputs=[/input-64], perturbed=True)
  (/124): BoundConv(name=/124, inputs=[/input-68, /83, /84], perturbed=True)
  (/125): BoundAdd(name=/125, inputs=[/124, /121], perturbed=True)
  (/126): BoundFlatten(name=/126, inputs=[/125], perturbed=True)
  (/input-72): BoundLinear(name=/input-72, inputs=[/126, /85, /86], perturbed=True)
  (/128): BoundRelu(name=/128, inputs=[/input-72], perturbed=True)
  (/129): BoundLinear(name=/129, inputs=[/128, /87, /88], perturbed=True)
)
Original output: tensor([[ -6.36860323,  -4.06358767,  -6.82573271, -10.46507263, -12.07007408,
         -13.50343418,  -5.40816927,  -2.99340653,  -8.23112011,  -5.71455956,
          -7.29386806,  -8.28777981,  -7.31117821,  -9.73253155,  -4.66866732,
         -11.15112400,  -5.61238241, -12.92198086,  -1.04335618,  -9.98804188,
         -12.88174438, -10.53517818,  -9.10662842, -12.36011028,  -8.47319412,
         -10.60492420,  -9.17584515,  -9.20450878,  -8.42479706,  -7.56905842,
         -11.29191875, -13.34878922,  -7.13675785,  -5.98869991,  -8.79991817,
          -8.30488491,  -9.07343102,  -9.74639988,  -9.68918705, -12.75789356,
          -8.59333134,  -9.36326599, -12.39831924, -13.41265774,  -4.82054281,
          -7.90268660,  -8.69274712,  -9.25940037, -12.04410172, -14.51956844,
          -8.05914307,  -2.59255505, -13.04577255, -12.42077160,  -5.96982956,
          -8.70752144,  -8.21882248,  -3.89883518, -14.70790386,  -7.84854794,
         -12.78891182,  -9.56217098,  -3.48712182,  -8.48734760,  -7.99785423,
          -6.62406349,  -8.10643196,  -8.96741486,  -9.89602661,  -7.43842649,
          -5.94374132, -11.93124294, -10.69635963,  -8.16119576,  -8.55501080,
          -7.58581257,  -9.41280460,  -2.95248604,  -8.09884644,  -4.01822853,
          -6.89900446, -11.07789516,  -6.91687679,  -1.77649200,  -7.46792269,
         -12.37238121, -10.70437431, -11.33277225, -10.89768791, -10.21768379,
          -8.37800503,  -8.87233734,  -4.34453154,  -7.91575623, -13.49412632,
         -13.52716446,  -7.14832306,  -9.33661556,  -8.72409821,  -6.20841455]],
       device='cuda:0')
Split layers:
Nonlinear functions:
   BoundRelu(name=/input-4, inputs=[/input], perturbed=True)
   BoundRelu(name=/input-12, inputs=[/input-8], perturbed=True)
   BoundRelu(name=/input-20, inputs=[/input-16], perturbed=True)
   BoundRelu(name=/input-28, inputs=[/input-24], perturbed=True)
   BoundRelu(name=/input-36, inputs=[/input-32], perturbed=True)
   BoundRelu(name=/input-44, inputs=[/input-40], perturbed=True)
   BoundRelu(name=/input-52, inputs=[/input-48], perturbed=True)
   BoundRelu(name=/input-60, inputs=[/input-56], perturbed=True)
   BoundRelu(name=/input-68, inputs=[/input-64], perturbed=True)
   BoundRelu(name=/128, inputs=[/input-72], perturbed=True)
layer /input-4 using sparse-features alpha with shape [946]; unstable size 946; total size 65536 ([1, 64, 32, 32])
layer /input-4 start_node /input-8 using sparse-spec alpha [2, 51, 1, 946] with unstable size 50 total_size 64 output_shape 64
layer /input-4 start_node /input-24 using sparse-spec alpha [2, 44, 1, 946] with unstable size 43 total_size 128 output_shape 128
layer /input-4 start_node /input-40 using sparse-spec alpha [2, 56, 1, 946] with unstable size 55 total_size 128 output_shape 128
layer /input-4 start_node /input-72 using sparse-spec alpha [2, 26, 1, 946] with unstable size 25 total_size 100 output_shape torch.Size([100])
layer /input-4 start_node /129 using full alpha [2, 99, 1, 946] with unstable size None total_size 99 output_shape 99
layer /input-12 using sparse-features alpha with shape [1612]; unstable size 1612; total size 65536 ([1, 64, 32, 32])
layer /input-12 start_node /input-24 using sparse-spec alpha [2, 44, 1, 1612] with unstable size 43 total_size 128 output_shape 128
layer /input-12 start_node /input-40 using sparse-spec alpha [2, 56, 1, 1612] with unstable size 55 total_size 128 output_shape 128
layer /input-12 start_node /input-72 using sparse-spec alpha [2, 26, 1, 1612] with unstable size 25 total_size 100 output_shape torch.Size([100])
layer /input-12 start_node /129 using full alpha [2, 99, 1, 1612] with unstable size None total_size 99 output_shape 99
layer /input-20 using sparse-features alpha with shape [0]; unstable size 0; total size 65536 ([1, 64, 32, 32])
layer /input-20 start_node /input-24 using sparse-spec alpha [2, 44, 1, 0] with unstable size 43 total_size 128 output_shape 128
layer /input-20 start_node /input-40 using sparse-spec alpha [2, 56, 1, 0] with unstable size 55 total_size 128 output_shape 128
layer /input-20 start_node /input-72 using sparse-spec alpha [2, 26, 1, 0] with unstable size 25 total_size 100 output_shape torch.Size([100])
layer /input-20 start_node /129 using full alpha [2, 99, 1, 0] with unstable size None total_size 99 output_shape 99
layer /input-28 using sparse-features alpha with shape [331]; unstable size 331; total size 32768 ([1, 128, 16, 16])
layer /input-28 start_node /input-40 using sparse-spec alpha [2, 56, 1, 331] with unstable size 55 total_size 128 output_shape 128
layer /input-28 start_node /input-72 using sparse-spec alpha [2, 26, 1, 331] with unstable size 25 total_size 100 output_shape torch.Size([100])
layer /input-28 start_node /129 using full alpha [2, 99, 1, 331] with unstable size None total_size 99 output_shape 99
layer /input-36 using sparse-features alpha with shape [0]; unstable size 0; total size 32768 ([1, 128, 16, 16])
layer /input-36 start_node /input-40 using sparse-spec alpha [2, 56, 1, 0] with unstable size 55 total_size 128 output_shape 128
layer /input-36 start_node /input-72 using sparse-spec alpha [2, 26, 1, 0] with unstable size 25 total_size 100 output_shape torch.Size([100])
layer /input-36 start_node /129 using full alpha [2, 99, 1, 0] with unstable size None total_size 99 output_shape 99
layer /input-44 using sparse-features alpha with shape [203]; unstable size 203; total size 8192 ([1, 128, 8, 8])
layer /input-44 start_node /input-72 using sparse-spec alpha [2, 26, 1, 203] with unstable size 25 total_size 100 output_shape torch.Size([100])
layer /input-44 start_node /129 using full alpha [2, 99, 1, 203] with unstable size None total_size 99 output_shape 99
layer /input-52 using sparse-features alpha with shape [0]; unstable size 0; total size 8192 ([1, 128, 8, 8])
layer /input-52 start_node /input-72 using sparse-spec alpha [2, 26, 1, 0] with unstable size 25 total_size 100 output_shape torch.Size([100])
layer /input-52 start_node /129 using full alpha [2, 99, 1, 0] with unstable size None total_size 99 output_shape 99
layer /input-60 using sparse-features alpha with shape [0]; unstable size 0; total size 4096 ([1, 256, 4, 4])
layer /input-60 start_node /input-72 using sparse-spec alpha [2, 26, 1, 0] with unstable size 25 total_size 100 output_shape torch.Size([100])
layer /input-60 start_node /129 using full alpha [2, 99, 1, 0] with unstable size None total_size 99 output_shape 99
layer /input-68 using sparse-features alpha with shape [0]; unstable size 0; total size 4096 ([1, 256, 4, 4])
layer /input-68 start_node /input-72 using sparse-spec alpha [2, 26, 1, 0] with unstable size 25 total_size 100 output_shape torch.Size([100])
layer /input-68 start_node /129 using full alpha [2, 99, 1, 0] with unstable size None total_size 99 output_shape 99
layer /128 using sparse-features alpha with shape [25]; unstable size 25; total size 100 ([1, 100])
layer /128 start_node /129 using full alpha [2, 99, 1, 25] with unstable size None total_size 99 output_shape 99
Optimizable variables initialized.
initial CROWN bounds: tensor([[ 3.34042287,  2.00194144,  4.53613710,  7.80207634,  9.55048943,
         11.06044579,  3.03185749,  0.83392811,  5.31060314,  2.86361527,
          4.76189518,  5.89713240,  4.98963785,  7.19915771,  2.30973434,
          8.72020245,  3.08513427, 10.23098946,  7.31922436,  9.99268341,
          7.82895756,  6.47788811,  9.86460114,  6.34534836,  8.04464912,
          6.85523176,  6.81018543,  5.54668188,  5.06485939,  9.11918259,
         10.65241051,  5.08604336,  3.66551256,  6.40615845,  6.00396538,
          6.52450943,  7.06953526,  7.08064938, 10.10501480,  5.85653400,
          6.57245302,  9.49986839, 10.72847271,  2.64882565,  5.65858984,
          6.23320580,  6.49671173,  9.00606060, 12.14502716,  5.58954239,
          0.18106937, 10.22830963,  9.68100452,  3.28572512,  6.39045477,
          5.79819059,  1.21251917, 11.94761372,  5.45522213, 10.42758465,
          6.74983978,  1.08519983,  6.06009865,  5.58608055,  4.32892513,
          5.75729942,  6.68808413,  7.46507359,  5.09999371,  3.32600522,
          9.41820908,  8.45598030,  6.20724058,  5.94028378,  5.28029156,
          7.18932915,  0.76092362,  5.31317139,  1.70213699,  4.54736900,
          8.23674297,  4.67104673, -0.54491329,  4.90193367,  9.87702465,
          8.05221081,  8.33344078,  8.27658463,  7.76234055,  5.95027256,
          6.70513439,  1.76811743,  5.62654972, 10.61823750, 11.23885727,
          4.50883198,  6.88094234,  6.40019226,  3.62657881]], device='cuda:0') None
prune_after_crown optimization in use: original label size = 99 pruned label size = 1
best_l after optimization: -0.45354270935058594
alpha/beta optimization time: 2.068859100341797
initial alpha-crown bounds: tensor([[        inf,         inf,         inf,         inf,         inf,
                 inf,         inf,         inf,         inf,         inf,
                 inf,         inf,         inf,         inf,         inf,
                 inf,         inf,         inf,         inf,         inf,
                 inf,         inf,         inf,         inf,         inf,
                 inf,         inf,         inf,         inf,         inf,
                 inf,         inf,         inf,         inf,         inf,
                 inf,         inf,         inf,         inf,         inf,
                 inf,         inf,         inf,         inf,         inf,
                 inf,         inf,         inf,         inf,         inf,
                 inf,         inf,         inf,         inf,         inf,
                 inf,         inf,         inf,         inf,         inf,
                 inf,         inf,         inf,         inf,         inf,
                 inf,         inf,         inf,         inf,         inf,
                 inf,         inf,         inf,         inf,         inf,
                 inf,         inf,         inf,         inf,         inf,
                 inf,         inf, -0.45354271,         inf,         inf,
                 inf,         inf,         inf,         inf,         inf,
                 inf,         inf,         inf,         inf,         inf,
                 inf,         inf,         inf,         inf]], device='cuda:0')
Number of class (without rhs): 1 ; Worst class: (+ rhs) -0.45354270935058594
Total VNNLIB file length: 99, max property batch size: 100, total number of batches: 1
lA shape: [torch.Size([99, 1, 64, 32, 32]), torch.Size([99, 1, 64, 32, 32]), torch.Size([99, 1, 64, 32, 32]), torch.Size([99, 1, 128, 16, 16]), torch.Size([99, 1, 128, 16, 16]), torch.Size([99, 1, 128, 8, 8]), torch.Size([99, 1, 128, 8, 8]), torch.Size([99, 1, 256, 4, 4]), torch.Size([99, 1, 256, 4, 4]), torch.Size([99, 1, 100])]

Properties batch 0, size 99
Remaining timeout: 96.80066847801208
Verifying property 0 with 99 instances.
##### Instance 0 first 10 spec matrices: 
tensor([[[-1.,  0.,  0.,  0.,  0.,  0.,  0.,  0.,  0.,  0.,  0.,  0.,  0.,  0.,
           0.,  0.,  0.,  0.,  1.,  0.,  0.,  0.,  0.,  0.,  0.,  0.,  0.,  0.,
           0.,  0.,  0.,  0.,  0.,  0.,  0.,  0.,  0.,  0.,  0.,  0.,  0.,  0.,
           0.,  0.,  0.,  0.,  0.,  0.,  0.,  0.,  0.,  0.,  0.,  0.,  0.,  0.,
           0.,  0.,  0.,  0.,  0.,  0.,  0.,  0.,  0.,  0.,  0.,  0.,  0.,  0.,
           0.,  0.,  0.,  0.,  0.,  0.,  0.,  0.,  0.,  0.,  0.,  0.,  0.,  0.,
           0.,  0.,  0.,  0.,  0.,  0.,  0.,  0.,  0.,  0.,  0.,  0.,  0.,  0.,
           0.,  0.]],

        [[ 0., -1.,  0.,  0.,  0.,  0.,  0.,  0.,  0.,  0.,  0.,  0.,  0.,  0.,
           0.,  0.,  0.,  0.,  1.,  0.,  0.,  0.,  0.,  0.,  0.,  0.,  0.,  0.,
           0.,  0.,  0.,  0.,  0.,  0.,  0.,  0.,  0.,  0.,  0.,  0.,  0.,  0.,
           0.,  0.,  0.,  0.,  0.,  0.,  0.,  0.,  0.,  0.,  0.,  0.,  0.,  0.,
           0.,  0.,  0.,  0.,  0.,  0.,  0.,  0.,  0.,  0.,  0.,  0.,  0.,  0.,
           0.,  0.,  0.,  0.,  0.,  0.,  0.,  0.,  0.,  0.,  0.,  0.,  0.,  0.,
           0.,  0.,  0.,  0.,  0.,  0.,  0.,  0.,  0.,  0.,  0.,  0.,  0.,  0.,
           0.,  0.]],

        [[ 0.,  0., -1.,  0.,  0.,  0.,  0.,  0.,  0.,  0.,  0.,  0.,  0.,  0.,
           0.,  0.,  0.,  0.,  1.,  0.,  0.,  0.,  0.,  0.,  0.,  0.,  0.,  0.,
           0.,  0.,  0.,  0.,  0.,  0.,  0.,  0.,  0.,  0.,  0.,  0.,  0.,  0.,
           0.,  0.,  0.,  0.,  0.,  0.,  0.,  0.,  0.,  0.,  0.,  0.,  0.,  0.,
           0.,  0.,  0.,  0.,  0.,  0.,  0.,  0.,  0.,  0.,  0.,  0.,  0.,  0.,
           0.,  0.,  0.,  0.,  0.,  0.,  0.,  0.,  0.,  0.,  0.,  0.,  0.,  0.,
           0.,  0.,  0.,  0.,  0.,  0.,  0.,  0.,  0.,  0.,  0.,  0.,  0.,  0.,
           0.,  0.]],

        [[ 0.,  0.,  0., -1.,  0.,  0.,  0.,  0.,  0.,  0.,  0.,  0.,  0.,  0.,
           0.,  0.,  0.,  0.,  1.,  0.,  0.,  0.,  0.,  0.,  0.,  0.,  0.,  0.,
           0.,  0.,  0.,  0.,  0.,  0.,  0.,  0.,  0.,  0.,  0.,  0.,  0.,  0.,
           0.,  0.,  0.,  0.,  0.,  0.,  0.,  0.,  0.,  0.,  0.,  0.,  0.,  0.,
           0.,  0.,  0.,  0.,  0.,  0.,  0.,  0.,  0.,  0.,  0.,  0.,  0.,  0.,
           0.,  0.,  0.,  0.,  0.,  0.,  0.,  0.,  0.,  0.,  0.,  0.,  0.,  0.,
           0.,  0.,  0.,  0.,  0.,  0.,  0.,  0.,  0.,  0.,  0.,  0.,  0.,  0.,
           0.,  0.]],

        [[ 0.,  0.,  0.,  0., -1.,  0.,  0.,  0.,  0.,  0.,  0.,  0.,  0.,  0.,
           0.,  0.,  0.,  0.,  1.,  0.,  0.,  0.,  0.,  0.,  0.,  0.,  0.,  0.,
           0.,  0.,  0.,  0.,  0.,  0.,  0.,  0.,  0.,  0.,  0.,  0.,  0.,  0.,
           0.,  0.,  0.,  0.,  0.,  0.,  0.,  0.,  0.,  0.,  0.,  0.,  0.,  0.,
           0.,  0.,  0.,  0.,  0.,  0.,  0.,  0.,  0.,  0.,  0.,  0.,  0.,  0.,
           0.,  0.,  0.,  0.,  0.,  0.,  0.,  0.,  0.,  0.,  0.,  0.,  0.,  0.,
           0.,  0.,  0.,  0.,  0.,  0.,  0.,  0.,  0.,  0.,  0.,  0.,  0.,  0.,
           0.,  0.]],

        [[ 0.,  0.,  0.,  0.,  0., -1.,  0.,  0.,  0.,  0.,  0.,  0.,  0.,  0.,
           0.,  0.,  0.,  0.,  1.,  0.,  0.,  0.,  0.,  0.,  0.,  0.,  0.,  0.,
           0.,  0.,  0.,  0.,  0.,  0.,  0.,  0.,  0.,  0.,  0.,  0.,  0.,  0.,
           0.,  0.,  0.,  0.,  0.,  0.,  0.,  0.,  0.,  0.,  0.,  0.,  0.,  0.,
           0.,  0.,  0.,  0.,  0.,  0.,  0.,  0.,  0.,  0.,  0.,  0.,  0.,  0.,
           0.,  0.,  0.,  0.,  0.,  0.,  0.,  0.,  0.,  0.,  0.,  0.,  0.,  0.,
           0.,  0.,  0.,  0.,  0.,  0.,  0.,  0.,  0.,  0.,  0.,  0.,  0.,  0.,
           0.,  0.]],

        [[ 0.,  0.,  0.,  0.,  0.,  0., -1.,  0.,  0.,  0.,  0.,  0.,  0.,  0.,
           0.,  0.,  0.,  0.,  1.,  0.,  0.,  0.,  0.,  0.,  0.,  0.,  0.,  0.,
           0.,  0.,  0.,  0.,  0.,  0.,  0.,  0.,  0.,  0.,  0.,  0.,  0.,  0.,
           0.,  0.,  0.,  0.,  0.,  0.,  0.,  0.,  0.,  0.,  0.,  0.,  0.,  0.,
           0.,  0.,  0.,  0.,  0.,  0.,  0.,  0.,  0.,  0.,  0.,  0.,  0.,  0.,
           0.,  0.,  0.,  0.,  0.,  0.,  0.,  0.,  0.,  0.,  0.,  0.,  0.,  0.,
           0.,  0.,  0.,  0.,  0.,  0.,  0.,  0.,  0.,  0.,  0.,  0.,  0.,  0.,
           0.,  0.]],

        [[ 0.,  0.,  0.,  0.,  0.,  0.,  0., -1.,  0.,  0.,  0.,  0.,  0.,  0.,
           0.,  0.,  0.,  0.,  1.,  0.,  0.,  0.,  0.,  0.,  0.,  0.,  0.,  0.,
           0.,  0.,  0.,  0.,  0.,  0.,  0.,  0.,  0.,  0.,  0.,  0.,  0.,  0.,
           0.,  0.,  0.,  0.,  0.,  0.,  0.,  0.,  0.,  0.,  0.,  0.,  0.,  0.,
           0.,  0.,  0.,  0.,  0.,  0.,  0.,  0.,  0.,  0.,  0.,  0.,  0.,  0.,
           0.,  0.,  0.,  0.,  0.,  0.,  0.,  0.,  0.,  0.,  0.,  0.,  0.,  0.,
           0.,  0.,  0.,  0.,  0.,  0.,  0.,  0.,  0.,  0.,  0.,  0.,  0.,  0.,
           0.,  0.]],

        [[ 0.,  0.,  0.,  0.,  0.,  0.,  0.,  0., -1.,  0.,  0.,  0.,  0.,  0.,
           0.,  0.,  0.,  0.,  1.,  0.,  0.,  0.,  0.,  0.,  0.,  0.,  0.,  0.,
           0.,  0.,  0.,  0.,  0.,  0.,  0.,  0.,  0.,  0.,  0.,  0.,  0.,  0.,
           0.,  0.,  0.,  0.,  0.,  0.,  0.,  0.,  0.,  0.,  0.,  0.,  0.,  0.,
           0.,  0.,  0.,  0.,  0.,  0.,  0.,  0.,  0.,  0.,  0.,  0.,  0.,  0.,
           0.,  0.,  0.,  0.,  0.,  0.,  0.,  0.,  0.,  0.,  0.,  0.,  0.,  0.,
           0.,  0.,  0.,  0.,  0.,  0.,  0.,  0.,  0.,  0.,  0.,  0.,  0.,  0.,
           0.,  0.]],

        [[ 0.,  0.,  0.,  0.,  0.,  0.,  0.,  0.,  0., -1.,  0.,  0.,  0.,  0.,
           0.,  0.,  0.,  0.,  1.,  0.,  0.,  0.,  0.,  0.,  0.,  0.,  0.,  0.,
           0.,  0.,  0.,  0.,  0.,  0.,  0.,  0.,  0.,  0.,  0.,  0.,  0.,  0.,
           0.,  0.,  0.,  0.,  0.,  0.,  0.,  0.,  0.,  0.,  0.,  0.,  0.,  0.,
           0.,  0.,  0.,  0.,  0.,  0.,  0.,  0.,  0.,  0.,  0.,  0.,  0.,  0.,
           0.,  0.,  0.,  0.,  0.,  0.,  0.,  0.,  0.,  0.,  0.,  0.,  0.,  0.,
           0.,  0.,  0.,  0.,  0.,  0.,  0.,  0.,  0.,  0.,  0.,  0.,  0.,  0.,
           0.,  0.]]], dtype=torch.float64)
thresholds: tensor([0., 0., 0., 0., 0., 0., 0., 0., 0., 0.], device='cuda:0') ######
Initial alpha-CROWN verified for spec index tensor([ 0,  1,  2,  3,  4,  5,  6,  7,  8,  9, 10, 11, 12, 13, 14, 15, 16, 17,
        18, 19, 20, 21, 22, 23, 24, 25, 26, 27, 28, 29, 30, 31, 32, 33, 34, 35,
        36, 37, 38, 39, 40, 41, 42, 43, 44, 45, 46, 47, 48, 49, 50, 51, 52, 53,
        54, 55, 56, 57, 58, 59, 60, 61, 62, 63, 64, 65, 66, 67, 68, 69, 70, 71,
        72, 73, 74, 75, 76, 77, 78, 79, 80, 81, 83, 84, 85, 86, 87, 88, 89, 90,
        91, 92, 93, 94, 95, 96, 97, 98], device='cuda:0') with bound tensor([inf, inf, inf, inf, inf, inf, inf, inf, inf, inf, inf, inf, inf, inf, inf, inf, inf, inf, inf, inf, inf, inf, inf, inf,
        inf, inf, inf, inf, inf, inf, inf, inf, inf, inf, inf, inf, inf, inf, inf, inf, inf, inf, inf, inf, inf, inf, inf, inf,
        inf, inf, inf, inf, inf, inf, inf, inf, inf, inf, inf, inf, inf, inf, inf, inf, inf, inf, inf, inf, inf, inf, inf, inf,
        inf, inf, inf, inf, inf, inf, inf, inf, inf, inf, inf, inf, inf, inf, inf, inf, inf, inf, inf, inf, inf, inf, inf, inf,
        inf, inf], device='cuda:0').
Remaining spec index tensor([82], device='cuda:0') with bounds tensor([[-0.45354271]], device='cuda:0') need to verify.
Model prediction is: tensor([ -6.36860323,  -4.06358767,  -6.82573271, -10.46507263, -12.07007408,
        -13.50343418,  -5.40816927,  -2.99340653,  -8.23112011,  -5.71455956,
         -7.29386806,  -8.28777981,  -7.31117821,  -9.73253155,  -4.66866732,
        -11.15112400,  -5.61238241, -12.92198086,  -1.04335618,  -9.98804188,
        -12.88174438, -10.53517818,  -9.10662842, -12.36011028,  -8.47319412,
        -10.60492420,  -9.17584515,  -9.20450878,  -8.42479706,  -7.56905842,
        -11.29191875, -13.34878922,  -7.13675785,  -5.98869991,  -8.79991817,
         -8.30488491,  -9.07343102,  -9.74639988,  -9.68918705, -12.75789356,
         -8.59333134,  -9.36326599, -12.39831924, -13.41265774,  -4.82054281,
         -7.90268660,  -8.69274712,  -9.25940037, -12.04410172, -14.51956844,
         -8.05914307,  -2.59255505, -13.04577255, -12.42077160,  -5.96982956,
         -8.70752144,  -8.21882248,  -3.89883518, -14.70790386,  -7.84854794,
        -12.78891182,  -9.56217098,  -3.48712182,  -8.48734760,  -7.99785423,
         -6.62406349,  -8.10643196,  -8.96741486,  -9.89602661,  -7.43842649,
         -5.94374132, -11.93124294, -10.69635963,  -8.16119576,  -8.55501080,
         -7.58581257,  -9.41280460,  -2.95248604,  -8.09884644,  -4.01822853,
         -6.89900446, -11.07789516,  -6.91687679,  -1.77649200,  -7.46792269,
        -12.37238121, -10.70437431, -11.33277225, -10.89768791, -10.21768379,
         -8.37800503,  -8.87233734,  -4.34453154,  -7.91575623, -13.49412632,
        -13.52716446,  -7.14832306,  -9.33661556,  -8.72409821,  -6.20841455],
       device='cuda:0')
build_with_refined_bounds batch [1/1]
setting alpha for layer /input-4 start_node /129 with alignment adjustment
setting alpha for layer /input-12 start_node /129 with alignment adjustment
setting alpha for layer /input-20 start_node /129 with alignment adjustment
setting alpha for layer /input-28 start_node /129 with alignment adjustment
setting alpha for layer /input-36 start_node /129 with alignment adjustment
setting alpha for layer /input-44 start_node /129 with alignment adjustment
setting alpha for layer /input-52 start_node /129 with alignment adjustment
setting alpha for layer /input-60 start_node /129 with alignment adjustment
setting alpha for layer /input-68 start_node /129 with alignment adjustment
setting alpha for layer /128 start_node /129 with alignment adjustment
all alpha initialized
directly get lb and ub from refined bounds
c shape: torch.Size([1, 1, 100])
lA shapes: [torch.Size([1, 1, 64, 32, 32]), torch.Size([1, 1, 64, 32, 32]), torch.Size([1, 1, 64, 32, 32]), torch.Size([1, 1, 128, 16, 16]), torch.Size([1, 1, 128, 16, 16]), torch.Size([1, 1, 128, 8, 8]), torch.Size([1, 1, 128, 8, 8]), torch.Size([1, 1, 256, 4, 4]), torch.Size([1, 1, 256, 4, 4]), torch.Size([1, 1, 100])]
(alpha-)CROWN with fixed intermediate bounds: tensor([[-0.45354271]], device='cuda:0') tensor([[inf]], device='cuda:0')
Intermediate layers: /input,/input-8,/input-16,/input-24,/input-32,/input-40,/input-48,/input-56,/input-64,/input-72,/129
Keeping alphas for these layers: ['/129']
Keeping alphas for these layers: ['/129']
Node /input-4 input 0: size torch.Size([64, 32, 32]) unstable 946
Node /input-12 input 0: size torch.Size([64, 32, 32]) unstable 1608
Node /input-20 input 0: size torch.Size([64, 32, 32]) unstable 0
Node /input-28 input 0: size torch.Size([128, 16, 16]) unstable 321
Node /input-36 input 0: size torch.Size([128, 16, 16]) unstable 0
Node /input-44 input 0: size torch.Size([128, 8, 8]) unstable 200
Node /input-52 input 0: size torch.Size([128, 8, 8]) unstable 0
Node /input-60 input 0: size torch.Size([256, 4, 4]) unstable 0
Node /input-68 input 0: size torch.Size([256, 4, 4]) unstable 0
Node /128 input 0: size torch.Size([100]) unstable 24
-----------------
# of unstable neurons: 3099
-----------------

BaB round 1
batch: 1
splitting decisions: 
split level 0: [/input-72, 73] 
split level 1: [/input-72, 86] 
split level 2: [/input-72, 2] 
split level 3: [/input-72, 14] 
pruning_in_iteration open status: True
ratio of positive domain = 8 / 16 = 0.5
pruning-in-iteration extra time: 0.0019981861114501953
Time: prepare 0.0004    bound 0.1743    transfer 0.0096    finalize 0.0005    func 0.1847    
Accumulated time: func 0.1847    prepare 0.0008    bound 0.1743    transfer 0.0096    finalize 0.0005    
Current worst splitting domains lb-rhs (depth):
-0.25663 (4), -0.25256 (4), -0.24339 (4), -0.23815 (4), -0.23035 (4), -0.22350 (4), -0.22314 (4), -0.21501 (4), 
Length of domains: 8
Time: pickout 0.0006    decision 0.0796    set_bounds 0.0014    solve 0.1848    add 0.0029    
Accumulated time: pickout 0.0006    decision 0.0796    set_bounds 0.0014    solve 0.1848    add 0.0029    
Current (lb-rhs): -0.25662803649902344
8 domains visited
Cumulative time: 1.1817445755004883

BaB round 2
batch: 8
splitting decisions: 
split level 0: [/input-72, 72] [/input-72, 72] [/input-72, 72] [/input-72, 72] [/input-72, 72] [/input-72, 72] [/input-72, 72] [/input-72, 72] 
pruning_in_iteration open status: True
ratio of positive domain = 8 / 16 = 0.5
pruning-in-iteration extra time: 0.0017893314361572266
Time: prepare 0.0006    bound 0.1273    transfer 0.0020    finalize 0.0003    func 0.1302    
Accumulated time: func 0.3149    prepare 0.0018    bound 0.3016    transfer 0.0115    finalize 0.0008    
Current worst splitting domains lb-rhs (depth):
-0.24757 (5), -0.24311 (5), -0.23430 (5), -0.22920 (5), -0.22020 (5), -0.21341 (5), -0.21277 (5), -0.20516 (5), 
Length of domains: 8
Time: pickout 0.0009    decision 0.0528    set_bounds 0.0009    solve 0.1302    add 0.0022    
Accumulated time: pickout 0.0016    decision 0.1324    set_bounds 0.0022    solve 0.3150    add 0.0051    
Current (lb-rhs): -0.24756908416748047
16 domains visited
Cumulative time: 1.3689954280853271

BaB round 3
batch: 8
splitting decisions: 
split level 0: [/input-72, 96] [/input-72, 94] [/input-40, 6188] [/input-40, 6188] [/input-72, 96] [/input-72, 94] [/input-72, 96] [/input-72, 96] 
pruning_in_iteration open status: False
ratio of positive domain = 0 / 16 = 0.0
pruning-in-iteration extra time: 4.076957702636719e-05
Time: prepare 0.0007    bound 0.1187    transfer 0.0019    finalize 0.0003    func 0.1215    
Accumulated time: func 0.4365    prepare 0.0028    bound 0.4202    transfer 0.0134    finalize 0.0011    
Current worst splitting domains lb-rhs (depth):
-0.23880 (6), -0.23505 (6), -0.21763 (6), -0.21564 (6), -0.21273 (6), -0.21090 (6), -0.20159 (6), -0.19730 (6), -0.19626 (6), -0.18846 (6), -0.18413 (6), -0.18346 (6), -0.17774 (6), -0.16597 (6), -0.15836 (6), -0.15273 (6), 
Length of domains: 16
Time: pickout 0.0007    decision 0.0478    set_bounds 0.0009    solve 0.1216    add 0.0044    
Accumulated time: pickout 0.0023    decision 0.1803    set_bounds 0.0031    solve 0.4366    add 0.0096    
Current (lb-rhs): -0.2387990951538086
32 domains visited
Cumulative time: 1.5446193218231201

BaB round 4
batch: 16
splitting decisions: 
split level 0: [/input-72, 94] [/input-40, 6188] [/input-72, 96] [/input-72, 96] [/input-72, 94] [/input-40, 6188] [/input-40, 6188] [/input-40, 6188] [/input-72, 94] [/input-72, 96] 
pruning_in_iteration open status: False
ratio of positive domain = 0 / 32 = 0.0
pruning-in-iteration extra time: 9.393692016601562e-05
Time: prepare 0.0010    bound 0.1226    transfer 0.0091    finalize 0.0006    func 0.1334    
Accumulated time: func 0.5699    prepare 0.0042    bound 0.5428    transfer 0.0225    finalize 0.0017    
Current worst splitting domains lb-rhs (depth):
-0.22115 (7), -0.21899 (7), -0.19971 (7), -0.19861 (7), -0.19634 (7), -0.19619 (7), -0.19361 (7), -0.19307 (7), -0.18833 (7), -0.18308 (7), -0.18027 (7), -0.17930 (7), -0.17896 (7), -0.17367 (7), -0.17295 (7), -0.17250 (7), -0.17148 (7), -0.16808 (7), -0.16521 (7), -0.16424 (7), 
Length of domains: 32
Time: pickout 0.0011    decision 0.0531    set_bounds 0.0014    solve 0.1334    add 0.0108    
Accumulated time: pickout 0.0034    decision 0.2334    set_bounds 0.0045    solve 0.5700    add 0.0204    
Current (lb-rhs): -0.22115135192871094
64 domains visited
Cumulative time: 1.7463326454162598

BaB round 5
batch: 32
splitting decisions: 
split level 0: [/input-40, 6188] [/input-72, 96] [/input-72, 94] [/input-72, 94] [/input-40, 6188] [/input-72, 96] [/input-72, 94] [/input-72, 94] [/input-40, 7083] [/input-40, 6188] 
pruning_in_iteration open status: False
ratio of positive domain = 0 / 64 = 0.0
pruning-in-iteration extra time: 9.679794311523438e-05
Time: prepare 0.0019    bound 0.1230    transfer 0.0307    finalize 0.0013    func 0.1570    
Accumulated time: func 0.7268    prepare 0.0065    bound 0.6658    transfer 0.0532    finalize 0.0030    
Current worst splitting domains lb-rhs (depth):
-0.20353 (8), -0.20150 (8), -0.19122 (8), -0.18846 (8), -0.18388 (8), -0.18030 (8), -0.17908 (8), -0.17784 (8), -0.17590 (8), -0.17524 (8), -0.17159 (8), -0.17062 (8), -0.17032 (8), -0.16890 (8), -0.16671 (8), -0.16640 (8), -0.16469 (8), -0.16409 (8), -0.16296 (8), -0.16211 (8), 
Length of domains: 64
Time: pickout 0.0020    decision 0.0730    set_bounds 0.0016    solve 0.1570    add 0.0214    
Accumulated time: pickout 0.0054    decision 0.3064    set_bounds 0.0061    solve 0.7270    add 0.0418    
Current (lb-rhs): -0.20352745056152344
128 domains visited
Cumulative time: 2.0047357082366943

BaB round 6
batch: 64
splitting decisions: 
split level 0: [/input-40, 7083] [/input-72, 70] [/input-40, 7083] [/input-72, 70] [/input-40, 7083] [/input-40, 7083] [/input-40, 7083] [/input-40, 7083] [/input-40, 6188] [/input-72, 70] 
pruning_in_iteration open status: False
ratio of positive domain = 2 / 128 = 0.015625
pruning-in-iteration extra time: 4.7206878662109375e-05
Time: prepare 0.0034    bound 0.1483    transfer 0.0612    finalize 0.0021    func 0.2151    
Accumulated time: func 0.9419    prepare 0.0104    bound 0.8141    transfer 0.1144    finalize 0.0052    
Current worst splitting domains lb-rhs (depth):
-0.19921 (9), -0.19323 (9), -0.18624 (9), -0.18063 (9), -0.17595 (9), -0.17313 (9), -0.17305 (9), -0.16895 (9), -0.16853 (9), -0.16803 (9), -0.16736 (9), -0.16548 (9), -0.16440 (9), -0.16179 (9), -0.15985 (9), -0.15907 (9), -0.15716 (9), -0.15601 (9), -0.15292 (9), -0.15182 (9), 
Length of domains: 126
Time: pickout 0.0031    decision 0.1241    set_bounds 0.0031    solve 0.2152    add 0.0542    
Accumulated time: pickout 0.0085    decision 0.4306    set_bounds 0.0092    solve 0.9422    add 0.0960    
Current (lb-rhs): -0.19920921325683594
254 domains visited
Cumulative time: 2.408132314682007

BaB round 7
batch: 126
splitting decisions: 
split level 0: [/input-40, 7074] [/input-72, 49] [/input-72, 70] [/input-72, 49] [/input-40, 7074] [/input-72, 49] [/input-40, 7074] [/input-72, 70] [/input-72, 49] [/input-72, 49] 
pruning_in_iteration open status: False
ratio of positive domain = 32 / 252 = 0.12698412698412698
pruning-in-iteration extra time: 4.839897155761719e-05
Time: prepare 0.0064    bound 0.2610    transfer 0.0961    finalize 0.0035    func 0.3671    
Accumulated time: func 1.3090    prepare 0.0173    bound 1.0752    transfer 0.2105    finalize 0.0087    
Current worst splitting domains lb-rhs (depth):
-0.19828 (10), -0.18645 (10), -0.18530 (10), -0.17499 (10), -0.17410 (10), -0.17210 (10), -0.16734 (10), -0.16618 (10), -0.16330 (10), -0.16269 (10), -0.16222 (10), -0.16060 (10), -0.16041 (10), -0.15886 (10), -0.15748 (10), -0.15249 (10), -0.15062 (10), -0.14981 (10), -0.14917 (10), -0.14622 (10), 
Length of domains: 214
Time: pickout 0.0054    decision 0.2379    set_bounds 0.0056    solve 0.3672    add 0.1218    
Accumulated time: pickout 0.0140    decision 0.6684    set_bounds 0.0148    solve 1.3093    add 0.2178    
Current (lb-rhs): -0.19828319549560547
468 domains visited
Cumulative time: 3.152949810028076

BaB round 8
batch: 214
splitting decisions: 
split level 0: [/input-72, 49] [/input-40, 6306] [/input-72, 49] [/input-40, 6306] [/input-72, 49] [/input-72, 70] [/input-72, 70] [/input-72, 70] [/input-40, 6172] [/input-72, 49] 
pruning_in_iteration open status: True
ratio of positive domain = 117 / 428 = 0.27336448598130836
pruning-in-iteration extra time: 0.0026259422302246094
Time: prepare 0.0109    bound 0.4797    transfer 0.1873    finalize 0.0045    func 0.6826    
Accumulated time: func 1.9915    prepare 0.0289    bound 1.5548    transfer 0.3978    finalize 0.0132    
Current worst splitting domains lb-rhs (depth):
-0.18841 (11), -0.17503 (11), -0.17494 (11), -0.17256 (11), -0.16524 (11), -0.16224 (11), -0.16202 (11), -0.16142 (11), -0.15774 (11), -0.15611 (11), -0.15320 (11), -0.15258 (11), -0.15114 (11), -0.15109 (11), -0.15028 (11), -0.14983 (11), -0.14903 (11), -0.14732 (11), -0.14646 (11), -0.14584 (11), 
Length of domains: 311
Time: pickout 0.0088    decision 0.4449    set_bounds 0.0083    solve 0.6827    add 0.1935    
Accumulated time: pickout 0.0228    decision 1.1134    set_bounds 0.0231    solve 1.9920    add 0.4114    
Current (lb-rhs): -0.18840789794921875
779 domains visited
Cumulative time: 4.507192850112915

BaB round 9
batch: 256
splitting decisions: 
split level 0: [/input-72, 49] [/input-40, 6306] [/input-72, 49] [/input-40, 6306] [/input-40, 6306] [/input-72, 49] [/input-40, 6172] [/input-40, 6172] [/input-72, 49] [/input-40, 6306] 
pruning_in_iteration open status: True
ratio of positive domain = 120 / 512 = 0.234375
pruning-in-iteration extra time: 0.0022139549255371094
Time: prepare 0.0131    bound 0.5571    transfer 0.2232    finalize 0.0047    func 0.7981    
Accumulated time: func 2.7896    prepare 0.0426    bound 2.1119    transfer 0.6210    finalize 0.0179    
Current worst splitting domains lb-rhs (depth):
-0.18197 (12), -0.16879 (12), -0.16216 (12), -0.16101 (12), -0.15955 (12), -0.15853 (12), -0.15849 (12), -0.15549 (12), -0.15320 (11), -0.15125 (12), -0.15116 (12), -0.15042 (12), -0.15027 (12), -0.14948 (12), -0.14910 (12), -0.14629 (12), -0.14515 (12), -0.14429 (12), -0.14403 (12), -0.14290 (12), 
Length of domains: 447
Time: pickout 0.0102    decision 0.5252    set_bounds 0.0103    solve 0.7982    add 0.2435    
Accumulated time: pickout 0.0330    decision 1.6385    set_bounds 0.0334    solve 2.7902    add 0.6549    
Current (lb-rhs): -0.18196964263916016
1171 domains visited
current_vram/total_varm: 18.3GB/102.0GB, batch_size increase to 512
Cumulative time: 6.113015174865723

BaB round 10
batch: 447
splitting decisions: 
split level 0: [/input-72, 70] [/input-24, 22741] [/input-40, 6306] [/input-24, 22741] [/input-72, 70] [/input-40, 6306] [/input-24, 22741] [/input-40, 6172] [/input-40, 7082] [/input-40, 6306] 
pruning_in_iteration open status: False
ratio of positive domain = 122 / 894 = 0.13646532438478742
pruning-in-iteration extra time: 4.601478576660156e-05
Time: prepare 0.0231    bound 1.0699    transfer 0.3840    finalize 0.0083    func 1.4853    
Accumulated time: func 4.2749    prepare 0.0663    bound 3.1818    transfer 1.0049    finalize 0.0261    
Current worst splitting domains lb-rhs (depth):
-0.17405 (13), -0.16846 (13), -0.16064 (13), -0.16042 (13), -0.15904 (13), -0.15778 (13), -0.15642 (13), -0.15192 (13), -0.15102 (12), -0.14914 (13), -0.14910 (13), -0.14850 (13), -0.14831 (13), -0.14773 (13), -0.14759 (13), -0.14278 (13), -0.14267 (13), -0.14231 (13), -0.14169 (13), -0.14069 (13), 
Length of domains: 765
Time: pickout 0.0200    decision 0.9314    set_bounds 0.0160    solve 1.4855    add 0.4787    
Accumulated time: pickout 0.0530    decision 2.5699    set_bounds 0.0494    solve 4.2757    add 1.1337    
Current (lb-rhs): -0.17405319213867188
1936 domains visited
Cumulative time: 9.084870338439941

BaB round 11
batch: 512
splitting decisions: 
split level 0: [/input-40, 6187] [/input-40, 6187] [/input-40, 6187] [/input-40, 7083] [/input-40, 6306] [/input-40, 6306] [/input-40, 1436] [/input-40, 6187] [/input-24, 22741] [/input-24, 22741] 
pruning_in_iteration open status: False
ratio of positive domain = 128 / 1024 = 0.125
pruning-in-iteration extra time: 0.00016450881958007812
Time: prepare 0.0290    bound 1.2162    transfer 0.4484    finalize 0.0092    func 1.7029    
Accumulated time: func 5.9778    prepare 0.0960    bound 4.3980    transfer 1.4534    finalize 0.0353    
Current worst splitting domains lb-rhs (depth):
-0.16846 (13), -0.16272 (14), -0.16108 (14), -0.16042 (13), -0.15642 (13), -0.15611 (14), -0.15257 (14), -0.15192 (13), -0.14956 (14), -0.14947 (14), -0.14773 (14), -0.14618 (14), -0.14442 (14), -0.14271 (13), -0.14231 (13), -0.14169 (13), -0.14127 (14), -0.14086 (14), -0.13988 (14), -0.13874 (13), 
Length of domains: 1136
Time: pickout 0.0211    decision 1.0593    set_bounds 0.1398    solve 1.7031    add 0.9585    
Accumulated time: pickout 0.0742    decision 3.6293    set_bounds 0.1892    solve 5.9788    add 2.0922    
Current (lb-rhs): -0.1684589385986328
2819 domains visited
current_vram/total_varm: 35.6GB/102.0GB, batch_size increase to 1024
Cumulative time: 13.019591093063354

BaB round 12
batch: 1024
splitting decisions: 
split level 0: [/input-24, 22741] [/input-40, 6306] [/input-40, 7074] [/input-40, 7082] [/input-40, 7082] [/input-24, 22741] [/input-24, 22741] [/input-40, 6187] [/input-40, 7082] [/input-40, 6187] 
pruning_in_iteration open status: False
ratio of positive domain = 299 / 2048 = 0.14599609375
pruning-in-iteration extra time: 4.7206878662109375e-05
Time: prepare 0.0562    bound 2.4916    transfer 0.9660    finalize 0.0181    func 3.5325    
Accumulated time: func 9.5104    prepare 0.1529    bound 6.8896    transfer 2.4193    finalize 0.0534    
Current worst splitting domains lb-rhs (depth):
-0.15855 (14), -0.15704 (14), -0.15540 (14), -0.15236 (15), -0.15084 (15), -0.15064 (15), -0.15024 (14), -0.15016 (15), -0.14849 (15), -0.14699 (15), -0.14689 (15), -0.14683 (15), -0.14533 (14), -0.14504 (14), -0.14331 (15), -0.13959 (15), -0.13906 (15), -0.13832 (15), -0.13738 (15), -0.13671 (15), 
Length of domains: 1837
Time: pickout 0.0452    decision 2.1344    set_bounds 0.1460    solve 3.5329    add 1.0692    
Accumulated time: pickout 0.1194    decision 5.7637    set_bounds 0.3353    solve 9.5117    add 3.1614    
Current (lb-rhs): -0.15855121612548828
4544 domains visited
Cumulative time: 20.0819890499115

BaB round 13
batch: 1024
splitting decisions: 
split level 0: [/input-40, 6187] [/input-40, 6179] [/input-40, 6187] [/input-40, 6306] [/input-40, 1436] [/input-40, 7066] [/input-40, 6187] [/input-40, 6187] [/input-40, 6187] [/input-24, 22741] 
pruning_in_iteration open status: False
ratio of positive domain = 287 / 2048 = 0.14013671875
pruning-in-iteration extra time: 4.6253204345703125e-05
Time: prepare 0.0586    bound 2.4932    transfer 0.9546    finalize 0.0200    func 3.5266    
Accumulated time: func 13.0369    prepare 0.2122    bound 9.3828    transfer 3.3739    finalize 0.0735    
Current worst splitting domains lb-rhs (depth):
-0.15540 (14), -0.15084 (15), -0.15064 (15), -0.14933 (15), -0.14852 (15), -0.14737 (15), -0.14683 (15), -0.14577 (15), -0.14533 (14), -0.14404 (15), -0.14298 (16), -0.14253 (15), -0.14169 (16), -0.14081 (16), -0.13967 (16), -0.13959 (15), -0.13913 (16), -0.13906 (15), -0.13832 (15), -0.13824 (16), 
Length of domains: 2548
Time: pickout 0.0423    decision 2.1362    set_bounds 0.1570    solve 3.5271    add 1.8512    
Accumulated time: pickout 0.1617    decision 7.8999    set_bounds 0.4923    solve 13.0388    add 5.0126    
Current (lb-rhs): -0.15539979934692383
6279 domains visited
Cumulative time: 27.92907404899597

BaB round 14
batch: 1024
splitting decisions: 
split level 0: [/input-40, 6187] [/input-40, 6306] [/input-40, 6179] [/input-40, 6179] [/input-40, 6306] [/input-40, 1436] [/input-40, 7066] [/input-40, 1428] [/input-40, 6187] [/input-40, 7066] 
pruning_in_iteration open status: False
ratio of positive domain = 280 / 2048 = 0.13671875
pruning-in-iteration extra time: 5.221366882324219e-05
Time: prepare 0.0586    bound 2.4912    transfer 0.9566    finalize 0.0188    func 3.5254    
Accumulated time: func 16.5623    prepare 0.2715    bound 11.8740    transfer 4.3305    finalize 0.0923    
Current worst splitting domains lb-rhs (depth):
-0.15540 (14), -0.15084 (15), -0.15064 (15), -0.14933 (15), -0.14852 (15), -0.14737 (15), -0.14683 (15), -0.14533 (14), -0.14298 (16), -0.14169 (16), -0.14153 (16), -0.13971 (16), -0.13959 (15), -0.13913 (16), -0.13906 (15), -0.13832 (15), -0.13826 (17), -0.13824 (16), -0.13807 (16), -0.13738 (15), 
Length of domains: 3261
Time: pickout 0.0429    decision 2.1346    set_bounds 0.1675    solve 3.5257    add 1.0745    
Accumulated time: pickout 0.2046    decision 10.0344    set_bounds 0.6598    solve 16.5645    add 6.0870    
Current (lb-rhs): -0.15539979934692383
8016 domains visited
Cumulative time: 35.01400327682495

BaB round 15
batch: 1024
splitting decisions: 
split level 0: [/input-40, 7082] [/input-40, 6306] [/input-40, 1436] [/input-24, 25814] [/input-24, 25814] [/input-40, 1462] [/input-24, 25814] [/input-24, 25814] [/input-40, 1436] [/input-24, 25814] 
pruning_in_iteration open status: False
ratio of positive domain = 265 / 2048 = 0.12939453125
pruning-in-iteration extra time: 4.673004150390625e-05
Time: prepare 0.0630    bound 2.4910    transfer 0.9541    finalize 0.0198    func 3.5280    
Accumulated time: func 20.0903    prepare 0.3352    bound 14.3650    transfer 5.2846    finalize 0.1121    
Current worst splitting domains lb-rhs (depth):
-0.15540 (14), -0.15084 (15), -0.15064 (15), -0.14933 (15), -0.14852 (15), -0.14737 (15), -0.14683 (15), -0.14533 (14), -0.14298 (16), -0.14169 (16), -0.13959 (15), -0.13927 (17), -0.13913 (16), -0.13906 (15), -0.13832 (15), -0.13824 (16), -0.13807 (16), -0.13738 (15), -0.13669 (18), -0.13572 (15), 
Length of domains: 3992
Time: pickout 0.0437    decision 2.1380    set_bounds 0.0392    solve 3.5284    add 1.1053    
Accumulated time: pickout 0.2483    decision 12.1725    set_bounds 0.6990    solve 20.0929    add 7.1924    
Current (lb-rhs): -0.15539979934692383
9771 domains visited
Cumulative time: 42.00739097595215

BaB round 16
batch: 1024
splitting decisions: 
split level 0: [/input-24, 25814] [/input-40, 1430] [/input-40, 1430] [/input-72, 76] [/input-40, 1462] [/input-24, 25814] [/input-40, 1430] [/input-24, 22741] [/input-24, 25814] [/input-24, 22741] 
pruning_in_iteration open status: False
ratio of positive domain = 310 / 2048 = 0.1513671875
pruning-in-iteration extra time: 4.673004150390625e-05
Time: prepare 0.0616    bound 2.4973    transfer 0.9481    finalize 0.0193    func 3.5269    
Accumulated time: func 23.6173    prepare 0.3975    bound 16.8623    transfer 6.2327    finalize 0.1314    
Current worst splitting domains lb-rhs (depth):
-0.15540 (14), -0.15084 (15), -0.15064 (15), -0.14933 (15), -0.14852 (15), -0.14737 (15), -0.14683 (15), -0.14533 (14), -0.14298 (16), -0.14169 (16), -0.13959 (15), -0.13927 (17), -0.13913 (16), -0.13906 (15), -0.13832 (15), -0.13824 (16), -0.13807 (16), -0.13738 (15), -0.13669 (18), -0.13572 (15), 
Length of domains: 4673
Time: pickout 0.0429    decision 2.2737    set_bounds 0.0363    solve 3.5274    add 2.6859    
Accumulated time: pickout 0.2912    decision 14.4461    set_bounds 0.7353    solve 23.6203    add 9.8782    
Current (lb-rhs): -0.15539979934692383
11476 domains visited
Cumulative time: 50.71111583709717

BaB round 17
batch: 1024
splitting decisions: 
split level 0: [/input-40, 1430] [/input-40, 7155] [/input-40, 1430] [/input-40, 1430] [/input-40, 1430] [/input-40, 1430] [/input-24, 25814] [/input-40, 1436] [/input-40, 1428] [/input-40, 6179] 
pruning_in_iteration open status: False
ratio of positive domain = 336 / 2048 = 0.1640625
pruning-in-iteration extra time: 4.744529724121094e-05
Time: prepare 0.0619    bound 2.4957    transfer 0.9432    finalize 0.0199    func 3.5212    
Accumulated time: func 27.1385    prepare 0.4601    bound 19.3580    transfer 7.1759    finalize 0.1513    
Current worst splitting domains lb-rhs (depth):
-0.15540 (14), -0.15084 (15), -0.15064 (15), -0.14933 (15), -0.14852 (15), -0.14737 (15), -0.14683 (15), -0.14533 (14), -0.14298 (16), -0.14169 (16), -0.13959 (15), -0.13927 (17), -0.13913 (16), -0.13906 (15), -0.13832 (15), -0.13824 (16), -0.13807 (16), -0.13738 (15), -0.13669 (18), -0.13572 (15), 
Length of domains: 5325
Time: pickout 0.0437    decision 2.1350    set_bounds 0.1955    solve 3.5217    add 1.0880    
Accumulated time: pickout 0.3349    decision 16.5812    set_bounds 0.9308    solve 27.1420    add 10.9662    
Current (lb-rhs): -0.15539979934692383
13152 domains visited
Cumulative time: 57.840147256851196

BaB round 18
batch: 1024
splitting decisions: 
split level 0: [/input-40, 7155] [/input-40, 1436] [/input-40, 1462] [/input-40, 7066] [/input-40, 7155] [/input-40, 7155] [/input-40, 7066] [/input-40, 7155] [/input-40, 1430] [/input-24, 8779] 
pruning_in_iteration open status: False
ratio of positive domain = 317 / 2048 = 0.15478515625
pruning-in-iteration extra time: 4.601478576660156e-05
Time: prepare 0.0626    bound 2.4953    transfer 0.9711    finalize 0.0194    func 3.5490    
Accumulated time: func 30.6875    prepare 0.5233    bound 21.8533    transfer 8.1470    finalize 0.1707    
Current worst splitting domains lb-rhs (depth):
-0.15540 (14), -0.15084 (15), -0.15064 (15), -0.14933 (15), -0.14852 (15), -0.14737 (15), -0.14683 (15), -0.14533 (14), -0.14298 (16), -0.14169 (16), -0.13959 (15), -0.13927 (17), -0.13913 (16), -0.13906 (15), -0.13832 (15), -0.13824 (16), -0.13807 (16), -0.13738 (15), -0.13669 (18), -0.13572 (15), 
Length of domains: 5993
Time: pickout 0.0440    decision 2.1378    set_bounds 0.2032    solve 3.5495    add 1.0687    
Accumulated time: pickout 0.3789    decision 18.7190    set_bounds 1.1340    solve 30.6914    add 12.0350    
Current (lb-rhs): -0.15539979934692383
14844 domains visited
Cumulative time: 64.98487973213196

BaB round 19
batch: 1024
splitting decisions: 
split level 0: [/input-24, 18840] [/input-24, 18840] [/input-40, 1430] [/input-40, 1462] [/input-40, 6860] [/input-40, 1436] [/input-40, 1436] [/input-24, 18840] [/input-40, 1436] [/input-40, 7066] 
pruning_in_iteration open status: False
ratio of positive domain = 383 / 2048 = 0.18701171875
pruning-in-iteration extra time: 0.00029969215393066406
Time: prepare 0.0613    bound 2.4945    transfer 0.9684    finalize 0.0199    func 3.7236    
Accumulated time: func 34.4111    prepare 0.5854    bound 24.3478    transfer 9.1154    finalize 0.1906    
Current worst splitting domains lb-rhs (depth):
-0.15540 (14), -0.15084 (15), -0.15064 (15), -0.14933 (15), -0.14852 (15), -0.14737 (15), -0.14683 (15), -0.14533 (14), -0.14298 (16), -0.14169 (16), -0.13959 (15), -0.13927 (17), -0.13913 (16), -0.13906 (15), -0.13832 (15), -0.13824 (16), -0.13807 (16), -0.13738 (15), -0.13669 (18), -0.13572 (15), 
Length of domains: 6585
Time: pickout 0.0444    decision 2.1388    set_bounds 0.0406    solve 3.7241    add 1.0008    
Accumulated time: pickout 0.4234    decision 20.8578    set_bounds 1.1746    solve 34.4155    add 13.0358    
Current (lb-rhs): -0.15539979934692383
16460 domains visited
Cumulative time: 72.0731189250946

BaB round 20
batch: 1024
splitting decisions: 
split level 0: [/input-40, 7155] [/input-24, 18840] [/input-24, 18840] [/input-24, 18840] [/input-24, 18840] [/input-40, 6860] [/input-40, 1462] [/input-40, 1932] [/input-40, 7155] [/input-72, 76] 
pruning_in_iteration open status: True
ratio of positive domain = 489 / 2048 = 0.23876953125
pruning-in-iteration extra time: 0.003482341766357422
Time: prepare 0.0632    bound 2.2611    transfer 0.9540    finalize 0.0195    func 3.2985    
Accumulated time: func 37.7096    prepare 0.6492    bound 26.6089    transfer 10.0694    finalize 0.2101    
Current worst splitting domains lb-rhs (depth):
-0.15540 (14), -0.15084 (15), -0.15064 (15), -0.14933 (15), -0.14852 (15), -0.14737 (15), -0.14683 (15), -0.14533 (14), -0.14298 (16), -0.14169 (16), -0.13959 (15), -0.13927 (17), -0.13913 (16), -0.13906 (15), -0.13832 (15), -0.13824 (16), -0.13807 (16), -0.13738 (15), -0.13669 (18), -0.13572 (15), 
Length of domains: 7120
Time: pickout 0.0455    decision 2.1392    set_bounds 0.0408    solve 3.2990    add 0.9840    
Accumulated time: pickout 0.4689    decision 22.9970    set_bounds 1.2154    solve 37.7145    add 14.0198    
Current (lb-rhs): -0.15539979934692383
18019 domains visited
Cumulative time: 78.72291469573975

BaB round 21
batch: 1024
splitting decisions: 
split level 0: [/input-40, 1456] [/input-24, 18840] [/input-24, 14920] [/input-40, 1462] [/input-24, 26214] [/input-24, 26214] [/input-24, 17287] [/input-40, 1436] [/input-72, 76] [/input-40, 1456] 
pruning_in_iteration open status: True
ratio of positive domain = 477 / 2048 = 0.23291015625
pruning-in-iteration extra time: 0.0030660629272460938
Time: prepare 0.0635    bound 2.3286    transfer 0.9792    finalize 0.0210    func 3.3930    
Accumulated time: func 41.1026    prepare 0.7135    bound 28.9375    transfer 11.0486    finalize 0.2311    
Current worst splitting domains lb-rhs (depth):
-0.15540 (14), -0.15084 (15), -0.15064 (15), -0.14933 (15), -0.14852 (15), -0.14737 (15), -0.14683 (15), -0.14533 (14), -0.14298 (16), -0.14169 (16), -0.13959 (15), -0.13927 (17), -0.13913 (16), -0.13906 (15), -0.13832 (15), -0.13824 (16), -0.13807 (16), -0.13738 (15), -0.13669 (18), -0.13572 (15), 
Length of domains: 7667
Time: pickout 0.0484    decision 2.1417    set_bounds 0.2354    solve 3.3936    add 0.9931    
Accumulated time: pickout 0.5173    decision 25.1387    set_bounds 1.4508    solve 41.1081    add 15.0129    
Current (lb-rhs): -0.15539979934692383
19590 domains visited
Cumulative time: 85.67797589302063

BaB round 22
batch: 1024
splitting decisions: 
split level 0: [/input-40, 1430] [/input-72, 76] [/input-40, 1428] [/input-40, 7155] [/input-40, 1428] [/input-40, 1428] [/input-72, 1] [/input-24, 25704] [/input-40, 1462] [/input-24, 2263] 
pruning_in_iteration open status: True
ratio of positive domain = 540 / 2048 = 0.263671875
pruning-in-iteration extra time: 0.0034487247467041016
Time: prepare 0.0626    bound 2.2292    transfer 0.9573    finalize 0.0276    func 3.2768    
Accumulated time: func 44.3794    prepare 0.7768    bound 31.1667    transfer 12.0059    finalize 0.2588    
Current worst splitting domains lb-rhs (depth):
-0.15540 (14), -0.15084 (15), -0.15064 (15), -0.14933 (15), -0.14852 (15), -0.14737 (15), -0.14683 (15), -0.14533 (14), -0.14298 (16), -0.14169 (16), -0.13959 (15), -0.13927 (17), -0.13913 (16), -0.13906 (15), -0.13832 (15), -0.13824 (16), -0.13807 (16), -0.13738 (15), -0.13669 (18), -0.13572 (15), 
Length of domains: 8151
Time: pickout 0.0454    decision 2.1422    set_bounds 0.0412    solve 3.2774    add 0.9740    
Accumulated time: pickout 0.5628    decision 27.2808    set_bounds 1.4920    solve 44.3855    add 15.9869    
Current (lb-rhs): -0.15539979934692383
21098 domains visited
Cumulative time: 92.30537033081055

BaB round 23
batch: 1024
splitting decisions: 
split level 0: [/input-72, 1] [/input-40, 6860] [/input-24, 25704] [/input-40, 1456] [/input-24, 26214] [/input-40, 649] [/input-24, 2263] [/input-72, 76] [/input-24, 26214] [/input-24, 26214] 
pruning_in_iteration open status: True
ratio of positive domain = 552 / 2048 = 0.26953125
pruning-in-iteration extra time: 0.003463268280029297
Time: prepare 0.0641    bound 2.2249    transfer 0.9881    finalize 0.0247    func 3.3020    
Accumulated time: func 47.6814    prepare 0.8416    bound 33.3916    transfer 12.9941    finalize 0.2834    
Current worst splitting domains lb-rhs (depth):
-0.15540 (14), -0.15084 (15), -0.15064 (15), -0.14933 (15), -0.14852 (15), -0.14737 (15), -0.14683 (15), -0.14533 (14), -0.14298 (16), -0.14169 (16), -0.13959 (15), -0.13927 (17), -0.13913 (16), -0.13906 (15), -0.13832 (15), -0.13824 (16), -0.13807 (16), -0.13738 (15), -0.13669 (18), -0.13572 (15), 
Length of domains: 8623
Time: pickout 0.0474    decision 2.1432    set_bounds 0.2467    solve 3.3026    add 4.4215    
Accumulated time: pickout 0.6101    decision 29.4240    set_bounds 1.7386    solve 47.6881    add 20.4085    
Current (lb-rhs): -0.15539979934692383
22594 domains visited
Time out!!!!!!!!
Result: timeout
Time: 106.14516997337341

------------------------- COMMAND ------------------------------
/data1/Kane/miniconda3/envs/GenBaB/bin/python /data1/Kane/GenBaB/alpha-beta-CROWN/complete_verifier/abcrown.py --config /data1/Kane/GenBaB/alpha-beta-CROWN/complete_verifier/exp_configs/vnncomp24/cifar100.yaml --precompile_jit --onnx_path /data1/Kane/data/vnncomp2025_benchmarks/benchmarks/cifar100_2024/onnx/CIFAR100_resnet_large.onnx --vnnlib_path /data1/Kane/data/vnncomp2025_benchmarks/benchmarks/cifar100_2024/vnnlib/CIFAR100_resnet_large_prop_idx_2624_sidx_917_eps_0.0039.vnnlib --results_file /data1/Kane/ACT/audit_results/abcrown_nopgd_20260525/cifar100_2024/0194__CIFAR100_resnet_large__CIFAR100_resnet_large_prop_idx_2624_sidx_917_eps_0.0039.result --timeout 100.0 --save_adv_example --pgd_order=skip
----------------------------------------------------------------

