INFO:act.front_end.vnnlib_loader.data_model_loader:Loading VNNLIB instance: cgan_2023/onnx/cGAN_imgSz32_nCh_3_small_transformer.onnx
INFO:act.front_end.vnnlib_loader.data_model_loader:[1/3] Converting ONNX model to PyTorch...
INFO:act.front_end.vnnlib_loader.onnx_converter:Loading ONNX model from /data1/Kane/data/vnncomp2025_benchmarks/benchmarks/cgan_2023/onnx/cGAN_imgSz32_nCh_3_small_transformer.onnx
INFO:act.front_end.vnnlib_loader.onnx_converter:Converting ONNX to PyTorch (simplify-first; raw fallback)
INFO:act.front_end.vnnlib_loader.onnx_converter:Upgrading ONNX opset 9 → 13
INFO:act.front_end.vnnlib_loader.onnx_converter:Simplifying ONNX model
/data1/Kane/miniconda3/envs/act-py312/lib/python3.12/site-packages/onnx2torch/node_converters/resize.py:137: UserWarning: Pytorch's nearest neighbor interpolate uses the "floor" nearest_mode. For others modes, the results might differ significantly!
  warnings.warn(
/data1/Kane/miniconda3/envs/act-py312/lib/python3.12/site-packages/onnx2torch/node_converters/resize.py:143: UserWarning: Pytorch's nearest neighbor interpolation uses "asymmetric" coordinate_transformation_mode. For others modes, the results might differ significantly!
  warnings.warn(
INFO:act.front_end.vnnlib_loader.onnx_converter:Converted model to device=cuda:0, dtype=torch.float64
INFO:act.front_end.vnnlib_loader.onnx_converter:Successfully converted ONNX model: cGAN_imgSz32_nCh_3_small_transformer.onnx
INFO:act.front_end.vnnlib_loader.data_model_loader:  ✓ Model converted successfully
INFO:act.front_end.vnnlib_loader.data_model_loader:[2/3] Extracting input shape...
INFO:act.front_end.vnnlib_loader.onnx_converter:Extracted input shape: [1, 5]
INFO:act.front_end.vnnlib_loader.data_model_loader:  ✓ Input shape: (1, 5)
INFO:act.front_end.vnnlib_loader.data_model_loader:[3/3] Parsing VNNLIB specification...
INFO:act.front_end.vnnlib_loader.vnnlib_parser:Parsed VNNLIB: 5 inputs, 1 outputs, type=safety
INFO:act.front_end.vnnlib_loader.data_model_loader:  ✓ Parsed VNNLIB: 5 inputs, 1 outputs
INFO:act.front_end.vnnlib_loader.data_model_loader:Successfully loaded VNNLIB instance from 'cgan_2023'
INFO:act.front_end.vnnlib_loader.vnnlib_parser:Parsed cGAN_imgSz32_nCh_3_small_transformer_prop_1_input_eps_0.010_output_eps_0.015.vnnlib: 2 query(ies)
WARNING:act.back_end.solver.solver_hz:L50 FALLBACK (OutOfMemoryError): CUDA out of memory. Tried to allocate 12.19 GiB. GPU 0 has a total capacity of 94.96 GiB of which 7.31 GiB is free. Process 2687037 has 690.00 MiB memory in use. Process 3805615 has 14.52 GiB memory in use. Including non-PyTorch memory, this process has 28.61 GiB memory in use. Process 3805617 has 14.52 GiB memory in use. Process 3805618 has 14.52 GiB memory in use. Process 3805619 has 14.52 GiB memory in use. Of the allocated memory 26.91 GiB is allocated by PyTorch, and 1.05 GiB is reserved by PyTorch but unallocated. If reserved but unallocated memory is large try setting PYTORCH_CUDA_ALLOC_CONF=expandable_segments:True to avoid fragmentation.  See documentation for Memory Management  (https://pytorch.org/docs/stable/notes/cuda.html#environment-variables)
WARNING:act.back_end.solver.solver_hz:L53 FALLBACK (OutOfMemoryError): CUDA out of memory. Tried to allocate 4.19 GiB. GPU 0 has a total capacity of 94.96 GiB of which 3.12 GiB is free. Process 2687037 has 690.00 MiB memory in use. Process 3805615 has 14.52 GiB memory in use. Including non-PyTorch memory, this process has 32.79 GiB memory in use. Process 3805617 has 14.52 GiB memory in use. Process 3805618 has 14.52 GiB memory in use. Process 3805619 has 14.52 GiB memory in use. Of the allocated memory 31.14 GiB is allocated by PyTorch, and 1.01 GiB is reserved by PyTorch but unallocated. If reserved but unallocated memory is large try setting PYTORCH_CUDA_ALLOC_CONF=expandable_segments:True to avoid fragmentation.  See documentation for Memory Management  (https://pytorch.org/docs/stable/notes/cuda.html#environment-variables)
WARNING:act.back_end.solver.solver_hz:L58 FALLBACK (OutOfMemoryError): CUDA out of memory. Tried to allocate 8.00 GiB. GPU 0 has a total capacity of 94.96 GiB of which 3.12 GiB is free. Process 2687037 has 690.00 MiB memory in use. Process 3805615 has 14.52 GiB memory in use. Including non-PyTorch memory, this process has 32.80 GiB memory in use. Process 3805617 has 14.52 GiB memory in use. Process 3805618 has 14.52 GiB memory in use. Process 3805619 has 14.52 GiB memory in use. Of the allocated memory 31.14 GiB is allocated by PyTorch, and 1.01 GiB is reserved by PyTorch but unallocated. If reserved but unallocated memory is large try setting PYTORCH_CUDA_ALLOC_CONF=expandable_segments:True to avoid fragmentation.  See documentation for Memory Management  (https://pytorch.org/docs/stable/notes/cuda.html#environment-variables)
WARNING:act.back_end.solver.solver_hz:L60 FALLBACK (OutOfMemoryError): CUDA out of memory. Tried to allocate 8.00 GiB. GPU 0 has a total capacity of 94.96 GiB of which 3.12 GiB is free. Process 2687037 has 690.00 MiB memory in use. Process 3805615 has 14.52 GiB memory in use. Including non-PyTorch memory, this process has 32.80 GiB memory in use. Process 3805617 has 14.52 GiB memory in use. Process 3805618 has 14.52 GiB memory in use. Process 3805619 has 14.52 GiB memory in use. Of the allocated memory 31.14 GiB is allocated by PyTorch, and 1.01 GiB is reserved by PyTorch but unallocated. If reserved but unallocated memory is large try setting PYTORCH_CUDA_ALLOC_CONF=expandable_segments:True to avoid fragmentation.  See documentation for Memory Management  (https://pytorch.org/docs/stable/notes/cuda.html#environment-variables)
WARNING:act.back_end.solver.solver_hz:L90 FALLBACK (OutOfMemoryError): CUDA out of memory. Tried to allocate 512.00 MiB. GPU 0 has a total capacity of 94.96 GiB of which 104.19 MiB is free. Process 2687037 has 690.00 MiB memory in use. Process 3805615 has 14.53 GiB memory in use. Including non-PyTorch memory, this process has 35.80 GiB memory in use. Process 3805617 has 14.52 GiB memory in use. Process 3805618 has 14.52 GiB memory in use. Process 3805619 has 14.52 GiB memory in use. Of the allocated memory 34.42 GiB is allocated by PyTorch, and 753.95 MiB is reserved by PyTorch but unallocated. If reserved but unallocated memory is large try setting PYTORCH_CUDA_ALLOC_CONF=expandable_segments:True to avoid fragmentation.  See documentation for Memory Management  (https://pytorch.org/docs/stable/notes/cuda.html#environment-variables)
[ACT] Using existing Gurobi license: ../ACT/modules/gurobi/gurobi.lic
✅ Device Manager Initialized: device=cuda:0, dtype=torch.float64

================================================================================
ACT: Abstract Constraint Transformer
Inference-based whitebox fuzzing for neural network verification
================================================================================


================================================================================
VERIFICATION TEST: VNNLIB → VerifiableModel → verify_once
================================================================================

[vnnlib] category=cgan_2023 max_instances=1 mode=hybridz (full TOP1_ROBUST via labeled_tensor collapse; device=cuda, timeout=300.0s)
  [  1/1] cgan_2023/onnx/cGAN_imgSz32_nCh_3_small_transformer.onnx@vnnlib/cGAN_imgSz32_nCh_3_small_transformer_prop_1_input_eps_0.010_output_eps_0.015.vnnlib: ERROR_OutOfMemoryError (21.3s)  V=0 A=0 U=0 E=1  R=0
Traceback (most recent call last):
  File "/data1/Kane/ACT/act/pipeline/cli.py", line 1364, in cmd_verify
    _run_vnnlib_verify(args)
  File "/data1/Kane/ACT/act/pipeline/cli.py", line 549, in _run_vnnlib_verify
    return _run_vnnlib_verify_hybridz(args)
           ^^^^^^^^^^^^^^^^^^^^^^^^^^^^^^^^
  File "/data1/Kane/ACT/act/pipeline/cli.py", line 1249, in _run_vnnlib_verify_hybridz
    raise RuntimeError(
RuntimeError: VERIFICATION_RUN_FAILED: ERROR=1. Per-instance log preserved; inspect instance error fields.

[vnnlib/hybridz] FINAL — total=1 wall=0.4 min
  ERROR        1
  [structured] per-instance log → /data1/Kane/ACT/audit_results/sigmoid_K_ablation_20260530T022248Z/cgan_2023_tanhK4/per_instance_cgan_2023_20260530T023612405082Z.json

❌ Test failed: VERIFICATION_RUN_FAILED: ERROR=1. Per-instance log preserved; inspect instance error fields.

================================================================================
VERIFICATION TEST SUMMARY
================================================================================
  ❌ vnnlib                    FAILED
================================================================================

