=== CORA STRICT: bench=safenlp_2024 idx=693  timeout=20  start=2026-05-27 02:45:27
=== onnx=onnx/ruarobot/perturbations_0.onnx
=== vnnlib=vnnlib/ruarobot/hyperrectangle_4230.vnnlib
prepare_instance(safenlp_2024,/data1/Kane/data/vnncomp2025_benchmarks/benchmarks/safenlp_2024/onnx/ruarobot/perturbations_0.onnx,/data1/Kane/data/vnncomp2025_benchmarks/benchmarks/safenlp_2024/vnnlib/ruarobot/hyperrectangle_4230.vnnlib)...
--- Loading network... done
--- GPU available: true
--- Loading specification... done
--- Storing MATLAB file... done
______________________________
 neuralNetwork/verify options 
------------------------------
 - GPU: true                                                                                                                                                                                                                                                                                                  
 - Poly. Method: bounds                                     
 - Batchsize: 1024                                                                                                                          
 - Interval Center: false                 
 - Num. init. Generators: Inf 
 - Num. approx. Error (per nonl. Layer): Inf 
 - approx. Error Heuristic: sensitivity*length 
 - Falsification Method: center 
 - Refinement Method: naive     
 - Num. of Splits: 2                                                                                  
 - Num. of Dimensions: 1                          
 - Num. of Neuron-Splits: 0     
 - Num. of ReLU-Tightening Constraints: 0 
______________________________

run_instance(safenlp_2024,/data1/Kane/data/vnncomp2025_benchmarks/benchmarks/safenlp_2024/onnx/ruarobot/perturbations_0.onnx,/data1/Kane/data/vnncomp2025_benchmarks/benchmarks/safenlp_2024/vnnlib/ruarobot/hyperrectangle_4230.vnnlib,/data1/Kane/ACT/audit_results/cora_strict_20260526/safenlp_2024/0693__perturbations_0__hyperrectangle_4230.result,20,0)...
--- Loading MATLAB file... done
--- Deleting MATLAB file... done
--- GPU available: true
--- Running verification... done
Writing results...
--- opening results file ... done
--- writing file ...=== CORA STRICT: verdict=unknown wall=1.592s
