=== CORA STRICT: bench=sat_relu idx=95  timeout=100  start=2026-05-26 23:54:01
=== onnx=onnx/sat_v16_c39.onnx
=== vnnlib=vnnlib/sat_v16_c39.vnnlib
prepare_instance(sat_relu,/data1/Kane/data/vnncomp2025_benchmarks/benchmarks/sat_relu/onnx/sat_v16_c39.onnx,/data1/Kane/data/vnncomp2025_benchmarks/benchmarks/sat_relu/vnnlib/sat_v16_c39.vnnlib)...
--- Loading network... done
--- GPU available: true
--- Loading specification... done
--- Storing MATLAB file... done
______________________________
 neuralNetwork/verify options 
------------------------------
 - GPU: true                                                                                                                                                                                                                                                                                                  
 - Poly. Method: bounds                                     
 - Batchsize: 1024                                                                                                                          
 - Interval Center: false                 
 - Num. init. Generators: Inf 
 - Num. approx. Error (per nonl. Layer): Inf 
 - approx. Error Heuristic: sensitivity*length 
 - Falsification Method: center 
 - Refinement Method: naive     
 - Num. of Splits: 2                                                                                  
 - Num. of Dimensions: 1                          
 - Num. of Neuron-Splits: 0     
 - Num. of ReLU-Tightening Constraints: 0 
______________________________

run_instance(sat_relu,/data1/Kane/data/vnncomp2025_benchmarks/benchmarks/sat_relu/onnx/sat_v16_c39.onnx,/data1/Kane/data/vnncomp2025_benchmarks/benchmarks/sat_relu/vnnlib/sat_v16_c39.vnnlib,/data1/Kane/ACT/audit_results/cora_strict_20260526/sat_relu/0095__sat_v16_c39__sat_v16_c39.result,100,0)...
--- Loading MATLAB file... done
--- Deleting MATLAB file... done
--- GPU available: true
--- Running verification... done
Writing results...
--- opening results file ... done
--- writing file ...=== CORA STRICT: verdict=unknown wall=1.017s
[2026-05-26 23:54:02] [sat_relu] 95/100 sat=0 unsat=0 timeout=64 err=0 resumed=31
