INFO:act.front_end.vnnlib_loader.data_model_loader:Loading VNNLIB instance: yolo_2023/onnx/TinyYOLO.onnx
INFO:act.front_end.vnnlib_loader.data_model_loader:[1/3] Converting ONNX model to PyTorch...
INFO:act.front_end.vnnlib_loader.onnx_converter:Loading ONNX model from /data1/Kane/data/vnncomp2025_benchmarks/benchmarks/yolo_2023/onnx/TinyYOLO.onnx
INFO:act.front_end.vnnlib_loader.onnx_converter:Converting ONNX to PyTorch (simplify-first; raw fallback)
INFO:act.front_end.vnnlib_loader.onnx_converter:Upgrading ONNX opset 9 → 13
INFO:act.front_end.vnnlib_loader.onnx_converter:Simplifying ONNX model
INFO:act.front_end.vnnlib_loader.onnx_converter:Converted model to device=cuda:0, dtype=torch.float64
INFO:act.front_end.vnnlib_loader.onnx_converter:Successfully converted ONNX model: TinyYOLO.onnx
INFO:act.front_end.vnnlib_loader.data_model_loader:  ✓ Model converted successfully
INFO:act.front_end.vnnlib_loader.data_model_loader:[2/3] Extracting input shape...
INFO:act.front_end.vnnlib_loader.onnx_converter:Extracted input shape: [1, 3, 52, 52]
INFO:act.front_end.vnnlib_loader.data_model_loader:  ✓ Input shape: (1, 3, 52, 52)
INFO:act.front_end.vnnlib_loader.data_model_loader:[3/3] Parsing VNNLIB specification...
INFO:act.front_end.vnnlib_loader.vnnlib_parser:Parsed VNNLIB: 8112 inputs, 21125 outputs, type=unknown
INFO:act.front_end.vnnlib_loader.data_model_loader:  ✓ Parsed VNNLIB: 8112 inputs, 21125 outputs
INFO:act.front_end.vnnlib_loader.data_model_loader:Successfully loaded VNNLIB instance from 'yolo_2023'
INFO:act.front_end.vnnlib_loader.vnnlib_parser:Parsed TinyYOLO_prop_000015_eps_1_255.vnnlib: 1 query(ies)
INFO:act.back_end.solver.solver_hz:large_cls_proof_mode ACTIVE: conv=14 out_dim=21125 relus=7 (triangle for relu 1..6, eq_lagr_v8 for last 1)
WARNING:act.back_end.solver.solver_hz:L7 FALLBACK (OutOfMemoryError): CUDA out of memory. Tried to allocate 3.87 GiB. GPU 0 has a total capacity of 94.96 GiB of which 3.30 GiB is free. Process 2687037 has 690.00 MiB memory in use. Process 1178338 has 44.38 GiB memory in use. Including non-PyTorch memory, this process has 25.27 GiB memory in use. Process 1178910 has 13.46 GiB memory in use. Process 1178911 has 7.59 GiB memory in use. Of the allocated memory 24.62 GiB is allocated by PyTorch, and 12.73 MiB is reserved by PyTorch but unallocated. If reserved but unallocated memory is large try setting PYTORCH_CUDA_ALLOC_CONF=expandable_segments:True to avoid fragmentation.  See documentation for Memory Management  (https://pytorch.org/docs/stable/notes/cuda.html#environment-variables)
WARNING:act.back_end.solver.solver_hz:L27 FALLBACK (OutOfMemoryError): CUDA out of memory. Tried to allocate 1.31 GiB. GPU 0 has a total capacity of 94.96 GiB of which 489.50 MiB is free. Process 2687037 has 690.00 MiB memory in use. Process 1178338 has 44.38 GiB memory in use. Including non-PyTorch memory, this process has 26.59 GiB memory in use. Process 1178910 has 15.96 GiB memory in use. Process 1178911 has 6.59 GiB memory in use. Of the allocated memory 24.90 GiB is allocated by PyTorch, and 1.04 GiB is reserved by PyTorch but unallocated. If reserved but unallocated memory is large try setting PYTORCH_CUDA_ALLOC_CONF=expandable_segments:True to avoid fragmentation.  See documentation for Memory Management  (https://pytorch.org/docs/stable/notes/cuda.html#environment-variables)
[ACT] Using existing Gurobi license: modules/gurobi/gurobi.lic
✅ Device Manager Initialized: device=cuda:0, dtype=torch.float64

================================================================================
ACT: Abstract Constraint Transformer
Inference-based whitebox fuzzing for neural network verification
================================================================================


================================================================================
VERIFICATION TEST: VNNLIB → VerifiableModel → verify_once
================================================================================

[vnnlib] category=yolo_2023 max_instances=1 mode=hybridz (full TOP1_ROBUST via labeled_tensor collapse; device=cuda, timeout=120.0s)
  [  1/1] yolo_2023/onnx/TinyYOLO.onnx@vnnlib/TinyYOLO_prop_000015_eps_1_255.vnnlib: UNKNOWN (7.8s)  V=0 A=0 U=1 E=0  R=0

[vnnlib/hybridz] FINAL — total=1 wall=0.1 min
  UNKNOWN      1
  [structured] per-instance log → /data1/Kane/ACT/audit_results/yolo_avgpool_exact_20260529T130324Z/b18_35/per_instance_yolo_2023_20260529T130610402915Z.json

================================================================================
VERIFICATION TEST SUMMARY
================================================================================
  ✅ vnnlib                    PASSED
================================================================================

