[ACT] Auto-detecting project root: .
[ACT] Gurobi license found: modules/gurobi/gurobi.lic
{
  "benchmark": "yolo_2023",
  "instance_id": 0,
  "status": "EXIT_NONZERO",
  "cli_normalized": "ERROR_WATCHDOG_EXIT_NONZERO",
  "wall_s": 9.505209587980062,
  "peak_rss_mb": 2575.734375,
  "returncode": 1,
  "per_instance_json": "/data1/Kane/ACT/audit_results/yolo_selective_score_20260530T051511Z/balanced_k2048/per_instance_yolo_2023_watchdog_iid0_20260530T051523578800Z.json",
  "out_dir": "/data1/Kane/ACT/audit_results/yolo_selective_score_20260530T051511Z/balanced_k2048",
  "stdout_tail": "evice Manager Initialized: device=cuda:0, dtype=torch.float64\n\n================================================================================\nACT: Abstract Constraint Transformer\nInference-based whitebox fuzzing for neural network verification\n================================================================================\n\n\n================================================================================\nVERIFICATION TEST: VNNLIB \u2192 VerifiableModel \u2192 verify_once\n================================================================================\n\n[vnnlib] category=yolo_2023 max_instances=1 mode=hybridz (full TOP1_ROBUST via labeled_tensor collapse; device=cuda, timeout=120.0s)\n  [  1/1] yolo_2023/onnx/TinyYOLO.onnx@vnnlib/TinyYOLO_prop_000005_eps_1_255.vnnlib: ERROR_OutOfMemoryError (5.9s)  V=0 A=0 U=0 E=1  R=0\nTraceback (most recent call last):\n  File \"/data1/Kane/ACT/act/pipeline/cli.py\", line 1364, in cmd_verify\n    _run_vnnlib_verify(args)\n  File \"/data1/Kane/ACT/act/pipeline/cli.py\", line 549, in _run_vnnlib_verify\n    return _run_vnnlib_verify_hybridz(args)\n           ^^^^^^^^^^^^^^^^^^^^^^^^^^^^^^^^\n  File \"/data1/Kane/ACT/act/pipeline/cli.py\", line 1249, in _run_vnnlib_verify_hybridz\n    raise RuntimeError(\nRuntimeError: VERIFICATION_RUN_FAILED: ERROR=1. Per-instance log preserved; inspect instance error fields.\n\n[vnnlib/hybridz] FINAL \u2014 total=1 wall=0.1 min\n  ERROR        1\n  [structured] per-instance log \u2192 /data1/Kane/ACT/audit_results/yolo_selective_score_20260530T051511Z/balanced_k2048/per_instance_yolo_2023_20260530T051522161304Z.json\n\n\u274c Test failed: VERIFICATION_RUN_FAILED: ERROR=1. Per-instance log preserved; inspect instance error fields.\n\n================================================================================\nVERIFICATION TEST SUMMARY\n================================================================================\n  \u274c vnnlib                    FAILED\n================================================================================\n\n"
}
{
  "benchmark": "yolo_2023",
  "instance_id": 1,
  "status": "EXIT_NONZERO",
  "cli_normalized": "ERROR_WATCHDOG_EXIT_NONZERO",
  "wall_s": 11.006301589077339,
  "peak_rss_mb": 2635.8515625,
  "returncode": 1,
  "per_instance_json": "/data1/Kane/ACT/audit_results/yolo_selective_score_20260530T051511Z/balanced_k2048/per_instance_yolo_2023_watchdog_iid1_20260530T051534586605Z.json",
  "out_dir": "/data1/Kane/ACT/audit_results/yolo_selective_score_20260530T051511Z/balanced_k2048",
  "stdout_tail": "evice Manager Initialized: device=cuda:0, dtype=torch.float64\n\n================================================================================\nACT: Abstract Constraint Transformer\nInference-based whitebox fuzzing for neural network verification\n================================================================================\n\n\n================================================================================\nVERIFICATION TEST: VNNLIB \u2192 VerifiableModel \u2192 verify_once\n================================================================================\n\n[vnnlib] category=yolo_2023 max_instances=1 mode=hybridz (full TOP1_ROBUST via labeled_tensor collapse; device=cuda, timeout=120.0s)\n  [  1/1] yolo_2023/onnx/TinyYOLO.onnx@vnnlib/TinyYOLO_prop_000459_eps_1_255.vnnlib: ERROR_OutOfMemoryError (7.3s)  V=0 A=0 U=0 E=1  R=0\nTraceback (most recent call last):\n  File \"/data1/Kane/ACT/act/pipeline/cli.py\", line 1364, in cmd_verify\n    _run_vnnlib_verify(args)\n  File \"/data1/Kane/ACT/act/pipeline/cli.py\", line 549, in _run_vnnlib_verify\n    return _run_vnnlib_verify_hybridz(args)\n           ^^^^^^^^^^^^^^^^^^^^^^^^^^^^^^^^\n  File \"/data1/Kane/ACT/act/pipeline/cli.py\", line 1249, in _run_vnnlib_verify_hybridz\n    raise RuntimeError(\nRuntimeError: VERIFICATION_RUN_FAILED: ERROR=1. Per-instance log preserved; inspect instance error fields.\n\n[vnnlib/hybridz] FINAL \u2014 total=1 wall=0.1 min\n  ERROR        1\n  [structured] per-instance log \u2192 /data1/Kane/ACT/audit_results/yolo_selective_score_20260530T051511Z/balanced_k2048/per_instance_yolo_2023_20260530T051533044988Z.json\n\n\u274c Test failed: VERIFICATION_RUN_FAILED: ERROR=1. Per-instance log preserved; inspect instance error fields.\n\n================================================================================\nVERIFICATION TEST SUMMARY\n================================================================================\n  \u274c vnnlib                    FAILED\n================================================================================\n\n"
}
{
  "benchmark": "yolo_2023",
  "instance_id": 2,
  "status": "OK",
  "cli_normalized": "OK",
  "wall_s": 10.505028116051108,
  "peak_rss_mb": 2635.96875,
  "returncode": 0,
  "per_instance_json": "/data1/Kane/ACT/audit_results/yolo_selective_score_20260530T051511Z/balanced_k2048/per_instance_yolo_2023_20260530T051543815301Z.json",
  "out_dir": "/data1/Kane/ACT/audit_results/yolo_selective_score_20260530T051511Z/balanced_k2048",
  "stdout_tail": "uding non-PyTorch memory, this process has 11.16 GiB memory in use. Process 284032 has 8.53 GiB memory in use. Of the allocated memory 10.49 GiB is allocated by PyTorch, and 33.15 MiB is reserved by PyTorch but unallocated. If reserved but unallocated memory is large try setting PYTORCH_CUDA_ALLOC_CONF=expandable_segments:True to avoid fragmentation.  See documentation for Memory Management  (https://pytorch.org/docs/stable/notes/cuda.html#environment-variables)\nWARNING:act.back_end.solver.solver_hz:L28 FALLBACK (AttributeError): 'SparseGcZ' object has no attribute 'Gc'\n[ACT] Using existing Gurobi license: modules/gurobi/gurobi.lic\n\u2705 Device Manager Initialized: device=cuda:0, dtype=torch.float64\n\n================================================================================\nACT: Abstract Constraint Transformer\nInference-based whitebox fuzzing for neural network verification\n================================================================================\n\n\n================================================================================\nVERIFICATION TEST: VNNLIB \u2192 VerifiableModel \u2192 verify_once\n================================================================================\n\n[vnnlib] category=yolo_2023 max_instances=1 mode=hybridz (full TOP1_ROBUST via labeled_tensor collapse; device=cuda, timeout=120.0s)\n  [  1/1] yolo_2023/onnx/TinyYOLO.onnx@vnnlib/TinyYOLO_prop_000290_eps_1_255.vnnlib: UNKNOWN (7.0s)  V=0 A=0 U=1 E=0  R=0\n\n[vnnlib/hybridz] FINAL \u2014 total=1 wall=0.1 min\n  UNKNOWN      1\n  [structured] per-instance log \u2192 /data1/Kane/ACT/audit_results/yolo_selective_score_20260530T051511Z/balanced_k2048/per_instance_yolo_2023_20260530T051543815301Z.json\n\n================================================================================\nVERIFICATION TEST SUMMARY\n================================================================================\n  \u2705 vnnlib                    PASSED\n================================================================================\n\n"
}
[watchdog] summary written: /data1/Kane/ACT/audit_results/yolo_selective_score_20260530T051511Z/balanced_k2048/watchdog_summary.json
