[0;93m2026-05-26 09:52:57.984995232 [W:onnxruntime:Default, device_discovery.cc:283 GetGpuDevices] Failed to detect devices under "/sys/class/drm/card0": device_discovery.cc:93 ReadFileContents Failed to open file: "/sys/class/drm/card0/device/vendor"[m
INFO     09:52:58     [tensor_storage.py:70] Hugepage enabled for branch-and-bound domains.
Configurations:

general:
  device: cuda
  seed: 100
  conv_mode: patches
  deterministic: false
  double_fp: false
  loss_reduction_func: sum
  sparse_alpha: true
  sparse_interm: true
  save_adv_example: true
  verify_onnxruntime_output: false
  eval_adv_example: false
  onnx_adv_example: false
  show_adv_example: false
  precompile_jit: true
  reset_seed_after_precompile: false
  prepare_only: false
  complete_verifier: bab
  enable_incomplete_verification: true
  csv_name: instances.csv
  results_file: /data1/Kane/ACT/audit_results/abcrown25_supplemental_20260526/cersyve/0007__pendulum_finetune_con__prop_pendulum.result
  root_path: ../../vnncomp2025_benchmarks/benchmarks/cersyve
  deterministic_opt: false
  graph_optimizer: 'Customized("custom_graph_optimizer", "default_optimizer")'
  buffer_has_batchdim: false
  save_output: false
  output_file: out.pkl
  return_optimized_model: false
  store_all_specs_on_cpu: false
  adhoc_tuning: null
model:
  name: null
  path: null
  onnx_path: /data1/Kane/data/vnncomp2025_benchmarks/benchmarks/cersyve/onnx/pendulum_finetune_con.onnx
  onnx_path_prefix: ''
  cache_onnx_conversion: false
  debug_onnx: false
  onnx_quirks: null
  input_shape: null
  onnx_loader: default_onnx_and_vnnlib_loader
  onnx_optimization_flags: []
  onnx_vnnlib_joint_optimization_flags: none
  check_optimized: false
  flatten_final_output: false
  optimize_graph: null
  with_jacobian: false
data:
  start: 0
  end: 10000
  select_instance: null
  num_outputs: 10
  mean: 0.0
  std: 1.0
  pkl_path: null
  dataset: null
  data_filter_path: null
  data_idx_file: null
specification:
  type: lp
  robustness_type: verified-acc
  norm: .inf
  epsilon: null
  epsilon_min: 0.0
  vnnlib_path: /data1/Kane/data/vnncomp2025_benchmarks/benchmarks/cersyve/vnnlib/prop_pendulum.vnnlib
  vnnlib_path_prefix: ''
  shrink_eps: null
  rhs_offset: null
solver:
  batch_size: 500000
  auto_enlarge_batch_size: false
  batched_crown_auto_enlarge_max_vram_ratio: 0.9
  min_batch_size_ratio: 0.1
  use_float64_in_last_iteration: false
  early_stop_patience: 10
  start_save_best: 0.5
  bound_prop_method: crown
  init_bound_prop_method: same
  prune_after_crown: true
  optimize_disjuncts_separately: false
  build_batch_size: 1000000
  skip_with_refined_bound: true
  forward_before_compute_bounds: false
  crown:
    batch_size: 1000000000
    max_crown_size: 1000000000
    activation_bound_option: adaptive
    compare_crown_with_ibp: false
  alpha-crown:
    alpha: true
    lr_alpha: 0.1
    iteration: 100
    share_alphas: false
    lr_decay: 0.98
    full_conv_alpha: true
    max_coeff_mul: .inf
    matmul_share_alphas: false
    disable_optimization: []
    max_time: 1.0
    alpha_dtype: float16
  invprop:
    apply_output_constraints_to: []
    tighten_input_bounds: false
    best_of_oc_and_no_oc: false
    directly_optimize: []
    oc_lr: 0.1
    share_gammas: false
  beta-crown:
    lr_alpha: 0.01
    lr_beta: 0.05
    lr_decay: 0.98
    optimizer: adam
    iteration: 50
    beta: true
    beta_warmup: true
    enable_opt_interm_bounds: false
    all_node_split_LP: false
  forward:
    refine: false
    max_dim: 10000
    reset_threshold: 1.0
  intermediate_refinement:
    enabled: false
    batch_size: 10
    opt_coeffs: false
    opt_bias: false
    lr: 0.05
    layers: [-1]
    max_domains: 1000
  mip:
    unstable_neuron_threshold: 0
    parallel_solvers: null
    solver_threads: 1
    refine_neuron_timeout: 15
    refine_neuron_time_percentage: 0.8
    early_stop: true
    adv_warmup: true
    mip_solver: gurobi
    skip_unsafe: false
    topk_filter: 1.0
    sliding_window: -1
    extra_constraint: false
    refine_neuron_timeout_increasement: 0
    timeout_neuron_percentage: 0.3
    remaining_timeout_threshold: 1
    remove_unstable_neurons: false
    lp_solver: false
bab:
  max_domains: .inf
  decision_thresh: 0
  timeout: 100.0
  timeout_scale: 1
  max_iterations: -1
  override_timeout: null
  get_upper_bound: false
  pruning_in_iteration: true
  pruning_in_iteration_ratio: 0.2
  sort_targets: false
  batched_domain_list: true
  optimized_interm: ''
  interm_transfer: true
  recompute_interm: false
  sort_domain_interval: -1
  vanilla_crown: false
  tree_traversal: depth_first
  hugetensor_allocator: true
  cut:
    enabled: false
    cuts_path: null
    implication: false
    bab_cut: false
    lp_cut: false
    method: null
    lr: 0.01
    lr_decay: 1.0
    iteration: 100
    bab_iteration: -1
    early_stop_patience: -1
    lr_beta: 0.02
    number_cuts: 50
    topk_cuts_in_filter: 1000
    batch_size_primal: 100
    max_num: 1000000000
    patches_cut: false
    cplex_cuts: false
    cplex_cuts_wait: 0
    cplex_cuts_revpickup: true
    cut_reference_bounds: true
    fix_intermediate_bounds: false
    _tmp_cuts: null
    fixed_cuts: false
    add_implied_cuts: false
    add_input_cuts: false
    biccos:
      enabled: false
      constraint_strengthening: true
      recursively_strengthening: false
      drop_ratio: 0.5
      verified_bonus: 0.3
      max_infer_iter: 20
      max_domain: 10000.0
      heuristic: neuron_influence_score
      save_biccos_cuts: false
      multi_tree_branching:
        enabled: false
        restore_best_tree: false
        keep_n_best_domains: 1
        k_splits: 1
        iterations: 1
  clip_n_verify:
    rearrange_constraints: false
    alpha_crown: false
    prune: false
    final_layer: false
    clip_input_domain:
      enabled: true
      clip_type: complete
      heuristic_K: 0.0
      clip_iterations: 1
      clip_calculate_volume_metrics: false
    clip_interm_domain:
      enabled: false
      with_input: false
      clip_in_alpha_crown: false
      topk_objective: 0
  branching:
    method: sb
    candidates: 3
    reduceop: min
    enable_intermediate_bound_opt: false
    branching_input_and_activation: false
    branching_input_and_activation_order: [input, relu]
    branching_input_iterations: 30
    branching_relu_iterations: 50
    nonlinear_split:
      method: bbps
      disable: false
      branching_point_method: uniform
      num_branches: 2
      filter: false
      filter_beta: false
      filter_clamp: false
      filter_batch_size: 10000
      filter_iterations: 25
      relu_only: false
      loose_tanh_threshold: null
      branching_point:
        db_path: branching_points.pt
        num_iterations: 1000
        batch_size: 1000000
        range_l: -5.0
        range_u: 5.0
        log_interval: 100
        step_size_1d: 0.01
        step_size: 0.2
    input_split:
      split_hint: null
      enable: true
      reorder_bab: true
      input_dim_threshold: 20
      adv_check: -1
      split_partitions: 2
      sb_margin_weight: 1.0
      sb_sum: true
      sb_primary_spec: null
      bf_backup_thresh: -1
      bf_rhs_offset: 0
      bf_iters: 1000000000.0
      bf_batch_size: 100000
      bf_zero_crossing_score: false
      touch_zero_score: 0.1
      ibp_enhancement: true
      compare_with_old_bounds: true
      update_rhs_with_attack: false
      sb_coeff_thresh: 0.01
      sort_index: null
      sort_descending: true
      show_progress: false
      presplit_domains: null
      skip_getting_worst_domain: false
  attack:
    enabled: false
    beam_candidates: 8
    beam_depth: 7
    max_dive_fix_ratio: 0.8
    min_local_free_ratio: 0.2
    mip_start_iteration: 5
    mip_timeout: 30.0
    adv_pool_threshold: null
    refined_mip_attacker: false
    refined_batch_size: null
attack:
  general_attack: true
  pgd_order: skip
  pgd_steps: 100
  pgd_restarts: 10000
  pgd_batch_size: 100000000
  pgd_early_stop: true
  pgd_lr_decay: 0.99
  pgd_alpha: 0.01
  pgd_alpha_scale: true
  pgd_loss_mode: null
  pgd_restart_when_stuck: false
  enable_mip_attack: false
  adv_saver: default_adv_saver
  adv_verifier: default_adv_verifier
  early_stop_condition: default_early_stop_condition
  adv_example_finalizer: default_adv_example_finalizer
  pgd_loss: default_pgd_loss
  cex_path: ./test_cex.txt
  attack_mode: PGD
  attack_tolerance: 0.0
  attack_func: attack_with_general_specs
  gama_lambda: 10.0
  gama_decay: 0.9
  input_split:
    pgd_steps: 100
    pgd_restarts: 30
    pgd_alpha: auto
  input_split_check_adv:
    enabled: auto
    pgd_steps: 5
    pgd_restarts: 5
    pgd_alpha: auto
    max_num_domains: 10
debug:
  view_model: false
  lp_test: null
  rescale_vnnlib_ptb: null
  test_optimized_bounds: false
  test_optimized_bounds_after_n_iterations: 0
  print_verbose_decisions: false
  sanity_check: null
  save_minimal_config: null
  save_minimal_config_omit_keys: []
/data1/Kane/miniconda3/envs/abcrown25/lib/python3.11/site-packages/onnx2pytorch/convert/model.py:151: UserWarning: Using experimental implementation that allows 'batch_size > 1'.Batchnorm layers could potentially produce false outputs.
  warnings.warn(
/data1/Kane/miniconda3/envs/abcrown25/lib/python3.11/site-packages/onnx2pytorch/utils.py:21: TracerWarning: Converting a tensor to a Python boolean might cause the trace to be incorrect. We can't record the data flow of Python values, so this value will be treated as a constant in the future. This means that the trace might not generalize to other inputs!
  return value.ndim == 0 or value.shape == torch.Size([1])
/data1/Kane/miniconda3/envs/abcrown25/lib/python3.11/site-packages/onnx2pytorch/operations/add.py:34: TracerWarning: Converting a tensor to a Python boolean might cause the trace to be incorrect. We can't record the data flow of Python values, so this value will be treated as a constant in the future. This means that the trace might not generalize to other inputs!
  elif all(x == 1 for x in input[0].shape):

Experiments at Tue May 26 09:52:58 2026 on dell-pro-max-tower-t2
Pre-compile jit kernels on a toy network...
JIT kernels compiled in 0.9811s.
Internal results will be saved to /data1/Kane/ACT/audit_results/abcrown25_supplemental_20260526/cersyve/0007__pendulum_finetune_con__prop_pendulum.result.

 %%%%%%%%%%%%%%%%%%%%%%%%%%%%%%%%%%% idx: 0, vnnlib ID: 0 %%%%%%%%%%%%%%%%%%%%%%%%%%%%%%%%%%%
Using onnx /data1/Kane/data/vnncomp2025_benchmarks/benchmarks/cersyve/onnx/pendulum_finetune_con.onnx
Using vnnlib /data1/Kane/data/vnncomp2025_benchmarks/benchmarks/cersyve/vnnlib/prop_pendulum.vnnlib
Precompiled vnnlib file found at /data1/Kane/data/vnncomp2025_benchmarks/benchmarks/cersyve/vnnlib/prop_pendulum.vnnlib.compiled
Loading onnx /data1/Kane/data/vnncomp2025_benchmarks/benchmarks/cersyve/onnx/pendulum_finetune_con.onnx with quirks {}
Finished onnx model loading in 0.0049 seconds
Finished vnnlib processing in 0.044465 seconds
Model: BoundedModule(
  (/0): BoundInput(name=/0, inputs=[], perturbed=True)
  (/17): BoundParams(name=/17, inputs=[], perturbed=False)
  (/18): BoundParams(name=/18, inputs=[], perturbed=False)
  (/19): BoundParams(name=/19, inputs=[], perturbed=False)
  (/20): BoundParams(name=/20, inputs=[], perturbed=False)
  (/21): BoundParams(name=/21, inputs=[], perturbed=False)
  (/22): BoundParams(name=/22, inputs=[], perturbed=False)
  (/23): BoundParams(name=/23, inputs=[], perturbed=False)
  (/24): BoundParams(name=/24, inputs=[], perturbed=False)
  (/25): BoundParams(name=/25, inputs=[], perturbed=False)
  (/26): BoundParams(name=/26, inputs=[], perturbed=False)
  (/27): BoundParams(name=/27, inputs=[], perturbed=False)
  (/28): BoundParams(name=/28, inputs=[], perturbed=False)
  (/29): BoundParams(name=/29, inputs=[], perturbed=False)
  (/30): BoundParams(name=/30, inputs=[], perturbed=False)
  (/31): BoundParams(name=/31, inputs=[], perturbed=False)
  (/32): BoundParams(name=/32, inputs=[], perturbed=False)
  (/input): BoundLinear(name=/input, inputs=[/0, /17, /18], perturbed=True)
  (/34): BoundRelu(name=/34, inputs=[/input], perturbed=True)
  (/input-3): BoundLinear(name=/input-3, inputs=[/34, /19, /20], perturbed=True)
  (/36): BoundRelu(name=/36, inputs=[/input-3], perturbed=True)
  (/37): BoundLinear(name=/37, inputs=[/36, /21, /22], perturbed=True)
  (/38): BoundLinear(name=/38, inputs=[/37, /23, /24], perturbed=True)
  (/39): BoundLinear(name=/39, inputs=[/0, /25, /26], perturbed=True)
  (/input-7): BoundLinear(name=/input-7, inputs=[/39, /27, /28], perturbed=True)
  (/41): BoundRelu(name=/41, inputs=[/input-7], perturbed=True)
  (/42): BoundLinear(name=/42, inputs=[/39, /29, /30], perturbed=True)
  (/43): BoundAdd(name=/43, inputs=[/41, /42], perturbed=True)
  (/44): BoundLinear(name=/44, inputs=[/43, /31, /32], perturbed=True)
  (/45): BoundAdd(name=/45, inputs=[/38, /44], perturbed=True)
)
Original output in the first batch: tensor([[-0.49049455, -0.52359879]], device='cuda:0')
build batch [1/1]
initial crown bounds (first 10 items): [-2.1141490936279297, -0.2617993950843811]
Global lower bound: -2.1141490936279297
0 / 1 OR specs are verified.
Verified OR indices (first 10 items): []
Verified OR lbs (first 10 items): []
Unverified OR indices (first 10 items): [0]
Unverified OR lbs (first 10 items): [[-2.1141490936279297, -0.2617993950843811]]
###### Verifying property Instance 0 ######
Batch size: 1
First 10 spec matrices
C: tensor([[[ 1.,  0.],
         [ 0., -1.]]], device='cuda:0')
RHS: tensor([[0., -0.]], device='cuda:0')
OR spec sizes: tensor([2], device='cuda:0', dtype=torch.int32)
Remaining timeout: 99.76117491722107
Model prediction is: tensor([-0.49049455, -0.52359879], device='cuda:0')
Domain clipping (1 iterations): shrunken 0/4 (0.00%), Of 4 batches, 0 were verified before clipping, 0 domains were shrunken, and 0 were shrunken and additionally verified.
Iteration 1
Current pickout batch: 4
All the added constraints fully cover the input space. No need to apply constraints .
All the added constraints fully cover the input space. No need to apply constraints .
Worst bound: tensor([-1.02919054, -0.26179940], device='cuda:0')
Domain clipping (1 iterations): shrunken 8/8 (100.00%), Of 16 batches, 8 were verified before clipping, 8 domains were shrunken, and 0 were shrunken and additionally verified.
Time: pickout 0.0002    init 0.0001    concretize 0.0001    bounding 0.0599    filtering 0.0001    decision 0.0002    split 0.0006    clip 0.0005    add_domain 0.0003    summary 0.0002    
Accumulated time: pickout 0.0002    bounding 0.0599    init 0.0003    concretize 0.0003    filtering 0.0001    decision 0.0002    split 0.0006    clip 0.0005    add_domain 0.0003    summary 0.0002    
Length of domains: 8
5 domains visited
Current (lb-rhs): tensor([[-0.84449095, -0.26179940]], device='cuda:0')
/data1/Kane/alpha-beta-CROWN_vnncomp2025/complete_verifier/auto_LiRPA/concretize_func.py:577: UserWarning: torch.searchsorted(): input value tensor is non-contiguous, this will lower the performance due to extra data copy when converting non-contiguous tensor to contiguous, please use contiguous input value tensor if possible. This message will only appear once per program. (Triggered internally at /pytorch/aten/src/ATen/native/BucketizationUtils.h:32.)
  optimal_beta = _solve_dual_var(constr_a_solve, object_a_solve, constr_d_solve, epsilon_solve) # shape (B_act, H_act)
Cumulative time: 0.11467933654785156

Iteration 2
Current pickout batch: 8
Worst bound: tensor([-0.18162757, -0.26179934], device='cuda:0')
Domain clipping (1 iterations): shrunken 10/11 (90.91%), Of 24 batches, 13 were verified before clipping, 10 domains were shrunken, and 0 were shrunken and additionally verified.
Time: pickout 0.0002    init 0.0001    concretize 0.0005    bounding 0.0814    filtering 0.0002    decision 0.0001    split 0.0006    clip 0.0005    add_domain 0.0002    summary 0.0001    
Accumulated time: pickout 0.0003    bounding 0.1413    init 0.0008    concretize 0.0608    filtering 0.0002    decision 0.0003    split 0.0012    clip 0.0010    add_domain 0.0005    summary 0.0003    
Length of domains: 11
13 domains visited
Current (lb-rhs): tensor([[-0.18162757, -0.26179934]], device='cuda:0')
Cumulative time: 0.19824624061584473

Iteration 3
Current pickout batch: 11
Worst bound: tensor([-0.14051110, -0.13089967], device='cuda:0')
Domain clipping (1 iterations): shrunken 3/4 (75.00%), Of 8 batches, 4 were verified before clipping, 3 domains were shrunken, and 0 were shrunken and additionally verified.
Time: pickout 0.0001    init 0.0001    concretize 0.0005    bounding 0.0083    filtering 0.0001    decision 0.0001    split 0.0006    clip 0.0005    add_domain 0.0002    summary 0.0001    
Accumulated time: pickout 0.0005    bounding 0.1496    init 0.0011    concretize 0.0623    filtering 0.0003    decision 0.0004    split 0.0018    clip 0.0014    add_domain 0.0007    summary 0.0004    
Length of domains: 4
24 domains visited
Current (lb-rhs): tensor([[-0.14051110, -0.13089967]], device='cuda:0')
Cumulative time: 0.2086811065673828

Iteration 4
Current pickout batch: 4
Worst bound: tensor([-0.06777126, -0.06544983], device='cuda:0')
Domain clipping (1 iterations): shrunken 2/2 (100.00%), Of 4 batches, 2 were verified before clipping, 2 domains were shrunken, and 0 were shrunken and additionally verified.
Time: pickout 0.0001    init 0.0001    concretize 0.0005    bounding 0.0082    filtering 0.0001    decision 0.0001    split 0.0006    clip 0.0004    add_domain 0.0002    summary 0.0001    
Accumulated time: pickout 0.0006    bounding 0.1578    init 0.0015    concretize 0.0639    filtering 0.0005    decision 0.0005    split 0.0023    clip 0.0019    add_domain 0.0010    summary 0.0005    
Length of domains: 2
28 domains visited
Current (lb-rhs): tensor([[-0.06777126, -0.06544983]], device='cuda:0')
Cumulative time: 0.2189784049987793

Iteration 5
Current pickout batch: 2
Worst bound: tensor([ 0.00372297, -0.03272486], device='cuda:0')
No domains left, verification finished!
Time: pickout 0.0001    init 0.0001    concretize 0.0005    bounding 0.0080    filtering 0.0001    decision 0.0001    split 0.0006    clip 0.0004    add_domain 0.0002    summary 0.0000    
Accumulated time: pickout 0.0008    bounding 0.1659    init 0.0018    concretize 0.0654    filtering 0.0005    decision 0.0005    split 0.0023    clip 0.0019    add_domain 0.0010    summary 0.0005    
Length of domains: 0
30 domains visited
Cumulative time: 0.22735166549682617

Result: unsat
Time: 0.4674968719482422

------------------------- COMMAND ------------------------------
/data1/Kane/miniconda3/envs/abcrown25/bin/python /data1/Kane/alpha-beta-CROWN_vnncomp2025/complete_verifier/abcrown.py --config /data1/Kane/alpha-beta-CROWN_vnncomp2025/complete_verifier/exp_configs/vnncomp25/cersyve.yaml --precompile_jit --onnx_path /data1/Kane/data/vnncomp2025_benchmarks/benchmarks/cersyve/onnx/pendulum_finetune_con.onnx --vnnlib_path /data1/Kane/data/vnncomp2025_benchmarks/benchmarks/cersyve/vnnlib/prop_pendulum.vnnlib --results_file /data1/Kane/ACT/audit_results/abcrown25_supplemental_20260526/cersyve/0007__pendulum_finetune_con__prop_pendulum.result --timeout 100.0 --save_adv_example --pgd_order=skip
----------------------------------------------------------------

