INFO:act.front_end.vnnlib_loader.data_model_loader:Loading VNNLIB instance: dist_shift_2023/./onnx/mnist_concat.onnx
INFO:act.front_end.vnnlib_loader.data_model_loader:[1/3] Converting ONNX model to PyTorch...
INFO:act.front_end.vnnlib_loader.onnx_converter:Loading ONNX model from /data1/Kane/data/vnncomp2025_benchmarks/benchmarks/dist_shift_2023/onnx/mnist_concat.onnx
INFO:act.front_end.vnnlib_loader.onnx_converter:Converting ONNX to PyTorch (simplify-first; raw fallback)
INFO:act.front_end.vnnlib_loader.onnx_converter:Upgrading ONNX opset 11 → 13
INFO:act.front_end.vnnlib_loader.onnx_converter:Simplifying ONNX model
INFO:act.front_end.vnnlib_loader.onnx_converter:Converted model to device=cuda:0, dtype=torch.float64
INFO:act.front_end.vnnlib_loader.onnx_converter:Successfully converted ONNX model: mnist_concat.onnx
INFO:act.front_end.vnnlib_loader.data_model_loader:  ✓ Model converted successfully
INFO:act.front_end.vnnlib_loader.data_model_loader:[2/3] Extracting input shape...
INFO:act.front_end.vnnlib_loader.onnx_converter:Extracted input shape: [1, 792]
INFO:act.front_end.vnnlib_loader.data_model_loader:  ✓ Input shape: (1, 792)
INFO:act.front_end.vnnlib_loader.data_model_loader:[3/3] Parsing VNNLIB specification...
INFO:act.front_end.vnnlib_loader.vnnlib_parser:Parsed VNNLIB: 792 inputs, 10 outputs, type=unknown
INFO:act.front_end.vnnlib_loader.data_model_loader:  ✓ Parsed VNNLIB: 792 inputs, 10 outputs
INFO:act.front_end.vnnlib_loader.data_model_loader:Successfully loaded VNNLIB instance from 'dist_shift_2023'
INFO:act.front_end.vnnlib_loader.vnnlib_parser:Parsed index7116_delta0.13.vnnlib: 1 query(ies)
[ACT] Using existing Gurobi license: modules/gurobi/gurobi.lic
✅ Device Manager Initialized: device=cuda:0, dtype=torch.float64

================================================================================
ACT: Abstract Constraint Transformer
Inference-based whitebox fuzzing for neural network verification
================================================================================


================================================================================
VERIFICATION TEST: VNNLIB → VerifiableModel → verify_once
================================================================================

[vnnlib] category=dist_shift_2023 max_instances=1 mode=hybridz (full TOP1_ROBUST via labeled_tensor collapse; device=cuda, timeout=120.0s)
[ANALYZE-PROGRESS] L0 INPUT lb_shape=(1, 792)
[ANALYZE-PROGRESS] L1 INPUT_SPEC lb_shape=(1, 792)
[ANALYZE-PROGRESS] L2 DENSE lb_shape=(1, 200)
[ANALYZE-PROGRESS] L3 RELU lb_shape=(1, 200)
[ANALYZE-PROGRESS] L4 DENSE lb_shape=(1, 784)
[ANALYZE-PROGRESS] L5 SIGMOID lb_shape=(1, 784)
[ANALYZE-PROGRESS] L6 DENSE lb_shape=(1, 32)
[ANALYZE-PROGRESS] L7 RELU lb_shape=(1, 32)
[ANALYZE-PROGRESS] L8 DENSE lb_shape=(1, 32)
[ANALYZE-PROGRESS] L9 RELU lb_shape=(1, 32)
[ANALYZE-PROGRESS] L10 DENSE lb_shape=(1, 10)
[ANALYZE-PROGRESS] L11 ASSERT lb_shape=(1, 10)
[HZ-PROGRESS] analyze done globalC=18
[HZ-PROGRESS] validate_constraints done
[HZ-PROGRESS] slice done globalC_b1=18
[HZ-PROGRESS] consume_cons start layers=12 inputs=792 outputs=10
[HZ-PROGRESS] input_hz dim=792 ng=8 nb=0 nc=0
[HZ-PROGRESS] prescan conv=0 relu=3 out_dim=10
[HZ-PROGRESS] start L2 DENSE in=dim=792 ng=8 nb=0 nc=0
[HZ-PROGRESS] L2 DENSE -> dim=200 ng=8 nb=0 nc=0
[HZ-PROGRESS] start L3 RELU in=dim=200 ng=8 nb=0 nc=0
[HZ-PROGRESS] L3 RELU -> dim=200 ng=13 nb=5 nc=30
[HZ-PROGRESS] start L4 DENSE in=dim=200 ng=13 nb=5 nc=30
[HZ-PROGRESS] L4 DENSE -> dim=784 ng=13 nb=5 nc=30
[HZ-PROGRESS] start L5 SIGMOID in=dim=784 ng=13 nb=5 nc=30
[HZ-PROGRESS] L5 SIGMOID -> dim=784 ng=6000 nb=1573 nc=15740
[HZ-PROGRESS] start L6 DENSE in=dim=784 ng=6000 nb=1573 nc=15740
[HZ-PROGRESS] L6 DENSE -> dim=32 ng=6000 nb=1573 nc=15740
[HZ-PROGRESS] start L7 RELU in=dim=32 ng=6000 nb=1573 nc=15740
[HZ-PROGRESS] L7 RELU -> dim=32 ng=5248 nb=1605 nc=11729
[HZ-PROGRESS] start L8 DENSE in=dim=32 ng=5248 nb=1605 nc=11729
[HZ-PROGRESS] L8 DENSE -> dim=32 ng=5248 nb=1605 nc=11729
[HZ-PROGRESS] start L9 RELU in=dim=32 ng=5248 nb=1605 nc=11729
[HZ-PROGRESS] L9 RELU -> dim=32 ng=5280 nb=1637 nc=11985
[HZ-PROGRESS] start L10 DENSE in=dim=32 ng=5280 nb=1637 nc=11985
[HZ-PROGRESS] L10 DENSE -> dim=10 ng=5280 nb=1637 nc=11985
  [  1/1] dist_shift_2023/./onnx/mnist_concat.onnx@./vnnlib/index7116_delta0.13.vnnlib: CERTIFIED (6.8s)  V=1 A=0 U=0 E=0  R=0

[vnnlib/hybridz] FINAL — total=1 wall=0.1 min
  CERTIFIED    1
  [structured] per-instance log → /data1/Kane/ACT/audit_results/dist_shift_sigmoid_cap_pilot_20260529T120130Z/per_instance_dist_shift_2023_20260529T120212179960Z.json

================================================================================
VERIFICATION TEST SUMMARY
================================================================================
  ✅ vnnlib                    PASSED
================================================================================

