INFO:act.front_end.vnnlib_loader.data_model_loader:Loading VNNLIB instance: nn4sys/onnx/lindex.onnx
INFO:act.front_end.vnnlib_loader.data_model_loader:[1/3] Converting ONNX model to PyTorch...
INFO:act.front_end.vnnlib_loader.onnx_converter:Loading ONNX model from /data1/Kane/data/vnncomp2025_benchmarks/benchmarks/nn4sys/onnx/lindex.onnx
INFO:act.front_end.vnnlib_loader.onnx_converter:Upgrading ONNX opset 10 → 13
INFO:act.front_end.vnnlib_loader.onnx_converter:Simplifying ONNX model
INFO:act.front_end.vnnlib_loader.onnx_converter:Converting ONNX to PyTorch
INFO:act.front_end.vnnlib_loader.onnx_converter:Converted model to device=cpu, dtype=torch.float64
INFO:act.front_end.vnnlib_loader.onnx_converter:Successfully converted ONNX model: lindex.onnx
INFO:act.front_end.vnnlib_loader.data_model_loader:  ✓ Model converted successfully
INFO:act.front_end.vnnlib_loader.data_model_loader:[2/3] Extracting input shape...
INFO:act.front_end.vnnlib_loader.onnx_converter:Normalized dynamic batch to 1: (1, 1)
INFO:act.front_end.vnnlib_loader.data_model_loader:  ✓ Input shape: (1, 1)
INFO:act.front_end.vnnlib_loader.data_model_loader:[3/3] Parsing VNNLIB specification...
INFO:act.front_end.vnnlib_loader.vnnlib_parser:Parsed VNNLIB: 1 inputs, 1 outputs, type=safety
INFO:act.front_end.vnnlib_loader.data_model_loader:  ✓ Parsed VNNLIB: 1 inputs, 1 outputs
INFO:act.front_end.vnnlib_loader.data_model_loader:Successfully loaded VNNLIB instance from 'nn4sys'
INFO:act.front_end.vnnlib_loader.vnnlib_parser:Parsed lindex_1.vnnlib: 2 query(ies)
[ACT] Auto-detecting project root: ../ACT
[ACT] Gurobi license found: ../ACT/modules/gurobi/gurobi.lic
✅ Device Manager Initialized: device=cpu, dtype=torch.float64

================================================================================
ACT: Abstract Constraint Transformer
Inference-based whitebox fuzzing for neural network verification
================================================================================


================================================================================
VERIFICATION TEST: VNNLIB → VerifiableModel → verify_once
================================================================================

[vnnlib] category=nn4sys max_instances=24 mode=hybridz (full TOP1_ROBUST via labeled_tensor collapse; device=cpu, timeout=30.0s)
  [  1/24] nn4sys/onnx/lindex.onnx@vnnlib/lindex_1.vnnlib: CERTIFIED (1.2s)  V=1 A=0 U=0 E=0  R=0
INFO:act.front_end.vnnlib_loader.data_model_loader:Loading VNNLIB instance: nn4sys/onnx/lindex_deep.onnx
INFO:act.front_end.vnnlib_loader.data_model_loader:[1/3] Converting ONNX model to PyTorch...
INFO:act.front_end.vnnlib_loader.onnx_converter:Loading ONNX model from /data1/Kane/data/vnncomp2025_benchmarks/benchmarks/nn4sys/onnx/lindex_deep.onnx
INFO:act.front_end.vnnlib_loader.onnx_converter:Upgrading ONNX opset 10 → 13
INFO:act.front_end.vnnlib_loader.onnx_converter:Simplifying ONNX model
INFO:act.front_end.vnnlib_loader.onnx_converter:Converting ONNX to PyTorch
INFO:act.front_end.vnnlib_loader.onnx_converter:Converted model to device=cpu, dtype=torch.float64
INFO:act.front_end.vnnlib_loader.onnx_converter:Successfully converted ONNX model: lindex_deep.onnx
INFO:act.front_end.vnnlib_loader.data_model_loader:  ✓ Model converted successfully
INFO:act.front_end.vnnlib_loader.data_model_loader:[2/3] Extracting input shape...
INFO:act.front_end.vnnlib_loader.onnx_converter:Normalized dynamic batch to 1: (1, 1)
INFO:act.front_end.vnnlib_loader.data_model_loader:  ✓ Input shape: (1, 1)
INFO:act.front_end.vnnlib_loader.data_model_loader:[3/3] Parsing VNNLIB specification...
INFO:act.front_end.vnnlib_loader.vnnlib_parser:Parsed VNNLIB: 1 inputs, 1 outputs, type=safety
INFO:act.front_end.vnnlib_loader.data_model_loader:  ✓ Parsed VNNLIB: 1 inputs, 1 outputs
INFO:act.front_end.vnnlib_loader.data_model_loader:Successfully loaded VNNLIB instance from 'nn4sys'
INFO:act.front_end.vnnlib_loader.vnnlib_parser:Parsed lindex_1.vnnlib: 2 query(ies)
  [  2/24] nn4sys/onnx/lindex_deep.onnx@vnnlib/lindex_1.vnnlib: CERTIFIED (3.4s)  V=2 A=0 U=0 E=0  R=0
INFO:act.front_end.vnnlib_loader.data_model_loader:Loading VNNLIB instance: nn4sys/onnx/lindex.onnx
INFO:act.front_end.vnnlib_loader.data_model_loader:[1/3] Converting ONNX model to PyTorch...
INFO:act.front_end.vnnlib_loader.onnx_converter:Loading ONNX model from /data1/Kane/data/vnncomp2025_benchmarks/benchmarks/nn4sys/onnx/lindex.onnx
INFO:act.front_end.vnnlib_loader.onnx_converter:Upgrading ONNX opset 10 → 13
INFO:act.front_end.vnnlib_loader.onnx_converter:Simplifying ONNX model
INFO:act.front_end.vnnlib_loader.onnx_converter:Converting ONNX to PyTorch
INFO:act.front_end.vnnlib_loader.onnx_converter:Converted model to device=cpu, dtype=torch.float64
INFO:act.front_end.vnnlib_loader.onnx_converter:Successfully converted ONNX model: lindex.onnx
INFO:act.front_end.vnnlib_loader.data_model_loader:  ✓ Model converted successfully
INFO:act.front_end.vnnlib_loader.data_model_loader:[2/3] Extracting input shape...
INFO:act.front_end.vnnlib_loader.onnx_converter:Normalized dynamic batch to 1: (1, 1)
INFO:act.front_end.vnnlib_loader.data_model_loader:  ✓ Input shape: (1, 1)
INFO:act.front_end.vnnlib_loader.data_model_loader:[3/3] Parsing VNNLIB specification...
INFO:act.front_end.vnnlib_loader.vnnlib_parser:Parsed VNNLIB: 1 inputs, 1 outputs, type=safety
INFO:act.front_end.vnnlib_loader.data_model_loader:  ✓ Parsed VNNLIB: 1 inputs, 1 outputs
INFO:act.front_end.vnnlib_loader.data_model_loader:Successfully loaded VNNLIB instance from 'nn4sys'
INFO:act.front_end.vnnlib_loader.vnnlib_parser:Parsed lindex_200.vnnlib: 400 query(ies)
